Build started 3/11/2026 1:40:16 PM.
Logging verbosity is set to: Detailed.     0>Process = "C:\Program Files\dotnet\dotnet.exe"
       MSBuild executable path = "C:\Program Files\dotnet\sdk\10.0.103\MSBuild.dll"
       Command line arguments = "C:\Program Files\dotnet\sdk\10.0.103\MSBuild.dll -maxcpucount --verbosity:m -tlp:default=auto --property:NuGetInteractive=true --restoreProperty:NuGetInteractive=true --restoreProperty:EnableDefaultCompileItems=false --restoreProperty:EnableDefaultEmbeddedResourceItems=false --restoreProperty:EnableDefaultNoneItems=false c:\Apps\TicketConsolidator\TicketConsolidator.sln /fl /flp:logfile=c:\Apps\TicketConsolidator\build_errors.txt -consoleloggerparameters:Summary -restore -distributedlogger:Microsoft.DotNet.Cli.Commands.MSBuild.MSBuildLogger,C:\Program Files\dotnet\sdk\10.0.103\dotnet.dll*Microsoft.DotNet.Cli.Commands.MSBuild.MSBuildForwardingLogger,C:\Program Files\dotnet\sdk\10.0.103\dotnet.dll -nologo"
       Current directory = "C:\Apps\TicketConsolidator"
       MSBuild version = "18.0.11+c2435c3e0"
       Based on the Windows registry key LongPathsEnabled, the LongPaths feature is disabled.
       Based on the Windows registry key VerifiedAndReputablePolicyState, SAC state = 0: turned off.
       c:\Apps\TicketConsolidator\TicketConsolidator.sln.metaproj : message : Property 'MSBuildExtensionsPath' with value 'C:\Program Files\dotnet\sdk\10.0.103\' expanded from the environment.
       Assembly loaded during Evaluation: System.Threading.Tasks.Parallel, Version=10.0.0.0, Culture=neutral, PublicKeyToken=b03f5f7f11d50a3a (location: C:\Program Files\dotnet\shared\Microsoft.NETCore.App\10.0.3\System.Threading.Tasks.Parallel.dll, MVID: 484bafc2-9f0e-4e62-8af6-e65d5cd71f84, AssemblyLoadContext: Default)
       The "NuGetInteractive" property is a global property, and cannot be modified.
       C:\Program Files\dotnet\sdk\10.0.103\NuGet.targets(123,5): message : Property reassignment: $(_GenerateRestoreGraphProjectEntryInputProperties)="
       C:\Program Files\dotnet\sdk\10.0.103\NuGet.targets(123,5): message :       ExcludeRestorePackageImports=true;
       C:\Program Files\dotnet\sdk\10.0.103\NuGet.targets(123,5): message :       _RestoreSolutionFileUsed=true;
       C:\Program Files\dotnet\sdk\10.0.103\NuGet.targets(123,5): message :       SolutionDir=c:\Apps\TicketConsolidator\;
       C:\Program Files\dotnet\sdk\10.0.103\NuGet.targets(123,5): message :       SolutionName=TicketConsolidator;
       C:\Program Files\dotnet\sdk\10.0.103\NuGet.targets(123,5): message :       SolutionFileName=TicketConsolidator.sln;
       C:\Program Files\dotnet\sdk\10.0.103\NuGet.targets(123,5): message :       SolutionPath=c:\Apps\TicketConsolidator\TicketConsolidator.sln;
       C:\Program Files\dotnet\sdk\10.0.103\NuGet.targets(123,5): message :       SolutionExt=.sln;
       C:\Program Files\dotnet\sdk\10.0.103\NuGet.targets(123,5): message :     " (previous value: "ExcludeRestorePackageImports=true") at C:\Program Files\dotnet\sdk\10.0.103\NuGet.targets (123,5)
       Assembly loaded during Evaluation: System.Numerics.Vectors, Version=10.0.0.0, Culture=neutral, PublicKeyToken=b03f5f7f11d50a3a (location: C:\Program Files\dotnet\shared\Microsoft.NETCore.App\10.0.3\System.Numerics.Vectors.dll, MVID: 3d158169-bc2f-4392-9d0b-516beb58158f, AssemblyLoadContext: Default)
       Overriding target "Restore" in project "c:\Apps\TicketConsolidator\TicketConsolidator.sln.metaproj" with target "Restore" from project "C:\Program Files\dotnet\sdk\10.0.103\NuGet.targets".
       The target "_MTPBuild" listed in a BeforeTargets attribute at "C:\Program Files\dotnet\sdk\10.0.103\Current\SolutionFile\ImportAfter\Microsoft.NET.Sdk.Solution.targets (24,11)" does not exist in the project, and will be ignored.
       The target "Store" listed in a BeforeTargets attribute at "C:\Program Files\dotnet\sdk\10.0.103\Current\SolutionFile\ImportAfter\Microsoft.NET.Sdk.Solution.targets (33,11)" does not exist in the project, and will be ignored.
       The target "VSTest" listed in a BeforeTargets attribute at "C:\Program Files\dotnet\sdk\10.0.103\Current\SolutionFile\ImportAfter\Microsoft.NET.Sdk.Solution.targets (33,11)" does not exist in the project, and will be ignored.
       The target "_MTPBuild" listed in a BeforeTargets attribute at "C:\Program Files\dotnet\sdk\10.0.103\Current\SolutionFile\ImportAfter\Microsoft.NET.Sdk.Solution.targets (33,11)" does not exist in the project, and will be ignored.
       The target "_CheckForInvalidConfigurationAndPlatform" listed in a BeforeTargets attribute at "C:\Program Files\dotnet\sdk\10.0.103\NuGet.targets (703,11)" does not exist in the project, and will be ignored.
     1>Project "c:\Apps\TicketConsolidator\TicketConsolidator.sln" on node 1 (Restore target(s)).
     1>Target "ValidateSolutionConfiguration" in file "c:\Apps\TicketConsolidator\TicketConsolidator.sln.metaproj" from project "c:\Apps\TicketConsolidator\TicketConsolidator.sln" (entry point):
     1>Using "Message" task from assembly "Microsoft.Build.Tasks.Core, Version=15.1.0.0, Culture=neutral, PublicKeyToken=b03f5f7f11d50a3a".
       Task "Message"
         Building solution configuration "Debug|Any CPU".
       Done executing task "Message".
     1>Done building target "ValidateSolutionConfiguration" in project "TicketConsolidator.sln".
     1>Target "ValidateToolsVersions" in file "c:\Apps\TicketConsolidator\TicketConsolidator.sln.metaproj" from project "c:\Apps\TicketConsolidator\TicketConsolidator.sln" (entry point):
     1>Done building target "ValidateToolsVersions" in project "TicketConsolidator.sln".
     1>Target "ValidateProjects" in file "c:\Apps\TicketConsolidator\TicketConsolidator.sln.metaproj" from project "c:\Apps\TicketConsolidator\TicketConsolidator.sln" (entry point):
     1>Done building target "ValidateProjects" in project "TicketConsolidator.sln".
     1>Target "_LoadRestoreGraphEntryPoints" in file "C:\Program Files\dotnet\sdk\10.0.103\NuGet.targets" from project "c:\Apps\TicketConsolidator\TicketConsolidator.sln" (target "_FilterRestoreGraphProjectInputItems" depends on it):
       Assembly loaded during TaskRun: NuGet.Build.Tasks, Version=7.0.2.0, Culture=neutral, PublicKeyToken=31bf3856ad364e35 (location: C:\Program Files\dotnet\sdk\10.0.103\NuGet.Build.Tasks.dll, MVID: c55bf910-9abe-4187-805d-dad3881bc30c, AssemblyLoadContext: MSBuild plugin C:\Program Files\dotnet\sdk\10.0.103\NuGet.Build.Tasks.dll)
       Assembly loaded during TaskRun: System.Reflection.Metadata, Version=10.0.0.0, Culture=neutral, PublicKeyToken=b03f5f7f11d50a3a (location: C:\Program Files\dotnet\shared\Microsoft.NETCore.App\10.0.3\System.Reflection.Metadata.dll, MVID: 27047d9b-17f3-4ec1-8143-6797ef25cd28, AssemblyLoadContext: Default)
       Assembly loaded during TaskRun: NuGet.Common, Version=7.0.2.0, Culture=neutral, PublicKeyToken=31bf3856ad364e35 (location: C:\Program Files\dotnet\sdk\10.0.103\NuGet.Common.dll, MVID: 9a75e9a2-ebcf-4c20-863c-86b8d21a910c, AssemblyLoadContext: MSBuild plugin C:\Program Files\dotnet\sdk\10.0.103\NuGet.Build.Tasks.dll)
       Assembly loaded during TaskRun: NuGet.Commands, Version=7.0.2.0, Culture=neutral, PublicKeyToken=31bf3856ad364e35 (location: C:\Program Files\dotnet\sdk\10.0.103\NuGet.Commands.dll, MVID: 678affb3-c99b-4423-9cb9-5b8405af771f, AssemblyLoadContext: MSBuild plugin C:\Program Files\dotnet\sdk\10.0.103\NuGet.Build.Tasks.dll)
       Assembly loaded during TaskRun: NuGet.ProjectModel, Version=7.0.2.0, Culture=neutral, PublicKeyToken=31bf3856ad364e35 (location: C:\Program Files\dotnet\sdk\10.0.103\NuGet.ProjectModel.dll, MVID: 186e02d1-69bd-4fe8-b063-002229001751, AssemblyLoadContext: MSBuild plugin C:\Program Files\dotnet\sdk\10.0.103\NuGet.Build.Tasks.dll)
       Using "GetRestoreSolutionProjectsTask" task from assembly "C:\Program Files\dotnet\sdk\10.0.103\NuGet.Build.Tasks.dll".
       Task "GetRestoreSolutionProjectsTask"
       Done executing task "GetRestoreSolutionProjectsTask".
     1>Done building target "_LoadRestoreGraphEntryPoints" in project "TicketConsolidator.sln".
     1>Target "_FilterRestoreGraphProjectInputItems" in file "C:\Program Files\dotnet\sdk\10.0.103\NuGet.targets" from project "c:\Apps\TicketConsolidator\TicketConsolidator.sln" (target "_GenerateRestoreGraph" depends on it):
       Using "RemoveDuplicates" task from assembly "Microsoft.Build.Tasks.Core, Version=15.1.0.0, Culture=neutral, PublicKeyToken=b03f5f7f11d50a3a".
       Task "RemoveDuplicates"
       Done executing task "RemoveDuplicates".
       Using "MSBuild" task from assembly "Microsoft.Build.Tasks.Core, Version=15.1.0.0, Culture=neutral, PublicKeyToken=b03f5f7f11d50a3a".
       Task "MSBuild"
         Global Properties:
           ExcludeRestorePackageImports=true
           _RestoreSolutionFileUsed=true
           SolutionDir=c:\Apps\TicketConsolidator\
           SolutionName=TicketConsolidator
           SolutionFileName=TicketConsolidator.sln
           SolutionPath=c:\Apps\TicketConsolidator\TicketConsolidator.sln
           SolutionExt=.sln
         Additional Properties for project "c:\Apps\TicketConsolidator\src\TicketConsolidator.Domain\TicketConsolidator.Domain.csproj":
           Configuration=Debug
           Platform=AnyCPU
         Additional Properties for project "c:\Apps\TicketConsolidator\src\TicketConsolidator.Application\TicketConsolidator.Application.csproj":
           Configuration=Debug
           Platform=AnyCPU
         Additional Properties for project "c:\Apps\TicketConsolidator\src\TicketConsolidator.Infrastructure\TicketConsolidator.Infrastructure.csproj":
           Configuration=Debug
           Platform=AnyCPU
         Additional Properties for project "c:\Apps\TicketConsolidator\src\TicketConsolidator.UI\TicketConsolidator.UI.csproj":
           Configuration=Debug
           Platform=AnyCPU
         Additional Properties for project "c:\Apps\TicketConsolidator\tests\TicketConsolidator.UnitTests\TicketConsolidator.UnitTests.csproj":
           Configuration=Debug
           Platform=AnyCPU
         Additional Properties for project "c:\Apps\TicketConsolidator\src\TicketConsolidator.Web\TicketConsolidator.Web.csproj":
           Configuration=Debug
           Platform=AnyCPU
     0>The SDK "Microsoft.NET.Sdk" was successfully resolved by the "DefaultSdkResolver" resolver to location "C:\Program Files\dotnet\sdk\10.0.103\Sdks\Microsoft.NET.Sdk\Sdk" and version "".
       C:\Program Files\dotnet\sdk\10.0.103\Sdks\Microsoft.NET.Sdk\Sdk\Sdk.props(49,11): message : Property 'MSBuildExtensionsPath' with value 'C:\Program Files\dotnet\sdk\10.0.103\' expanded from the environment.
       C:\Program Files\dotnet\sdk\10.0.103\Current\Microsoft.Common.props(60,5): message : Property reassignment: $(MSBuildProjectExtensionsPath)="c:\Apps\TicketConsolidator\src\TicketConsolidator.Domain\obj\" (previous value: "obj\") at C:\Program Files\dotnet\sdk\10.0.103\Current\Microsoft.Common.props (60,5)
       C:\Program Files\dotnet\sdk\10.0.103\Current\Microsoft.Common.props(84,119): message : Property 'MSBuildUserExtensionsPath' with value 'C:\Users\krish.maniar.ATPL-LAP-723\AppData\Local\Microsoft\MSBuild' expanded from the environment.
       The "Configuration" property is a global property, and cannot be modified.
       The "Platform" property is a global property, and cannot be modified.
       The "Configuration" property is a global property, and cannot be modified.
       The "Platform" property is a global property, and cannot be modified.
       C:\Program Files\dotnet\sdk\10.0.103\Sdks\Microsoft.NET.Sdk\targets\Microsoft.NET.Sdk.props(90,5): message : Property reassignment: $(AssemblySearchPaths)="{CandidateAssemblyFiles};{HintPathFromItem}" (previous value: "{CandidateAssemblyFiles}") at C:\Program Files\dotnet\sdk\10.0.103\Sdks\Microsoft.NET.Sdk\targets\Microsoft.NET.Sdk.props (90,5)
       C:\Program Files\dotnet\sdk\10.0.103\Sdks\Microsoft.NET.Sdk\targets\Microsoft.NET.Sdk.props(91,5): message : Property reassignment: $(AssemblySearchPaths)="{CandidateAssemblyFiles};{HintPathFromItem};{TargetFrameworkDirectory}" (previous value: "{CandidateAssemblyFiles};{HintPathFromItem}") at C:\Program Files\dotnet\sdk\10.0.103\Sdks\Microsoft.NET.Sdk\targets\Microsoft.NET.Sdk.props (91,5)
       C:\Program Files\dotnet\sdk\10.0.103\Sdks\Microsoft.NET.Sdk\targets\Microsoft.NET.Sdk.props(92,5): message : Property reassignment: $(AssemblySearchPaths)="{CandidateAssemblyFiles};{HintPathFromItem};{TargetFrameworkDirectory};{RawFileName}" (previous value: "{CandidateAssemblyFiles};{HintPathFromItem};{TargetFrameworkDirectory}") at C:\Program Files\dotnet\sdk\10.0.103\Sdks\Microsoft.NET.Sdk\targets\Microsoft.NET.Sdk.props (92,5)
       The "DefaultSdkResolver" resolver attempted to resolve the SDK "Microsoft.NET.SDK.WorkloadAutoImportPropsLocator".
       Warnings: null
       Errors: MSB4276: The default SDK resolver failed to resolve SDK "Microsoft.NET.SDK.WorkloadAutoImportPropsLocator" because directory "C:\Program Files\dotnet\sdk\10.0.103\Sdks\Microsoft.NET.SDK.WorkloadAutoImportPropsLocator\Sdk" did not exist.
       Assembly loaded during Evaluation: Microsoft.Build.NuGetSdkResolver, Version=7.0.2.0, Culture=neutral, PublicKeyToken=31bf3856ad364e35 (location: C:\Program Files\dotnet\sdk\10.0.103\Microsoft.Build.NuGetSdkResolver.dll, MVID: db6aefef-493b-4de6-a593-ae519e8edd6f, AssemblyLoadContext: MSBuild plugin C:\Program Files\dotnet\sdk\10.0.103\Microsoft.Build.NuGetSdkResolver.dll)
       Assembly loaded during Evaluation: System.IO.Pipes, Version=10.0.0.0, Culture=neutral, PublicKeyToken=b03f5f7f11d50a3a (location: C:\Program Files\dotnet\shared\Microsoft.NETCore.App\10.0.3\System.IO.Pipes.dll, MVID: 42b9a04c-b3b6-4661-804e-483dc520b19f, AssemblyLoadContext: Default)
       Assembly loaded during Evaluation: System.Net.Sockets, Version=10.0.0.0, Culture=neutral, PublicKeyToken=b03f5f7f11d50a3a (location: C:\Program Files\dotnet\shared\Microsoft.NETCore.App\10.0.3\System.Net.Sockets.dll, MVID: d4dae19c-a532-4ae0-916b-3763913739a0, AssemblyLoadContext: Default)
       Assembly loaded during Evaluation: NuGet.Common, Version=7.0.2.0, Culture=neutral, PublicKeyToken=31bf3856ad364e35 (location: C:\Program Files\dotnet\sdk\10.0.103\NuGet.Common.dll, MVID: 9a75e9a2-ebcf-4c20-863c-86b8d21a910c, AssemblyLoadContext: MSBuild plugin C:\Program Files\dotnet\sdk\10.0.103\Microsoft.Build.NuGetSdkResolver.dll)
       Assembly loaded during Evaluation: System.Threading.Overlapped, Version=10.0.0.0, Culture=neutral, PublicKeyToken=b03f5f7f11d50a3a (location: C:\Program Files\dotnet\shared\Microsoft.NETCore.App\10.0.3\System.Threading.Overlapped.dll, MVID: 092ab194-5254-4084-95a8-da161dcea080, AssemblyLoadContext: Default)
       Assembly loaded during Evaluation: System.Security.AccessControl, Version=10.0.0.0, Culture=neutral, PublicKeyToken=b03f5f7f11d50a3a (location: C:\Program Files\dotnet\shared\Microsoft.NETCore.App\10.0.3\System.Security.AccessControl.dll, MVID: d57faabf-f588-4d72-85ec-7817dd50278a, AssemblyLoadContext: Default)
       Assembly loaded during Evaluation: Microsoft.NET.Sdk.WorkloadMSBuildSdkResolver, Version=10.0.103.0, Culture=neutral, PublicKeyToken=31bf3856ad364e35 (location: C:\Program Files\dotnet\sdk\10.0.103\Microsoft.NET.Sdk.WorkloadMSBuildSdkResolver.dll, MVID: 32d497b5-3f90-4858-91ed-bef3ae025be9, AssemblyLoadContext: MSBuild plugin C:\Program Files\dotnet\sdk\10.0.103\Microsoft.NET.Sdk.WorkloadMSBuildSdkResolver.dll)
       Assembly loaded during Evaluation: Microsoft.DotNet.Cli.Utils, Version=10.0.103.0, Culture=neutral, PublicKeyToken=adb9793829ddae60 (location: C:\Program Files\dotnet\sdk\10.0.103\Microsoft.DotNet.Cli.Utils.dll, MVID: 0c51fd09-7ce3-414f-b142-ef79f42ae85b, AssemblyLoadContext: MSBuild plugin C:\Program Files\dotnet\sdk\10.0.103\Microsoft.NET.Sdk.WorkloadMSBuildSdkResolver.dll)
       Assembly loaded during Evaluation: Microsoft.NET.Sdk.WorkloadManifestReader, Version=10.0.103.0, Culture=neutral, PublicKeyToken=adb9793829ddae60 (location: C:\Program Files\dotnet\sdk\10.0.103\Microsoft.NET.Sdk.WorkloadManifestReader.dll, MVID: 4fc5b50b-0d78-444c-9b7f-2f8a62d0eac5, AssemblyLoadContext: MSBuild plugin C:\Program Files\dotnet\sdk\10.0.103\Microsoft.NET.Sdk.WorkloadMSBuildSdkResolver.dll)
       Assembly loaded during Evaluation: Microsoft.Deployment.DotNet.Releases, Version=2.0.0.0, Culture=neutral, PublicKeyToken=31bf3856ad364e35 (location: C:\Program Files\dotnet\sdk\10.0.103\Microsoft.Deployment.DotNet.Releases.dll, MVID: ea43f8b8-b27f-4976-9d85-2b4f42217a94, AssemblyLoadContext: MSBuild plugin C:\Program Files\dotnet\sdk\10.0.103\Microsoft.NET.Sdk.WorkloadMSBuildSdkResolver.dll)
       Reusing node 4 (PID: 31044).
       Reusing node 3 (PID: 15156).
       Reusing node 2 (PID: 7008).
       Reusing node 5 (PID: 29140).
       Reusing node 6 (PID: 35336).
       The SDK "Microsoft.NET.Sdk.Web" was successfully resolved by the "DefaultSdkResolver" resolver to location "C:\Program Files\dotnet\sdk\10.0.103\Sdks\Microsoft.NET.Sdk.Web\Sdk" and version "".
       C:\Program Files\dotnet\sdk\10.0.103\Sdks\Microsoft.NET.Sdk\Sdk\Sdk.props(49,11): message : Property 'MSBuildExtensionsPath' with value 'C:\Program Files\dotnet\sdk\10.0.103\' expanded from the environment.
       C:\Program Files\dotnet\sdk\10.0.103\Sdks\Microsoft.NET.Sdk\Sdk\Sdk.props(49,11): message : Property 'MSBuildExtensionsPath' with value 'C:\Program Files\dotnet\sdk\10.0.103\' expanded from the environment.
       C:\Program Files\dotnet\sdk\10.0.103\Sdks\Microsoft.NET.Sdk\Sdk\Sdk.props(49,11): message : Property 'MSBuildExtensionsPath' with value 'C:\Program Files\dotnet\sdk\10.0.103\' expanded from the environment.
       C:\Program Files\dotnet\sdk\10.0.103\Sdks\Microsoft.NET.Sdk\Sdk\Sdk.props(49,11): message : Property 'MSBuildExtensionsPath' with value 'C:\Program Files\dotnet\sdk\10.0.103\' expanded from the environment.
       C:\Program Files\dotnet\sdk\10.0.103\Current\Microsoft.Common.props(60,5): message : Property reassignment: $(MSBuildProjectExtensionsPath)="c:\Apps\TicketConsolidator\src\TicketConsolidator.Application\obj\" (previous value: "obj\") at C:\Program Files\dotnet\sdk\10.0.103\Current\Microsoft.Common.props (60,5)
       C:\Program Files\dotnet\sdk\10.0.103\Current\Microsoft.Common.props(60,5): message : Property reassignment: $(MSBuildProjectExtensionsPath)="c:\Apps\TicketConsolidator\src\TicketConsolidator.Infrastructure\obj\" (previous value: "obj\") at C:\Program Files\dotnet\sdk\10.0.103\Current\Microsoft.Common.props (60,5)
       C:\Program Files\dotnet\sdk\10.0.103\Current\Microsoft.Common.props(84,119): message : Property 'MSBuildUserExtensionsPath' with value 'C:\Users\krish.maniar.ATPL-LAP-723\AppData\Local\Microsoft\MSBuild' expanded from the environment.
       C:\Program Files\dotnet\sdk\10.0.103\Current\Microsoft.Common.props(60,5): message : Property reassignment: $(MSBuildProjectExtensionsPath)="c:\Apps\TicketConsolidator\src\TicketConsolidator.UI\obj\" (previous value: "obj\") at C:\Program Files\dotnet\sdk\10.0.103\Current\Microsoft.Common.props (60,5)
       C:\Program Files\dotnet\sdk\10.0.103\Current\Microsoft.Common.props(60,5): message : Property reassignment: $(MSBuildProjectExtensionsPath)="c:\Apps\TicketConsolidator\tests\TicketConsolidator.UnitTests\obj\" (previous value: "obj\") at C:\Program Files\dotnet\sdk\10.0.103\Current\Microsoft.Common.props (60,5)
       C:\Program Files\dotnet\sdk\10.0.103\Current\Microsoft.Common.props(84,119): message : Property 'MSBuildUserExtensionsPath' with value 'C:\Users\krish.maniar.ATPL-LAP-723\AppData\Local\Microsoft\MSBuild' expanded from the environment.
       C:\Program Files\dotnet\sdk\10.0.103\Current\Microsoft.Common.props(84,119): message : Property 'MSBuildUserExtensionsPath' with value 'C:\Users\krish.maniar.ATPL-LAP-723\AppData\Local\Microsoft\MSBuild' expanded from the environment.
       The "Configuration" property is a global property, and cannot be modified.
       The "Configuration" property is a global property, and cannot be modified.
       The "Configuration" property is a global property, and cannot be modified.
       The "Platform" property is a global property, and cannot be modified.
       C:\Program Files\dotnet\sdk\10.0.103\Current\Microsoft.Common.props(84,119): message : Property 'MSBuildUserExtensionsPath' with value 'C:\Users\krish.maniar.ATPL-LAP-723\AppData\Local\Microsoft\MSBuild' expanded from the environment.
       The "Platform" property is a global property, and cannot be modified.
       The "Configuration" property is a global property, and cannot be modified.
       The "Platform" property is a global property, and cannot be modified.
       The "Configuration" property is a global property, and cannot be modified.
       The "Configuration" property is a global property, and cannot be modified.
       The "Platform" property is a global property, and cannot be modified.
       The "Platform" property is a global property, and cannot be modified.
       The "Platform" property is a global property, and cannot be modified.
       The "Configuration" property is a global property, and cannot be modified.
       The "Platform" property is a global property, and cannot be modified.
       The "Configuration" property is a global property, and cannot be modified.
       The "Platform" property is a global property, and cannot be modified.
       C:\Program Files\dotnet\sdk\10.0.103\Sdks\Microsoft.NET.Sdk\targets\Microsoft.NET.Sdk.props(90,5): message : Property reassignment: $(AssemblySearchPaths)="{CandidateAssemblyFiles};{HintPathFromItem}" (previous value: "{CandidateAssemblyFiles}") at C:\Program Files\dotnet\sdk\10.0.103\Sdks\Microsoft.NET.Sdk\targets\Microsoft.NET.Sdk.props (90,5)
       C:\Program Files\dotnet\sdk\10.0.103\Sdks\Microsoft.NET.Sdk\targets\Microsoft.NET.Sdk.props(90,5): message : Property reassignment: $(AssemblySearchPaths)="{CandidateAssemblyFiles};{HintPathFromItem}" (previous value: "{CandidateAssemblyFiles}") at C:\Program Files\dotnet\sdk\10.0.103\Sdks\Microsoft.NET.Sdk\targets\Microsoft.NET.Sdk.props (90,5)
       C:\Program Files\dotnet\sdk\10.0.103\Sdks\Microsoft.NET.Sdk\targets\Microsoft.NET.Sdk.props(91,5): message : Property reassignment: $(AssemblySearchPaths)="{CandidateAssemblyFiles};{HintPathFromItem};{TargetFrameworkDirectory}" (previous value: "{CandidateAssemblyFiles};{HintPathFromItem}") at C:\Program Files\dotnet\sdk\10.0.103\Sdks\Microsoft.NET.Sdk\targets\Microsoft.NET.Sdk.props (91,5)
       C:\Program Files\dotnet\sdk\10.0.103\Sdks\Microsoft.NET.Sdk\targets\Microsoft.NET.Sdk.props(92,5): message : Property reassignment: $(AssemblySearchPaths)="{CandidateAssemblyFiles};{HintPathFromItem};{TargetFrameworkDirectory};{RawFileName}" (previous value: "{CandidateAssemblyFiles};{HintPathFromItem};{TargetFrameworkDirectory}") at C:\Program Files\dotnet\sdk\10.0.103\Sdks\Microsoft.NET.Sdk\targets\Microsoft.NET.Sdk.props (92,5)
       C:\Program Files\dotnet\sdk\10.0.103\Sdks\Microsoft.NET.Sdk\targets\Microsoft.NET.Sdk.props(91,5): message : Property reassignment: $(AssemblySearchPaths)="{CandidateAssemblyFiles};{HintPathFromItem};{TargetFrameworkDirectory}" (previous value: "{CandidateAssemblyFiles};{HintPathFromItem}") at C:\Program Files\dotnet\sdk\10.0.103\Sdks\Microsoft.NET.Sdk\targets\Microsoft.NET.Sdk.props (91,5)
       C:\Program Files\dotnet\sdk\10.0.103\Sdks\Microsoft.NET.Sdk\targets\Microsoft.NET.Sdk.props(92,5): message : Property reassignment: $(AssemblySearchPaths)="{CandidateAssemblyFiles};{HintPathFromItem};{TargetFrameworkDirectory};{RawFileName}" (previous value: "{CandidateAssemblyFiles};{HintPathFromItem};{TargetFrameworkDirectory}") at C:\Program Files\dotnet\sdk\10.0.103\Sdks\Microsoft.NET.Sdk\targets\Microsoft.NET.Sdk.props (92,5)
       C:\Program Files\dotnet\sdk\10.0.103\Sdks\Microsoft.NET.Sdk\targets\Microsoft.NET.Sdk.props(90,5): message : Property reassignment: $(AssemblySearchPaths)="{CandidateAssemblyFiles};{HintPathFromItem}" (previous value: "{CandidateAssemblyFiles}") at C:\Program Files\dotnet\sdk\10.0.103\Sdks\Microsoft.NET.Sdk\targets\Microsoft.NET.Sdk.props (90,5)
       C:\Program Files\dotnet\sdk\10.0.103\Sdks\Microsoft.NET.Sdk\targets\Microsoft.NET.Sdk.props(90,5): message : Property reassignment: $(AssemblySearchPaths)="{CandidateAssemblyFiles};{HintPathFromItem}" (previous value: "{CandidateAssemblyFiles}") at C:\Program Files\dotnet\sdk\10.0.103\Sdks\Microsoft.NET.Sdk\targets\Microsoft.NET.Sdk.props (90,5)
       C:\Program Files\dotnet\sdk\10.0.103\Sdks\Microsoft.NET.Sdk\targets\Microsoft.NET.Sdk.props(91,5): message : Property reassignment: $(AssemblySearchPaths)="{CandidateAssemblyFiles};{HintPathFromItem};{TargetFrameworkDirectory}" (previous value: "{CandidateAssemblyFiles};{HintPathFromItem}") at C:\Program Files\dotnet\sdk\10.0.103\Sdks\Microsoft.NET.Sdk\targets\Microsoft.NET.Sdk.props (91,5)
       C:\Program Files\dotnet\sdk\10.0.103\Sdks\Microsoft.NET.Sdk\targets\Microsoft.NET.Sdk.props(91,5): message : Property reassignment: $(AssemblySearchPaths)="{CandidateAssemblyFiles};{HintPathFromItem};{TargetFrameworkDirectory}" (previous value: "{CandidateAssemblyFiles};{HintPathFromItem}") at C:\Program Files\dotnet\sdk\10.0.103\Sdks\Microsoft.NET.Sdk\targets\Microsoft.NET.Sdk.props (91,5)
       C:\Program Files\dotnet\sdk\10.0.103\Sdks\Microsoft.NET.Sdk\targets\Microsoft.NET.Sdk.props(92,5): message : Property reassignment: $(AssemblySearchPaths)="{CandidateAssemblyFiles};{HintPathFromItem};{TargetFrameworkDirectory};{RawFileName}" (previous value: "{CandidateAssemblyFiles};{HintPathFromItem};{TargetFrameworkDirectory}") at C:\Program Files\dotnet\sdk\10.0.103\Sdks\Microsoft.NET.Sdk\targets\Microsoft.NET.Sdk.props (92,5)
       C:\Program Files\dotnet\sdk\10.0.103\Sdks\Microsoft.NET.Sdk\targets\Microsoft.NET.Sdk.props(92,5): message : Property reassignment: $(AssemblySearchPaths)="{CandidateAssemblyFiles};{HintPathFromItem};{TargetFrameworkDirectory};{RawFileName}" (previous value: "{CandidateAssemblyFiles};{HintPathFromItem};{TargetFrameworkDirectory}") at C:\Program Files\dotnet\sdk\10.0.103\Sdks\Microsoft.NET.Sdk\targets\Microsoft.NET.Sdk.props (92,5)
       C:\Program Files\dotnet\sdk\10.0.103\Sdks\Microsoft.NET.Sdk\Sdk\Sdk.props(49,11): message : Property 'MSBuildExtensionsPath' with value 'C:\Program Files\dotnet\sdk\10.0.103\' expanded from the environment.
       C:\Program Files\dotnet\sdk\10.0.103\Current\Microsoft.Common.props(60,5): message : Property reassignment: $(MSBuildProjectExtensionsPath)="c:\Apps\TicketConsolidator\src\TicketConsolidator.Web\obj\" (previous value: "obj\") at C:\Program Files\dotnet\sdk\10.0.103\Current\Microsoft.Common.props (60,5)
       C:\Program Files\dotnet\sdk\10.0.103\Current\Microsoft.Common.props(84,119): message : Property 'MSBuildUserExtensionsPath' with value 'C:\Users\krish.maniar.ATPL-LAP-723\AppData\Local\Microsoft\MSBuild' expanded from the environment.
       The "Configuration" property is a global property, and cannot be modified.
       The "Platform" property is a global property, and cannot be modified.
       The "Configuration" property is a global property, and cannot be modified.
       The "Platform" property is a global property, and cannot be modified.
       C:\Program Files\dotnet\sdk\10.0.103\Sdks\Microsoft.NET.Sdk\targets\Microsoft.NET.Sdk.props(90,5): message : Property reassignment: $(AssemblySearchPaths)="{CandidateAssemblyFiles};{HintPathFromItem}" (previous value: "{CandidateAssemblyFiles}") at C:\Program Files\dotnet\sdk\10.0.103\Sdks\Microsoft.NET.Sdk\targets\Microsoft.NET.Sdk.props (90,5)
       C:\Program Files\dotnet\sdk\10.0.103\Sdks\Microsoft.NET.Sdk\targets\Microsoft.NET.Sdk.props(91,5): message : Property reassignment: $(AssemblySearchPaths)="{CandidateAssemblyFiles};{HintPathFromItem};{TargetFrameworkDirectory}" (previous value: "{CandidateAssemblyFiles};{HintPathFromItem}") at C:\Program Files\dotnet\sdk\10.0.103\Sdks\Microsoft.NET.Sdk\targets\Microsoft.NET.Sdk.props (91,5)
       C:\Program Files\dotnet\sdk\10.0.103\Sdks\Microsoft.NET.Sdk\targets\Microsoft.NET.Sdk.props(92,5): message : Property reassignment: $(AssemblySearchPaths)="{CandidateAssemblyFiles};{HintPathFromItem};{TargetFrameworkDirectory};{RawFileName}" (previous value: "{CandidateAssemblyFiles};{HintPathFromItem};{TargetFrameworkDirectory}") at C:\Program Files\dotnet\sdk\10.0.103\Sdks\Microsoft.NET.Sdk\targets\Microsoft.NET.Sdk.props (92,5)
       The SDK "Microsoft.NET.SDK.WorkloadAutoImportPropsLocator" was successfully resolved by the "Microsoft.DotNet.MSBuildWorkloadSdkResolver" resolver to location "C:\Program Files\dotnet\packs\Microsoft.Android.Sdk.Windows\36.1.2\Sdk" and version "null".
       c:\Apps\TicketConsolidator\src\TicketConsolidator.UI\TicketConsolidator.UI.csproj(25,5): message : Property reassignment: $(OutputType)="WinExe" (previous value: "Library") at c:\Apps\TicketConsolidator\src\TicketConsolidator.UI\TicketConsolidator.UI.csproj (25,5)
       c:\Apps\TicketConsolidator\src\TicketConsolidator.Infrastructure\TicketConsolidator.Infrastructure.csproj(6,5): message : Property reassignment: $(NoWarn)="NU1701" (previous value: "1701;1702") at c:\Apps\TicketConsolidator\src\TicketConsolidator.Infrastructure\TicketConsolidator.Infrastructure.csproj (6,5)
       c:\Apps\TicketConsolidator\src\TicketConsolidator.UI\TicketConsolidator.UI.csproj(29,5): message : Property reassignment: $(NoWarn)="NU1701" (previous value: "1701;1702") at c:\Apps\TicketConsolidator\src\TicketConsolidator.UI\TicketConsolidator.UI.csproj (29,5)
       The "Configuration" property is a global property, and cannot be modified.
       The "Configuration" property is a global property, and cannot be modified.
       The "Configuration" property is a global property, and cannot be modified.
       The SDK "Microsoft.NET.Sdk.Razor" was successfully resolved by the "DefaultSdkResolver" resolver to location "C:\Program Files\dotnet\sdk\10.0.103\Sdks\Microsoft.NET.Sdk.Razor\Sdk" and version "".
       The "Platform" property is a global property, and cannot be modified.
       C:\Program Files\dotnet\sdk\10.0.103\Sdks\Microsoft.NET.Sdk\targets\Microsoft.NET.Sdk.ImportPublishProfile.targets(28,5): message : Property reassignment: $(PublishProfileImported)="false" (previous value: "true") at C:\Program Files\dotnet\sdk\10.0.103\Sdks\Microsoft.NET.Sdk\targets\Microsoft.NET.Sdk.ImportPublishProfile.targets (28,5)
       The "Platform" property is a global property, and cannot be modified.
       C:\Program Files\dotnet\sdk\10.0.103\Sdks\Microsoft.NET.Sdk\targets\Microsoft.NET.Sdk.ImportPublishProfile.targets(28,5): message : Property reassignment: $(PublishProfileImported)="false" (previous value: "true") at C:\Program Files\dotnet\sdk\10.0.103\Sdks\Microsoft.NET.Sdk\targets\Microsoft.NET.Sdk.ImportPublishProfile.targets (28,5)
       The "Platform" property is a global property, and cannot be modified.
       C:\Program Files\dotnet\sdk\10.0.103\Sdks\Microsoft.NET.Sdk\targets\Microsoft.NET.TargetFrameworkInference.targets(80,5): message : Property reassignment: $(TargetPlatformVersion)="0.0" (previous value: "0.0.0.0") at C:\Program Files\dotnet\sdk\10.0.103\Sdks\Microsoft.NET.Sdk\targets\Microsoft.NET.TargetFrameworkInference.targets (80,5)
       C:\Program Files\dotnet\sdk\10.0.103\Sdks\Microsoft.NET.Sdk\targets\Microsoft.NET.Sdk.ImportPublishProfile.targets(28,5): message : Property reassignment: $(PublishProfileImported)="false" (previous value: "true") at C:\Program Files\dotnet\sdk\10.0.103\Sdks\Microsoft.NET.Sdk\targets\Microsoft.NET.Sdk.ImportPublishProfile.targets (28,5)
       The "Configuration" property is a global property, and cannot be modified.
       The "Platform" property is a global property, and cannot be modified.
       C:\Program Files\dotnet\sdk\10.0.103\Sdks\Microsoft.NET.Sdk\targets\Microsoft.NET.TargetFrameworkInference.targets(81,5): message : Property reassignment: $(TargetPlatformVersion)="" (previous value: "0.0") at C:\Program Files\dotnet\sdk\10.0.103\Sdks\Microsoft.NET.Sdk\targets\Microsoft.NET.TargetFrameworkInference.targets (81,5)
       C:\Program Files\dotnet\sdk\10.0.103\Sdks\Microsoft.NET.Sdk\targets\Microsoft.NET.Sdk.ImportPublishProfile.targets(28,5): message : Property reassignment: $(PublishProfileImported)="false" (previous value: "true") at C:\Program Files\dotnet\sdk\10.0.103\Sdks\Microsoft.NET.Sdk\targets\Microsoft.NET.Sdk.ImportPublishProfile.targets (28,5)
       C:\Program Files\dotnet\sdk\10.0.103\Sdks\Microsoft.NET.Sdk\targets\Microsoft.NET.TargetFrameworkInference.targets(81,5): message : Property reassignment: $(TargetPlatformVersion)="" (previous value: "0.0") at C:\Program Files\dotnet\sdk\10.0.103\Sdks\Microsoft.NET.Sdk\targets\Microsoft.NET.TargetFrameworkInference.targets (81,5)
       C:\Program Files\dotnet\sdk\10.0.103\Sdks\Microsoft.NET.Sdk\targets\Microsoft.NET.DefaultOutputPaths.targets(127,5): message : Property reassignment: $(DefaultItemExcludes)=";bin\Debug\/**;obj\Debug\/**" (previous value: ";bin\Debug\/**") at C:\Program Files\dotnet\sdk\10.0.103\Sdks\Microsoft.NET.Sdk\targets\Microsoft.NET.DefaultOutputPaths.targets (127,5)
       C:\Program Files\dotnet\sdk\10.0.103\Sdks\Microsoft.NET.Sdk\targets\Microsoft.NET.DefaultOutputPaths.targets(142,5): message : Property reassignment: $(OutputPath)="bin\Debug\net10.0\" (previous value: "bin\Debug\") at C:\Program Files\dotnet\sdk\10.0.103\Sdks\Microsoft.NET.Sdk\targets\Microsoft.NET.DefaultOutputPaths.targets (142,5)
       C:\Program Files\dotnet\sdk\10.0.103\Sdks\Microsoft.NET.Sdk\targets\Microsoft.NET.TargetFrameworkInference.targets(80,5): message : Property reassignment: $(TargetPlatformVersion)="0.0" (previous value: "0.0.0.0") at C:\Program Files\dotnet\sdk\10.0.103\Sdks\Microsoft.NET.Sdk\targets\Microsoft.NET.TargetFrameworkInference.targets (80,5)
       C:\Program Files\dotnet\sdk\10.0.103\Sdks\Microsoft.NET.Sdk\targets\Microsoft.NET.DefaultOutputPaths.targets(147,5): message : Property reassignment: $(IntermediateOutputPath)="obj\Debug\net10.0\" (previous value: "obj\Debug\") at C:\Program Files\dotnet\sdk\10.0.103\Sdks\Microsoft.NET.Sdk\targets\Microsoft.NET.DefaultOutputPaths.targets (147,5)
       C:\Program Files\dotnet\sdk\10.0.103\Sdks\Microsoft.NET.Sdk\targets\Microsoft.NET.TargetFrameworkInference.targets(84,5): message : Property reassignment: $(TargetPlatformIdentifier)="Windows" (previous value: "windows") at C:\Program Files\dotnet\sdk\10.0.103\Sdks\Microsoft.NET.Sdk\targets\Microsoft.NET.TargetFrameworkInference.targets (84,5)
       The "DefaultSdkResolver" resolver attempted to resolve the SDK "Microsoft.NET.SDK.WorkloadManifestTargetsLocator".
       Warnings: null
       Errors: MSB4276: The default SDK resolver failed to resolve SDK "Microsoft.NET.SDK.WorkloadManifestTargetsLocator" because directory "C:\Program Files\dotnet\sdk\10.0.103\Sdks\Microsoft.NET.SDK.WorkloadManifestTargetsLocator\Sdk" did not exist.
       C:\Program Files\dotnet\sdk\10.0.103\Sdks\Microsoft.NET.Sdk\targets\Microsoft.NET.TargetFrameworkInference.targets(81,5): message : Property reassignment: $(TargetPlatformVersion)="" (previous value: "0.0") at C:\Program Files\dotnet\sdk\10.0.103\Sdks\Microsoft.NET.Sdk\targets\Microsoft.NET.TargetFrameworkInference.targets (81,5)
       C:\Program Files\dotnet\sdk\10.0.103\Sdks\Microsoft.NET.Sdk\targets\Microsoft.NET.DefaultOutputPaths.targets(127,5): message : Property reassignment: $(DefaultItemExcludes)=";bin\Debug\/**;obj\Debug\/**" (previous value: ";bin\Debug\/**") at C:\Program Files\dotnet\sdk\10.0.103\Sdks\Microsoft.NET.Sdk\targets\Microsoft.NET.DefaultOutputPaths.targets (127,5)
       C:\Program Files\dotnet\sdk\10.0.103\Sdks\Microsoft.NET.Sdk\targets\Microsoft.NET.TargetFrameworkInference.targets(84,5): message : Property reassignment: $(TargetPlatformIdentifier)="Windows" (previous value: "windows") at C:\Program Files\dotnet\sdk\10.0.103\Sdks\Microsoft.NET.Sdk\targets\Microsoft.NET.TargetFrameworkInference.targets (84,5)
       C:\Program Files\dotnet\sdk\10.0.103\Sdks\Microsoft.NET.Sdk\targets\Microsoft.NET.DefaultOutputPaths.targets(142,5): message : Property reassignment: $(OutputPath)="bin\Debug\net10.0-windows\" (previous value: "bin\Debug\") at C:\Program Files\dotnet\sdk\10.0.103\Sdks\Microsoft.NET.Sdk\targets\Microsoft.NET.DefaultOutputPaths.targets (142,5)
       C:\Program Files\dotnet\sdk\10.0.103\Sdks\Microsoft.NET.Sdk\targets\Microsoft.NET.DefaultOutputPaths.targets(147,5): message : Property reassignment: $(IntermediateOutputPath)="obj\Debug\net10.0-windows\" (previous value: "obj\Debug\") at C:\Program Files\dotnet\sdk\10.0.103\Sdks\Microsoft.NET.Sdk\targets\Microsoft.NET.DefaultOutputPaths.targets (147,5)
       C:\Program Files\dotnet\sdk\10.0.103\Sdks\Microsoft.NET.Sdk\targets\Microsoft.NET.DefaultOutputPaths.targets(127,5): message : Property reassignment: $(DefaultItemExcludes)=";bin\Debug\/**;obj\Debug\/**" (previous value: ";bin\Debug\/**") at C:\Program Files\dotnet\sdk\10.0.103\Sdks\Microsoft.NET.Sdk\targets\Microsoft.NET.DefaultOutputPaths.targets (127,5)
       C:\Program Files\dotnet\sdk\10.0.103\Sdks\Microsoft.NET.Sdk\targets\Microsoft.NET.DefaultOutputPaths.targets(142,5): message : Property reassignment: $(OutputPath)="bin\Debug\net10.0-windows\" (previous value: "bin\Debug\") at C:\Program Files\dotnet\sdk\10.0.103\Sdks\Microsoft.NET.Sdk\targets\Microsoft.NET.DefaultOutputPaths.targets (142,5)
       C:\Program Files\dotnet\sdk\10.0.103\Sdks\Microsoft.NET.Sdk\targets\Microsoft.NET.DefaultOutputPaths.targets(147,5): message : Property reassignment: $(IntermediateOutputPath)="obj\Debug\net10.0-windows\" (previous value: "obj\Debug\") at C:\Program Files\dotnet\sdk\10.0.103\Sdks\Microsoft.NET.Sdk\targets\Microsoft.NET.DefaultOutputPaths.targets (147,5)
       The SDK "Microsoft.NET.Sdk.StaticWebAssets" was successfully resolved by the "DefaultSdkResolver" resolver to location "C:\Program Files\dotnet\sdk\10.0.103\Sdks\Microsoft.NET.Sdk.StaticWebAssets\Sdk" and version "".
       C:\Program Files\dotnet\sdk\10.0.103\Sdks\Microsoft.NET.Sdk\targets\Microsoft.NET.TargetFrameworkInference.targets(80,5): message : Property reassignment: $(TargetPlatformVersion)="0.0" (previous value: "0.0.0.0") at C:\Program Files\dotnet\sdk\10.0.103\Sdks\Microsoft.NET.Sdk\targets\Microsoft.NET.TargetFrameworkInference.targets (80,5)
       C:\Program Files\dotnet\sdk\10.0.103\Sdks\Microsoft.NET.Sdk\targets\Microsoft.NET.TargetFrameworkInference.targets(81,5): message : Property reassignment: $(TargetPlatformVersion)="" (previous value: "0.0") at C:\Program Files\dotnet\sdk\10.0.103\Sdks\Microsoft.NET.Sdk\targets\Microsoft.NET.TargetFrameworkInference.targets (81,5)
       C:\Program Files\dotnet\sdk\10.0.103\Sdks\Microsoft.NET.Sdk\targets\Microsoft.NET.TargetFrameworkInference.targets(84,5): message : Property reassignment: $(TargetPlatformIdentifier)="Windows" (previous value: "windows") at C:\Program Files\dotnet\sdk\10.0.103\Sdks\Microsoft.NET.Sdk\targets\Microsoft.NET.TargetFrameworkInference.targets (84,5)
       C:\Program Files\dotnet\sdk\10.0.103\Sdks\Microsoft.NET.Sdk\targets\Microsoft.NET.DefaultOutputPaths.targets(127,5): message : Property reassignment: $(DefaultItemExcludes)=";bin\Debug\/**;obj\Debug\/**" (previous value: ";bin\Debug\/**") at C:\Program Files\dotnet\sdk\10.0.103\Sdks\Microsoft.NET.Sdk\targets\Microsoft.NET.DefaultOutputPaths.targets (127,5)
       C:\Program Files\dotnet\sdk\10.0.103\Sdks\Microsoft.NET.Sdk\targets\Microsoft.NET.DefaultOutputPaths.targets(142,5): message : Property reassignment: $(OutputPath)="bin\Debug\net10.0-windows\" (previous value: "bin\Debug\") at C:\Program Files\dotnet\sdk\10.0.103\Sdks\Microsoft.NET.Sdk\targets\Microsoft.NET.DefaultOutputPaths.targets (142,5)
       C:\Program Files\dotnet\sdk\10.0.103\Sdks\Microsoft.NET.Sdk\targets\Microsoft.NET.DefaultOutputPaths.targets(147,5): message : Property reassignment: $(IntermediateOutputPath)="obj\Debug\net10.0-windows\" (previous value: "obj\Debug\") at C:\Program Files\dotnet\sdk\10.0.103\Sdks\Microsoft.NET.Sdk\targets\Microsoft.NET.DefaultOutputPaths.targets (147,5)
       The SDK "Microsoft.NET.SDK.WorkloadManifestTargetsLocator" was successfully resolved by the "Microsoft.DotNet.MSBuildWorkloadSdkResolver" resolver to location "C:\Program Files\dotnet\sdk-manifests\10.0.100\microsoft.net.sdk.android\36.1.2" and version "null".
       C:\Program Files\dotnet\sdk\10.0.103\Sdks\Microsoft.NET.Sdk.StaticWebAssets\Sdk\Sdk.StaticWebAssets.StaticAssets.ProjectSystem.props(23,5): message : Property reassignment: $(DefaultItemExcludes)=";**\node_modules\**;node_modules\**;**\jspm_packages\**;jspm_packages\**" (previous value: ";**\node_modules\**;node_modules\**") at C:\Program Files\dotnet\sdk\10.0.103\Sdks\Microsoft.NET.Sdk.StaticWebAssets\Sdk\Sdk.StaticWebAssets.StaticAssets.ProjectSystem.props (23,5)
       C:\Program Files\dotnet\sdk\10.0.103\Sdks\Microsoft.NET.Sdk.StaticWebAssets\Sdk\Sdk.StaticWebAssets.StaticAssets.ProjectSystem.props(24,5): message : Property reassignment: $(DefaultItemExcludes)=";**\node_modules\**;node_modules\**;**\jspm_packages\**;jspm_packages\**;**\bower_components\**;bower_components\**" (previous value: ";**\node_modules\**;node_modules\**;**\jspm_packages\**;jspm_packages\**") at C:\Program Files\dotnet\sdk\10.0.103\Sdks\Microsoft.NET.Sdk.StaticWebAssets\Sdk\Sdk.StaticWebAssets.StaticAssets.ProjectSystem.props (24,5)
       C:\Program Files\dotnet\sdk\10.0.103\Sdks\Microsoft.NET.Sdk.StaticWebAssets\Sdk\Sdk.StaticWebAssets.StaticAssets.ProjectSystem.props(25,5): message : Property reassignment: $(DefaultItemExcludes)=";**\node_modules\**;node_modules\**;**\jspm_packages\**;jspm_packages\**;**\bower_components\**;bower_components\**;**\packages.lock.json" (previous value: ";**\node_modules\**;node_modules\**;**\jspm_packages\**;jspm_packages\**;**\bower_components\**;bower_components\**") at C:\Program Files\dotnet\sdk\10.0.103\Sdks\Microsoft.NET.Sdk.StaticWebAssets\Sdk\Sdk.StaticWebAssets.StaticAssets.ProjectSystem.props (25,5)
       C:\Program Files\dotnet\sdk\10.0.103\Sdks\Microsoft.NET.Sdk\targets\Microsoft.NET.Sdk.BeforeCommon.targets(371,5): message : Property reassignment: $(RoslynTargetsPath)="C:\Program Files\dotnet\sdk\10.0.103\Sdks\Microsoft.NET.Sdk\targets\..\..\..\Roslyn" (previous value: "C:\Program Files\dotnet\sdk\10.0.103\Roslyn") at C:\Program Files\dotnet\sdk\10.0.103\Sdks\Microsoft.NET.Sdk\targets\Microsoft.NET.Sdk.BeforeCommon.targets (371,5)
       C:\Program Files\dotnet\sdk\10.0.103\Roslyn\Microsoft.Managed.Core.targets(6,5): message : Property reassignment: $(_BuildTasksDirectory)="C:\Program Files\dotnet\sdk\10.0.103\Sdks\Microsoft.NET.Sdk\targets\..\..\..\Roslyn\" (previous value: "C:\Program Files\dotnet\sdk\10.0.103\Roslyn\") at C:\Program Files\dotnet\sdk\10.0.103\Roslyn\Microsoft.Managed.Core.targets (6,5)
       C:\Program Files\dotnet\sdk\10.0.103\Roslyn\Microsoft.CSharp.Core.targets(200,5): message : Property reassignment: $(CommandLineArgsForDesignTimeEvaluation)="-langversion:14.0 -define:TRACE" (previous value: "-langversion:14.0") at C:\Program Files\dotnet\sdk\10.0.103\Roslyn\Microsoft.CSharp.Core.targets (200,5)
       C:\Program Files\dotnet\sdk\10.0.103\Sdks\Microsoft.NET.Sdk\targets\Microsoft.NET.Sdk.BeforeCommon.targets(371,5): message : Property reassignment: $(RoslynTargetsPath)="C:\Program Files\dotnet\sdk\10.0.103\Sdks\Microsoft.NET.Sdk\targets\..\..\..\Roslyn" (previous value: "C:\Program Files\dotnet\sdk\10.0.103\Roslyn") at C:\Program Files\dotnet\sdk\10.0.103\Sdks\Microsoft.NET.Sdk\targets\Microsoft.NET.Sdk.BeforeCommon.targets (371,5)
       Assembly loaded during Evaluation: System.Collections.NonGeneric, Version=10.0.0.0, Culture=neutral, PublicKeyToken=b03f5f7f11d50a3a (location: C:\Program Files\dotnet\shared\Microsoft.NETCore.App\10.0.3\System.Collections.NonGeneric.dll, MVID: 34793951-de27-497a-86fa-ff7f73c34148, AssemblyLoadContext: Default)
       C:\Program Files\dotnet\sdk\10.0.103\Roslyn\Microsoft.Managed.Core.targets(6,5): message : Property reassignment: $(_BuildTasksDirectory)="C:\Program Files\dotnet\sdk\10.0.103\Sdks\Microsoft.NET.Sdk\targets\..\..\..\Roslyn\" (previous value: "C:\Program Files\dotnet\sdk\10.0.103\Roslyn\") at C:\Program Files\dotnet\sdk\10.0.103\Roslyn\Microsoft.Managed.Core.targets (6,5)
       C:\Program Files\dotnet\sdk\10.0.103\Sdks\Microsoft.NET.Sdk\targets\Microsoft.NET.Sdk.BeforeCommon.targets(371,5): message : Property reassignment: $(RoslynTargetsPath)="C:\Program Files\dotnet\sdk\10.0.103\Sdks\Microsoft.NET.Sdk\targets\..\..\..\Roslyn" (previous value: "C:\Program Files\dotnet\sdk\10.0.103\Roslyn") at C:\Program Files\dotnet\sdk\10.0.103\Sdks\Microsoft.NET.Sdk\targets\Microsoft.NET.Sdk.BeforeCommon.targets (371,5)
       C:\Program Files\dotnet\sdk\10.0.103\Sdks\Microsoft.NET.Sdk\targets\Microsoft.NET.Sdk.BeforeCommon.targets(371,5): message : Property reassignment: $(RoslynTargetsPath)="C:\Program Files\dotnet\sdk\10.0.103\Sdks\Microsoft.NET.Sdk\targets\..\..\..\Roslyn" (previous value: "C:\Program Files\dotnet\sdk\10.0.103\Roslyn") at C:\Program Files\dotnet\sdk\10.0.103\Sdks\Microsoft.NET.Sdk\targets\Microsoft.NET.Sdk.BeforeCommon.targets (371,5)
       C:\Program Files\dotnet\sdk\10.0.103\Roslyn\Microsoft.CSharp.Core.targets(200,5): message : Property reassignment: $(CommandLineArgsForDesignTimeEvaluation)="-langversion:14.0 -define:TRACE" (previous value: "-langversion:14.0") at C:\Program Files\dotnet\sdk\10.0.103\Roslyn\Microsoft.CSharp.Core.targets (200,5)
       The "Platform" property is a global property, and cannot be modified.
       The "Configuration" property is a global property, and cannot be modified.
       C:\Program Files\dotnet\sdk\10.0.103\Roslyn\Microsoft.Managed.Core.targets(6,5): message : Property reassignment: $(_BuildTasksDirectory)="C:\Program Files\dotnet\sdk\10.0.103\Sdks\Microsoft.NET.Sdk\targets\..\..\..\Roslyn\" (previous value: "C:\Program Files\dotnet\sdk\10.0.103\Roslyn\") at C:\Program Files\dotnet\sdk\10.0.103\Roslyn\Microsoft.Managed.Core.targets (6,5)
       C:\Program Files\dotnet\sdk\10.0.103\Roslyn\Microsoft.Managed.Core.targets(6,5): message : Property reassignment: $(_BuildTasksDirectory)="C:\Program Files\dotnet\sdk\10.0.103\Sdks\Microsoft.NET.Sdk\targets\..\..\..\Roslyn\" (previous value: "C:\Program Files\dotnet\sdk\10.0.103\Roslyn\") at C:\Program Files\dotnet\sdk\10.0.103\Roslyn\Microsoft.Managed.Core.targets (6,5)
       C:\Program Files\dotnet\sdk\10.0.103\Microsoft.Common.CurrentVersion.targets(175,5): message : Property reassignment: $(_DebugSymbolsProduced)="true" (previous value: "false") at C:\Program Files\dotnet\sdk\10.0.103\Microsoft.Common.CurrentVersion.targets (175,5)
       C:\Program Files\dotnet\sdk\10.0.103\Microsoft.Common.CurrentVersion.targets(185,5): message : Property reassignment: $(_DocumentationFileProduced)="false" (previous value: "true") at C:\Program Files\dotnet\sdk\10.0.103\Microsoft.Common.CurrentVersion.targets (185,5)
       The "SolutionName" property is a global property, and cannot be modified.
       C:\Program Files\dotnet\sdk\10.0.103\Roslyn\Microsoft.CSharp.Core.targets(200,5): message : Property reassignment: $(CommandLineArgsForDesignTimeEvaluation)="-langversion:14.0 -define:TRACE" (previous value: "-langversion:14.0") at C:\Program Files\dotnet\sdk\10.0.103\Roslyn\Microsoft.CSharp.Core.targets (200,5)
       C:\Program Files\dotnet\sdk\10.0.103\Roslyn\Microsoft.CSharp.Core.targets(200,5): message : Property reassignment: $(CommandLineArgsForDesignTimeEvaluation)="-langversion:14.0 -define:TRACE" (previous value: "-langversion:14.0") at C:\Program Files\dotnet\sdk\10.0.103\Roslyn\Microsoft.CSharp.Core.targets (200,5)
       The "SolutionFileName" property is a global property, and cannot be modified.
       The "SolutionPath" property is a global property, and cannot be modified.
       The "SolutionDir" property is a global property, and cannot be modified.
       The "SolutionExt" property is a global property, and cannot be modified.
       C:\Program Files\dotnet\sdk\10.0.103\Microsoft.Common.CurrentVersion.targets(392,5): message : Property reassignment: $(MSBuildCopyMarkerName)="TicketCo.B8AB5D47" (previous value: "TicketConsolidator.Infrastructure.csproj") at C:\Program Files\dotnet\sdk\10.0.103\Microsoft.Common.CurrentVersion.targets (392,5)
       C:\Program Files\dotnet\sdk\10.0.103\Microsoft.Common.CurrentVersion.targets(393,5): message : Property reassignment: $(MSBuildCopyMarkerName)="TicketCo.B8AB5D47.Up2Date" (previous value: "TicketCo.B8AB5D47") at C:\Program Files\dotnet\sdk\10.0.103\Microsoft.Common.CurrentVersion.targets (393,5)
       C:\Program Files\dotnet\sdk\10.0.103\Microsoft.Common.CurrentVersion.targets(541,5): message : Property reassignment: $(ProcessorArchitecture)="msil" (previous value: "") at C:\Program Files\dotnet\sdk\10.0.103\Microsoft.Common.CurrentVersion.targets (541,5)
       The "Platform" property is a global property, and cannot be modified.
       C:\Program Files\dotnet\sdk\10.0.103\Microsoft.Common.CurrentVersion.targets(580,5): message : Property reassignment: $(DelaySign)="" (previous value: "false") at C:\Program Files\dotnet\sdk\10.0.103\Microsoft.Common.CurrentVersion.targets (580,5)
       The "Platform" property is a global property, and cannot be modified.
       The "Platform" property is a global property, and cannot be modified.
       C:\Program Files\dotnet\sdk\10.0.103\Microsoft.Common.CurrentVersion.targets(2606,5): message : Property 'LOCALAPPDATA' with value 'C:\Users\krish.maniar.ATPL-LAP-723\AppData\Local' expanded from the environment.
       C:\Program Files\dotnet\sdk\10.0.103\Microsoft.Common.CurrentVersion.targets(3934,5): message : Property reassignment: $(_SGenGenerateSerializationAssembliesConfig)="Auto" (previous value: "") at C:\Program Files\dotnet\sdk\10.0.103\Microsoft.Common.CurrentVersion.targets (3934,5)
       C:\Program Files\dotnet\sdk\10.0.103\Microsoft.Common.CurrentVersion.targets(3935,5): message : Property reassignment: $(_SGenGenerateSerializationAssembliesConfig)="Off" (previous value: "Auto") at C:\Program Files\dotnet\sdk\10.0.103\Microsoft.Common.CurrentVersion.targets (3935,5)
       C:\Program Files\dotnet\sdk\10.0.103\Microsoft.Common.CurrentVersion.targets(5146,5): message : Property reassignment: $(_TargetsThatPrepareProjectReferences)="
       C:\Program Files\dotnet\sdk\10.0.103\Microsoft.Common.CurrentVersion.targets(5146,5): message :       AssignProjectConfiguration;
       C:\Program Files\dotnet\sdk\10.0.103\Microsoft.Common.CurrentVersion.targets(5146,5): message :       _SplitProjectReferencesByFileExistence
       C:\Program Files\dotnet\sdk\10.0.103\Microsoft.Common.CurrentVersion.targets(5146,5): message :     " (previous value: "_SplitProjectReferencesByFileExistence") at C:\Program Files\dotnet\sdk\10.0.103\Microsoft.Common.CurrentVersion.targets (5146,5)
       C:\Program Files\dotnet\sdk\10.0.103\Microsoft.Common.CurrentVersion.targets(6959,5): message : Property 'MSBuildExtensionsPath32' with value 'C:\Program Files\dotnet\sdk\10.0.103' expanded from the environment.
       The "Configuration" property is a global property, and cannot be modified.
       The "Configuration" property is a global property, and cannot be modified.
       The "Configuration" property is a global property, and cannot be modified.
       C:\Program Files\dotnet\sdk\10.0.103\Microsoft.Common.CurrentVersion.targets(175,5): message : Property reassignment: $(_DebugSymbolsProduced)="true" (previous value: "false") at C:\Program Files\dotnet\sdk\10.0.103\Microsoft.Common.CurrentVersion.targets (175,5)
       C:\Program Files\dotnet\sdk\10.0.103\Microsoft.Common.CurrentVersion.targets(175,5): message : Property reassignment: $(_DebugSymbolsProduced)="true" (previous value: "false") at C:\Program Files\dotnet\sdk\10.0.103\Microsoft.Common.CurrentVersion.targets (175,5)
       C:\Program Files\dotnet\sdk\10.0.103\Microsoft.Common.CurrentVersion.targets(185,5): message : Property reassignment: $(_DocumentationFileProduced)="false" (previous value: "true") at C:\Program Files\dotnet\sdk\10.0.103\Microsoft.Common.CurrentVersion.targets (185,5)
       C:\Program Files\dotnet\sdk\10.0.103\Microsoft.Common.CurrentVersion.targets(185,5): message : Property reassignment: $(_DocumentationFileProduced)="false" (previous value: "true") at C:\Program Files\dotnet\sdk\10.0.103\Microsoft.Common.CurrentVersion.targets (185,5)
       The "SolutionName" property is a global property, and cannot be modified.
       The "SolutionName" property is a global property, and cannot be modified.
       The "SolutionFileName" property is a global property, and cannot be modified.
       The "_RestoreSolutionFileUsed" property is a global property, and cannot be modified.
       The "SolutionPath" property is a global property, and cannot be modified.
       The "NuGetInteractive" property is a global property, and cannot be modified.
       C:\Program Files\dotnet\sdk\10.0.103\NuGet.targets(123,5): message : Property reassignment: $(_GenerateRestoreGraphProjectEntryInputProperties)="
       C:\Program Files\dotnet\sdk\10.0.103\NuGet.targets(123,5): message :       ExcludeRestorePackageImports=true;
       C:\Program Files\dotnet\sdk\10.0.103\NuGet.targets(123,5): message :       _RestoreSolutionFileUsed=true;
       C:\Program Files\dotnet\sdk\10.0.103\NuGet.targets(123,5): message :       SolutionDir=c:\Apps\TicketConsolidator\;
       C:\Program Files\dotnet\sdk\10.0.103\NuGet.targets(123,5): message :       SolutionName=TicketConsolidator;
       C:\Program Files\dotnet\sdk\10.0.103\NuGet.targets(123,5): message :       SolutionFileName=TicketConsolidator.sln;
       C:\Program Files\dotnet\sdk\10.0.103\NuGet.targets(123,5): message :       SolutionPath=c:\Apps\TicketConsolidator\TicketConsolidator.sln;
       C:\Program Files\dotnet\sdk\10.0.103\NuGet.targets(123,5): message :       SolutionExt=.sln;
       C:\Program Files\dotnet\sdk\10.0.103\NuGet.targets(123,5): message :     " (previous value: "ExcludeRestorePackageImports=true") at C:\Program Files\dotnet\sdk\10.0.103\NuGet.targets (123,5)
       The "SolutionDir" property is a global property, and cannot be modified.
       The "SolutionExt" property is a global property, and cannot be modified.
       The "SolutionFileName" property is a global property, and cannot be modified.
       The "SolutionPath" property is a global property, and cannot be modified.
       C:\Program Files\dotnet\sdk\10.0.103\Microsoft.Common.CurrentVersion.targets(392,5): message : Property reassignment: $(MSBuildCopyMarkerName)="TicketCo.666C1B0F" (previous value: "TicketConsolidator.UnitTests.csproj") at C:\Program Files\dotnet\sdk\10.0.103\Microsoft.Common.CurrentVersion.targets (392,5)
       The "SolutionDir" property is a global property, and cannot be modified.
       C:\Program Files\dotnet\sdk\10.0.103\Microsoft.Common.CurrentVersion.targets(175,5): message : Property reassignment: $(_DebugSymbolsProduced)="true" (previous value: "false") at C:\Program Files\dotnet\sdk\10.0.103\Microsoft.Common.CurrentVersion.targets (175,5)
       C:\Program Files\dotnet\sdk\10.0.103\Microsoft.Common.CurrentVersion.targets(393,5): message : Property reassignment: $(MSBuildCopyMarkerName)="TicketCo.666C1B0F.Up2Date" (previous value: "TicketCo.666C1B0F") at C:\Program Files\dotnet\sdk\10.0.103\Microsoft.Common.CurrentVersion.targets (393,5)
       The "SolutionExt" property is a global property, and cannot be modified.
       C:\Program Files\dotnet\sdk\10.0.103\Microsoft.Common.CurrentVersion.targets(392,5): message : Property reassignment: $(MSBuildCopyMarkerName)="TicketCo.A7363167" (previous value: "TicketConsolidator.UI.csproj") at C:\Program Files\dotnet\sdk\10.0.103\Microsoft.Common.CurrentVersion.targets (392,5)
       C:\Program Files\dotnet\sdk\10.0.103\Microsoft.Common.CurrentVersion.targets(185,5): message : Property reassignment: $(_DocumentationFileProduced)="false" (previous value: "true") at C:\Program Files\dotnet\sdk\10.0.103\Microsoft.Common.CurrentVersion.targets (185,5)
       C:\Program Files\dotnet\sdk\10.0.103\Microsoft.Common.CurrentVersion.targets(393,5): message : Property reassignment: $(MSBuildCopyMarkerName)="TicketCo.A7363167.Up2Date" (previous value: "TicketCo.A7363167") at C:\Program Files\dotnet\sdk\10.0.103\Microsoft.Common.CurrentVersion.targets (393,5)
       C:\Program Files\dotnet\sdk\10.0.103\Microsoft.Common.CurrentVersion.targets(528,5): message : Property reassignment: $(ProcessorArchitecture)="amd64" (previous value: "x64") at C:\Program Files\dotnet\sdk\10.0.103\Microsoft.Common.CurrentVersion.targets (528,5)
       C:\Program Files\dotnet\sdk\10.0.103\Microsoft.Common.CurrentVersion.targets(541,5): message : Property reassignment: $(ProcessorArchitecture)="msil" (previous value: "") at C:\Program Files\dotnet\sdk\10.0.103\Microsoft.Common.CurrentVersion.targets (541,5)
       C:\Program Files\dotnet\sdk\10.0.103\Microsoft.Common.CurrentVersion.targets(580,5): message : Property reassignment: $(DelaySign)="" (previous value: "false") at C:\Program Files\dotnet\sdk\10.0.103\Microsoft.Common.CurrentVersion.targets (580,5)
       C:\Program Files\dotnet\sdk\10.0.103\Microsoft.Common.CurrentVersion.targets(2606,5): message : Property 'LOCALAPPDATA' with value 'C:\Users\krish.maniar.ATPL-LAP-723\AppData\Local' expanded from the environment.
       C:\Program Files\dotnet\sdk\10.0.103\Microsoft.Common.CurrentVersion.targets(3934,5): message : Property reassignment: $(_SGenGenerateSerializationAssembliesConfig)="Auto" (previous value: "") at C:\Program Files\dotnet\sdk\10.0.103\Microsoft.Common.CurrentVersion.targets (3934,5)
       The "SolutionName" property is a global property, and cannot be modified.
       C:\Program Files\dotnet\sdk\10.0.103\Microsoft.Common.CurrentVersion.targets(3935,5): message : Property reassignment: $(_SGenGenerateSerializationAssembliesConfig)="Off" (previous value: "Auto") at C:\Program Files\dotnet\sdk\10.0.103\Microsoft.Common.CurrentVersion.targets (3935,5)
       C:\Program Files\dotnet\sdk\10.0.103\Microsoft.Common.CurrentVersion.targets(580,5): message : Property reassignment: $(DelaySign)="" (previous value: "false") at C:\Program Files\dotnet\sdk\10.0.103\Microsoft.Common.CurrentVersion.targets (580,5)
       C:\Program Files\dotnet\sdk\10.0.103\Microsoft.Common.CurrentVersion.targets(5146,5): message : Property reassignment: $(_TargetsThatPrepareProjectReferences)="
       C:\Program Files\dotnet\sdk\10.0.103\Microsoft.Common.CurrentVersion.targets(5146,5): message :       AssignProjectConfiguration;
       C:\Program Files\dotnet\sdk\10.0.103\Microsoft.Common.CurrentVersion.targets(5146,5): message :       _SplitProjectReferencesByFileExistence
       C:\Program Files\dotnet\sdk\10.0.103\Microsoft.Common.CurrentVersion.targets(5146,5): message :     " (previous value: "_SplitProjectReferencesByFileExistence") at C:\Program Files\dotnet\sdk\10.0.103\Microsoft.Common.CurrentVersion.targets (5146,5)
       C:\Program Files\dotnet\sdk\10.0.103\Microsoft.Common.CurrentVersion.targets(6959,5): message : Property 'MSBuildExtensionsPath32' with value 'C:\Program Files\dotnet\sdk\10.0.103' expanded from the environment.
       The "SolutionFileName" property is a global property, and cannot be modified.
       C:\Program Files\dotnet\sdk\10.0.103\Microsoft.Common.CurrentVersion.targets(2606,5): message : Property 'LOCALAPPDATA' with value 'C:\Users\krish.maniar.ATPL-LAP-723\AppData\Local' expanded from the environment.
       The "SolutionPath" property is a global property, and cannot be modified.
       The "_RestoreSolutionFileUsed" property is a global property, and cannot be modified.
       C:\Program Files\dotnet\sdk\10.0.103\Microsoft.Common.CurrentVersion.targets(3934,5): message : Property reassignment: $(_SGenGenerateSerializationAssembliesConfig)="Auto" (previous value: "") at C:\Program Files\dotnet\sdk\10.0.103\Microsoft.Common.CurrentVersion.targets (3934,5)
       The "NuGetInteractive" property is a global property, and cannot be modified.
       The "SolutionDir" property is a global property, and cannot be modified.
       C:\Program Files\dotnet\sdk\10.0.103\NuGet.targets(123,5): message : Property reassignment: $(_GenerateRestoreGraphProjectEntryInputProperties)="
       C:\Program Files\dotnet\sdk\10.0.103\NuGet.targets(123,5): message :       ExcludeRestorePackageImports=true;
       C:\Program Files\dotnet\sdk\10.0.103\NuGet.targets(123,5): message :       _RestoreSolutionFileUsed=true;
       C:\Program Files\dotnet\sdk\10.0.103\NuGet.targets(123,5): message :       SolutionDir=c:\Apps\TicketConsolidator\;
       C:\Program Files\dotnet\sdk\10.0.103\NuGet.targets(123,5): message :       SolutionName=TicketConsolidator;
       C:\Program Files\dotnet\sdk\10.0.103\NuGet.targets(123,5): message :       SolutionFileName=TicketConsolidator.sln;
       C:\Program Files\dotnet\sdk\10.0.103\NuGet.targets(123,5): message :       SolutionPath=c:\Apps\TicketConsolidator\TicketConsolidator.sln;
       C:\Program Files\dotnet\sdk\10.0.103\NuGet.targets(123,5): message :       SolutionExt=.sln;
       C:\Program Files\dotnet\sdk\10.0.103\NuGet.targets(123,5): message :     " (previous value: "ExcludeRestorePackageImports=true") at C:\Program Files\dotnet\sdk\10.0.103\NuGet.targets (123,5)
       The "SolutionExt" property is a global property, and cannot be modified.
       C:\Program Files\dotnet\sdk\10.0.103\Microsoft.Common.CurrentVersion.targets(392,5): message : Property reassignment: $(MSBuildCopyMarkerName)="TicketCo.5E7C467A" (previous value: "TicketConsolidator.Application.csproj") at C:\Program Files\dotnet\sdk\10.0.103\Microsoft.Common.CurrentVersion.targets (392,5)
       C:\Program Files\dotnet\sdk\10.0.103\Microsoft.Common.CurrentVersion.targets(393,5): message : Property reassignment: $(MSBuildCopyMarkerName)="TicketCo.5E7C467A.Up2Date" (previous value: "TicketCo.5E7C467A") at C:\Program Files\dotnet\sdk\10.0.103\Microsoft.Common.CurrentVersion.targets (393,5)
       C:\Program Files\dotnet\sdk\10.0.103\Microsoft.Common.CurrentVersion.targets(541,5): message : Property reassignment: $(ProcessorArchitecture)="msil" (previous value: "") at C:\Program Files\dotnet\sdk\10.0.103\Microsoft.Common.CurrentVersion.targets (541,5)
       C:\Program Files\dotnet\sdk\10.0.103\Microsoft.Common.CurrentVersion.targets(580,5): message : Property reassignment: $(DelaySign)="" (previous value: "false") at C:\Program Files\dotnet\sdk\10.0.103\Microsoft.Common.CurrentVersion.targets (580,5)
       C:\Program Files\dotnet\sdk\10.0.103\Sdks\Microsoft.NET.Sdk\targets\Microsoft.PackageDependencyResolution.targets(24,5): message : Property reassignment: $(ProjectAssetsFile)="c:\Apps\TicketConsolidator\src\TicketConsolidator.Infrastructure\obj\project.assets.json" (previous value: "c:\Apps\TicketConsolidator\src\TicketConsolidator.Infrastructure\obj\/project.assets.json") at C:\Program Files\dotnet\sdk\10.0.103\Sdks\Microsoft.NET.Sdk\targets\Microsoft.PackageDependencyResolution.targets (24,5)
       The SDK "Microsoft.NET.Sdk.Web.ProjectSystem" was successfully resolved by the "DefaultSdkResolver" resolver to location "C:\Program Files\dotnet\sdk\10.0.103\Sdks\Microsoft.NET.Sdk.Web.ProjectSystem\Sdk" and version "".
       C:\Program Files\dotnet\sdk\10.0.103\Microsoft.Common.CurrentVersion.targets(2606,5): message : Property 'LOCALAPPDATA' with value 'C:\Users\krish.maniar.ATPL-LAP-723\AppData\Local' expanded from the environment.
       C:\Program Files\dotnet\sdk\10.0.103\Microsoft.Common.CurrentVersion.targets(3934,5): message : Property reassignment: $(_SGenGenerateSerializationAssembliesConfig)="Auto" (previous value: "") at C:\Program Files\dotnet\sdk\10.0.103\Microsoft.Common.CurrentVersion.targets (3934,5)
       C:\Program Files\dotnet\sdk\10.0.103\Sdks\Microsoft.NET.Sdk\targets\Microsoft.PackageDependencyResolution.targets(29,5): message : Property reassignment: $(ProjectAssetsCacheFile)="c:\Apps\TicketConsolidator\src\TicketConsolidator.Infrastructure\obj\Debug\net10.0-windows\TicketConsolidator.Infrastructure.assets.cache" (previous value: "obj\Debug\net10.0-windows\TicketConsolidator.Infrastructure.assets.cache") at C:\Program Files\dotnet\sdk\10.0.103\Sdks\Microsoft.NET.Sdk\targets\Microsoft.PackageDependencyResolution.targets (29,5)
       C:\Program Files\dotnet\sdk\10.0.103\Microsoft.Common.CurrentVersion.targets(3935,5): message : Property reassignment: $(_SGenGenerateSerializationAssembliesConfig)="Off" (previous value: "Auto") at C:\Program Files\dotnet\sdk\10.0.103\Microsoft.Common.CurrentVersion.targets (3935,5)
       C:\Program Files\dotnet\sdk\10.0.103\Sdks\Microsoft.NET.Sdk\targets\Microsoft.PackageDependencyResolution.targets(80,5): message : Property reassignment: $(ResolveAssemblyReferencesDependsOn)="
       C:\Program Files\dotnet\sdk\10.0.103\Sdks\Microsoft.NET.Sdk\targets\Microsoft.PackageDependencyResolution.targets(80,5): message :       
       C:\Program Files\dotnet\sdk\10.0.103\Sdks\Microsoft.NET.Sdk\targets\Microsoft.PackageDependencyResolution.targets(80,5): message :       ResolveProjectReferences;
       C:\Program Files\dotnet\sdk\10.0.103\Sdks\Microsoft.NET.Sdk\targets\Microsoft.PackageDependencyResolution.targets(80,5): message :       FindInvalidProjectReferences;
       C:\Program Files\dotnet\sdk\10.0.103\Sdks\Microsoft.NET.Sdk\targets\Microsoft.PackageDependencyResolution.targets(80,5): message :       GetFrameworkPaths;
       C:\Program Files\dotnet\sdk\10.0.103\Sdks\Microsoft.NET.Sdk\targets\Microsoft.PackageDependencyResolution.targets(80,5): message :       GetReferenceAssemblyPaths;
       C:\Program Files\dotnet\sdk\10.0.103\Sdks\Microsoft.NET.Sdk\targets\Microsoft.PackageDependencyResolution.targets(80,5): message :       PrepareForBuild;
       C:\Program Files\dotnet\sdk\10.0.103\Sdks\Microsoft.NET.Sdk\targets\Microsoft.PackageDependencyResolution.targets(80,5): message :       ResolveSDKReferences;
       C:\Program Files\dotnet\sdk\10.0.103\Sdks\Microsoft.NET.Sdk\targets\Microsoft.PackageDependencyResolution.targets(80,5): message :       ExpandSDKReferences;
       C:\Program Files\dotnet\sdk\10.0.103\Sdks\Microsoft.NET.Sdk\targets\Microsoft.PackageDependencyResolution.targets(80,5): message :     ;
       C:\Program Files\dotnet\sdk\10.0.103\Sdks\Microsoft.NET.Sdk\targets\Microsoft.PackageDependencyResolution.targets(80,5): message :       ResolvePackageDependenciesForBuild;
       C:\Program Files\dotnet\sdk\10.0.103\Sdks\Microsoft.NET.Sdk\targets\Microsoft.PackageDependencyResolution.targets(80,5): message :       _HandlePackageFileConflicts;
       C:\Program Files\dotnet\sdk\10.0.103\Sdks\Microsoft.NET.Sdk\targets\Microsoft.PackageDependencyResolution.targets(80,5): message :     " (previous value: "
       C:\Program Files\dotnet\sdk\10.0.103\Sdks\Microsoft.NET.Sdk\targets\Microsoft.PackageDependencyResolution.targets(80,5): message :       ResolveProjectReferences;
       C:\Program Files\dotnet\sdk\10.0.103\Sdks\Microsoft.NET.Sdk\targets\Microsoft.PackageDependencyResolution.targets(80,5): message :       FindInvalidProjectReferences;
       C:\Program Files\dotnet\sdk\10.0.103\Sdks\Microsoft.NET.Sdk\targets\Microsoft.PackageDependencyResolution.targets(80,5): message :       GetFrameworkPaths;
       C:\Program Files\dotnet\sdk\10.0.103\Sdks\Microsoft.NET.Sdk\targets\Microsoft.PackageDependencyResolution.targets(80,5): message :       GetReferenceAssemblyPaths;
       C:\Program Files\dotnet\sdk\10.0.103\Sdks\Microsoft.NET.Sdk\targets\Microsoft.PackageDependencyResolution.targets(80,5): message :       PrepareForBuild;
       C:\Program Files\dotnet\sdk\10.0.103\Sdks\Microsoft.NET.Sdk\targets\Microsoft.PackageDependencyResolution.targets(80,5): message :       ResolveSDKReferences;
       C:\Program Files\dotnet\sdk\10.0.103\Sdks\Microsoft.NET.Sdk\targets\Microsoft.PackageDependencyResolution.targets(80,5): message :       ExpandSDKReferences;
       C:\Program Files\dotnet\sdk\10.0.103\Sdks\Microsoft.NET.Sdk\targets\Microsoft.PackageDependencyResolution.targets(80,5): message :     ") at C:\Program Files\dotnet\sdk\10.0.103\Sdks\Microsoft.NET.Sdk\targets\Microsoft.PackageDependencyResolution.targets (80,5)
       C:\Program Files\dotnet\sdk\10.0.103\Microsoft.Common.CurrentVersion.targets(5146,5): message : Property reassignment: $(_TargetsThatPrepareProjectReferences)="
       C:\Program Files\dotnet\sdk\10.0.103\Microsoft.Common.CurrentVersion.targets(5146,5): message :       AssignProjectConfiguration;
       C:\Program Files\dotnet\sdk\10.0.103\Microsoft.Common.CurrentVersion.targets(5146,5): message :       _SplitProjectReferencesByFileExistence
       C:\Program Files\dotnet\sdk\10.0.103\Microsoft.Common.CurrentVersion.targets(5146,5): message :     " (previous value: "_SplitProjectReferencesByFileExistence") at C:\Program Files\dotnet\sdk\10.0.103\Microsoft.Common.CurrentVersion.targets (5146,5)
       C:\Program Files\dotnet\sdk\10.0.103\Sdks\Microsoft.NET.Sdk\targets\Microsoft.PackageDependencyResolution.targets(86,5): message : Property reassignment: $(PrepareResourcesDependsOn)="
       C:\Program Files\dotnet\sdk\10.0.103\Sdks\Microsoft.NET.Sdk\targets\Microsoft.PackageDependencyResolution.targets(86,5): message :       ResolvePackageDependenciesForBuild;
       C:\Program Files\dotnet\sdk\10.0.103\Sdks\Microsoft.NET.Sdk\targets\Microsoft.PackageDependencyResolution.targets(86,5): message :       _HandlePackageFileConflicts;
       C:\Program Files\dotnet\sdk\10.0.103\Sdks\Microsoft.NET.Sdk\targets\Microsoft.PackageDependencyResolution.targets(86,5): message :       
       C:\Program Files\dotnet\sdk\10.0.103\Sdks\Microsoft.NET.Sdk\targets\Microsoft.PackageDependencyResolution.targets(86,5): message :       ;
       C:\Program Files\dotnet\sdk\10.0.103\Sdks\Microsoft.NET.Sdk\targets\Microsoft.PackageDependencyResolution.targets(86,5): message :       PrepareResourceNames;
       C:\Program Files\dotnet\sdk\10.0.103\Sdks\Microsoft.NET.Sdk\targets\Microsoft.PackageDependencyResolution.targets(86,5): message :       ResGen;
       C:\Program Files\dotnet\sdk\10.0.103\Sdks\Microsoft.NET.Sdk\targets\Microsoft.PackageDependencyResolution.targets(86,5): message :       CompileLicxFiles
       C:\Program Files\dotnet\sdk\10.0.103\Sdks\Microsoft.NET.Sdk\targets\Microsoft.PackageDependencyResolution.targets(86,5): message :     
       C:\Program Files\dotnet\sdk\10.0.103\Sdks\Microsoft.NET.Sdk\targets\Microsoft.PackageDependencyResolution.targets(86,5): message :     " (previous value: "
       C:\Program Files\dotnet\sdk\10.0.103\Sdks\Microsoft.NET.Sdk\targets\Microsoft.PackageDependencyResolution.targets(86,5): message :       ;
       C:\Program Files\dotnet\sdk\10.0.103\Sdks\Microsoft.NET.Sdk\targets\Microsoft.PackageDependencyResolution.targets(86,5): message :       PrepareResourceNames;
       C:\Program Files\dotnet\sdk\10.0.103\Sdks\Microsoft.NET.Sdk\targets\Microsoft.PackageDependencyResolution.targets(86,5): message :       ResGen;
       C:\Program Files\dotnet\sdk\10.0.103\Sdks\Microsoft.NET.Sdk\targets\Microsoft.PackageDependencyResolution.targets(86,5): message :       CompileLicxFiles
       C:\Program Files\dotnet\sdk\10.0.103\Sdks\Microsoft.NET.Sdk\targets\Microsoft.PackageDependencyResolution.targets(86,5): message :     ") at C:\Program Files\dotnet\sdk\10.0.103\Sdks\Microsoft.NET.Sdk\targets\Microsoft.PackageDependencyResolution.targets (86,5)
       C:\Program Files\dotnet\sdk\10.0.103\Microsoft.Common.CurrentVersion.targets(6959,5): message : Property 'MSBuildExtensionsPath32' with value 'C:\Program Files\dotnet\sdk\10.0.103' expanded from the environment.
       The "EnableDefaultCompileItems" property is a global property, and cannot be modified.
       The "_RestoreSolutionFileUsed" property is a global property, and cannot be modified.
       The "EnableDefaultEmbeddedResourceItems" property is a global property, and cannot be modified.
       The "NuGetInteractive" property is a global property, and cannot be modified.
       The "EnableDefaultNoneItems" property is a global property, and cannot be modified.
       C:\Program Files\dotnet\sdk\10.0.103\NuGet.targets(123,5): message : Property reassignment: $(_GenerateRestoreGraphProjectEntryInputProperties)="
       C:\Program Files\dotnet\sdk\10.0.103\NuGet.targets(123,5): message :       ExcludeRestorePackageImports=true;
       C:\Program Files\dotnet\sdk\10.0.103\NuGet.targets(123,5): message :       _RestoreSolutionFileUsed=true;
       C:\Program Files\dotnet\sdk\10.0.103\NuGet.targets(123,5): message :       SolutionDir=c:\Apps\TicketConsolidator\;
       C:\Program Files\dotnet\sdk\10.0.103\NuGet.targets(123,5): message :       SolutionName=TicketConsolidator;
       C:\Program Files\dotnet\sdk\10.0.103\NuGet.targets(123,5): message :       SolutionFileName=TicketConsolidator.sln;
       C:\Program Files\dotnet\sdk\10.0.103\NuGet.targets(123,5): message :       SolutionPath=c:\Apps\TicketConsolidator\TicketConsolidator.sln;
       C:\Program Files\dotnet\sdk\10.0.103\NuGet.targets(123,5): message :       SolutionExt=.sln;
       C:\Program Files\dotnet\sdk\10.0.103\NuGet.targets(123,5): message :     " (previous value: "ExcludeRestorePackageImports=true") at C:\Program Files\dotnet\sdk\10.0.103\NuGet.targets (123,5)
       C:\Program Files\dotnet\sdk\10.0.103\Sdks\Microsoft.NET.Sdk\targets\Microsoft.NET.Sdk.DefaultItems.targets(35,5): message : Property reassignment: $(DefaultItemExcludes)=";bin\Debug\/**;obj\Debug\/**;bin\/**" (previous value: ";bin\Debug\/**;obj\Debug\/**") at C:\Program Files\dotnet\sdk\10.0.103\Sdks\Microsoft.NET.Sdk\targets\Microsoft.NET.Sdk.DefaultItems.targets (35,5)
       C:\Program Files\dotnet\sdk\10.0.103\Sdks\Microsoft.NET.Sdk\targets\Microsoft.NET.Sdk.DefaultItems.targets(37,5): message : Property reassignment: $(DefaultItemExcludes)=";bin\Debug\/**;obj\Debug\/**;bin\/**;obj\/**" (previous value: ";bin\Debug\/**;obj\Debug\/**;bin\/**") at C:\Program Files\dotnet\sdk\10.0.103\Sdks\Microsoft.NET.Sdk\targets\Microsoft.NET.Sdk.DefaultItems.targets (37,5)
       C:\Program Files\dotnet\sdk\10.0.103\Sdks\Microsoft.NET.Sdk\targets\Microsoft.NET.Sdk.DefaultItems.targets(40,5): message : Property reassignment: $(DefaultItemExcludes)=";bin\Debug\/**;obj\Debug\/**;bin\/**;obj\/**;**/*.user" (previous value: ";bin\Debug\/**;obj\Debug\/**;bin\/**;obj\/**") at C:\Program Files\dotnet\sdk\10.0.103\Sdks\Microsoft.NET.Sdk\targets\Microsoft.NET.Sdk.DefaultItems.targets (40,5)
       C:\Program Files\dotnet\sdk\10.0.103\Sdks\Microsoft.NET.Sdk\targets\Microsoft.NET.Sdk.DefaultItems.targets(41,5): message : Property reassignment: $(DefaultItemExcludes)=";bin\Debug\/**;obj\Debug\/**;bin\/**;obj\/**;**/*.user;**/*.*proj" (previous value: ";bin\Debug\/**;obj\Debug\/**;bin\/**;obj\/**;**/*.user") at C:\Program Files\dotnet\sdk\10.0.103\Sdks\Microsoft.NET.Sdk\targets\Microsoft.NET.Sdk.DefaultItems.targets (41,5)
       C:\Program Files\dotnet\sdk\10.0.103\Sdks\Microsoft.NET.Sdk\targets\Microsoft.NET.Sdk.DefaultItems.targets(42,5): message : Property reassignment: $(DefaultItemExcludes)=";bin\Debug\/**;obj\Debug\/**;bin\/**;obj\/**;**/*.user;**/*.*proj;**/*.sln" (previous value: ";bin\Debug\/**;obj\Debug\/**;bin\/**;obj\/**;**/*.user;**/*.*proj") at C:\Program Files\dotnet\sdk\10.0.103\Sdks\Microsoft.NET.Sdk\targets\Microsoft.NET.Sdk.DefaultItems.targets (42,5)
       C:\Program Files\dotnet\sdk\10.0.103\Sdks\Microsoft.NET.Sdk\targets\Microsoft.NET.Sdk.DefaultItems.targets(43,5): message : Property reassignment: $(DefaultItemExcludes)=";bin\Debug\/**;obj\Debug\/**;bin\/**;obj\/**;**/*.user;**/*.*proj;**/*.sln;**/*.slnx" (previous value: ";bin\Debug\/**;obj\Debug\/**;bin\/**;obj\/**;**/*.user;**/*.*proj;**/*.sln") at C:\Program Files\dotnet\sdk\10.0.103\Sdks\Microsoft.NET.Sdk\targets\Microsoft.NET.Sdk.DefaultItems.targets (43,5)
       C:\Program Files\dotnet\sdk\10.0.103\Sdks\Microsoft.NET.Sdk\targets\Microsoft.NET.Sdk.DefaultItems.targets(44,5): message : Property reassignment: $(DefaultItemExcludes)=";bin\Debug\/**;obj\Debug\/**;bin\/**;obj\/**;**/*.user;**/*.*proj;**/*.sln;**/*.slnx;**/*.vssscc" (previous value: ";bin\Debug\/**;obj\Debug\/**;bin\/**;obj\/**;**/*.user;**/*.*proj;**/*.sln;**/*.slnx") at C:\Program Files\dotnet\sdk\10.0.103\Sdks\Microsoft.NET.Sdk\targets\Microsoft.NET.Sdk.DefaultItems.targets (44,5)
       C:\Program Files\dotnet\sdk\10.0.103\Sdks\Microsoft.NET.Sdk\targets\Microsoft.NET.Sdk.DefaultItems.targets(45,5): message : Property reassignment: $(DefaultItemExcludes)=";bin\Debug\/**;obj\Debug\/**;bin\/**;obj\/**;**/*.user;**/*.*proj;**/*.sln;**/*.slnx;**/*.vssscc;**/.DS_Store" (previous value: ";bin\Debug\/**;obj\Debug\/**;bin\/**;obj\/**;**/*.user;**/*.*proj;**/*.sln;**/*.slnx;**/*.vssscc") at C:\Program Files\dotnet\sdk\10.0.103\Sdks\Microsoft.NET.Sdk\targets\Microsoft.NET.Sdk.DefaultItems.targets (45,5)
       C:\Program Files\dotnet\sdk\10.0.103\Sdks\Microsoft.NET.Sdk\targets\Microsoft.NET.Sdk.FrameworkReferenceResolution.targets(14,5): message : Property reassignment: $(ResolveAssemblyReferencesDependsOn)="
       C:\Program Files\dotnet\sdk\10.0.103\Sdks\Microsoft.NET.Sdk\targets\Microsoft.NET.Sdk.FrameworkReferenceResolution.targets(14,5): message :       
       C:\Program Files\dotnet\sdk\10.0.103\Sdks\Microsoft.NET.Sdk\targets\Microsoft.NET.Sdk.FrameworkReferenceResolution.targets(14,5): message :       
       C:\Program Files\dotnet\sdk\10.0.103\Sdks\Microsoft.NET.Sdk\targets\Microsoft.NET.Sdk.FrameworkReferenceResolution.targets(14,5): message :       ResolveProjectReferences;
       C:\Program Files\dotnet\sdk\10.0.103\Sdks\Microsoft.NET.Sdk\targets\Microsoft.NET.Sdk.FrameworkReferenceResolution.targets(14,5): message :       FindInvalidProjectReferences;
       C:\Program Files\dotnet\sdk\10.0.103\Sdks\Microsoft.NET.Sdk\targets\Microsoft.NET.Sdk.FrameworkReferenceResolution.targets(14,5): message :       GetFrameworkPaths;
       C:\Program Files\dotnet\sdk\10.0.103\Sdks\Microsoft.NET.Sdk\targets\Microsoft.NET.Sdk.FrameworkReferenceResolution.targets(14,5): message :       GetReferenceAssemblyPaths;
       C:\Program Files\dotnet\sdk\10.0.103\Sdks\Microsoft.NET.Sdk\targets\Microsoft.NET.Sdk.FrameworkReferenceResolution.targets(14,5): message :       PrepareForBuild;
       C:\Program Files\dotnet\sdk\10.0.103\Sdks\Microsoft.NET.Sdk\targets\Microsoft.NET.Sdk.FrameworkReferenceResolution.targets(14,5): message :       ResolveSDKReferences;
       C:\Program Files\dotnet\sdk\10.0.103\Sdks\Microsoft.NET.Sdk\targets\Microsoft.NET.Sdk.FrameworkReferenceResolution.targets(14,5): message :       ExpandSDKReferences;
       C:\Program Files\dotnet\sdk\10.0.103\Sdks\Microsoft.NET.Sdk\targets\Microsoft.NET.Sdk.FrameworkReferenceResolution.targets(14,5): message :     ;
       C:\Program Files\dotnet\sdk\10.0.103\Sdks\Microsoft.NET.Sdk\targets\Microsoft.NET.Sdk.FrameworkReferenceResolution.targets(14,5): message :       ResolvePackageDependenciesForBuild;
       C:\Program Files\dotnet\sdk\10.0.103\Sdks\Microsoft.NET.Sdk\targets\Microsoft.NET.Sdk.FrameworkReferenceResolution.targets(14,5): message :       _HandlePackageFileConflicts;
       C:\Program Files\dotnet\sdk\10.0.103\Sdks\Microsoft.NET.Sdk\targets\Microsoft.NET.Sdk.FrameworkReferenceResolution.targets(14,5): message :     ;
       C:\Program Files\dotnet\sdk\10.0.103\Sdks\Microsoft.NET.Sdk\targets\Microsoft.NET.Sdk.FrameworkReferenceResolution.targets(14,5): message :       ResolveTargetingPackAssets;
       C:\Program Files\dotnet\sdk\10.0.103\Sdks\Microsoft.NET.Sdk\targets\Microsoft.NET.Sdk.FrameworkReferenceResolution.targets(14,5): message :     " (previous value: "
       C:\Program Files\dotnet\sdk\10.0.103\Sdks\Microsoft.NET.Sdk\targets\Microsoft.NET.Sdk.FrameworkReferenceResolution.targets(14,5): message :       
       C:\Program Files\dotnet\sdk\10.0.103\Sdks\Microsoft.NET.Sdk\targets\Microsoft.NET.Sdk.FrameworkReferenceResolution.targets(14,5): message :       ResolveProjectReferences;
       C:\Program Files\dotnet\sdk\10.0.103\Sdks\Microsoft.NET.Sdk\targets\Microsoft.NET.Sdk.FrameworkReferenceResolution.targets(14,5): message :       FindInvalidProjectReferences;
       C:\Program Files\dotnet\sdk\10.0.103\Sdks\Microsoft.NET.Sdk\targets\Microsoft.NET.Sdk.FrameworkReferenceResolution.targets(14,5): message :       GetFrameworkPaths;
       C:\Program Files\dotnet\sdk\10.0.103\Sdks\Microsoft.NET.Sdk\targets\Microsoft.NET.Sdk.FrameworkReferenceResolution.targets(14,5): message :       GetReferenceAssemblyPaths;
       C:\Program Files\dotnet\sdk\10.0.103\Sdks\Microsoft.NET.Sdk\targets\Microsoft.NET.Sdk.FrameworkReferenceResolution.targets(14,5): message :       PrepareForBuild;
       C:\Program Files\dotnet\sdk\10.0.103\Sdks\Microsoft.NET.Sdk\targets\Microsoft.NET.Sdk.FrameworkReferenceResolution.targets(14,5): message :       ResolveSDKReferences;
       C:\Program Files\dotnet\sdk\10.0.103\Sdks\Microsoft.NET.Sdk\targets\Microsoft.NET.Sdk.FrameworkReferenceResolution.targets(14,5): message :       ExpandSDKReferences;
       C:\Program Files\dotnet\sdk\10.0.103\Sdks\Microsoft.NET.Sdk\targets\Microsoft.NET.Sdk.FrameworkReferenceResolution.targets(14,5): message :     ;
       C:\Program Files\dotnet\sdk\10.0.103\Sdks\Microsoft.NET.Sdk\targets\Microsoft.NET.Sdk.FrameworkReferenceResolution.targets(14,5): message :       ResolvePackageDependenciesForBuild;
       C:\Program Files\dotnet\sdk\10.0.103\Sdks\Microsoft.NET.Sdk\targets\Microsoft.NET.Sdk.FrameworkReferenceResolution.targets(14,5): message :       _HandlePackageFileConflicts;
       C:\Program Files\dotnet\sdk\10.0.103\Sdks\Microsoft.NET.Sdk\targets\Microsoft.NET.Sdk.FrameworkReferenceResolution.targets(14,5): message :     ") at C:\Program Files\dotnet\sdk\10.0.103\Sdks\Microsoft.NET.Sdk\targets\Microsoft.NET.Sdk.FrameworkReferenceResolution.targets (14,5)
       C:\Program Files\dotnet\sdk\10.0.103\Sdks\Microsoft.NET.Sdk\targets\Microsoft.NET.Sdk.targets(44,5): message : Property reassignment: $(_GenerateRuntimeConfigurationPropertyInputsCache)="c:\Apps\TicketConsolidator\src\TicketConsolidator.Infrastructure\obj\Debug\net10.0-windows\TicketConsolidator.Infrastructure.genruntimeconfig.cache" (previous value: "obj\Debug\net10.0-windows\TicketConsolidator.Infrastructure.genruntimeconfig.cache") at C:\Program Files\dotnet\sdk\10.0.103\Sdks\Microsoft.NET.Sdk\targets\Microsoft.NET.Sdk.targets (44,5)
       C:\Program Files\dotnet\sdk\10.0.103\Sdks\Microsoft.NET.Sdk\targets\Microsoft.NET.Sdk.targets(46,5): message : Property reassignment: $(_GeneratePublishDependencyFilePropertyInputsCache)="c:\Apps\TicketConsolidator\src\TicketConsolidator.Infrastructure\obj\Debug\net10.0-windows\TicketConsolidator.Infrastructure.genpublishdeps.cache" (previous value: "obj\Debug\net10.0-windows\TicketConsolidator.Infrastructure.genpublishdeps.cache") at C:\Program Files\dotnet\sdk\10.0.103\Sdks\Microsoft.NET.Sdk\targets\Microsoft.NET.Sdk.targets (46,5)
       C:\Program Files\dotnet\sdk\10.0.103\Sdks\Microsoft.NET.Sdk\targets\Microsoft.NET.Sdk.targets(48,5): message : Property reassignment: $(_GenerateSingleFileBundlePropertyInputsCache)="c:\Apps\TicketConsolidator\src\TicketConsolidator.Infrastructure\obj\Debug\net10.0-windows\TicketConsolidator.Infrastructure.genbundle.cache" (previous value: "obj\Debug\net10.0-windows\TicketConsolidator.Infrastructure.genbundle.cache") at C:\Program Files\dotnet\sdk\10.0.103\Sdks\Microsoft.NET.Sdk\targets\Microsoft.NET.Sdk.targets (48,5)
       C:\Program Files\dotnet\sdk\10.0.103\Sdks\Microsoft.NET.Sdk\targets\Microsoft.NET.Sdk.targets(81,5): message : Property reassignment: $(GenerateRuntimeConfigDevFile)="false" (previous value: "true") at C:\Program Files\dotnet\sdk\10.0.103\Sdks\Microsoft.NET.Sdk\targets\Microsoft.NET.Sdk.targets (81,5)
       C:\Program Files\dotnet\sdk\10.0.103\Sdks\Microsoft.NET.Sdk\targets\Microsoft.PackageDependencyResolution.targets(24,5): message : Property reassignment: $(ProjectAssetsFile)="c:\Apps\TicketConsolidator\src\TicketConsolidator.UI\obj\project.assets.json" (previous value: "c:\Apps\TicketConsolidator\src\TicketConsolidator.UI\obj\/project.assets.json") at C:\Program Files\dotnet\sdk\10.0.103\Sdks\Microsoft.NET.Sdk\targets\Microsoft.PackageDependencyResolution.targets (24,5)
       C:\Program Files\dotnet\sdk\10.0.103\Sdks\Microsoft.NET.Sdk\targets\Microsoft.NET.Sdk.targets(98,5): message : Property 'USERPROFILE' with value 'C:\Users\krish.maniar.ATPL-LAP-723' expanded from the environment.
       C:\Program Files\dotnet\sdk\10.0.103\Sdks\Microsoft.NET.Sdk\targets\Microsoft.PackageDependencyResolution.targets(29,5): message : Property reassignment: $(ProjectAssetsCacheFile)="c:\Apps\TicketConsolidator\src\TicketConsolidator.UI\obj\Debug\net10.0-windows\TicketConsolidator.UI.assets.cache" (previous value: "obj\Debug\net10.0-windows\TicketConsolidator.UI.assets.cache") at C:\Program Files\dotnet\sdk\10.0.103\Sdks\Microsoft.NET.Sdk\targets\Microsoft.PackageDependencyResolution.targets (29,5)
       C:\Program Files\dotnet\sdk\10.0.103\Sdks\Microsoft.NET.Sdk\targets\Microsoft.PackageDependencyResolution.targets(80,5): message : Property reassignment: $(ResolveAssemblyReferencesDependsOn)="
       C:\Program Files\dotnet\sdk\10.0.103\Sdks\Microsoft.NET.Sdk\targets\Microsoft.PackageDependencyResolution.targets(80,5): message :       
       C:\Program Files\dotnet\sdk\10.0.103\Sdks\Microsoft.NET.Sdk\targets\Microsoft.PackageDependencyResolution.targets(80,5): message :       ResolveProjectReferences;
       C:\Program Files\dotnet\sdk\10.0.103\Sdks\Microsoft.NET.Sdk\targets\Microsoft.PackageDependencyResolution.targets(80,5): message :       FindInvalidProjectReferences;
       C:\Program Files\dotnet\sdk\10.0.103\Sdks\Microsoft.NET.Sdk\targets\Microsoft.PackageDependencyResolution.targets(80,5): message :       GetFrameworkPaths;
       C:\Program Files\dotnet\sdk\10.0.103\Sdks\Microsoft.NET.Sdk\targets\Microsoft.PackageDependencyResolution.targets(80,5): message :       GetReferenceAssemblyPaths;
       C:\Program Files\dotnet\sdk\10.0.103\Sdks\Microsoft.NET.Sdk\targets\Microsoft.PackageDependencyResolution.targets(80,5): message :       PrepareForBuild;
       C:\Program Files\dotnet\sdk\10.0.103\Sdks\Microsoft.NET.Sdk\targets\Microsoft.PackageDependencyResolution.targets(80,5): message :       ResolveSDKReferences;
       C:\Program Files\dotnet\sdk\10.0.103\Sdks\Microsoft.NET.Sdk\targets\Microsoft.PackageDependencyResolution.targets(80,5): message :       ExpandSDKReferences;
       C:\Program Files\dotnet\sdk\10.0.103\Sdks\Microsoft.NET.Sdk\targets\Microsoft.PackageDependencyResolution.targets(80,5): message :     ;
       C:\Program Files\dotnet\sdk\10.0.103\Sdks\Microsoft.NET.Sdk\targets\Microsoft.PackageDependencyResolution.targets(80,5): message :       ResolvePackageDependenciesForBuild;
       C:\Program Files\dotnet\sdk\10.0.103\Sdks\Microsoft.NET.Sdk\targets\Microsoft.PackageDependencyResolution.targets(80,5): message :       _HandlePackageFileConflicts;
       C:\Program Files\dotnet\sdk\10.0.103\Sdks\Microsoft.NET.Sdk\targets\Microsoft.PackageDependencyResolution.targets(80,5): message :     " (previous value: "
       C:\Program Files\dotnet\sdk\10.0.103\Sdks\Microsoft.NET.Sdk\targets\Microsoft.PackageDependencyResolution.targets(80,5): message :       ResolveProjectReferences;
       C:\Program Files\dotnet\sdk\10.0.103\Sdks\Microsoft.NET.Sdk\targets\Microsoft.PackageDependencyResolution.targets(80,5): message :       FindInvalidProjectReferences;
       C:\Program Files\dotnet\sdk\10.0.103\Sdks\Microsoft.NET.Sdk\targets\Microsoft.PackageDependencyResolution.targets(80,5): message :       GetFrameworkPaths;
       C:\Program Files\dotnet\sdk\10.0.103\Sdks\Microsoft.NET.Sdk\targets\Microsoft.PackageDependencyResolution.targets(80,5): message :       GetReferenceAssemblyPaths;
       C:\Program Files\dotnet\sdk\10.0.103\Sdks\Microsoft.NET.Sdk\targets\Microsoft.PackageDependencyResolution.targets(80,5): message :       PrepareForBuild;
       C:\Program Files\dotnet\sdk\10.0.103\Sdks\Microsoft.NET.Sdk\targets\Microsoft.PackageDependencyResolution.targets(80,5): message :       ResolveSDKReferences;
       C:\Program Files\dotnet\sdk\10.0.103\Sdks\Microsoft.NET.Sdk\targets\Microsoft.PackageDependencyResolution.targets(80,5): message :       ExpandSDKReferences;
       C:\Program Files\dotnet\sdk\10.0.103\Sdks\Microsoft.NET.Sdk\targets\Microsoft.PackageDependencyResolution.targets(80,5): message :     ") at C:\Program Files\dotnet\sdk\10.0.103\Sdks\Microsoft.NET.Sdk\targets\Microsoft.PackageDependencyResolution.targets (80,5)
       C:\Program Files\dotnet\sdk\10.0.103\Sdks\Microsoft.NET.Sdk\targets\Microsoft.NET.Sdk.targets(98,5): message : Property reassignment: $(_DefaultUserProfileRuntimeStorePath)="C:\Users\krish.maniar.ATPL-LAP-723" (previous value: "") at C:\Program Files\dotnet\sdk\10.0.103\Sdks\Microsoft.NET.Sdk\targets\Microsoft.NET.Sdk.targets (98,5)
       C:\Program Files\dotnet\sdk\10.0.103\Sdks\Microsoft.NET.Sdk\targets\Microsoft.PackageDependencyResolution.targets(86,5): message : Property reassignment: $(PrepareResourcesDependsOn)="
       C:\Program Files\dotnet\sdk\10.0.103\Sdks\Microsoft.NET.Sdk\targets\Microsoft.PackageDependencyResolution.targets(86,5): message :       ResolvePackageDependenciesForBuild;
       C:\Program Files\dotnet\sdk\10.0.103\Sdks\Microsoft.NET.Sdk\targets\Microsoft.PackageDependencyResolution.targets(86,5): message :       _HandlePackageFileConflicts;
       C:\Program Files\dotnet\sdk\10.0.103\Sdks\Microsoft.NET.Sdk\targets\Microsoft.PackageDependencyResolution.targets(86,5): message :       
       C:\Program Files\dotnet\sdk\10.0.103\Sdks\Microsoft.NET.Sdk\targets\Microsoft.PackageDependencyResolution.targets(86,5): message :       ;
       C:\Program Files\dotnet\sdk\10.0.103\Sdks\Microsoft.NET.Sdk\targets\Microsoft.PackageDependencyResolution.targets(86,5): message :       PrepareResourceNames;
       C:\Program Files\dotnet\sdk\10.0.103\Sdks\Microsoft.NET.Sdk\targets\Microsoft.PackageDependencyResolution.targets(86,5): message :       ResGen;
       C:\Program Files\dotnet\sdk\10.0.103\Sdks\Microsoft.NET.Sdk\targets\Microsoft.PackageDependencyResolution.targets(86,5): message :       CompileLicxFiles
       C:\Program Files\dotnet\sdk\10.0.103\Sdks\Microsoft.NET.Sdk\targets\Microsoft.PackageDependencyResolution.targets(86,5): message :     
       C:\Program Files\dotnet\sdk\10.0.103\Sdks\Microsoft.NET.Sdk\targets\Microsoft.PackageDependencyResolution.targets(86,5): message :     " (previous value: "
       C:\Program Files\dotnet\sdk\10.0.103\Sdks\Microsoft.NET.Sdk\targets\Microsoft.PackageDependencyResolution.targets(86,5): message :       ;
       C:\Program Files\dotnet\sdk\10.0.103\Sdks\Microsoft.NET.Sdk\targets\Microsoft.PackageDependencyResolution.targets(86,5): message :       PrepareResourceNames;
       C:\Program Files\dotnet\sdk\10.0.103\Sdks\Microsoft.NET.Sdk\targets\Microsoft.PackageDependencyResolution.targets(86,5): message :       ResGen;
       C:\Program Files\dotnet\sdk\10.0.103\Sdks\Microsoft.NET.Sdk\targets\Microsoft.PackageDependencyResolution.targets(86,5): message :       CompileLicxFiles
       C:\Program Files\dotnet\sdk\10.0.103\Sdks\Microsoft.NET.Sdk\targets\Microsoft.PackageDependencyResolution.targets(86,5): message :     ") at C:\Program Files\dotnet\sdk\10.0.103\Sdks\Microsoft.NET.Sdk\targets\Microsoft.PackageDependencyResolution.targets (86,5)
       C:\Program Files\dotnet\sdk\10.0.103\Sdks\Microsoft.NET.Sdk\targets\Microsoft.NET.Sdk.targets(99,5): message : Property reassignment: $(_DefaultUserProfileRuntimeStorePath)="C:\Users\krish.maniar.ATPL-LAP-723\.dotnet\store" (previous value: "C:\Users\krish.maniar.ATPL-LAP-723") at C:\Program Files\dotnet\sdk\10.0.103\Sdks\Microsoft.NET.Sdk\targets\Microsoft.NET.Sdk.targets (99,5)
       The "EnableDefaultCompileItems" property is a global property, and cannot be modified.
       The "EnableDefaultEmbeddedResourceItems" property is a global property, and cannot be modified.
       C:\Program Files\dotnet\sdk\10.0.103\Sdks\Microsoft.NET.Sdk\targets\Microsoft.NET.Sdk.targets(144,5): message : Property reassignment: $(AvailablePlatforms)="Any CPU,x86,x64,ARM32" (previous value: "Any CPU,x86,x64") at C:\Program Files\dotnet\sdk\10.0.103\Sdks\Microsoft.NET.Sdk\targets\Microsoft.NET.Sdk.targets (144,5)
       The "EnableDefaultNoneItems" property is a global property, and cannot be modified.
       C:\Program Files\dotnet\sdk\10.0.103\Sdks\Microsoft.NET.Sdk\targets\Microsoft.NET.Sdk.targets(148,5): message : Property reassignment: $(AvailablePlatforms)="Any CPU,x86,x64,ARM32,ARM64" (previous value: "Any CPU,x86,x64,ARM32") at C:\Program Files\dotnet\sdk\10.0.103\Sdks\Microsoft.NET.Sdk\targets\Microsoft.NET.Sdk.targets (148,5)
       C:\Program Files\dotnet\sdk\10.0.103\Sdks\Microsoft.NET.Sdk\targets\Microsoft.NET.Sdk.DefaultItems.targets(35,5): message : Property reassignment: $(DefaultItemExcludes)=";bin\Debug\/**;obj\Debug\/**;bin\/**" (previous value: ";bin\Debug\/**;obj\Debug\/**") at C:\Program Files\dotnet\sdk\10.0.103\Sdks\Microsoft.NET.Sdk\targets\Microsoft.NET.Sdk.DefaultItems.targets (35,5)
       C:\Program Files\dotnet\sdk\10.0.103\Sdks\Microsoft.NET.Sdk\targets\Microsoft.NET.Sdk.targets(204,5): message : Property reassignment: $(CoreBuildDependsOn)="
       C:\Program Files\dotnet\sdk\10.0.103\Sdks\Microsoft.NET.Sdk\targets\Microsoft.NET.Sdk.targets(204,5): message :       _CheckForBuildWithNoBuild;
       C:\Program Files\dotnet\sdk\10.0.103\Sdks\Microsoft.NET.Sdk\targets\Microsoft.NET.Sdk.targets(204,5): message :       
       C:\Program Files\dotnet\sdk\10.0.103\Sdks\Microsoft.NET.Sdk\targets\Microsoft.NET.Sdk.targets(204,5): message :       BuildOnlySettings;
       C:\Program Files\dotnet\sdk\10.0.103\Sdks\Microsoft.NET.Sdk\targets\Microsoft.NET.Sdk.targets(204,5): message :       PrepareForBuild;
       C:\Program Files\dotnet\sdk\10.0.103\Sdks\Microsoft.NET.Sdk\targets\Microsoft.NET.Sdk.targets(204,5): message :       PreBuildEvent;
       C:\Program Files\dotnet\sdk\10.0.103\Sdks\Microsoft.NET.Sdk\targets\Microsoft.NET.Sdk.targets(204,5): message :       ResolveReferences;
       C:\Program Files\dotnet\sdk\10.0.103\Sdks\Microsoft.NET.Sdk\targets\Microsoft.NET.Sdk.targets(204,5): message :       PrepareResources;
       C:\Program Files\dotnet\sdk\10.0.103\Sdks\Microsoft.NET.Sdk\targets\Microsoft.NET.Sdk.targets(204,5): message :       ResolveKeySource;
       C:\Program Files\dotnet\sdk\10.0.103\Sdks\Microsoft.NET.Sdk\targets\Microsoft.NET.Sdk.targets(204,5): message :       Compile;
       C:\Program Files\dotnet\sdk\10.0.103\Sdks\Microsoft.NET.Sdk\targets\Microsoft.NET.Sdk.targets(204,5): message :       ExportWindowsMDFile;
       C:\Program Files\dotnet\sdk\10.0.103\Sdks\Microsoft.NET.Sdk\targets\Microsoft.NET.Sdk.targets(204,5): message :       UnmanagedUnregistration;
       C:\Program Files\dotnet\sdk\10.0.103\Sdks\Microsoft.NET.Sdk\targets\Microsoft.NET.Sdk.targets(204,5): message :       GenerateSerializationAssemblies;
       C:\Program Files\dotnet\sdk\10.0.103\Sdks\Microsoft.NET.Sdk\targets\Microsoft.NET.Sdk.targets(204,5): message :       CreateSatelliteAssemblies;
       C:\Program Files\dotnet\sdk\10.0.103\Sdks\Microsoft.NET.Sdk\targets\Microsoft.NET.Sdk.targets(204,5): message :       GenerateManifests;
       C:\Program Files\dotnet\sdk\10.0.103\Sdks\Microsoft.NET.Sdk\targets\Microsoft.NET.Sdk.targets(204,5): message :       GetTargetPath;
       C:\Program Files\dotnet\sdk\10.0.103\Sdks\Microsoft.NET.Sdk\targets\Microsoft.NET.Sdk.targets(204,5): message :       PrepareForRun;
       C:\Program Files\dotnet\sdk\10.0.103\Sdks\Microsoft.NET.Sdk\targets\Microsoft.NET.Sdk.targets(204,5): message :       UnmanagedRegistration;
       C:\Program Files\dotnet\sdk\10.0.103\Sdks\Microsoft.NET.Sdk\targets\Microsoft.NET.Sdk.targets(204,5): message :       IncrementalClean;
       C:\Program Files\dotnet\sdk\10.0.103\Sdks\Microsoft.NET.Sdk\targets\Microsoft.NET.Sdk.targets(204,5): message :       PostBuildEvent
       C:\Program Files\dotnet\sdk\10.0.103\Sdks\Microsoft.NET.Sdk\targets\Microsoft.NET.Sdk.targets(204,5): message :     ;
       C:\Program Files\dotnet\sdk\10.0.103\Sdks\Microsoft.NET.Sdk\targets\Microsoft.NET.Sdk.targets(204,5): message :       GenerateBuildDependencyFile;
       C:\Program Files\dotnet\sdk\10.0.103\Sdks\Microsoft.NET.Sdk\targets\Microsoft.NET.Sdk.targets(204,5): message :       GenerateBuildRuntimeConfigurationFiles
       C:\Program Files\dotnet\sdk\10.0.103\Sdks\Microsoft.NET.Sdk\targets\Microsoft.NET.Sdk.targets(204,5): message :     " (previous value: "
       C:\Program Files\dotnet\sdk\10.0.103\Sdks\Microsoft.NET.Sdk\targets\Microsoft.NET.Sdk.targets(204,5): message :       BuildOnlySettings;
       C:\Program Files\dotnet\sdk\10.0.103\Sdks\Microsoft.NET.Sdk\targets\Microsoft.NET.Sdk.targets(204,5): message :       PrepareForBuild;
       C:\Program Files\dotnet\sdk\10.0.103\Sdks\Microsoft.NET.Sdk\targets\Microsoft.NET.Sdk.targets(204,5): message :       PreBuildEvent;
       C:\Program Files\dotnet\sdk\10.0.103\Sdks\Microsoft.NET.Sdk\targets\Microsoft.NET.Sdk.targets(204,5): message :       ResolveReferences;
       C:\Program Files\dotnet\sdk\10.0.103\Sdks\Microsoft.NET.Sdk\targets\Microsoft.NET.Sdk.targets(204,5): message :       PrepareResources;
       C:\Program Files\dotnet\sdk\10.0.103\Sdks\Microsoft.NET.Sdk\targets\Microsoft.NET.Sdk.targets(204,5): message :       ResolveKeySource;
       C:\Program Files\dotnet\sdk\10.0.103\Sdks\Microsoft.NET.Sdk\targets\Microsoft.NET.Sdk.targets(204,5): message :       Compile;
       C:\Program Files\dotnet\sdk\10.0.103\Sdks\Microsoft.NET.Sdk\targets\Microsoft.NET.Sdk.targets(204,5): message :       ExportWindowsMDFile;
       C:\Program Files\dotnet\sdk\10.0.103\Sdks\Microsoft.NET.Sdk\targets\Microsoft.NET.Sdk.targets(204,5): message :       UnmanagedUnregistration;
       C:\Program Files\dotnet\sdk\10.0.103\Sdks\Microsoft.NET.Sdk\targets\Microsoft.NET.Sdk.targets(204,5): message :       GenerateSerializationAssemblies;
       C:\Program Files\dotnet\sdk\10.0.103\Sdks\Microsoft.NET.Sdk\targets\Microsoft.NET.Sdk.targets(204,5): message :       CreateSatelliteAssemblies;
       C:\Program Files\dotnet\sdk\10.0.103\Sdks\Microsoft.NET.Sdk\targets\Microsoft.NET.Sdk.targets(204,5): message :       GenerateManifests;
       C:\Program Files\dotnet\sdk\10.0.103\Sdks\Microsoft.NET.Sdk\targets\Microsoft.NET.Sdk.targets(204,5): message :       GetTargetPath;
       C:\Program Files\dotnet\sdk\10.0.103\Sdks\Microsoft.NET.Sdk\targets\Microsoft.NET.Sdk.targets(204,5): message :       PrepareForRun;
       C:\Program Files\dotnet\sdk\10.0.103\Sdks\Microsoft.NET.Sdk\targets\Microsoft.NET.Sdk.targets(204,5): message :       UnmanagedRegistration;
       C:\Program Files\dotnet\sdk\10.0.103\Sdks\Microsoft.NET.Sdk\targets\Microsoft.NET.Sdk.targets(204,5): message :       IncrementalClean;
       C:\Program Files\dotnet\sdk\10.0.103\Sdks\Microsoft.NET.Sdk\targets\Microsoft.NET.Sdk.targets(204,5): message :       PostBuildEvent
       C:\Program Files\dotnet\sdk\10.0.103\Sdks\Microsoft.NET.Sdk\targets\Microsoft.NET.Sdk.targets(204,5): message :     ") at C:\Program Files\dotnet\sdk\10.0.103\Sdks\Microsoft.NET.Sdk\targets\Microsoft.NET.Sdk.targets (204,5)
       C:\Program Files\dotnet\sdk\10.0.103\Sdks\Microsoft.NET.Sdk\targets\Microsoft.NET.Sdk.DefaultItems.targets(37,5): message : Property reassignment: $(DefaultItemExcludes)=";bin\Debug\/**;obj\Debug\/**;bin\/**;obj\/**" (previous value: ";bin\Debug\/**;obj\Debug\/**;bin\/**") at C:\Program Files\dotnet\sdk\10.0.103\Sdks\Microsoft.NET.Sdk\targets\Microsoft.NET.Sdk.DefaultItems.targets (37,5)
       C:\Program Files\dotnet\sdk\10.0.103\Sdks\Microsoft.NET.Sdk\targets\Microsoft.NET.Sdk.targets(213,5): message : Property reassignment: $(CoreCleanDependsOn)="
       C:\Program Files\dotnet\sdk\10.0.103\Sdks\Microsoft.NET.Sdk\targets\Microsoft.NET.Sdk.targets(213,5): message :       _SdkBeforeClean;
       C:\Program Files\dotnet\sdk\10.0.103\Sdks\Microsoft.NET.Sdk\targets\Microsoft.NET.Sdk.targets(213,5): message :       
       C:\Program Files\dotnet\sdk\10.0.103\Sdks\Microsoft.NET.Sdk\targets\Microsoft.NET.Sdk.targets(213,5): message :     " (previous value: "") at C:\Program Files\dotnet\sdk\10.0.103\Sdks\Microsoft.NET.Sdk\targets\Microsoft.NET.Sdk.targets (213,5)
       C:\Program Files\dotnet\sdk\10.0.103\Sdks\Microsoft.NET.Sdk\targets\Microsoft.NET.Sdk.targets(220,5): message : Property reassignment: $(RebuildDependsOn)="
       C:\Program Files\dotnet\sdk\10.0.103\Sdks\Microsoft.NET.Sdk\targets\Microsoft.NET.Sdk.targets(220,5): message :       _SdkBeforeRebuild;
       C:\Program Files\dotnet\sdk\10.0.103\Sdks\Microsoft.NET.Sdk\targets\Microsoft.NET.Sdk.targets(220,5): message :       
       C:\Program Files\dotnet\sdk\10.0.103\Sdks\Microsoft.NET.Sdk\targets\Microsoft.NET.Sdk.targets(220,5): message :       BeforeRebuild;
       C:\Program Files\dotnet\sdk\10.0.103\Sdks\Microsoft.NET.Sdk\targets\Microsoft.NET.Sdk.targets(220,5): message :       Clean;
       C:\Program Files\dotnet\sdk\10.0.103\Sdks\Microsoft.NET.Sdk\targets\Microsoft.NET.Sdk.targets(220,5): message :       Build;
       C:\Program Files\dotnet\sdk\10.0.103\Sdks\Microsoft.NET.Sdk\targets\Microsoft.NET.Sdk.targets(220,5): message :       AfterRebuild;
       C:\Program Files\dotnet\sdk\10.0.103\Sdks\Microsoft.NET.Sdk\targets\Microsoft.NET.Sdk.targets(220,5): message :     
       C:\Program Files\dotnet\sdk\10.0.103\Sdks\Microsoft.NET.Sdk\targets\Microsoft.NET.Sdk.targets(220,5): message :     " (previous value: "
       C:\Program Files\dotnet\sdk\10.0.103\Sdks\Microsoft.NET.Sdk\targets\Microsoft.NET.Sdk.targets(220,5): message :       BeforeRebuild;
       C:\Program Files\dotnet\sdk\10.0.103\Sdks\Microsoft.NET.Sdk\targets\Microsoft.NET.Sdk.targets(220,5): message :       Clean;
       C:\Program Files\dotnet\sdk\10.0.103\Sdks\Microsoft.NET.Sdk\targets\Microsoft.NET.Sdk.targets(220,5): message :       Build;
       C:\Program Files\dotnet\sdk\10.0.103\Sdks\Microsoft.NET.Sdk\targets\Microsoft.NET.Sdk.targets(220,5): message :       AfterRebuild;
       C:\Program Files\dotnet\sdk\10.0.103\Sdks\Microsoft.NET.Sdk\targets\Microsoft.NET.Sdk.targets(220,5): message :     ") at C:\Program Files\dotnet\sdk\10.0.103\Sdks\Microsoft.NET.Sdk\targets\Microsoft.NET.Sdk.targets (220,5)
       C:\Program Files\dotnet\sdk\10.0.103\Sdks\Microsoft.NET.Sdk\targets\Microsoft.NET.Sdk.targets(799,5): message : Property reassignment: $(CompileDependsOn)="
       C:\Program Files\dotnet\sdk\10.0.103\Sdks\Microsoft.NET.Sdk\targets\Microsoft.NET.Sdk.targets(799,5): message :       
       C:\Program Files\dotnet\sdk\10.0.103\Sdks\Microsoft.NET.Sdk\targets\Microsoft.NET.Sdk.targets(799,5): message :       ResolveReferences;
       C:\Program Files\dotnet\sdk\10.0.103\Sdks\Microsoft.NET.Sdk\targets\Microsoft.NET.Sdk.targets(799,5): message :       ResolveKeySource;
       C:\Program Files\dotnet\sdk\10.0.103\Sdks\Microsoft.NET.Sdk\targets\Microsoft.NET.Sdk.targets(799,5): message :       SetWin32ManifestProperties;
       C:\Program Files\dotnet\sdk\10.0.103\Sdks\Microsoft.NET.Sdk\targets\Microsoft.NET.Sdk.targets(799,5): message :       _SetPreferNativeArm64Win32ManifestProperties;
       C:\Program Files\dotnet\sdk\10.0.103\Sdks\Microsoft.NET.Sdk\targets\Microsoft.NET.Sdk.targets(799,5): message :       FindReferenceAssembliesForReferences;
       C:\Program Files\dotnet\sdk\10.0.103\Sdks\Microsoft.NET.Sdk\targets\Microsoft.NET.Sdk.targets(799,5): message :       _GenerateCompileInputs;
       C:\Program Files\dotnet\sdk\10.0.103\Sdks\Microsoft.NET.Sdk\targets\Microsoft.NET.Sdk.targets(799,5): message :       BeforeCompile;
       C:\Program Files\dotnet\sdk\10.0.103\Sdks\Microsoft.NET.Sdk\targets\Microsoft.NET.Sdk.targets(799,5): message :       _TimeStampBeforeCompile;
       C:\Program Files\dotnet\sdk\10.0.103\Sdks\Microsoft.NET.Sdk\targets\Microsoft.NET.Sdk.targets(799,5): message :       _GenerateCompileDependencyCache;
       C:\Program Files\dotnet\sdk\10.0.103\Sdks\Microsoft.NET.Sdk\targets\Microsoft.NET.Sdk.targets(799,5): message :       CoreCompile;
       C:\Program Files\dotnet\sdk\10.0.103\Sdks\Microsoft.NET.Sdk\targets\Microsoft.NET.Sdk.targets(799,5): message :       _TimeStampAfterCompile;
       C:\Program Files\dotnet\sdk\10.0.103\Sdks\Microsoft.NET.Sdk\targets\Microsoft.NET.Sdk.targets(799,5): message :       AfterCompile;
       C:\Program Files\dotnet\sdk\10.0.103\Sdks\Microsoft.NET.Sdk\targets\Microsoft.NET.Sdk.targets(799,5): message :     ;
       C:\Program Files\dotnet\sdk\10.0.103\Sdks\Microsoft.NET.Sdk\targets\Microsoft.NET.Sdk.targets(799,5): message :       _CreateAppHost;
       C:\Program Files\dotnet\sdk\10.0.103\Sdks\Microsoft.NET.Sdk\targets\Microsoft.NET.Sdk.targets(799,5): message :       _CreateComHost;
       C:\Program Files\dotnet\sdk\10.0.103\Sdks\Microsoft.NET.Sdk\targets\Microsoft.NET.Sdk.targets(799,5): message :       _GetIjwHostPaths;
       C:\Program Files\dotnet\sdk\10.0.103\Sdks\Microsoft.NET.Sdk\targets\Microsoft.NET.Sdk.targets(799,5): message :     " (previous value: "
       C:\Program Files\dotnet\sdk\10.0.103\Sdks\Microsoft.NET.Sdk\targets\Microsoft.NET.Sdk.targets(799,5): message :       ResolveReferences;
       C:\Program Files\dotnet\sdk\10.0.103\Sdks\Microsoft.NET.Sdk\targets\Microsoft.NET.Sdk.targets(799,5): message :       ResolveKeySource;
       C:\Program Files\dotnet\sdk\10.0.103\Sdks\Microsoft.NET.Sdk\targets\Microsoft.NET.Sdk.targets(799,5): message :       SetWin32ManifestProperties;
       C:\Program Files\dotnet\sdk\10.0.103\Sdks\Microsoft.NET.Sdk\targets\Microsoft.NET.Sdk.targets(799,5): message :       _SetPreferNativeArm64Win32ManifestProperties;
       C:\Program Files\dotnet\sdk\10.0.103\Sdks\Microsoft.NET.Sdk\targets\Microsoft.NET.Sdk.targets(799,5): message :       FindReferenceAssembliesForReferences;
       C:\Program Files\dotnet\sdk\10.0.103\Sdks\Microsoft.NET.Sdk\targets\Microsoft.NET.Sdk.targets(799,5): message :       _GenerateCompileInputs;
       C:\Program Files\dotnet\sdk\10.0.103\Sdks\Microsoft.NET.Sdk\targets\Microsoft.NET.Sdk.targets(799,5): message :       BeforeCompile;
       C:\Program Files\dotnet\sdk\10.0.103\Sdks\Microsoft.NET.Sdk\targets\Microsoft.NET.Sdk.targets(799,5): message :       _TimeStampBeforeCompile;
       C:\Program Files\dotnet\sdk\10.0.103\Sdks\Microsoft.NET.Sdk\targets\Microsoft.NET.Sdk.targets(799,5): message :       _GenerateCompileDependencyCache;
       C:\Program Files\dotnet\sdk\10.0.103\Sdks\Microsoft.NET.Sdk\targets\Microsoft.NET.Sdk.targets(799,5): message :       CoreCompile;
       C:\Program Files\dotnet\sdk\10.0.103\Sdks\Microsoft.NET.Sdk\targets\Microsoft.NET.Sdk.targets(799,5): message :       _TimeStampAfterCompile;
       C:\Program Files\dotnet\sdk\10.0.103\Sdks\Microsoft.NET.Sdk\targets\Microsoft.NET.Sdk.targets(799,5): message :       AfterCompile;
       C:\Program Files\dotnet\sdk\10.0.103\Sdks\Microsoft.NET.Sdk\targets\Microsoft.NET.Sdk.targets(799,5): message :     ") at C:\Program Files\dotnet\sdk\10.0.103\Sdks\Microsoft.NET.Sdk\targets\Microsoft.NET.Sdk.targets (799,5)
       C:\Program Files\dotnet\sdk\10.0.103\Sdks\Microsoft.NET.Sdk\targets\Microsoft.NET.Sdk.DefaultItems.targets(40,5): message : Property reassignment: $(DefaultItemExcludes)=";bin\Debug\/**;obj\Debug\/**;bin\/**;obj\/**;**/*.user" (previous value: ";bin\Debug\/**;obj\Debug\/**;bin\/**;obj\/**") at C:\Program Files\dotnet\sdk\10.0.103\Sdks\Microsoft.NET.Sdk\targets\Microsoft.NET.Sdk.DefaultItems.targets (40,5)
       C:\Program Files\dotnet\sdk\10.0.103\Sdks\Microsoft.NET.Sdk\targets\Microsoft.NET.Sdk.targets(1131,5): message : Property reassignment: $(CreateSatelliteAssembliesDependsOn)="
       C:\Program Files\dotnet\sdk\10.0.103\Sdks\Microsoft.NET.Sdk\targets\Microsoft.NET.Sdk.targets(1131,5): message :       
       C:\Program Files\dotnet\sdk\10.0.103\Sdks\Microsoft.NET.Sdk\targets\Microsoft.NET.Sdk.targets(1131,5): message :       ;
       C:\Program Files\dotnet\sdk\10.0.103\Sdks\Microsoft.NET.Sdk\targets\Microsoft.NET.Sdk.targets(1131,5): message :       _GenerateSatelliteAssemblyInputs;
       C:\Program Files\dotnet\sdk\10.0.103\Sdks\Microsoft.NET.Sdk\targets\Microsoft.NET.Sdk.targets(1131,5): message :       ComputeIntermediateSatelliteAssemblies;
       C:\Program Files\dotnet\sdk\10.0.103\Sdks\Microsoft.NET.Sdk\targets\Microsoft.NET.Sdk.targets(1131,5): message :       GenerateSatelliteAssemblies
       C:\Program Files\dotnet\sdk\10.0.103\Sdks\Microsoft.NET.Sdk\targets\Microsoft.NET.Sdk.targets(1131,5): message :     ;
       C:\Program Files\dotnet\sdk\10.0.103\Sdks\Microsoft.NET.Sdk\targets\Microsoft.NET.Sdk.targets(1131,5): message :       CoreGenerateSatelliteAssemblies
       C:\Program Files\dotnet\sdk\10.0.103\Sdks\Microsoft.NET.Sdk\targets\Microsoft.NET.Sdk.targets(1131,5): message :     " (previous value: "
       C:\Program Files\dotnet\sdk\10.0.103\Sdks\Microsoft.NET.Sdk\targets\Microsoft.NET.Sdk.targets(1131,5): message :       ;
       C:\Program Files\dotnet\sdk\10.0.103\Sdks\Microsoft.NET.Sdk\targets\Microsoft.NET.Sdk.targets(1131,5): message :       _GenerateSatelliteAssemblyInputs;
       C:\Program Files\dotnet\sdk\10.0.103\Sdks\Microsoft.NET.Sdk\targets\Microsoft.NET.Sdk.targets(1131,5): message :       ComputeIntermediateSatelliteAssemblies;
       C:\Program Files\dotnet\sdk\10.0.103\Sdks\Microsoft.NET.Sdk\targets\Microsoft.NET.Sdk.targets(1131,5): message :       GenerateSatelliteAssemblies
       C:\Program Files\dotnet\sdk\10.0.103\Sdks\Microsoft.NET.Sdk\targets\Microsoft.NET.Sdk.targets(1131,5): message :     ") at C:\Program Files\dotnet\sdk\10.0.103\Sdks\Microsoft.NET.Sdk\targets\Microsoft.NET.Sdk.targets (1131,5)
       C:\Program Files\dotnet\sdk\10.0.103\Sdks\Microsoft.NET.Sdk\targets\Microsoft.PackageDependencyResolution.targets(24,5): message : Property reassignment: $(ProjectAssetsFile)="c:\Apps\TicketConsolidator\src\TicketConsolidator.Application\obj\project.assets.json" (previous value: "c:\Apps\TicketConsolidator\src\TicketConsolidator.Application\obj\/project.assets.json") at C:\Program Files\dotnet\sdk\10.0.103\Sdks\Microsoft.NET.Sdk\targets\Microsoft.PackageDependencyResolution.targets (24,5)
       C:\Program Files\dotnet\sdk\10.0.103\Sdks\Microsoft.NET.Sdk\targets\Microsoft.NET.Sdk.DefaultItems.targets(41,5): message : Property reassignment: $(DefaultItemExcludes)=";bin\Debug\/**;obj\Debug\/**;bin\/**;obj\/**;**/*.user;**/*.*proj" (previous value: ";bin\Debug\/**;obj\Debug\/**;bin\/**;obj\/**;**/*.user") at C:\Program Files\dotnet\sdk\10.0.103\Sdks\Microsoft.NET.Sdk\targets\Microsoft.NET.Sdk.DefaultItems.targets (41,5)
       C:\Program Files\dotnet\sdk\10.0.103\Sdks\Microsoft.SourceLink.GitLab\build\Microsoft.SourceLink.GitLab.targets(12,5): message : Property reassignment: $(SourceLinkUrlInitializerTargets)=";_InitializeGitHubSourceLinkUrl;_InitializeGitLabSourceLinkUrl" (previous value: ";_InitializeGitHubSourceLinkUrl") at C:\Program Files\dotnet\sdk\10.0.103\Sdks\Microsoft.SourceLink.GitLab\build\Microsoft.SourceLink.GitLab.targets (12,5)
       C:\Program Files\dotnet\sdk\10.0.103\Sdks\Microsoft.SourceLink.GitLab\build\Microsoft.SourceLink.GitLab.targets(13,5): message : Property reassignment: $(SourceControlManagerUrlTranslationTargets)=";TranslateGitHubUrlsInSourceControlInformation;TranslateGitLabUrlsInSourceControlInformation" (previous value: ";TranslateGitHubUrlsInSourceControlInformation") at C:\Program Files\dotnet\sdk\10.0.103\Sdks\Microsoft.SourceLink.GitLab\build\Microsoft.SourceLink.GitLab.targets (13,5)
       C:\Program Files\dotnet\sdk\10.0.103\Sdks\Microsoft.NET.Sdk\targets\Microsoft.NET.Sdk.DefaultItems.targets(42,5): message : Property reassignment: $(DefaultItemExcludes)=";bin\Debug\/**;obj\Debug\/**;bin\/**;obj\/**;**/*.user;**/*.*proj;**/*.sln" (previous value: ";bin\Debug\/**;obj\Debug\/**;bin\/**;obj\/**;**/*.user;**/*.*proj") at C:\Program Files\dotnet\sdk\10.0.103\Sdks\Microsoft.NET.Sdk\targets\Microsoft.NET.Sdk.DefaultItems.targets (42,5)
       C:\Program Files\dotnet\sdk\10.0.103\Sdks\Microsoft.SourceLink.AzureRepos.Git\build\Microsoft.SourceLink.AzureRepos.Git.targets(12,5): message : Property reassignment: $(SourceLinkUrlInitializerTargets)=";_InitializeGitHubSourceLinkUrl;_InitializeGitLabSourceLinkUrl;_InitializeAzureReposGitSourceLinkUrl" (previous value: ";_InitializeGitHubSourceLinkUrl;_InitializeGitLabSourceLinkUrl") at C:\Program Files\dotnet\sdk\10.0.103\Sdks\Microsoft.SourceLink.AzureRepos.Git\build\Microsoft.SourceLink.AzureRepos.Git.targets (12,5)
       C:\Program Files\dotnet\sdk\10.0.103\Sdks\Microsoft.NET.Sdk\targets\Microsoft.NET.Sdk.DefaultItems.targets(43,5): message : Property reassignment: $(DefaultItemExcludes)=";bin\Debug\/**;obj\Debug\/**;bin\/**;obj\/**;**/*.user;**/*.*proj;**/*.sln;**/*.slnx" (previous value: ";bin\Debug\/**;obj\Debug\/**;bin\/**;obj\/**;**/*.user;**/*.*proj;**/*.sln") at C:\Program Files\dotnet\sdk\10.0.103\Sdks\Microsoft.NET.Sdk\targets\Microsoft.NET.Sdk.DefaultItems.targets (43,5)
       C:\Program Files\dotnet\sdk\10.0.103\Sdks\Microsoft.SourceLink.AzureRepos.Git\build\Microsoft.SourceLink.AzureRepos.Git.targets(13,5): message : Property reassignment: $(SourceControlManagerUrlTranslationTargets)=";TranslateGitHubUrlsInSourceControlInformation;TranslateGitLabUrlsInSourceControlInformation;TranslateAzureReposGitUrlsInSourceControlInformation" (previous value: ";TranslateGitHubUrlsInSourceControlInformation;TranslateGitLabUrlsInSourceControlInformation") at C:\Program Files\dotnet\sdk\10.0.103\Sdks\Microsoft.SourceLink.AzureRepos.Git\build\Microsoft.SourceLink.AzureRepos.Git.targets (13,5)
       C:\Program Files\dotnet\sdk\10.0.103\Sdks\Microsoft.NET.Sdk\targets\Microsoft.NET.Sdk.DefaultItems.targets(44,5): message : Property reassignment: $(DefaultItemExcludes)=";bin\Debug\/**;obj\Debug\/**;bin\/**;obj\/**;**/*.user;**/*.*proj;**/*.sln;**/*.slnx;**/*.vssscc" (previous value: ";bin\Debug\/**;obj\Debug\/**;bin\/**;obj\/**;**/*.user;**/*.*proj;**/*.sln;**/*.slnx") at C:\Program Files\dotnet\sdk\10.0.103\Sdks\Microsoft.NET.Sdk\targets\Microsoft.NET.Sdk.DefaultItems.targets (44,5)
       C:\Program Files\dotnet\sdk\10.0.103\Sdks\Microsoft.SourceLink.Bitbucket.Git\build\Microsoft.SourceLink.Bitbucket.Git.targets(12,5): message : Property reassignment: $(SourceLinkUrlInitializerTargets)=";_InitializeGitHubSourceLinkUrl;_InitializeGitLabSourceLinkUrl;_InitializeAzureReposGitSourceLinkUrl;_InitializeBitbucketGitSourceLinkUrl" (previous value: ";_InitializeGitHubSourceLinkUrl;_InitializeGitLabSourceLinkUrl;_InitializeAzureReposGitSourceLinkUrl") at C:\Program Files\dotnet\sdk\10.0.103\Sdks\Microsoft.SourceLink.Bitbucket.Git\build\Microsoft.SourceLink.Bitbucket.Git.targets (12,5)
       C:\Program Files\dotnet\sdk\10.0.103\Sdks\Microsoft.NET.Sdk\targets\Microsoft.NET.Sdk.DefaultItems.targets(45,5): message : Property reassignment: $(DefaultItemExcludes)=";bin\Debug\/**;obj\Debug\/**;bin\/**;obj\/**;**/*.user;**/*.*proj;**/*.sln;**/*.slnx;**/*.vssscc;**/.DS_Store" (previous value: ";bin\Debug\/**;obj\Debug\/**;bin\/**;obj\/**;**/*.user;**/*.*proj;**/*.sln;**/*.slnx;**/*.vssscc") at C:\Program Files\dotnet\sdk\10.0.103\Sdks\Microsoft.NET.Sdk\targets\Microsoft.NET.Sdk.DefaultItems.targets (45,5)
       C:\Program Files\dotnet\sdk\10.0.103\Sdks\Microsoft.SourceLink.Bitbucket.Git\build\Microsoft.SourceLink.Bitbucket.Git.targets(13,5): message : Property reassignment: $(SourceControlManagerUrlTranslationTargets)=";TranslateGitHubUrlsInSourceControlInformation;TranslateGitLabUrlsInSourceControlInformation;TranslateAzureReposGitUrlsInSourceControlInformation;TranslateBitbucketGitUrlsInSourceControlInformation" (previous value: ";TranslateGitHubUrlsInSourceControlInformation;TranslateGitLabUrlsInSourceControlInformation;TranslateAzureReposGitUrlsInSourceControlInformation") at C:\Program Files\dotnet\sdk\10.0.103\Sdks\Microsoft.SourceLink.Bitbucket.Git\build\Microsoft.SourceLink.Bitbucket.Git.targets (13,5)
       The "Configuration" property is a global property, and cannot be modified.
       The "Platform" property is a global property, and cannot be modified.
       C:\Program Files\dotnet\sdk\10.0.103\Sdks\Microsoft.NET.Sdk\targets\Microsoft.NET.Sdk.FrameworkReferenceResolution.targets(14,5): message : Property reassignment: $(ResolveAssemblyReferencesDependsOn)="
       C:\Program Files\dotnet\sdk\10.0.103\Sdks\Microsoft.NET.Sdk\targets\Microsoft.NET.Sdk.FrameworkReferenceResolution.targets(14,5): message :       
       C:\Program Files\dotnet\sdk\10.0.103\Sdks\Microsoft.NET.Sdk\targets\Microsoft.NET.Sdk.FrameworkReferenceResolution.targets(14,5): message :       
       C:\Program Files\dotnet\sdk\10.0.103\Sdks\Microsoft.NET.Sdk\targets\Microsoft.NET.Sdk.FrameworkReferenceResolution.targets(14,5): message :       ResolveProjectReferences;
       C:\Program Files\dotnet\sdk\10.0.103\Sdks\Microsoft.NET.Sdk\targets\Microsoft.NET.Sdk.FrameworkReferenceResolution.targets(14,5): message :       FindInvalidProjectReferences;
       C:\Program Files\dotnet\sdk\10.0.103\Sdks\Microsoft.NET.Sdk\targets\Microsoft.NET.Sdk.FrameworkReferenceResolution.targets(14,5): message :       GetFrameworkPaths;
       C:\Program Files\dotnet\sdk\10.0.103\Sdks\Microsoft.NET.Sdk\targets\Microsoft.NET.Sdk.FrameworkReferenceResolution.targets(14,5): message :       GetReferenceAssemblyPaths;
       C:\Program Files\dotnet\sdk\10.0.103\Sdks\Microsoft.NET.Sdk\targets\Microsoft.NET.Sdk.FrameworkReferenceResolution.targets(14,5): message :       PrepareForBuild;
       C:\Program Files\dotnet\sdk\10.0.103\Sdks\Microsoft.NET.Sdk\targets\Microsoft.NET.Sdk.FrameworkReferenceResolution.targets(14,5): message :       ResolveSDKReferences;
       C:\Program Files\dotnet\sdk\10.0.103\Sdks\Microsoft.NET.Sdk\targets\Microsoft.NET.Sdk.FrameworkReferenceResolution.targets(14,5): message :       ExpandSDKReferences;
       C:\Program Files\dotnet\sdk\10.0.103\Sdks\Microsoft.NET.Sdk\targets\Microsoft.NET.Sdk.FrameworkReferenceResolution.targets(14,5): message :     ;
       C:\Program Files\dotnet\sdk\10.0.103\Sdks\Microsoft.NET.Sdk\targets\Microsoft.NET.Sdk.FrameworkReferenceResolution.targets(14,5): message :       ResolvePackageDependenciesForBuild;
       C:\Program Files\dotnet\sdk\10.0.103\Sdks\Microsoft.NET.Sdk\targets\Microsoft.NET.Sdk.FrameworkReferenceResolution.targets(14,5): message :       _HandlePackageFileConflicts;
       C:\Program Files\dotnet\sdk\10.0.103\Sdks\Microsoft.NET.Sdk\targets\Microsoft.NET.Sdk.FrameworkReferenceResolution.targets(14,5): message :     ;
       C:\Program Files\dotnet\sdk\10.0.103\Sdks\Microsoft.NET.Sdk\targets\Microsoft.NET.Sdk.FrameworkReferenceResolution.targets(14,5): message :       ResolveTargetingPackAssets;
       C:\Program Files\dotnet\sdk\10.0.103\Sdks\Microsoft.NET.Sdk\targets\Microsoft.NET.Sdk.FrameworkReferenceResolution.targets(14,5): message :     " (previous value: "
       C:\Program Files\dotnet\sdk\10.0.103\Sdks\Microsoft.NET.Sdk\targets\Microsoft.NET.Sdk.FrameworkReferenceResolution.targets(14,5): message :       
       C:\Program Files\dotnet\sdk\10.0.103\Sdks\Microsoft.NET.Sdk\targets\Microsoft.NET.Sdk.FrameworkReferenceResolution.targets(14,5): message :       ResolveProjectReferences;
       C:\Program Files\dotnet\sdk\10.0.103\Sdks\Microsoft.NET.Sdk\targets\Microsoft.NET.Sdk.FrameworkReferenceResolution.targets(14,5): message :       FindInvalidProjectReferences;
       C:\Program Files\dotnet\sdk\10.0.103\Sdks\Microsoft.NET.Sdk\targets\Microsoft.NET.Sdk.FrameworkReferenceResolution.targets(14,5): message :       GetFrameworkPaths;
       C:\Program Files\dotnet\sdk\10.0.103\Sdks\Microsoft.NET.Sdk\targets\Microsoft.NET.Sdk.FrameworkReferenceResolution.targets(14,5): message :       GetReferenceAssemblyPaths;
       C:\Program Files\dotnet\sdk\10.0.103\Sdks\Microsoft.NET.Sdk\targets\Microsoft.NET.Sdk.FrameworkReferenceResolution.targets(14,5): message :       PrepareForBuild;
       C:\Program Files\dotnet\sdk\10.0.103\Sdks\Microsoft.NET.Sdk\targets\Microsoft.NET.Sdk.FrameworkReferenceResolution.targets(14,5): message :       ResolveSDKReferences;
       C:\Program Files\dotnet\sdk\10.0.103\Sdks\Microsoft.NET.Sdk\targets\Microsoft.NET.Sdk.FrameworkReferenceResolution.targets(14,5): message :       ExpandSDKReferences;
       C:\Program Files\dotnet\sdk\10.0.103\Sdks\Microsoft.NET.Sdk\targets\Microsoft.NET.Sdk.FrameworkReferenceResolution.targets(14,5): message :     ;
       C:\Program Files\dotnet\sdk\10.0.103\Sdks\Microsoft.NET.Sdk\targets\Microsoft.NET.Sdk.FrameworkReferenceResolution.targets(14,5): message :       ResolvePackageDependenciesForBuild;
       C:\Program Files\dotnet\sdk\10.0.103\Sdks\Microsoft.NET.Sdk\targets\Microsoft.NET.Sdk.FrameworkReferenceResolution.targets(14,5): message :       _HandlePackageFileConflicts;
       C:\Program Files\dotnet\sdk\10.0.103\Sdks\Microsoft.NET.Sdk\targets\Microsoft.NET.Sdk.FrameworkReferenceResolution.targets(14,5): message :     ") at C:\Program Files\dotnet\sdk\10.0.103\Sdks\Microsoft.NET.Sdk\targets\Microsoft.NET.Sdk.FrameworkReferenceResolution.targets (14,5)
       C:\Program Files\dotnet\sdk\10.0.103\Sdks\Microsoft.NET.Sdk\targets\Microsoft.NET.DesignerSupport.targets(21,5): message : Property reassignment: $(DesignerRuntimeImplementationProjectOutputGroupDependsOn)="
       C:\Program Files\dotnet\sdk\10.0.103\Sdks\Microsoft.NET.Sdk\targets\Microsoft.NET.DesignerSupport.targets(21,5): message :       
       C:\Program Files\dotnet\sdk\10.0.103\Sdks\Microsoft.NET.Sdk\targets\Microsoft.NET.DesignerSupport.targets(21,5): message :       ;
       C:\Program Files\dotnet\sdk\10.0.103\Sdks\Microsoft.NET.Sdk\targets\Microsoft.NET.DesignerSupport.targets(21,5): message :       
       C:\Program Files\dotnet\sdk\10.0.103\Sdks\Microsoft.NET.Sdk\targets\Microsoft.NET.DesignerSupport.targets(21,5): message :       ;
       C:\Program Files\dotnet\sdk\10.0.103\Sdks\Microsoft.NET.Sdk\targets\Microsoft.NET.DesignerSupport.targets(21,5): message :       BuildOnlySettings;
       C:\Program Files\dotnet\sdk\10.0.103\Sdks\Microsoft.NET.Sdk\targets\Microsoft.NET.DesignerSupport.targets(21,5): message :       PrepareForBuild;
       C:\Program Files\dotnet\sdk\10.0.103\Sdks\Microsoft.NET.Sdk\targets\Microsoft.NET.DesignerSupport.targets(21,5): message :       AssignTargetPaths;
       C:\Program Files\dotnet\sdk\10.0.103\Sdks\Microsoft.NET.Sdk\targets\Microsoft.NET.DesignerSupport.targets(21,5): message :       ResolveReferences
       C:\Program Files\dotnet\sdk\10.0.103\Sdks\Microsoft.NET.Sdk\targets\Microsoft.NET.DesignerSupport.targets(21,5): message :     
       C:\Program Files\dotnet\sdk\10.0.103\Sdks\Microsoft.NET.Sdk\targets\Microsoft.NET.DesignerSupport.targets(21,5): message :     ;
       C:\Program Files\dotnet\sdk\10.0.103\Sdks\Microsoft.NET.Sdk\targets\Microsoft.NET.DesignerSupport.targets(21,5): message :       _GenerateDesignerDepsFile;
       C:\Program Files\dotnet\sdk\10.0.103\Sdks\Microsoft.NET.Sdk\targets\Microsoft.NET.DesignerSupport.targets(21,5): message :       _GenerateDesignerRuntimeConfigFile;
       C:\Program Files\dotnet\sdk\10.0.103\Sdks\Microsoft.NET.Sdk\targets\Microsoft.NET.DesignerSupport.targets(21,5): message :       GetCopyToOutputDirectoryItems;
       C:\Program Files\dotnet\sdk\10.0.103\Sdks\Microsoft.NET.Sdk\targets\Microsoft.NET.DesignerSupport.targets(21,5): message :       _GatherDesignerShadowCopyFiles;
       C:\Program Files\dotnet\sdk\10.0.103\Sdks\Microsoft.NET.Sdk\targets\Microsoft.NET.DesignerSupport.targets(21,5): message :     " (previous value: "
       C:\Program Files\dotnet\sdk\10.0.103\Sdks\Microsoft.NET.Sdk\targets\Microsoft.NET.DesignerSupport.targets(21,5): message :       ;
       C:\Program Files\dotnet\sdk\10.0.103\Sdks\Microsoft.NET.Sdk\targets\Microsoft.NET.DesignerSupport.targets(21,5): message :       
       C:\Program Files\dotnet\sdk\10.0.103\Sdks\Microsoft.NET.Sdk\targets\Microsoft.NET.DesignerSupport.targets(21,5): message :       ;
       C:\Program Files\dotnet\sdk\10.0.103\Sdks\Microsoft.NET.Sdk\targets\Microsoft.NET.DesignerSupport.targets(21,5): message :       BuildOnlySettings;
       C:\Program Files\dotnet\sdk\10.0.103\Sdks\Microsoft.NET.Sdk\targets\Microsoft.NET.DesignerSupport.targets(21,5): message :       PrepareForBuild;
       C:\Program Files\dotnet\sdk\10.0.103\Sdks\Microsoft.NET.Sdk\targets\Microsoft.NET.DesignerSupport.targets(21,5): message :       AssignTargetPaths;
       C:\Program Files\dotnet\sdk\10.0.103\Sdks\Microsoft.NET.Sdk\targets\Microsoft.NET.DesignerSupport.targets(21,5): message :       ResolveReferences
       C:\Program Files\dotnet\sdk\10.0.103\Sdks\Microsoft.NET.Sdk\targets\Microsoft.NET.DesignerSupport.targets(21,5): message :     
       C:\Program Files\dotnet\sdk\10.0.103\Sdks\Microsoft.NET.Sdk\targets\Microsoft.NET.DesignerSupport.targets(21,5): message :     ") at C:\Program Files\dotnet\sdk\10.0.103\Sdks\Microsoft.NET.Sdk\targets\Microsoft.NET.DesignerSupport.targets (21,5)
       C:\Program Files\dotnet\sdk\10.0.103\Sdks\Microsoft.NET.Sdk\targets\Microsoft.NET.Sdk.targets(44,5): message : Property reassignment: $(_GenerateRuntimeConfigurationPropertyInputsCache)="c:\Apps\TicketConsolidator\src\TicketConsolidator.UI\obj\Debug\net10.0-windows\TicketConsolidator.UI.genruntimeconfig.cache" (previous value: "obj\Debug\net10.0-windows\TicketConsolidator.UI.genruntimeconfig.cache") at C:\Program Files\dotnet\sdk\10.0.103\Sdks\Microsoft.NET.Sdk\targets\Microsoft.NET.Sdk.targets (44,5)
       C:\Program Files\dotnet\sdk\10.0.103\Sdks\Microsoft.NET.Sdk\targets\Microsoft.NET.Sdk.targets(46,5): message : Property reassignment: $(_GeneratePublishDependencyFilePropertyInputsCache)="c:\Apps\TicketConsolidator\src\TicketConsolidator.UI\obj\Debug\net10.0-windows\TicketConsolidator.UI.genpublishdeps.cache" (previous value: "obj\Debug\net10.0-windows\TicketConsolidator.UI.genpublishdeps.cache") at C:\Program Files\dotnet\sdk\10.0.103\Sdks\Microsoft.NET.Sdk\targets\Microsoft.NET.Sdk.targets (46,5)
       C:\Program Files\dotnet\sdk\10.0.103\Sdks\Microsoft.NET.Sdk\targets\Microsoft.NET.Sdk.CSharp.targets(31,5): message : Property reassignment: $(DefineConstants)="TRACE;DEBUG" (previous value: "TRACE") at C:\Program Files\dotnet\sdk\10.0.103\Sdks\Microsoft.NET.Sdk\targets\Microsoft.NET.Sdk.CSharp.targets (31,5)
       C:\Program Files\dotnet\sdk\10.0.103\Sdks\Microsoft.NET.Sdk\targets\Microsoft.NET.Sdk.CSharp.targets(45,5): message : Property reassignment: $(WarningsAsErrors)=";NU1605;SYSLIB0011" (previous value: ";NU1605") at C:\Program Files\dotnet\sdk\10.0.103\Sdks\Microsoft.NET.Sdk\targets\Microsoft.NET.Sdk.CSharp.targets (45,5)
       C:\Program Files\dotnet\sdk\10.0.103\Sdks\Microsoft.NET.Sdk\targets\Microsoft.NET.Sdk.targets(48,5): message : Property reassignment: $(_GenerateSingleFileBundlePropertyInputsCache)="c:\Apps\TicketConsolidator\src\TicketConsolidator.UI\obj\Debug\net10.0-windows\TicketConsolidator.UI.genbundle.cache" (previous value: "obj\Debug\net10.0-windows\TicketConsolidator.UI.genbundle.cache") at C:\Program Files\dotnet\sdk\10.0.103\Sdks\Microsoft.NET.Sdk\targets\Microsoft.NET.Sdk.targets (48,5)
       C:\Program Files\dotnet\sdk\10.0.103\Sdks\Microsoft.NET.Sdk\targets\Microsoft.NET.Windows.targets(49,5): message : Property reassignment: $(TargetPlatformVersion)="7.0" (previous value: "") at C:\Program Files\dotnet\sdk\10.0.103\Sdks\Microsoft.NET.Sdk\targets\Microsoft.NET.Windows.targets (49,5)
       C:\Program Files\dotnet\sdk\10.0.103\Sdks\Microsoft.NET.Sdk\targets\Microsoft.NET.Sdk.targets(81,5): message : Property reassignment: $(GenerateRuntimeConfigDevFile)="false" (previous value: "true") at C:\Program Files\dotnet\sdk\10.0.103\Sdks\Microsoft.NET.Sdk\targets\Microsoft.NET.Sdk.targets (81,5)
       C:\Program Files\dotnet\sdk\10.0.103\Sdks\Microsoft.NET.Sdk\targets\Microsoft.NET.Windows.targets(50,5): message : Property reassignment: $(EffectiveTargetPlatformVersion)="7.0" (previous value: "") at C:\Program Files\dotnet\sdk\10.0.103\Sdks\Microsoft.NET.Sdk\targets\Microsoft.NET.Windows.targets (50,5)
       C:\Program Files\dotnet\sdk\10.0.103\Sdks\Microsoft.NET.Sdk\targets\Microsoft.NET.Sdk.targets(98,5): message : Property 'USERPROFILE' with value 'C:\Users\krish.maniar.ATPL-LAP-723' expanded from the environment.
       C:\Program Files\dotnet\sdk\10.0.103\Sdks\Microsoft.NET.Sdk\targets\Microsoft.NET.Windows.targets(60,5): message : Property reassignment: $(SupportedOSPlatformVersion)="7.0" (previous value: "") at C:\Program Files\dotnet\sdk\10.0.103\Sdks\Microsoft.NET.Sdk\targets\Microsoft.NET.Windows.targets (60,5)
       C:\Program Files\dotnet\sdk\10.0.103\Sdks\Microsoft.NET.Sdk\targets\Microsoft.NET.Sdk.targets(98,5): message : Property reassignment: $(_DefaultUserProfileRuntimeStorePath)="C:\Users\krish.maniar.ATPL-LAP-723" (previous value: "") at C:\Program Files\dotnet\sdk\10.0.103\Sdks\Microsoft.NET.Sdk\targets\Microsoft.NET.Sdk.targets (98,5)
       C:\Program Files\dotnet\sdk\10.0.103\Sdks\Microsoft.NET.Sdk\targets\Microsoft.NET.Sdk.ImportPublishProfile.targets(28,5): message : Property reassignment: $(PublishProfileImported)="false" (previous value: "true") at C:\Program Files\dotnet\sdk\10.0.103\Sdks\Microsoft.NET.Sdk\targets\Microsoft.NET.Sdk.ImportPublishProfile.targets (28,5)
       C:\Program Files\dotnet\sdk\10.0.103\Sdks\Microsoft.NET.Sdk\targets\Microsoft.NET.Windows.targets(61,5): message : Property reassignment: $(TargetPlatformMinVersion)="7.0" (previous value: "") at C:\Program Files\dotnet\sdk\10.0.103\Sdks\Microsoft.NET.Sdk\targets\Microsoft.NET.Windows.targets (61,5)
       C:\Program Files\dotnet\sdk\10.0.103\Sdks\Microsoft.NET.Sdk\targets\Microsoft.PackageDependencyResolution.targets(29,5): message : Property reassignment: $(ProjectAssetsCacheFile)="c:\Apps\TicketConsolidator\src\TicketConsolidator.Application\obj\Debug\net10.0\TicketConsolidator.Application.assets.cache" (previous value: "obj\Debug\net10.0\TicketConsolidator.Application.assets.cache") at C:\Program Files\dotnet\sdk\10.0.103\Sdks\Microsoft.NET.Sdk\targets\Microsoft.PackageDependencyResolution.targets (29,5)
       C:\Program Files\dotnet\sdk\10.0.103\Sdks\Microsoft.NET.Sdk\targets\Microsoft.NET.Windows.targets(239,5): message : Property reassignment: $(_RunCsWinRTGeneratorPropertyInputsCachePath)="c:\Apps\TicketConsolidator\src\TicketConsolidator.Infrastructure\obj\Debug\net10.0-windows\TicketConsolidator.Infrastructure.cswinrtgen.cache" (previous value: "obj\Debug\net10.0-windows\TicketConsolidator.Infrastructure.cswinrtgen.cache") at C:\Program Files\dotnet\sdk\10.0.103\Sdks\Microsoft.NET.Sdk\targets\Microsoft.NET.Windows.targets (239,5)
       C:\Program Files\dotnet\sdk\10.0.103\Sdks\Microsoft.NET.Sdk\targets\Microsoft.NET.Sdk.targets(99,5): message : Property reassignment: $(_DefaultUserProfileRuntimeStorePath)="C:\Users\krish.maniar.ATPL-LAP-723\.dotnet\store" (previous value: "C:\Users\krish.maniar.ATPL-LAP-723") at C:\Program Files\dotnet\sdk\10.0.103\Sdks\Microsoft.NET.Sdk\targets\Microsoft.NET.Sdk.targets (99,5)
       C:\Program Files\dotnet\sdk\10.0.103\Sdks\Microsoft.NET.Sdk\targets\Microsoft.NET.Sdk.targets(144,5): message : Property reassignment: $(AvailablePlatforms)="Any CPU,x86,x64,ARM32" (previous value: "Any CPU,x86,x64") at C:\Program Files\dotnet\sdk\10.0.103\Sdks\Microsoft.NET.Sdk\targets\Microsoft.NET.Sdk.targets (144,5)
       C:\Program Files\dotnet\sdk\10.0.103\Sdks\Microsoft.NET.Sdk\targets\Microsoft.PackageDependencyResolution.targets(80,5): message : Property reassignment: $(ResolveAssemblyReferencesDependsOn)="
       C:\Program Files\dotnet\sdk\10.0.103\Sdks\Microsoft.NET.Sdk\targets\Microsoft.PackageDependencyResolution.targets(80,5): message :       
       C:\Program Files\dotnet\sdk\10.0.103\Sdks\Microsoft.NET.Sdk\targets\Microsoft.PackageDependencyResolution.targets(80,5): message :       ResolveProjectReferences;
       C:\Program Files\dotnet\sdk\10.0.103\Sdks\Microsoft.NET.Sdk\targets\Microsoft.PackageDependencyResolution.targets(80,5): message :       FindInvalidProjectReferences;
       C:\Program Files\dotnet\sdk\10.0.103\Sdks\Microsoft.NET.Sdk\targets\Microsoft.PackageDependencyResolution.targets(80,5): message :       GetFrameworkPaths;
       C:\Program Files\dotnet\sdk\10.0.103\Sdks\Microsoft.NET.Sdk\targets\Microsoft.PackageDependencyResolution.targets(80,5): message :       GetReferenceAssemblyPaths;
       C:\Program Files\dotnet\sdk\10.0.103\Sdks\Microsoft.NET.Sdk\targets\Microsoft.PackageDependencyResolution.targets(80,5): message :       PrepareForBuild;
       C:\Program Files\dotnet\sdk\10.0.103\Sdks\Microsoft.NET.Sdk\targets\Microsoft.PackageDependencyResolution.targets(80,5): message :       ResolveSDKReferences;
       C:\Program Files\dotnet\sdk\10.0.103\Sdks\Microsoft.NET.Sdk\targets\Microsoft.PackageDependencyResolution.targets(80,5): message :       ExpandSDKReferences;
       C:\Program Files\dotnet\sdk\10.0.103\Sdks\Microsoft.NET.Sdk\targets\Microsoft.PackageDependencyResolution.targets(80,5): message :     ;
       C:\Program Files\dotnet\sdk\10.0.103\Sdks\Microsoft.NET.Sdk\targets\Microsoft.PackageDependencyResolution.targets(80,5): message :       ResolvePackageDependenciesForBuild;
       C:\Program Files\dotnet\sdk\10.0.103\Sdks\Microsoft.NET.Sdk\targets\Microsoft.PackageDependencyResolution.targets(80,5): message :       _HandlePackageFileConflicts;
       C:\Program Files\dotnet\sdk\10.0.103\Sdks\Microsoft.NET.Sdk\targets\Microsoft.PackageDependencyResolution.targets(80,5): message :     " (previous value: "
       C:\Program Files\dotnet\sdk\10.0.103\Sdks\Microsoft.NET.Sdk\targets\Microsoft.PackageDependencyResolution.targets(80,5): message :       ResolveProjectReferences;
       C:\Program Files\dotnet\sdk\10.0.103\Sdks\Microsoft.NET.Sdk\targets\Microsoft.PackageDependencyResolution.targets(80,5): message :       FindInvalidProjectReferences;
       C:\Program Files\dotnet\sdk\10.0.103\Sdks\Microsoft.NET.Sdk\targets\Microsoft.PackageDependencyResolution.targets(80,5): message :       GetFrameworkPaths;
       C:\Program Files\dotnet\sdk\10.0.103\Sdks\Microsoft.NET.Sdk\targets\Microsoft.PackageDependencyResolution.targets(80,5): message :       GetReferenceAssemblyPaths;
       C:\Program Files\dotnet\sdk\10.0.103\Sdks\Microsoft.NET.Sdk\targets\Microsoft.PackageDependencyResolution.targets(80,5): message :       PrepareForBuild;
       C:\Program Files\dotnet\sdk\10.0.103\Sdks\Microsoft.NET.Sdk\targets\Microsoft.PackageDependencyResolution.targets(80,5): message :       ResolveSDKReferences;
       C:\Program Files\dotnet\sdk\10.0.103\Sdks\Microsoft.NET.Sdk\targets\Microsoft.PackageDependencyResolution.targets(80,5): message :       ExpandSDKReferences;
       C:\Program Files\dotnet\sdk\10.0.103\Sdks\Microsoft.NET.Sdk\targets\Microsoft.PackageDependencyResolution.targets(80,5): message :     ") at C:\Program Files\dotnet\sdk\10.0.103\Sdks\Microsoft.NET.Sdk\targets\Microsoft.PackageDependencyResolution.targets (80,5)
       C:\Program Files\dotnet\sdk\10.0.103\Sdks\Microsoft.NET.Sdk\targets\Microsoft.NET.Sdk.targets(1497,5): message : Property reassignment: $(TargetPlatformDisplayName)="Windows 7.0" (previous value: "Windows ") at C:\Program Files\dotnet\sdk\10.0.103\Sdks\Microsoft.NET.Sdk\targets\Microsoft.NET.Sdk.targets (1497,5)
       C:\Program Files\dotnet\sdk\10.0.103\Sdks\Microsoft.NET.Sdk\targets\Microsoft.NET.Sdk.targets(148,5): message : Property reassignment: $(AvailablePlatforms)="Any CPU,x86,x64,ARM32,ARM64" (previous value: "Any CPU,x86,x64,ARM32") at C:\Program Files\dotnet\sdk\10.0.103\Sdks\Microsoft.NET.Sdk\targets\Microsoft.NET.Sdk.targets (148,5)
       C:\Program Files\dotnet\sdk\10.0.103\Sdks\Microsoft.NET.Sdk.WindowsDesktop\targets\Microsoft.NET.Sdk.WindowsDesktop.targets(51,5): message : Property reassignment: $(_TargetFrameworkVersionValue)="10.0" (previous value: "0.0") at C:\Program Files\dotnet\sdk\10.0.103\Sdks\Microsoft.NET.Sdk.WindowsDesktop\targets\Microsoft.NET.Sdk.WindowsDesktop.targets (51,5)
       C:\Program Files\dotnet\sdk\10.0.103\Sdks\Microsoft.NET.Sdk\targets\Microsoft.NET.Sdk.targets(204,5): message : Property reassignment: $(CoreBuildDependsOn)="
       C:\Program Files\dotnet\sdk\10.0.103\Sdks\Microsoft.NET.Sdk\targets\Microsoft.NET.Sdk.targets(204,5): message :       _CheckForBuildWithNoBuild;
       C:\Program Files\dotnet\sdk\10.0.103\Sdks\Microsoft.NET.Sdk\targets\Microsoft.NET.Sdk.targets(204,5): message :       
       C:\Program Files\dotnet\sdk\10.0.103\Sdks\Microsoft.NET.Sdk\targets\Microsoft.NET.Sdk.targets(204,5): message :       BuildOnlySettings;
       C:\Program Files\dotnet\sdk\10.0.103\Sdks\Microsoft.NET.Sdk\targets\Microsoft.NET.Sdk.targets(204,5): message :       PrepareForBuild;
       C:\Program Files\dotnet\sdk\10.0.103\Sdks\Microsoft.NET.Sdk\targets\Microsoft.NET.Sdk.targets(204,5): message :       PreBuildEvent;
       C:\Program Files\dotnet\sdk\10.0.103\Sdks\Microsoft.NET.Sdk\targets\Microsoft.NET.Sdk.targets(204,5): message :       ResolveReferences;
       C:\Program Files\dotnet\sdk\10.0.103\Sdks\Microsoft.NET.Sdk\targets\Microsoft.NET.Sdk.targets(204,5): message :       PrepareResources;
       C:\Program Files\dotnet\sdk\10.0.103\Sdks\Microsoft.NET.Sdk\targets\Microsoft.NET.Sdk.targets(204,5): message :       ResolveKeySource;
       C:\Program Files\dotnet\sdk\10.0.103\Sdks\Microsoft.NET.Sdk\targets\Microsoft.NET.Sdk.targets(204,5): message :       Compile;
       C:\Program Files\dotnet\sdk\10.0.103\Sdks\Microsoft.NET.Sdk\targets\Microsoft.NET.Sdk.targets(204,5): message :       ExportWindowsMDFile;
       C:\Program Files\dotnet\sdk\10.0.103\Sdks\Microsoft.NET.Sdk\targets\Microsoft.NET.Sdk.targets(204,5): message :       UnmanagedUnregistration;
       C:\Program Files\dotnet\sdk\10.0.103\Sdks\Microsoft.NET.Sdk\targets\Microsoft.NET.Sdk.targets(204,5): message :       GenerateSerializationAssemblies;
       C:\Program Files\dotnet\sdk\10.0.103\Sdks\Microsoft.NET.Sdk\targets\Microsoft.NET.Sdk.targets(204,5): message :       CreateSatelliteAssemblies;
       C:\Program Files\dotnet\sdk\10.0.103\Sdks\Microsoft.NET.Sdk\targets\Microsoft.NET.Sdk.targets(204,5): message :       GenerateManifests;
       C:\Program Files\dotnet\sdk\10.0.103\Sdks\Microsoft.NET.Sdk\targets\Microsoft.NET.Sdk.targets(204,5): message :       GetTargetPath;
       C:\Program Files\dotnet\sdk\10.0.103\Sdks\Microsoft.NET.Sdk\targets\Microsoft.NET.Sdk.targets(204,5): message :       PrepareForRun;
       C:\Program Files\dotnet\sdk\10.0.103\Sdks\Microsoft.NET.Sdk\targets\Microsoft.NET.Sdk.targets(204,5): message :       UnmanagedRegistration;
       C:\Program Files\dotnet\sdk\10.0.103\Sdks\Microsoft.NET.Sdk\targets\Microsoft.NET.Sdk.targets(204,5): message :       IncrementalClean;
       C:\Program Files\dotnet\sdk\10.0.103\Sdks\Microsoft.NET.Sdk\targets\Microsoft.NET.Sdk.targets(204,5): message :       PostBuildEvent
       C:\Program Files\dotnet\sdk\10.0.103\Sdks\Microsoft.NET.Sdk\targets\Microsoft.NET.Sdk.targets(204,5): message :     ;
       C:\Program Files\dotnet\sdk\10.0.103\Sdks\Microsoft.NET.Sdk\targets\Microsoft.NET.Sdk.targets(204,5): message :       GenerateBuildDependencyFile;
       C:\Program Files\dotnet\sdk\10.0.103\Sdks\Microsoft.NET.Sdk\targets\Microsoft.NET.Sdk.targets(204,5): message :       GenerateBuildRuntimeConfigurationFiles
       C:\Program Files\dotnet\sdk\10.0.103\Sdks\Microsoft.NET.Sdk\targets\Microsoft.NET.Sdk.targets(204,5): message :     " (previous value: "
       C:\Program Files\dotnet\sdk\10.0.103\Sdks\Microsoft.NET.Sdk\targets\Microsoft.NET.Sdk.targets(204,5): message :       BuildOnlySettings;
       C:\Program Files\dotnet\sdk\10.0.103\Sdks\Microsoft.NET.Sdk\targets\Microsoft.NET.Sdk.targets(204,5): message :       PrepareForBuild;
       C:\Program Files\dotnet\sdk\10.0.103\Sdks\Microsoft.NET.Sdk\targets\Microsoft.NET.Sdk.targets(204,5): message :       PreBuildEvent;
       C:\Program Files\dotnet\sdk\10.0.103\Sdks\Microsoft.NET.Sdk\targets\Microsoft.NET.Sdk.targets(204,5): message :       ResolveReferences;
       C:\Program Files\dotnet\sdk\10.0.103\Sdks\Microsoft.NET.Sdk\targets\Microsoft.NET.Sdk.targets(204,5): message :       PrepareResources;
       C:\Program Files\dotnet\sdk\10.0.103\Sdks\Microsoft.NET.Sdk\targets\Microsoft.NET.Sdk.targets(204,5): message :       ResolveKeySource;
       C:\Program Files\dotnet\sdk\10.0.103\Sdks\Microsoft.NET.Sdk\targets\Microsoft.NET.Sdk.targets(204,5): message :       Compile;
       C:\Program Files\dotnet\sdk\10.0.103\Sdks\Microsoft.NET.Sdk\targets\Microsoft.NET.Sdk.targets(204,5): message :       ExportWindowsMDFile;
       C:\Program Files\dotnet\sdk\10.0.103\Sdks\Microsoft.NET.Sdk\targets\Microsoft.NET.Sdk.targets(204,5): message :       UnmanagedUnregistration;
       C:\Program Files\dotnet\sdk\10.0.103\Sdks\Microsoft.NET.Sdk\targets\Microsoft.NET.Sdk.targets(204,5): message :       GenerateSerializationAssemblies;
       C:\Program Files\dotnet\sdk\10.0.103\Sdks\Microsoft.NET.Sdk\targets\Microsoft.NET.Sdk.targets(204,5): message :       CreateSatelliteAssemblies;
       C:\Program Files\dotnet\sdk\10.0.103\Sdks\Microsoft.NET.Sdk\targets\Microsoft.NET.Sdk.targets(204,5): message :       GenerateManifests;
       C:\Program Files\dotnet\sdk\10.0.103\Sdks\Microsoft.NET.Sdk\targets\Microsoft.NET.Sdk.targets(204,5): message :       GetTargetPath;
       C:\Program Files\dotnet\sdk\10.0.103\Sdks\Microsoft.NET.Sdk\targets\Microsoft.NET.Sdk.targets(204,5): message :       PrepareForRun;
       C:\Program Files\dotnet\sdk\10.0.103\Sdks\Microsoft.NET.Sdk\targets\Microsoft.NET.Sdk.targets(204,5): message :       UnmanagedRegistration;
       C:\Program Files\dotnet\sdk\10.0.103\Sdks\Microsoft.NET.Sdk\targets\Microsoft.NET.Sdk.targets(204,5): message :       IncrementalClean;
       C:\Program Files\dotnet\sdk\10.0.103\Sdks\Microsoft.NET.Sdk\targets\Microsoft.NET.Sdk.targets(204,5): message :       PostBuildEvent
       C:\Program Files\dotnet\sdk\10.0.103\Sdks\Microsoft.NET.Sdk\targets\Microsoft.NET.Sdk.targets(204,5): message :     ") at C:\Program Files\dotnet\sdk\10.0.103\Sdks\Microsoft.NET.Sdk\targets\Microsoft.NET.Sdk.targets (204,5)
       C:\Program Files\dotnet\sdk\10.0.103\Microsoft.Common.CurrentVersion.targets(3935,5): message : Property reassignment: $(_SGenGenerateSerializationAssembliesConfig)="Off" (previous value: "Auto") at C:\Program Files\dotnet\sdk\10.0.103\Microsoft.Common.CurrentVersion.targets (3935,5)
       C:\Program Files\dotnet\sdk\10.0.103\Sdks\Microsoft.NET.Sdk\targets\Microsoft.PackageDependencyResolution.targets(86,5): message : Property reassignment: $(PrepareResourcesDependsOn)="
       C:\Program Files\dotnet\sdk\10.0.103\Sdks\Microsoft.NET.Sdk\targets\Microsoft.PackageDependencyResolution.targets(86,5): message :       ResolvePackageDependenciesForBuild;
       C:\Program Files\dotnet\sdk\10.0.103\Sdks\Microsoft.NET.Sdk\targets\Microsoft.PackageDependencyResolution.targets(86,5): message :       _HandlePackageFileConflicts;
       C:\Program Files\dotnet\sdk\10.0.103\Sdks\Microsoft.NET.Sdk\targets\Microsoft.PackageDependencyResolution.targets(86,5): message :       
       C:\Program Files\dotnet\sdk\10.0.103\Sdks\Microsoft.NET.Sdk\targets\Microsoft.PackageDependencyResolution.targets(86,5): message :       ;
       C:\Program Files\dotnet\sdk\10.0.103\Sdks\Microsoft.NET.Sdk\targets\Microsoft.PackageDependencyResolution.targets(86,5): message :       PrepareResourceNames;
       C:\Program Files\dotnet\sdk\10.0.103\Sdks\Microsoft.NET.Sdk\targets\Microsoft.PackageDependencyResolution.targets(86,5): message :       ResGen;
       C:\Program Files\dotnet\sdk\10.0.103\Sdks\Microsoft.NET.Sdk\targets\Microsoft.PackageDependencyResolution.targets(86,5): message :       CompileLicxFiles
       C:\Program Files\dotnet\sdk\10.0.103\Sdks\Microsoft.NET.Sdk\targets\Microsoft.PackageDependencyResolution.targets(86,5): message :     
       C:\Program Files\dotnet\sdk\10.0.103\Sdks\Microsoft.NET.Sdk\targets\Microsoft.PackageDependencyResolution.targets(86,5): message :     " (previous value: "
       C:\Program Files\dotnet\sdk\10.0.103\Sdks\Microsoft.NET.Sdk\targets\Microsoft.PackageDependencyResolution.targets(86,5): message :       ;
       C:\Program Files\dotnet\sdk\10.0.103\Sdks\Microsoft.NET.Sdk\targets\Microsoft.PackageDependencyResolution.targets(86,5): message :       PrepareResourceNames;
       C:\Program Files\dotnet\sdk\10.0.103\Sdks\Microsoft.NET.Sdk\targets\Microsoft.PackageDependencyResolution.targets(86,5): message :       ResGen;
       C:\Program Files\dotnet\sdk\10.0.103\Sdks\Microsoft.NET.Sdk\targets\Microsoft.PackageDependencyResolution.targets(86,5): message :       CompileLicxFiles
       C:\Program Files\dotnet\sdk\10.0.103\Sdks\Microsoft.NET.Sdk\targets\Microsoft.PackageDependencyResolution.targets(86,5): message :     ") at C:\Program Files\dotnet\sdk\10.0.103\Sdks\Microsoft.NET.Sdk\targets\Microsoft.PackageDependencyResolution.targets (86,5)
       C:\Program Files\dotnet\sdk\10.0.103\Sdks\Microsoft.NET.Sdk\targets\Microsoft.NET.Sdk.targets(213,5): message : Property reassignment: $(CoreCleanDependsOn)="
       C:\Program Files\dotnet\sdk\10.0.103\Sdks\Microsoft.NET.Sdk\targets\Microsoft.NET.Sdk.targets(213,5): message :       _SdkBeforeClean;
       C:\Program Files\dotnet\sdk\10.0.103\Sdks\Microsoft.NET.Sdk\targets\Microsoft.NET.Sdk.targets(213,5): message :       
       C:\Program Files\dotnet\sdk\10.0.103\Sdks\Microsoft.NET.Sdk\targets\Microsoft.NET.Sdk.targets(213,5): message :     " (previous value: "") at C:\Program Files\dotnet\sdk\10.0.103\Sdks\Microsoft.NET.Sdk\targets\Microsoft.NET.Sdk.targets (213,5)
       C:\Program Files\dotnet\sdk\10.0.103\Microsoft.Common.CurrentVersion.targets(5146,5): message : Property reassignment: $(_TargetsThatPrepareProjectReferences)="
       C:\Program Files\dotnet\sdk\10.0.103\Microsoft.Common.CurrentVersion.targets(5146,5): message :       AssignProjectConfiguration;
       C:\Program Files\dotnet\sdk\10.0.103\Microsoft.Common.CurrentVersion.targets(5146,5): message :       _SplitProjectReferencesByFileExistence
       C:\Program Files\dotnet\sdk\10.0.103\Microsoft.Common.CurrentVersion.targets(5146,5): message :     " (previous value: "_SplitProjectReferencesByFileExistence") at C:\Program Files\dotnet\sdk\10.0.103\Microsoft.Common.CurrentVersion.targets (5146,5)
       The "EnableDefaultCompileItems" property is a global property, and cannot be modified.
       C:\Program Files\dotnet\sdk\10.0.103\Sdks\Microsoft.NET.Sdk\targets\Microsoft.NET.Sdk.targets(220,5): message : Property reassignment: $(RebuildDependsOn)="
       C:\Program Files\dotnet\sdk\10.0.103\Sdks\Microsoft.NET.Sdk\targets\Microsoft.NET.Sdk.targets(220,5): message :       _SdkBeforeRebuild;
       C:\Program Files\dotnet\sdk\10.0.103\Sdks\Microsoft.NET.Sdk\targets\Microsoft.NET.Sdk.targets(220,5): message :       
       C:\Program Files\dotnet\sdk\10.0.103\Sdks\Microsoft.NET.Sdk\targets\Microsoft.NET.Sdk.targets(220,5): message :       BeforeRebuild;
       C:\Program Files\dotnet\sdk\10.0.103\Sdks\Microsoft.NET.Sdk\targets\Microsoft.NET.Sdk.targets(220,5): message :       Clean;
       C:\Program Files\dotnet\sdk\10.0.103\Sdks\Microsoft.NET.Sdk\targets\Microsoft.NET.Sdk.targets(220,5): message :       Build;
       C:\Program Files\dotnet\sdk\10.0.103\Sdks\Microsoft.NET.Sdk\targets\Microsoft.NET.Sdk.targets(220,5): message :       AfterRebuild;
       C:\Program Files\dotnet\sdk\10.0.103\Sdks\Microsoft.NET.Sdk\targets\Microsoft.NET.Sdk.targets(220,5): message :     
       C:\Program Files\dotnet\sdk\10.0.103\Sdks\Microsoft.NET.Sdk\targets\Microsoft.NET.Sdk.targets(220,5): message :     " (previous value: "
       C:\Program Files\dotnet\sdk\10.0.103\Sdks\Microsoft.NET.Sdk\targets\Microsoft.NET.Sdk.targets(220,5): message :       BeforeRebuild;
       C:\Program Files\dotnet\sdk\10.0.103\Sdks\Microsoft.NET.Sdk\targets\Microsoft.NET.Sdk.targets(220,5): message :       Clean;
       C:\Program Files\dotnet\sdk\10.0.103\Sdks\Microsoft.NET.Sdk\targets\Microsoft.NET.Sdk.targets(220,5): message :       Build;
       C:\Program Files\dotnet\sdk\10.0.103\Sdks\Microsoft.NET.Sdk\targets\Microsoft.NET.Sdk.targets(220,5): message :       AfterRebuild;
       C:\Program Files\dotnet\sdk\10.0.103\Sdks\Microsoft.NET.Sdk\targets\Microsoft.NET.Sdk.targets(220,5): message :     ") at C:\Program Files\dotnet\sdk\10.0.103\Sdks\Microsoft.NET.Sdk\targets\Microsoft.NET.Sdk.targets (220,5)
       C:\Program Files\dotnet\sdk\10.0.103\Microsoft.Common.CurrentVersion.targets(6959,5): message : Property 'MSBuildExtensionsPath32' with value 'C:\Program Files\dotnet\sdk\10.0.103' expanded from the environment.
       The "EnableDefaultEmbeddedResourceItems" property is a global property, and cannot be modified.
       C:\Program Files\dotnet\sdk\10.0.103\Sdks\Microsoft.NET.Sdk\targets\Microsoft.NET.Sdk.targets(799,5): message : Property reassignment: $(CompileDependsOn)="
       C:\Program Files\dotnet\sdk\10.0.103\Sdks\Microsoft.NET.Sdk\targets\Microsoft.NET.Sdk.targets(799,5): message :       
       C:\Program Files\dotnet\sdk\10.0.103\Sdks\Microsoft.NET.Sdk\targets\Microsoft.NET.Sdk.targets(799,5): message :       ResolveReferences;
       C:\Program Files\dotnet\sdk\10.0.103\Sdks\Microsoft.NET.Sdk\targets\Microsoft.NET.Sdk.targets(799,5): message :       ResolveKeySource;
       C:\Program Files\dotnet\sdk\10.0.103\Sdks\Microsoft.NET.Sdk\targets\Microsoft.NET.Sdk.targets(799,5): message :       SetWin32ManifestProperties;
       C:\Program Files\dotnet\sdk\10.0.103\Sdks\Microsoft.NET.Sdk\targets\Microsoft.NET.Sdk.targets(799,5): message :       _SetPreferNativeArm64Win32ManifestProperties;
       C:\Program Files\dotnet\sdk\10.0.103\Sdks\Microsoft.NET.Sdk\targets\Microsoft.NET.Sdk.targets(799,5): message :       FindReferenceAssembliesForReferences;
       C:\Program Files\dotnet\sdk\10.0.103\Sdks\Microsoft.NET.Sdk\targets\Microsoft.NET.Sdk.targets(799,5): message :       _GenerateCompileInputs;
       C:\Program Files\dotnet\sdk\10.0.103\Sdks\Microsoft.NET.Sdk\targets\Microsoft.NET.Sdk.targets(799,5): message :       BeforeCompile;
       C:\Program Files\dotnet\sdk\10.0.103\Sdks\Microsoft.NET.Sdk\targets\Microsoft.NET.Sdk.targets(799,5): message :       _TimeStampBeforeCompile;
       C:\Program Files\dotnet\sdk\10.0.103\Sdks\Microsoft.NET.Sdk\targets\Microsoft.NET.Sdk.targets(799,5): message :       _GenerateCompileDependencyCache;
       C:\Program Files\dotnet\sdk\10.0.103\Sdks\Microsoft.NET.Sdk\targets\Microsoft.NET.Sdk.targets(799,5): message :       CoreCompile;
       C:\Program Files\dotnet\sdk\10.0.103\Sdks\Microsoft.NET.Sdk\targets\Microsoft.NET.Sdk.targets(799,5): message :       _TimeStampAfterCompile;
       C:\Program Files\dotnet\sdk\10.0.103\Sdks\Microsoft.NET.Sdk\targets\Microsoft.NET.Sdk.targets(799,5): message :       AfterCompile;
       C:\Program Files\dotnet\sdk\10.0.103\Sdks\Microsoft.NET.Sdk\targets\Microsoft.NET.Sdk.targets(799,5): message :     ;
       C:\Program Files\dotnet\sdk\10.0.103\Sdks\Microsoft.NET.Sdk\targets\Microsoft.NET.Sdk.targets(799,5): message :       _CreateAppHost;
       C:\Program Files\dotnet\sdk\10.0.103\Sdks\Microsoft.NET.Sdk\targets\Microsoft.NET.Sdk.targets(799,5): message :       _CreateComHost;
       C:\Program Files\dotnet\sdk\10.0.103\Sdks\Microsoft.NET.Sdk\targets\Microsoft.NET.Sdk.targets(799,5): message :       _GetIjwHostPaths;
       C:\Program Files\dotnet\sdk\10.0.103\Sdks\Microsoft.NET.Sdk\targets\Microsoft.NET.Sdk.targets(799,5): message :     " (previous value: "
       C:\Program Files\dotnet\sdk\10.0.103\Sdks\Microsoft.NET.Sdk\targets\Microsoft.NET.Sdk.targets(799,5): message :       ResolveReferences;
       C:\Program Files\dotnet\sdk\10.0.103\Sdks\Microsoft.NET.Sdk\targets\Microsoft.NET.Sdk.targets(799,5): message :       ResolveKeySource;
       C:\Program Files\dotnet\sdk\10.0.103\Sdks\Microsoft.NET.Sdk\targets\Microsoft.NET.Sdk.targets(799,5): message :       SetWin32ManifestProperties;
       C:\Program Files\dotnet\sdk\10.0.103\Sdks\Microsoft.NET.Sdk\targets\Microsoft.NET.Sdk.targets(799,5): message :       _SetPreferNativeArm64Win32ManifestProperties;
       C:\Program Files\dotnet\sdk\10.0.103\Sdks\Microsoft.NET.Sdk\targets\Microsoft.NET.Sdk.targets(799,5): message :       FindReferenceAssembliesForReferences;
       C:\Program Files\dotnet\sdk\10.0.103\Sdks\Microsoft.NET.Sdk\targets\Microsoft.NET.Sdk.targets(799,5): message :       _GenerateCompileInputs;
       C:\Program Files\dotnet\sdk\10.0.103\Sdks\Microsoft.NET.Sdk\targets\Microsoft.NET.Sdk.targets(799,5): message :       BeforeCompile;
       C:\Program Files\dotnet\sdk\10.0.103\Sdks\Microsoft.NET.Sdk\targets\Microsoft.NET.Sdk.targets(799,5): message :       _TimeStampBeforeCompile;
       C:\Program Files\dotnet\sdk\10.0.103\Sdks\Microsoft.NET.Sdk\targets\Microsoft.NET.Sdk.targets(799,5): message :       _GenerateCompileDependencyCache;
       C:\Program Files\dotnet\sdk\10.0.103\Sdks\Microsoft.NET.Sdk\targets\Microsoft.NET.Sdk.targets(799,5): message :       CoreCompile;
       C:\Program Files\dotnet\sdk\10.0.103\Sdks\Microsoft.NET.Sdk\targets\Microsoft.NET.Sdk.targets(799,5): message :       _TimeStampAfterCompile;
       C:\Program Files\dotnet\sdk\10.0.103\Sdks\Microsoft.NET.Sdk\targets\Microsoft.NET.Sdk.targets(799,5): message :       AfterCompile;
       C:\Program Files\dotnet\sdk\10.0.103\Sdks\Microsoft.NET.Sdk\targets\Microsoft.NET.Sdk.targets(799,5): message :     ") at C:\Program Files\dotnet\sdk\10.0.103\Sdks\Microsoft.NET.Sdk\targets\Microsoft.NET.Sdk.targets (799,5)
       The "_RestoreSolutionFileUsed" property is a global property, and cannot be modified.
       The "EnableDefaultNoneItems" property is a global property, and cannot be modified.
       C:\Program Files\dotnet\sdk\10.0.103\Sdks\Microsoft.NET.Sdk\targets\Microsoft.NET.Sdk.targets(1131,5): message : Property reassignment: $(CreateSatelliteAssembliesDependsOn)="
       C:\Program Files\dotnet\sdk\10.0.103\Sdks\Microsoft.NET.Sdk\targets\Microsoft.NET.Sdk.targets(1131,5): message :       
       C:\Program Files\dotnet\sdk\10.0.103\Sdks\Microsoft.NET.Sdk\targets\Microsoft.NET.Sdk.targets(1131,5): message :       ;
       C:\Program Files\dotnet\sdk\10.0.103\Sdks\Microsoft.NET.Sdk\targets\Microsoft.NET.Sdk.targets(1131,5): message :       _GenerateSatelliteAssemblyInputs;
       C:\Program Files\dotnet\sdk\10.0.103\Sdks\Microsoft.NET.Sdk\targets\Microsoft.NET.Sdk.targets(1131,5): message :       ComputeIntermediateSatelliteAssemblies;
       C:\Program Files\dotnet\sdk\10.0.103\Sdks\Microsoft.NET.Sdk\targets\Microsoft.NET.Sdk.targets(1131,5): message :       GenerateSatelliteAssemblies
       C:\Program Files\dotnet\sdk\10.0.103\Sdks\Microsoft.NET.Sdk\targets\Microsoft.NET.Sdk.targets(1131,5): message :     ;
       C:\Program Files\dotnet\sdk\10.0.103\Sdks\Microsoft.NET.Sdk\targets\Microsoft.NET.Sdk.targets(1131,5): message :       CoreGenerateSatelliteAssemblies
       C:\Program Files\dotnet\sdk\10.0.103\Sdks\Microsoft.NET.Sdk\targets\Microsoft.NET.Sdk.targets(1131,5): message :     " (previous value: "
       C:\Program Files\dotnet\sdk\10.0.103\Sdks\Microsoft.NET.Sdk\targets\Microsoft.NET.Sdk.targets(1131,5): message :       ;
       C:\Program Files\dotnet\sdk\10.0.103\Sdks\Microsoft.NET.Sdk\targets\Microsoft.NET.Sdk.targets(1131,5): message :       _GenerateSatelliteAssemblyInputs;
       C:\Program Files\dotnet\sdk\10.0.103\Sdks\Microsoft.NET.Sdk\targets\Microsoft.NET.Sdk.targets(1131,5): message :       ComputeIntermediateSatelliteAssemblies;
       C:\Program Files\dotnet\sdk\10.0.103\Sdks\Microsoft.NET.Sdk\targets\Microsoft.NET.Sdk.targets(1131,5): message :       GenerateSatelliteAssemblies
       C:\Program Files\dotnet\sdk\10.0.103\Sdks\Microsoft.NET.Sdk\targets\Microsoft.NET.Sdk.targets(1131,5): message :     ") at C:\Program Files\dotnet\sdk\10.0.103\Sdks\Microsoft.NET.Sdk\targets\Microsoft.NET.Sdk.targets (1131,5)
       The "NuGetInteractive" property is a global property, and cannot be modified.
       C:\Program Files\dotnet\sdk\10.0.103\Sdks\Microsoft.SourceLink.GitLab\build\Microsoft.SourceLink.GitLab.targets(12,5): message : Property reassignment: $(SourceLinkUrlInitializerTargets)=";_InitializeGitHubSourceLinkUrl;_InitializeGitLabSourceLinkUrl" (previous value: ";_InitializeGitHubSourceLinkUrl") at C:\Program Files\dotnet\sdk\10.0.103\Sdks\Microsoft.SourceLink.GitLab\build\Microsoft.SourceLink.GitLab.targets (12,5)
       C:\Program Files\dotnet\sdk\10.0.103\Sdks\Microsoft.NET.Sdk\targets\Microsoft.NET.Sdk.DefaultItems.targets(35,5): message : Property reassignment: $(DefaultItemExcludes)=";bin\Debug\/**;obj\Debug\/**;bin\/**" (previous value: ";bin\Debug\/**;obj\Debug\/**") at C:\Program Files\dotnet\sdk\10.0.103\Sdks\Microsoft.NET.Sdk\targets\Microsoft.NET.Sdk.DefaultItems.targets (35,5)
       C:\Program Files\dotnet\sdk\10.0.103\NuGet.targets(123,5): message : Property reassignment: $(_GenerateRestoreGraphProjectEntryInputProperties)="
       C:\Program Files\dotnet\sdk\10.0.103\NuGet.targets(123,5): message :       ExcludeRestorePackageImports=true;
       C:\Program Files\dotnet\sdk\10.0.103\NuGet.targets(123,5): message :       _RestoreSolutionFileUsed=true;
       C:\Program Files\dotnet\sdk\10.0.103\NuGet.targets(123,5): message :       SolutionDir=c:\Apps\TicketConsolidator\;
       C:\Program Files\dotnet\sdk\10.0.103\NuGet.targets(123,5): message :       SolutionName=TicketConsolidator;
       C:\Program Files\dotnet\sdk\10.0.103\NuGet.targets(123,5): message :       SolutionFileName=TicketConsolidator.sln;
       C:\Program Files\dotnet\sdk\10.0.103\NuGet.targets(123,5): message :       SolutionPath=c:\Apps\TicketConsolidator\TicketConsolidator.sln;
       C:\Program Files\dotnet\sdk\10.0.103\NuGet.targets(123,5): message :       SolutionExt=.sln;
       C:\Program Files\dotnet\sdk\10.0.103\NuGet.targets(123,5): message :     " (previous value: "ExcludeRestorePackageImports=true") at C:\Program Files\dotnet\sdk\10.0.103\NuGet.targets (123,5)
       C:\Program Files\dotnet\sdk\10.0.103\Sdks\Microsoft.NET.Sdk\targets\Microsoft.NET.Sdk.DefaultItems.targets(37,5): message : Property reassignment: $(DefaultItemExcludes)=";bin\Debug\/**;obj\Debug\/**;bin\/**;obj\/**" (previous value: ";bin\Debug\/**;obj\Debug\/**;bin\/**") at C:\Program Files\dotnet\sdk\10.0.103\Sdks\Microsoft.NET.Sdk\targets\Microsoft.NET.Sdk.DefaultItems.targets (37,5)
       C:\Program Files\dotnet\sdk\10.0.103\Sdks\Microsoft.SourceLink.GitLab\build\Microsoft.SourceLink.GitLab.targets(13,5): message : Property reassignment: $(SourceControlManagerUrlTranslationTargets)=";TranslateGitHubUrlsInSourceControlInformation;TranslateGitLabUrlsInSourceControlInformation" (previous value: ";TranslateGitHubUrlsInSourceControlInformation") at C:\Program Files\dotnet\sdk\10.0.103\Sdks\Microsoft.SourceLink.GitLab\build\Microsoft.SourceLink.GitLab.targets (13,5)
       C:\Program Files\dotnet\sdk\10.0.103\Sdks\Microsoft.NET.Sdk\targets\Microsoft.PackageDependencyResolution.targets(24,5): message : Property reassignment: $(ProjectAssetsFile)="c:\Apps\TicketConsolidator\tests\TicketConsolidator.UnitTests\obj\project.assets.json" (previous value: "c:\Apps\TicketConsolidator\tests\TicketConsolidator.UnitTests\obj\/project.assets.json") at C:\Program Files\dotnet\sdk\10.0.103\Sdks\Microsoft.NET.Sdk\targets\Microsoft.PackageDependencyResolution.targets (24,5)
       Assembly loaded during Evaluation: NuGet.Frameworks, Version=7.0.2.0, Culture=neutral, PublicKeyToken=31bf3856ad364e35 (location: C:\Program Files\dotnet\sdk\10.0.103\NuGet.Frameworks.dll, MVID: 1b7b49ca-9945-4cfa-824f-5d73c248e8d6, AssemblyLoadContext: Assembly.LoadFile(C:\Program Files\dotnet\sdk\10.0.103\NuGet.Frameworks.dll))
       C:\Program Files\dotnet\sdk\10.0.103\Sdks\Microsoft.SourceLink.AzureRepos.Git\build\Microsoft.SourceLink.AzureRepos.Git.targets(12,5): message : Property reassignment: $(SourceLinkUrlInitializerTargets)=";_InitializeGitHubSourceLinkUrl;_InitializeGitLabSourceLinkUrl;_InitializeAzureReposGitSourceLinkUrl" (previous value: ";_InitializeGitHubSourceLinkUrl;_InitializeGitLabSourceLinkUrl") at C:\Program Files\dotnet\sdk\10.0.103\Sdks\Microsoft.SourceLink.AzureRepos.Git\build\Microsoft.SourceLink.AzureRepos.Git.targets (12,5)
       C:\Program Files\dotnet\sdk\10.0.103\Sdks\Microsoft.NET.Sdk\targets\Microsoft.NET.Sdk.DefaultItems.targets(40,5): message : Property reassignment: $(DefaultItemExcludes)=";bin\Debug\/**;obj\Debug\/**;bin\/**;obj\/**;**/*.user" (previous value: ";bin\Debug\/**;obj\Debug\/**;bin\/**;obj\/**") at C:\Program Files\dotnet\sdk\10.0.103\Sdks\Microsoft.NET.Sdk\targets\Microsoft.NET.Sdk.DefaultItems.targets (40,5)
       C:\Program Files\dotnet\sdk\10.0.103\Sdks\Microsoft.NET.Sdk\targets\Microsoft.PackageDependencyResolution.targets(29,5): message : Property reassignment: $(ProjectAssetsCacheFile)="c:\Apps\TicketConsolidator\tests\TicketConsolidator.UnitTests\obj\Debug\net10.0-windows\TicketConsolidator.UnitTests.assets.cache" (previous value: "obj\Debug\net10.0-windows\TicketConsolidator.UnitTests.assets.cache") at C:\Program Files\dotnet\sdk\10.0.103\Sdks\Microsoft.NET.Sdk\targets\Microsoft.PackageDependencyResolution.targets (29,5)
       C:\Program Files\dotnet\sdk\10.0.103\Sdks\Microsoft.NET.Sdk\targets\Microsoft.NET.Sdk.DefaultItems.targets(41,5): message : Property reassignment: $(DefaultItemExcludes)=";bin\Debug\/**;obj\Debug\/**;bin\/**;obj\/**;**/*.user;**/*.*proj" (previous value: ";bin\Debug\/**;obj\Debug\/**;bin\/**;obj\/**;**/*.user") at C:\Program Files\dotnet\sdk\10.0.103\Sdks\Microsoft.NET.Sdk\targets\Microsoft.NET.Sdk.DefaultItems.targets (41,5)
       C:\Program Files\dotnet\sdk\10.0.103\Sdks\Microsoft.SourceLink.AzureRepos.Git\build\Microsoft.SourceLink.AzureRepos.Git.targets(13,5): message : Property reassignment: $(SourceControlManagerUrlTranslationTargets)=";TranslateGitHubUrlsInSourceControlInformation;TranslateGitLabUrlsInSourceControlInformation;TranslateAzureReposGitUrlsInSourceControlInformation" (previous value: ";TranslateGitHubUrlsInSourceControlInformation;TranslateGitLabUrlsInSourceControlInformation") at C:\Program Files\dotnet\sdk\10.0.103\Sdks\Microsoft.SourceLink.AzureRepos.Git\build\Microsoft.SourceLink.AzureRepos.Git.targets (13,5)
       C:\Program Files\dotnet\sdk\10.0.103\Sdks\Microsoft.NET.Sdk\targets\Microsoft.NET.Sdk.DefaultItems.targets(42,5): message : Property reassignment: $(DefaultItemExcludes)=";bin\Debug\/**;obj\Debug\/**;bin\/**;obj\/**;**/*.user;**/*.*proj;**/*.sln" (previous value: ";bin\Debug\/**;obj\Debug\/**;bin\/**;obj\/**;**/*.user;**/*.*proj") at C:\Program Files\dotnet\sdk\10.0.103\Sdks\Microsoft.NET.Sdk\targets\Microsoft.NET.Sdk.DefaultItems.targets (42,5)
       C:\Program Files\dotnet\sdk\10.0.103\Sdks\Microsoft.NET.Sdk\targets\Microsoft.NET.Sdk.DefaultItems.targets(43,5): message : Property reassignment: $(DefaultItemExcludes)=";bin\Debug\/**;obj\Debug\/**;bin\/**;obj\/**;**/*.user;**/*.*proj;**/*.sln;**/*.slnx" (previous value: ";bin\Debug\/**;obj\Debug\/**;bin\/**;obj\/**;**/*.user;**/*.*proj;**/*.sln") at C:\Program Files\dotnet\sdk\10.0.103\Sdks\Microsoft.NET.Sdk\targets\Microsoft.NET.Sdk.DefaultItems.targets (43,5)
       C:\Program Files\dotnet\sdk\10.0.103\Sdks\Microsoft.NET.Sdk\targets\Microsoft.NET.Sdk.DefaultItems.targets(44,5): message : Property reassignment: $(DefaultItemExcludes)=";bin\Debug\/**;obj\Debug\/**;bin\/**;obj\/**;**/*.user;**/*.*proj;**/*.sln;**/*.slnx;**/*.vssscc" (previous value: ";bin\Debug\/**;obj\Debug\/**;bin\/**;obj\/**;**/*.user;**/*.*proj;**/*.sln;**/*.slnx") at C:\Program Files\dotnet\sdk\10.0.103\Sdks\Microsoft.NET.Sdk\targets\Microsoft.NET.Sdk.DefaultItems.targets (44,5)
       C:\Program Files\dotnet\sdk\10.0.103\Sdks\Microsoft.NET.Sdk\targets\Microsoft.PackageDependencyResolution.targets(80,5): message : Property reassignment: $(ResolveAssemblyReferencesDependsOn)="
       C:\Program Files\dotnet\sdk\10.0.103\Sdks\Microsoft.NET.Sdk\targets\Microsoft.PackageDependencyResolution.targets(80,5): message :       
       C:\Program Files\dotnet\sdk\10.0.103\Sdks\Microsoft.NET.Sdk\targets\Microsoft.PackageDependencyResolution.targets(80,5): message :       ResolveProjectReferences;
       C:\Program Files\dotnet\sdk\10.0.103\Sdks\Microsoft.NET.Sdk\targets\Microsoft.PackageDependencyResolution.targets(80,5): message :       FindInvalidProjectReferences;
       C:\Program Files\dotnet\sdk\10.0.103\Sdks\Microsoft.NET.Sdk\targets\Microsoft.PackageDependencyResolution.targets(80,5): message :       GetFrameworkPaths;
       C:\Program Files\dotnet\sdk\10.0.103\Sdks\Microsoft.NET.Sdk\targets\Microsoft.PackageDependencyResolution.targets(80,5): message :       GetReferenceAssemblyPaths;
       C:\Program Files\dotnet\sdk\10.0.103\Sdks\Microsoft.NET.Sdk\targets\Microsoft.PackageDependencyResolution.targets(80,5): message :       PrepareForBuild;
       C:\Program Files\dotnet\sdk\10.0.103\Sdks\Microsoft.NET.Sdk\targets\Microsoft.PackageDependencyResolution.targets(80,5): message :       ResolveSDKReferences;
       C:\Program Files\dotnet\sdk\10.0.103\Sdks\Microsoft.NET.Sdk\targets\Microsoft.PackageDependencyResolution.targets(80,5): message :       ExpandSDKReferences;
       C:\Program Files\dotnet\sdk\10.0.103\Sdks\Microsoft.NET.Sdk\targets\Microsoft.PackageDependencyResolution.targets(80,5): message :     ;
       C:\Program Files\dotnet\sdk\10.0.103\Sdks\Microsoft.NET.Sdk\targets\Microsoft.PackageDependencyResolution.targets(80,5): message :       ResolvePackageDependenciesForBuild;
       C:\Program Files\dotnet\sdk\10.0.103\Sdks\Microsoft.NET.Sdk\targets\Microsoft.PackageDependencyResolution.targets(80,5): message :       _HandlePackageFileConflicts;
       C:\Program Files\dotnet\sdk\10.0.103\Sdks\Microsoft.NET.Sdk\targets\Microsoft.PackageDependencyResolution.targets(80,5): message :     " (previous value: "
       C:\Program Files\dotnet\sdk\10.0.103\Sdks\Microsoft.NET.Sdk\targets\Microsoft.PackageDependencyResolution.targets(80,5): message :       ResolveProjectReferences;
       C:\Program Files\dotnet\sdk\10.0.103\Sdks\Microsoft.NET.Sdk\targets\Microsoft.PackageDependencyResolution.targets(80,5): message :       FindInvalidProjectReferences;
       C:\Program Files\dotnet\sdk\10.0.103\Sdks\Microsoft.NET.Sdk\targets\Microsoft.PackageDependencyResolution.targets(80,5): message :       GetFrameworkPaths;
       C:\Program Files\dotnet\sdk\10.0.103\Sdks\Microsoft.NET.Sdk\targets\Microsoft.PackageDependencyResolution.targets(80,5): message :       GetReferenceAssemblyPaths;
       C:\Program Files\dotnet\sdk\10.0.103\Sdks\Microsoft.NET.Sdk\targets\Microsoft.PackageDependencyResolution.targets(80,5): message :       PrepareForBuild;
       C:\Program Files\dotnet\sdk\10.0.103\Sdks\Microsoft.NET.Sdk\targets\Microsoft.PackageDependencyResolution.targets(80,5): message :       ResolveSDKReferences;
       C:\Program Files\dotnet\sdk\10.0.103\Sdks\Microsoft.NET.Sdk\targets\Microsoft.PackageDependencyResolution.targets(80,5): message :       ExpandSDKReferences;
       C:\Program Files\dotnet\sdk\10.0.103\Sdks\Microsoft.NET.Sdk\targets\Microsoft.PackageDependencyResolution.targets(80,5): message :     ") at C:\Program Files\dotnet\sdk\10.0.103\Sdks\Microsoft.NET.Sdk\targets\Microsoft.PackageDependencyResolution.targets (80,5)
       C:\Program Files\dotnet\sdk\10.0.103\Sdks\Microsoft.NET.Sdk\targets\Microsoft.NET.Sdk.DefaultItems.targets(45,5): message : Property reassignment: $(DefaultItemExcludes)=";bin\Debug\/**;obj\Debug\/**;bin\/**;obj\/**;**/*.user;**/*.*proj;**/*.sln;**/*.slnx;**/*.vssscc;**/.DS_Store" (previous value: ";bin\Debug\/**;obj\Debug\/**;bin\/**;obj\/**;**/*.user;**/*.*proj;**/*.sln;**/*.slnx;**/*.vssscc") at C:\Program Files\dotnet\sdk\10.0.103\Sdks\Microsoft.NET.Sdk\targets\Microsoft.NET.Sdk.DefaultItems.targets (45,5)
       C:\Program Files\dotnet\sdk\10.0.103\Sdks\Microsoft.NET.Sdk\targets\Microsoft.NET.Sdk.FrameworkReferenceResolution.targets(14,5): message : Property reassignment: $(ResolveAssemblyReferencesDependsOn)="
       C:\Program Files\dotnet\sdk\10.0.103\Sdks\Microsoft.NET.Sdk\targets\Microsoft.NET.Sdk.FrameworkReferenceResolution.targets(14,5): message :       
       C:\Program Files\dotnet\sdk\10.0.103\Sdks\Microsoft.NET.Sdk\targets\Microsoft.NET.Sdk.FrameworkReferenceResolution.targets(14,5): message :       
       C:\Program Files\dotnet\sdk\10.0.103\Sdks\Microsoft.NET.Sdk\targets\Microsoft.NET.Sdk.FrameworkReferenceResolution.targets(14,5): message :       ResolveProjectReferences;
       C:\Program Files\dotnet\sdk\10.0.103\Sdks\Microsoft.NET.Sdk\targets\Microsoft.NET.Sdk.FrameworkReferenceResolution.targets(14,5): message :       FindInvalidProjectReferences;
       C:\Program Files\dotnet\sdk\10.0.103\Sdks\Microsoft.NET.Sdk\targets\Microsoft.NET.Sdk.FrameworkReferenceResolution.targets(14,5): message :       GetFrameworkPaths;
       C:\Program Files\dotnet\sdk\10.0.103\Sdks\Microsoft.NET.Sdk\targets\Microsoft.NET.Sdk.FrameworkReferenceResolution.targets(14,5): message :       GetReferenceAssemblyPaths;
       C:\Program Files\dotnet\sdk\10.0.103\Sdks\Microsoft.NET.Sdk\targets\Microsoft.NET.Sdk.FrameworkReferenceResolution.targets(14,5): message :       PrepareForBuild;
       C:\Program Files\dotnet\sdk\10.0.103\Sdks\Microsoft.NET.Sdk\targets\Microsoft.NET.Sdk.FrameworkReferenceResolution.targets(14,5): message :       ResolveSDKReferences;
       C:\Program Files\dotnet\sdk\10.0.103\Sdks\Microsoft.NET.Sdk\targets\Microsoft.NET.Sdk.FrameworkReferenceResolution.targets(14,5): message :       ExpandSDKReferences;
       C:\Program Files\dotnet\sdk\10.0.103\Sdks\Microsoft.NET.Sdk\targets\Microsoft.NET.Sdk.FrameworkReferenceResolution.targets(14,5): message :     ;
       C:\Program Files\dotnet\sdk\10.0.103\Sdks\Microsoft.NET.Sdk\targets\Microsoft.NET.Sdk.FrameworkReferenceResolution.targets(14,5): message :       ResolvePackageDependenciesForBuild;
       C:\Program Files\dotnet\sdk\10.0.103\Sdks\Microsoft.NET.Sdk\targets\Microsoft.NET.Sdk.FrameworkReferenceResolution.targets(14,5): message :       _HandlePackageFileConflicts;
       C:\Program Files\dotnet\sdk\10.0.103\Sdks\Microsoft.NET.Sdk\targets\Microsoft.NET.Sdk.FrameworkReferenceResolution.targets(14,5): message :     ;
       C:\Program Files\dotnet\sdk\10.0.103\Sdks\Microsoft.NET.Sdk\targets\Microsoft.NET.Sdk.FrameworkReferenceResolution.targets(14,5): message :       ResolveTargetingPackAssets;
       C:\Program Files\dotnet\sdk\10.0.103\Sdks\Microsoft.NET.Sdk\targets\Microsoft.NET.Sdk.FrameworkReferenceResolution.targets(14,5): message :     " (previous value: "
       C:\Program Files\dotnet\sdk\10.0.103\Sdks\Microsoft.NET.Sdk\targets\Microsoft.NET.Sdk.FrameworkReferenceResolution.targets(14,5): message :       
       C:\Program Files\dotnet\sdk\10.0.103\Sdks\Microsoft.NET.Sdk\targets\Microsoft.NET.Sdk.FrameworkReferenceResolution.targets(14,5): message :       ResolveProjectReferences;
       C:\Program Files\dotnet\sdk\10.0.103\Sdks\Microsoft.NET.Sdk\targets\Microsoft.NET.Sdk.FrameworkReferenceResolution.targets(14,5): message :       FindInvalidProjectReferences;
       C:\Program Files\dotnet\sdk\10.0.103\Sdks\Microsoft.NET.Sdk\targets\Microsoft.NET.Sdk.FrameworkReferenceResolution.targets(14,5): message :       GetFrameworkPaths;
       C:\Program Files\dotnet\sdk\10.0.103\Sdks\Microsoft.NET.Sdk\targets\Microsoft.NET.Sdk.FrameworkReferenceResolution.targets(14,5): message :       GetReferenceAssemblyPaths;
       C:\Program Files\dotnet\sdk\10.0.103\Sdks\Microsoft.NET.Sdk\targets\Microsoft.NET.Sdk.FrameworkReferenceResolution.targets(14,5): message :       PrepareForBuild;
       C:\Program Files\dotnet\sdk\10.0.103\Sdks\Microsoft.NET.Sdk\targets\Microsoft.NET.Sdk.FrameworkReferenceResolution.targets(14,5): message :       ResolveSDKReferences;
       C:\Program Files\dotnet\sdk\10.0.103\Sdks\Microsoft.NET.Sdk\targets\Microsoft.NET.Sdk.FrameworkReferenceResolution.targets(14,5): message :       ExpandSDKReferences;
       C:\Program Files\dotnet\sdk\10.0.103\Sdks\Microsoft.NET.Sdk\targets\Microsoft.NET.Sdk.FrameworkReferenceResolution.targets(14,5): message :     ;
       C:\Program Files\dotnet\sdk\10.0.103\Sdks\Microsoft.NET.Sdk\targets\Microsoft.NET.Sdk.FrameworkReferenceResolution.targets(14,5): message :       ResolvePackageDependenciesForBuild;
       C:\Program Files\dotnet\sdk\10.0.103\Sdks\Microsoft.NET.Sdk\targets\Microsoft.NET.Sdk.FrameworkReferenceResolution.targets(14,5): message :       _HandlePackageFileConflicts;
       C:\Program Files\dotnet\sdk\10.0.103\Sdks\Microsoft.NET.Sdk\targets\Microsoft.NET.Sdk.FrameworkReferenceResolution.targets(14,5): message :     ") at C:\Program Files\dotnet\sdk\10.0.103\Sdks\Microsoft.NET.Sdk\targets\Microsoft.NET.Sdk.FrameworkReferenceResolution.targets (14,5)
       C:\Program Files\dotnet\sdk\10.0.103\Sdks\Microsoft.SourceLink.Bitbucket.Git\build\Microsoft.SourceLink.Bitbucket.Git.targets(12,5): message : Property reassignment: $(SourceLinkUrlInitializerTargets)=";_InitializeGitHubSourceLinkUrl;_InitializeGitLabSourceLinkUrl;_InitializeAzureReposGitSourceLinkUrl;_InitializeBitbucketGitSourceLinkUrl" (previous value: ";_InitializeGitHubSourceLinkUrl;_InitializeGitLabSourceLinkUrl;_InitializeAzureReposGitSourceLinkUrl") at C:\Program Files\dotnet\sdk\10.0.103\Sdks\Microsoft.SourceLink.Bitbucket.Git\build\Microsoft.SourceLink.Bitbucket.Git.targets (12,5)
       C:\Program Files\dotnet\sdk\10.0.103\Sdks\Microsoft.NET.Sdk.Web.ProjectSystem\targets\Microsoft.NET.Sdk.Web.ProjectSystem.props(16,5): message : Property reassignment: $(OutputType)="Exe" (previous value: "Library") at C:\Program Files\dotnet\sdk\10.0.103\Sdks\Microsoft.NET.Sdk.Web.ProjectSystem\targets\Microsoft.NET.Sdk.Web.ProjectSystem.props (16,5)
       C:\Program Files\dotnet\sdk\10.0.103\Sdks\Microsoft.NET.Sdk\targets\Microsoft.PackageDependencyResolution.targets(86,5): message : Property reassignment: $(PrepareResourcesDependsOn)="
       C:\Program Files\dotnet\sdk\10.0.103\Sdks\Microsoft.NET.Sdk\targets\Microsoft.PackageDependencyResolution.targets(86,5): message :       ResolvePackageDependenciesForBuild;
       C:\Program Files\dotnet\sdk\10.0.103\Sdks\Microsoft.NET.Sdk\targets\Microsoft.PackageDependencyResolution.targets(86,5): message :       _HandlePackageFileConflicts;
       C:\Program Files\dotnet\sdk\10.0.103\Sdks\Microsoft.NET.Sdk\targets\Microsoft.PackageDependencyResolution.targets(86,5): message :       
       C:\Program Files\dotnet\sdk\10.0.103\Sdks\Microsoft.NET.Sdk\targets\Microsoft.PackageDependencyResolution.targets(86,5): message :       ;
       C:\Program Files\dotnet\sdk\10.0.103\Sdks\Microsoft.NET.Sdk\targets\Microsoft.PackageDependencyResolution.targets(86,5): message :       PrepareResourceNames;
       C:\Program Files\dotnet\sdk\10.0.103\Sdks\Microsoft.NET.Sdk\targets\Microsoft.PackageDependencyResolution.targets(86,5): message :       ResGen;
       C:\Program Files\dotnet\sdk\10.0.103\Sdks\Microsoft.NET.Sdk\targets\Microsoft.PackageDependencyResolution.targets(86,5): message :       CompileLicxFiles
       C:\Program Files\dotnet\sdk\10.0.103\Sdks\Microsoft.NET.Sdk\targets\Microsoft.PackageDependencyResolution.targets(86,5): message :     
       C:\Program Files\dotnet\sdk\10.0.103\Sdks\Microsoft.NET.Sdk\targets\Microsoft.PackageDependencyResolution.targets(86,5): message :     " (previous value: "
       C:\Program Files\dotnet\sdk\10.0.103\Sdks\Microsoft.NET.Sdk\targets\Microsoft.PackageDependencyResolution.targets(86,5): message :       ;
       C:\Program Files\dotnet\sdk\10.0.103\Sdks\Microsoft.NET.Sdk\targets\Microsoft.PackageDependencyResolution.targets(86,5): message :       PrepareResourceNames;
       C:\Program Files\dotnet\sdk\10.0.103\Sdks\Microsoft.NET.Sdk\targets\Microsoft.PackageDependencyResolution.targets(86,5): message :       ResGen;
       C:\Program Files\dotnet\sdk\10.0.103\Sdks\Microsoft.NET.Sdk\targets\Microsoft.PackageDependencyResolution.targets(86,5): message :       CompileLicxFiles
       C:\Program Files\dotnet\sdk\10.0.103\Sdks\Microsoft.NET.Sdk\targets\Microsoft.PackageDependencyResolution.targets(86,5): message :     ") at C:\Program Files\dotnet\sdk\10.0.103\Sdks\Microsoft.NET.Sdk\targets\Microsoft.PackageDependencyResolution.targets (86,5)
       C:\Program Files\dotnet\sdk\10.0.103\Sdks\Microsoft.NET.Sdk\targets\Microsoft.NET.Sdk.targets(44,5): message : Property reassignment: $(_GenerateRuntimeConfigurationPropertyInputsCache)="c:\Apps\TicketConsolidator\src\TicketConsolidator.Application\obj\Debug\net10.0\TicketConsolidator.Application.genruntimeconfig.cache" (previous value: "obj\Debug\net10.0\TicketConsolidator.Application.genruntimeconfig.cache") at C:\Program Files\dotnet\sdk\10.0.103\Sdks\Microsoft.NET.Sdk\targets\Microsoft.NET.Sdk.targets (44,5)
       C:\Program Files\dotnet\sdk\10.0.103\Sdks\Microsoft.NET.Sdk\targets\Microsoft.NET.Sdk.targets(46,5): message : Property reassignment: $(_GeneratePublishDependencyFilePropertyInputsCache)="c:\Apps\TicketConsolidator\src\TicketConsolidator.Application\obj\Debug\net10.0\TicketConsolidator.Application.genpublishdeps.cache" (previous value: "obj\Debug\net10.0\TicketConsolidator.Application.genpublishdeps.cache") at C:\Program Files\dotnet\sdk\10.0.103\Sdks\Microsoft.NET.Sdk\targets\Microsoft.NET.Sdk.targets (46,5)
       C:\Program Files\dotnet\sdk\10.0.103\Sdks\Microsoft.NET.Sdk\targets\Microsoft.NET.Sdk.targets(48,5): message : Property reassignment: $(_GenerateSingleFileBundlePropertyInputsCache)="c:\Apps\TicketConsolidator\src\TicketConsolidator.Application\obj\Debug\net10.0\TicketConsolidator.Application.genbundle.cache" (previous value: "obj\Debug\net10.0\TicketConsolidator.Application.genbundle.cache") at C:\Program Files\dotnet\sdk\10.0.103\Sdks\Microsoft.NET.Sdk\targets\Microsoft.NET.Sdk.targets (48,5)
       C:\Program Files\dotnet\sdk\10.0.103\Sdks\Microsoft.NET.Sdk.WindowsDesktop\targets\Microsoft.WinFX.targets(61,7): message : Property reassignment: $(PrepareResourceNamesDependsOn)="
       C:\Program Files\dotnet\sdk\10.0.103\Sdks\Microsoft.NET.Sdk.WindowsDesktop\targets\Microsoft.WinFX.targets(61,7): message :                     AssignWinFXEmbeddedResource;
       C:\Program Files\dotnet\sdk\10.0.103\Sdks\Microsoft.NET.Sdk.WindowsDesktop\targets\Microsoft.WinFX.targets(61,7): message :                     
       C:\Program Files\dotnet\sdk\10.0.103\Sdks\Microsoft.NET.Sdk.WindowsDesktop\targets\Microsoft.WinFX.targets(61,7): message :       AssignTargetPaths;
       C:\Program Files\dotnet\sdk\10.0.103\Sdks\Microsoft.NET.Sdk.WindowsDesktop\targets\Microsoft.WinFX.targets(61,7): message :       SplitResourcesByCulture;
       C:\Program Files\dotnet\sdk\10.0.103\Sdks\Microsoft.NET.Sdk.WindowsDesktop\targets\Microsoft.WinFX.targets(61,7): message :       CreateManifestResourceNames;
       C:\Program Files\dotnet\sdk\10.0.103\Sdks\Microsoft.NET.Sdk.WindowsDesktop\targets\Microsoft.WinFX.targets(61,7): message :       CreateCustomManifestResourceNames
       C:\Program Files\dotnet\sdk\10.0.103\Sdks\Microsoft.NET.Sdk.WindowsDesktop\targets\Microsoft.WinFX.targets(61,7): message :     
       C:\Program Files\dotnet\sdk\10.0.103\Sdks\Microsoft.NET.Sdk.WindowsDesktop\targets\Microsoft.WinFX.targets(61,7): message :       " (previous value: "
       C:\Program Files\dotnet\sdk\10.0.103\Sdks\Microsoft.NET.Sdk.WindowsDesktop\targets\Microsoft.WinFX.targets(61,7): message :       AssignTargetPaths;
       C:\Program Files\dotnet\sdk\10.0.103\Sdks\Microsoft.NET.Sdk.WindowsDesktop\targets\Microsoft.WinFX.targets(61,7): message :       SplitResourcesByCulture;
       C:\Program Files\dotnet\sdk\10.0.103\Sdks\Microsoft.NET.Sdk.WindowsDesktop\targets\Microsoft.WinFX.targets(61,7): message :       CreateManifestResourceNames;
       C:\Program Files\dotnet\sdk\10.0.103\Sdks\Microsoft.NET.Sdk.WindowsDesktop\targets\Microsoft.WinFX.targets(61,7): message :       CreateCustomManifestResourceNames
       C:\Program Files\dotnet\sdk\10.0.103\Sdks\Microsoft.NET.Sdk.WindowsDesktop\targets\Microsoft.WinFX.targets(61,7): message :     ") at C:\Program Files\dotnet\sdk\10.0.103\Sdks\Microsoft.NET.Sdk.WindowsDesktop\targets\Microsoft.WinFX.targets (61,7)
       C:\Program Files\dotnet\sdk\10.0.103\Sdks\Microsoft.NET.Sdk\targets\Microsoft.NET.Sdk.targets(81,5): message : Property reassignment: $(GenerateRuntimeConfigDevFile)="false" (previous value: "true") at C:\Program Files\dotnet\sdk\10.0.103\Sdks\Microsoft.NET.Sdk\targets\Microsoft.NET.Sdk.targets (81,5)
       C:\Program Files\dotnet\sdk\10.0.103\Sdks\Microsoft.SourceLink.Bitbucket.Git\build\Microsoft.SourceLink.Bitbucket.Git.targets(13,5): message : Property reassignment: $(SourceControlManagerUrlTranslationTargets)=";TranslateGitHubUrlsInSourceControlInformation;TranslateGitLabUrlsInSourceControlInformation;TranslateAzureReposGitUrlsInSourceControlInformation;TranslateBitbucketGitUrlsInSourceControlInformation" (previous value: ";TranslateGitHubUrlsInSourceControlInformation;TranslateGitLabUrlsInSourceControlInformation;TranslateAzureReposGitUrlsInSourceControlInformation") at C:\Program Files\dotnet\sdk\10.0.103\Sdks\Microsoft.SourceLink.Bitbucket.Git\build\Microsoft.SourceLink.Bitbucket.Git.targets (13,5)
       C:\Program Files\dotnet\sdk\10.0.103\Sdks\Microsoft.NET.Sdk\targets\Microsoft.NET.Sdk.targets(98,5): message : Property 'USERPROFILE' with value 'C:\Users\krish.maniar.ATPL-LAP-723' expanded from the environment.
       C:\Program Files\dotnet\sdk\10.0.103\Sdks\Microsoft.NET.Sdk\targets\Microsoft.NET.Sdk.targets(98,5): message : Property reassignment: $(_DefaultUserProfileRuntimeStorePath)="C:\Users\krish.maniar.ATPL-LAP-723" (previous value: "") at C:\Program Files\dotnet\sdk\10.0.103\Sdks\Microsoft.NET.Sdk\targets\Microsoft.NET.Sdk.targets (98,5)
       C:\Program Files\dotnet\sdk\10.0.103\Sdks\Microsoft.NET.Sdk\targets\Microsoft.NET.Sdk.targets(99,5): message : Property reassignment: $(_DefaultUserProfileRuntimeStorePath)="C:\Users\krish.maniar.ATPL-LAP-723\.dotnet\store" (previous value: "C:\Users\krish.maniar.ATPL-LAP-723") at C:\Program Files\dotnet\sdk\10.0.103\Sdks\Microsoft.NET.Sdk\targets\Microsoft.NET.Sdk.targets (99,5)
       C:\Program Files\dotnet\sdk\10.0.103\Sdks\Microsoft.NET.Sdk\targets\Microsoft.NET.DesignerSupport.targets(21,5): message : Property reassignment: $(DesignerRuntimeImplementationProjectOutputGroupDependsOn)="
       C:\Program Files\dotnet\sdk\10.0.103\Sdks\Microsoft.NET.Sdk\targets\Microsoft.NET.DesignerSupport.targets(21,5): message :       
       C:\Program Files\dotnet\sdk\10.0.103\Sdks\Microsoft.NET.Sdk\targets\Microsoft.NET.DesignerSupport.targets(21,5): message :       ;
       C:\Program Files\dotnet\sdk\10.0.103\Sdks\Microsoft.NET.Sdk\targets\Microsoft.NET.DesignerSupport.targets(21,5): message :       
       C:\Program Files\dotnet\sdk\10.0.103\Sdks\Microsoft.NET.Sdk\targets\Microsoft.NET.DesignerSupport.targets(21,5): message :       ;
       C:\Program Files\dotnet\sdk\10.0.103\Sdks\Microsoft.NET.Sdk\targets\Microsoft.NET.DesignerSupport.targets(21,5): message :       BuildOnlySettings;
       C:\Program Files\dotnet\sdk\10.0.103\Sdks\Microsoft.NET.Sdk\targets\Microsoft.NET.DesignerSupport.targets(21,5): message :       PrepareForBuild;
       C:\Program Files\dotnet\sdk\10.0.103\Sdks\Microsoft.NET.Sdk\targets\Microsoft.NET.DesignerSupport.targets(21,5): message :       AssignTargetPaths;
       C:\Program Files\dotnet\sdk\10.0.103\Sdks\Microsoft.NET.Sdk\targets\Microsoft.NET.DesignerSupport.targets(21,5): message :       ResolveReferences
       C:\Program Files\dotnet\sdk\10.0.103\Sdks\Microsoft.NET.Sdk\targets\Microsoft.NET.DesignerSupport.targets(21,5): message :     
       C:\Program Files\dotnet\sdk\10.0.103\Sdks\Microsoft.NET.Sdk\targets\Microsoft.NET.DesignerSupport.targets(21,5): message :     ;
       C:\Program Files\dotnet\sdk\10.0.103\Sdks\Microsoft.NET.Sdk\targets\Microsoft.NET.DesignerSupport.targets(21,5): message :       _GenerateDesignerDepsFile;
       C:\Program Files\dotnet\sdk\10.0.103\Sdks\Microsoft.NET.Sdk\targets\Microsoft.NET.DesignerSupport.targets(21,5): message :       _GenerateDesignerRuntimeConfigFile;
       C:\Program Files\dotnet\sdk\10.0.103\Sdks\Microsoft.NET.Sdk\targets\Microsoft.NET.DesignerSupport.targets(21,5): message :       GetCopyToOutputDirectoryItems;
       C:\Program Files\dotnet\sdk\10.0.103\Sdks\Microsoft.NET.Sdk\targets\Microsoft.NET.DesignerSupport.targets(21,5): message :       _GatherDesignerShadowCopyFiles;
       C:\Program Files\dotnet\sdk\10.0.103\Sdks\Microsoft.NET.Sdk\targets\Microsoft.NET.DesignerSupport.targets(21,5): message :     " (previous value: "
       C:\Program Files\dotnet\sdk\10.0.103\Sdks\Microsoft.NET.Sdk\targets\Microsoft.NET.DesignerSupport.targets(21,5): message :       ;
       C:\Program Files\dotnet\sdk\10.0.103\Sdks\Microsoft.NET.Sdk\targets\Microsoft.NET.DesignerSupport.targets(21,5): message :       
       C:\Program Files\dotnet\sdk\10.0.103\Sdks\Microsoft.NET.Sdk\targets\Microsoft.NET.DesignerSupport.targets(21,5): message :       ;
       C:\Program Files\dotnet\sdk\10.0.103\Sdks\Microsoft.NET.Sdk\targets\Microsoft.NET.DesignerSupport.targets(21,5): message :       BuildOnlySettings;
       C:\Program Files\dotnet\sdk\10.0.103\Sdks\Microsoft.NET.Sdk\targets\Microsoft.NET.DesignerSupport.targets(21,5): message :       PrepareForBuild;
       C:\Program Files\dotnet\sdk\10.0.103\Sdks\Microsoft.NET.Sdk\targets\Microsoft.NET.DesignerSupport.targets(21,5): message :       AssignTargetPaths;
       C:\Program Files\dotnet\sdk\10.0.103\Sdks\Microsoft.NET.Sdk\targets\Microsoft.NET.DesignerSupport.targets(21,5): message :       ResolveReferences
       C:\Program Files\dotnet\sdk\10.0.103\Sdks\Microsoft.NET.Sdk\targets\Microsoft.NET.DesignerSupport.targets(21,5): message :     
       C:\Program Files\dotnet\sdk\10.0.103\Sdks\Microsoft.NET.Sdk\targets\Microsoft.NET.DesignerSupport.targets(21,5): message :     ") at C:\Program Files\dotnet\sdk\10.0.103\Sdks\Microsoft.NET.Sdk\targets\Microsoft.NET.DesignerSupport.targets (21,5)
       The "EnableDefaultCompileItems" property is a global property, and cannot be modified.
       C:\Program Files\dotnet\sdk\10.0.103\Sdks\Microsoft.NET.Sdk.WindowsDesktop\targets\Microsoft.WinFX.targets(69,7): message : Property reassignment: $(PrepareResourcesDependsOn)="
       C:\Program Files\dotnet\sdk\10.0.103\Sdks\Microsoft.NET.Sdk.WindowsDesktop\targets\Microsoft.WinFX.targets(69,7): message :                 MarkupCompilePass1;
       C:\Program Files\dotnet\sdk\10.0.103\Sdks\Microsoft.NET.Sdk.WindowsDesktop\targets\Microsoft.WinFX.targets(69,7): message :                 AfterMarkupCompilePass1;
       C:\Program Files\dotnet\sdk\10.0.103\Sdks\Microsoft.NET.Sdk.WindowsDesktop\targets\Microsoft.WinFX.targets(69,7): message :                 MarkupCompilePass2ForMainAssembly;
       C:\Program Files\dotnet\sdk\10.0.103\Sdks\Microsoft.NET.Sdk.WindowsDesktop\targets\Microsoft.WinFX.targets(69,7): message :                 FileClassification;
       C:\Program Files\dotnet\sdk\10.0.103\Sdks\Microsoft.NET.Sdk.WindowsDesktop\targets\Microsoft.WinFX.targets(69,7): message :                 MainResourcesGeneration;
       C:\Program Files\dotnet\sdk\10.0.103\Sdks\Microsoft.NET.Sdk.WindowsDesktop\targets\Microsoft.WinFX.targets(69,7): message :                 
       C:\Program Files\dotnet\sdk\10.0.103\Sdks\Microsoft.NET.Sdk.WindowsDesktop\targets\Microsoft.WinFX.targets(69,7): message :       ResolvePackageDependenciesForBuild;
       C:\Program Files\dotnet\sdk\10.0.103\Sdks\Microsoft.NET.Sdk.WindowsDesktop\targets\Microsoft.WinFX.targets(69,7): message :       _HandlePackageFileConflicts;
       C:\Program Files\dotnet\sdk\10.0.103\Sdks\Microsoft.NET.Sdk.WindowsDesktop\targets\Microsoft.WinFX.targets(69,7): message :       
       C:\Program Files\dotnet\sdk\10.0.103\Sdks\Microsoft.NET.Sdk.WindowsDesktop\targets\Microsoft.WinFX.targets(69,7): message :       ;
       C:\Program Files\dotnet\sdk\10.0.103\Sdks\Microsoft.NET.Sdk.WindowsDesktop\targets\Microsoft.WinFX.targets(69,7): message :       PrepareResourceNames;
       C:\Program Files\dotnet\sdk\10.0.103\Sdks\Microsoft.NET.Sdk.WindowsDesktop\targets\Microsoft.WinFX.targets(69,7): message :       ResGen;
       C:\Program Files\dotnet\sdk\10.0.103\Sdks\Microsoft.NET.Sdk.WindowsDesktop\targets\Microsoft.WinFX.targets(69,7): message :       CompileLicxFiles
       C:\Program Files\dotnet\sdk\10.0.103\Sdks\Microsoft.NET.Sdk.WindowsDesktop\targets\Microsoft.WinFX.targets(69,7): message :     
       C:\Program Files\dotnet\sdk\10.0.103\Sdks\Microsoft.NET.Sdk.WindowsDesktop\targets\Microsoft.WinFX.targets(69,7): message :     
       C:\Program Files\dotnet\sdk\10.0.103\Sdks\Microsoft.NET.Sdk.WindowsDesktop\targets\Microsoft.WinFX.targets(69,7): message :       " (previous value: "
       C:\Program Files\dotnet\sdk\10.0.103\Sdks\Microsoft.NET.Sdk.WindowsDesktop\targets\Microsoft.WinFX.targets(69,7): message :       ResolvePackageDependenciesForBuild;
       C:\Program Files\dotnet\sdk\10.0.103\Sdks\Microsoft.NET.Sdk.WindowsDesktop\targets\Microsoft.WinFX.targets(69,7): message :       _HandlePackageFileConflicts;
       C:\Program Files\dotnet\sdk\10.0.103\Sdks\Microsoft.NET.Sdk.WindowsDesktop\targets\Microsoft.WinFX.targets(69,7): message :       
       C:\Program Files\dotnet\sdk\10.0.103\Sdks\Microsoft.NET.Sdk.WindowsDesktop\targets\Microsoft.WinFX.targets(69,7): message :       ;
       C:\Program Files\dotnet\sdk\10.0.103\Sdks\Microsoft.NET.Sdk.WindowsDesktop\targets\Microsoft.WinFX.targets(69,7): message :       PrepareResourceNames;
       C:\Program Files\dotnet\sdk\10.0.103\Sdks\Microsoft.NET.Sdk.WindowsDesktop\targets\Microsoft.WinFX.targets(69,7): message :       ResGen;
       C:\Program Files\dotnet\sdk\10.0.103\Sdks\Microsoft.NET.Sdk.WindowsDesktop\targets\Microsoft.WinFX.targets(69,7): message :       CompileLicxFiles
       C:\Program Files\dotnet\sdk\10.0.103\Sdks\Microsoft.NET.Sdk.WindowsDesktop\targets\Microsoft.WinFX.targets(69,7): message :     
       C:\Program Files\dotnet\sdk\10.0.103\Sdks\Microsoft.NET.Sdk.WindowsDesktop\targets\Microsoft.WinFX.targets(69,7): message :     ") at C:\Program Files\dotnet\sdk\10.0.103\Sdks\Microsoft.NET.Sdk.WindowsDesktop\targets\Microsoft.WinFX.targets (69,7)
       C:\Program Files\dotnet\sdk\10.0.103\Sdks\Microsoft.NET.Sdk\targets\Microsoft.NET.Sdk.targets(144,5): message : Property reassignment: $(AvailablePlatforms)="Any CPU,x86,x64,ARM32" (previous value: "Any CPU,x86,x64") at C:\Program Files\dotnet\sdk\10.0.103\Sdks\Microsoft.NET.Sdk\targets\Microsoft.NET.Sdk.targets (144,5)
       C:\Program Files\dotnet\sdk\10.0.103\Sdks\Microsoft.NET.Sdk\targets\Microsoft.NET.Sdk.CSharp.targets(31,5): message : Property reassignment: $(DefineConstants)="TRACE;DEBUG" (previous value: "TRACE") at C:\Program Files\dotnet\sdk\10.0.103\Sdks\Microsoft.NET.Sdk\targets\Microsoft.NET.Sdk.CSharp.targets (31,5)
       The "EnableDefaultEmbeddedResourceItems" property is a global property, and cannot be modified.
       C:\Program Files\dotnet\sdk\10.0.103\Sdks\Microsoft.NET.Sdk\targets\Microsoft.NET.Sdk.targets(148,5): message : Property reassignment: $(AvailablePlatforms)="Any CPU,x86,x64,ARM32,ARM64" (previous value: "Any CPU,x86,x64,ARM32") at C:\Program Files\dotnet\sdk\10.0.103\Sdks\Microsoft.NET.Sdk\targets\Microsoft.NET.Sdk.targets (148,5)
       C:\Program Files\dotnet\sdk\10.0.103\Sdks\Microsoft.NET.Sdk.WindowsDesktop\targets\Microsoft.WinFX.targets(136,5): message : Property reassignment: $(CompileDependsOn)="
       C:\Program Files\dotnet\sdk\10.0.103\Sdks\Microsoft.NET.Sdk.WindowsDesktop\targets\Microsoft.WinFX.targets(136,5): message :         
       C:\Program Files\dotnet\sdk\10.0.103\Sdks\Microsoft.NET.Sdk.WindowsDesktop\targets\Microsoft.WinFX.targets(136,5): message :       
       C:\Program Files\dotnet\sdk\10.0.103\Sdks\Microsoft.NET.Sdk.WindowsDesktop\targets\Microsoft.WinFX.targets(136,5): message :       ResolveReferences;
       C:\Program Files\dotnet\sdk\10.0.103\Sdks\Microsoft.NET.Sdk.WindowsDesktop\targets\Microsoft.WinFX.targets(136,5): message :       ResolveKeySource;
       C:\Program Files\dotnet\sdk\10.0.103\Sdks\Microsoft.NET.Sdk.WindowsDesktop\targets\Microsoft.WinFX.targets(136,5): message :       SetWin32ManifestProperties;
       C:\Program Files\dotnet\sdk\10.0.103\Sdks\Microsoft.NET.Sdk.WindowsDesktop\targets\Microsoft.WinFX.targets(136,5): message :       _SetPreferNativeArm64Win32ManifestProperties;
       C:\Program Files\dotnet\sdk\10.0.103\Sdks\Microsoft.NET.Sdk.WindowsDesktop\targets\Microsoft.WinFX.targets(136,5): message :       FindReferenceAssembliesForReferences;
       C:\Program Files\dotnet\sdk\10.0.103\Sdks\Microsoft.NET.Sdk.WindowsDesktop\targets\Microsoft.WinFX.targets(136,5): message :       _GenerateCompileInputs;
       C:\Program Files\dotnet\sdk\10.0.103\Sdks\Microsoft.NET.Sdk.WindowsDesktop\targets\Microsoft.WinFX.targets(136,5): message :       BeforeCompile;
       C:\Program Files\dotnet\sdk\10.0.103\Sdks\Microsoft.NET.Sdk.WindowsDesktop\targets\Microsoft.WinFX.targets(136,5): message :       _TimeStampBeforeCompile;
       C:\Program Files\dotnet\sdk\10.0.103\Sdks\Microsoft.NET.Sdk.WindowsDesktop\targets\Microsoft.WinFX.targets(136,5): message :       _GenerateCompileDependencyCache;
       C:\Program Files\dotnet\sdk\10.0.103\Sdks\Microsoft.NET.Sdk.WindowsDesktop\targets\Microsoft.WinFX.targets(136,5): message :       CoreCompile;
       C:\Program Files\dotnet\sdk\10.0.103\Sdks\Microsoft.NET.Sdk.WindowsDesktop\targets\Microsoft.WinFX.targets(136,5): message :       _TimeStampAfterCompile;
       C:\Program Files\dotnet\sdk\10.0.103\Sdks\Microsoft.NET.Sdk.WindowsDesktop\targets\Microsoft.WinFX.targets(136,5): message :       AfterCompile;
       C:\Program Files\dotnet\sdk\10.0.103\Sdks\Microsoft.NET.Sdk.WindowsDesktop\targets\Microsoft.WinFX.targets(136,5): message :     ;
       C:\Program Files\dotnet\sdk\10.0.103\Sdks\Microsoft.NET.Sdk.WindowsDesktop\targets\Microsoft.WinFX.targets(136,5): message :       _CreateAppHost;
       C:\Program Files\dotnet\sdk\10.0.103\Sdks\Microsoft.NET.Sdk.WindowsDesktop\targets\Microsoft.WinFX.targets(136,5): message :       _CreateComHost;
       C:\Program Files\dotnet\sdk\10.0.103\Sdks\Microsoft.NET.Sdk.WindowsDesktop\targets\Microsoft.WinFX.targets(136,5): message :       _GetIjwHostPaths;
       C:\Program Files\dotnet\sdk\10.0.103\Sdks\Microsoft.NET.Sdk.WindowsDesktop\targets\Microsoft.WinFX.targets(136,5): message :     ;
       C:\Program Files\dotnet\sdk\10.0.103\Sdks\Microsoft.NET.Sdk.WindowsDesktop\targets\Microsoft.WinFX.targets(136,5): message :         _AfterCompileWinFXInternal
       C:\Program Files\dotnet\sdk\10.0.103\Sdks\Microsoft.NET.Sdk.WindowsDesktop\targets\Microsoft.WinFX.targets(136,5): message :     " (previous value: "
       C:\Program Files\dotnet\sdk\10.0.103\Sdks\Microsoft.NET.Sdk.WindowsDesktop\targets\Microsoft.WinFX.targets(136,5): message :       
       C:\Program Files\dotnet\sdk\10.0.103\Sdks\Microsoft.NET.Sdk.WindowsDesktop\targets\Microsoft.WinFX.targets(136,5): message :       ResolveReferences;
       C:\Program Files\dotnet\sdk\10.0.103\Sdks\Microsoft.NET.Sdk.WindowsDesktop\targets\Microsoft.WinFX.targets(136,5): message :       ResolveKeySource;
       C:\Program Files\dotnet\sdk\10.0.103\Sdks\Microsoft.NET.Sdk.WindowsDesktop\targets\Microsoft.WinFX.targets(136,5): message :       SetWin32ManifestProperties;
       C:\Program Files\dotnet\sdk\10.0.103\Sdks\Microsoft.NET.Sdk.WindowsDesktop\targets\Microsoft.WinFX.targets(136,5): message :       _SetPreferNativeArm64Win32ManifestProperties;
       C:\Program Files\dotnet\sdk\10.0.103\Sdks\Microsoft.NET.Sdk.WindowsDesktop\targets\Microsoft.WinFX.targets(136,5): message :       FindReferenceAssembliesForReferences;
       C:\Program Files\dotnet\sdk\10.0.103\Sdks\Microsoft.NET.Sdk.WindowsDesktop\targets\Microsoft.WinFX.targets(136,5): message :       _GenerateCompileInputs;
       C:\Program Files\dotnet\sdk\10.0.103\Sdks\Microsoft.NET.Sdk.WindowsDesktop\targets\Microsoft.WinFX.targets(136,5): message :       BeforeCompile;
       C:\Program Files\dotnet\sdk\10.0.103\Sdks\Microsoft.NET.Sdk.WindowsDesktop\targets\Microsoft.WinFX.targets(136,5): message :       _TimeStampBeforeCompile;
       C:\Program Files\dotnet\sdk\10.0.103\Sdks\Microsoft.NET.Sdk.WindowsDesktop\targets\Microsoft.WinFX.targets(136,5): message :       _GenerateCompileDependencyCache;
       C:\Program Files\dotnet\sdk\10.0.103\Sdks\Microsoft.NET.Sdk.WindowsDesktop\targets\Microsoft.WinFX.targets(136,5): message :       CoreCompile;
       C:\Program Files\dotnet\sdk\10.0.103\Sdks\Microsoft.NET.Sdk.WindowsDesktop\targets\Microsoft.WinFX.targets(136,5): message :       _TimeStampAfterCompile;
       C:\Program Files\dotnet\sdk\10.0.103\Sdks\Microsoft.NET.Sdk.WindowsDesktop\targets\Microsoft.WinFX.targets(136,5): message :       AfterCompile;
       C:\Program Files\dotnet\sdk\10.0.103\Sdks\Microsoft.NET.Sdk.WindowsDesktop\targets\Microsoft.WinFX.targets(136,5): message :     ;
       C:\Program Files\dotnet\sdk\10.0.103\Sdks\Microsoft.NET.Sdk.WindowsDesktop\targets\Microsoft.WinFX.targets(136,5): message :       _CreateAppHost;
       C:\Program Files\dotnet\sdk\10.0.103\Sdks\Microsoft.NET.Sdk.WindowsDesktop\targets\Microsoft.WinFX.targets(136,5): message :       _CreateComHost;
       C:\Program Files\dotnet\sdk\10.0.103\Sdks\Microsoft.NET.Sdk.WindowsDesktop\targets\Microsoft.WinFX.targets(136,5): message :       _GetIjwHostPaths;
       C:\Program Files\dotnet\sdk\10.0.103\Sdks\Microsoft.NET.Sdk.WindowsDesktop\targets\Microsoft.WinFX.targets(136,5): message :     ") at C:\Program Files\dotnet\sdk\10.0.103\Sdks\Microsoft.NET.Sdk.WindowsDesktop\targets\Microsoft.WinFX.targets (136,5)
       The "EnableDefaultNoneItems" property is a global property, and cannot be modified.
       C:\Program Files\dotnet\sdk\10.0.103\Sdks\Microsoft.NET.Sdk\targets\Microsoft.NET.Sdk.targets(204,5): message : Property reassignment: $(CoreBuildDependsOn)="
       C:\Program Files\dotnet\sdk\10.0.103\Sdks\Microsoft.NET.Sdk\targets\Microsoft.NET.Sdk.targets(204,5): message :       _CheckForBuildWithNoBuild;
       C:\Program Files\dotnet\sdk\10.0.103\Sdks\Microsoft.NET.Sdk\targets\Microsoft.NET.Sdk.targets(204,5): message :       
       C:\Program Files\dotnet\sdk\10.0.103\Sdks\Microsoft.NET.Sdk\targets\Microsoft.NET.Sdk.targets(204,5): message :       BuildOnlySettings;
       C:\Program Files\dotnet\sdk\10.0.103\Sdks\Microsoft.NET.Sdk\targets\Microsoft.NET.Sdk.targets(204,5): message :       PrepareForBuild;
       C:\Program Files\dotnet\sdk\10.0.103\Sdks\Microsoft.NET.Sdk\targets\Microsoft.NET.Sdk.targets(204,5): message :       PreBuildEvent;
       C:\Program Files\dotnet\sdk\10.0.103\Sdks\Microsoft.NET.Sdk\targets\Microsoft.NET.Sdk.targets(204,5): message :       ResolveReferences;
       C:\Program Files\dotnet\sdk\10.0.103\Sdks\Microsoft.NET.Sdk\targets\Microsoft.NET.Sdk.targets(204,5): message :       PrepareResources;
       C:\Program Files\dotnet\sdk\10.0.103\Sdks\Microsoft.NET.Sdk\targets\Microsoft.NET.Sdk.targets(204,5): message :       ResolveKeySource;
       C:\Program Files\dotnet\sdk\10.0.103\Sdks\Microsoft.NET.Sdk\targets\Microsoft.NET.Sdk.targets(204,5): message :       Compile;
       C:\Program Files\dotnet\sdk\10.0.103\Sdks\Microsoft.NET.Sdk\targets\Microsoft.NET.Sdk.targets(204,5): message :       ExportWindowsMDFile;
       C:\Program Files\dotnet\sdk\10.0.103\Sdks\Microsoft.NET.Sdk\targets\Microsoft.NET.Sdk.targets(204,5): message :       UnmanagedUnregistration;
       C:\Program Files\dotnet\sdk\10.0.103\Sdks\Microsoft.NET.Sdk\targets\Microsoft.NET.Sdk.targets(204,5): message :       GenerateSerializationAssemblies;
       C:\Program Files\dotnet\sdk\10.0.103\Sdks\Microsoft.NET.Sdk\targets\Microsoft.NET.Sdk.targets(204,5): message :       CreateSatelliteAssemblies;
       C:\Program Files\dotnet\sdk\10.0.103\Sdks\Microsoft.NET.Sdk\targets\Microsoft.NET.Sdk.targets(204,5): message :       GenerateManifests;
       C:\Program Files\dotnet\sdk\10.0.103\Sdks\Microsoft.NET.Sdk\targets\Microsoft.NET.Sdk.targets(204,5): message :       GetTargetPath;
       C:\Program Files\dotnet\sdk\10.0.103\Sdks\Microsoft.NET.Sdk\targets\Microsoft.NET.Sdk.targets(204,5): message :       PrepareForRun;
       C:\Program Files\dotnet\sdk\10.0.103\Sdks\Microsoft.NET.Sdk\targets\Microsoft.NET.Sdk.targets(204,5): message :       UnmanagedRegistration;
       C:\Program Files\dotnet\sdk\10.0.103\Sdks\Microsoft.NET.Sdk\targets\Microsoft.NET.Sdk.targets(204,5): message :       IncrementalClean;
       C:\Program Files\dotnet\sdk\10.0.103\Sdks\Microsoft.NET.Sdk\targets\Microsoft.NET.Sdk.targets(204,5): message :       PostBuildEvent
       C:\Program Files\dotnet\sdk\10.0.103\Sdks\Microsoft.NET.Sdk\targets\Microsoft.NET.Sdk.targets(204,5): message :     ;
       C:\Program Files\dotnet\sdk\10.0.103\Sdks\Microsoft.NET.Sdk\targets\Microsoft.NET.Sdk.targets(204,5): message :       GenerateBuildDependencyFile;
       C:\Program Files\dotnet\sdk\10.0.103\Sdks\Microsoft.NET.Sdk\targets\Microsoft.NET.Sdk.targets(204,5): message :       GenerateBuildRuntimeConfigurationFiles
       C:\Program Files\dotnet\sdk\10.0.103\Sdks\Microsoft.NET.Sdk\targets\Microsoft.NET.Sdk.targets(204,5): message :     " (previous value: "
       C:\Program Files\dotnet\sdk\10.0.103\Sdks\Microsoft.NET.Sdk\targets\Microsoft.NET.Sdk.targets(204,5): message :       BuildOnlySettings;
       C:\Program Files\dotnet\sdk\10.0.103\Sdks\Microsoft.NET.Sdk\targets\Microsoft.NET.Sdk.targets(204,5): message :       PrepareForBuild;
       C:\Program Files\dotnet\sdk\10.0.103\Sdks\Microsoft.NET.Sdk\targets\Microsoft.NET.Sdk.targets(204,5): message :       PreBuildEvent;
       C:\Program Files\dotnet\sdk\10.0.103\Sdks\Microsoft.NET.Sdk\targets\Microsoft.NET.Sdk.targets(204,5): message :       ResolveReferences;
       C:\Program Files\dotnet\sdk\10.0.103\Sdks\Microsoft.NET.Sdk\targets\Microsoft.NET.Sdk.targets(204,5): message :       PrepareResources;
       C:\Program Files\dotnet\sdk\10.0.103\Sdks\Microsoft.NET.Sdk\targets\Microsoft.NET.Sdk.targets(204,5): message :       ResolveKeySource;
       C:\Program Files\dotnet\sdk\10.0.103\Sdks\Microsoft.NET.Sdk\targets\Microsoft.NET.Sdk.targets(204,5): message :       Compile;
       C:\Program Files\dotnet\sdk\10.0.103\Sdks\Microsoft.NET.Sdk\targets\Microsoft.NET.Sdk.targets(204,5): message :       ExportWindowsMDFile;
       C:\Program Files\dotnet\sdk\10.0.103\Sdks\Microsoft.NET.Sdk\targets\Microsoft.NET.Sdk.targets(204,5): message :       UnmanagedUnregistration;
       C:\Program Files\dotnet\sdk\10.0.103\Sdks\Microsoft.NET.Sdk\targets\Microsoft.NET.Sdk.targets(204,5): message :       GenerateSerializationAssemblies;
       C:\Program Files\dotnet\sdk\10.0.103\Sdks\Microsoft.NET.Sdk\targets\Microsoft.NET.Sdk.targets(204,5): message :       CreateSatelliteAssemblies;
       C:\Program Files\dotnet\sdk\10.0.103\Sdks\Microsoft.NET.Sdk\targets\Microsoft.NET.Sdk.targets(204,5): message :       GenerateManifests;
       C:\Program Files\dotnet\sdk\10.0.103\Sdks\Microsoft.NET.Sdk\targets\Microsoft.NET.Sdk.targets(204,5): message :       GetTargetPath;
       C:\Program Files\dotnet\sdk\10.0.103\Sdks\Microsoft.NET.Sdk\targets\Microsoft.NET.Sdk.targets(204,5): message :       PrepareForRun;
       C:\Program Files\dotnet\sdk\10.0.103\Sdks\Microsoft.NET.Sdk\targets\Microsoft.NET.Sdk.targets(204,5): message :       UnmanagedRegistration;
       C:\Program Files\dotnet\sdk\10.0.103\Sdks\Microsoft.NET.Sdk\targets\Microsoft.NET.Sdk.targets(204,5): message :       IncrementalClean;
       C:\Program Files\dotnet\sdk\10.0.103\Sdks\Microsoft.NET.Sdk\targets\Microsoft.NET.Sdk.targets(204,5): message :       PostBuildEvent
       C:\Program Files\dotnet\sdk\10.0.103\Sdks\Microsoft.NET.Sdk\targets\Microsoft.NET.Sdk.targets(204,5): message :     ") at C:\Program Files\dotnet\sdk\10.0.103\Sdks\Microsoft.NET.Sdk\targets\Microsoft.NET.Sdk.targets (204,5)
       C:\Program Files\dotnet\sdk\10.0.103\Sdks\Microsoft.NET.Sdk.WindowsDesktop\targets\Microsoft.WinFX.targets(803,9): message : Property reassignment: $(PublishBuildDependsOn)="
       C:\Program Files\dotnet\sdk\10.0.103\Sdks\Microsoft.NET.Sdk.WindowsDesktop\targets\Microsoft.WinFX.targets(803,9): message :             BuildOnlySettings;
       C:\Program Files\dotnet\sdk\10.0.103\Sdks\Microsoft.NET.Sdk.WindowsDesktop\targets\Microsoft.WinFX.targets(803,9): message :             PrepareForBuild;
       C:\Program Files\dotnet\sdk\10.0.103\Sdks\Microsoft.NET.Sdk.WindowsDesktop\targets\Microsoft.WinFX.targets(803,9): message :             ResolveReferences;
       C:\Program Files\dotnet\sdk\10.0.103\Sdks\Microsoft.NET.Sdk.WindowsDesktop\targets\Microsoft.WinFX.targets(803,9): message :             PrepareResources;
       C:\Program Files\dotnet\sdk\10.0.103\Sdks\Microsoft.NET.Sdk.WindowsDesktop\targets\Microsoft.WinFX.targets(803,9): message :             ResolveKeySource;
       C:\Program Files\dotnet\sdk\10.0.103\Sdks\Microsoft.NET.Sdk.WindowsDesktop\targets\Microsoft.WinFX.targets(803,9): message :             PrepareResourcesForSatelliteAssemblies;
       C:\Program Files\dotnet\sdk\10.0.103\Sdks\Microsoft.NET.Sdk.WindowsDesktop\targets\Microsoft.WinFX.targets(803,9): message :             GenerateSerializationAssemblies;
       C:\Program Files\dotnet\sdk\10.0.103\Sdks\Microsoft.NET.Sdk.WindowsDesktop\targets\Microsoft.WinFX.targets(803,9): message :             CreateSatelliteAssemblies;
       C:\Program Files\dotnet\sdk\10.0.103\Sdks\Microsoft.NET.Sdk.WindowsDesktop\targets\Microsoft.WinFX.targets(803,9): message :         " (previous value: "
       C:\Program Files\dotnet\sdk\10.0.103\Sdks\Microsoft.NET.Sdk.WindowsDesktop\targets\Microsoft.WinFX.targets(803,9): message :       BuildOnlySettings;
       C:\Program Files\dotnet\sdk\10.0.103\Sdks\Microsoft.NET.Sdk.WindowsDesktop\targets\Microsoft.WinFX.targets(803,9): message :       PrepareForBuild;
       C:\Program Files\dotnet\sdk\10.0.103\Sdks\Microsoft.NET.Sdk.WindowsDesktop\targets\Microsoft.WinFX.targets(803,9): message :       ResolveReferences;
       C:\Program Files\dotnet\sdk\10.0.103\Sdks\Microsoft.NET.Sdk.WindowsDesktop\targets\Microsoft.WinFX.targets(803,9): message :       PrepareResources;
       C:\Program Files\dotnet\sdk\10.0.103\Sdks\Microsoft.NET.Sdk.WindowsDesktop\targets\Microsoft.WinFX.targets(803,9): message :       ResolveKeySource;
       C:\Program Files\dotnet\sdk\10.0.103\Sdks\Microsoft.NET.Sdk.WindowsDesktop\targets\Microsoft.WinFX.targets(803,9): message :       GenerateSerializationAssemblies;
       C:\Program Files\dotnet\sdk\10.0.103\Sdks\Microsoft.NET.Sdk.WindowsDesktop\targets\Microsoft.WinFX.targets(803,9): message :       CreateSatelliteAssemblies;
       C:\Program Files\dotnet\sdk\10.0.103\Sdks\Microsoft.NET.Sdk.WindowsDesktop\targets\Microsoft.WinFX.targets(803,9): message :     ") at C:\Program Files\dotnet\sdk\10.0.103\Sdks\Microsoft.NET.Sdk.WindowsDesktop\targets\Microsoft.WinFX.targets (803,9)
       C:\Program Files\dotnet\sdk\10.0.103\Sdks\Microsoft.NET.Sdk\targets\Microsoft.NET.Sdk.DefaultItems.targets(35,5): message : Property reassignment: $(DefaultItemExcludes)=";bin\Debug\/**;obj\Debug\/**;bin\/**" (previous value: ";bin\Debug\/**;obj\Debug\/**") at C:\Program Files\dotnet\sdk\10.0.103\Sdks\Microsoft.NET.Sdk\targets\Microsoft.NET.Sdk.DefaultItems.targets (35,5)
       C:\Program Files\dotnet\sdk\10.0.103\Sdks\Microsoft.NET.Sdk\targets\Microsoft.NET.Sdk.targets(213,5): message : Property reassignment: $(CoreCleanDependsOn)="
       C:\Program Files\dotnet\sdk\10.0.103\Sdks\Microsoft.NET.Sdk\targets\Microsoft.NET.Sdk.targets(213,5): message :       _SdkBeforeClean;
       C:\Program Files\dotnet\sdk\10.0.103\Sdks\Microsoft.NET.Sdk\targets\Microsoft.NET.Sdk.targets(213,5): message :       
       C:\Program Files\dotnet\sdk\10.0.103\Sdks\Microsoft.NET.Sdk\targets\Microsoft.NET.Sdk.targets(213,5): message :     " (previous value: "") at C:\Program Files\dotnet\sdk\10.0.103\Sdks\Microsoft.NET.Sdk\targets\Microsoft.NET.Sdk.targets (213,5)
       C:\Program Files\dotnet\sdk\10.0.103\NuGet.Build.Tasks.Pack.targets(34,5): message : Property reassignment: $(PackageDescription)="Package Description" (previous value: "") at C:\Program Files\dotnet\sdk\10.0.103\NuGet.Build.Tasks.Pack.targets (34,5)
       C:\Program Files\dotnet\sdk\10.0.103\Sdks\Microsoft.NET.Sdk\targets\Microsoft.NET.Sdk.CSharp.targets(45,5): message : Property reassignment: $(WarningsAsErrors)=";NU1605;SYSLIB0011" (previous value: ";NU1605") at C:\Program Files\dotnet\sdk\10.0.103\Sdks\Microsoft.NET.Sdk\targets\Microsoft.NET.Sdk.CSharp.targets (45,5)
       C:\Program Files\dotnet\sdk\10.0.103\Sdks\Microsoft.NET.Sdk\targets\Microsoft.NET.Sdk.DefaultItems.targets(37,5): message : Property reassignment: $(DefaultItemExcludes)=";bin\Debug\/**;obj\Debug\/**;bin\/**;obj\/**" (previous value: ";bin\Debug\/**;obj\Debug\/**;bin\/**") at C:\Program Files\dotnet\sdk\10.0.103\Sdks\Microsoft.NET.Sdk\targets\Microsoft.NET.Sdk.DefaultItems.targets (37,5)
       C:\Program Files\dotnet\sdk\10.0.103\NuGet.Build.Tasks.Pack.targets(59,5): message : Property reassignment: $(GenerateNuspecDependsOn)="Build;_LoadPackInputItems; _GetTargetFrameworksOutput; _WalkEachTargetPerFramework; _GetPackageFiles; " (previous value: "_LoadPackInputItems; _GetTargetFrameworksOutput; _WalkEachTargetPerFramework; _GetPackageFiles; ") at C:\Program Files\dotnet\sdk\10.0.103\NuGet.Build.Tasks.Pack.targets (59,5)
       C:\Program Files\dotnet\sdk\10.0.103\Sdks\Microsoft.NET.Sdk\targets\Microsoft.NET.Sdk.targets(220,5): message : Property reassignment: $(RebuildDependsOn)="
       C:\Program Files\dotnet\sdk\10.0.103\Sdks\Microsoft.NET.Sdk\targets\Microsoft.NET.Sdk.targets(220,5): message :       _SdkBeforeRebuild;
       C:\Program Files\dotnet\sdk\10.0.103\Sdks\Microsoft.NET.Sdk\targets\Microsoft.NET.Sdk.targets(220,5): message :       
       C:\Program Files\dotnet\sdk\10.0.103\Sdks\Microsoft.NET.Sdk\targets\Microsoft.NET.Sdk.targets(220,5): message :       BeforeRebuild;
       C:\Program Files\dotnet\sdk\10.0.103\Sdks\Microsoft.NET.Sdk\targets\Microsoft.NET.Sdk.targets(220,5): message :       Clean;
       C:\Program Files\dotnet\sdk\10.0.103\Sdks\Microsoft.NET.Sdk\targets\Microsoft.NET.Sdk.targets(220,5): message :       Build;
       C:\Program Files\dotnet\sdk\10.0.103\Sdks\Microsoft.NET.Sdk\targets\Microsoft.NET.Sdk.targets(220,5): message :       AfterRebuild;
       C:\Program Files\dotnet\sdk\10.0.103\Sdks\Microsoft.NET.Sdk\targets\Microsoft.NET.Sdk.targets(220,5): message :     
       C:\Program Files\dotnet\sdk\10.0.103\Sdks\Microsoft.NET.Sdk\targets\Microsoft.NET.Sdk.targets(220,5): message :     " (previous value: "
       C:\Program Files\dotnet\sdk\10.0.103\Sdks\Microsoft.NET.Sdk\targets\Microsoft.NET.Sdk.targets(220,5): message :       BeforeRebuild;
       C:\Program Files\dotnet\sdk\10.0.103\Sdks\Microsoft.NET.Sdk\targets\Microsoft.NET.Sdk.targets(220,5): message :       Clean;
       C:\Program Files\dotnet\sdk\10.0.103\Sdks\Microsoft.NET.Sdk\targets\Microsoft.NET.Sdk.targets(220,5): message :       Build;
       C:\Program Files\dotnet\sdk\10.0.103\Sdks\Microsoft.NET.Sdk\targets\Microsoft.NET.Sdk.targets(220,5): message :       AfterRebuild;
       C:\Program Files\dotnet\sdk\10.0.103\Sdks\Microsoft.NET.Sdk\targets\Microsoft.NET.Sdk.targets(220,5): message :     ") at C:\Program Files\dotnet\sdk\10.0.103\Sdks\Microsoft.NET.Sdk\targets\Microsoft.NET.Sdk.targets (220,5)
       C:\Program Files\dotnet\sdk\10.0.103\Sdks\Microsoft.NET.Sdk\targets\Microsoft.NET.Windows.targets(49,5): message : Property reassignment: $(TargetPlatformVersion)="7.0" (previous value: "") at C:\Program Files\dotnet\sdk\10.0.103\Sdks\Microsoft.NET.Sdk\targets\Microsoft.NET.Windows.targets (49,5)
       C:\Program Files\dotnet\sdk\10.0.103\Sdks\Microsoft.NET.Sdk\targets\Microsoft.NET.Sdk.targets(799,5): message : Property reassignment: $(CompileDependsOn)="
       C:\Program Files\dotnet\sdk\10.0.103\Sdks\Microsoft.NET.Sdk\targets\Microsoft.NET.Sdk.targets(799,5): message :       
       C:\Program Files\dotnet\sdk\10.0.103\Sdks\Microsoft.NET.Sdk\targets\Microsoft.NET.Sdk.targets(799,5): message :       ResolveReferences;
       C:\Program Files\dotnet\sdk\10.0.103\Sdks\Microsoft.NET.Sdk\targets\Microsoft.NET.Sdk.targets(799,5): message :       ResolveKeySource;
       C:\Program Files\dotnet\sdk\10.0.103\Sdks\Microsoft.NET.Sdk\targets\Microsoft.NET.Sdk.targets(799,5): message :       SetWin32ManifestProperties;
       C:\Program Files\dotnet\sdk\10.0.103\Sdks\Microsoft.NET.Sdk\targets\Microsoft.NET.Sdk.targets(799,5): message :       _SetPreferNativeArm64Win32ManifestProperties;
       C:\Program Files\dotnet\sdk\10.0.103\Sdks\Microsoft.NET.Sdk\targets\Microsoft.NET.Sdk.targets(799,5): message :       FindReferenceAssembliesForReferences;
       C:\Program Files\dotnet\sdk\10.0.103\Sdks\Microsoft.NET.Sdk\targets\Microsoft.NET.Sdk.targets(799,5): message :       _GenerateCompileInputs;
       C:\Program Files\dotnet\sdk\10.0.103\Sdks\Microsoft.NET.Sdk\targets\Microsoft.NET.Sdk.targets(799,5): message :       BeforeCompile;
       C:\Program Files\dotnet\sdk\10.0.103\Sdks\Microsoft.NET.Sdk\targets\Microsoft.NET.Sdk.targets(799,5): message :       _TimeStampBeforeCompile;
       C:\Program Files\dotnet\sdk\10.0.103\Sdks\Microsoft.NET.Sdk\targets\Microsoft.NET.Sdk.targets(799,5): message :       _GenerateCompileDependencyCache;
       C:\Program Files\dotnet\sdk\10.0.103\Sdks\Microsoft.NET.Sdk\targets\Microsoft.NET.Sdk.targets(799,5): message :       CoreCompile;
       C:\Program Files\dotnet\sdk\10.0.103\Sdks\Microsoft.NET.Sdk\targets\Microsoft.NET.Sdk.targets(799,5): message :       _TimeStampAfterCompile;
       C:\Program Files\dotnet\sdk\10.0.103\Sdks\Microsoft.NET.Sdk\targets\Microsoft.NET.Sdk.targets(799,5): message :       AfterCompile;
       C:\Program Files\dotnet\sdk\10.0.103\Sdks\Microsoft.NET.Sdk\targets\Microsoft.NET.Sdk.targets(799,5): message :     ;
       C:\Program Files\dotnet\sdk\10.0.103\Sdks\Microsoft.NET.Sdk\targets\Microsoft.NET.Sdk.targets(799,5): message :       _CreateAppHost;
       C:\Program Files\dotnet\sdk\10.0.103\Sdks\Microsoft.NET.Sdk\targets\Microsoft.NET.Sdk.targets(799,5): message :       _CreateComHost;
       C:\Program Files\dotnet\sdk\10.0.103\Sdks\Microsoft.NET.Sdk\targets\Microsoft.NET.Sdk.targets(799,5): message :       _GetIjwHostPaths;
       C:\Program Files\dotnet\sdk\10.0.103\Sdks\Microsoft.NET.Sdk\targets\Microsoft.NET.Sdk.targets(799,5): message :     " (previous value: "
       C:\Program Files\dotnet\sdk\10.0.103\Sdks\Microsoft.NET.Sdk\targets\Microsoft.NET.Sdk.targets(799,5): message :       ResolveReferences;
       C:\Program Files\dotnet\sdk\10.0.103\Sdks\Microsoft.NET.Sdk\targets\Microsoft.NET.Sdk.targets(799,5): message :       ResolveKeySource;
       C:\Program Files\dotnet\sdk\10.0.103\Sdks\Microsoft.NET.Sdk\targets\Microsoft.NET.Sdk.targets(799,5): message :       SetWin32ManifestProperties;
       C:\Program Files\dotnet\sdk\10.0.103\Sdks\Microsoft.NET.Sdk\targets\Microsoft.NET.Sdk.targets(799,5): message :       _SetPreferNativeArm64Win32ManifestProperties;
       C:\Program Files\dotnet\sdk\10.0.103\Sdks\Microsoft.NET.Sdk\targets\Microsoft.NET.Sdk.targets(799,5): message :       FindReferenceAssembliesForReferences;
       C:\Program Files\dotnet\sdk\10.0.103\Sdks\Microsoft.NET.Sdk\targets\Microsoft.NET.Sdk.targets(799,5): message :       _GenerateCompileInputs;
       C:\Program Files\dotnet\sdk\10.0.103\Sdks\Microsoft.NET.Sdk\targets\Microsoft.NET.Sdk.targets(799,5): message :       BeforeCompile;
       C:\Program Files\dotnet\sdk\10.0.103\Sdks\Microsoft.NET.Sdk\targets\Microsoft.NET.Sdk.targets(799,5): message :       _TimeStampBeforeCompile;
       C:\Program Files\dotnet\sdk\10.0.103\Sdks\Microsoft.NET.Sdk\targets\Microsoft.NET.Sdk.targets(799,5): message :       _GenerateCompileDependencyCache;
       C:\Program Files\dotnet\sdk\10.0.103\Sdks\Microsoft.NET.Sdk\targets\Microsoft.NET.Sdk.targets(799,5): message :       CoreCompile;
       C:\Program Files\dotnet\sdk\10.0.103\Sdks\Microsoft.NET.Sdk\targets\Microsoft.NET.Sdk.targets(799,5): message :       _TimeStampAfterCompile;
       C:\Program Files\dotnet\sdk\10.0.103\Sdks\Microsoft.NET.Sdk\targets\Microsoft.NET.Sdk.targets(799,5): message :       AfterCompile;
       C:\Program Files\dotnet\sdk\10.0.103\Sdks\Microsoft.NET.Sdk\targets\Microsoft.NET.Sdk.targets(799,5): message :     ") at C:\Program Files\dotnet\sdk\10.0.103\Sdks\Microsoft.NET.Sdk\targets\Microsoft.NET.Sdk.targets (799,5)
       C:\Program Files\dotnet\sdk\10.0.103\Sdks\Microsoft.NET.Sdk\targets\Microsoft.NET.Sdk.DefaultItems.targets(40,5): message : Property reassignment: $(DefaultItemExcludes)=";bin\Debug\/**;obj\Debug\/**;bin\/**;obj\/**;**/*.user" (previous value: ";bin\Debug\/**;obj\Debug\/**;bin\/**;obj\/**") at C:\Program Files\dotnet\sdk\10.0.103\Sdks\Microsoft.NET.Sdk\targets\Microsoft.NET.Sdk.DefaultItems.targets (40,5)
       C:\Program Files\dotnet\sdk\10.0.103\Sdks\Microsoft.NET.Sdk\targets\Microsoft.NET.Windows.targets(50,5): message : Property reassignment: $(EffectiveTargetPlatformVersion)="7.0" (previous value: "") at C:\Program Files\dotnet\sdk\10.0.103\Sdks\Microsoft.NET.Sdk\targets\Microsoft.NET.Windows.targets (50,5)
       C:\Program Files\dotnet\sdk\10.0.103\Sdks\Microsoft.NET.Sdk\Sdk\Sdk.targets(59,5): message : Property reassignment: $(_IsNotSetContainersTargetsDir)="true" (previous value: "false") at C:\Program Files\dotnet\sdk\10.0.103\Sdks\Microsoft.NET.Sdk\Sdk\Sdk.targets (59,5)
       C:\Program Files\dotnet\sdk\10.0.103\Sdks\Microsoft.NET.Sdk\targets\Microsoft.NET.Sdk.targets(1131,5): message : Property reassignment: $(CreateSatelliteAssembliesDependsOn)="
       C:\Program Files\dotnet\sdk\10.0.103\Sdks\Microsoft.NET.Sdk\targets\Microsoft.NET.Sdk.targets(1131,5): message :       
       C:\Program Files\dotnet\sdk\10.0.103\Sdks\Microsoft.NET.Sdk\targets\Microsoft.NET.Sdk.targets(1131,5): message :       ;
       C:\Program Files\dotnet\sdk\10.0.103\Sdks\Microsoft.NET.Sdk\targets\Microsoft.NET.Sdk.targets(1131,5): message :       _GenerateSatelliteAssemblyInputs;
       C:\Program Files\dotnet\sdk\10.0.103\Sdks\Microsoft.NET.Sdk\targets\Microsoft.NET.Sdk.targets(1131,5): message :       ComputeIntermediateSatelliteAssemblies;
       C:\Program Files\dotnet\sdk\10.0.103\Sdks\Microsoft.NET.Sdk\targets\Microsoft.NET.Sdk.targets(1131,5): message :       GenerateSatelliteAssemblies
       C:\Program Files\dotnet\sdk\10.0.103\Sdks\Microsoft.NET.Sdk\targets\Microsoft.NET.Sdk.targets(1131,5): message :     ;
       C:\Program Files\dotnet\sdk\10.0.103\Sdks\Microsoft.NET.Sdk\targets\Microsoft.NET.Sdk.targets(1131,5): message :       CoreGenerateSatelliteAssemblies
       C:\Program Files\dotnet\sdk\10.0.103\Sdks\Microsoft.NET.Sdk\targets\Microsoft.NET.Sdk.targets(1131,5): message :     " (previous value: "
       C:\Program Files\dotnet\sdk\10.0.103\Sdks\Microsoft.NET.Sdk\targets\Microsoft.NET.Sdk.targets(1131,5): message :       ;
       C:\Program Files\dotnet\sdk\10.0.103\Sdks\Microsoft.NET.Sdk\targets\Microsoft.NET.Sdk.targets(1131,5): message :       _GenerateSatelliteAssemblyInputs;
       C:\Program Files\dotnet\sdk\10.0.103\Sdks\Microsoft.NET.Sdk\targets\Microsoft.NET.Sdk.targets(1131,5): message :       ComputeIntermediateSatelliteAssemblies;
       C:\Program Files\dotnet\sdk\10.0.103\Sdks\Microsoft.NET.Sdk\targets\Microsoft.NET.Sdk.targets(1131,5): message :       GenerateSatelliteAssemblies
       C:\Program Files\dotnet\sdk\10.0.103\Sdks\Microsoft.NET.Sdk\targets\Microsoft.NET.Sdk.targets(1131,5): message :     ") at C:\Program Files\dotnet\sdk\10.0.103\Sdks\Microsoft.NET.Sdk\targets\Microsoft.NET.Sdk.targets (1131,5)
       C:\Program Files\dotnet\sdk\10.0.103\Sdks\Microsoft.NET.Sdk\targets\Microsoft.NET.Windows.targets(60,5): message : Property reassignment: $(SupportedOSPlatformVersion)="7.0" (previous value: "") at C:\Program Files\dotnet\sdk\10.0.103\Sdks\Microsoft.NET.Sdk\targets\Microsoft.NET.Windows.targets (60,5)
       C:\Program Files\dotnet\sdk\10.0.103\Containers\build\Microsoft.NET.Build.Containers.targets(5,5): message : Property reassignment: $(_IsSDKContainerAllowedVersion)="true" (previous value: "false") at C:\Program Files\dotnet\sdk\10.0.103\Containers\build\Microsoft.NET.Build.Containers.targets (5,5)
       C:\Program Files\dotnet\sdk\10.0.103\Sdks\Microsoft.SourceLink.GitLab\build\Microsoft.SourceLink.GitLab.targets(12,5): message : Property reassignment: $(SourceLinkUrlInitializerTargets)=";_InitializeGitHubSourceLinkUrl;_InitializeGitLabSourceLinkUrl" (previous value: ";_InitializeGitHubSourceLinkUrl") at C:\Program Files\dotnet\sdk\10.0.103\Sdks\Microsoft.SourceLink.GitLab\build\Microsoft.SourceLink.GitLab.targets (12,5)
       The SDK "Microsoft.NET.Sdk.Publish" was successfully resolved by the "DefaultSdkResolver" resolver to location "C:\Program Files\dotnet\sdk\10.0.103\Sdks\Microsoft.NET.Sdk.Publish\Sdk" and version "".
       C:\Program Files\dotnet\sdk\10.0.103\Sdks\Microsoft.NET.Sdk\targets\Microsoft.NET.Windows.targets(61,5): message : Property reassignment: $(TargetPlatformMinVersion)="7.0" (previous value: "") at C:\Program Files\dotnet\sdk\10.0.103\Sdks\Microsoft.NET.Sdk\targets\Microsoft.NET.Windows.targets (61,5)
       C:\Program Files\dotnet\sdk\10.0.103\Containers\build\Microsoft.NET.Build.Containers.targets(15,5): message : Property reassignment: $(_ContainerIsTargetingNet8TFM)="true" (previous value: "false") at C:\Program Files\dotnet\sdk\10.0.103\Containers\build\Microsoft.NET.Build.Containers.targets (15,5)
       C:\Program Files\dotnet\sdk\10.0.103\Sdks\Microsoft.SourceLink.GitLab\build\Microsoft.SourceLink.GitLab.targets(13,5): message : Property reassignment: $(SourceControlManagerUrlTranslationTargets)=";TranslateGitHubUrlsInSourceControlInformation;TranslateGitLabUrlsInSourceControlInformation" (previous value: ";TranslateGitHubUrlsInSourceControlInformation") at C:\Program Files\dotnet\sdk\10.0.103\Sdks\Microsoft.SourceLink.GitLab\build\Microsoft.SourceLink.GitLab.targets (13,5)
       C:\Program Files\dotnet\sdk\10.0.103\Sdks\Microsoft.NET.Sdk\targets\Microsoft.NET.Sdk.DefaultItems.targets(41,5): message : Property reassignment: $(DefaultItemExcludes)=";bin\Debug\/**;obj\Debug\/**;bin\/**;obj\/**;**/*.user;**/*.*proj" (previous value: ";bin\Debug\/**;obj\Debug\/**;bin\/**;obj\/**;**/*.user") at C:\Program Files\dotnet\sdk\10.0.103\Sdks\Microsoft.NET.Sdk\targets\Microsoft.NET.Sdk.DefaultItems.targets (41,5)
       C:\Program Files\dotnet\sdk\10.0.103\Sdks\Microsoft.SourceLink.AzureRepos.Git\build\Microsoft.SourceLink.AzureRepos.Git.targets(12,5): message : Property reassignment: $(SourceLinkUrlInitializerTargets)=";_InitializeGitHubSourceLinkUrl;_InitializeGitLabSourceLinkUrl;_InitializeAzureReposGitSourceLinkUrl" (previous value: ";_InitializeGitHubSourceLinkUrl;_InitializeGitLabSourceLinkUrl") at C:\Program Files\dotnet\sdk\10.0.103\Sdks\Microsoft.SourceLink.AzureRepos.Git\build\Microsoft.SourceLink.AzureRepos.Git.targets (12,5)
       C:\Program Files\dotnet\sdk\10.0.103\Sdks\Microsoft.SourceLink.AzureRepos.Git\build\Microsoft.SourceLink.AzureRepos.Git.targets(13,5): message : Property reassignment: $(SourceControlManagerUrlTranslationTargets)=";TranslateGitHubUrlsInSourceControlInformation;TranslateGitLabUrlsInSourceControlInformation;TranslateAzureReposGitUrlsInSourceControlInformation" (previous value: ";TranslateGitHubUrlsInSourceControlInformation;TranslateGitLabUrlsInSourceControlInformation") at C:\Program Files\dotnet\sdk\10.0.103\Sdks\Microsoft.SourceLink.AzureRepos.Git\build\Microsoft.SourceLink.AzureRepos.Git.targets (13,5)
       C:\Program Files\dotnet\sdk\10.0.103\Sdks\Microsoft.SourceLink.Bitbucket.Git\build\Microsoft.SourceLink.Bitbucket.Git.targets(12,5): message : Property reassignment: $(SourceLinkUrlInitializerTargets)=";_InitializeGitHubSourceLinkUrl;_InitializeGitLabSourceLinkUrl;_InitializeAzureReposGitSourceLinkUrl;_InitializeBitbucketGitSourceLinkUrl" (previous value: ";_InitializeGitHubSourceLinkUrl;_InitializeGitLabSourceLinkUrl;_InitializeAzureReposGitSourceLinkUrl") at C:\Program Files\dotnet\sdk\10.0.103\Sdks\Microsoft.SourceLink.Bitbucket.Git\build\Microsoft.SourceLink.Bitbucket.Git.targets (12,5)
       C:\Program Files\dotnet\sdk\10.0.103\Sdks\Microsoft.NET.Sdk\targets\Microsoft.NET.Windows.targets(239,5): message : Property reassignment: $(_RunCsWinRTGeneratorPropertyInputsCachePath)="c:\Apps\TicketConsolidator\src\TicketConsolidator.UI\obj\Debug\net10.0-windows\TicketConsolidator.UI.cswinrtgen.cache" (previous value: "obj\Debug\net10.0-windows\TicketConsolidator.UI.cswinrtgen.cache") at C:\Program Files\dotnet\sdk\10.0.103\Sdks\Microsoft.NET.Sdk\targets\Microsoft.NET.Windows.targets (239,5)
       C:\Program Files\dotnet\sdk\10.0.103\Sdks\Microsoft.SourceLink.Bitbucket.Git\build\Microsoft.SourceLink.Bitbucket.Git.targets(13,5): message : Property reassignment: $(SourceControlManagerUrlTranslationTargets)=";TranslateGitHubUrlsInSourceControlInformation;TranslateGitLabUrlsInSourceControlInformation;TranslateAzureReposGitUrlsInSourceControlInformation;TranslateBitbucketGitUrlsInSourceControlInformation" (previous value: ";TranslateGitHubUrlsInSourceControlInformation;TranslateGitLabUrlsInSourceControlInformation;TranslateAzureReposGitUrlsInSourceControlInformation") at C:\Program Files\dotnet\sdk\10.0.103\Sdks\Microsoft.SourceLink.Bitbucket.Git\build\Microsoft.SourceLink.Bitbucket.Git.targets (13,5)
       C:\Program Files\dotnet\sdk\10.0.103\Sdks\Microsoft.NET.Sdk\targets\Microsoft.NET.DesignerSupport.targets(21,5): message : Property reassignment: $(DesignerRuntimeImplementationProjectOutputGroupDependsOn)="
       C:\Program Files\dotnet\sdk\10.0.103\Sdks\Microsoft.NET.Sdk\targets\Microsoft.NET.DesignerSupport.targets(21,5): message :       
       C:\Program Files\dotnet\sdk\10.0.103\Sdks\Microsoft.NET.Sdk\targets\Microsoft.NET.DesignerSupport.targets(21,5): message :       ;
       C:\Program Files\dotnet\sdk\10.0.103\Sdks\Microsoft.NET.Sdk\targets\Microsoft.NET.DesignerSupport.targets(21,5): message :       
       C:\Program Files\dotnet\sdk\10.0.103\Sdks\Microsoft.NET.Sdk\targets\Microsoft.NET.DesignerSupport.targets(21,5): message :       ;
       C:\Program Files\dotnet\sdk\10.0.103\Sdks\Microsoft.NET.Sdk\targets\Microsoft.NET.DesignerSupport.targets(21,5): message :       BuildOnlySettings;
       C:\Program Files\dotnet\sdk\10.0.103\Sdks\Microsoft.NET.Sdk\targets\Microsoft.NET.DesignerSupport.targets(21,5): message :       PrepareForBuild;
       C:\Program Files\dotnet\sdk\10.0.103\Sdks\Microsoft.NET.Sdk\targets\Microsoft.NET.DesignerSupport.targets(21,5): message :       AssignTargetPaths;
       C:\Program Files\dotnet\sdk\10.0.103\Sdks\Microsoft.NET.Sdk\targets\Microsoft.NET.DesignerSupport.targets(21,5): message :       ResolveReferences
       C:\Program Files\dotnet\sdk\10.0.103\Sdks\Microsoft.NET.Sdk\targets\Microsoft.NET.DesignerSupport.targets(21,5): message :     
       C:\Program Files\dotnet\sdk\10.0.103\Sdks\Microsoft.NET.Sdk\targets\Microsoft.NET.DesignerSupport.targets(21,5): message :     ;
       C:\Program Files\dotnet\sdk\10.0.103\Sdks\Microsoft.NET.Sdk\targets\Microsoft.NET.DesignerSupport.targets(21,5): message :       _GenerateDesignerDepsFile;
       C:\Program Files\dotnet\sdk\10.0.103\Sdks\Microsoft.NET.Sdk\targets\Microsoft.NET.DesignerSupport.targets(21,5): message :       _GenerateDesignerRuntimeConfigFile;
       C:\Program Files\dotnet\sdk\10.0.103\Sdks\Microsoft.NET.Sdk\targets\Microsoft.NET.DesignerSupport.targets(21,5): message :       GetCopyToOutputDirectoryItems;
       C:\Program Files\dotnet\sdk\10.0.103\Sdks\Microsoft.NET.Sdk\targets\Microsoft.NET.DesignerSupport.targets(21,5): message :       _GatherDesignerShadowCopyFiles;
       C:\Program Files\dotnet\sdk\10.0.103\Sdks\Microsoft.NET.Sdk\targets\Microsoft.NET.DesignerSupport.targets(21,5): message :     " (previous value: "
       C:\Program Files\dotnet\sdk\10.0.103\Sdks\Microsoft.NET.Sdk\targets\Microsoft.NET.DesignerSupport.targets(21,5): message :       ;
       C:\Program Files\dotnet\sdk\10.0.103\Sdks\Microsoft.NET.Sdk\targets\Microsoft.NET.DesignerSupport.targets(21,5): message :       
       C:\Program Files\dotnet\sdk\10.0.103\Sdks\Microsoft.NET.Sdk\targets\Microsoft.NET.DesignerSupport.targets(21,5): message :       ;
       C:\Program Files\dotnet\sdk\10.0.103\Sdks\Microsoft.NET.Sdk\targets\Microsoft.NET.DesignerSupport.targets(21,5): message :       BuildOnlySettings;
       C:\Program Files\dotnet\sdk\10.0.103\Sdks\Microsoft.NET.Sdk\targets\Microsoft.NET.DesignerSupport.targets(21,5): message :       PrepareForBuild;
       C:\Program Files\dotnet\sdk\10.0.103\Sdks\Microsoft.NET.Sdk\targets\Microsoft.NET.DesignerSupport.targets(21,5): message :       AssignTargetPaths;
       C:\Program Files\dotnet\sdk\10.0.103\Sdks\Microsoft.NET.Sdk\targets\Microsoft.NET.DesignerSupport.targets(21,5): message :       ResolveReferences
       C:\Program Files\dotnet\sdk\10.0.103\Sdks\Microsoft.NET.Sdk\targets\Microsoft.NET.DesignerSupport.targets(21,5): message :     
       C:\Program Files\dotnet\sdk\10.0.103\Sdks\Microsoft.NET.Sdk\targets\Microsoft.NET.DesignerSupport.targets(21,5): message :     ") at C:\Program Files\dotnet\sdk\10.0.103\Sdks\Microsoft.NET.Sdk\targets\Microsoft.NET.DesignerSupport.targets (21,5)
       C:\Program Files\dotnet\sdk\10.0.103\Sdks\Microsoft.NET.Sdk\targets\Microsoft.NET.Sdk.CSharp.targets(31,5): message : Property reassignment: $(DefineConstants)="TRACE;DEBUG" (previous value: "TRACE") at C:\Program Files\dotnet\sdk\10.0.103\Sdks\Microsoft.NET.Sdk\targets\Microsoft.NET.Sdk.CSharp.targets (31,5)
       C:\Program Files\dotnet\sdk\10.0.103\Sdks\Microsoft.NET.Sdk\targets\Microsoft.NET.Sdk.CSharp.targets(45,5): message : Property reassignment: $(WarningsAsErrors)=";NU1605;SYSLIB0011" (previous value: ";NU1605") at C:\Program Files\dotnet\sdk\10.0.103\Sdks\Microsoft.NET.Sdk\targets\Microsoft.NET.Sdk.CSharp.targets (45,5)
       The "Configuration" property is a global property, and cannot be modified.
       C:\Program Files\dotnet\sdk\10.0.103\Sdks\Microsoft.NET.Sdk\targets\Microsoft.NET.Sdk.DefaultItems.targets(42,5): message : Property reassignment: $(DefaultItemExcludes)=";bin\Debug\/**;obj\Debug\/**;bin\/**;obj\/**;**/*.user;**/*.*proj;**/*.sln" (previous value: ";bin\Debug\/**;obj\Debug\/**;bin\/**;obj\/**;**/*.user;**/*.*proj") at C:\Program Files\dotnet\sdk\10.0.103\Sdks\Microsoft.NET.Sdk\targets\Microsoft.NET.Sdk.DefaultItems.targets (42,5)
       C:\Program Files\dotnet\sdk\10.0.103\NuGet.Build.Tasks.Pack.targets(34,5): message : Property reassignment: $(PackageDescription)="Package Description" (previous value: "") at C:\Program Files\dotnet\sdk\10.0.103\NuGet.Build.Tasks.Pack.targets (34,5)
       The "Platform" property is a global property, and cannot be modified.
       C:\Program Files\dotnet\sdk\10.0.103\NuGet.Build.Tasks.Pack.targets(59,5): message : Property reassignment: $(GenerateNuspecDependsOn)="Build;_LoadPackInputItems; _GetTargetFrameworksOutput; _WalkEachTargetPerFramework; _GetPackageFiles; " (previous value: "_LoadPackInputItems; _GetTargetFrameworksOutput; _WalkEachTargetPerFramework; _GetPackageFiles; ") at C:\Program Files\dotnet\sdk\10.0.103\NuGet.Build.Tasks.Pack.targets (59,5)
       C:\Program Files\dotnet\sdk\10.0.103\Sdks\Microsoft.NET.Sdk\targets\Microsoft.NET.Sdk.ImportPublishProfile.targets(28,5): message : Property reassignment: $(PublishProfileImported)="false" (previous value: "true") at C:\Program Files\dotnet\sdk\10.0.103\Sdks\Microsoft.NET.Sdk\targets\Microsoft.NET.Sdk.ImportPublishProfile.targets (28,5)
       C:\Program Files\dotnet\sdk\10.0.103\Sdks\Microsoft.NET.Sdk\targets\Microsoft.NET.Sdk.DefaultItems.targets(43,5): message : Property reassignment: $(DefaultItemExcludes)=";bin\Debug\/**;obj\Debug\/**;bin\/**;obj\/**;**/*.user;**/*.*proj;**/*.sln;**/*.slnx" (previous value: ";bin\Debug\/**;obj\Debug\/**;bin\/**;obj\/**;**/*.user;**/*.*proj;**/*.sln") at C:\Program Files\dotnet\sdk\10.0.103\Sdks\Microsoft.NET.Sdk\targets\Microsoft.NET.Sdk.DefaultItems.targets (43,5)
       C:\Program Files\dotnet\sdk\10.0.103\Sdks\Microsoft.NET.Sdk\Sdk\Sdk.targets(59,5): message : Property reassignment: $(_IsNotSetContainersTargetsDir)="true" (previous value: "false") at C:\Program Files\dotnet\sdk\10.0.103\Sdks\Microsoft.NET.Sdk\Sdk\Sdk.targets (59,5)
       C:\Program Files\dotnet\sdk\10.0.103\Sdks\Microsoft.NET.Sdk\targets\Microsoft.NET.TargetFrameworkInference.targets(80,5): message : Property reassignment: $(TargetPlatformVersion)="0.0" (previous value: "0.0.0.0") at C:\Program Files\dotnet\sdk\10.0.103\Sdks\Microsoft.NET.Sdk\targets\Microsoft.NET.TargetFrameworkInference.targets (80,5)
       C:\Program Files\dotnet\sdk\10.0.103\Containers\build\Microsoft.NET.Build.Containers.targets(5,5): message : Property reassignment: $(_IsSDKContainerAllowedVersion)="true" (previous value: "false") at C:\Program Files\dotnet\sdk\10.0.103\Containers\build\Microsoft.NET.Build.Containers.targets (5,5)
       C:\Program Files\dotnet\sdk\10.0.103\Sdks\Microsoft.NET.Sdk\targets\Microsoft.NET.Sdk.DefaultItems.targets(44,5): message : Property reassignment: $(DefaultItemExcludes)=";bin\Debug\/**;obj\Debug\/**;bin\/**;obj\/**;**/*.user;**/*.*proj;**/*.sln;**/*.slnx;**/*.vssscc" (previous value: ";bin\Debug\/**;obj\Debug\/**;bin\/**;obj\/**;**/*.user;**/*.*proj;**/*.sln;**/*.slnx") at C:\Program Files\dotnet\sdk\10.0.103\Sdks\Microsoft.NET.Sdk\targets\Microsoft.NET.Sdk.DefaultItems.targets (44,5)
       C:\Program Files\dotnet\sdk\10.0.103\Sdks\Microsoft.NET.Sdk\targets\Microsoft.NET.TargetFrameworkInference.targets(81,5): message : Property reassignment: $(TargetPlatformVersion)="" (previous value: "0.0") at C:\Program Files\dotnet\sdk\10.0.103\Sdks\Microsoft.NET.Sdk\targets\Microsoft.NET.TargetFrameworkInference.targets (81,5)
       C:\Program Files\dotnet\sdk\10.0.103\Containers\build\Microsoft.NET.Build.Containers.targets(15,5): message : Property reassignment: $(_ContainerIsTargetingNet8TFM)="true" (previous value: "false") at C:\Program Files\dotnet\sdk\10.0.103\Containers\build\Microsoft.NET.Build.Containers.targets (15,5)
       C:\Program Files\dotnet\sdk\10.0.103\Sdks\Microsoft.NET.Sdk\targets\Microsoft.NET.TargetFrameworkInference.targets(84,5): message : Property reassignment: $(TargetPlatformIdentifier)="Windows" (previous value: "windows") at C:\Program Files\dotnet\sdk\10.0.103\Sdks\Microsoft.NET.Sdk\targets\Microsoft.NET.TargetFrameworkInference.targets (84,5)
       C:\Program Files\dotnet\sdk\10.0.103\Sdks\Microsoft.NET.Sdk\targets\Microsoft.NET.Sdk.DefaultItems.targets(45,5): message : Property reassignment: $(DefaultItemExcludes)=";bin\Debug\/**;obj\Debug\/**;bin\/**;obj\/**;**/*.user;**/*.*proj;**/*.sln;**/*.slnx;**/*.vssscc;**/.DS_Store" (previous value: ";bin\Debug\/**;obj\Debug\/**;bin\/**;obj\/**;**/*.user;**/*.*proj;**/*.sln;**/*.slnx;**/*.vssscc") at C:\Program Files\dotnet\sdk\10.0.103\Sdks\Microsoft.NET.Sdk\targets\Microsoft.NET.Sdk.DefaultItems.targets (45,5)
       Overriding target "ResolveFrameworkReferences" in project "C:\Program Files\dotnet\sdk\10.0.103\Microsoft.Common.CurrentVersion.targets" with target "ResolveFrameworkReferences" from project "C:\Program Files\dotnet\sdk\10.0.103\Sdks\Microsoft.NET.Sdk\targets\Microsoft.NET.Sdk.FrameworkReferenceResolution.targets".
       C:\Program Files\dotnet\sdk\10.0.103\Sdks\Microsoft.NET.Sdk\targets\Microsoft.NET.DefaultOutputPaths.targets(126,5): message : Property reassignment: $(DefaultItemExcludes)=";**\node_modules\**;node_modules\**;**\jspm_packages\**;jspm_packages\**;**\bower_components\**;bower_components\**;**\packages.lock.json;bin\Debug\/**" (previous value: ";**\node_modules\**;node_modules\**;**\jspm_packages\**;jspm_packages\**;**\bower_components\**;bower_components\**;**\packages.lock.json") at C:\Program Files\dotnet\sdk\10.0.103\Sdks\Microsoft.NET.Sdk\targets\Microsoft.NET.DefaultOutputPaths.targets (126,5)
       C:\Program Files\dotnet\sdk\10.0.103\Sdks\Microsoft.NET.Sdk\targets\Microsoft.NET.Sdk.FrameworkReferenceResolution.targets(14,5): message : Property reassignment: $(ResolveAssemblyReferencesDependsOn)="
       C:\Program Files\dotnet\sdk\10.0.103\Sdks\Microsoft.NET.Sdk\targets\Microsoft.NET.Sdk.FrameworkReferenceResolution.targets(14,5): message :       
       C:\Program Files\dotnet\sdk\10.0.103\Sdks\Microsoft.NET.Sdk\targets\Microsoft.NET.Sdk.FrameworkReferenceResolution.targets(14,5): message :       
       C:\Program Files\dotnet\sdk\10.0.103\Sdks\Microsoft.NET.Sdk\targets\Microsoft.NET.Sdk.FrameworkReferenceResolution.targets(14,5): message :       ResolveProjectReferences;
       C:\Program Files\dotnet\sdk\10.0.103\Sdks\Microsoft.NET.Sdk\targets\Microsoft.NET.Sdk.FrameworkReferenceResolution.targets(14,5): message :       FindInvalidProjectReferences;
       C:\Program Files\dotnet\sdk\10.0.103\Sdks\Microsoft.NET.Sdk\targets\Microsoft.NET.Sdk.FrameworkReferenceResolution.targets(14,5): message :       GetFrameworkPaths;
       C:\Program Files\dotnet\sdk\10.0.103\Sdks\Microsoft.NET.Sdk\targets\Microsoft.NET.Sdk.FrameworkReferenceResolution.targets(14,5): message :       GetReferenceAssemblyPaths;
       C:\Program Files\dotnet\sdk\10.0.103\Sdks\Microsoft.NET.Sdk\targets\Microsoft.NET.Sdk.FrameworkReferenceResolution.targets(14,5): message :       PrepareForBuild;
       C:\Program Files\dotnet\sdk\10.0.103\Sdks\Microsoft.NET.Sdk\targets\Microsoft.NET.Sdk.FrameworkReferenceResolution.targets(14,5): message :       ResolveSDKReferences;
       C:\Program Files\dotnet\sdk\10.0.103\Sdks\Microsoft.NET.Sdk\targets\Microsoft.NET.Sdk.FrameworkReferenceResolution.targets(14,5): message :       ExpandSDKReferences;
       C:\Program Files\dotnet\sdk\10.0.103\Sdks\Microsoft.NET.Sdk\targets\Microsoft.NET.Sdk.FrameworkReferenceResolution.targets(14,5): message :     ;
       C:\Program Files\dotnet\sdk\10.0.103\Sdks\Microsoft.NET.Sdk\targets\Microsoft.NET.Sdk.FrameworkReferenceResolution.targets(14,5): message :       ResolvePackageDependenciesForBuild;
       C:\Program Files\dotnet\sdk\10.0.103\Sdks\Microsoft.NET.Sdk\targets\Microsoft.NET.Sdk.FrameworkReferenceResolution.targets(14,5): message :       _HandlePackageFileConflicts;
       C:\Program Files\dotnet\sdk\10.0.103\Sdks\Microsoft.NET.Sdk\targets\Microsoft.NET.Sdk.FrameworkReferenceResolution.targets(14,5): message :     ;
       C:\Program Files\dotnet\sdk\10.0.103\Sdks\Microsoft.NET.Sdk\targets\Microsoft.NET.Sdk.FrameworkReferenceResolution.targets(14,5): message :       ResolveTargetingPackAssets;
       C:\Program Files\dotnet\sdk\10.0.103\Sdks\Microsoft.NET.Sdk\targets\Microsoft.NET.Sdk.FrameworkReferenceResolution.targets(14,5): message :     " (previous value: "
       C:\Program Files\dotnet\sdk\10.0.103\Sdks\Microsoft.NET.Sdk\targets\Microsoft.NET.Sdk.FrameworkReferenceResolution.targets(14,5): message :       
       C:\Program Files\dotnet\sdk\10.0.103\Sdks\Microsoft.NET.Sdk\targets\Microsoft.NET.Sdk.FrameworkReferenceResolution.targets(14,5): message :       ResolveProjectReferences;
       C:\Program Files\dotnet\sdk\10.0.103\Sdks\Microsoft.NET.Sdk\targets\Microsoft.NET.Sdk.FrameworkReferenceResolution.targets(14,5): message :       FindInvalidProjectReferences;
       C:\Program Files\dotnet\sdk\10.0.103\Sdks\Microsoft.NET.Sdk\targets\Microsoft.NET.Sdk.FrameworkReferenceResolution.targets(14,5): message :       GetFrameworkPaths;
       C:\Program Files\dotnet\sdk\10.0.103\Sdks\Microsoft.NET.Sdk\targets\Microsoft.NET.Sdk.FrameworkReferenceResolution.targets(14,5): message :       GetReferenceAssemblyPaths;
       C:\Program Files\dotnet\sdk\10.0.103\Sdks\Microsoft.NET.Sdk\targets\Microsoft.NET.Sdk.FrameworkReferenceResolution.targets(14,5): message :       PrepareForBuild;
       C:\Program Files\dotnet\sdk\10.0.103\Sdks\Microsoft.NET.Sdk\targets\Microsoft.NET.Sdk.FrameworkReferenceResolution.targets(14,5): message :       ResolveSDKReferences;
       C:\Program Files\dotnet\sdk\10.0.103\Sdks\Microsoft.NET.Sdk\targets\Microsoft.NET.Sdk.FrameworkReferenceResolution.targets(14,5): message :       ExpandSDKReferences;
       C:\Program Files\dotnet\sdk\10.0.103\Sdks\Microsoft.NET.Sdk\targets\Microsoft.NET.Sdk.FrameworkReferenceResolution.targets(14,5): message :     ;
       C:\Program Files\dotnet\sdk\10.0.103\Sdks\Microsoft.NET.Sdk\targets\Microsoft.NET.Sdk.FrameworkReferenceResolution.targets(14,5): message :       ResolvePackageDependenciesForBuild;
       C:\Program Files\dotnet\sdk\10.0.103\Sdks\Microsoft.NET.Sdk\targets\Microsoft.NET.Sdk.FrameworkReferenceResolution.targets(14,5): message :       _HandlePackageFileConflicts;
       C:\Program Files\dotnet\sdk\10.0.103\Sdks\Microsoft.NET.Sdk\targets\Microsoft.NET.Sdk.FrameworkReferenceResolution.targets(14,5): message :     ") at C:\Program Files\dotnet\sdk\10.0.103\Sdks\Microsoft.NET.Sdk\targets\Microsoft.NET.Sdk.FrameworkReferenceResolution.targets (14,5)
       Overriding target "GenerateSupportedTargetFrameworkAlias" in project "C:\Program Files\dotnet\sdk\10.0.103\Microsoft.Common.CurrentVersion.targets" with target "GenerateSupportedTargetFrameworkAlias" from project "C:\Program Files\dotnet\sdk\10.0.103\Sdks\Microsoft.NET.Sdk\targets\Microsoft.NET.Sdk.targets".
       C:\Program Files\dotnet\sdk\10.0.103\Sdks\Microsoft.NET.Sdk\targets\Microsoft.NET.DefaultOutputPaths.targets(127,5): message : Property reassignment: $(DefaultItemExcludes)=";**\node_modules\**;node_modules\**;**\jspm_packages\**;jspm_packages\**;**\bower_components\**;bower_components\**;**\packages.lock.json;bin\Debug\/**;obj\Debug\/**" (previous value: ";**\node_modules\**;node_modules\**;**\jspm_packages\**;jspm_packages\**;**\bower_components\**;bower_components\**;**\packages.lock.json;bin\Debug\/**") at C:\Program Files\dotnet\sdk\10.0.103\Sdks\Microsoft.NET.Sdk\targets\Microsoft.NET.DefaultOutputPaths.targets (127,5)
       Overriding target "GetReferenceAssemblyPaths" in project "C:\Program Files\dotnet\sdk\10.0.103\Microsoft.Common.CurrentVersion.targets" with target "GetReferenceAssemblyPaths" from project "C:\Program Files\dotnet\sdk\10.0.103\Sdks\Microsoft.NET.Sdk\targets\Microsoft.NET.DisableStandardFrameworkResolution.targets".
       C:\Program Files\dotnet\sdk\10.0.103\Sdks\Microsoft.NET.Sdk\targets\Microsoft.NET.Sdk.targets(44,5): message : Property reassignment: $(_GenerateRuntimeConfigurationPropertyInputsCache)="c:\Apps\TicketConsolidator\tests\TicketConsolidator.UnitTests\obj\Debug\net10.0-windows\TicketConsolidator.UnitTests.genruntimeconfig.cache" (previous value: "obj\Debug\net10.0-windows\TicketConsolidator.UnitTests.genruntimeconfig.cache") at C:\Program Files\dotnet\sdk\10.0.103\Sdks\Microsoft.NET.Sdk\targets\Microsoft.NET.Sdk.targets (44,5)
       Overriding target "GetFrameworkPaths" in project "C:\Program Files\dotnet\sdk\10.0.103\Microsoft.Common.CurrentVersion.targets" with target "GetFrameworkPaths" from project "C:\Program Files\dotnet\sdk\10.0.103\Sdks\Microsoft.NET.Sdk\targets\Microsoft.NET.DisableStandardFrameworkResolution.targets".
       C:\Program Files\dotnet\sdk\10.0.103\Sdks\Microsoft.NET.Sdk\targets\Microsoft.NET.Sdk.targets(46,5): message : Property reassignment: $(_GeneratePublishDependencyFilePropertyInputsCache)="c:\Apps\TicketConsolidator\tests\TicketConsolidator.UnitTests\obj\Debug\net10.0-windows\TicketConsolidator.UnitTests.genpublishdeps.cache" (previous value: "obj\Debug\net10.0-windows\TicketConsolidator.UnitTests.genpublishdeps.cache") at C:\Program Files\dotnet\sdk\10.0.103\Sdks\Microsoft.NET.Sdk\targets\Microsoft.NET.Sdk.targets (46,5)
       C:\Program Files\dotnet\sdk\10.0.103\Sdks\Microsoft.NET.Sdk\targets\Microsoft.NET.DefaultOutputPaths.targets(142,5): message : Property reassignment: $(OutputPath)="bin\Debug\net10.0-windows\" (previous value: "bin\Debug\") at C:\Program Files\dotnet\sdk\10.0.103\Sdks\Microsoft.NET.Sdk\targets\Microsoft.NET.DefaultOutputPaths.targets (142,5)
       C:\Program Files\dotnet\sdk\10.0.103\Sdks\Microsoft.NET.Sdk\targets\Microsoft.NET.DefaultOutputPaths.targets(147,5): message : Property reassignment: $(IntermediateOutputPath)="obj\Debug\net10.0-windows\" (previous value: "obj\Debug\") at C:\Program Files\dotnet\sdk\10.0.103\Sdks\Microsoft.NET.Sdk\targets\Microsoft.NET.DefaultOutputPaths.targets (147,5)
       Overriding target "DesignerRuntimeImplementationProjectOutputGroup" in project "C:\Program Files\dotnet\sdk\10.0.103\Microsoft.Common.CurrentVersion.targets" with target "DesignerRuntimeImplementationProjectOutputGroup" from project "C:\Program Files\dotnet\sdk\10.0.103\Sdks\Microsoft.NET.Sdk\targets\Microsoft.NET.DesignerSupport.targets".
       C:\Program Files\dotnet\sdk\10.0.103\Sdks\Microsoft.NET.Sdk\targets\Microsoft.NET.Sdk.targets(48,5): message : Property reassignment: $(_GenerateSingleFileBundlePropertyInputsCache)="c:\Apps\TicketConsolidator\tests\TicketConsolidator.UnitTests\obj\Debug\net10.0-windows\TicketConsolidator.UnitTests.genbundle.cache" (previous value: "obj\Debug\net10.0-windows\TicketConsolidator.UnitTests.genbundle.cache") at C:\Program Files\dotnet\sdk\10.0.103\Sdks\Microsoft.NET.Sdk\targets\Microsoft.NET.Sdk.targets (48,5)
       C:\Program Files\dotnet\sdk\10.0.103\Sdks\Microsoft.NET.Sdk\targets\Microsoft.NET.Sdk.targets(81,5): message : Property reassignment: $(GenerateRuntimeConfigDevFile)="false" (previous value: "true") at C:\Program Files\dotnet\sdk\10.0.103\Sdks\Microsoft.NET.Sdk\targets\Microsoft.NET.Sdk.targets (81,5)
       Overriding target "Publish" in project "C:\Program Files\dotnet\sdk\10.0.103\Microsoft.Common.CurrentVersion.targets" with target "Publish" from project "C:\Program Files\dotnet\sdk\10.0.103\Sdks\Microsoft.NET.Sdk\targets\Microsoft.NET.Publish.targets".
       Overriding target "ResolveReadyToRunCompilers" in project "C:\Program Files\dotnet\sdk\10.0.103\Sdks\Microsoft.NET.Sdk\targets\Microsoft.NET.CrossGen.targets" with target "ResolveReadyToRunCompilers" from project "C:\Program Files\dotnet\sdk\10.0.103\Sdks\Microsoft.NET.Sdk\targets\Microsoft.NET.Publish.targets".
       C:\Program Files\dotnet\sdk\10.0.103\Sdks\Microsoft.NET.Sdk\targets\Microsoft.NET.Sdk.targets(98,5): message : Property 'USERPROFILE' with value 'C:\Users\krish.maniar.ATPL-LAP-723' expanded from the environment.
       Overriding target "GetCopyToPublishDirectoryItems" in project "C:\Program Files\dotnet\sdk\10.0.103\Microsoft.Common.CurrentVersion.targets" with target "GetCopyToPublishDirectoryItems" from project "C:\Program Files\dotnet\sdk\10.0.103\Sdks\Microsoft.NET.Sdk\targets\Microsoft.NET.Publish.targets".
       C:\Program Files\dotnet\sdk\10.0.103\Sdks\Microsoft.NET.Sdk\targets\Microsoft.NET.Sdk.targets(98,5): message : Property reassignment: $(_DefaultUserProfileRuntimeStorePath)="C:\Users\krish.maniar.ATPL-LAP-723" (previous value: "") at C:\Program Files\dotnet\sdk\10.0.103\Sdks\Microsoft.NET.Sdk\targets\Microsoft.NET.Sdk.targets (98,5)
       Overriding target "Run" in project "C:\Program Files\dotnet\sdk\10.0.103\Microsoft.Common.CurrentVersion.targets" with target "Run" from project "C:\Program Files\dotnet\sdk\10.0.103\Sdks\Microsoft.NET.Sdk\targets\Microsoft.NET.Sdk.targets".
       C:\Program Files\dotnet\sdk\10.0.103\Sdks\Microsoft.NET.Sdk\targets\Microsoft.NET.Sdk.targets(99,5): message : Property reassignment: $(_DefaultUserProfileRuntimeStorePath)="C:\Users\krish.maniar.ATPL-LAP-723\.dotnet\store" (previous value: "C:\Users\krish.maniar.ATPL-LAP-723") at C:\Program Files\dotnet\sdk\10.0.103\Sdks\Microsoft.NET.Sdk\targets\Microsoft.NET.Sdk.targets (99,5)
       C:\Program Files\dotnet\sdk\10.0.103\Sdks\Microsoft.NET.Sdk\targets\Microsoft.NET.Sdk.targets(144,5): message : Property reassignment: $(AvailablePlatforms)="Any CPU,x86,x64,ARM32" (previous value: "Any CPU,x86,x64") at C:\Program Files\dotnet\sdk\10.0.103\Sdks\Microsoft.NET.Sdk\targets\Microsoft.NET.Sdk.targets (144,5)
       C:\Program Files\dotnet\sdk\10.0.103\Sdks\Microsoft.NET.Sdk\targets\Microsoft.NET.Sdk.targets(148,5): message : Property reassignment: $(AvailablePlatforms)="Any CPU,x86,x64,ARM32,ARM64" (previous value: "Any CPU,x86,x64,ARM32") at C:\Program Files\dotnet\sdk\10.0.103\Sdks\Microsoft.NET.Sdk\targets\Microsoft.NET.Sdk.targets (148,5)
       C:\Program Files\dotnet\sdk\10.0.103\Sdks\Microsoft.NET.Sdk\targets\Microsoft.NET.Sdk.targets(204,5): message : Property reassignment: $(CoreBuildDependsOn)="
       C:\Program Files\dotnet\sdk\10.0.103\Sdks\Microsoft.NET.Sdk\targets\Microsoft.NET.Sdk.targets(204,5): message :       _CheckForBuildWithNoBuild;
       C:\Program Files\dotnet\sdk\10.0.103\Sdks\Microsoft.NET.Sdk\targets\Microsoft.NET.Sdk.targets(204,5): message :       
       C:\Program Files\dotnet\sdk\10.0.103\Sdks\Microsoft.NET.Sdk\targets\Microsoft.NET.Sdk.targets(204,5): message :       BuildOnlySettings;
       C:\Program Files\dotnet\sdk\10.0.103\Sdks\Microsoft.NET.Sdk\targets\Microsoft.NET.Sdk.targets(204,5): message :       PrepareForBuild;
       C:\Program Files\dotnet\sdk\10.0.103\Sdks\Microsoft.NET.Sdk\targets\Microsoft.NET.Sdk.targets(204,5): message :       PreBuildEvent;
       C:\Program Files\dotnet\sdk\10.0.103\Sdks\Microsoft.NET.Sdk\targets\Microsoft.NET.Sdk.targets(204,5): message :       ResolveReferences;
       C:\Program Files\dotnet\sdk\10.0.103\Sdks\Microsoft.NET.Sdk\targets\Microsoft.NET.Sdk.targets(204,5): message :       PrepareResources;
       C:\Program Files\dotnet\sdk\10.0.103\Sdks\Microsoft.NET.Sdk\targets\Microsoft.NET.Sdk.targets(204,5): message :       ResolveKeySource;
       C:\Program Files\dotnet\sdk\10.0.103\Sdks\Microsoft.NET.Sdk\targets\Microsoft.NET.Sdk.targets(204,5): message :       Compile;
       C:\Program Files\dotnet\sdk\10.0.103\Sdks\Microsoft.NET.Sdk\targets\Microsoft.NET.Sdk.targets(204,5): message :       ExportWindowsMDFile;
       C:\Program Files\dotnet\sdk\10.0.103\Sdks\Microsoft.NET.Sdk\targets\Microsoft.NET.Sdk.targets(204,5): message :       UnmanagedUnregistration;
       C:\Program Files\dotnet\sdk\10.0.103\Sdks\Microsoft.NET.Sdk\targets\Microsoft.NET.Sdk.targets(204,5): message :       GenerateSerializationAssemblies;
       C:\Program Files\dotnet\sdk\10.0.103\Sdks\Microsoft.NET.Sdk\targets\Microsoft.NET.Sdk.targets(204,5): message :       CreateSatelliteAssemblies;
       C:\Program Files\dotnet\sdk\10.0.103\Sdks\Microsoft.NET.Sdk\targets\Microsoft.NET.Sdk.targets(204,5): message :       GenerateManifests;
       C:\Program Files\dotnet\sdk\10.0.103\Sdks\Microsoft.NET.Sdk\targets\Microsoft.NET.Sdk.targets(204,5): message :       GetTargetPath;
       C:\Program Files\dotnet\sdk\10.0.103\Sdks\Microsoft.NET.Sdk\targets\Microsoft.NET.Sdk.targets(204,5): message :       PrepareForRun;
       C:\Program Files\dotnet\sdk\10.0.103\Sdks\Microsoft.NET.Sdk\targets\Microsoft.NET.Sdk.targets(204,5): message :       UnmanagedRegistration;
       C:\Program Files\dotnet\sdk\10.0.103\Sdks\Microsoft.NET.Sdk\targets\Microsoft.NET.Sdk.targets(204,5): message :       IncrementalClean;
       C:\Program Files\dotnet\sdk\10.0.103\Sdks\Microsoft.NET.Sdk\targets\Microsoft.NET.Sdk.targets(204,5): message :       PostBuildEvent
       C:\Program Files\dotnet\sdk\10.0.103\Sdks\Microsoft.NET.Sdk\targets\Microsoft.NET.Sdk.targets(204,5): message :     ;
       C:\Program Files\dotnet\sdk\10.0.103\Sdks\Microsoft.NET.Sdk\targets\Microsoft.NET.Sdk.targets(204,5): message :       GenerateBuildDependencyFile;
       C:\Program Files\dotnet\sdk\10.0.103\Sdks\Microsoft.NET.Sdk\targets\Microsoft.NET.Sdk.targets(204,5): message :       GenerateBuildRuntimeConfigurationFiles
       C:\Program Files\dotnet\sdk\10.0.103\Sdks\Microsoft.NET.Sdk\targets\Microsoft.NET.Sdk.targets(204,5): message :     " (previous value: "
       C:\Program Files\dotnet\sdk\10.0.103\Sdks\Microsoft.NET.Sdk\targets\Microsoft.NET.Sdk.targets(204,5): message :       BuildOnlySettings;
       C:\Program Files\dotnet\sdk\10.0.103\Sdks\Microsoft.NET.Sdk\targets\Microsoft.NET.Sdk.targets(204,5): message :       PrepareForBuild;
       C:\Program Files\dotnet\sdk\10.0.103\Sdks\Microsoft.NET.Sdk\targets\Microsoft.NET.Sdk.targets(204,5): message :       PreBuildEvent;
       C:\Program Files\dotnet\sdk\10.0.103\Sdks\Microsoft.NET.Sdk\targets\Microsoft.NET.Sdk.targets(204,5): message :       ResolveReferences;
       C:\Program Files\dotnet\sdk\10.0.103\Sdks\Microsoft.NET.Sdk\targets\Microsoft.NET.Sdk.targets(204,5): message :       PrepareResources;
       C:\Program Files\dotnet\sdk\10.0.103\Sdks\Microsoft.NET.Sdk\targets\Microsoft.NET.Sdk.targets(204,5): message :       ResolveKeySource;
       C:\Program Files\dotnet\sdk\10.0.103\Sdks\Microsoft.NET.Sdk\targets\Microsoft.NET.Sdk.targets(204,5): message :       Compile;
       C:\Program Files\dotnet\sdk\10.0.103\Sdks\Microsoft.NET.Sdk\targets\Microsoft.NET.Sdk.targets(204,5): message :       ExportWindowsMDFile;
       C:\Program Files\dotnet\sdk\10.0.103\Sdks\Microsoft.NET.Sdk\targets\Microsoft.NET.Sdk.targets(204,5): message :       UnmanagedUnregistration;
       C:\Program Files\dotnet\sdk\10.0.103\Sdks\Microsoft.NET.Sdk\targets\Microsoft.NET.Sdk.targets(204,5): message :       GenerateSerializationAssemblies;
       C:\Program Files\dotnet\sdk\10.0.103\Sdks\Microsoft.NET.Sdk\targets\Microsoft.NET.Sdk.targets(204,5): message :       CreateSatelliteAssemblies;
       C:\Program Files\dotnet\sdk\10.0.103\Sdks\Microsoft.NET.Sdk\targets\Microsoft.NET.Sdk.targets(204,5): message :       GenerateManifests;
       C:\Program Files\dotnet\sdk\10.0.103\Sdks\Microsoft.NET.Sdk\targets\Microsoft.NET.Sdk.targets(204,5): message :       GetTargetPath;
       C:\Program Files\dotnet\sdk\10.0.103\Sdks\Microsoft.NET.Sdk\targets\Microsoft.NET.Sdk.targets(204,5): message :       PrepareForRun;
       C:\Program Files\dotnet\sdk\10.0.103\Sdks\Microsoft.NET.Sdk\targets\Microsoft.NET.Sdk.targets(204,5): message :       UnmanagedRegistration;
       C:\Program Files\dotnet\sdk\10.0.103\Sdks\Microsoft.NET.Sdk\targets\Microsoft.NET.Sdk.targets(204,5): message :       IncrementalClean;
       C:\Program Files\dotnet\sdk\10.0.103\Sdks\Microsoft.NET.Sdk\targets\Microsoft.NET.Sdk.targets(204,5): message :       PostBuildEvent
       C:\Program Files\dotnet\sdk\10.0.103\Sdks\Microsoft.NET.Sdk\targets\Microsoft.NET.Sdk.targets(204,5): message :     ") at C:\Program Files\dotnet\sdk\10.0.103\Sdks\Microsoft.NET.Sdk\targets\Microsoft.NET.Sdk.targets (204,5)
       C:\Program Files\dotnet\sdk\10.0.103\Sdks\Microsoft.NET.Sdk\targets\Microsoft.NET.Sdk.targets(213,5): message : Property reassignment: $(CoreCleanDependsOn)="
       C:\Program Files\dotnet\sdk\10.0.103\Sdks\Microsoft.NET.Sdk\targets\Microsoft.NET.Sdk.targets(213,5): message :       _SdkBeforeClean;
       C:\Program Files\dotnet\sdk\10.0.103\Sdks\Microsoft.NET.Sdk\targets\Microsoft.NET.Sdk.targets(213,5): message :       
       C:\Program Files\dotnet\sdk\10.0.103\Sdks\Microsoft.NET.Sdk\targets\Microsoft.NET.Sdk.targets(213,5): message :     " (previous value: "") at C:\Program Files\dotnet\sdk\10.0.103\Sdks\Microsoft.NET.Sdk\targets\Microsoft.NET.Sdk.targets (213,5)
       C:\Program Files\dotnet\sdk\10.0.103\Sdks\Microsoft.NET.Sdk\targets\Microsoft.NET.Sdk.targets(220,5): message : Property reassignment: $(RebuildDependsOn)="
       C:\Program Files\dotnet\sdk\10.0.103\Sdks\Microsoft.NET.Sdk\targets\Microsoft.NET.Sdk.targets(220,5): message :       _SdkBeforeRebuild;
       C:\Program Files\dotnet\sdk\10.0.103\Sdks\Microsoft.NET.Sdk\targets\Microsoft.NET.Sdk.targets(220,5): message :       
       C:\Program Files\dotnet\sdk\10.0.103\Sdks\Microsoft.NET.Sdk\targets\Microsoft.NET.Sdk.targets(220,5): message :       BeforeRebuild;
       C:\Program Files\dotnet\sdk\10.0.103\Sdks\Microsoft.NET.Sdk\targets\Microsoft.NET.Sdk.targets(220,5): message :       Clean;
       C:\Program Files\dotnet\sdk\10.0.103\Sdks\Microsoft.NET.Sdk\targets\Microsoft.NET.Sdk.targets(220,5): message :       Build;
       C:\Program Files\dotnet\sdk\10.0.103\Sdks\Microsoft.NET.Sdk\targets\Microsoft.NET.Sdk.targets(220,5): message :       AfterRebuild;
       C:\Program Files\dotnet\sdk\10.0.103\Sdks\Microsoft.NET.Sdk\targets\Microsoft.NET.Sdk.targets(220,5): message :     
       C:\Program Files\dotnet\sdk\10.0.103\Sdks\Microsoft.NET.Sdk\targets\Microsoft.NET.Sdk.targets(220,5): message :     " (previous value: "
       C:\Program Files\dotnet\sdk\10.0.103\Sdks\Microsoft.NET.Sdk\targets\Microsoft.NET.Sdk.targets(220,5): message :       BeforeRebuild;
       C:\Program Files\dotnet\sdk\10.0.103\Sdks\Microsoft.NET.Sdk\targets\Microsoft.NET.Sdk.targets(220,5): message :       Clean;
       C:\Program Files\dotnet\sdk\10.0.103\Sdks\Microsoft.NET.Sdk\targets\Microsoft.NET.Sdk.targets(220,5): message :       Build;
       C:\Program Files\dotnet\sdk\10.0.103\Sdks\Microsoft.NET.Sdk\targets\Microsoft.NET.Sdk.targets(220,5): message :       AfterRebuild;
       C:\Program Files\dotnet\sdk\10.0.103\Sdks\Microsoft.NET.Sdk\targets\Microsoft.NET.Sdk.targets(220,5): message :     ") at C:\Program Files\dotnet\sdk\10.0.103\Sdks\Microsoft.NET.Sdk\targets\Microsoft.NET.Sdk.targets (220,5)
       C:\Program Files\dotnet\sdk\10.0.103\Sdks\Microsoft.NET.Sdk\targets\Microsoft.NET.Sdk.targets(799,5): message : Property reassignment: $(CompileDependsOn)="
       C:\Program Files\dotnet\sdk\10.0.103\Sdks\Microsoft.NET.Sdk\targets\Microsoft.NET.Sdk.targets(799,5): message :       
       C:\Program Files\dotnet\sdk\10.0.103\Sdks\Microsoft.NET.Sdk\targets\Microsoft.NET.Sdk.targets(799,5): message :       ResolveReferences;
       C:\Program Files\dotnet\sdk\10.0.103\Sdks\Microsoft.NET.Sdk\targets\Microsoft.NET.Sdk.targets(799,5): message :       ResolveKeySource;
       C:\Program Files\dotnet\sdk\10.0.103\Sdks\Microsoft.NET.Sdk\targets\Microsoft.NET.Sdk.targets(799,5): message :       SetWin32ManifestProperties;
       C:\Program Files\dotnet\sdk\10.0.103\Sdks\Microsoft.NET.Sdk\targets\Microsoft.NET.Sdk.targets(799,5): message :       _SetPreferNativeArm64Win32ManifestProperties;
       C:\Program Files\dotnet\sdk\10.0.103\Sdks\Microsoft.NET.Sdk\targets\Microsoft.NET.Sdk.targets(799,5): message :       FindReferenceAssembliesForReferences;
       C:\Program Files\dotnet\sdk\10.0.103\Sdks\Microsoft.NET.Sdk\targets\Microsoft.NET.Sdk.targets(799,5): message :       _GenerateCompileInputs;
       C:\Program Files\dotnet\sdk\10.0.103\Sdks\Microsoft.NET.Sdk\targets\Microsoft.NET.Sdk.targets(799,5): message :       BeforeCompile;
       C:\Program Files\dotnet\sdk\10.0.103\Sdks\Microsoft.NET.Sdk\targets\Microsoft.NET.Sdk.targets(799,5): message :       _TimeStampBeforeCompile;
       C:\Program Files\dotnet\sdk\10.0.103\Sdks\Microsoft.NET.Sdk\targets\Microsoft.NET.Sdk.targets(799,5): message :       _GenerateCompileDependencyCache;
       C:\Program Files\dotnet\sdk\10.0.103\Sdks\Microsoft.NET.Sdk\targets\Microsoft.NET.Sdk.targets(799,5): message :       CoreCompile;
       C:\Program Files\dotnet\sdk\10.0.103\Sdks\Microsoft.NET.Sdk\targets\Microsoft.NET.Sdk.targets(799,5): message :       _TimeStampAfterCompile;
       C:\Program Files\dotnet\sdk\10.0.103\Sdks\Microsoft.NET.Sdk\targets\Microsoft.NET.Sdk.targets(799,5): message :       AfterCompile;
       C:\Program Files\dotnet\sdk\10.0.103\Sdks\Microsoft.NET.Sdk\targets\Microsoft.NET.Sdk.targets(799,5): message :     ;
       C:\Program Files\dotnet\sdk\10.0.103\Sdks\Microsoft.NET.Sdk\targets\Microsoft.NET.Sdk.targets(799,5): message :       _CreateAppHost;
       C:\Program Files\dotnet\sdk\10.0.103\Sdks\Microsoft.NET.Sdk\targets\Microsoft.NET.Sdk.targets(799,5): message :       _CreateComHost;
       C:\Program Files\dotnet\sdk\10.0.103\Sdks\Microsoft.NET.Sdk\targets\Microsoft.NET.Sdk.targets(799,5): message :       _GetIjwHostPaths;
       C:\Program Files\dotnet\sdk\10.0.103\Sdks\Microsoft.NET.Sdk\targets\Microsoft.NET.Sdk.targets(799,5): message :     " (previous value: "
       C:\Program Files\dotnet\sdk\10.0.103\Sdks\Microsoft.NET.Sdk\targets\Microsoft.NET.Sdk.targets(799,5): message :       ResolveReferences;
       C:\Program Files\dotnet\sdk\10.0.103\Sdks\Microsoft.NET.Sdk\targets\Microsoft.NET.Sdk.targets(799,5): message :       ResolveKeySource;
       C:\Program Files\dotnet\sdk\10.0.103\Sdks\Microsoft.NET.Sdk\targets\Microsoft.NET.Sdk.targets(799,5): message :       SetWin32ManifestProperties;
       C:\Program Files\dotnet\sdk\10.0.103\Sdks\Microsoft.NET.Sdk\targets\Microsoft.NET.Sdk.targets(799,5): message :       _SetPreferNativeArm64Win32ManifestProperties;
       C:\Program Files\dotnet\sdk\10.0.103\Sdks\Microsoft.NET.Sdk\targets\Microsoft.NET.Sdk.targets(799,5): message :       FindReferenceAssembliesForReferences;
       C:\Program Files\dotnet\sdk\10.0.103\Sdks\Microsoft.NET.Sdk\targets\Microsoft.NET.Sdk.targets(799,5): message :       _GenerateCompileInputs;
       C:\Program Files\dotnet\sdk\10.0.103\Sdks\Microsoft.NET.Sdk\targets\Microsoft.NET.Sdk.targets(799,5): message :       BeforeCompile;
       C:\Program Files\dotnet\sdk\10.0.103\Sdks\Microsoft.NET.Sdk\targets\Microsoft.NET.Sdk.targets(799,5): message :       _TimeStampBeforeCompile;
       C:\Program Files\dotnet\sdk\10.0.103\Sdks\Microsoft.NET.Sdk\targets\Microsoft.NET.Sdk.targets(799,5): message :       _GenerateCompileDependencyCache;
       C:\Program Files\dotnet\sdk\10.0.103\Sdks\Microsoft.NET.Sdk\targets\Microsoft.NET.Sdk.targets(799,5): message :       CoreCompile;
       C:\Program Files\dotnet\sdk\10.0.103\Sdks\Microsoft.NET.Sdk\targets\Microsoft.NET.Sdk.targets(799,5): message :       _TimeStampAfterCompile;
       C:\Program Files\dotnet\sdk\10.0.103\Sdks\Microsoft.NET.Sdk\targets\Microsoft.NET.Sdk.targets(799,5): message :       AfterCompile;
       C:\Program Files\dotnet\sdk\10.0.103\Sdks\Microsoft.NET.Sdk\targets\Microsoft.NET.Sdk.targets(799,5): message :     ") at C:\Program Files\dotnet\sdk\10.0.103\Sdks\Microsoft.NET.Sdk\targets\Microsoft.NET.Sdk.targets (799,5)
       C:\Program Files\dotnet\sdk\10.0.103\Sdks\Microsoft.NET.Sdk\targets\Microsoft.NET.Sdk.targets(1131,5): message : Property reassignment: $(CreateSatelliteAssembliesDependsOn)="
       C:\Program Files\dotnet\sdk\10.0.103\Sdks\Microsoft.NET.Sdk\targets\Microsoft.NET.Sdk.targets(1131,5): message :       
       C:\Program Files\dotnet\sdk\10.0.103\Sdks\Microsoft.NET.Sdk\targets\Microsoft.NET.Sdk.targets(1131,5): message :       ;
       C:\Program Files\dotnet\sdk\10.0.103\Sdks\Microsoft.NET.Sdk\targets\Microsoft.NET.Sdk.targets(1131,5): message :       _GenerateSatelliteAssemblyInputs;
       C:\Program Files\dotnet\sdk\10.0.103\Sdks\Microsoft.NET.Sdk\targets\Microsoft.NET.Sdk.targets(1131,5): message :       ComputeIntermediateSatelliteAssemblies;
       C:\Program Files\dotnet\sdk\10.0.103\Sdks\Microsoft.NET.Sdk\targets\Microsoft.NET.Sdk.targets(1131,5): message :       GenerateSatelliteAssemblies
       C:\Program Files\dotnet\sdk\10.0.103\Sdks\Microsoft.NET.Sdk\targets\Microsoft.NET.Sdk.targets(1131,5): message :     ;
       C:\Program Files\dotnet\sdk\10.0.103\Sdks\Microsoft.NET.Sdk\targets\Microsoft.NET.Sdk.targets(1131,5): message :       CoreGenerateSatelliteAssemblies
       C:\Program Files\dotnet\sdk\10.0.103\Sdks\Microsoft.NET.Sdk\targets\Microsoft.NET.Sdk.targets(1131,5): message :     " (previous value: "
       C:\Program Files\dotnet\sdk\10.0.103\Sdks\Microsoft.NET.Sdk\targets\Microsoft.NET.Sdk.targets(1131,5): message :       ;
       C:\Program Files\dotnet\sdk\10.0.103\Sdks\Microsoft.NET.Sdk\targets\Microsoft.NET.Sdk.targets(1131,5): message :       _GenerateSatelliteAssemblyInputs;
       C:\Program Files\dotnet\sdk\10.0.103\Sdks\Microsoft.NET.Sdk\targets\Microsoft.NET.Sdk.targets(1131,5): message :       ComputeIntermediateSatelliteAssemblies;
       C:\Program Files\dotnet\sdk\10.0.103\Sdks\Microsoft.NET.Sdk\targets\Microsoft.NET.Sdk.targets(1131,5): message :       GenerateSatelliteAssemblies
       C:\Program Files\dotnet\sdk\10.0.103\Sdks\Microsoft.NET.Sdk\targets\Microsoft.NET.Sdk.targets(1131,5): message :     ") at C:\Program Files\dotnet\sdk\10.0.103\Sdks\Microsoft.NET.Sdk\targets\Microsoft.NET.Sdk.targets (1131,5)
       Overriding target "ResolveFrameworkReferences" in project "C:\Program Files\dotnet\sdk\10.0.103\Microsoft.Common.CurrentVersion.targets" with target "ResolveFrameworkReferences" from project "C:\Program Files\dotnet\sdk\10.0.103\Sdks\Microsoft.NET.Sdk\targets\Microsoft.NET.Sdk.FrameworkReferenceResolution.targets".
       C:\Program Files\dotnet\sdk\10.0.103\Sdks\Microsoft.SourceLink.GitLab\build\Microsoft.SourceLink.GitLab.targets(12,5): message : Property reassignment: $(SourceLinkUrlInitializerTargets)=";_InitializeGitHubSourceLinkUrl;_InitializeGitLabSourceLinkUrl" (previous value: ";_InitializeGitHubSourceLinkUrl") at C:\Program Files\dotnet\sdk\10.0.103\Sdks\Microsoft.SourceLink.GitLab\build\Microsoft.SourceLink.GitLab.targets (12,5)
       Overriding target "GenerateSupportedTargetFrameworkAlias" in project "C:\Program Files\dotnet\sdk\10.0.103\Microsoft.Common.CurrentVersion.targets" with target "GenerateSupportedTargetFrameworkAlias" from project "C:\Program Files\dotnet\sdk\10.0.103\Sdks\Microsoft.NET.Sdk\targets\Microsoft.NET.Sdk.targets".
       C:\Program Files\dotnet\sdk\10.0.103\Sdks\Microsoft.SourceLink.GitLab\build\Microsoft.SourceLink.GitLab.targets(13,5): message : Property reassignment: $(SourceControlManagerUrlTranslationTargets)=";TranslateGitHubUrlsInSourceControlInformation;TranslateGitLabUrlsInSourceControlInformation" (previous value: ";TranslateGitHubUrlsInSourceControlInformation") at C:\Program Files\dotnet\sdk\10.0.103\Sdks\Microsoft.SourceLink.GitLab\build\Microsoft.SourceLink.GitLab.targets (13,5)
       C:\Program Files\dotnet\sdk\10.0.103\Sdks\Microsoft.SourceLink.AzureRepos.Git\build\Microsoft.SourceLink.AzureRepos.Git.targets(12,5): message : Property reassignment: $(SourceLinkUrlInitializerTargets)=";_InitializeGitHubSourceLinkUrl;_InitializeGitLabSourceLinkUrl;_InitializeAzureReposGitSourceLinkUrl" (previous value: ";_InitializeGitHubSourceLinkUrl;_InitializeGitLabSourceLinkUrl") at C:\Program Files\dotnet\sdk\10.0.103\Sdks\Microsoft.SourceLink.AzureRepos.Git\build\Microsoft.SourceLink.AzureRepos.Git.targets (12,5)
       C:\Program Files\dotnet\sdk\10.0.103\Sdks\Microsoft.SourceLink.AzureRepos.Git\build\Microsoft.SourceLink.AzureRepos.Git.targets(13,5): message : Property reassignment: $(SourceControlManagerUrlTranslationTargets)=";TranslateGitHubUrlsInSourceControlInformation;TranslateGitLabUrlsInSourceControlInformation;TranslateAzureReposGitUrlsInSourceControlInformation" (previous value: ";TranslateGitHubUrlsInSourceControlInformation;TranslateGitLabUrlsInSourceControlInformation") at C:\Program Files\dotnet\sdk\10.0.103\Sdks\Microsoft.SourceLink.AzureRepos.Git\build\Microsoft.SourceLink.AzureRepos.Git.targets (13,5)
       Overriding target "GetReferenceAssemblyPaths" in project "C:\Program Files\dotnet\sdk\10.0.103\Microsoft.Common.CurrentVersion.targets" with target "GetReferenceAssemblyPaths" from project "C:\Program Files\dotnet\sdk\10.0.103\Sdks\Microsoft.NET.Sdk\targets\Microsoft.NET.DisableStandardFrameworkResolution.targets".
       Overriding target "GetFrameworkPaths" in project "C:\Program Files\dotnet\sdk\10.0.103\Microsoft.Common.CurrentVersion.targets" with target "GetFrameworkPaths" from project "C:\Program Files\dotnet\sdk\10.0.103\Sdks\Microsoft.NET.Sdk\targets\Microsoft.NET.DisableStandardFrameworkResolution.targets".
       C:\Program Files\dotnet\sdk\10.0.103\Sdks\Microsoft.SourceLink.Bitbucket.Git\build\Microsoft.SourceLink.Bitbucket.Git.targets(12,5): message : Property reassignment: $(SourceLinkUrlInitializerTargets)=";_InitializeGitHubSourceLinkUrl;_InitializeGitLabSourceLinkUrl;_InitializeAzureReposGitSourceLinkUrl;_InitializeBitbucketGitSourceLinkUrl" (previous value: ";_InitializeGitHubSourceLinkUrl;_InitializeGitLabSourceLinkUrl;_InitializeAzureReposGitSourceLinkUrl") at C:\Program Files\dotnet\sdk\10.0.103\Sdks\Microsoft.SourceLink.Bitbucket.Git\build\Microsoft.SourceLink.Bitbucket.Git.targets (12,5)
       C:\Program Files\dotnet\sdk\10.0.103\Sdks\Microsoft.SourceLink.Bitbucket.Git\build\Microsoft.SourceLink.Bitbucket.Git.targets(13,5): message : Property reassignment: $(SourceControlManagerUrlTranslationTargets)=";TranslateGitHubUrlsInSourceControlInformation;TranslateGitLabUrlsInSourceControlInformation;TranslateAzureReposGitUrlsInSourceControlInformation;TranslateBitbucketGitUrlsInSourceControlInformation" (previous value: ";TranslateGitHubUrlsInSourceControlInformation;TranslateGitLabUrlsInSourceControlInformation;TranslateAzureReposGitUrlsInSourceControlInformation") at C:\Program Files\dotnet\sdk\10.0.103\Sdks\Microsoft.SourceLink.Bitbucket.Git\build\Microsoft.SourceLink.Bitbucket.Git.targets (13,5)
       Overriding target "DesignerRuntimeImplementationProjectOutputGroup" in project "C:\Program Files\dotnet\sdk\10.0.103\Microsoft.Common.CurrentVersion.targets" with target "DesignerRuntimeImplementationProjectOutputGroup" from project "C:\Program Files\dotnet\sdk\10.0.103\Sdks\Microsoft.NET.Sdk\targets\Microsoft.NET.DesignerSupport.targets".
       C:\Program Files\dotnet\sdk\10.0.103\Sdks\Microsoft.NET.Sdk\targets\Microsoft.NET.DesignerSupport.targets(21,5): message : Property reassignment: $(DesignerRuntimeImplementationProjectOutputGroupDependsOn)="
       C:\Program Files\dotnet\sdk\10.0.103\Sdks\Microsoft.NET.Sdk\targets\Microsoft.NET.DesignerSupport.targets(21,5): message :       
       C:\Program Files\dotnet\sdk\10.0.103\Sdks\Microsoft.NET.Sdk\targets\Microsoft.NET.DesignerSupport.targets(21,5): message :       ;
       C:\Program Files\dotnet\sdk\10.0.103\Sdks\Microsoft.NET.Sdk\targets\Microsoft.NET.DesignerSupport.targets(21,5): message :       
       C:\Program Files\dotnet\sdk\10.0.103\Sdks\Microsoft.NET.Sdk\targets\Microsoft.NET.DesignerSupport.targets(21,5): message :       ;
       C:\Program Files\dotnet\sdk\10.0.103\Sdks\Microsoft.NET.Sdk\targets\Microsoft.NET.DesignerSupport.targets(21,5): message :       BuildOnlySettings;
       C:\Program Files\dotnet\sdk\10.0.103\Sdks\Microsoft.NET.Sdk\targets\Microsoft.NET.DesignerSupport.targets(21,5): message :       PrepareForBuild;
       C:\Program Files\dotnet\sdk\10.0.103\Sdks\Microsoft.NET.Sdk\targets\Microsoft.NET.DesignerSupport.targets(21,5): message :       AssignTargetPaths;
       C:\Program Files\dotnet\sdk\10.0.103\Sdks\Microsoft.NET.Sdk\targets\Microsoft.NET.DesignerSupport.targets(21,5): message :       ResolveReferences
       C:\Program Files\dotnet\sdk\10.0.103\Sdks\Microsoft.NET.Sdk\targets\Microsoft.NET.DesignerSupport.targets(21,5): message :     
       C:\Program Files\dotnet\sdk\10.0.103\Sdks\Microsoft.NET.Sdk\targets\Microsoft.NET.DesignerSupport.targets(21,5): message :     ;
       C:\Program Files\dotnet\sdk\10.0.103\Sdks\Microsoft.NET.Sdk\targets\Microsoft.NET.DesignerSupport.targets(21,5): message :       _GenerateDesignerDepsFile;
       C:\Program Files\dotnet\sdk\10.0.103\Sdks\Microsoft.NET.Sdk\targets\Microsoft.NET.DesignerSupport.targets(21,5): message :       _GenerateDesignerRuntimeConfigFile;
       C:\Program Files\dotnet\sdk\10.0.103\Sdks\Microsoft.NET.Sdk\targets\Microsoft.NET.DesignerSupport.targets(21,5): message :       GetCopyToOutputDirectoryItems;
       C:\Program Files\dotnet\sdk\10.0.103\Sdks\Microsoft.NET.Sdk\targets\Microsoft.NET.DesignerSupport.targets(21,5): message :       _GatherDesignerShadowCopyFiles;
       C:\Program Files\dotnet\sdk\10.0.103\Sdks\Microsoft.NET.Sdk\targets\Microsoft.NET.DesignerSupport.targets(21,5): message :     " (previous value: "
       C:\Program Files\dotnet\sdk\10.0.103\Sdks\Microsoft.NET.Sdk\targets\Microsoft.NET.DesignerSupport.targets(21,5): message :       ;
       C:\Program Files\dotnet\sdk\10.0.103\Sdks\Microsoft.NET.Sdk\targets\Microsoft.NET.DesignerSupport.targets(21,5): message :       
       C:\Program Files\dotnet\sdk\10.0.103\Sdks\Microsoft.NET.Sdk\targets\Microsoft.NET.DesignerSupport.targets(21,5): message :       ;
       C:\Program Files\dotnet\sdk\10.0.103\Sdks\Microsoft.NET.Sdk\targets\Microsoft.NET.DesignerSupport.targets(21,5): message :       BuildOnlySettings;
       C:\Program Files\dotnet\sdk\10.0.103\Sdks\Microsoft.NET.Sdk\targets\Microsoft.NET.DesignerSupport.targets(21,5): message :       PrepareForBuild;
       C:\Program Files\dotnet\sdk\10.0.103\Sdks\Microsoft.NET.Sdk\targets\Microsoft.NET.DesignerSupport.targets(21,5): message :       AssignTargetPaths;
       C:\Program Files\dotnet\sdk\10.0.103\Sdks\Microsoft.NET.Sdk\targets\Microsoft.NET.DesignerSupport.targets(21,5): message :       ResolveReferences
       C:\Program Files\dotnet\sdk\10.0.103\Sdks\Microsoft.NET.Sdk\targets\Microsoft.NET.DesignerSupport.targets(21,5): message :     
       C:\Program Files\dotnet\sdk\10.0.103\Sdks\Microsoft.NET.Sdk\targets\Microsoft.NET.DesignerSupport.targets(21,5): message :     ") at C:\Program Files\dotnet\sdk\10.0.103\Sdks\Microsoft.NET.Sdk\targets\Microsoft.NET.DesignerSupport.targets (21,5)
       Overriding target "Publish" in project "C:\Program Files\dotnet\sdk\10.0.103\Microsoft.Common.CurrentVersion.targets" with target "Publish" from project "C:\Program Files\dotnet\sdk\10.0.103\Sdks\Microsoft.NET.Sdk\targets\Microsoft.NET.Publish.targets".
       C:\Program Files\dotnet\sdk\10.0.103\Sdks\Microsoft.NET.Sdk\targets\Microsoft.NET.Sdk.CSharp.targets(31,5): message : Property reassignment: $(DefineConstants)="TRACE;DEBUG" (previous value: "TRACE") at C:\Program Files\dotnet\sdk\10.0.103\Sdks\Microsoft.NET.Sdk\targets\Microsoft.NET.Sdk.CSharp.targets (31,5)
       Overriding target "ResolveReadyToRunCompilers" in project "C:\Program Files\dotnet\sdk\10.0.103\Sdks\Microsoft.NET.Sdk\targets\Microsoft.NET.CrossGen.targets" with target "ResolveReadyToRunCompilers" from project "C:\Program Files\dotnet\sdk\10.0.103\Sdks\Microsoft.NET.Sdk\targets\Microsoft.NET.Publish.targets".
       Overriding target "GetCopyToPublishDirectoryItems" in project "C:\Program Files\dotnet\sdk\10.0.103\Microsoft.Common.CurrentVersion.targets" with target "GetCopyToPublishDirectoryItems" from project "C:\Program Files\dotnet\sdk\10.0.103\Sdks\Microsoft.NET.Sdk\targets\Microsoft.NET.Publish.targets".
       C:\Program Files\dotnet\sdk\10.0.103\Sdks\Microsoft.NET.Sdk\targets\Microsoft.NET.Sdk.CSharp.targets(45,5): message : Property reassignment: $(WarningsAsErrors)=";NU1605;SYSLIB0011" (previous value: ";NU1605") at C:\Program Files\dotnet\sdk\10.0.103\Sdks\Microsoft.NET.Sdk\targets\Microsoft.NET.Sdk.CSharp.targets (45,5)
       C:\Program Files\dotnet\sdk\10.0.103\Sdks\Microsoft.NET.Sdk\targets\Microsoft.NET.Windows.targets(49,5): message : Property reassignment: $(TargetPlatformVersion)="7.0" (previous value: "") at C:\Program Files\dotnet\sdk\10.0.103\Sdks\Microsoft.NET.Sdk\targets\Microsoft.NET.Windows.targets (49,5)
       Overriding target "Run" in project "C:\Program Files\dotnet\sdk\10.0.103\Microsoft.Common.CurrentVersion.targets" with target "Run" from project "C:\Program Files\dotnet\sdk\10.0.103\Sdks\Microsoft.NET.Sdk\targets\Microsoft.NET.Sdk.targets".
       C:\Program Files\dotnet\sdk\10.0.103\Sdks\Microsoft.NET.Sdk\targets\Microsoft.NET.Windows.targets(50,5): message : Property reassignment: $(EffectiveTargetPlatformVersion)="7.0" (previous value: "") at C:\Program Files\dotnet\sdk\10.0.103\Sdks\Microsoft.NET.Sdk\targets\Microsoft.NET.Windows.targets (50,5)
       C:\Program Files\dotnet\sdk\10.0.103\Sdks\Microsoft.NET.Sdk\targets\Microsoft.NET.Windows.targets(60,5): message : Property reassignment: $(SupportedOSPlatformVersion)="7.0" (previous value: "") at C:\Program Files\dotnet\sdk\10.0.103\Sdks\Microsoft.NET.Sdk\targets\Microsoft.NET.Windows.targets (60,5)
       C:\Program Files\dotnet\sdk\10.0.103\Sdks\Microsoft.NET.Sdk\targets\Microsoft.NET.Windows.targets(61,5): message : Property reassignment: $(TargetPlatformMinVersion)="7.0" (previous value: "") at C:\Program Files\dotnet\sdk\10.0.103\Sdks\Microsoft.NET.Sdk\targets\Microsoft.NET.Windows.targets (61,5)
       C:\Program Files\dotnet\sdk\10.0.103\Sdks\Microsoft.NET.Sdk\targets\Microsoft.NET.Sdk.targets(1497,5): message : Property reassignment: $(TargetPlatformDisplayName)="Windows 7.0" (previous value: "Windows ") at C:\Program Files\dotnet\sdk\10.0.103\Sdks\Microsoft.NET.Sdk\targets\Microsoft.NET.Sdk.targets (1497,5)
       Overriding target "SatelliteDllsProjectOutputGroup" in project "C:\Program Files\dotnet\sdk\10.0.103\Microsoft.Common.CurrentVersion.targets" with target "SatelliteDllsProjectOutputGroup" from project "C:\Program Files\dotnet\sdk\10.0.103\Sdks\Microsoft.NET.Sdk.WindowsDesktop\targets\Microsoft.WinFX.targets".
       C:\Program Files\dotnet\sdk\10.0.103\Sdks\Microsoft.NET.Sdk\targets\Microsoft.NET.Windows.targets(239,5): message : Property reassignment: $(_RunCsWinRTGeneratorPropertyInputsCachePath)="c:\Apps\TicketConsolidator\tests\TicketConsolidator.UnitTests\obj\Debug\net10.0-windows\TicketConsolidator.UnitTests.cswinrtgen.cache" (previous value: "obj\Debug\net10.0-windows\TicketConsolidator.UnitTests.cswinrtgen.cache") at C:\Program Files\dotnet\sdk\10.0.103\Sdks\Microsoft.NET.Sdk\targets\Microsoft.NET.Windows.targets (239,5)
       C:\Program Files\dotnet\sdk\10.0.103\Sdks\Microsoft.NET.Sdk\targets\Microsoft.NET.Sdk.targets(1497,5): message : Property reassignment: $(TargetPlatformDisplayName)="Windows 7.0" (previous value: "Windows ") at C:\Program Files\dotnet\sdk\10.0.103\Sdks\Microsoft.NET.Sdk\targets\Microsoft.NET.Sdk.targets (1497,5)
       C:\Program Files\dotnet\sdk\10.0.103\NuGet.Build.Tasks.Pack.targets(34,5): message : Property reassignment: $(PackageDescription)="Package Description" (previous value: "") at C:\Program Files\dotnet\sdk\10.0.103\NuGet.Build.Tasks.Pack.targets (34,5)
       C:\Program Files\dotnet\sdk\10.0.103\NuGet.Build.Tasks.Pack.targets(59,5): message : Property reassignment: $(GenerateNuspecDependsOn)="Build;_LoadPackInputItems; _GetTargetFrameworksOutput; _WalkEachTargetPerFramework; _GetPackageFiles; " (previous value: "_LoadPackInputItems; _GetTargetFrameworksOutput; _WalkEachTargetPerFramework; _GetPackageFiles; ") at C:\Program Files\dotnet\sdk\10.0.103\NuGet.Build.Tasks.Pack.targets (59,5)
       C:\Program Files\dotnet\sdk\10.0.103\Sdks\Microsoft.NET.Sdk\Sdk\Sdk.targets(59,5): message : Property reassignment: $(_IsNotSetContainersTargetsDir)="true" (previous value: "false") at C:\Program Files\dotnet\sdk\10.0.103\Sdks\Microsoft.NET.Sdk\Sdk\Sdk.targets (59,5)
       C:\Program Files\dotnet\sdk\10.0.103\Sdks\Microsoft.NET.Sdk\targets\Microsoft.NET.Sdk.BeforeCommon.targets(371,5): message : Property reassignment: $(RoslynTargetsPath)="C:\Program Files\dotnet\sdk\10.0.103\Sdks\Microsoft.NET.Sdk\targets\..\..\..\Roslyn" (previous value: "C:\Program Files\dotnet\sdk\10.0.103\Roslyn") at C:\Program Files\dotnet\sdk\10.0.103\Sdks\Microsoft.NET.Sdk\targets\Microsoft.NET.Sdk.BeforeCommon.targets (371,5)
       C:\Program Files\dotnet\sdk\10.0.103\Containers\build\Microsoft.NET.Build.Containers.targets(5,5): message : Property reassignment: $(_IsSDKContainerAllowedVersion)="true" (previous value: "false") at C:\Program Files\dotnet\sdk\10.0.103\Containers\build\Microsoft.NET.Build.Containers.targets (5,5)
       C:\Program Files\dotnet\sdk\10.0.103\Containers\build\Microsoft.NET.Build.Containers.targets(15,5): message : Property reassignment: $(_ContainerIsTargetingNet8TFM)="true" (previous value: "false") at C:\Program Files\dotnet\sdk\10.0.103\Containers\build\Microsoft.NET.Build.Containers.targets (15,5)
       Overriding target "ResolveFrameworkReferences" in project "C:\Program Files\dotnet\sdk\10.0.103\Microsoft.Common.CurrentVersion.targets" with target "ResolveFrameworkReferences" from project "C:\Program Files\dotnet\sdk\10.0.103\Sdks\Microsoft.NET.Sdk\targets\Microsoft.NET.Sdk.FrameworkReferenceResolution.targets".
       Overriding target "GenerateSupportedTargetFrameworkAlias" in project "C:\Program Files\dotnet\sdk\10.0.103\Microsoft.Common.CurrentVersion.targets" with target "GenerateSupportedTargetFrameworkAlias" from project "C:\Program Files\dotnet\sdk\10.0.103\Sdks\Microsoft.NET.Sdk\targets\Microsoft.NET.Sdk.targets".
       Overriding target "GetReferenceAssemblyPaths" in project "C:\Program Files\dotnet\sdk\10.0.103\Microsoft.Common.CurrentVersion.targets" with target "GetReferenceAssemblyPaths" from project "C:\Program Files\dotnet\sdk\10.0.103\Sdks\Microsoft.NET.Sdk\targets\Microsoft.NET.DisableStandardFrameworkResolution.targets".
       Overriding target "GetFrameworkPaths" in project "C:\Program Files\dotnet\sdk\10.0.103\Microsoft.Common.CurrentVersion.targets" with target "GetFrameworkPaths" from project "C:\Program Files\dotnet\sdk\10.0.103\Sdks\Microsoft.NET.Sdk\targets\Microsoft.NET.DisableStandardFrameworkResolution.targets".
       C:\Program Files\dotnet\sdk\10.0.103\Roslyn\Microsoft.Managed.Core.targets(6,5): message : Property reassignment: $(_BuildTasksDirectory)="C:\Program Files\dotnet\sdk\10.0.103\Sdks\Microsoft.NET.Sdk\targets\..\..\..\Roslyn\" (previous value: "C:\Program Files\dotnet\sdk\10.0.103\Roslyn\") at C:\Program Files\dotnet\sdk\10.0.103\Roslyn\Microsoft.Managed.Core.targets (6,5)
       Overriding target "DesignerRuntimeImplementationProjectOutputGroup" in project "C:\Program Files\dotnet\sdk\10.0.103\Microsoft.Common.CurrentVersion.targets" with target "DesignerRuntimeImplementationProjectOutputGroup" from project "C:\Program Files\dotnet\sdk\10.0.103\Sdks\Microsoft.NET.Sdk\targets\Microsoft.NET.DesignerSupport.targets".
       Overriding target "Publish" in project "C:\Program Files\dotnet\sdk\10.0.103\Microsoft.Common.CurrentVersion.targets" with target "Publish" from project "C:\Program Files\dotnet\sdk\10.0.103\Sdks\Microsoft.NET.Sdk\targets\Microsoft.NET.Publish.targets".
       Overriding target "ResolveReadyToRunCompilers" in project "C:\Program Files\dotnet\sdk\10.0.103\Sdks\Microsoft.NET.Sdk\targets\Microsoft.NET.CrossGen.targets" with target "ResolveReadyToRunCompilers" from project "C:\Program Files\dotnet\sdk\10.0.103\Sdks\Microsoft.NET.Sdk\targets\Microsoft.NET.Publish.targets".
       C:\Program Files\dotnet\sdk\10.0.103\Sdks\Microsoft.NET.Sdk.WindowsDesktop\targets\Microsoft.NET.Sdk.WindowsDesktop.targets(51,5): message : Property reassignment: $(_TargetFrameworkVersionValue)="10.0" (previous value: "0.0") at C:\Program Files\dotnet\sdk\10.0.103\Sdks\Microsoft.NET.Sdk.WindowsDesktop\targets\Microsoft.NET.Sdk.WindowsDesktop.targets (51,5)
       C:\Program Files\dotnet\sdk\10.0.103\Roslyn\Microsoft.CSharp.Core.targets(200,5): message : Property reassignment: $(CommandLineArgsForDesignTimeEvaluation)="-langversion:14.0 -define:TRACE" (previous value: "-langversion:14.0") at C:\Program Files\dotnet\sdk\10.0.103\Roslyn\Microsoft.CSharp.Core.targets (200,5)
       Overriding target "GetCopyToPublishDirectoryItems" in project "C:\Program Files\dotnet\sdk\10.0.103\Microsoft.Common.CurrentVersion.targets" with target "GetCopyToPublishDirectoryItems" from project "C:\Program Files\dotnet\sdk\10.0.103\Sdks\Microsoft.NET.Sdk\targets\Microsoft.NET.Publish.targets".
       Overriding target "Run" in project "C:\Program Files\dotnet\sdk\10.0.103\Microsoft.Common.CurrentVersion.targets" with target "Run" from project "C:\Program Files\dotnet\sdk\10.0.103\Sdks\Microsoft.NET.Sdk\targets\Microsoft.NET.Sdk.targets".
     1>Project "c:\Apps\TicketConsolidator\TicketConsolidator.sln" (1) is building "c:\Apps\TicketConsolidator\src\TicketConsolidator.Application\TicketConsolidator.Application.csproj" (2) on node 3 (_IsProjectRestoreSupported target(s)).
     2>Target "_IsProjectRestoreSupported" in file "C:\Program Files\dotnet\sdk\10.0.103\NuGet.targets" from project "c:\Apps\TicketConsolidator\src\TicketConsolidator.Application\TicketConsolidator.Application.csproj" (entry point):
     2>Done building target "_IsProjectRestoreSupported" in project "TicketConsolidator.Application.csproj".
     2>Done Building Project "c:\Apps\TicketConsolidator\src\TicketConsolidator.Application\TicketConsolidator.Application.csproj" (_IsProjectRestoreSupported target(s)).
     0>The "Platform" property is a global property, and cannot be modified.
       The "Configuration" property is a global property, and cannot be modified.
       C:\Program Files\dotnet\sdk\10.0.103\Microsoft.Common.CurrentVersion.targets(175,5): message : Property reassignment: $(_DebugSymbolsProduced)="true" (previous value: "false") at C:\Program Files\dotnet\sdk\10.0.103\Microsoft.Common.CurrentVersion.targets (175,5)
       C:\Program Files\dotnet\sdk\10.0.103\Microsoft.Common.CurrentVersion.targets(185,5): message : Property reassignment: $(_DocumentationFileProduced)="false" (previous value: "true") at C:\Program Files\dotnet\sdk\10.0.103\Microsoft.Common.CurrentVersion.targets (185,5)
       The "SolutionName" property is a global property, and cannot be modified.
       The "SolutionFileName" property is a global property, and cannot be modified.
       The "SolutionPath" property is a global property, and cannot be modified.
       The "SolutionDir" property is a global property, and cannot be modified.
       The "SolutionExt" property is a global property, and cannot be modified.
       C:\Program Files\dotnet\sdk\10.0.103\Microsoft.Common.CurrentVersion.targets(392,5): message : Property reassignment: $(MSBuildCopyMarkerName)="TicketCo.1C284B12" (previous value: "TicketConsolidator.Web.csproj") at C:\Program Files\dotnet\sdk\10.0.103\Microsoft.Common.CurrentVersion.targets (392,5)
       C:\Program Files\dotnet\sdk\10.0.103\Microsoft.Common.CurrentVersion.targets(393,5): message : Property reassignment: $(MSBuildCopyMarkerName)="TicketCo.1C284B12.Up2Date" (previous value: "TicketCo.1C284B12") at C:\Program Files\dotnet\sdk\10.0.103\Microsoft.Common.CurrentVersion.targets (393,5)
       C:\Program Files\dotnet\sdk\10.0.103\Microsoft.Common.CurrentVersion.targets(541,5): message : Property reassignment: $(ProcessorArchitecture)="msil" (previous value: "") at C:\Program Files\dotnet\sdk\10.0.103\Microsoft.Common.CurrentVersion.targets (541,5)
       C:\Program Files\dotnet\sdk\10.0.103\Microsoft.Common.CurrentVersion.targets(580,5): message : Property reassignment: $(DelaySign)="" (previous value: "false") at C:\Program Files\dotnet\sdk\10.0.103\Microsoft.Common.CurrentVersion.targets (580,5)
       C:\Program Files\dotnet\sdk\10.0.103\Sdks\Microsoft.NET.Sdk.WindowsDesktop\targets\Microsoft.WinFX.targets(61,7): message : Property reassignment: $(PrepareResourceNamesDependsOn)="
       C:\Program Files\dotnet\sdk\10.0.103\Sdks\Microsoft.NET.Sdk.WindowsDesktop\targets\Microsoft.WinFX.targets(61,7): message :                     AssignWinFXEmbeddedResource;
       C:\Program Files\dotnet\sdk\10.0.103\Sdks\Microsoft.NET.Sdk.WindowsDesktop\targets\Microsoft.WinFX.targets(61,7): message :                     
       C:\Program Files\dotnet\sdk\10.0.103\Sdks\Microsoft.NET.Sdk.WindowsDesktop\targets\Microsoft.WinFX.targets(61,7): message :       AssignTargetPaths;
       C:\Program Files\dotnet\sdk\10.0.103\Sdks\Microsoft.NET.Sdk.WindowsDesktop\targets\Microsoft.WinFX.targets(61,7): message :       SplitResourcesByCulture;
       C:\Program Files\dotnet\sdk\10.0.103\Sdks\Microsoft.NET.Sdk.WindowsDesktop\targets\Microsoft.WinFX.targets(61,7): message :       CreateManifestResourceNames;
       C:\Program Files\dotnet\sdk\10.0.103\Sdks\Microsoft.NET.Sdk.WindowsDesktop\targets\Microsoft.WinFX.targets(61,7): message :       CreateCustomManifestResourceNames
       C:\Program Files\dotnet\sdk\10.0.103\Sdks\Microsoft.NET.Sdk.WindowsDesktop\targets\Microsoft.WinFX.targets(61,7): message :     
       C:\Program Files\dotnet\sdk\10.0.103\Sdks\Microsoft.NET.Sdk.WindowsDesktop\targets\Microsoft.WinFX.targets(61,7): message :       " (previous value: "
       C:\Program Files\dotnet\sdk\10.0.103\Sdks\Microsoft.NET.Sdk.WindowsDesktop\targets\Microsoft.WinFX.targets(61,7): message :       AssignTargetPaths;
       C:\Program Files\dotnet\sdk\10.0.103\Sdks\Microsoft.NET.Sdk.WindowsDesktop\targets\Microsoft.WinFX.targets(61,7): message :       SplitResourcesByCulture;
       C:\Program Files\dotnet\sdk\10.0.103\Sdks\Microsoft.NET.Sdk.WindowsDesktop\targets\Microsoft.WinFX.targets(61,7): message :       CreateManifestResourceNames;
       C:\Program Files\dotnet\sdk\10.0.103\Sdks\Microsoft.NET.Sdk.WindowsDesktop\targets\Microsoft.WinFX.targets(61,7): message :       CreateCustomManifestResourceNames
       C:\Program Files\dotnet\sdk\10.0.103\Sdks\Microsoft.NET.Sdk.WindowsDesktop\targets\Microsoft.WinFX.targets(61,7): message :     ") at C:\Program Files\dotnet\sdk\10.0.103\Sdks\Microsoft.NET.Sdk.WindowsDesktop\targets\Microsoft.WinFX.targets (61,7)
       C:\Program Files\dotnet\sdk\10.0.103\Microsoft.Common.CurrentVersion.targets(2606,5): message : Property 'LOCALAPPDATA' with value 'C:\Users\krish.maniar.ATPL-LAP-723\AppData\Local' expanded from the environment.
       C:\Program Files\dotnet\sdk\10.0.103\Sdks\Microsoft.NET.Sdk.WindowsDesktop\targets\Microsoft.WinFX.targets(69,7): message : Property reassignment: $(PrepareResourcesDependsOn)="
       C:\Program Files\dotnet\sdk\10.0.103\Sdks\Microsoft.NET.Sdk.WindowsDesktop\targets\Microsoft.WinFX.targets(69,7): message :                 MarkupCompilePass1;
       C:\Program Files\dotnet\sdk\10.0.103\Sdks\Microsoft.NET.Sdk.WindowsDesktop\targets\Microsoft.WinFX.targets(69,7): message :                 AfterMarkupCompilePass1;
       C:\Program Files\dotnet\sdk\10.0.103\Sdks\Microsoft.NET.Sdk.WindowsDesktop\targets\Microsoft.WinFX.targets(69,7): message :                 MarkupCompilePass2ForMainAssembly;
       C:\Program Files\dotnet\sdk\10.0.103\Sdks\Microsoft.NET.Sdk.WindowsDesktop\targets\Microsoft.WinFX.targets(69,7): message :                 FileClassification;
       C:\Program Files\dotnet\sdk\10.0.103\Sdks\Microsoft.NET.Sdk.WindowsDesktop\targets\Microsoft.WinFX.targets(69,7): message :                 MainResourcesGeneration;
       C:\Program Files\dotnet\sdk\10.0.103\Sdks\Microsoft.NET.Sdk.WindowsDesktop\targets\Microsoft.WinFX.targets(69,7): message :                 
       C:\Program Files\dotnet\sdk\10.0.103\Sdks\Microsoft.NET.Sdk.WindowsDesktop\targets\Microsoft.WinFX.targets(69,7): message :       ResolvePackageDependenciesForBuild;
       C:\Program Files\dotnet\sdk\10.0.103\Sdks\Microsoft.NET.Sdk.WindowsDesktop\targets\Microsoft.WinFX.targets(69,7): message :       _HandlePackageFileConflicts;
       C:\Program Files\dotnet\sdk\10.0.103\Sdks\Microsoft.NET.Sdk.WindowsDesktop\targets\Microsoft.WinFX.targets(69,7): message :       
       C:\Program Files\dotnet\sdk\10.0.103\Sdks\Microsoft.NET.Sdk.WindowsDesktop\targets\Microsoft.WinFX.targets(69,7): message :       ;
       C:\Program Files\dotnet\sdk\10.0.103\Sdks\Microsoft.NET.Sdk.WindowsDesktop\targets\Microsoft.WinFX.targets(69,7): message :       PrepareResourceNames;
       C:\Program Files\dotnet\sdk\10.0.103\Sdks\Microsoft.NET.Sdk.WindowsDesktop\targets\Microsoft.WinFX.targets(69,7): message :       ResGen;
       C:\Program Files\dotnet\sdk\10.0.103\Sdks\Microsoft.NET.Sdk.WindowsDesktop\targets\Microsoft.WinFX.targets(69,7): message :       CompileLicxFiles
       C:\Program Files\dotnet\sdk\10.0.103\Sdks\Microsoft.NET.Sdk.WindowsDesktop\targets\Microsoft.WinFX.targets(69,7): message :     
       C:\Program Files\dotnet\sdk\10.0.103\Sdks\Microsoft.NET.Sdk.WindowsDesktop\targets\Microsoft.WinFX.targets(69,7): message :     
       C:\Program Files\dotnet\sdk\10.0.103\Sdks\Microsoft.NET.Sdk.WindowsDesktop\targets\Microsoft.WinFX.targets(69,7): message :       " (previous value: "
       C:\Program Files\dotnet\sdk\10.0.103\Sdks\Microsoft.NET.Sdk.WindowsDesktop\targets\Microsoft.WinFX.targets(69,7): message :       ResolvePackageDependenciesForBuild;
       C:\Program Files\dotnet\sdk\10.0.103\Sdks\Microsoft.NET.Sdk.WindowsDesktop\targets\Microsoft.WinFX.targets(69,7): message :       _HandlePackageFileConflicts;
       C:\Program Files\dotnet\sdk\10.0.103\Sdks\Microsoft.NET.Sdk.WindowsDesktop\targets\Microsoft.WinFX.targets(69,7): message :       
       C:\Program Files\dotnet\sdk\10.0.103\Sdks\Microsoft.NET.Sdk.WindowsDesktop\targets\Microsoft.WinFX.targets(69,7): message :       ;
       C:\Program Files\dotnet\sdk\10.0.103\Sdks\Microsoft.NET.Sdk.WindowsDesktop\targets\Microsoft.WinFX.targets(69,7): message :       PrepareResourceNames;
       C:\Program Files\dotnet\sdk\10.0.103\Sdks\Microsoft.NET.Sdk.WindowsDesktop\targets\Microsoft.WinFX.targets(69,7): message :       ResGen;
       C:\Program Files\dotnet\sdk\10.0.103\Sdks\Microsoft.NET.Sdk.WindowsDesktop\targets\Microsoft.WinFX.targets(69,7): message :       CompileLicxFiles
       C:\Program Files\dotnet\sdk\10.0.103\Sdks\Microsoft.NET.Sdk.WindowsDesktop\targets\Microsoft.WinFX.targets(69,7): message :     
       C:\Program Files\dotnet\sdk\10.0.103\Sdks\Microsoft.NET.Sdk.WindowsDesktop\targets\Microsoft.WinFX.targets(69,7): message :     ") at C:\Program Files\dotnet\sdk\10.0.103\Sdks\Microsoft.NET.Sdk.WindowsDesktop\targets\Microsoft.WinFX.targets (69,7)
       C:\Program Files\dotnet\sdk\10.0.103\Sdks\Microsoft.NET.Sdk.WindowsDesktop\targets\Microsoft.WinFX.targets(136,5): message : Property reassignment: $(CompileDependsOn)="
       C:\Program Files\dotnet\sdk\10.0.103\Sdks\Microsoft.NET.Sdk.WindowsDesktop\targets\Microsoft.WinFX.targets(136,5): message :         
       C:\Program Files\dotnet\sdk\10.0.103\Sdks\Microsoft.NET.Sdk.WindowsDesktop\targets\Microsoft.WinFX.targets(136,5): message :       
       C:\Program Files\dotnet\sdk\10.0.103\Sdks\Microsoft.NET.Sdk.WindowsDesktop\targets\Microsoft.WinFX.targets(136,5): message :       ResolveReferences;
       C:\Program Files\dotnet\sdk\10.0.103\Sdks\Microsoft.NET.Sdk.WindowsDesktop\targets\Microsoft.WinFX.targets(136,5): message :       ResolveKeySource;
       C:\Program Files\dotnet\sdk\10.0.103\Sdks\Microsoft.NET.Sdk.WindowsDesktop\targets\Microsoft.WinFX.targets(136,5): message :       SetWin32ManifestProperties;
       C:\Program Files\dotnet\sdk\10.0.103\Sdks\Microsoft.NET.Sdk.WindowsDesktop\targets\Microsoft.WinFX.targets(136,5): message :       _SetPreferNativeArm64Win32ManifestProperties;
       C:\Program Files\dotnet\sdk\10.0.103\Sdks\Microsoft.NET.Sdk.WindowsDesktop\targets\Microsoft.WinFX.targets(136,5): message :       FindReferenceAssembliesForReferences;
       C:\Program Files\dotnet\sdk\10.0.103\Sdks\Microsoft.NET.Sdk.WindowsDesktop\targets\Microsoft.WinFX.targets(136,5): message :       _GenerateCompileInputs;
       C:\Program Files\dotnet\sdk\10.0.103\Sdks\Microsoft.NET.Sdk.WindowsDesktop\targets\Microsoft.WinFX.targets(136,5): message :       BeforeCompile;
       C:\Program Files\dotnet\sdk\10.0.103\Sdks\Microsoft.NET.Sdk.WindowsDesktop\targets\Microsoft.WinFX.targets(136,5): message :       _TimeStampBeforeCompile;
       C:\Program Files\dotnet\sdk\10.0.103\Sdks\Microsoft.NET.Sdk.WindowsDesktop\targets\Microsoft.WinFX.targets(136,5): message :       _GenerateCompileDependencyCache;
       C:\Program Files\dotnet\sdk\10.0.103\Sdks\Microsoft.NET.Sdk.WindowsDesktop\targets\Microsoft.WinFX.targets(136,5): message :       CoreCompile;
       C:\Program Files\dotnet\sdk\10.0.103\Sdks\Microsoft.NET.Sdk.WindowsDesktop\targets\Microsoft.WinFX.targets(136,5): message :       _TimeStampAfterCompile;
       C:\Program Files\dotnet\sdk\10.0.103\Sdks\Microsoft.NET.Sdk.WindowsDesktop\targets\Microsoft.WinFX.targets(136,5): message :       AfterCompile;
       C:\Program Files\dotnet\sdk\10.0.103\Sdks\Microsoft.NET.Sdk.WindowsDesktop\targets\Microsoft.WinFX.targets(136,5): message :     ;
       C:\Program Files\dotnet\sdk\10.0.103\Sdks\Microsoft.NET.Sdk.WindowsDesktop\targets\Microsoft.WinFX.targets(136,5): message :       _CreateAppHost;
       C:\Program Files\dotnet\sdk\10.0.103\Sdks\Microsoft.NET.Sdk.WindowsDesktop\targets\Microsoft.WinFX.targets(136,5): message :       _CreateComHost;
       C:\Program Files\dotnet\sdk\10.0.103\Sdks\Microsoft.NET.Sdk.WindowsDesktop\targets\Microsoft.WinFX.targets(136,5): message :       _GetIjwHostPaths;
       C:\Program Files\dotnet\sdk\10.0.103\Sdks\Microsoft.NET.Sdk.WindowsDesktop\targets\Microsoft.WinFX.targets(136,5): message :     ;
       C:\Program Files\dotnet\sdk\10.0.103\Sdks\Microsoft.NET.Sdk.WindowsDesktop\targets\Microsoft.WinFX.targets(136,5): message :         _AfterCompileWinFXInternal
       C:\Program Files\dotnet\sdk\10.0.103\Sdks\Microsoft.NET.Sdk.WindowsDesktop\targets\Microsoft.WinFX.targets(136,5): message :     " (previous value: "
       C:\Program Files\dotnet\sdk\10.0.103\Sdks\Microsoft.NET.Sdk.WindowsDesktop\targets\Microsoft.WinFX.targets(136,5): message :       
       C:\Program Files\dotnet\sdk\10.0.103\Sdks\Microsoft.NET.Sdk.WindowsDesktop\targets\Microsoft.WinFX.targets(136,5): message :       ResolveReferences;
       C:\Program Files\dotnet\sdk\10.0.103\Sdks\Microsoft.NET.Sdk.WindowsDesktop\targets\Microsoft.WinFX.targets(136,5): message :       ResolveKeySource;
       C:\Program Files\dotnet\sdk\10.0.103\Sdks\Microsoft.NET.Sdk.WindowsDesktop\targets\Microsoft.WinFX.targets(136,5): message :       SetWin32ManifestProperties;
       C:\Program Files\dotnet\sdk\10.0.103\Sdks\Microsoft.NET.Sdk.WindowsDesktop\targets\Microsoft.WinFX.targets(136,5): message :       _SetPreferNativeArm64Win32ManifestProperties;
       C:\Program Files\dotnet\sdk\10.0.103\Sdks\Microsoft.NET.Sdk.WindowsDesktop\targets\Microsoft.WinFX.targets(136,5): message :       FindReferenceAssembliesForReferences;
       C:\Program Files\dotnet\sdk\10.0.103\Sdks\Microsoft.NET.Sdk.WindowsDesktop\targets\Microsoft.WinFX.targets(136,5): message :       _GenerateCompileInputs;
       C:\Program Files\dotnet\sdk\10.0.103\Sdks\Microsoft.NET.Sdk.WindowsDesktop\targets\Microsoft.WinFX.targets(136,5): message :       BeforeCompile;
       C:\Program Files\dotnet\sdk\10.0.103\Sdks\Microsoft.NET.Sdk.WindowsDesktop\targets\Microsoft.WinFX.targets(136,5): message :       _TimeStampBeforeCompile;
       C:\Program Files\dotnet\sdk\10.0.103\Sdks\Microsoft.NET.Sdk.WindowsDesktop\targets\Microsoft.WinFX.targets(136,5): message :       _GenerateCompileDependencyCache;
       C:\Program Files\dotnet\sdk\10.0.103\Sdks\Microsoft.NET.Sdk.WindowsDesktop\targets\Microsoft.WinFX.targets(136,5): message :       CoreCompile;
       C:\Program Files\dotnet\sdk\10.0.103\Sdks\Microsoft.NET.Sdk.WindowsDesktop\targets\Microsoft.WinFX.targets(136,5): message :       _TimeStampAfterCompile;
       C:\Program Files\dotnet\sdk\10.0.103\Sdks\Microsoft.NET.Sdk.WindowsDesktop\targets\Microsoft.WinFX.targets(136,5): message :       AfterCompile;
       C:\Program Files\dotnet\sdk\10.0.103\Sdks\Microsoft.NET.Sdk.WindowsDesktop\targets\Microsoft.WinFX.targets(136,5): message :     ;
       C:\Program Files\dotnet\sdk\10.0.103\Sdks\Microsoft.NET.Sdk.WindowsDesktop\targets\Microsoft.WinFX.targets(136,5): message :       _CreateAppHost;
       C:\Program Files\dotnet\sdk\10.0.103\Sdks\Microsoft.NET.Sdk.WindowsDesktop\targets\Microsoft.WinFX.targets(136,5): message :       _CreateComHost;
       C:\Program Files\dotnet\sdk\10.0.103\Sdks\Microsoft.NET.Sdk.WindowsDesktop\targets\Microsoft.WinFX.targets(136,5): message :       _GetIjwHostPaths;
       C:\Program Files\dotnet\sdk\10.0.103\Sdks\Microsoft.NET.Sdk.WindowsDesktop\targets\Microsoft.WinFX.targets(136,5): message :     ") at C:\Program Files\dotnet\sdk\10.0.103\Sdks\Microsoft.NET.Sdk.WindowsDesktop\targets\Microsoft.WinFX.targets (136,5)
     1>Project "c:\Apps\TicketConsolidator\TicketConsolidator.sln" (1) is building "c:\Apps\TicketConsolidator\tests\TicketConsolidator.UnitTests\TicketConsolidator.UnitTests.csproj" (3) on node 5 (_IsProjectRestoreSupported target(s)).
     3>Target "_IsProjectRestoreSupported" in file "C:\Program Files\dotnet\sdk\10.0.103\NuGet.targets" from project "c:\Apps\TicketConsolidator\tests\TicketConsolidator.UnitTests\TicketConsolidator.UnitTests.csproj" (entry point):
     3>Done building target "_IsProjectRestoreSupported" in project "TicketConsolidator.UnitTests.csproj".
     0>C:\Program Files\dotnet\sdk\10.0.103\Microsoft.Common.CurrentVersion.targets(3934,5): message : Property reassignment: $(_SGenGenerateSerializationAssembliesConfig)="Auto" (previous value: "") at C:\Program Files\dotnet\sdk\10.0.103\Microsoft.Common.CurrentVersion.targets (3934,5)
       C:\Program Files\dotnet\sdk\10.0.103\Sdks\Microsoft.NET.Sdk.WindowsDesktop\targets\Microsoft.WinFX.targets(803,9): message : Property reassignment: $(PublishBuildDependsOn)="
       C:\Program Files\dotnet\sdk\10.0.103\Sdks\Microsoft.NET.Sdk.WindowsDesktop\targets\Microsoft.WinFX.targets(803,9): message :             BuildOnlySettings;
       C:\Program Files\dotnet\sdk\10.0.103\Sdks\Microsoft.NET.Sdk.WindowsDesktop\targets\Microsoft.WinFX.targets(803,9): message :             PrepareForBuild;
       C:\Program Files\dotnet\sdk\10.0.103\Sdks\Microsoft.NET.Sdk.WindowsDesktop\targets\Microsoft.WinFX.targets(803,9): message :             ResolveReferences;
       C:\Program Files\dotnet\sdk\10.0.103\Sdks\Microsoft.NET.Sdk.WindowsDesktop\targets\Microsoft.WinFX.targets(803,9): message :             PrepareResources;
       C:\Program Files\dotnet\sdk\10.0.103\Sdks\Microsoft.NET.Sdk.WindowsDesktop\targets\Microsoft.WinFX.targets(803,9): message :             ResolveKeySource;
       C:\Program Files\dotnet\sdk\10.0.103\Sdks\Microsoft.NET.Sdk.WindowsDesktop\targets\Microsoft.WinFX.targets(803,9): message :             PrepareResourcesForSatelliteAssemblies;
       C:\Program Files\dotnet\sdk\10.0.103\Sdks\Microsoft.NET.Sdk.WindowsDesktop\targets\Microsoft.WinFX.targets(803,9): message :             GenerateSerializationAssemblies;
       C:\Program Files\dotnet\sdk\10.0.103\Sdks\Microsoft.NET.Sdk.WindowsDesktop\targets\Microsoft.WinFX.targets(803,9): message :             CreateSatelliteAssemblies;
       C:\Program Files\dotnet\sdk\10.0.103\Sdks\Microsoft.NET.Sdk.WindowsDesktop\targets\Microsoft.WinFX.targets(803,9): message :         " (previous value: "
       C:\Program Files\dotnet\sdk\10.0.103\Sdks\Microsoft.NET.Sdk.WindowsDesktop\targets\Microsoft.WinFX.targets(803,9): message :       BuildOnlySettings;
       C:\Program Files\dotnet\sdk\10.0.103\Sdks\Microsoft.NET.Sdk.WindowsDesktop\targets\Microsoft.WinFX.targets(803,9): message :       PrepareForBuild;
       C:\Program Files\dotnet\sdk\10.0.103\Sdks\Microsoft.NET.Sdk.WindowsDesktop\targets\Microsoft.WinFX.targets(803,9): message :       ResolveReferences;
       C:\Program Files\dotnet\sdk\10.0.103\Sdks\Microsoft.NET.Sdk.WindowsDesktop\targets\Microsoft.WinFX.targets(803,9): message :       PrepareResources;
       C:\Program Files\dotnet\sdk\10.0.103\Sdks\Microsoft.NET.Sdk.WindowsDesktop\targets\Microsoft.WinFX.targets(803,9): message :       ResolveKeySource;
       C:\Program Files\dotnet\sdk\10.0.103\Sdks\Microsoft.NET.Sdk.WindowsDesktop\targets\Microsoft.WinFX.targets(803,9): message :       GenerateSerializationAssemblies;
       C:\Program Files\dotnet\sdk\10.0.103\Sdks\Microsoft.NET.Sdk.WindowsDesktop\targets\Microsoft.WinFX.targets(803,9): message :       CreateSatelliteAssemblies;
       C:\Program Files\dotnet\sdk\10.0.103\Sdks\Microsoft.NET.Sdk.WindowsDesktop\targets\Microsoft.WinFX.targets(803,9): message :     ") at C:\Program Files\dotnet\sdk\10.0.103\Sdks\Microsoft.NET.Sdk.WindowsDesktop\targets\Microsoft.WinFX.targets (803,9)
       C:\Program Files\dotnet\sdk\10.0.103\Microsoft.Common.CurrentVersion.targets(3935,5): message : Property reassignment: $(_SGenGenerateSerializationAssembliesConfig)="Off" (previous value: "Auto") at C:\Program Files\dotnet\sdk\10.0.103\Microsoft.Common.CurrentVersion.targets (3935,5)
     3>Done Building Project "c:\Apps\TicketConsolidator\tests\TicketConsolidator.UnitTests\TicketConsolidator.UnitTests.csproj" (_IsProjectRestoreSupported target(s)).
     0>C:\Program Files\dotnet\sdk\10.0.103\NuGet.Build.Tasks.Pack.targets(34,5): message : Property reassignment: $(PackageDescription)="Package Description" (previous value: "") at C:\Program Files\dotnet\sdk\10.0.103\NuGet.Build.Tasks.Pack.targets (34,5)
       C:\Program Files\dotnet\sdk\10.0.103\Microsoft.Common.CurrentVersion.targets(5146,5): message : Property reassignment: $(_TargetsThatPrepareProjectReferences)="
       C:\Program Files\dotnet\sdk\10.0.103\Microsoft.Common.CurrentVersion.targets(5146,5): message :       AssignProjectConfiguration;
       C:\Program Files\dotnet\sdk\10.0.103\Microsoft.Common.CurrentVersion.targets(5146,5): message :       _SplitProjectReferencesByFileExistence
       C:\Program Files\dotnet\sdk\10.0.103\Microsoft.Common.CurrentVersion.targets(5146,5): message :     " (previous value: "_SplitProjectReferencesByFileExistence") at C:\Program Files\dotnet\sdk\10.0.103\Microsoft.Common.CurrentVersion.targets (5146,5)
       C:\Program Files\dotnet\sdk\10.0.103\Microsoft.Common.CurrentVersion.targets(6959,5): message : Property 'MSBuildExtensionsPath32' with value 'C:\Program Files\dotnet\sdk\10.0.103' expanded from the environment.
       The "_RestoreSolutionFileUsed" property is a global property, and cannot be modified.
       The "NuGetInteractive" property is a global property, and cannot be modified.
       C:\Program Files\dotnet\sdk\10.0.103\NuGet.Build.Tasks.Pack.targets(59,5): message : Property reassignment: $(GenerateNuspecDependsOn)="Build;_LoadPackInputItems; _GetTargetFrameworksOutput; _WalkEachTargetPerFramework; _GetPackageFiles; " (previous value: "_LoadPackInputItems; _GetTargetFrameworksOutput; _WalkEachTargetPerFramework; _GetPackageFiles; ") at C:\Program Files\dotnet\sdk\10.0.103\NuGet.Build.Tasks.Pack.targets (59,5)
       C:\Program Files\dotnet\sdk\10.0.103\Sdks\Microsoft.NET.Sdk\Sdk\Sdk.targets(59,5): message : Property reassignment: $(_IsNotSetContainersTargetsDir)="true" (previous value: "false") at C:\Program Files\dotnet\sdk\10.0.103\Sdks\Microsoft.NET.Sdk\Sdk\Sdk.targets (59,5)
       C:\Program Files\dotnet\sdk\10.0.103\NuGet.targets(123,5): message : Property reassignment: $(_GenerateRestoreGraphProjectEntryInputProperties)="
       C:\Program Files\dotnet\sdk\10.0.103\NuGet.targets(123,5): message :       ExcludeRestorePackageImports=true;
       C:\Program Files\dotnet\sdk\10.0.103\NuGet.targets(123,5): message :       _RestoreSolutionFileUsed=true;
       C:\Program Files\dotnet\sdk\10.0.103\NuGet.targets(123,5): message :       SolutionDir=c:\Apps\TicketConsolidator\;
       C:\Program Files\dotnet\sdk\10.0.103\NuGet.targets(123,5): message :       SolutionName=TicketConsolidator;
       C:\Program Files\dotnet\sdk\10.0.103\NuGet.targets(123,5): message :       SolutionFileName=TicketConsolidator.sln;
       C:\Program Files\dotnet\sdk\10.0.103\NuGet.targets(123,5): message :       SolutionPath=c:\Apps\TicketConsolidator\TicketConsolidator.sln;
       C:\Program Files\dotnet\sdk\10.0.103\NuGet.targets(123,5): message :       SolutionExt=.sln;
       C:\Program Files\dotnet\sdk\10.0.103\NuGet.targets(123,5): message :     " (previous value: "ExcludeRestorePackageImports=true") at C:\Program Files\dotnet\sdk\10.0.103\NuGet.targets (123,5)
       C:\Program Files\dotnet\sdk\10.0.103\Containers\build\Microsoft.NET.Build.Containers.targets(5,5): message : Property reassignment: $(_IsSDKContainerAllowedVersion)="true" (previous value: "false") at C:\Program Files\dotnet\sdk\10.0.103\Containers\build\Microsoft.NET.Build.Containers.targets (5,5)
       C:\Program Files\dotnet\sdk\10.0.103\Containers\build\Microsoft.NET.Build.Containers.targets(15,5): message : Property reassignment: $(_ContainerIsTargetingNet8TFM)="true" (previous value: "false") at C:\Program Files\dotnet\sdk\10.0.103\Containers\build\Microsoft.NET.Build.Containers.targets (15,5)
     1>Project "c:\Apps\TicketConsolidator\TicketConsolidator.sln" (1) is building "c:\Apps\TicketConsolidator\src\TicketConsolidator.Infrastructure\TicketConsolidator.Infrastructure.csproj" (4) on node 2 (_IsProjectRestoreSupported target(s)).
     4>Target "_IsProjectRestoreSupported" in file "C:\Program Files\dotnet\sdk\10.0.103\NuGet.targets" from project "c:\Apps\TicketConsolidator\src\TicketConsolidator.Infrastructure\TicketConsolidator.Infrastructure.csproj" (entry point):
     4>Done building target "_IsProjectRestoreSupported" in project "TicketConsolidator.Infrastructure.csproj".
     4>Done Building Project "c:\Apps\TicketConsolidator\src\TicketConsolidator.Infrastructure\TicketConsolidator.Infrastructure.csproj" (_IsProjectRestoreSupported target(s)).
     0>C:\Program Files\dotnet\sdk\10.0.103\Sdks\Microsoft.NET.Sdk\targets\Microsoft.PackageDependencyResolution.targets(24,5): message : Property reassignment: $(ProjectAssetsFile)="c:\Apps\TicketConsolidator\src\TicketConsolidator.Web\obj\project.assets.json" (previous value: "c:\Apps\TicketConsolidator\src\TicketConsolidator.Web\obj\/project.assets.json") at C:\Program Files\dotnet\sdk\10.0.103\Sdks\Microsoft.NET.Sdk\targets\Microsoft.PackageDependencyResolution.targets (24,5)
       C:\Program Files\dotnet\sdk\10.0.103\Sdks\Microsoft.NET.Sdk\targets\Microsoft.PackageDependencyResolution.targets(29,5): message : Property reassignment: $(ProjectAssetsCacheFile)="c:\Apps\TicketConsolidator\src\TicketConsolidator.Web\obj\Debug\net10.0-windows\TicketConsolidator.Web.assets.cache" (previous value: "obj\Debug\net10.0-windows\TicketConsolidator.Web.assets.cache") at C:\Program Files\dotnet\sdk\10.0.103\Sdks\Microsoft.NET.Sdk\targets\Microsoft.PackageDependencyResolution.targets (29,5)
       C:\Program Files\dotnet\sdk\10.0.103\Sdks\Microsoft.NET.Sdk\targets\Microsoft.PackageDependencyResolution.targets(80,5): message : Property reassignment: $(ResolveAssemblyReferencesDependsOn)="
       C:\Program Files\dotnet\sdk\10.0.103\Sdks\Microsoft.NET.Sdk\targets\Microsoft.PackageDependencyResolution.targets(80,5): message :       
       C:\Program Files\dotnet\sdk\10.0.103\Sdks\Microsoft.NET.Sdk\targets\Microsoft.PackageDependencyResolution.targets(80,5): message :       ResolveProjectReferences;
       C:\Program Files\dotnet\sdk\10.0.103\Sdks\Microsoft.NET.Sdk\targets\Microsoft.PackageDependencyResolution.targets(80,5): message :       FindInvalidProjectReferences;
       C:\Program Files\dotnet\sdk\10.0.103\Sdks\Microsoft.NET.Sdk\targets\Microsoft.PackageDependencyResolution.targets(80,5): message :       GetFrameworkPaths;
       C:\Program Files\dotnet\sdk\10.0.103\Sdks\Microsoft.NET.Sdk\targets\Microsoft.PackageDependencyResolution.targets(80,5): message :       GetReferenceAssemblyPaths;
       C:\Program Files\dotnet\sdk\10.0.103\Sdks\Microsoft.NET.Sdk\targets\Microsoft.PackageDependencyResolution.targets(80,5): message :       PrepareForBuild;
       C:\Program Files\dotnet\sdk\10.0.103\Sdks\Microsoft.NET.Sdk\targets\Microsoft.PackageDependencyResolution.targets(80,5): message :       ResolveSDKReferences;
       C:\Program Files\dotnet\sdk\10.0.103\Sdks\Microsoft.NET.Sdk\targets\Microsoft.PackageDependencyResolution.targets(80,5): message :       ExpandSDKReferences;
       C:\Program Files\dotnet\sdk\10.0.103\Sdks\Microsoft.NET.Sdk\targets\Microsoft.PackageDependencyResolution.targets(80,5): message :     ;
       C:\Program Files\dotnet\sdk\10.0.103\Sdks\Microsoft.NET.Sdk\targets\Microsoft.PackageDependencyResolution.targets(80,5): message :       ResolvePackageDependenciesForBuild;
       C:\Program Files\dotnet\sdk\10.0.103\Sdks\Microsoft.NET.Sdk\targets\Microsoft.PackageDependencyResolution.targets(80,5): message :       _HandlePackageFileConflicts;
       C:\Program Files\dotnet\sdk\10.0.103\Sdks\Microsoft.NET.Sdk\targets\Microsoft.PackageDependencyResolution.targets(80,5): message :     " (previous value: "
       C:\Program Files\dotnet\sdk\10.0.103\Sdks\Microsoft.NET.Sdk\targets\Microsoft.PackageDependencyResolution.targets(80,5): message :       ResolveProjectReferences;
       C:\Program Files\dotnet\sdk\10.0.103\Sdks\Microsoft.NET.Sdk\targets\Microsoft.PackageDependencyResolution.targets(80,5): message :       FindInvalidProjectReferences;
       C:\Program Files\dotnet\sdk\10.0.103\Sdks\Microsoft.NET.Sdk\targets\Microsoft.PackageDependencyResolution.targets(80,5): message :       GetFrameworkPaths;
       C:\Program Files\dotnet\sdk\10.0.103\Sdks\Microsoft.NET.Sdk\targets\Microsoft.PackageDependencyResolution.targets(80,5): message :       GetReferenceAssemblyPaths;
       C:\Program Files\dotnet\sdk\10.0.103\Sdks\Microsoft.NET.Sdk\targets\Microsoft.PackageDependencyResolution.targets(80,5): message :       PrepareForBuild;
       C:\Program Files\dotnet\sdk\10.0.103\Sdks\Microsoft.NET.Sdk\targets\Microsoft.PackageDependencyResolution.targets(80,5): message :       ResolveSDKReferences;
       C:\Program Files\dotnet\sdk\10.0.103\Sdks\Microsoft.NET.Sdk\targets\Microsoft.PackageDependencyResolution.targets(80,5): message :       ExpandSDKReferences;
       C:\Program Files\dotnet\sdk\10.0.103\Sdks\Microsoft.NET.Sdk\targets\Microsoft.PackageDependencyResolution.targets(80,5): message :     ") at C:\Program Files\dotnet\sdk\10.0.103\Sdks\Microsoft.NET.Sdk\targets\Microsoft.PackageDependencyResolution.targets (80,5)
       C:\Program Files\dotnet\sdk\10.0.103\Sdks\Microsoft.NET.Sdk\targets\Microsoft.PackageDependencyResolution.targets(86,5): message : Property reassignment: $(PrepareResourcesDependsOn)="
       C:\Program Files\dotnet\sdk\10.0.103\Sdks\Microsoft.NET.Sdk\targets\Microsoft.PackageDependencyResolution.targets(86,5): message :       ResolvePackageDependenciesForBuild;
       C:\Program Files\dotnet\sdk\10.0.103\Sdks\Microsoft.NET.Sdk\targets\Microsoft.PackageDependencyResolution.targets(86,5): message :       _HandlePackageFileConflicts;
       C:\Program Files\dotnet\sdk\10.0.103\Sdks\Microsoft.NET.Sdk\targets\Microsoft.PackageDependencyResolution.targets(86,5): message :       
       C:\Program Files\dotnet\sdk\10.0.103\Sdks\Microsoft.NET.Sdk\targets\Microsoft.PackageDependencyResolution.targets(86,5): message :       ;
       C:\Program Files\dotnet\sdk\10.0.103\Sdks\Microsoft.NET.Sdk\targets\Microsoft.PackageDependencyResolution.targets(86,5): message :       PrepareResourceNames;
       C:\Program Files\dotnet\sdk\10.0.103\Sdks\Microsoft.NET.Sdk\targets\Microsoft.PackageDependencyResolution.targets(86,5): message :       ResGen;
       C:\Program Files\dotnet\sdk\10.0.103\Sdks\Microsoft.NET.Sdk\targets\Microsoft.PackageDependencyResolution.targets(86,5): message :       CompileLicxFiles
       C:\Program Files\dotnet\sdk\10.0.103\Sdks\Microsoft.NET.Sdk\targets\Microsoft.PackageDependencyResolution.targets(86,5): message :     
       C:\Program Files\dotnet\sdk\10.0.103\Sdks\Microsoft.NET.Sdk\targets\Microsoft.PackageDependencyResolution.targets(86,5): message :     " (previous value: "
       C:\Program Files\dotnet\sdk\10.0.103\Sdks\Microsoft.NET.Sdk\targets\Microsoft.PackageDependencyResolution.targets(86,5): message :       ;
       C:\Program Files\dotnet\sdk\10.0.103\Sdks\Microsoft.NET.Sdk\targets\Microsoft.PackageDependencyResolution.targets(86,5): message :       PrepareResourceNames;
       C:\Program Files\dotnet\sdk\10.0.103\Sdks\Microsoft.NET.Sdk\targets\Microsoft.PackageDependencyResolution.targets(86,5): message :       ResGen;
       C:\Program Files\dotnet\sdk\10.0.103\Sdks\Microsoft.NET.Sdk\targets\Microsoft.PackageDependencyResolution.targets(86,5): message :       CompileLicxFiles
       C:\Program Files\dotnet\sdk\10.0.103\Sdks\Microsoft.NET.Sdk\targets\Microsoft.PackageDependencyResolution.targets(86,5): message :     ") at C:\Program Files\dotnet\sdk\10.0.103\Sdks\Microsoft.NET.Sdk\targets\Microsoft.PackageDependencyResolution.targets (86,5)
       The "EnableDefaultCompileItems" property is a global property, and cannot be modified.
       The "EnableDefaultEmbeddedResourceItems" property is a global property, and cannot be modified.
       The "EnableDefaultNoneItems" property is a global property, and cannot be modified.
       C:\Program Files\dotnet\sdk\10.0.103\Sdks\Microsoft.NET.Sdk\targets\Microsoft.NET.Sdk.DefaultItems.targets(35,5): message : Property reassignment: $(DefaultItemExcludes)=";**\node_modules\**;node_modules\**;**\jspm_packages\**;jspm_packages\**;**\bower_components\**;bower_components\**;**\packages.lock.json;bin\Debug\/**;obj\Debug\/**;bin\/**" (previous value: ";**\node_modules\**;node_modules\**;**\jspm_packages\**;jspm_packages\**;**\bower_components\**;bower_components\**;**\packages.lock.json;bin\Debug\/**;obj\Debug\/**") at C:\Program Files\dotnet\sdk\10.0.103\Sdks\Microsoft.NET.Sdk\targets\Microsoft.NET.Sdk.DefaultItems.targets (35,5)
       C:\Program Files\dotnet\sdk\10.0.103\Sdks\Microsoft.NET.Sdk\targets\Microsoft.NET.Sdk.DefaultItems.targets(37,5): message : Property reassignment: $(DefaultItemExcludes)=";**\node_modules\**;node_modules\**;**\jspm_packages\**;jspm_packages\**;**\bower_components\**;bower_components\**;**\packages.lock.json;bin\Debug\/**;obj\Debug\/**;bin\/**;obj\/**" (previous value: ";**\node_modules\**;node_modules\**;**\jspm_packages\**;jspm_packages\**;**\bower_components\**;bower_components\**;**\packages.lock.json;bin\Debug\/**;obj\Debug\/**;bin\/**") at C:\Program Files\dotnet\sdk\10.0.103\Sdks\Microsoft.NET.Sdk\targets\Microsoft.NET.Sdk.DefaultItems.targets (37,5)
       C:\Program Files\dotnet\sdk\10.0.103\Sdks\Microsoft.NET.Sdk\targets\Microsoft.NET.Sdk.DefaultItems.targets(40,5): message : Property reassignment: $(DefaultItemExcludes)=";**\node_modules\**;node_modules\**;**\jspm_packages\**;jspm_packages\**;**\bower_components\**;bower_components\**;**\packages.lock.json;bin\Debug\/**;obj\Debug\/**;bin\/**;obj\/**;**/*.user" (previous value: ";**\node_modules\**;node_modules\**;**\jspm_packages\**;jspm_packages\**;**\bower_components\**;bower_components\**;**\packages.lock.json;bin\Debug\/**;obj\Debug\/**;bin\/**;obj\/**") at C:\Program Files\dotnet\sdk\10.0.103\Sdks\Microsoft.NET.Sdk\targets\Microsoft.NET.Sdk.DefaultItems.targets (40,5)
       C:\Program Files\dotnet\sdk\10.0.103\Sdks\Microsoft.NET.Sdk\targets\Microsoft.NET.Sdk.DefaultItems.targets(41,5): message : Property reassignment: $(DefaultItemExcludes)=";**\node_modules\**;node_modules\**;**\jspm_packages\**;jspm_packages\**;**\bower_components\**;bower_components\**;**\packages.lock.json;bin\Debug\/**;obj\Debug\/**;bin\/**;obj\/**;**/*.user;**/*.*proj" (previous value: ";**\node_modules\**;node_modules\**;**\jspm_packages\**;jspm_packages\**;**\bower_components\**;bower_components\**;**\packages.lock.json;bin\Debug\/**;obj\Debug\/**;bin\/**;obj\/**;**/*.user") at C:\Program Files\dotnet\sdk\10.0.103\Sdks\Microsoft.NET.Sdk\targets\Microsoft.NET.Sdk.DefaultItems.targets (41,5)
       C:\Program Files\dotnet\sdk\10.0.103\Sdks\Microsoft.NET.Sdk\targets\Microsoft.NET.Sdk.DefaultItems.targets(42,5): message : Property reassignment: $(DefaultItemExcludes)=";**\node_modules\**;node_modules\**;**\jspm_packages\**;jspm_packages\**;**\bower_components\**;bower_components\**;**\packages.lock.json;bin\Debug\/**;obj\Debug\/**;bin\/**;obj\/**;**/*.user;**/*.*proj;**/*.sln" (previous value: ";**\node_modules\**;node_modules\**;**\jspm_packages\**;jspm_packages\**;**\bower_components\**;bower_components\**;**\packages.lock.json;bin\Debug\/**;obj\Debug\/**;bin\/**;obj\/**;**/*.user;**/*.*proj") at C:\Program Files\dotnet\sdk\10.0.103\Sdks\Microsoft.NET.Sdk\targets\Microsoft.NET.Sdk.DefaultItems.targets (42,5)
       C:\Program Files\dotnet\sdk\10.0.103\Sdks\Microsoft.NET.Sdk\targets\Microsoft.NET.Sdk.DefaultItems.targets(43,5): message : Property reassignment: $(DefaultItemExcludes)=";**\node_modules\**;node_modules\**;**\jspm_packages\**;jspm_packages\**;**\bower_components\**;bower_components\**;**\packages.lock.json;bin\Debug\/**;obj\Debug\/**;bin\/**;obj\/**;**/*.user;**/*.*proj;**/*.sln;**/*.slnx" (previous value: ";**\node_modules\**;node_modules\**;**\jspm_packages\**;jspm_packages\**;**\bower_components\**;bower_components\**;**\packages.lock.json;bin\Debug\/**;obj\Debug\/**;bin\/**;obj\/**;**/*.user;**/*.*proj;**/*.sln") at C:\Program Files\dotnet\sdk\10.0.103\Sdks\Microsoft.NET.Sdk\targets\Microsoft.NET.Sdk.DefaultItems.targets (43,5)
       C:\Program Files\dotnet\sdk\10.0.103\Sdks\Microsoft.NET.Sdk\targets\Microsoft.NET.Sdk.DefaultItems.targets(44,5): message : Property reassignment: $(DefaultItemExcludes)=";**\node_modules\**;node_modules\**;**\jspm_packages\**;jspm_packages\**;**\bower_components\**;bower_components\**;**\packages.lock.json;bin\Debug\/**;obj\Debug\/**;bin\/**;obj\/**;**/*.user;**/*.*proj;**/*.sln;**/*.slnx;**/*.vssscc" (previous value: ";**\node_modules\**;node_modules\**;**\jspm_packages\**;jspm_packages\**;**\bower_components\**;bower_components\**;**\packages.lock.json;bin\Debug\/**;obj\Debug\/**;bin\/**;obj\/**;**/*.user;**/*.*proj;**/*.sln;**/*.slnx") at C:\Program Files\dotnet\sdk\10.0.103\Sdks\Microsoft.NET.Sdk\targets\Microsoft.NET.Sdk.DefaultItems.targets (44,5)
       C:\Program Files\dotnet\sdk\10.0.103\Sdks\Microsoft.NET.Sdk\targets\Microsoft.NET.Sdk.DefaultItems.targets(45,5): message : Property reassignment: $(DefaultItemExcludes)=";**\node_modules\**;node_modules\**;**\jspm_packages\**;jspm_packages\**;**\bower_components\**;bower_components\**;**\packages.lock.json;bin\Debug\/**;obj\Debug\/**;bin\/**;obj\/**;**/*.user;**/*.*proj;**/*.sln;**/*.slnx;**/*.vssscc;**/.DS_Store" (previous value: ";**\node_modules\**;node_modules\**;**\jspm_packages\**;jspm_packages\**;**\bower_components\**;bower_components\**;**\packages.lock.json;bin\Debug\/**;obj\Debug\/**;bin\/**;obj\/**;**/*.user;**/*.*proj;**/*.sln;**/*.slnx;**/*.vssscc") at C:\Program Files\dotnet\sdk\10.0.103\Sdks\Microsoft.NET.Sdk\targets\Microsoft.NET.Sdk.DefaultItems.targets (45,5)
       C:\Program Files\dotnet\sdk\10.0.103\Sdks\Microsoft.NET.Sdk\targets\Microsoft.NET.Sdk.FrameworkReferenceResolution.targets(14,5): message : Property reassignment: $(ResolveAssemblyReferencesDependsOn)="
       C:\Program Files\dotnet\sdk\10.0.103\Sdks\Microsoft.NET.Sdk\targets\Microsoft.NET.Sdk.FrameworkReferenceResolution.targets(14,5): message :       
       C:\Program Files\dotnet\sdk\10.0.103\Sdks\Microsoft.NET.Sdk\targets\Microsoft.NET.Sdk.FrameworkReferenceResolution.targets(14,5): message :       
       C:\Program Files\dotnet\sdk\10.0.103\Sdks\Microsoft.NET.Sdk\targets\Microsoft.NET.Sdk.FrameworkReferenceResolution.targets(14,5): message :       ResolveProjectReferences;
       C:\Program Files\dotnet\sdk\10.0.103\Sdks\Microsoft.NET.Sdk\targets\Microsoft.NET.Sdk.FrameworkReferenceResolution.targets(14,5): message :       FindInvalidProjectReferences;
       C:\Program Files\dotnet\sdk\10.0.103\Sdks\Microsoft.NET.Sdk\targets\Microsoft.NET.Sdk.FrameworkReferenceResolution.targets(14,5): message :       GetFrameworkPaths;
       C:\Program Files\dotnet\sdk\10.0.103\Sdks\Microsoft.NET.Sdk\targets\Microsoft.NET.Sdk.FrameworkReferenceResolution.targets(14,5): message :       GetReferenceAssemblyPaths;
       C:\Program Files\dotnet\sdk\10.0.103\Sdks\Microsoft.NET.Sdk\targets\Microsoft.NET.Sdk.FrameworkReferenceResolution.targets(14,5): message :       PrepareForBuild;
       C:\Program Files\dotnet\sdk\10.0.103\Sdks\Microsoft.NET.Sdk\targets\Microsoft.NET.Sdk.FrameworkReferenceResolution.targets(14,5): message :       ResolveSDKReferences;
       C:\Program Files\dotnet\sdk\10.0.103\Sdks\Microsoft.NET.Sdk\targets\Microsoft.NET.Sdk.FrameworkReferenceResolution.targets(14,5): message :       ExpandSDKReferences;
       C:\Program Files\dotnet\sdk\10.0.103\Sdks\Microsoft.NET.Sdk\targets\Microsoft.NET.Sdk.FrameworkReferenceResolution.targets(14,5): message :     ;
       C:\Program Files\dotnet\sdk\10.0.103\Sdks\Microsoft.NET.Sdk\targets\Microsoft.NET.Sdk.FrameworkReferenceResolution.targets(14,5): message :       ResolvePackageDependenciesForBuild;
       C:\Program Files\dotnet\sdk\10.0.103\Sdks\Microsoft.NET.Sdk\targets\Microsoft.NET.Sdk.FrameworkReferenceResolution.targets(14,5): message :       _HandlePackageFileConflicts;
       C:\Program Files\dotnet\sdk\10.0.103\Sdks\Microsoft.NET.Sdk\targets\Microsoft.NET.Sdk.FrameworkReferenceResolution.targets(14,5): message :     ;
       C:\Program Files\dotnet\sdk\10.0.103\Sdks\Microsoft.NET.Sdk\targets\Microsoft.NET.Sdk.FrameworkReferenceResolution.targets(14,5): message :       ResolveTargetingPackAssets;
       C:\Program Files\dotnet\sdk\10.0.103\Sdks\Microsoft.NET.Sdk\targets\Microsoft.NET.Sdk.FrameworkReferenceResolution.targets(14,5): message :     " (previous value: "
       C:\Program Files\dotnet\sdk\10.0.103\Sdks\Microsoft.NET.Sdk\targets\Microsoft.NET.Sdk.FrameworkReferenceResolution.targets(14,5): message :       
       C:\Program Files\dotnet\sdk\10.0.103\Sdks\Microsoft.NET.Sdk\targets\Microsoft.NET.Sdk.FrameworkReferenceResolution.targets(14,5): message :       ResolveProjectReferences;
       C:\Program Files\dotnet\sdk\10.0.103\Sdks\Microsoft.NET.Sdk\targets\Microsoft.NET.Sdk.FrameworkReferenceResolution.targets(14,5): message :       FindInvalidProjectReferences;
       C:\Program Files\dotnet\sdk\10.0.103\Sdks\Microsoft.NET.Sdk\targets\Microsoft.NET.Sdk.FrameworkReferenceResolution.targets(14,5): message :       GetFrameworkPaths;
       C:\Program Files\dotnet\sdk\10.0.103\Sdks\Microsoft.NET.Sdk\targets\Microsoft.NET.Sdk.FrameworkReferenceResolution.targets(14,5): message :       GetReferenceAssemblyPaths;
       C:\Program Files\dotnet\sdk\10.0.103\Sdks\Microsoft.NET.Sdk\targets\Microsoft.NET.Sdk.FrameworkReferenceResolution.targets(14,5): message :       PrepareForBuild;
       C:\Program Files\dotnet\sdk\10.0.103\Sdks\Microsoft.NET.Sdk\targets\Microsoft.NET.Sdk.FrameworkReferenceResolution.targets(14,5): message :       ResolveSDKReferences;
       C:\Program Files\dotnet\sdk\10.0.103\Sdks\Microsoft.NET.Sdk\targets\Microsoft.NET.Sdk.FrameworkReferenceResolution.targets(14,5): message :       ExpandSDKReferences;
       C:\Program Files\dotnet\sdk\10.0.103\Sdks\Microsoft.NET.Sdk\targets\Microsoft.NET.Sdk.FrameworkReferenceResolution.targets(14,5): message :     ;
       C:\Program Files\dotnet\sdk\10.0.103\Sdks\Microsoft.NET.Sdk\targets\Microsoft.NET.Sdk.FrameworkReferenceResolution.targets(14,5): message :       ResolvePackageDependenciesForBuild;
       C:\Program Files\dotnet\sdk\10.0.103\Sdks\Microsoft.NET.Sdk\targets\Microsoft.NET.Sdk.FrameworkReferenceResolution.targets(14,5): message :       _HandlePackageFileConflicts;
       C:\Program Files\dotnet\sdk\10.0.103\Sdks\Microsoft.NET.Sdk\targets\Microsoft.NET.Sdk.FrameworkReferenceResolution.targets(14,5): message :     ") at C:\Program Files\dotnet\sdk\10.0.103\Sdks\Microsoft.NET.Sdk\targets\Microsoft.NET.Sdk.FrameworkReferenceResolution.targets (14,5)
       C:\Program Files\dotnet\sdk\10.0.103\Sdks\Microsoft.NET.Sdk\targets\Microsoft.NET.TargetFrameworkInference.targets(81,5): message : Property reassignment: $(TargetPlatformVersion)="" (previous value: "0.0") at C:\Program Files\dotnet\sdk\10.0.103\Sdks\Microsoft.NET.Sdk\targets\Microsoft.NET.TargetFrameworkInference.targets (81,5)
       C:\Program Files\dotnet\sdk\10.0.103\Sdks\Microsoft.NET.Sdk\targets\Microsoft.NET.Sdk.targets(44,5): message : Property reassignment: $(_GenerateRuntimeConfigurationPropertyInputsCache)="c:\Apps\TicketConsolidator\src\TicketConsolidator.Web\obj\Debug\net10.0-windows\TicketConsolidator.Web.genruntimeconfig.cache" (previous value: "obj\Debug\net10.0-windows\TicketConsolidator.Web.genruntimeconfig.cache") at C:\Program Files\dotnet\sdk\10.0.103\Sdks\Microsoft.NET.Sdk\targets\Microsoft.NET.Sdk.targets (44,5)
       C:\Program Files\dotnet\sdk\10.0.103\Sdks\Microsoft.NET.Sdk\targets\Microsoft.NET.Sdk.targets(46,5): message : Property reassignment: $(_GeneratePublishDependencyFilePropertyInputsCache)="c:\Apps\TicketConsolidator\src\TicketConsolidator.Web\obj\Debug\net10.0-windows\TicketConsolidator.Web.genpublishdeps.cache" (previous value: "obj\Debug\net10.0-windows\TicketConsolidator.Web.genpublishdeps.cache") at C:\Program Files\dotnet\sdk\10.0.103\Sdks\Microsoft.NET.Sdk\targets\Microsoft.NET.Sdk.targets (46,5)
       C:\Program Files\dotnet\sdk\10.0.103\Sdks\Microsoft.NET.Sdk\targets\Microsoft.NET.Sdk.targets(48,5): message : Property reassignment: $(_GenerateSingleFileBundlePropertyInputsCache)="c:\Apps\TicketConsolidator\src\TicketConsolidator.Web\obj\Debug\net10.0-windows\TicketConsolidator.Web.genbundle.cache" (previous value: "obj\Debug\net10.0-windows\TicketConsolidator.Web.genbundle.cache") at C:\Program Files\dotnet\sdk\10.0.103\Sdks\Microsoft.NET.Sdk\targets\Microsoft.NET.Sdk.targets (48,5)
       C:\Program Files\dotnet\sdk\10.0.103\Sdks\Microsoft.NET.Sdk\targets\Microsoft.NET.Sdk.targets(81,5): message : Property reassignment: $(GenerateRuntimeConfigDevFile)="false" (previous value: "true") at C:\Program Files\dotnet\sdk\10.0.103\Sdks\Microsoft.NET.Sdk\targets\Microsoft.NET.Sdk.targets (81,5)
       C:\Program Files\dotnet\sdk\10.0.103\Sdks\Microsoft.NET.Sdk\targets\Microsoft.NET.Sdk.targets(98,5): message : Property 'USERPROFILE' with value 'C:\Users\krish.maniar.ATPL-LAP-723' expanded from the environment.
       C:\Program Files\dotnet\sdk\10.0.103\Sdks\Microsoft.NET.Sdk\targets\Microsoft.NET.Sdk.targets(98,5): message : Property reassignment: $(_DefaultUserProfileRuntimeStorePath)="C:\Users\krish.maniar.ATPL-LAP-723" (previous value: "") at C:\Program Files\dotnet\sdk\10.0.103\Sdks\Microsoft.NET.Sdk\targets\Microsoft.NET.Sdk.targets (98,5)
       C:\Program Files\dotnet\sdk\10.0.103\Sdks\Microsoft.NET.Sdk\targets\Microsoft.NET.Sdk.targets(99,5): message : Property reassignment: $(_DefaultUserProfileRuntimeStorePath)="C:\Users\krish.maniar.ATPL-LAP-723\.dotnet\store" (previous value: "C:\Users\krish.maniar.ATPL-LAP-723") at C:\Program Files\dotnet\sdk\10.0.103\Sdks\Microsoft.NET.Sdk\targets\Microsoft.NET.Sdk.targets (99,5)
       C:\Program Files\dotnet\sdk\10.0.103\Sdks\Microsoft.NET.Sdk\targets\Microsoft.NET.Sdk.targets(144,5): message : Property reassignment: $(AvailablePlatforms)="Any CPU,x86,x64,ARM32" (previous value: "Any CPU,x86,x64") at C:\Program Files\dotnet\sdk\10.0.103\Sdks\Microsoft.NET.Sdk\targets\Microsoft.NET.Sdk.targets (144,5)
       C:\Program Files\dotnet\sdk\10.0.103\Sdks\Microsoft.NET.Sdk\targets\Microsoft.NET.Sdk.targets(148,5): message : Property reassignment: $(AvailablePlatforms)="Any CPU,x86,x64,ARM32,ARM64" (previous value: "Any CPU,x86,x64,ARM32") at C:\Program Files\dotnet\sdk\10.0.103\Sdks\Microsoft.NET.Sdk\targets\Microsoft.NET.Sdk.targets (148,5)
       C:\Program Files\dotnet\sdk\10.0.103\Sdks\Microsoft.NET.Sdk\targets\Microsoft.NET.Sdk.targets(204,5): message : Property reassignment: $(CoreBuildDependsOn)="
       C:\Program Files\dotnet\sdk\10.0.103\Sdks\Microsoft.NET.Sdk\targets\Microsoft.NET.Sdk.targets(204,5): message :       _CheckForBuildWithNoBuild;
       C:\Program Files\dotnet\sdk\10.0.103\Sdks\Microsoft.NET.Sdk\targets\Microsoft.NET.Sdk.targets(204,5): message :       
       C:\Program Files\dotnet\sdk\10.0.103\Sdks\Microsoft.NET.Sdk\targets\Microsoft.NET.Sdk.targets(204,5): message :       BuildOnlySettings;
       C:\Program Files\dotnet\sdk\10.0.103\Sdks\Microsoft.NET.Sdk\targets\Microsoft.NET.Sdk.targets(204,5): message :       PrepareForBuild;
       C:\Program Files\dotnet\sdk\10.0.103\Sdks\Microsoft.NET.Sdk\targets\Microsoft.NET.Sdk.targets(204,5): message :       PreBuildEvent;
       C:\Program Files\dotnet\sdk\10.0.103\Sdks\Microsoft.NET.Sdk\targets\Microsoft.NET.Sdk.targets(204,5): message :       ResolveReferences;
       C:\Program Files\dotnet\sdk\10.0.103\Sdks\Microsoft.NET.Sdk\targets\Microsoft.NET.Sdk.targets(204,5): message :       PrepareResources;
       C:\Program Files\dotnet\sdk\10.0.103\Sdks\Microsoft.NET.Sdk\targets\Microsoft.NET.Sdk.targets(204,5): message :       ResolveKeySource;
       C:\Program Files\dotnet\sdk\10.0.103\Sdks\Microsoft.NET.Sdk\targets\Microsoft.NET.Sdk.targets(204,5): message :       Compile;
       C:\Program Files\dotnet\sdk\10.0.103\Sdks\Microsoft.NET.Sdk\targets\Microsoft.NET.Sdk.targets(204,5): message :       ExportWindowsMDFile;
       C:\Program Files\dotnet\sdk\10.0.103\Sdks\Microsoft.NET.Sdk\targets\Microsoft.NET.Sdk.targets(204,5): message :       UnmanagedUnregistration;
       C:\Program Files\dotnet\sdk\10.0.103\Sdks\Microsoft.NET.Sdk\targets\Microsoft.NET.Sdk.targets(204,5): message :       GenerateSerializationAssemblies;
       C:\Program Files\dotnet\sdk\10.0.103\Sdks\Microsoft.NET.Sdk\targets\Microsoft.NET.Sdk.targets(204,5): message :       CreateSatelliteAssemblies;
       C:\Program Files\dotnet\sdk\10.0.103\Sdks\Microsoft.NET.Sdk\targets\Microsoft.NET.Sdk.targets(204,5): message :       GenerateManifests;
       C:\Program Files\dotnet\sdk\10.0.103\Sdks\Microsoft.NET.Sdk\targets\Microsoft.NET.Sdk.targets(204,5): message :       GetTargetPath;
       C:\Program Files\dotnet\sdk\10.0.103\Sdks\Microsoft.NET.Sdk\targets\Microsoft.NET.Sdk.targets(204,5): message :       PrepareForRun;
       C:\Program Files\dotnet\sdk\10.0.103\Sdks\Microsoft.NET.Sdk\targets\Microsoft.NET.Sdk.targets(204,5): message :       UnmanagedRegistration;
       C:\Program Files\dotnet\sdk\10.0.103\Sdks\Microsoft.NET.Sdk\targets\Microsoft.NET.Sdk.targets(204,5): message :       IncrementalClean;
       C:\Program Files\dotnet\sdk\10.0.103\Sdks\Microsoft.NET.Sdk\targets\Microsoft.NET.Sdk.targets(204,5): message :       PostBuildEvent
       C:\Program Files\dotnet\sdk\10.0.103\Sdks\Microsoft.NET.Sdk\targets\Microsoft.NET.Sdk.targets(204,5): message :     ;
       C:\Program Files\dotnet\sdk\10.0.103\Sdks\Microsoft.NET.Sdk\targets\Microsoft.NET.Sdk.targets(204,5): message :       GenerateBuildDependencyFile;
       C:\Program Files\dotnet\sdk\10.0.103\Sdks\Microsoft.NET.Sdk\targets\Microsoft.NET.Sdk.targets(204,5): message :       GenerateBuildRuntimeConfigurationFiles
       C:\Program Files\dotnet\sdk\10.0.103\Sdks\Microsoft.NET.Sdk\targets\Microsoft.NET.Sdk.targets(204,5): message :     " (previous value: "
       C:\Program Files\dotnet\sdk\10.0.103\Sdks\Microsoft.NET.Sdk\targets\Microsoft.NET.Sdk.targets(204,5): message :       BuildOnlySettings;
       C:\Program Files\dotnet\sdk\10.0.103\Sdks\Microsoft.NET.Sdk\targets\Microsoft.NET.Sdk.targets(204,5): message :       PrepareForBuild;
       C:\Program Files\dotnet\sdk\10.0.103\Sdks\Microsoft.NET.Sdk\targets\Microsoft.NET.Sdk.targets(204,5): message :       PreBuildEvent;
       C:\Program Files\dotnet\sdk\10.0.103\Sdks\Microsoft.NET.Sdk\targets\Microsoft.NET.Sdk.targets(204,5): message :       ResolveReferences;
       C:\Program Files\dotnet\sdk\10.0.103\Sdks\Microsoft.NET.Sdk\targets\Microsoft.NET.Sdk.targets(204,5): message :       PrepareResources;
       C:\Program Files\dotnet\sdk\10.0.103\Sdks\Microsoft.NET.Sdk\targets\Microsoft.NET.Sdk.targets(204,5): message :       ResolveKeySource;
       C:\Program Files\dotnet\sdk\10.0.103\Sdks\Microsoft.NET.Sdk\targets\Microsoft.NET.Sdk.targets(204,5): message :       Compile;
       C:\Program Files\dotnet\sdk\10.0.103\Sdks\Microsoft.NET.Sdk\targets\Microsoft.NET.Sdk.targets(204,5): message :       ExportWindowsMDFile;
       C:\Program Files\dotnet\sdk\10.0.103\Sdks\Microsoft.NET.Sdk\targets\Microsoft.NET.Sdk.targets(204,5): message :       UnmanagedUnregistration;
       C:\Program Files\dotnet\sdk\10.0.103\Sdks\Microsoft.NET.Sdk\targets\Microsoft.NET.Sdk.targets(204,5): message :       GenerateSerializationAssemblies;
       C:\Program Files\dotnet\sdk\10.0.103\Sdks\Microsoft.NET.Sdk\targets\Microsoft.NET.Sdk.targets(204,5): message :       CreateSatelliteAssemblies;
       C:\Program Files\dotnet\sdk\10.0.103\Sdks\Microsoft.NET.Sdk\targets\Microsoft.NET.Sdk.targets(204,5): message :       GenerateManifests;
       C:\Program Files\dotnet\sdk\10.0.103\Sdks\Microsoft.NET.Sdk\targets\Microsoft.NET.Sdk.targets(204,5): message :       GetTargetPath;
       C:\Program Files\dotnet\sdk\10.0.103\Sdks\Microsoft.NET.Sdk\targets\Microsoft.NET.Sdk.targets(204,5): message :       PrepareForRun;
       C:\Program Files\dotnet\sdk\10.0.103\Sdks\Microsoft.NET.Sdk\targets\Microsoft.NET.Sdk.targets(204,5): message :       UnmanagedRegistration;
       C:\Program Files\dotnet\sdk\10.0.103\Sdks\Microsoft.NET.Sdk\targets\Microsoft.NET.Sdk.targets(204,5): message :       IncrementalClean;
       C:\Program Files\dotnet\sdk\10.0.103\Sdks\Microsoft.NET.Sdk\targets\Microsoft.NET.Sdk.targets(204,5): message :       PostBuildEvent
       C:\Program Files\dotnet\sdk\10.0.103\Sdks\Microsoft.NET.Sdk\targets\Microsoft.NET.Sdk.targets(204,5): message :     ") at C:\Program Files\dotnet\sdk\10.0.103\Sdks\Microsoft.NET.Sdk\targets\Microsoft.NET.Sdk.targets (204,5)
       C:\Program Files\dotnet\sdk\10.0.103\Sdks\Microsoft.NET.Sdk\targets\Microsoft.NET.Sdk.targets(213,5): message : Property reassignment: $(CoreCleanDependsOn)="
       C:\Program Files\dotnet\sdk\10.0.103\Sdks\Microsoft.NET.Sdk\targets\Microsoft.NET.Sdk.targets(213,5): message :       _SdkBeforeClean;
       C:\Program Files\dotnet\sdk\10.0.103\Sdks\Microsoft.NET.Sdk\targets\Microsoft.NET.Sdk.targets(213,5): message :       
       C:\Program Files\dotnet\sdk\10.0.103\Sdks\Microsoft.NET.Sdk\targets\Microsoft.NET.Sdk.targets(213,5): message :     " (previous value: "") at C:\Program Files\dotnet\sdk\10.0.103\Sdks\Microsoft.NET.Sdk\targets\Microsoft.NET.Sdk.targets (213,5)
       C:\Program Files\dotnet\sdk\10.0.103\Sdks\Microsoft.NET.Sdk\targets\Microsoft.NET.Sdk.targets(220,5): message : Property reassignment: $(RebuildDependsOn)="
       C:\Program Files\dotnet\sdk\10.0.103\Sdks\Microsoft.NET.Sdk\targets\Microsoft.NET.Sdk.targets(220,5): message :       _SdkBeforeRebuild;
       C:\Program Files\dotnet\sdk\10.0.103\Sdks\Microsoft.NET.Sdk\targets\Microsoft.NET.Sdk.targets(220,5): message :       
       C:\Program Files\dotnet\sdk\10.0.103\Sdks\Microsoft.NET.Sdk\targets\Microsoft.NET.Sdk.targets(220,5): message :       BeforeRebuild;
       C:\Program Files\dotnet\sdk\10.0.103\Sdks\Microsoft.NET.Sdk\targets\Microsoft.NET.Sdk.targets(220,5): message :       Clean;
       C:\Program Files\dotnet\sdk\10.0.103\Sdks\Microsoft.NET.Sdk\targets\Microsoft.NET.Sdk.targets(220,5): message :       Build;
       C:\Program Files\dotnet\sdk\10.0.103\Sdks\Microsoft.NET.Sdk\targets\Microsoft.NET.Sdk.targets(220,5): message :       AfterRebuild;
       C:\Program Files\dotnet\sdk\10.0.103\Sdks\Microsoft.NET.Sdk\targets\Microsoft.NET.Sdk.targets(220,5): message :     
       C:\Program Files\dotnet\sdk\10.0.103\Sdks\Microsoft.NET.Sdk\targets\Microsoft.NET.Sdk.targets(220,5): message :     " (previous value: "
       C:\Program Files\dotnet\sdk\10.0.103\Sdks\Microsoft.NET.Sdk\targets\Microsoft.NET.Sdk.targets(220,5): message :       BeforeRebuild;
       C:\Program Files\dotnet\sdk\10.0.103\Sdks\Microsoft.NET.Sdk\targets\Microsoft.NET.Sdk.targets(220,5): message :       Clean;
       C:\Program Files\dotnet\sdk\10.0.103\Sdks\Microsoft.NET.Sdk\targets\Microsoft.NET.Sdk.targets(220,5): message :       Build;
       C:\Program Files\dotnet\sdk\10.0.103\Sdks\Microsoft.NET.Sdk\targets\Microsoft.NET.Sdk.targets(220,5): message :       AfterRebuild;
       C:\Program Files\dotnet\sdk\10.0.103\Sdks\Microsoft.NET.Sdk\targets\Microsoft.NET.Sdk.targets(220,5): message :     ") at C:\Program Files\dotnet\sdk\10.0.103\Sdks\Microsoft.NET.Sdk\targets\Microsoft.NET.Sdk.targets (220,5)
       C:\Program Files\dotnet\sdk\10.0.103\Sdks\Microsoft.NET.Sdk\targets\Microsoft.NET.Sdk.targets(799,5): message : Property reassignment: $(CompileDependsOn)="
       C:\Program Files\dotnet\sdk\10.0.103\Sdks\Microsoft.NET.Sdk\targets\Microsoft.NET.Sdk.targets(799,5): message :       
       C:\Program Files\dotnet\sdk\10.0.103\Sdks\Microsoft.NET.Sdk\targets\Microsoft.NET.Sdk.targets(799,5): message :       ResolveReferences;
       C:\Program Files\dotnet\sdk\10.0.103\Sdks\Microsoft.NET.Sdk\targets\Microsoft.NET.Sdk.targets(799,5): message :       ResolveKeySource;
       C:\Program Files\dotnet\sdk\10.0.103\Sdks\Microsoft.NET.Sdk\targets\Microsoft.NET.Sdk.targets(799,5): message :       SetWin32ManifestProperties;
       C:\Program Files\dotnet\sdk\10.0.103\Sdks\Microsoft.NET.Sdk\targets\Microsoft.NET.Sdk.targets(799,5): message :       _SetPreferNativeArm64Win32ManifestProperties;
       C:\Program Files\dotnet\sdk\10.0.103\Sdks\Microsoft.NET.Sdk\targets\Microsoft.NET.Sdk.targets(799,5): message :       FindReferenceAssembliesForReferences;
       C:\Program Files\dotnet\sdk\10.0.103\Sdks\Microsoft.NET.Sdk\targets\Microsoft.NET.Sdk.targets(799,5): message :       _GenerateCompileInputs;
       C:\Program Files\dotnet\sdk\10.0.103\Sdks\Microsoft.NET.Sdk\targets\Microsoft.NET.Sdk.targets(799,5): message :       BeforeCompile;
       C:\Program Files\dotnet\sdk\10.0.103\Sdks\Microsoft.NET.Sdk\targets\Microsoft.NET.Sdk.targets(799,5): message :       _TimeStampBeforeCompile;
       C:\Program Files\dotnet\sdk\10.0.103\Sdks\Microsoft.NET.Sdk\targets\Microsoft.NET.Sdk.targets(799,5): message :       _GenerateCompileDependencyCache;
       C:\Program Files\dotnet\sdk\10.0.103\Sdks\Microsoft.NET.Sdk\targets\Microsoft.NET.Sdk.targets(799,5): message :       CoreCompile;
       C:\Program Files\dotnet\sdk\10.0.103\Sdks\Microsoft.NET.Sdk\targets\Microsoft.NET.Sdk.targets(799,5): message :       _TimeStampAfterCompile;
       C:\Program Files\dotnet\sdk\10.0.103\Sdks\Microsoft.NET.Sdk\targets\Microsoft.NET.Sdk.targets(799,5): message :       AfterCompile;
       C:\Program Files\dotnet\sdk\10.0.103\Sdks\Microsoft.NET.Sdk\targets\Microsoft.NET.Sdk.targets(799,5): message :     ;
       C:\Program Files\dotnet\sdk\10.0.103\Sdks\Microsoft.NET.Sdk\targets\Microsoft.NET.Sdk.targets(799,5): message :       _CreateAppHost;
       C:\Program Files\dotnet\sdk\10.0.103\Sdks\Microsoft.NET.Sdk\targets\Microsoft.NET.Sdk.targets(799,5): message :       _CreateComHost;
       C:\Program Files\dotnet\sdk\10.0.103\Sdks\Microsoft.NET.Sdk\targets\Microsoft.NET.Sdk.targets(799,5): message :       _GetIjwHostPaths;
       C:\Program Files\dotnet\sdk\10.0.103\Sdks\Microsoft.NET.Sdk\targets\Microsoft.NET.Sdk.targets(799,5): message :     " (previous value: "
       C:\Program Files\dotnet\sdk\10.0.103\Sdks\Microsoft.NET.Sdk\targets\Microsoft.NET.Sdk.targets(799,5): message :       ResolveReferences;
       C:\Program Files\dotnet\sdk\10.0.103\Sdks\Microsoft.NET.Sdk\targets\Microsoft.NET.Sdk.targets(799,5): message :       ResolveKeySource;
       C:\Program Files\dotnet\sdk\10.0.103\Sdks\Microsoft.NET.Sdk\targets\Microsoft.NET.Sdk.targets(799,5): message :       SetWin32ManifestProperties;
       C:\Program Files\dotnet\sdk\10.0.103\Sdks\Microsoft.NET.Sdk\targets\Microsoft.NET.Sdk.targets(799,5): message :       _SetPreferNativeArm64Win32ManifestProperties;
       C:\Program Files\dotnet\sdk\10.0.103\Sdks\Microsoft.NET.Sdk\targets\Microsoft.NET.Sdk.targets(799,5): message :       FindReferenceAssembliesForReferences;
       C:\Program Files\dotnet\sdk\10.0.103\Sdks\Microsoft.NET.Sdk\targets\Microsoft.NET.Sdk.targets(799,5): message :       _GenerateCompileInputs;
       C:\Program Files\dotnet\sdk\10.0.103\Sdks\Microsoft.NET.Sdk\targets\Microsoft.NET.Sdk.targets(799,5): message :       BeforeCompile;
       C:\Program Files\dotnet\sdk\10.0.103\Sdks\Microsoft.NET.Sdk\targets\Microsoft.NET.Sdk.targets(799,5): message :       _TimeStampBeforeCompile;
       C:\Program Files\dotnet\sdk\10.0.103\Sdks\Microsoft.NET.Sdk\targets\Microsoft.NET.Sdk.targets(799,5): message :       _GenerateCompileDependencyCache;
       C:\Program Files\dotnet\sdk\10.0.103\Sdks\Microsoft.NET.Sdk\targets\Microsoft.NET.Sdk.targets(799,5): message :       CoreCompile;
       C:\Program Files\dotnet\sdk\10.0.103\Sdks\Microsoft.NET.Sdk\targets\Microsoft.NET.Sdk.targets(799,5): message :       _TimeStampAfterCompile;
       C:\Program Files\dotnet\sdk\10.0.103\Sdks\Microsoft.NET.Sdk\targets\Microsoft.NET.Sdk.targets(799,5): message :       AfterCompile;
       C:\Program Files\dotnet\sdk\10.0.103\Sdks\Microsoft.NET.Sdk\targets\Microsoft.NET.Sdk.targets(799,5): message :     ") at C:\Program Files\dotnet\sdk\10.0.103\Sdks\Microsoft.NET.Sdk\targets\Microsoft.NET.Sdk.targets (799,5)
       C:\Program Files\dotnet\sdk\10.0.103\Sdks\Microsoft.NET.Sdk\targets\Microsoft.NET.Sdk.targets(1131,5): message : Property reassignment: $(CreateSatelliteAssembliesDependsOn)="
       C:\Program Files\dotnet\sdk\10.0.103\Sdks\Microsoft.NET.Sdk\targets\Microsoft.NET.Sdk.targets(1131,5): message :       
       C:\Program Files\dotnet\sdk\10.0.103\Sdks\Microsoft.NET.Sdk\targets\Microsoft.NET.Sdk.targets(1131,5): message :       ;
       C:\Program Files\dotnet\sdk\10.0.103\Sdks\Microsoft.NET.Sdk\targets\Microsoft.NET.Sdk.targets(1131,5): message :       _GenerateSatelliteAssemblyInputs;
       C:\Program Files\dotnet\sdk\10.0.103\Sdks\Microsoft.NET.Sdk\targets\Microsoft.NET.Sdk.targets(1131,5): message :       ComputeIntermediateSatelliteAssemblies;
       C:\Program Files\dotnet\sdk\10.0.103\Sdks\Microsoft.NET.Sdk\targets\Microsoft.NET.Sdk.targets(1131,5): message :       GenerateSatelliteAssemblies
       C:\Program Files\dotnet\sdk\10.0.103\Sdks\Microsoft.NET.Sdk\targets\Microsoft.NET.Sdk.targets(1131,5): message :     ;
       C:\Program Files\dotnet\sdk\10.0.103\Sdks\Microsoft.NET.Sdk\targets\Microsoft.NET.Sdk.targets(1131,5): message :       CoreGenerateSatelliteAssemblies
       C:\Program Files\dotnet\sdk\10.0.103\Sdks\Microsoft.NET.Sdk\targets\Microsoft.NET.Sdk.targets(1131,5): message :     " (previous value: "
       C:\Program Files\dotnet\sdk\10.0.103\Sdks\Microsoft.NET.Sdk\targets\Microsoft.NET.Sdk.targets(1131,5): message :       ;
       C:\Program Files\dotnet\sdk\10.0.103\Sdks\Microsoft.NET.Sdk\targets\Microsoft.NET.Sdk.targets(1131,5): message :       _GenerateSatelliteAssemblyInputs;
       C:\Program Files\dotnet\sdk\10.0.103\Sdks\Microsoft.NET.Sdk\targets\Microsoft.NET.Sdk.targets(1131,5): message :       ComputeIntermediateSatelliteAssemblies;
       C:\Program Files\dotnet\sdk\10.0.103\Sdks\Microsoft.NET.Sdk\targets\Microsoft.NET.Sdk.targets(1131,5): message :       GenerateSatelliteAssemblies
       C:\Program Files\dotnet\sdk\10.0.103\Sdks\Microsoft.NET.Sdk\targets\Microsoft.NET.Sdk.targets(1131,5): message :     ") at C:\Program Files\dotnet\sdk\10.0.103\Sdks\Microsoft.NET.Sdk\targets\Microsoft.NET.Sdk.targets (1131,5)
       C:\Program Files\dotnet\sdk\10.0.103\Sdks\Microsoft.SourceLink.GitLab\build\Microsoft.SourceLink.GitLab.targets(12,5): message : Property reassignment: $(SourceLinkUrlInitializerTargets)=";_InitializeGitHubSourceLinkUrl;_InitializeGitLabSourceLinkUrl" (previous value: ";_InitializeGitHubSourceLinkUrl") at C:\Program Files\dotnet\sdk\10.0.103\Sdks\Microsoft.SourceLink.GitLab\build\Microsoft.SourceLink.GitLab.targets (12,5)
       C:\Program Files\dotnet\sdk\10.0.103\Sdks\Microsoft.SourceLink.GitLab\build\Microsoft.SourceLink.GitLab.targets(13,5): message : Property reassignment: $(SourceControlManagerUrlTranslationTargets)=";TranslateGitHubUrlsInSourceControlInformation;TranslateGitLabUrlsInSourceControlInformation" (previous value: ";TranslateGitHubUrlsInSourceControlInformation") at C:\Program Files\dotnet\sdk\10.0.103\Sdks\Microsoft.SourceLink.GitLab\build\Microsoft.SourceLink.GitLab.targets (13,5)
       C:\Program Files\dotnet\sdk\10.0.103\Sdks\Microsoft.SourceLink.AzureRepos.Git\build\Microsoft.SourceLink.AzureRepos.Git.targets(12,5): message : Property reassignment: $(SourceLinkUrlInitializerTargets)=";_InitializeGitHubSourceLinkUrl;_InitializeGitLabSourceLinkUrl;_InitializeAzureReposGitSourceLinkUrl" (previous value: ";_InitializeGitHubSourceLinkUrl;_InitializeGitLabSourceLinkUrl") at C:\Program Files\dotnet\sdk\10.0.103\Sdks\Microsoft.SourceLink.AzureRepos.Git\build\Microsoft.SourceLink.AzureRepos.Git.targets (12,5)
       C:\Program Files\dotnet\sdk\10.0.103\Sdks\Microsoft.SourceLink.AzureRepos.Git\build\Microsoft.SourceLink.AzureRepos.Git.targets(13,5): message : Property reassignment: $(SourceControlManagerUrlTranslationTargets)=";TranslateGitHubUrlsInSourceControlInformation;TranslateGitLabUrlsInSourceControlInformation;TranslateAzureReposGitUrlsInSourceControlInformation" (previous value: ";TranslateGitHubUrlsInSourceControlInformation;TranslateGitLabUrlsInSourceControlInformation") at C:\Program Files\dotnet\sdk\10.0.103\Sdks\Microsoft.SourceLink.AzureRepos.Git\build\Microsoft.SourceLink.AzureRepos.Git.targets (13,5)
       C:\Program Files\dotnet\sdk\10.0.103\Sdks\Microsoft.SourceLink.Bitbucket.Git\build\Microsoft.SourceLink.Bitbucket.Git.targets(12,5): message : Property reassignment: $(SourceLinkUrlInitializerTargets)=";_InitializeGitHubSourceLinkUrl;_InitializeGitLabSourceLinkUrl;_InitializeAzureReposGitSourceLinkUrl;_InitializeBitbucketGitSourceLinkUrl" (previous value: ";_InitializeGitHubSourceLinkUrl;_InitializeGitLabSourceLinkUrl;_InitializeAzureReposGitSourceLinkUrl") at C:\Program Files\dotnet\sdk\10.0.103\Sdks\Microsoft.SourceLink.Bitbucket.Git\build\Microsoft.SourceLink.Bitbucket.Git.targets (12,5)
       C:\Program Files\dotnet\sdk\10.0.103\Sdks\Microsoft.SourceLink.Bitbucket.Git\build\Microsoft.SourceLink.Bitbucket.Git.targets(13,5): message : Property reassignment: $(SourceControlManagerUrlTranslationTargets)=";TranslateGitHubUrlsInSourceControlInformation;TranslateGitLabUrlsInSourceControlInformation;TranslateAzureReposGitUrlsInSourceControlInformation;TranslateBitbucketGitUrlsInSourceControlInformation" (previous value: ";TranslateGitHubUrlsInSourceControlInformation;TranslateGitLabUrlsInSourceControlInformation;TranslateAzureReposGitUrlsInSourceControlInformation") at C:\Program Files\dotnet\sdk\10.0.103\Sdks\Microsoft.SourceLink.Bitbucket.Git\build\Microsoft.SourceLink.Bitbucket.Git.targets (13,5)
       C:\Program Files\dotnet\sdk\10.0.103\Sdks\Microsoft.NET.Sdk\targets\Microsoft.NET.DesignerSupport.targets(21,5): message : Property reassignment: $(DesignerRuntimeImplementationProjectOutputGroupDependsOn)="
       C:\Program Files\dotnet\sdk\10.0.103\Sdks\Microsoft.NET.Sdk\targets\Microsoft.NET.DesignerSupport.targets(21,5): message :       
       C:\Program Files\dotnet\sdk\10.0.103\Sdks\Microsoft.NET.Sdk\targets\Microsoft.NET.DesignerSupport.targets(21,5): message :       ;
       C:\Program Files\dotnet\sdk\10.0.103\Sdks\Microsoft.NET.Sdk\targets\Microsoft.NET.DesignerSupport.targets(21,5): message :       
       C:\Program Files\dotnet\sdk\10.0.103\Sdks\Microsoft.NET.Sdk\targets\Microsoft.NET.DesignerSupport.targets(21,5): message :       ;
       C:\Program Files\dotnet\sdk\10.0.103\Sdks\Microsoft.NET.Sdk\targets\Microsoft.NET.DesignerSupport.targets(21,5): message :       BuildOnlySettings;
       C:\Program Files\dotnet\sdk\10.0.103\Sdks\Microsoft.NET.Sdk\targets\Microsoft.NET.DesignerSupport.targets(21,5): message :       PrepareForBuild;
       C:\Program Files\dotnet\sdk\10.0.103\Sdks\Microsoft.NET.Sdk\targets\Microsoft.NET.DesignerSupport.targets(21,5): message :       AssignTargetPaths;
       C:\Program Files\dotnet\sdk\10.0.103\Sdks\Microsoft.NET.Sdk\targets\Microsoft.NET.DesignerSupport.targets(21,5): message :       ResolveReferences
       C:\Program Files\dotnet\sdk\10.0.103\Sdks\Microsoft.NET.Sdk\targets\Microsoft.NET.DesignerSupport.targets(21,5): message :     
       C:\Program Files\dotnet\sdk\10.0.103\Sdks\Microsoft.NET.Sdk\targets\Microsoft.NET.DesignerSupport.targets(21,5): message :     ;
       C:\Program Files\dotnet\sdk\10.0.103\Sdks\Microsoft.NET.Sdk\targets\Microsoft.NET.DesignerSupport.targets(21,5): message :       _GenerateDesignerDepsFile;
       C:\Program Files\dotnet\sdk\10.0.103\Sdks\Microsoft.NET.Sdk\targets\Microsoft.NET.DesignerSupport.targets(21,5): message :       _GenerateDesignerRuntimeConfigFile;
       C:\Program Files\dotnet\sdk\10.0.103\Sdks\Microsoft.NET.Sdk\targets\Microsoft.NET.DesignerSupport.targets(21,5): message :       GetCopyToOutputDirectoryItems;
       C:\Program Files\dotnet\sdk\10.0.103\Sdks\Microsoft.NET.Sdk\targets\Microsoft.NET.DesignerSupport.targets(21,5): message :       _GatherDesignerShadowCopyFiles;
       C:\Program Files\dotnet\sdk\10.0.103\Sdks\Microsoft.NET.Sdk\targets\Microsoft.NET.DesignerSupport.targets(21,5): message :     " (previous value: "
       C:\Program Files\dotnet\sdk\10.0.103\Sdks\Microsoft.NET.Sdk\targets\Microsoft.NET.DesignerSupport.targets(21,5): message :       ;
       C:\Program Files\dotnet\sdk\10.0.103\Sdks\Microsoft.NET.Sdk\targets\Microsoft.NET.DesignerSupport.targets(21,5): message :       
       C:\Program Files\dotnet\sdk\10.0.103\Sdks\Microsoft.NET.Sdk\targets\Microsoft.NET.DesignerSupport.targets(21,5): message :       ;
       C:\Program Files\dotnet\sdk\10.0.103\Sdks\Microsoft.NET.Sdk\targets\Microsoft.NET.DesignerSupport.targets(21,5): message :       BuildOnlySettings;
       C:\Program Files\dotnet\sdk\10.0.103\Sdks\Microsoft.NET.Sdk\targets\Microsoft.NET.DesignerSupport.targets(21,5): message :       PrepareForBuild;
       C:\Program Files\dotnet\sdk\10.0.103\Sdks\Microsoft.NET.Sdk\targets\Microsoft.NET.DesignerSupport.targets(21,5): message :       AssignTargetPaths;
       C:\Program Files\dotnet\sdk\10.0.103\Sdks\Microsoft.NET.Sdk\targets\Microsoft.NET.DesignerSupport.targets(21,5): message :       ResolveReferences
       C:\Program Files\dotnet\sdk\10.0.103\Sdks\Microsoft.NET.Sdk\targets\Microsoft.NET.DesignerSupport.targets(21,5): message :     
       C:\Program Files\dotnet\sdk\10.0.103\Sdks\Microsoft.NET.Sdk\targets\Microsoft.NET.DesignerSupport.targets(21,5): message :     ") at C:\Program Files\dotnet\sdk\10.0.103\Sdks\Microsoft.NET.Sdk\targets\Microsoft.NET.DesignerSupport.targets (21,5)
       C:\Program Files\dotnet\sdk\10.0.103\Sdks\Microsoft.NET.Sdk\targets\Microsoft.NET.DefaultOutputPaths.targets(127,5): message : Property reassignment: $(DefaultItemExcludes)=";bin\Debug\/**;obj\Debug\/**" (previous value: ";bin\Debug\/**") at C:\Program Files\dotnet\sdk\10.0.103\Sdks\Microsoft.NET.Sdk\targets\Microsoft.NET.DefaultOutputPaths.targets (127,5)
       C:\Program Files\dotnet\sdk\10.0.103\Sdks\Microsoft.NET.Sdk\targets\Microsoft.NET.Sdk.CSharp.targets(31,5): message : Property reassignment: $(DefineConstants)="TRACE;DEBUG" (previous value: "TRACE") at C:\Program Files\dotnet\sdk\10.0.103\Sdks\Microsoft.NET.Sdk\targets\Microsoft.NET.Sdk.CSharp.targets (31,5)
       C:\Program Files\dotnet\sdk\10.0.103\Sdks\Microsoft.NET.Sdk\targets\Microsoft.NET.DefaultOutputPaths.targets(142,5): message : Property reassignment: $(OutputPath)="bin\Debug\net10.0\" (previous value: "bin\Debug\") at C:\Program Files\dotnet\sdk\10.0.103\Sdks\Microsoft.NET.Sdk\targets\Microsoft.NET.DefaultOutputPaths.targets (142,5)
       C:\Program Files\dotnet\sdk\10.0.103\Sdks\Microsoft.NET.Sdk\targets\Microsoft.NET.DefaultOutputPaths.targets(147,5): message : Property reassignment: $(IntermediateOutputPath)="obj\Debug\net10.0\" (previous value: "obj\Debug\") at C:\Program Files\dotnet\sdk\10.0.103\Sdks\Microsoft.NET.Sdk\targets\Microsoft.NET.DefaultOutputPaths.targets (147,5)
       C:\Program Files\dotnet\sdk\10.0.103\Sdks\Microsoft.NET.Sdk\targets\Microsoft.NET.Sdk.CSharp.targets(45,5): message : Property reassignment: $(WarningsAsErrors)=";NU1605;SYSLIB0011" (previous value: ";NU1605") at C:\Program Files\dotnet\sdk\10.0.103\Sdks\Microsoft.NET.Sdk\targets\Microsoft.NET.Sdk.CSharp.targets (45,5)
       C:\Program Files\dotnet\sdk\10.0.103\Sdks\Microsoft.NET.Sdk\targets\Microsoft.NET.Windows.targets(49,5): message : Property reassignment: $(TargetPlatformVersion)="7.0" (previous value: "") at C:\Program Files\dotnet\sdk\10.0.103\Sdks\Microsoft.NET.Sdk\targets\Microsoft.NET.Windows.targets (49,5)
       C:\Program Files\dotnet\sdk\10.0.103\Sdks\Microsoft.NET.Sdk\targets\Microsoft.NET.Windows.targets(50,5): message : Property reassignment: $(EffectiveTargetPlatformVersion)="7.0" (previous value: "") at C:\Program Files\dotnet\sdk\10.0.103\Sdks\Microsoft.NET.Sdk\targets\Microsoft.NET.Windows.targets (50,5)
       C:\Program Files\dotnet\sdk\10.0.103\Sdks\Microsoft.NET.Sdk\targets\Microsoft.NET.Windows.targets(60,5): message : Property reassignment: $(SupportedOSPlatformVersion)="7.0" (previous value: "") at C:\Program Files\dotnet\sdk\10.0.103\Sdks\Microsoft.NET.Sdk\targets\Microsoft.NET.Windows.targets (60,5)
       C:\Program Files\dotnet\sdk\10.0.103\Sdks\Microsoft.NET.Sdk\targets\Microsoft.NET.Windows.targets(61,5): message : Property reassignment: $(TargetPlatformMinVersion)="7.0" (previous value: "") at C:\Program Files\dotnet\sdk\10.0.103\Sdks\Microsoft.NET.Sdk\targets\Microsoft.NET.Windows.targets (61,5)
       C:\Program Files\dotnet\sdk\10.0.103\Sdks\Microsoft.NET.Sdk\targets\Microsoft.NET.Windows.targets(239,5): message : Property reassignment: $(_RunCsWinRTGeneratorPropertyInputsCachePath)="c:\Apps\TicketConsolidator\src\TicketConsolidator.Web\obj\Debug\net10.0-windows\TicketConsolidator.Web.cswinrtgen.cache" (previous value: "obj\Debug\net10.0-windows\TicketConsolidator.Web.cswinrtgen.cache") at C:\Program Files\dotnet\sdk\10.0.103\Sdks\Microsoft.NET.Sdk\targets\Microsoft.NET.Windows.targets (239,5)
       C:\Program Files\dotnet\sdk\10.0.103\Sdks\Microsoft.NET.Sdk\targets\Microsoft.NET.Sdk.targets(1497,5): message : Property reassignment: $(TargetPlatformDisplayName)="Windows 7.0" (previous value: "Windows ") at C:\Program Files\dotnet\sdk\10.0.103\Sdks\Microsoft.NET.Sdk\targets\Microsoft.NET.Sdk.targets (1497,5)
       C:\Program Files\dotnet\sdk\10.0.103\NuGet.Build.Tasks.Pack.targets(34,5): message : Property reassignment: $(PackageDescription)="Package Description" (previous value: "") at C:\Program Files\dotnet\sdk\10.0.103\NuGet.Build.Tasks.Pack.targets (34,5)
       C:\Program Files\dotnet\sdk\10.0.103\NuGet.Build.Tasks.Pack.targets(59,5): message : Property reassignment: $(GenerateNuspecDependsOn)="Build;_LoadPackInputItems; _GetTargetFrameworksOutput; _WalkEachTargetPerFramework; _GetPackageFiles; " (previous value: "_LoadPackInputItems; _GetTargetFrameworksOutput; _WalkEachTargetPerFramework; _GetPackageFiles; ") at C:\Program Files\dotnet\sdk\10.0.103\NuGet.Build.Tasks.Pack.targets (59,5)
       C:\Program Files\dotnet\sdk\10.0.103\Sdks\Microsoft.NET.Sdk\Sdk\Sdk.targets(59,5): message : Property reassignment: $(_IsNotSetContainersTargetsDir)="true" (previous value: "false") at C:\Program Files\dotnet\sdk\10.0.103\Sdks\Microsoft.NET.Sdk\Sdk\Sdk.targets (59,5)
       C:\Program Files\dotnet\sdk\10.0.103\Containers\build\Microsoft.NET.Build.Containers.targets(5,5): message : Property reassignment: $(_IsSDKContainerAllowedVersion)="true" (previous value: "false") at C:\Program Files\dotnet\sdk\10.0.103\Containers\build\Microsoft.NET.Build.Containers.targets (5,5)
       C:\Program Files\dotnet\sdk\10.0.103\Containers\build\Microsoft.NET.Build.Containers.targets(15,5): message : Property reassignment: $(_ContainerIsTargetingNet8TFM)="true" (previous value: "false") at C:\Program Files\dotnet\sdk\10.0.103\Containers\build\Microsoft.NET.Build.Containers.targets (15,5)
       C:\Program Files\dotnet\sdk\10.0.103\Sdks\Microsoft.NET.Sdk.StaticWebAssets\targets\Sdk.StaticWebAssets.CurrentVersion.targets(37,18): message : Property 'DOTNET_HOST_PATH' with value 'C:\Program Files\dotnet\dotnet.exe' expanded from the environment.
       C:\Program Files\dotnet\sdk\10.0.103\Sdks\Microsoft.NET.Sdk\targets\Microsoft.NET.Sdk.BeforeCommon.targets(371,5): message : Property reassignment: $(RoslynTargetsPath)="C:\Program Files\dotnet\sdk\10.0.103\Sdks\Microsoft.NET.Sdk\targets\..\..\..\Roslyn" (previous value: "C:\Program Files\dotnet\sdk\10.0.103\Roslyn") at C:\Program Files\dotnet\sdk\10.0.103\Sdks\Microsoft.NET.Sdk\targets\Microsoft.NET.Sdk.BeforeCommon.targets (371,5)
       C:\Program Files\dotnet\sdk\10.0.103\Sdks\Microsoft.NET.Sdk.StaticWebAssets\targets\Microsoft.NET.Sdk.StaticWebAssets.targets(286,5): message : Property reassignment: $(PrepareForRunDependsOn)="StaticWebAssetsPrepareForRun;
       C:\Program Files\dotnet\sdk\10.0.103\Sdks\Microsoft.NET.Sdk.StaticWebAssets\targets\Microsoft.NET.Sdk.StaticWebAssets.targets(286,5): message :       CopyFilesToOutputDirectory
       C:\Program Files\dotnet\sdk\10.0.103\Sdks\Microsoft.NET.Sdk.StaticWebAssets\targets\Microsoft.NET.Sdk.StaticWebAssets.targets(286,5): message :     " (previous value: "
       C:\Program Files\dotnet\sdk\10.0.103\Sdks\Microsoft.NET.Sdk.StaticWebAssets\targets\Microsoft.NET.Sdk.StaticWebAssets.targets(286,5): message :       CopyFilesToOutputDirectory
       C:\Program Files\dotnet\sdk\10.0.103\Sdks\Microsoft.NET.Sdk.StaticWebAssets\targets\Microsoft.NET.Sdk.StaticWebAssets.targets(286,5): message :     ") at C:\Program Files\dotnet\sdk\10.0.103\Sdks\Microsoft.NET.Sdk.StaticWebAssets\targets\Microsoft.NET.Sdk.StaticWebAssets.targets (286,5)
       C:\Program Files\dotnet\sdk\10.0.103\Sdks\Microsoft.NET.Sdk.StaticWebAssets\targets\Microsoft.NET.Sdk.StaticWebAssets.targets(323,5): message : Property reassignment: $(GetCopyToOutputDirectoryItemsDependsOn)="
       C:\Program Files\dotnet\sdk\10.0.103\Sdks\Microsoft.NET.Sdk.StaticWebAssets\targets\Microsoft.NET.Sdk.StaticWebAssets.targets(323,5): message :       AssignTargetPaths;
       C:\Program Files\dotnet\sdk\10.0.103\Sdks\Microsoft.NET.Sdk.StaticWebAssets\targets\Microsoft.NET.Sdk.StaticWebAssets.targets(323,5): message :       
       C:\Program Files\dotnet\sdk\10.0.103\Sdks\Microsoft.NET.Sdk.StaticWebAssets\targets\Microsoft.NET.Sdk.StaticWebAssets.targets(323,5): message :       AssignProjectConfiguration;
       C:\Program Files\dotnet\sdk\10.0.103\Sdks\Microsoft.NET.Sdk.StaticWebAssets\targets\Microsoft.NET.Sdk.StaticWebAssets.targets(323,5): message :       _SplitProjectReferencesByFileExistence
       C:\Program Files\dotnet\sdk\10.0.103\Sdks\Microsoft.NET.Sdk.StaticWebAssets\targets\Microsoft.NET.Sdk.StaticWebAssets.targets(323,5): message :     ;
       C:\Program Files\dotnet\sdk\10.0.103\Sdks\Microsoft.NET.Sdk.StaticWebAssets\targets\Microsoft.NET.Sdk.StaticWebAssets.targets(323,5): message :       _GetProjectReferenceTargetFrameworkProperties;
       C:\Program Files\dotnet\sdk\10.0.103\Sdks\Microsoft.NET.Sdk.StaticWebAssets\targets\Microsoft.NET.Sdk.StaticWebAssets.targets(323,5): message :       _PopulateCommonStateForGetCopyToOutputDirectoryItems
       C:\Program Files\dotnet\sdk\10.0.103\Sdks\Microsoft.NET.Sdk.StaticWebAssets\targets\Microsoft.NET.Sdk.StaticWebAssets.targets(323,5): message :     ;AddStaticWebAssetsManifest;AddStaticWebAssetEndpointsBuildManifest" (previous value: "
       C:\Program Files\dotnet\sdk\10.0.103\Sdks\Microsoft.NET.Sdk.StaticWebAssets\targets\Microsoft.NET.Sdk.StaticWebAssets.targets(323,5): message :       AssignTargetPaths;
       C:\Program Files\dotnet\sdk\10.0.103\Sdks\Microsoft.NET.Sdk.StaticWebAssets\targets\Microsoft.NET.Sdk.StaticWebAssets.targets(323,5): message :       
       C:\Program Files\dotnet\sdk\10.0.103\Sdks\Microsoft.NET.Sdk.StaticWebAssets\targets\Microsoft.NET.Sdk.StaticWebAssets.targets(323,5): message :       AssignProjectConfiguration;
       C:\Program Files\dotnet\sdk\10.0.103\Sdks\Microsoft.NET.Sdk.StaticWebAssets\targets\Microsoft.NET.Sdk.StaticWebAssets.targets(323,5): message :       _SplitProjectReferencesByFileExistence
       C:\Program Files\dotnet\sdk\10.0.103\Sdks\Microsoft.NET.Sdk.StaticWebAssets\targets\Microsoft.NET.Sdk.StaticWebAssets.targets(323,5): message :     ;
       C:\Program Files\dotnet\sdk\10.0.103\Sdks\Microsoft.NET.Sdk.StaticWebAssets\targets\Microsoft.NET.Sdk.StaticWebAssets.targets(323,5): message :       _GetProjectReferenceTargetFrameworkProperties;
       C:\Program Files\dotnet\sdk\10.0.103\Sdks\Microsoft.NET.Sdk.StaticWebAssets\targets\Microsoft.NET.Sdk.StaticWebAssets.targets(323,5): message :       _PopulateCommonStateForGetCopyToOutputDirectoryItems
       C:\Program Files\dotnet\sdk\10.0.103\Sdks\Microsoft.NET.Sdk.StaticWebAssets\targets\Microsoft.NET.Sdk.StaticWebAssets.targets(323,5): message :     ") at C:\Program Files\dotnet\sdk\10.0.103\Sdks\Microsoft.NET.Sdk.StaticWebAssets\targets\Microsoft.NET.Sdk.StaticWebAssets.targets (323,5)
       C:\Program Files\dotnet\sdk\10.0.103\Roslyn\Microsoft.Managed.Core.targets(6,5): message : Property reassignment: $(_BuildTasksDirectory)="C:\Program Files\dotnet\sdk\10.0.103\Sdks\Microsoft.NET.Sdk\targets\..\..\..\Roslyn\" (previous value: "C:\Program Files\dotnet\sdk\10.0.103\Roslyn\") at C:\Program Files\dotnet\sdk\10.0.103\Roslyn\Microsoft.Managed.Core.targets (6,5)
       C:\Program Files\dotnet\sdk\10.0.103\Roslyn\Microsoft.CSharp.Core.targets(200,5): message : Property reassignment: $(CommandLineArgsForDesignTimeEvaluation)="-langversion:14.0 -define:TRACE" (previous value: "-langversion:14.0") at C:\Program Files\dotnet\sdk\10.0.103\Roslyn\Microsoft.CSharp.Core.targets (200,5)
       Overriding target "ResolveFrameworkReferences" in project "C:\Program Files\dotnet\sdk\10.0.103\Microsoft.Common.CurrentVersion.targets" with target "ResolveFrameworkReferences" from project "C:\Program Files\dotnet\sdk\10.0.103\Sdks\Microsoft.NET.Sdk\targets\Microsoft.NET.Sdk.FrameworkReferenceResolution.targets".
       Overriding target "GenerateSupportedTargetFrameworkAlias" in project "C:\Program Files\dotnet\sdk\10.0.103\Microsoft.Common.CurrentVersion.targets" with target "GenerateSupportedTargetFrameworkAlias" from project "C:\Program Files\dotnet\sdk\10.0.103\Sdks\Microsoft.NET.Sdk\targets\Microsoft.NET.Sdk.targets".
       Overriding target "GetReferenceAssemblyPaths" in project "C:\Program Files\dotnet\sdk\10.0.103\Microsoft.Common.CurrentVersion.targets" with target "GetReferenceAssemblyPaths" from project "C:\Program Files\dotnet\sdk\10.0.103\Sdks\Microsoft.NET.Sdk\targets\Microsoft.NET.DisableStandardFrameworkResolution.targets".
       Overriding target "GetFrameworkPaths" in project "C:\Program Files\dotnet\sdk\10.0.103\Microsoft.Common.CurrentVersion.targets" with target "GetFrameworkPaths" from project "C:\Program Files\dotnet\sdk\10.0.103\Sdks\Microsoft.NET.Sdk\targets\Microsoft.NET.DisableStandardFrameworkResolution.targets".
       Overriding target "DesignerRuntimeImplementationProjectOutputGroup" in project "C:\Program Files\dotnet\sdk\10.0.103\Microsoft.Common.CurrentVersion.targets" with target "DesignerRuntimeImplementationProjectOutputGroup" from project "C:\Program Files\dotnet\sdk\10.0.103\Sdks\Microsoft.NET.Sdk\targets\Microsoft.NET.DesignerSupport.targets".
       Overriding target "Publish" in project "C:\Program Files\dotnet\sdk\10.0.103\Microsoft.Common.CurrentVersion.targets" with target "Publish" from project "C:\Program Files\dotnet\sdk\10.0.103\Sdks\Microsoft.NET.Sdk\targets\Microsoft.NET.Publish.targets".
       Overriding target "ResolveReadyToRunCompilers" in project "C:\Program Files\dotnet\sdk\10.0.103\Sdks\Microsoft.NET.Sdk\targets\Microsoft.NET.CrossGen.targets" with target "ResolveReadyToRunCompilers" from project "C:\Program Files\dotnet\sdk\10.0.103\Sdks\Microsoft.NET.Sdk\targets\Microsoft.NET.Publish.targets".
       Overriding target "GetCopyToPublishDirectoryItems" in project "C:\Program Files\dotnet\sdk\10.0.103\Microsoft.Common.CurrentVersion.targets" with target "GetCopyToPublishDirectoryItems" from project "C:\Program Files\dotnet\sdk\10.0.103\Sdks\Microsoft.NET.Sdk\targets\Microsoft.NET.Publish.targets".
       Overriding target "Run" in project "C:\Program Files\dotnet\sdk\10.0.103\Microsoft.Common.CurrentVersion.targets" with target "Run" from project "C:\Program Files\dotnet\sdk\10.0.103\Sdks\Microsoft.NET.Sdk\targets\Microsoft.NET.Sdk.targets".
       Overriding target "SatelliteDllsProjectOutputGroup" in project "C:\Program Files\dotnet\sdk\10.0.103\Microsoft.Common.CurrentVersion.targets" with target "SatelliteDllsProjectOutputGroup" from project "C:\Program Files\dotnet\sdk\10.0.103\Sdks\Microsoft.NET.Sdk.WindowsDesktop\targets\Microsoft.WinFX.targets".
       C:\Program Files\dotnet\sdk\10.0.103\Sdks\Microsoft.NET.Sdk.StaticWebAssets\targets\Microsoft.NET.Sdk.StaticWebAssets.Pack.targets(46,5): message : Property reassignment: $(GenerateNuspecDependsOn)="
       C:\Program Files\dotnet\sdk\10.0.103\Sdks\Microsoft.NET.Sdk.StaticWebAssets\targets\Microsoft.NET.Sdk.StaticWebAssets.Pack.targets(46,5): message :       IncludeStaticWebAssetsPackItems;
       C:\Program Files\dotnet\sdk\10.0.103\Sdks\Microsoft.NET.Sdk.StaticWebAssets\targets\Microsoft.NET.Sdk.StaticWebAssets.Pack.targets(46,5): message :       Build;_LoadPackInputItems; _GetTargetFrameworksOutput; _WalkEachTargetPerFramework; _GetPackageFiles; ;
       C:\Program Files\dotnet\sdk\10.0.103\Sdks\Microsoft.NET.Sdk.StaticWebAssets\targets\Microsoft.NET.Sdk.StaticWebAssets.Pack.targets(46,5): message :     " (previous value: "Build;_LoadPackInputItems; _GetTargetFrameworksOutput; _WalkEachTargetPerFramework; _GetPackageFiles; ") at C:\Program Files\dotnet\sdk\10.0.103\Sdks\Microsoft.NET.Sdk.StaticWebAssets\targets\Microsoft.NET.Sdk.StaticWebAssets.Pack.targets (46,5)
       C:\Program Files\dotnet\sdk\10.0.103\Sdks\Microsoft.NET.Sdk.StaticWebAssets\targets\Microsoft.NET.Sdk.StaticWebAssets.Pack.targets(55,5): message : Property reassignment: $(IncludeStaticWebAssetsPackItemsDependsOn)="
       C:\Program Files\dotnet\sdk\10.0.103\Sdks\Microsoft.NET.Sdk.StaticWebAssets\targets\Microsoft.NET.Sdk.StaticWebAssets.Pack.targets(55,5): message :       Build;
       C:\Program Files\dotnet\sdk\10.0.103\Sdks\Microsoft.NET.Sdk.StaticWebAssets\targets\Microsoft.NET.Sdk.StaticWebAssets.Pack.targets(55,5): message :       ResolveStaticWebAssetsConfiguration;LoadStaticWebAssetsBuildManifest
       C:\Program Files\dotnet\sdk\10.0.103\Sdks\Microsoft.NET.Sdk.StaticWebAssets\targets\Microsoft.NET.Sdk.StaticWebAssets.Pack.targets(55,5): message :     ;
       C:\Program Files\dotnet\sdk\10.0.103\Sdks\Microsoft.NET.Sdk.StaticWebAssets\targets\Microsoft.NET.Sdk.StaticWebAssets.Pack.targets(55,5): message :     " (previous value: "
       C:\Program Files\dotnet\sdk\10.0.103\Sdks\Microsoft.NET.Sdk.StaticWebAssets\targets\Microsoft.NET.Sdk.StaticWebAssets.Pack.targets(55,5): message :       ResolveStaticWebAssetsConfiguration;LoadStaticWebAssetsBuildManifest
       C:\Program Files\dotnet\sdk\10.0.103\Sdks\Microsoft.NET.Sdk.StaticWebAssets\targets\Microsoft.NET.Sdk.StaticWebAssets.Pack.targets(55,5): message :     ") at C:\Program Files\dotnet\sdk\10.0.103\Sdks\Microsoft.NET.Sdk.StaticWebAssets\targets\Microsoft.NET.Sdk.StaticWebAssets.Pack.targets (55,5)
     1>Project "c:\Apps\TicketConsolidator\TicketConsolidator.sln" (1) is building "c:\Apps\TicketConsolidator\src\TicketConsolidator.UI\TicketConsolidator.UI.csproj" (5) on node 4 (_IsProjectRestoreSupported target(s)).
     5>Target "_IsProjectRestoreSupported" in file "C:\Program Files\dotnet\sdk\10.0.103\NuGet.targets" from project "c:\Apps\TicketConsolidator\src\TicketConsolidator.UI\TicketConsolidator.UI.csproj" (entry point):
     5>Done building target "_IsProjectRestoreSupported" in project "TicketConsolidator.UI.csproj".
     5>Done Building Project "c:\Apps\TicketConsolidator\src\TicketConsolidator.UI\TicketConsolidator.UI.csproj" (_IsProjectRestoreSupported target(s)).
     0>C:\Program Files\dotnet\sdk\10.0.103\Sdks\Microsoft.NET.Sdk.StaticWebAssets\targets\Microsoft.NET.Sdk.StaticWebAssets.ScopedCss.targets(55,3): message : Property reassignment: $(ResolveStaticWebAssetsInputsDependsOn)="
C:\Program Files\dotnet\sdk\10.0.103\Sdks\Microsoft.NET.Sdk.StaticWebAssets\targets\Microsoft.NET.Sdk.StaticWebAssets.ScopedCss.targets(55,3): message :     
C:\Program Files\dotnet\sdk\10.0.103\Sdks\Microsoft.NET.Sdk.StaticWebAssets\targets\Microsoft.NET.Sdk.StaticWebAssets.ScopedCss.targets(55,3): message :       ResolveCoreStaticWebAssets;
C:\Program Files\dotnet\sdk\10.0.103\Sdks\Microsoft.NET.Sdk.StaticWebAssets\targets\Microsoft.NET.Sdk.StaticWebAssets.ScopedCss.targets(55,3): message :       GenerateComputedBuildStaticWebAssets;
C:\Program Files\dotnet\sdk\10.0.103\Sdks\Microsoft.NET.Sdk.StaticWebAssets\targets\Microsoft.NET.Sdk.StaticWebAssets.ScopedCss.targets(55,3): message :       
C:\Program Files\dotnet\sdk\10.0.103\Sdks\Microsoft.NET.Sdk.StaticWebAssets\targets\Microsoft.NET.Sdk.StaticWebAssets.ScopedCss.targets(55,3): message :     ;
C:\Program Files\dotnet\sdk\10.0.103\Sdks\Microsoft.NET.Sdk.StaticWebAssets\targets\Microsoft.NET.Sdk.StaticWebAssets.ScopedCss.targets(55,3): message :     ResolveScopedCssAssets;
C:\Program Files\dotnet\sdk\10.0.103\Sdks\Microsoft.NET.Sdk.StaticWebAssets\targets\Microsoft.NET.Sdk.StaticWebAssets.ScopedCss.targets(55,3): message :   " (previous value: "
C:\Program Files\dotnet\sdk\10.0.103\Sdks\Microsoft.NET.Sdk.StaticWebAssets\targets\Microsoft.NET.Sdk.StaticWebAssets.ScopedCss.targets(55,3): message :       ResolveCoreStaticWebAssets;
C:\Program Files\dotnet\sdk\10.0.103\Sdks\Microsoft.NET.Sdk.StaticWebAssets\targets\Microsoft.NET.Sdk.StaticWebAssets.ScopedCss.targets(55,3): message :       GenerateComputedBuildStaticWebAssets;
C:\Program Files\dotnet\sdk\10.0.103\Sdks\Microsoft.NET.Sdk.StaticWebAssets\targets\Microsoft.NET.Sdk.StaticWebAssets.ScopedCss.targets(55,3): message :       
C:\Program Files\dotnet\sdk\10.0.103\Sdks\Microsoft.NET.Sdk.StaticWebAssets\targets\Microsoft.NET.Sdk.StaticWebAssets.ScopedCss.targets(55,3): message :     ") at C:\Program Files\dotnet\sdk\10.0.103\Sdks\Microsoft.NET.Sdk.StaticWebAssets\targets\Microsoft.NET.Sdk.StaticWebAssets.ScopedCss.targets (55,3)
       C:\Program Files\dotnet\sdk\10.0.103\Sdks\Microsoft.NET.Sdk.StaticWebAssets\targets\Microsoft.NET.Sdk.StaticWebAssets.ScopedCss.targets(88,3): message : Property reassignment: $(GenerateComputedBuildStaticWebAssetsDependsOn)="
       C:\Program Files\dotnet\sdk\10.0.103\Sdks\Microsoft.NET.Sdk.StaticWebAssets\targets\Microsoft.NET.Sdk.StaticWebAssets.ScopedCss.targets(88,3): message :     ResolveCoreStaticWebAssets;;
       C:\Program Files\dotnet\sdk\10.0.103\Sdks\Microsoft.NET.Sdk.StaticWebAssets\targets\Microsoft.NET.Sdk.StaticWebAssets.ScopedCss.targets(88,3): message :     BundleScopedCssFiles;
       C:\Program Files\dotnet\sdk\10.0.103\Sdks\Microsoft.NET.Sdk.StaticWebAssets\targets\Microsoft.NET.Sdk.StaticWebAssets.ScopedCss.targets(88,3): message :   " (previous value: "ResolveCoreStaticWebAssets;") at C:\Program Files\dotnet\sdk\10.0.103\Sdks\Microsoft.NET.Sdk.StaticWebAssets\targets\Microsoft.NET.Sdk.StaticWebAssets.ScopedCss.targets (88,3)
       C:\Program Files\dotnet\sdk\10.0.103\Sdks\Microsoft.NET.Sdk.StaticWebAssets\targets\Microsoft.NET.Sdk.StaticWebAssets.JSModules.targets(37,5): message : Property reassignment: $(ResolveCoreStaticWebAssetsDependsOn)="
       C:\Program Files\dotnet\sdk\10.0.103\Sdks\Microsoft.NET.Sdk.StaticWebAssets\targets\Microsoft.NET.Sdk.StaticWebAssets.JSModules.targets(37,5): message :       
       C:\Program Files\dotnet\sdk\10.0.103\Sdks\Microsoft.NET.Sdk.StaticWebAssets\targets\Microsoft.NET.Sdk.StaticWebAssets.JSModules.targets(37,5): message :       UpdateExistingPackageStaticWebAssets;
       C:\Program Files\dotnet\sdk\10.0.103\Sdks\Microsoft.NET.Sdk.StaticWebAssets\targets\Microsoft.NET.Sdk.StaticWebAssets.JSModules.targets(37,5): message :       ResolveProjectStaticWebAssets;
       C:\Program Files\dotnet\sdk\10.0.103\Sdks\Microsoft.NET.Sdk.StaticWebAssets\targets\Microsoft.NET.Sdk.StaticWebAssets.JSModules.targets(37,5): message :       ResolveEmbeddedProjectsStaticWebAssets;
       C:\Program Files\dotnet\sdk\10.0.103\Sdks\Microsoft.NET.Sdk.StaticWebAssets\targets\Microsoft.NET.Sdk.StaticWebAssets.JSModules.targets(37,5): message :       ResolveReferencedProjectsStaticWebAssets;
       C:\Program Files\dotnet\sdk\10.0.103\Sdks\Microsoft.NET.Sdk.StaticWebAssets\targets\Microsoft.NET.Sdk.StaticWebAssets.JSModules.targets(37,5): message :       ;
       C:\Program Files\dotnet\sdk\10.0.103\Sdks\Microsoft.NET.Sdk.StaticWebAssets\targets\Microsoft.NET.Sdk.StaticWebAssets.JSModules.targets(37,5): message :     ;
       C:\Program Files\dotnet\sdk\10.0.103\Sdks\Microsoft.NET.Sdk.StaticWebAssets\targets\Microsoft.NET.Sdk.StaticWebAssets.JSModules.targets(37,5): message :       ResolveJsInitializerModuleStaticWebAssets;
       C:\Program Files\dotnet\sdk\10.0.103\Sdks\Microsoft.NET.Sdk.StaticWebAssets\targets\Microsoft.NET.Sdk.StaticWebAssets.JSModules.targets(37,5): message :     " (previous value: "
       C:\Program Files\dotnet\sdk\10.0.103\Sdks\Microsoft.NET.Sdk.StaticWebAssets\targets\Microsoft.NET.Sdk.StaticWebAssets.JSModules.targets(37,5): message :       UpdateExistingPackageStaticWebAssets;
       C:\Program Files\dotnet\sdk\10.0.103\Sdks\Microsoft.NET.Sdk.StaticWebAssets\targets\Microsoft.NET.Sdk.StaticWebAssets.JSModules.targets(37,5): message :       ResolveProjectStaticWebAssets;
       C:\Program Files\dotnet\sdk\10.0.103\Sdks\Microsoft.NET.Sdk.StaticWebAssets\targets\Microsoft.NET.Sdk.StaticWebAssets.JSModules.targets(37,5): message :       ResolveEmbeddedProjectsStaticWebAssets;
       C:\Program Files\dotnet\sdk\10.0.103\Sdks\Microsoft.NET.Sdk.StaticWebAssets\targets\Microsoft.NET.Sdk.StaticWebAssets.JSModules.targets(37,5): message :       ResolveReferencedProjectsStaticWebAssets;
       C:\Program Files\dotnet\sdk\10.0.103\Sdks\Microsoft.NET.Sdk.StaticWebAssets\targets\Microsoft.NET.Sdk.StaticWebAssets.JSModules.targets(37,5): message :       ;
       C:\Program Files\dotnet\sdk\10.0.103\Sdks\Microsoft.NET.Sdk.StaticWebAssets\targets\Microsoft.NET.Sdk.StaticWebAssets.JSModules.targets(37,5): message :     ") at C:\Program Files\dotnet\sdk\10.0.103\Sdks\Microsoft.NET.Sdk.StaticWebAssets\targets\Microsoft.NET.Sdk.StaticWebAssets.JSModules.targets (37,5)
       C:\Program Files\dotnet\sdk\10.0.103\Sdks\Microsoft.NET.Sdk.StaticWebAssets\targets\Microsoft.NET.Sdk.StaticWebAssets.JSModules.targets(42,5): message : Property reassignment: $(ResolveCoreStaticWebAssetsDependsOn)="
       C:\Program Files\dotnet\sdk\10.0.103\Sdks\Microsoft.NET.Sdk.StaticWebAssets\targets\Microsoft.NET.Sdk.StaticWebAssets.JSModules.targets(42,5): message :       
       C:\Program Files\dotnet\sdk\10.0.103\Sdks\Microsoft.NET.Sdk.StaticWebAssets\targets\Microsoft.NET.Sdk.StaticWebAssets.JSModules.targets(42,5): message :       
       C:\Program Files\dotnet\sdk\10.0.103\Sdks\Microsoft.NET.Sdk.StaticWebAssets\targets\Microsoft.NET.Sdk.StaticWebAssets.JSModules.targets(42,5): message :       UpdateExistingPackageStaticWebAssets;
       C:\Program Files\dotnet\sdk\10.0.103\Sdks\Microsoft.NET.Sdk.StaticWebAssets\targets\Microsoft.NET.Sdk.StaticWebAssets.JSModules.targets(42,5): message :       ResolveProjectStaticWebAssets;
       C:\Program Files\dotnet\sdk\10.0.103\Sdks\Microsoft.NET.Sdk.StaticWebAssets\targets\Microsoft.NET.Sdk.StaticWebAssets.JSModules.targets(42,5): message :       ResolveEmbeddedProjectsStaticWebAssets;
       C:\Program Files\dotnet\sdk\10.0.103\Sdks\Microsoft.NET.Sdk.StaticWebAssets\targets\Microsoft.NET.Sdk.StaticWebAssets.JSModules.targets(42,5): message :       ResolveReferencedProjectsStaticWebAssets;
       C:\Program Files\dotnet\sdk\10.0.103\Sdks\Microsoft.NET.Sdk.StaticWebAssets\targets\Microsoft.NET.Sdk.StaticWebAssets.JSModules.targets(42,5): message :       ;
       C:\Program Files\dotnet\sdk\10.0.103\Sdks\Microsoft.NET.Sdk.StaticWebAssets\targets\Microsoft.NET.Sdk.StaticWebAssets.JSModules.targets(42,5): message :     ;
       C:\Program Files\dotnet\sdk\10.0.103\Sdks\Microsoft.NET.Sdk.StaticWebAssets\targets\Microsoft.NET.Sdk.StaticWebAssets.JSModules.targets(42,5): message :       ResolveJsInitializerModuleStaticWebAssets;
       C:\Program Files\dotnet\sdk\10.0.103\Sdks\Microsoft.NET.Sdk.StaticWebAssets\targets\Microsoft.NET.Sdk.StaticWebAssets.JSModules.targets(42,5): message :     ;
       C:\Program Files\dotnet\sdk\10.0.103\Sdks\Microsoft.NET.Sdk.StaticWebAssets\targets\Microsoft.NET.Sdk.StaticWebAssets.JSModules.targets(42,5): message :       ResolveJSModuleStaticWebAssets;
       C:\Program Files\dotnet\sdk\10.0.103\Sdks\Microsoft.NET.Sdk.StaticWebAssets\targets\Microsoft.NET.Sdk.StaticWebAssets.JSModules.targets(42,5): message :     " (previous value: "
       C:\Program Files\dotnet\sdk\10.0.103\Sdks\Microsoft.NET.Sdk.StaticWebAssets\targets\Microsoft.NET.Sdk.StaticWebAssets.JSModules.targets(42,5): message :       
       C:\Program Files\dotnet\sdk\10.0.103\Sdks\Microsoft.NET.Sdk.StaticWebAssets\targets\Microsoft.NET.Sdk.StaticWebAssets.JSModules.targets(42,5): message :       UpdateExistingPackageStaticWebAssets;
       C:\Program Files\dotnet\sdk\10.0.103\Sdks\Microsoft.NET.Sdk.StaticWebAssets\targets\Microsoft.NET.Sdk.StaticWebAssets.JSModules.targets(42,5): message :       ResolveProjectStaticWebAssets;
       C:\Program Files\dotnet\sdk\10.0.103\Sdks\Microsoft.NET.Sdk.StaticWebAssets\targets\Microsoft.NET.Sdk.StaticWebAssets.JSModules.targets(42,5): message :       ResolveEmbeddedProjectsStaticWebAssets;
       C:\Program Files\dotnet\sdk\10.0.103\Sdks\Microsoft.NET.Sdk.StaticWebAssets\targets\Microsoft.NET.Sdk.StaticWebAssets.JSModules.targets(42,5): message :       ResolveReferencedProjectsStaticWebAssets;
       C:\Program Files\dotnet\sdk\10.0.103\Sdks\Microsoft.NET.Sdk.StaticWebAssets\targets\Microsoft.NET.Sdk.StaticWebAssets.JSModules.targets(42,5): message :       ;
       C:\Program Files\dotnet\sdk\10.0.103\Sdks\Microsoft.NET.Sdk.StaticWebAssets\targets\Microsoft.NET.Sdk.StaticWebAssets.JSModules.targets(42,5): message :     ;
       C:\Program Files\dotnet\sdk\10.0.103\Sdks\Microsoft.NET.Sdk.StaticWebAssets\targets\Microsoft.NET.Sdk.StaticWebAssets.JSModules.targets(42,5): message :       ResolveJsInitializerModuleStaticWebAssets;
       C:\Program Files\dotnet\sdk\10.0.103\Sdks\Microsoft.NET.Sdk.StaticWebAssets\targets\Microsoft.NET.Sdk.StaticWebAssets.JSModules.targets(42,5): message :     ") at C:\Program Files\dotnet\sdk\10.0.103\Sdks\Microsoft.NET.Sdk.StaticWebAssets\targets\Microsoft.NET.Sdk.StaticWebAssets.JSModules.targets (42,5)
       C:\Program Files\dotnet\sdk\10.0.103\Sdks\Microsoft.NET.Sdk.StaticWebAssets\targets\Microsoft.NET.Sdk.StaticWebAssets.JSModules.targets(57,5): message : Property reassignment: $(ResolveStaticWebAssetsInputsDependsOn)="
       C:\Program Files\dotnet\sdk\10.0.103\Sdks\Microsoft.NET.Sdk.StaticWebAssets\targets\Microsoft.NET.Sdk.StaticWebAssets.JSModules.targets(57,5): message :       ResolveJSModuleManifestBuildStaticWebAssets;
       C:\Program Files\dotnet\sdk\10.0.103\Sdks\Microsoft.NET.Sdk.StaticWebAssets\targets\Microsoft.NET.Sdk.StaticWebAssets.JSModules.targets(57,5): message :       
       C:\Program Files\dotnet\sdk\10.0.103\Sdks\Microsoft.NET.Sdk.StaticWebAssets\targets\Microsoft.NET.Sdk.StaticWebAssets.JSModules.targets(57,5): message :     
       C:\Program Files\dotnet\sdk\10.0.103\Sdks\Microsoft.NET.Sdk.StaticWebAssets\targets\Microsoft.NET.Sdk.StaticWebAssets.JSModules.targets(57,5): message :       ResolveCoreStaticWebAssets;
       C:\Program Files\dotnet\sdk\10.0.103\Sdks\Microsoft.NET.Sdk.StaticWebAssets\targets\Microsoft.NET.Sdk.StaticWebAssets.JSModules.targets(57,5): message :       GenerateComputedBuildStaticWebAssets;
       C:\Program Files\dotnet\sdk\10.0.103\Sdks\Microsoft.NET.Sdk.StaticWebAssets\targets\Microsoft.NET.Sdk.StaticWebAssets.JSModules.targets(57,5): message :       
       C:\Program Files\dotnet\sdk\10.0.103\Sdks\Microsoft.NET.Sdk.StaticWebAssets\targets\Microsoft.NET.Sdk.StaticWebAssets.JSModules.targets(57,5): message :     ;
       C:\Program Files\dotnet\sdk\10.0.103\Sdks\Microsoft.NET.Sdk.StaticWebAssets\targets\Microsoft.NET.Sdk.StaticWebAssets.JSModules.targets(57,5): message :     ResolveScopedCssAssets;
       C:\Program Files\dotnet\sdk\10.0.103\Sdks\Microsoft.NET.Sdk.StaticWebAssets\targets\Microsoft.NET.Sdk.StaticWebAssets.JSModules.targets(57,5): message :   
       C:\Program Files\dotnet\sdk\10.0.103\Sdks\Microsoft.NET.Sdk.StaticWebAssets\targets\Microsoft.NET.Sdk.StaticWebAssets.JSModules.targets(57,5): message :     " (previous value: "
       C:\Program Files\dotnet\sdk\10.0.103\Sdks\Microsoft.NET.Sdk.StaticWebAssets\targets\Microsoft.NET.Sdk.StaticWebAssets.JSModules.targets(57,5): message :     
       C:\Program Files\dotnet\sdk\10.0.103\Sdks\Microsoft.NET.Sdk.StaticWebAssets\targets\Microsoft.NET.Sdk.StaticWebAssets.JSModules.targets(57,5): message :       ResolveCoreStaticWebAssets;
       C:\Program Files\dotnet\sdk\10.0.103\Sdks\Microsoft.NET.Sdk.StaticWebAssets\targets\Microsoft.NET.Sdk.StaticWebAssets.JSModules.targets(57,5): message :       GenerateComputedBuildStaticWebAssets;
       C:\Program Files\dotnet\sdk\10.0.103\Sdks\Microsoft.NET.Sdk.StaticWebAssets\targets\Microsoft.NET.Sdk.StaticWebAssets.JSModules.targets(57,5): message :       
       C:\Program Files\dotnet\sdk\10.0.103\Sdks\Microsoft.NET.Sdk.StaticWebAssets\targets\Microsoft.NET.Sdk.StaticWebAssets.JSModules.targets(57,5): message :     ;
       C:\Program Files\dotnet\sdk\10.0.103\Sdks\Microsoft.NET.Sdk.StaticWebAssets\targets\Microsoft.NET.Sdk.StaticWebAssets.JSModules.targets(57,5): message :     ResolveScopedCssAssets;
       C:\Program Files\dotnet\sdk\10.0.103\Sdks\Microsoft.NET.Sdk.StaticWebAssets\targets\Microsoft.NET.Sdk.StaticWebAssets.JSModules.targets(57,5): message :   ") at C:\Program Files\dotnet\sdk\10.0.103\Sdks\Microsoft.NET.Sdk.StaticWebAssets\targets\Microsoft.NET.Sdk.StaticWebAssets.JSModules.targets (57,5)
       C:\Program Files\dotnet\sdk\10.0.103\Sdks\Microsoft.NET.Sdk.StaticWebAssets\targets\Microsoft.NET.Sdk.StaticWebAssets.JSModules.targets(76,5): message : Property reassignment: $(ResolvePublishStaticWebAssetsDependsOn)="
       C:\Program Files\dotnet\sdk\10.0.103\Sdks\Microsoft.NET.Sdk.StaticWebAssets\targets\Microsoft.NET.Sdk.StaticWebAssets.JSModules.targets(76,5): message :       ResolveJSModuleManifestPublishStaticWebAssets;
       C:\Program Files\dotnet\sdk\10.0.103\Sdks\Microsoft.NET.Sdk.StaticWebAssets\targets\Microsoft.NET.Sdk.StaticWebAssets.JSModules.targets(76,5): message :       
       C:\Program Files\dotnet\sdk\10.0.103\Sdks\Microsoft.NET.Sdk.StaticWebAssets\targets\Microsoft.NET.Sdk.StaticWebAssets.JSModules.targets(76,5): message :       ResolveCorePublishStaticWebAssets;
       C:\Program Files\dotnet\sdk\10.0.103\Sdks\Microsoft.NET.Sdk.StaticWebAssets\targets\Microsoft.NET.Sdk.StaticWebAssets.JSModules.targets(76,5): message :       GenerateComputedPublishStaticWebAssets;
       C:\Program Files\dotnet\sdk\10.0.103\Sdks\Microsoft.NET.Sdk.StaticWebAssets\targets\Microsoft.NET.Sdk.StaticWebAssets.JSModules.targets(76,5): message :       ;
       C:\Program Files\dotnet\sdk\10.0.103\Sdks\Microsoft.NET.Sdk.StaticWebAssets\targets\Microsoft.NET.Sdk.StaticWebAssets.JSModules.targets(76,5): message :     
       C:\Program Files\dotnet\sdk\10.0.103\Sdks\Microsoft.NET.Sdk.StaticWebAssets\targets\Microsoft.NET.Sdk.StaticWebAssets.JSModules.targets(76,5): message :     " (previous value: "
       C:\Program Files\dotnet\sdk\10.0.103\Sdks\Microsoft.NET.Sdk.StaticWebAssets\targets\Microsoft.NET.Sdk.StaticWebAssets.JSModules.targets(76,5): message :       ResolveCorePublishStaticWebAssets;
       C:\Program Files\dotnet\sdk\10.0.103\Sdks\Microsoft.NET.Sdk.StaticWebAssets\targets\Microsoft.NET.Sdk.StaticWebAssets.JSModules.targets(76,5): message :       GenerateComputedPublishStaticWebAssets;
       C:\Program Files\dotnet\sdk\10.0.103\Sdks\Microsoft.NET.Sdk.StaticWebAssets\targets\Microsoft.NET.Sdk.StaticWebAssets.JSModules.targets(76,5): message :       ;
       C:\Program Files\dotnet\sdk\10.0.103\Sdks\Microsoft.NET.Sdk.StaticWebAssets\targets\Microsoft.NET.Sdk.StaticWebAssets.JSModules.targets(76,5): message :     ") at C:\Program Files\dotnet\sdk\10.0.103\Sdks\Microsoft.NET.Sdk.StaticWebAssets\targets\Microsoft.NET.Sdk.StaticWebAssets.JSModules.targets (76,5)
       C:\Program Files\dotnet\sdk\10.0.103\Sdks\Microsoft.NET.Sdk.StaticWebAssets\targets\Microsoft.NET.Sdk.StaticWebAssets.Compression.targets(185,5): message : Property reassignment: $(ResolveBuildRelatedStaticWebAssetsDependsOn)="
       C:\Program Files\dotnet\sdk\10.0.103\Sdks\Microsoft.NET.Sdk.StaticWebAssets\targets\Microsoft.NET.Sdk.StaticWebAssets.Compression.targets(185,5): message :       ResolveBuildCompressedStaticWebAssets;
       C:\Program Files\dotnet\sdk\10.0.103\Sdks\Microsoft.NET.Sdk.StaticWebAssets\targets\Microsoft.NET.Sdk.StaticWebAssets.Compression.targets(185,5): message :       
       C:\Program Files\dotnet\sdk\10.0.103\Sdks\Microsoft.NET.Sdk.StaticWebAssets\targets\Microsoft.NET.Sdk.StaticWebAssets.Compression.targets(185,5): message :       ResolveStaticWebAssetsInputs;
       C:\Program Files\dotnet\sdk\10.0.103\Sdks\Microsoft.NET.Sdk.StaticWebAssets\targets\Microsoft.NET.Sdk.StaticWebAssets.Compression.targets(185,5): message :       
       C:\Program Files\dotnet\sdk\10.0.103\Sdks\Microsoft.NET.Sdk.StaticWebAssets\targets\Microsoft.NET.Sdk.StaticWebAssets.Compression.targets(185,5): message :     
       C:\Program Files\dotnet\sdk\10.0.103\Sdks\Microsoft.NET.Sdk.StaticWebAssets\targets\Microsoft.NET.Sdk.StaticWebAssets.Compression.targets(185,5): message :     " (previous value: "
       C:\Program Files\dotnet\sdk\10.0.103\Sdks\Microsoft.NET.Sdk.StaticWebAssets\targets\Microsoft.NET.Sdk.StaticWebAssets.Compression.targets(185,5): message :       ResolveStaticWebAssetsInputs;
       C:\Program Files\dotnet\sdk\10.0.103\Sdks\Microsoft.NET.Sdk.StaticWebAssets\targets\Microsoft.NET.Sdk.StaticWebAssets.Compression.targets(185,5): message :       
       C:\Program Files\dotnet\sdk\10.0.103\Sdks\Microsoft.NET.Sdk.StaticWebAssets\targets\Microsoft.NET.Sdk.StaticWebAssets.Compression.targets(185,5): message :     ") at C:\Program Files\dotnet\sdk\10.0.103\Sdks\Microsoft.NET.Sdk.StaticWebAssets\targets\Microsoft.NET.Sdk.StaticWebAssets.Compression.targets (185,5)
       C:\Program Files\dotnet\sdk\10.0.103\Sdks\Microsoft.NET.Sdk.StaticWebAssets\targets\Microsoft.NET.Sdk.StaticWebAssets.Compression.targets(204,5): message : Property reassignment: $(ResolvePublishRelatedStaticWebAssetsDependsOn)="
       C:\Program Files\dotnet\sdk\10.0.103\Sdks\Microsoft.NET.Sdk.StaticWebAssets\targets\Microsoft.NET.Sdk.StaticWebAssets.Compression.targets(204,5): message :       ResolvePublishCompressedStaticWebAssets;
       C:\Program Files\dotnet\sdk\10.0.103\Sdks\Microsoft.NET.Sdk.StaticWebAssets\targets\Microsoft.NET.Sdk.StaticWebAssets.Compression.targets(204,5): message :       
       C:\Program Files\dotnet\sdk\10.0.103\Sdks\Microsoft.NET.Sdk.StaticWebAssets\targets\Microsoft.NET.Sdk.StaticWebAssets.Compression.targets(204,5): message :     " (previous value: "") at C:\Program Files\dotnet\sdk\10.0.103\Sdks\Microsoft.NET.Sdk.StaticWebAssets\targets\Microsoft.NET.Sdk.StaticWebAssets.Compression.targets (204,5)
       C:\Program Files\dotnet\sdk\10.0.103\Sdks\Microsoft.NET.Sdk.Razor\targets\Sdk.Razor.CurrentVersion.targets(220,5): message : Property reassignment: $(DebugSymbolsProjectOutputGroupDependsOn)="
       C:\Program Files\dotnet\sdk\10.0.103\Sdks\Microsoft.NET.Sdk.Razor\targets\Sdk.Razor.CurrentVersion.targets(220,5): message :       ;
       C:\Program Files\dotnet\sdk\10.0.103\Sdks\Microsoft.NET.Sdk.Razor\targets\Sdk.Razor.CurrentVersion.targets(220,5): message :       _RazorAddDebugSymbolsProjectOutputGroupOutput
       C:\Program Files\dotnet\sdk\10.0.103\Sdks\Microsoft.NET.Sdk.Razor\targets\Sdk.Razor.CurrentVersion.targets(220,5): message :     " (previous value: "") at C:\Program Files\dotnet\sdk\10.0.103\Sdks\Microsoft.NET.Sdk.Razor\targets\Sdk.Razor.CurrentVersion.targets (220,5)
       C:\Program Files\dotnet\sdk\10.0.103\Sdks\Microsoft.NET.Sdk.Razor\targets\Sdk.Razor.CurrentVersion.targets(225,5): message : Property reassignment: $(PrepareForBuildDependsOn)="
       C:\Program Files\dotnet\sdk\10.0.103\Sdks\Microsoft.NET.Sdk.Razor\targets\Sdk.Razor.CurrentVersion.targets(225,5): message :       ;GetFrameworkPaths;GetReferenceAssemblyPaths;AssignLinkMetadata;
       C:\Program Files\dotnet\sdk\10.0.103\Sdks\Microsoft.NET.Sdk.Razor\targets\Sdk.Razor.CurrentVersion.targets(225,5): message :       ResolveRazorGenerateInputs
       C:\Program Files\dotnet\sdk\10.0.103\Sdks\Microsoft.NET.Sdk.Razor\targets\Sdk.Razor.CurrentVersion.targets(225,5): message :     " (previous value: ";GetFrameworkPaths;GetReferenceAssemblyPaths;AssignLinkMetadata") at C:\Program Files\dotnet\sdk\10.0.103\Sdks\Microsoft.NET.Sdk.Razor\targets\Sdk.Razor.CurrentVersion.targets (225,5)
       C:\Program Files\dotnet\sdk\10.0.103\Sdks\Microsoft.NET.Sdk.Razor\targets\Sdk.Razor.CurrentVersion.targets(230,5): message : Property reassignment: $(GenerateNuspecDependsOn)="
       C:\Program Files\dotnet\sdk\10.0.103\Sdks\Microsoft.NET.Sdk.Razor\targets\Sdk.Razor.CurrentVersion.targets(230,5): message :       ResolveRazorGenerateInputs;
       C:\Program Files\dotnet\sdk\10.0.103\Sdks\Microsoft.NET.Sdk.Razor\targets\Sdk.Razor.CurrentVersion.targets(230,5): message :       
       C:\Program Files\dotnet\sdk\10.0.103\Sdks\Microsoft.NET.Sdk.Razor\targets\Sdk.Razor.CurrentVersion.targets(230,5): message :       IncludeStaticWebAssetsPackItems;
       C:\Program Files\dotnet\sdk\10.0.103\Sdks\Microsoft.NET.Sdk.Razor\targets\Sdk.Razor.CurrentVersion.targets(230,5): message :       Build;_LoadPackInputItems; _GetTargetFrameworksOutput; _WalkEachTargetPerFramework; _GetPackageFiles; ;
       C:\Program Files\dotnet\sdk\10.0.103\Sdks\Microsoft.NET.Sdk.Razor\targets\Sdk.Razor.CurrentVersion.targets(230,5): message :     
       C:\Program Files\dotnet\sdk\10.0.103\Sdks\Microsoft.NET.Sdk.Razor\targets\Sdk.Razor.CurrentVersion.targets(230,5): message :     " (previous value: "
       C:\Program Files\dotnet\sdk\10.0.103\Sdks\Microsoft.NET.Sdk.Razor\targets\Sdk.Razor.CurrentVersion.targets(230,5): message :       IncludeStaticWebAssetsPackItems;
       C:\Program Files\dotnet\sdk\10.0.103\Sdks\Microsoft.NET.Sdk.Razor\targets\Sdk.Razor.CurrentVersion.targets(230,5): message :       Build;_LoadPackInputItems; _GetTargetFrameworksOutput; _WalkEachTargetPerFramework; _GetPackageFiles; ;
       C:\Program Files\dotnet\sdk\10.0.103\Sdks\Microsoft.NET.Sdk.Razor\targets\Sdk.Razor.CurrentVersion.targets(230,5): message :     ") at C:\Program Files\dotnet\sdk\10.0.103\Sdks\Microsoft.NET.Sdk.Razor\targets\Sdk.Razor.CurrentVersion.targets (230,5)
       C:\Program Files\dotnet\sdk\10.0.103\Sdks\Microsoft.NET.Sdk.Razor\targets\Sdk.Razor.CurrentVersion.targets(235,5): message : Property reassignment: $(PrepareForRunDependsOn)="
       C:\Program Files\dotnet\sdk\10.0.103\Sdks\Microsoft.NET.Sdk.Razor\targets\Sdk.Razor.CurrentVersion.targets(235,5): message :       _RazorPrepareForRun;
       C:\Program Files\dotnet\sdk\10.0.103\Sdks\Microsoft.NET.Sdk.Razor\targets\Sdk.Razor.CurrentVersion.targets(235,5): message :       StaticWebAssetsPrepareForRun;
       C:\Program Files\dotnet\sdk\10.0.103\Sdks\Microsoft.NET.Sdk.Razor\targets\Sdk.Razor.CurrentVersion.targets(235,5): message :       CopyFilesToOutputDirectory
       C:\Program Files\dotnet\sdk\10.0.103\Sdks\Microsoft.NET.Sdk.Razor\targets\Sdk.Razor.CurrentVersion.targets(235,5): message :     
       C:\Program Files\dotnet\sdk\10.0.103\Sdks\Microsoft.NET.Sdk.Razor\targets\Sdk.Razor.CurrentVersion.targets(235,5): message :     " (previous value: "StaticWebAssetsPrepareForRun;
       C:\Program Files\dotnet\sdk\10.0.103\Sdks\Microsoft.NET.Sdk.Razor\targets\Sdk.Razor.CurrentVersion.targets(235,5): message :       CopyFilesToOutputDirectory
       C:\Program Files\dotnet\sdk\10.0.103\Sdks\Microsoft.NET.Sdk.Razor\targets\Sdk.Razor.CurrentVersion.targets(235,5): message :     ") at C:\Program Files\dotnet\sdk\10.0.103\Sdks\Microsoft.NET.Sdk.Razor\targets\Sdk.Razor.CurrentVersion.targets (235,5)
       C:\Program Files\dotnet\sdk\10.0.103\Sdks\Microsoft.NET.Sdk.Razor\targets\Sdk.Razor.CurrentVersion.targets(326,5): message : Property reassignment: $(UseRazorBuildServer)="true" (previous value: "") at C:\Program Files\dotnet\sdk\10.0.103\Sdks\Microsoft.NET.Sdk.Razor\targets\Sdk.Razor.CurrentVersion.targets (326,5)
       C:\Program Files\dotnet\sdk\10.0.103\Sdks\Microsoft.NET.Sdk.Razor\targets\Sdk.Razor.CurrentVersion.targets(332,5): message : Property reassignment: $(_RazorDebugSymbolsProduced)="true" (previous value: "false") at C:\Program Files\dotnet\sdk\10.0.103\Sdks\Microsoft.NET.Sdk.Razor\targets\Sdk.Razor.CurrentVersion.targets (332,5)
       C:\Program Files\dotnet\sdk\10.0.103\Sdks\Microsoft.NET.Sdk.Razor\targets\Microsoft.NET.Sdk.Razor.GenerateAssemblyInfo.targets(36,5): message : Property reassignment: $(GenerateRazorTargetAssemblyInfoDependsOn)="
       C:\Program Files\dotnet\sdk\10.0.103\Sdks\Microsoft.NET.Sdk.Razor\targets\Microsoft.NET.Sdk.Razor.GenerateAssemblyInfo.targets(36,5): message :       _ResolveMvcAssemblyAttributes;
       C:\Program Files\dotnet\sdk\10.0.103\Sdks\Microsoft.NET.Sdk.Razor\targets\Microsoft.NET.Sdk.Razor.GenerateAssemblyInfo.targets(36,5): message :       
       C:\Program Files\dotnet\sdk\10.0.103\Sdks\Microsoft.NET.Sdk.Razor\targets\Microsoft.NET.Sdk.Razor.GenerateAssemblyInfo.targets(36,5): message :       GetRazorTargetAssemblyAttributes;
       C:\Program Files\dotnet\sdk\10.0.103\Sdks\Microsoft.NET.Sdk.Razor\targets\Microsoft.NET.Sdk.Razor.GenerateAssemblyInfo.targets(36,5): message :       _CreateRazorTargetAssemblyInfoInputsCacheFile;
       C:\Program Files\dotnet\sdk\10.0.103\Sdks\Microsoft.NET.Sdk.Razor\targets\Microsoft.NET.Sdk.Razor.GenerateAssemblyInfo.targets(36,5): message :       CoreGenerateRazorTargetAssemblyInfo
       C:\Program Files\dotnet\sdk\10.0.103\Sdks\Microsoft.NET.Sdk.Razor\targets\Microsoft.NET.Sdk.Razor.GenerateAssemblyInfo.targets(36,5): message :     
       C:\Program Files\dotnet\sdk\10.0.103\Sdks\Microsoft.NET.Sdk.Razor\targets\Microsoft.NET.Sdk.Razor.GenerateAssemblyInfo.targets(36,5): message :     " (previous value: "
       C:\Program Files\dotnet\sdk\10.0.103\Sdks\Microsoft.NET.Sdk.Razor\targets\Microsoft.NET.Sdk.Razor.GenerateAssemblyInfo.targets(36,5): message :       GetRazorTargetAssemblyAttributes;
       C:\Program Files\dotnet\sdk\10.0.103\Sdks\Microsoft.NET.Sdk.Razor\targets\Microsoft.NET.Sdk.Razor.GenerateAssemblyInfo.targets(36,5): message :       _CreateRazorTargetAssemblyInfoInputsCacheFile;
       C:\Program Files\dotnet\sdk\10.0.103\Sdks\Microsoft.NET.Sdk.Razor\targets\Microsoft.NET.Sdk.Razor.GenerateAssemblyInfo.targets(36,5): message :       CoreGenerateRazorTargetAssemblyInfo
       C:\Program Files\dotnet\sdk\10.0.103\Sdks\Microsoft.NET.Sdk.Razor\targets\Microsoft.NET.Sdk.Razor.GenerateAssemblyInfo.targets(36,5): message :     ") at C:\Program Files\dotnet\sdk\10.0.103\Sdks\Microsoft.NET.Sdk.Razor\targets\Microsoft.NET.Sdk.Razor.GenerateAssemblyInfo.targets (36,5)
       C:\Program Files\dotnet\sdk\10.0.103\Sdks\Microsoft.NET.Sdk.Razor\targets\Microsoft.NET.Sdk.Razor.GenerateAssemblyInfo.targets(181,5): message : Property reassignment: $(CoreCompileDependsOn)="
       C:\Program Files\dotnet\sdk\10.0.103\Sdks\Microsoft.NET.Sdk.Razor\targets\Microsoft.NET.Sdk.Razor.GenerateAssemblyInfo.targets(181,5): message :       ;_ComputeNonExistentFileProperty;ResolveCodeAnalysisRuleSet;
       C:\Program Files\dotnet\sdk\10.0.103\Sdks\Microsoft.NET.Sdk.Razor\targets\Microsoft.NET.Sdk.Razor.GenerateAssemblyInfo.targets(181,5): message :       _GenerateRazorAssemblyInfo
       C:\Program Files\dotnet\sdk\10.0.103\Sdks\Microsoft.NET.Sdk.Razor\targets\Microsoft.NET.Sdk.Razor.GenerateAssemblyInfo.targets(181,5): message :     " (previous value: ";_ComputeNonExistentFileProperty;ResolveCodeAnalysisRuleSet") at C:\Program Files\dotnet\sdk\10.0.103\Sdks\Microsoft.NET.Sdk.Razor\targets\Microsoft.NET.Sdk.Razor.GenerateAssemblyInfo.targets (181,5)
       C:\Program Files\dotnet\sdk\10.0.103\Sdks\Microsoft.NET.Sdk.Razor\targets\Microsoft.NET.Sdk.Razor.GenerateAssemblyInfo.targets(189,5): message : Property reassignment: $(_GenerateRazorAssemblyInfoDependsOn)="
       C:\Program Files\dotnet\sdk\10.0.103\Sdks\Microsoft.NET.Sdk.Razor\targets\Microsoft.NET.Sdk.Razor.GenerateAssemblyInfo.targets(189,5): message :       _ResolveMvcAssemblyAttributes;
       C:\Program Files\dotnet\sdk\10.0.103\Sdks\Microsoft.NET.Sdk.Razor\targets\Microsoft.NET.Sdk.Razor.GenerateAssemblyInfo.targets(189,5): message :       RazorGetAssemblyAttributes;PrepareForBuild;_CoreGenerateRazorAssemblyInfo;
       C:\Program Files\dotnet\sdk\10.0.103\Sdks\Microsoft.NET.Sdk.Razor\targets\Microsoft.NET.Sdk.Razor.GenerateAssemblyInfo.targets(189,5): message :     " (previous value: "RazorGetAssemblyAttributes;PrepareForBuild;_CoreGenerateRazorAssemblyInfo") at C:\Program Files\dotnet\sdk\10.0.103\Sdks\Microsoft.NET.Sdk.Razor\targets\Microsoft.NET.Sdk.Razor.GenerateAssemblyInfo.targets (189,5)
       The "Platform" property is a global property, and cannot be modified.
       The "Configuration" property is a global property, and cannot be modified.
       C:\Program Files\dotnet\sdk\10.0.103\Microsoft.Common.CurrentVersion.targets(175,5): message : Property reassignment: $(_DebugSymbolsProduced)="true" (previous value: "false") at C:\Program Files\dotnet\sdk\10.0.103\Microsoft.Common.CurrentVersion.targets (175,5)
       C:\Program Files\dotnet\sdk\10.0.103\Microsoft.Common.CurrentVersion.targets(185,5): message : Property reassignment: $(_DocumentationFileProduced)="false" (previous value: "true") at C:\Program Files\dotnet\sdk\10.0.103\Microsoft.Common.CurrentVersion.targets (185,5)
       C:\Program Files\dotnet\sdk\10.0.103\Sdks\Microsoft.NET.Sdk.Razor\targets\Microsoft.NET.Sdk.Razor.MvcApplicationPartsDiscovery.targets(22,5): message : Property reassignment: $(CoreCompileDependsOn)="
       C:\Program Files\dotnet\sdk\10.0.103\Sdks\Microsoft.NET.Sdk.Razor\targets\Microsoft.NET.Sdk.Razor.MvcApplicationPartsDiscovery.targets(22,5): message :       _DiscoverMvcApplicationParts;
       C:\Program Files\dotnet\sdk\10.0.103\Sdks\Microsoft.NET.Sdk.Razor\targets\Microsoft.NET.Sdk.Razor.MvcApplicationPartsDiscovery.targets(22,5): message :       
       C:\Program Files\dotnet\sdk\10.0.103\Sdks\Microsoft.NET.Sdk.Razor\targets\Microsoft.NET.Sdk.Razor.MvcApplicationPartsDiscovery.targets(22,5): message :       ;_ComputeNonExistentFileProperty;ResolveCodeAnalysisRuleSet;
       C:\Program Files\dotnet\sdk\10.0.103\Sdks\Microsoft.NET.Sdk.Razor\targets\Microsoft.NET.Sdk.Razor.MvcApplicationPartsDiscovery.targets(22,5): message :       _GenerateRazorAssemblyInfo
       C:\Program Files\dotnet\sdk\10.0.103\Sdks\Microsoft.NET.Sdk.Razor\targets\Microsoft.NET.Sdk.Razor.MvcApplicationPartsDiscovery.targets(22,5): message :     ;
       C:\Program Files\dotnet\sdk\10.0.103\Sdks\Microsoft.NET.Sdk.Razor\targets\Microsoft.NET.Sdk.Razor.MvcApplicationPartsDiscovery.targets(22,5): message :     " (previous value: "
       C:\Program Files\dotnet\sdk\10.0.103\Sdks\Microsoft.NET.Sdk.Razor\targets\Microsoft.NET.Sdk.Razor.MvcApplicationPartsDiscovery.targets(22,5): message :       ;_ComputeNonExistentFileProperty;ResolveCodeAnalysisRuleSet;
       C:\Program Files\dotnet\sdk\10.0.103\Sdks\Microsoft.NET.Sdk.Razor\targets\Microsoft.NET.Sdk.Razor.MvcApplicationPartsDiscovery.targets(22,5): message :       _GenerateRazorAssemblyInfo
       C:\Program Files\dotnet\sdk\10.0.103\Sdks\Microsoft.NET.Sdk.Razor\targets\Microsoft.NET.Sdk.Razor.MvcApplicationPartsDiscovery.targets(22,5): message :     ") at C:\Program Files\dotnet\sdk\10.0.103\Sdks\Microsoft.NET.Sdk.Razor\targets\Microsoft.NET.Sdk.Razor.MvcApplicationPartsDiscovery.targets (22,5)
       C:\Program Files\dotnet\sdk\10.0.103\Sdks\Microsoft.NET.Sdk.Razor\targets\Sdk.Razor.CurrentVersion.targets(884,5): message : Property reassignment: $(RazorDesignTimeTargets)="C:\Program Files\dotnet\sdk\10.0.103\Sdks\Microsoft.NET.Sdk.Razor\targets\Microsoft.NET.Sdk.Razor.DesignTime.targets" (previous value: "C:\Program Files\dotnet\sdk\10.0.103\\Microsoft\VisualStudio\Razor\Microsoft.NET.Sdk.Razor.DesignTime.targets") at C:\Program Files\dotnet\sdk\10.0.103\Sdks\Microsoft.NET.Sdk.Razor\targets\Sdk.Razor.CurrentVersion.targets (884,5)
       The "SolutionName" property is a global property, and cannot be modified.
       The "SolutionFileName" property is a global property, and cannot be modified.
       The "SolutionPath" property is a global property, and cannot be modified.
       The "SolutionDir" property is a global property, and cannot be modified.
       The "SolutionExt" property is a global property, and cannot be modified.
       C:\Program Files\dotnet\sdk\10.0.103\Microsoft.Common.CurrentVersion.targets(392,5): message : Property reassignment: $(MSBuildCopyMarkerName)="TicketCo.5E21C0D4" (previous value: "TicketConsolidator.Domain.csproj") at C:\Program Files\dotnet\sdk\10.0.103\Microsoft.Common.CurrentVersion.targets (392,5)
       C:\Program Files\dotnet\sdk\10.0.103\Microsoft.Common.CurrentVersion.targets(393,5): message : Property reassignment: $(MSBuildCopyMarkerName)="TicketCo.5E21C0D4.Up2Date" (previous value: "TicketCo.5E21C0D4") at C:\Program Files\dotnet\sdk\10.0.103\Microsoft.Common.CurrentVersion.targets (393,5)
       C:\Program Files\dotnet\sdk\10.0.103\Microsoft.Common.CurrentVersion.targets(541,5): message : Property reassignment: $(ProcessorArchitecture)="msil" (previous value: "") at C:\Program Files\dotnet\sdk\10.0.103\Microsoft.Common.CurrentVersion.targets (541,5)
       C:\Program Files\dotnet\sdk\10.0.103\Microsoft.Common.CurrentVersion.targets(580,5): message : Property reassignment: $(DelaySign)="" (previous value: "false") at C:\Program Files\dotnet\sdk\10.0.103\Microsoft.Common.CurrentVersion.targets (580,5)
       C:\Program Files\dotnet\sdk\10.0.103\Microsoft.Common.CurrentVersion.targets(2606,5): message : Property 'LOCALAPPDATA' with value 'C:\Users\krish.maniar.ATPL-LAP-723\AppData\Local' expanded from the environment.
       C:\Program Files\dotnet\sdk\10.0.103\Microsoft.Common.CurrentVersion.targets(3934,5): message : Property reassignment: $(_SGenGenerateSerializationAssembliesConfig)="Auto" (previous value: "") at C:\Program Files\dotnet\sdk\10.0.103\Microsoft.Common.CurrentVersion.targets (3934,5)
       C:\Program Files\dotnet\sdk\10.0.103\Microsoft.Common.CurrentVersion.targets(3935,5): message : Property reassignment: $(_SGenGenerateSerializationAssembliesConfig)="Off" (previous value: "Auto") at C:\Program Files\dotnet\sdk\10.0.103\Microsoft.Common.CurrentVersion.targets (3935,5)
       C:\Program Files\dotnet\sdk\10.0.103\Microsoft.Common.CurrentVersion.targets(5146,5): message : Property reassignment: $(_TargetsThatPrepareProjectReferences)="
       C:\Program Files\dotnet\sdk\10.0.103\Microsoft.Common.CurrentVersion.targets(5146,5): message :       AssignProjectConfiguration;
       C:\Program Files\dotnet\sdk\10.0.103\Microsoft.Common.CurrentVersion.targets(5146,5): message :       _SplitProjectReferencesByFileExistence
       C:\Program Files\dotnet\sdk\10.0.103\Microsoft.Common.CurrentVersion.targets(5146,5): message :     " (previous value: "_SplitProjectReferencesByFileExistence") at C:\Program Files\dotnet\sdk\10.0.103\Microsoft.Common.CurrentVersion.targets (5146,5)
       C:\Program Files\dotnet\sdk\10.0.103\Microsoft.Common.CurrentVersion.targets(6959,5): message : Property 'MSBuildExtensionsPath32' with value 'C:\Program Files\dotnet\sdk\10.0.103' expanded from the environment.
       C:\Program Files\dotnet\sdk\10.0.103\Sdks\Microsoft.NET.Sdk.Web.ProjectSystem\targets\Microsoft.NET.Sdk.Web.ProjectSystem.targets(21,5): message : Property reassignment: $(RunWorkingDirectory)="c:\Apps\TicketConsolidator\src\TicketConsolidator.Web" (previous value: "") at C:\Program Files\dotnet\sdk\10.0.103\Sdks\Microsoft.NET.Sdk.Web.ProjectSystem\targets\Microsoft.NET.Sdk.Web.ProjectSystem.targets (21,5)
       The "_RestoreSolutionFileUsed" property is a global property, and cannot be modified.
       The "NuGetInteractive" property is a global property, and cannot be modified.
       C:\Program Files\dotnet\sdk\10.0.103\NuGet.targets(123,5): message : Property reassignment: $(_GenerateRestoreGraphProjectEntryInputProperties)="
       C:\Program Files\dotnet\sdk\10.0.103\NuGet.targets(123,5): message :       ExcludeRestorePackageImports=true;
       C:\Program Files\dotnet\sdk\10.0.103\NuGet.targets(123,5): message :       _RestoreSolutionFileUsed=true;
       C:\Program Files\dotnet\sdk\10.0.103\NuGet.targets(123,5): message :       SolutionDir=c:\Apps\TicketConsolidator\;
       C:\Program Files\dotnet\sdk\10.0.103\NuGet.targets(123,5): message :       SolutionName=TicketConsolidator;
       C:\Program Files\dotnet\sdk\10.0.103\NuGet.targets(123,5): message :       SolutionFileName=TicketConsolidator.sln;
       C:\Program Files\dotnet\sdk\10.0.103\NuGet.targets(123,5): message :       SolutionPath=c:\Apps\TicketConsolidator\TicketConsolidator.sln;
       C:\Program Files\dotnet\sdk\10.0.103\NuGet.targets(123,5): message :       SolutionExt=.sln;
       C:\Program Files\dotnet\sdk\10.0.103\NuGet.targets(123,5): message :     " (previous value: "ExcludeRestorePackageImports=true") at C:\Program Files\dotnet\sdk\10.0.103\NuGet.targets (123,5)
       C:\Program Files\dotnet\sdk\10.0.103\Sdks\Microsoft.NET.Sdk.Publish\targets\Microsoft.NET.Sdk.Publish.targets(60,5): message : Property reassignment: $(PublishProfileImported)="true" (previous value: "false") at C:\Program Files\dotnet\sdk\10.0.103\Sdks\Microsoft.NET.Sdk.Publish\targets\Microsoft.NET.Sdk.Publish.targets (60,5)
       C:\Program Files\dotnet\sdk\10.0.103\Sdks\Microsoft.NET.Sdk.Publish\targets\Microsoft.NET.Sdk.Publish.targets(81,5): message : Property reassignment: $(PublishConfiguration)="Debug" (previous value: "") at C:\Program Files\dotnet\sdk\10.0.103\Sdks\Microsoft.NET.Sdk.Publish\targets\Microsoft.NET.Sdk.Publish.targets (81,5)
       C:\Program Files\dotnet\sdk\10.0.103\Sdks\Microsoft.NET.Sdk.Publish\targets\Microsoft.NET.Sdk.Publish.targets(87,5): message : Property reassignment: $(BaseIntermediateOutputPath)="c:\Apps\TicketConsolidator\src\TicketConsolidator.Web\obj\" (previous value: "obj\") at C:\Program Files\dotnet\sdk\10.0.103\Sdks\Microsoft.NET.Sdk.Publish\targets\Microsoft.NET.Sdk.Publish.targets (87,5)
       C:\Program Files\dotnet\sdk\10.0.103\Sdks\Microsoft.NET.Sdk\targets\Microsoft.PackageDependencyResolution.targets(24,5): message : Property reassignment: $(ProjectAssetsFile)="c:\Apps\TicketConsolidator\src\TicketConsolidator.Domain\obj\project.assets.json" (previous value: "c:\Apps\TicketConsolidator\src\TicketConsolidator.Domain\obj\/project.assets.json") at C:\Program Files\dotnet\sdk\10.0.103\Sdks\Microsoft.NET.Sdk\targets\Microsoft.PackageDependencyResolution.targets (24,5)
       C:\Program Files\dotnet\sdk\10.0.103\Sdks\Microsoft.NET.Sdk\targets\Microsoft.PackageDependencyResolution.targets(29,5): message : Property reassignment: $(ProjectAssetsCacheFile)="c:\Apps\TicketConsolidator\src\TicketConsolidator.Domain\obj\Debug\net10.0\TicketConsolidator.Domain.assets.cache" (previous value: "obj\Debug\net10.0\TicketConsolidator.Domain.assets.cache") at C:\Program Files\dotnet\sdk\10.0.103\Sdks\Microsoft.NET.Sdk\targets\Microsoft.PackageDependencyResolution.targets (29,5)
       C:\Program Files\dotnet\sdk\10.0.103\Sdks\Microsoft.NET.Sdk\targets\Microsoft.PackageDependencyResolution.targets(80,5): message : Property reassignment: $(ResolveAssemblyReferencesDependsOn)="
       C:\Program Files\dotnet\sdk\10.0.103\Sdks\Microsoft.NET.Sdk\targets\Microsoft.PackageDependencyResolution.targets(80,5): message :       
       C:\Program Files\dotnet\sdk\10.0.103\Sdks\Microsoft.NET.Sdk\targets\Microsoft.PackageDependencyResolution.targets(80,5): message :       ResolveProjectReferences;
       C:\Program Files\dotnet\sdk\10.0.103\Sdks\Microsoft.NET.Sdk\targets\Microsoft.PackageDependencyResolution.targets(80,5): message :       FindInvalidProjectReferences;
       C:\Program Files\dotnet\sdk\10.0.103\Sdks\Microsoft.NET.Sdk\targets\Microsoft.PackageDependencyResolution.targets(80,5): message :       GetFrameworkPaths;
       C:\Program Files\dotnet\sdk\10.0.103\Sdks\Microsoft.NET.Sdk\targets\Microsoft.PackageDependencyResolution.targets(80,5): message :       GetReferenceAssemblyPaths;
       C:\Program Files\dotnet\sdk\10.0.103\Sdks\Microsoft.NET.Sdk\targets\Microsoft.PackageDependencyResolution.targets(80,5): message :       PrepareForBuild;
       C:\Program Files\dotnet\sdk\10.0.103\Sdks\Microsoft.NET.Sdk\targets\Microsoft.PackageDependencyResolution.targets(80,5): message :       ResolveSDKReferences;
       C:\Program Files\dotnet\sdk\10.0.103\Sdks\Microsoft.NET.Sdk\targets\Microsoft.PackageDependencyResolution.targets(80,5): message :       ExpandSDKReferences;
       C:\Program Files\dotnet\sdk\10.0.103\Sdks\Microsoft.NET.Sdk\targets\Microsoft.PackageDependencyResolution.targets(80,5): message :     ;
       C:\Program Files\dotnet\sdk\10.0.103\Sdks\Microsoft.NET.Sdk\targets\Microsoft.PackageDependencyResolution.targets(80,5): message :       ResolvePackageDependenciesForBuild;
       C:\Program Files\dotnet\sdk\10.0.103\Sdks\Microsoft.NET.Sdk\targets\Microsoft.PackageDependencyResolution.targets(80,5): message :       _HandlePackageFileConflicts;
       C:\Program Files\dotnet\sdk\10.0.103\Sdks\Microsoft.NET.Sdk\targets\Microsoft.PackageDependencyResolution.targets(80,5): message :     " (previous value: "
       C:\Program Files\dotnet\sdk\10.0.103\Sdks\Microsoft.NET.Sdk\targets\Microsoft.PackageDependencyResolution.targets(80,5): message :       ResolveProjectReferences;
       C:\Program Files\dotnet\sdk\10.0.103\Sdks\Microsoft.NET.Sdk\targets\Microsoft.PackageDependencyResolution.targets(80,5): message :       FindInvalidProjectReferences;
       C:\Program Files\dotnet\sdk\10.0.103\Sdks\Microsoft.NET.Sdk\targets\Microsoft.PackageDependencyResolution.targets(80,5): message :       GetFrameworkPaths;
       C:\Program Files\dotnet\sdk\10.0.103\Sdks\Microsoft.NET.Sdk\targets\Microsoft.PackageDependencyResolution.targets(80,5): message :       GetReferenceAssemblyPaths;
       C:\Program Files\dotnet\sdk\10.0.103\Sdks\Microsoft.NET.Sdk\targets\Microsoft.PackageDependencyResolution.targets(80,5): message :       PrepareForBuild;
       C:\Program Files\dotnet\sdk\10.0.103\Sdks\Microsoft.NET.Sdk\targets\Microsoft.PackageDependencyResolution.targets(80,5): message :       ResolveSDKReferences;
       C:\Program Files\dotnet\sdk\10.0.103\Sdks\Microsoft.NET.Sdk\targets\Microsoft.PackageDependencyResolution.targets(80,5): message :       ExpandSDKReferences;
       C:\Program Files\dotnet\sdk\10.0.103\Sdks\Microsoft.NET.Sdk\targets\Microsoft.PackageDependencyResolution.targets(80,5): message :     ") at C:\Program Files\dotnet\sdk\10.0.103\Sdks\Microsoft.NET.Sdk\targets\Microsoft.PackageDependencyResolution.targets (80,5)
       C:\Program Files\dotnet\sdk\10.0.103\Sdks\Microsoft.NET.Sdk\targets\Microsoft.PackageDependencyResolution.targets(86,5): message : Property reassignment: $(PrepareResourcesDependsOn)="
       C:\Program Files\dotnet\sdk\10.0.103\Sdks\Microsoft.NET.Sdk\targets\Microsoft.PackageDependencyResolution.targets(86,5): message :       ResolvePackageDependenciesForBuild;
       C:\Program Files\dotnet\sdk\10.0.103\Sdks\Microsoft.NET.Sdk\targets\Microsoft.PackageDependencyResolution.targets(86,5): message :       _HandlePackageFileConflicts;
       C:\Program Files\dotnet\sdk\10.0.103\Sdks\Microsoft.NET.Sdk\targets\Microsoft.PackageDependencyResolution.targets(86,5): message :       
       C:\Program Files\dotnet\sdk\10.0.103\Sdks\Microsoft.NET.Sdk\targets\Microsoft.PackageDependencyResolution.targets(86,5): message :       ;
       C:\Program Files\dotnet\sdk\10.0.103\Sdks\Microsoft.NET.Sdk\targets\Microsoft.PackageDependencyResolution.targets(86,5): message :       PrepareResourceNames;
       C:\Program Files\dotnet\sdk\10.0.103\Sdks\Microsoft.NET.Sdk\targets\Microsoft.PackageDependencyResolution.targets(86,5): message :       ResGen;
       C:\Program Files\dotnet\sdk\10.0.103\Sdks\Microsoft.NET.Sdk\targets\Microsoft.PackageDependencyResolution.targets(86,5): message :       CompileLicxFiles
       C:\Program Files\dotnet\sdk\10.0.103\Sdks\Microsoft.NET.Sdk\targets\Microsoft.PackageDependencyResolution.targets(86,5): message :     
       C:\Program Files\dotnet\sdk\10.0.103\Sdks\Microsoft.NET.Sdk\targets\Microsoft.PackageDependencyResolution.targets(86,5): message :     " (previous value: "
       C:\Program Files\dotnet\sdk\10.0.103\Sdks\Microsoft.NET.Sdk\targets\Microsoft.PackageDependencyResolution.targets(86,5): message :       ;
       C:\Program Files\dotnet\sdk\10.0.103\Sdks\Microsoft.NET.Sdk\targets\Microsoft.PackageDependencyResolution.targets(86,5): message :       PrepareResourceNames;
       C:\Program Files\dotnet\sdk\10.0.103\Sdks\Microsoft.NET.Sdk\targets\Microsoft.PackageDependencyResolution.targets(86,5): message :       ResGen;
       C:\Program Files\dotnet\sdk\10.0.103\Sdks\Microsoft.NET.Sdk\targets\Microsoft.PackageDependencyResolution.targets(86,5): message :       CompileLicxFiles
       C:\Program Files\dotnet\sdk\10.0.103\Sdks\Microsoft.NET.Sdk\targets\Microsoft.PackageDependencyResolution.targets(86,5): message :     ") at C:\Program Files\dotnet\sdk\10.0.103\Sdks\Microsoft.NET.Sdk\targets\Microsoft.PackageDependencyResolution.targets (86,5)
       The "EnableDefaultCompileItems" property is a global property, and cannot be modified.
       The "EnableDefaultEmbeddedResourceItems" property is a global property, and cannot be modified.
       The "EnableDefaultNoneItems" property is a global property, and cannot be modified.
       C:\Program Files\dotnet\sdk\10.0.103\Sdks\Microsoft.NET.Sdk\targets\Microsoft.NET.Sdk.DefaultItems.targets(35,5): message : Property reassignment: $(DefaultItemExcludes)=";bin\Debug\/**;obj\Debug\/**;bin\/**" (previous value: ";bin\Debug\/**;obj\Debug\/**") at C:\Program Files\dotnet\sdk\10.0.103\Sdks\Microsoft.NET.Sdk\targets\Microsoft.NET.Sdk.DefaultItems.targets (35,5)
       C:\Program Files\dotnet\sdk\10.0.103\Sdks\Microsoft.NET.Sdk\targets\Microsoft.NET.Sdk.DefaultItems.targets(37,5): message : Property reassignment: $(DefaultItemExcludes)=";bin\Debug\/**;obj\Debug\/**;bin\/**;obj\/**" (previous value: ";bin\Debug\/**;obj\Debug\/**;bin\/**") at C:\Program Files\dotnet\sdk\10.0.103\Sdks\Microsoft.NET.Sdk\targets\Microsoft.NET.Sdk.DefaultItems.targets (37,5)
       C:\Program Files\dotnet\sdk\10.0.103\Sdks\Microsoft.NET.Sdk\targets\Microsoft.NET.Sdk.DefaultItems.targets(40,5): message : Property reassignment: $(DefaultItemExcludes)=";bin\Debug\/**;obj\Debug\/**;bin\/**;obj\/**;**/*.user" (previous value: ";bin\Debug\/**;obj\Debug\/**;bin\/**;obj\/**") at C:\Program Files\dotnet\sdk\10.0.103\Sdks\Microsoft.NET.Sdk\targets\Microsoft.NET.Sdk.DefaultItems.targets (40,5)
       C:\Program Files\dotnet\sdk\10.0.103\Sdks\Microsoft.NET.Sdk\targets\Microsoft.NET.Sdk.DefaultItems.targets(41,5): message : Property reassignment: $(DefaultItemExcludes)=";bin\Debug\/**;obj\Debug\/**;bin\/**;obj\/**;**/*.user;**/*.*proj" (previous value: ";bin\Debug\/**;obj\Debug\/**;bin\/**;obj\/**;**/*.user") at C:\Program Files\dotnet\sdk\10.0.103\Sdks\Microsoft.NET.Sdk\targets\Microsoft.NET.Sdk.DefaultItems.targets (41,5)
       C:\Program Files\dotnet\sdk\10.0.103\Sdks\Microsoft.NET.Sdk\targets\Microsoft.NET.Sdk.DefaultItems.targets(42,5): message : Property reassignment: $(DefaultItemExcludes)=";bin\Debug\/**;obj\Debug\/**;bin\/**;obj\/**;**/*.user;**/*.*proj;**/*.sln" (previous value: ";bin\Debug\/**;obj\Debug\/**;bin\/**;obj\/**;**/*.user;**/*.*proj") at C:\Program Files\dotnet\sdk\10.0.103\Sdks\Microsoft.NET.Sdk\targets\Microsoft.NET.Sdk.DefaultItems.targets (42,5)
       C:\Program Files\dotnet\sdk\10.0.103\Sdks\Microsoft.NET.Sdk\targets\Microsoft.NET.Sdk.DefaultItems.targets(43,5): message : Property reassignment: $(DefaultItemExcludes)=";bin\Debug\/**;obj\Debug\/**;bin\/**;obj\/**;**/*.user;**/*.*proj;**/*.sln;**/*.slnx" (previous value: ";bin\Debug\/**;obj\Debug\/**;bin\/**;obj\/**;**/*.user;**/*.*proj;**/*.sln") at C:\Program Files\dotnet\sdk\10.0.103\Sdks\Microsoft.NET.Sdk\targets\Microsoft.NET.Sdk.DefaultItems.targets (43,5)
       C:\Program Files\dotnet\sdk\10.0.103\Sdks\Microsoft.NET.Sdk\targets\Microsoft.NET.Sdk.DefaultItems.targets(44,5): message : Property reassignment: $(DefaultItemExcludes)=";bin\Debug\/**;obj\Debug\/**;bin\/**;obj\/**;**/*.user;**/*.*proj;**/*.sln;**/*.slnx;**/*.vssscc" (previous value: ";bin\Debug\/**;obj\Debug\/**;bin\/**;obj\/**;**/*.user;**/*.*proj;**/*.sln;**/*.slnx") at C:\Program Files\dotnet\sdk\10.0.103\Sdks\Microsoft.NET.Sdk\targets\Microsoft.NET.Sdk.DefaultItems.targets (44,5)
       C:\Program Files\dotnet\sdk\10.0.103\Sdks\Microsoft.NET.Sdk\targets\Microsoft.NET.Sdk.DefaultItems.targets(45,5): message : Property reassignment: $(DefaultItemExcludes)=";bin\Debug\/**;obj\Debug\/**;bin\/**;obj\/**;**/*.user;**/*.*proj;**/*.sln;**/*.slnx;**/*.vssscc;**/.DS_Store" (previous value: ";bin\Debug\/**;obj\Debug\/**;bin\/**;obj\/**;**/*.user;**/*.*proj;**/*.sln;**/*.slnx;**/*.vssscc") at C:\Program Files\dotnet\sdk\10.0.103\Sdks\Microsoft.NET.Sdk\targets\Microsoft.NET.Sdk.DefaultItems.targets (45,5)
       C:\Program Files\dotnet\sdk\10.0.103\Sdks\Microsoft.NET.Sdk\targets\Microsoft.NET.Sdk.FrameworkReferenceResolution.targets(14,5): message : Property reassignment: $(ResolveAssemblyReferencesDependsOn)="
       C:\Program Files\dotnet\sdk\10.0.103\Sdks\Microsoft.NET.Sdk\targets\Microsoft.NET.Sdk.FrameworkReferenceResolution.targets(14,5): message :       
       C:\Program Files\dotnet\sdk\10.0.103\Sdks\Microsoft.NET.Sdk\targets\Microsoft.NET.Sdk.FrameworkReferenceResolution.targets(14,5): message :       
       C:\Program Files\dotnet\sdk\10.0.103\Sdks\Microsoft.NET.Sdk\targets\Microsoft.NET.Sdk.FrameworkReferenceResolution.targets(14,5): message :       ResolveProjectReferences;
       C:\Program Files\dotnet\sdk\10.0.103\Sdks\Microsoft.NET.Sdk\targets\Microsoft.NET.Sdk.FrameworkReferenceResolution.targets(14,5): message :       FindInvalidProjectReferences;
       C:\Program Files\dotnet\sdk\10.0.103\Sdks\Microsoft.NET.Sdk\targets\Microsoft.NET.Sdk.FrameworkReferenceResolution.targets(14,5): message :       GetFrameworkPaths;
       C:\Program Files\dotnet\sdk\10.0.103\Sdks\Microsoft.NET.Sdk\targets\Microsoft.NET.Sdk.FrameworkReferenceResolution.targets(14,5): message :       GetReferenceAssemblyPaths;
       C:\Program Files\dotnet\sdk\10.0.103\Sdks\Microsoft.NET.Sdk\targets\Microsoft.NET.Sdk.FrameworkReferenceResolution.targets(14,5): message :       PrepareForBuild;
       C:\Program Files\dotnet\sdk\10.0.103\Sdks\Microsoft.NET.Sdk\targets\Microsoft.NET.Sdk.FrameworkReferenceResolution.targets(14,5): message :       ResolveSDKReferences;
       C:\Program Files\dotnet\sdk\10.0.103\Sdks\Microsoft.NET.Sdk\targets\Microsoft.NET.Sdk.FrameworkReferenceResolution.targets(14,5): message :       ExpandSDKReferences;
       C:\Program Files\dotnet\sdk\10.0.103\Sdks\Microsoft.NET.Sdk\targets\Microsoft.NET.Sdk.FrameworkReferenceResolution.targets(14,5): message :     ;
       C:\Program Files\dotnet\sdk\10.0.103\Sdks\Microsoft.NET.Sdk\targets\Microsoft.NET.Sdk.FrameworkReferenceResolution.targets(14,5): message :       ResolvePackageDependenciesForBuild;
       C:\Program Files\dotnet\sdk\10.0.103\Sdks\Microsoft.NET.Sdk\targets\Microsoft.NET.Sdk.FrameworkReferenceResolution.targets(14,5): message :       _HandlePackageFileConflicts;
       C:\Program Files\dotnet\sdk\10.0.103\Sdks\Microsoft.NET.Sdk\targets\Microsoft.NET.Sdk.FrameworkReferenceResolution.targets(14,5): message :     ;
       C:\Program Files\dotnet\sdk\10.0.103\Sdks\Microsoft.NET.Sdk\targets\Microsoft.NET.Sdk.FrameworkReferenceResolution.targets(14,5): message :       ResolveTargetingPackAssets;
       C:\Program Files\dotnet\sdk\10.0.103\Sdks\Microsoft.NET.Sdk\targets\Microsoft.NET.Sdk.FrameworkReferenceResolution.targets(14,5): message :     " (previous value: "
       C:\Program Files\dotnet\sdk\10.0.103\Sdks\Microsoft.NET.Sdk\targets\Microsoft.NET.Sdk.FrameworkReferenceResolution.targets(14,5): message :       
       C:\Program Files\dotnet\sdk\10.0.103\Sdks\Microsoft.NET.Sdk\targets\Microsoft.NET.Sdk.FrameworkReferenceResolution.targets(14,5): message :       ResolveProjectReferences;
       C:\Program Files\dotnet\sdk\10.0.103\Sdks\Microsoft.NET.Sdk\targets\Microsoft.NET.Sdk.FrameworkReferenceResolution.targets(14,5): message :       FindInvalidProjectReferences;
       C:\Program Files\dotnet\sdk\10.0.103\Sdks\Microsoft.NET.Sdk\targets\Microsoft.NET.Sdk.FrameworkReferenceResolution.targets(14,5): message :       GetFrameworkPaths;
       C:\Program Files\dotnet\sdk\10.0.103\Sdks\Microsoft.NET.Sdk\targets\Microsoft.NET.Sdk.FrameworkReferenceResolution.targets(14,5): message :       GetReferenceAssemblyPaths;
       C:\Program Files\dotnet\sdk\10.0.103\Sdks\Microsoft.NET.Sdk\targets\Microsoft.NET.Sdk.FrameworkReferenceResolution.targets(14,5): message :       PrepareForBuild;
       C:\Program Files\dotnet\sdk\10.0.103\Sdks\Microsoft.NET.Sdk\targets\Microsoft.NET.Sdk.FrameworkReferenceResolution.targets(14,5): message :       ResolveSDKReferences;
       C:\Program Files\dotnet\sdk\10.0.103\Sdks\Microsoft.NET.Sdk\targets\Microsoft.NET.Sdk.FrameworkReferenceResolution.targets(14,5): message :       ExpandSDKReferences;
       C:\Program Files\dotnet\sdk\10.0.103\Sdks\Microsoft.NET.Sdk\targets\Microsoft.NET.Sdk.FrameworkReferenceResolution.targets(14,5): message :     ;
       C:\Program Files\dotnet\sdk\10.0.103\Sdks\Microsoft.NET.Sdk\targets\Microsoft.NET.Sdk.FrameworkReferenceResolution.targets(14,5): message :       ResolvePackageDependenciesForBuild;
       C:\Program Files\dotnet\sdk\10.0.103\Sdks\Microsoft.NET.Sdk\targets\Microsoft.NET.Sdk.FrameworkReferenceResolution.targets(14,5): message :       _HandlePackageFileConflicts;
       C:\Program Files\dotnet\sdk\10.0.103\Sdks\Microsoft.NET.Sdk\targets\Microsoft.NET.Sdk.FrameworkReferenceResolution.targets(14,5): message :     ") at C:\Program Files\dotnet\sdk\10.0.103\Sdks\Microsoft.NET.Sdk\targets\Microsoft.NET.Sdk.FrameworkReferenceResolution.targets (14,5)
       C:\Program Files\dotnet\sdk\10.0.103\Sdks\Microsoft.NET.Sdk\targets\Microsoft.NET.Sdk.targets(44,5): message : Property reassignment: $(_GenerateRuntimeConfigurationPropertyInputsCache)="c:\Apps\TicketConsolidator\src\TicketConsolidator.Domain\obj\Debug\net10.0\TicketConsolidator.Domain.genruntimeconfig.cache" (previous value: "obj\Debug\net10.0\TicketConsolidator.Domain.genruntimeconfig.cache") at C:\Program Files\dotnet\sdk\10.0.103\Sdks\Microsoft.NET.Sdk\targets\Microsoft.NET.Sdk.targets (44,5)
       C:\Program Files\dotnet\sdk\10.0.103\Sdks\Microsoft.NET.Sdk\targets\Microsoft.NET.Sdk.targets(46,5): message : Property reassignment: $(_GeneratePublishDependencyFilePropertyInputsCache)="c:\Apps\TicketConsolidator\src\TicketConsolidator.Domain\obj\Debug\net10.0\TicketConsolidator.Domain.genpublishdeps.cache" (previous value: "obj\Debug\net10.0\TicketConsolidator.Domain.genpublishdeps.cache") at C:\Program Files\dotnet\sdk\10.0.103\Sdks\Microsoft.NET.Sdk\targets\Microsoft.NET.Sdk.targets (46,5)
       C:\Program Files\dotnet\sdk\10.0.103\Sdks\Microsoft.NET.Sdk\targets\Microsoft.NET.Sdk.targets(48,5): message : Property reassignment: $(_GenerateSingleFileBundlePropertyInputsCache)="c:\Apps\TicketConsolidator\src\TicketConsolidator.Domain\obj\Debug\net10.0\TicketConsolidator.Domain.genbundle.cache" (previous value: "obj\Debug\net10.0\TicketConsolidator.Domain.genbundle.cache") at C:\Program Files\dotnet\sdk\10.0.103\Sdks\Microsoft.NET.Sdk\targets\Microsoft.NET.Sdk.targets (48,5)
       C:\Program Files\dotnet\sdk\10.0.103\Sdks\Microsoft.NET.Sdk\targets\Microsoft.NET.Sdk.targets(81,5): message : Property reassignment: $(GenerateRuntimeConfigDevFile)="false" (previous value: "true") at C:\Program Files\dotnet\sdk\10.0.103\Sdks\Microsoft.NET.Sdk\targets\Microsoft.NET.Sdk.targets (81,5)
       C:\Program Files\dotnet\sdk\10.0.103\Sdks\Microsoft.NET.Sdk\targets\Microsoft.NET.Sdk.targets(98,5): message : Property 'USERPROFILE' with value 'C:\Users\krish.maniar.ATPL-LAP-723' expanded from the environment.
       C:\Program Files\dotnet\sdk\10.0.103\Sdks\Microsoft.NET.Sdk\targets\Microsoft.NET.Sdk.targets(98,5): message : Property reassignment: $(_DefaultUserProfileRuntimeStorePath)="C:\Users\krish.maniar.ATPL-LAP-723" (previous value: "") at C:\Program Files\dotnet\sdk\10.0.103\Sdks\Microsoft.NET.Sdk\targets\Microsoft.NET.Sdk.targets (98,5)
       C:\Program Files\dotnet\sdk\10.0.103\Sdks\Microsoft.NET.Sdk\targets\Microsoft.NET.Sdk.targets(99,5): message : Property reassignment: $(_DefaultUserProfileRuntimeStorePath)="C:\Users\krish.maniar.ATPL-LAP-723\.dotnet\store" (previous value: "C:\Users\krish.maniar.ATPL-LAP-723") at C:\Program Files\dotnet\sdk\10.0.103\Sdks\Microsoft.NET.Sdk\targets\Microsoft.NET.Sdk.targets (99,5)
       C:\Program Files\dotnet\sdk\10.0.103\Sdks\Microsoft.NET.Sdk\targets\Microsoft.NET.Sdk.targets(144,5): message : Property reassignment: $(AvailablePlatforms)="Any CPU,x86,x64,ARM32" (previous value: "Any CPU,x86,x64") at C:\Program Files\dotnet\sdk\10.0.103\Sdks\Microsoft.NET.Sdk\targets\Microsoft.NET.Sdk.targets (144,5)
       C:\Program Files\dotnet\sdk\10.0.103\Sdks\Microsoft.NET.Sdk\targets\Microsoft.NET.Sdk.targets(148,5): message : Property reassignment: $(AvailablePlatforms)="Any CPU,x86,x64,ARM32,ARM64" (previous value: "Any CPU,x86,x64,ARM32") at C:\Program Files\dotnet\sdk\10.0.103\Sdks\Microsoft.NET.Sdk\targets\Microsoft.NET.Sdk.targets (148,5)
       C:\Program Files\dotnet\sdk\10.0.103\Sdks\Microsoft.NET.Sdk\targets\Microsoft.NET.Sdk.targets(204,5): message : Property reassignment: $(CoreBuildDependsOn)="
       C:\Program Files\dotnet\sdk\10.0.103\Sdks\Microsoft.NET.Sdk\targets\Microsoft.NET.Sdk.targets(204,5): message :       _CheckForBuildWithNoBuild;
       C:\Program Files\dotnet\sdk\10.0.103\Sdks\Microsoft.NET.Sdk\targets\Microsoft.NET.Sdk.targets(204,5): message :       
       C:\Program Files\dotnet\sdk\10.0.103\Sdks\Microsoft.NET.Sdk\targets\Microsoft.NET.Sdk.targets(204,5): message :       BuildOnlySettings;
       C:\Program Files\dotnet\sdk\10.0.103\Sdks\Microsoft.NET.Sdk\targets\Microsoft.NET.Sdk.targets(204,5): message :       PrepareForBuild;
       C:\Program Files\dotnet\sdk\10.0.103\Sdks\Microsoft.NET.Sdk\targets\Microsoft.NET.Sdk.targets(204,5): message :       PreBuildEvent;
       C:\Program Files\dotnet\sdk\10.0.103\Sdks\Microsoft.NET.Sdk\targets\Microsoft.NET.Sdk.targets(204,5): message :       ResolveReferences;
       C:\Program Files\dotnet\sdk\10.0.103\Sdks\Microsoft.NET.Sdk\targets\Microsoft.NET.Sdk.targets(204,5): message :       PrepareResources;
       C:\Program Files\dotnet\sdk\10.0.103\Sdks\Microsoft.NET.Sdk\targets\Microsoft.NET.Sdk.targets(204,5): message :       ResolveKeySource;
       C:\Program Files\dotnet\sdk\10.0.103\Sdks\Microsoft.NET.Sdk\targets\Microsoft.NET.Sdk.targets(204,5): message :       Compile;
       C:\Program Files\dotnet\sdk\10.0.103\Sdks\Microsoft.NET.Sdk\targets\Microsoft.NET.Sdk.targets(204,5): message :       ExportWindowsMDFile;
       C:\Program Files\dotnet\sdk\10.0.103\Sdks\Microsoft.NET.Sdk\targets\Microsoft.NET.Sdk.targets(204,5): message :       UnmanagedUnregistration;
       C:\Program Files\dotnet\sdk\10.0.103\Sdks\Microsoft.NET.Sdk\targets\Microsoft.NET.Sdk.targets(204,5): message :       GenerateSerializationAssemblies;
       C:\Program Files\dotnet\sdk\10.0.103\Sdks\Microsoft.NET.Sdk\targets\Microsoft.NET.Sdk.targets(204,5): message :       CreateSatelliteAssemblies;
       C:\Program Files\dotnet\sdk\10.0.103\Sdks\Microsoft.NET.Sdk\targets\Microsoft.NET.Sdk.targets(204,5): message :       GenerateManifests;
       C:\Program Files\dotnet\sdk\10.0.103\Sdks\Microsoft.NET.Sdk\targets\Microsoft.NET.Sdk.targets(204,5): message :       GetTargetPath;
       C:\Program Files\dotnet\sdk\10.0.103\Sdks\Microsoft.NET.Sdk\targets\Microsoft.NET.Sdk.targets(204,5): message :       PrepareForRun;
       C:\Program Files\dotnet\sdk\10.0.103\Sdks\Microsoft.NET.Sdk\targets\Microsoft.NET.Sdk.targets(204,5): message :       UnmanagedRegistration;
       C:\Program Files\dotnet\sdk\10.0.103\Sdks\Microsoft.NET.Sdk\targets\Microsoft.NET.Sdk.targets(204,5): message :       IncrementalClean;
       C:\Program Files\dotnet\sdk\10.0.103\Sdks\Microsoft.NET.Sdk\targets\Microsoft.NET.Sdk.targets(204,5): message :       PostBuildEvent
       C:\Program Files\dotnet\sdk\10.0.103\Sdks\Microsoft.NET.Sdk\targets\Microsoft.NET.Sdk.targets(204,5): message :     ;
       C:\Program Files\dotnet\sdk\10.0.103\Sdks\Microsoft.NET.Sdk\targets\Microsoft.NET.Sdk.targets(204,5): message :       GenerateBuildDependencyFile;
       C:\Program Files\dotnet\sdk\10.0.103\Sdks\Microsoft.NET.Sdk\targets\Microsoft.NET.Sdk.targets(204,5): message :       GenerateBuildRuntimeConfigurationFiles
       C:\Program Files\dotnet\sdk\10.0.103\Sdks\Microsoft.NET.Sdk\targets\Microsoft.NET.Sdk.targets(204,5): message :     " (previous value: "
       C:\Program Files\dotnet\sdk\10.0.103\Sdks\Microsoft.NET.Sdk\targets\Microsoft.NET.Sdk.targets(204,5): message :       BuildOnlySettings;
       C:\Program Files\dotnet\sdk\10.0.103\Sdks\Microsoft.NET.Sdk\targets\Microsoft.NET.Sdk.targets(204,5): message :       PrepareForBuild;
       C:\Program Files\dotnet\sdk\10.0.103\Sdks\Microsoft.NET.Sdk\targets\Microsoft.NET.Sdk.targets(204,5): message :       PreBuildEvent;
       C:\Program Files\dotnet\sdk\10.0.103\Sdks\Microsoft.NET.Sdk\targets\Microsoft.NET.Sdk.targets(204,5): message :       ResolveReferences;
       C:\Program Files\dotnet\sdk\10.0.103\Sdks\Microsoft.NET.Sdk\targets\Microsoft.NET.Sdk.targets(204,5): message :       PrepareResources;
       C:\Program Files\dotnet\sdk\10.0.103\Sdks\Microsoft.NET.Sdk\targets\Microsoft.NET.Sdk.targets(204,5): message :       ResolveKeySource;
       C:\Program Files\dotnet\sdk\10.0.103\Sdks\Microsoft.NET.Sdk\targets\Microsoft.NET.Sdk.targets(204,5): message :       Compile;
       C:\Program Files\dotnet\sdk\10.0.103\Sdks\Microsoft.NET.Sdk\targets\Microsoft.NET.Sdk.targets(204,5): message :       ExportWindowsMDFile;
       C:\Program Files\dotnet\sdk\10.0.103\Sdks\Microsoft.NET.Sdk\targets\Microsoft.NET.Sdk.targets(204,5): message :       UnmanagedUnregistration;
       C:\Program Files\dotnet\sdk\10.0.103\Sdks\Microsoft.NET.Sdk\targets\Microsoft.NET.Sdk.targets(204,5): message :       GenerateSerializationAssemblies;
       C:\Program Files\dotnet\sdk\10.0.103\Sdks\Microsoft.NET.Sdk\targets\Microsoft.NET.Sdk.targets(204,5): message :       CreateSatelliteAssemblies;
       C:\Program Files\dotnet\sdk\10.0.103\Sdks\Microsoft.NET.Sdk\targets\Microsoft.NET.Sdk.targets(204,5): message :       GenerateManifests;
       C:\Program Files\dotnet\sdk\10.0.103\Sdks\Microsoft.NET.Sdk\targets\Microsoft.NET.Sdk.targets(204,5): message :       GetTargetPath;
       C:\Program Files\dotnet\sdk\10.0.103\Sdks\Microsoft.NET.Sdk\targets\Microsoft.NET.Sdk.targets(204,5): message :       PrepareForRun;
       C:\Program Files\dotnet\sdk\10.0.103\Sdks\Microsoft.NET.Sdk\targets\Microsoft.NET.Sdk.targets(204,5): message :       UnmanagedRegistration;
       C:\Program Files\dotnet\sdk\10.0.103\Sdks\Microsoft.NET.Sdk\targets\Microsoft.NET.Sdk.targets(204,5): message :       IncrementalClean;
       C:\Program Files\dotnet\sdk\10.0.103\Sdks\Microsoft.NET.Sdk\targets\Microsoft.NET.Sdk.targets(204,5): message :       PostBuildEvent
       C:\Program Files\dotnet\sdk\10.0.103\Sdks\Microsoft.NET.Sdk\targets\Microsoft.NET.Sdk.targets(204,5): message :     ") at C:\Program Files\dotnet\sdk\10.0.103\Sdks\Microsoft.NET.Sdk\targets\Microsoft.NET.Sdk.targets (204,5)
       C:\Program Files\dotnet\sdk\10.0.103\Sdks\Microsoft.NET.Sdk\targets\Microsoft.NET.Sdk.targets(213,5): message : Property reassignment: $(CoreCleanDependsOn)="
       C:\Program Files\dotnet\sdk\10.0.103\Sdks\Microsoft.NET.Sdk\targets\Microsoft.NET.Sdk.targets(213,5): message :       _SdkBeforeClean;
       C:\Program Files\dotnet\sdk\10.0.103\Sdks\Microsoft.NET.Sdk\targets\Microsoft.NET.Sdk.targets(213,5): message :       
       C:\Program Files\dotnet\sdk\10.0.103\Sdks\Microsoft.NET.Sdk\targets\Microsoft.NET.Sdk.targets(213,5): message :     " (previous value: "") at C:\Program Files\dotnet\sdk\10.0.103\Sdks\Microsoft.NET.Sdk\targets\Microsoft.NET.Sdk.targets (213,5)
       C:\Program Files\dotnet\sdk\10.0.103\Sdks\Microsoft.NET.Sdk\targets\Microsoft.NET.Sdk.targets(220,5): message : Property reassignment: $(RebuildDependsOn)="
       C:\Program Files\dotnet\sdk\10.0.103\Sdks\Microsoft.NET.Sdk\targets\Microsoft.NET.Sdk.targets(220,5): message :       _SdkBeforeRebuild;
       C:\Program Files\dotnet\sdk\10.0.103\Sdks\Microsoft.NET.Sdk\targets\Microsoft.NET.Sdk.targets(220,5): message :       
       C:\Program Files\dotnet\sdk\10.0.103\Sdks\Microsoft.NET.Sdk\targets\Microsoft.NET.Sdk.targets(220,5): message :       BeforeRebuild;
       C:\Program Files\dotnet\sdk\10.0.103\Sdks\Microsoft.NET.Sdk\targets\Microsoft.NET.Sdk.targets(220,5): message :       Clean;
       C:\Program Files\dotnet\sdk\10.0.103\Sdks\Microsoft.NET.Sdk\targets\Microsoft.NET.Sdk.targets(220,5): message :       Build;
       C:\Program Files\dotnet\sdk\10.0.103\Sdks\Microsoft.NET.Sdk\targets\Microsoft.NET.Sdk.targets(220,5): message :       AfterRebuild;
       C:\Program Files\dotnet\sdk\10.0.103\Sdks\Microsoft.NET.Sdk\targets\Microsoft.NET.Sdk.targets(220,5): message :     
       C:\Program Files\dotnet\sdk\10.0.103\Sdks\Microsoft.NET.Sdk\targets\Microsoft.NET.Sdk.targets(220,5): message :     " (previous value: "
       C:\Program Files\dotnet\sdk\10.0.103\Sdks\Microsoft.NET.Sdk\targets\Microsoft.NET.Sdk.targets(220,5): message :       BeforeRebuild;
       C:\Program Files\dotnet\sdk\10.0.103\Sdks\Microsoft.NET.Sdk\targets\Microsoft.NET.Sdk.targets(220,5): message :       Clean;
       C:\Program Files\dotnet\sdk\10.0.103\Sdks\Microsoft.NET.Sdk\targets\Microsoft.NET.Sdk.targets(220,5): message :       Build;
       C:\Program Files\dotnet\sdk\10.0.103\Sdks\Microsoft.NET.Sdk\targets\Microsoft.NET.Sdk.targets(220,5): message :       AfterRebuild;
       C:\Program Files\dotnet\sdk\10.0.103\Sdks\Microsoft.NET.Sdk\targets\Microsoft.NET.Sdk.targets(220,5): message :     ") at C:\Program Files\dotnet\sdk\10.0.103\Sdks\Microsoft.NET.Sdk\targets\Microsoft.NET.Sdk.targets (220,5)
       C:\Program Files\dotnet\sdk\10.0.103\Sdks\Microsoft.NET.Sdk\targets\Microsoft.NET.Sdk.targets(799,5): message : Property reassignment: $(CompileDependsOn)="
       C:\Program Files\dotnet\sdk\10.0.103\Sdks\Microsoft.NET.Sdk\targets\Microsoft.NET.Sdk.targets(799,5): message :       
       C:\Program Files\dotnet\sdk\10.0.103\Sdks\Microsoft.NET.Sdk\targets\Microsoft.NET.Sdk.targets(799,5): message :       ResolveReferences;
       C:\Program Files\dotnet\sdk\10.0.103\Sdks\Microsoft.NET.Sdk\targets\Microsoft.NET.Sdk.targets(799,5): message :       ResolveKeySource;
       C:\Program Files\dotnet\sdk\10.0.103\Sdks\Microsoft.NET.Sdk\targets\Microsoft.NET.Sdk.targets(799,5): message :       SetWin32ManifestProperties;
       C:\Program Files\dotnet\sdk\10.0.103\Sdks\Microsoft.NET.Sdk\targets\Microsoft.NET.Sdk.targets(799,5): message :       _SetPreferNativeArm64Win32ManifestProperties;
       C:\Program Files\dotnet\sdk\10.0.103\Sdks\Microsoft.NET.Sdk\targets\Microsoft.NET.Sdk.targets(799,5): message :       FindReferenceAssembliesForReferences;
       C:\Program Files\dotnet\sdk\10.0.103\Sdks\Microsoft.NET.Sdk\targets\Microsoft.NET.Sdk.targets(799,5): message :       _GenerateCompileInputs;
       C:\Program Files\dotnet\sdk\10.0.103\Sdks\Microsoft.NET.Sdk\targets\Microsoft.NET.Sdk.targets(799,5): message :       BeforeCompile;
       C:\Program Files\dotnet\sdk\10.0.103\Sdks\Microsoft.NET.Sdk\targets\Microsoft.NET.Sdk.targets(799,5): message :       _TimeStampBeforeCompile;
       C:\Program Files\dotnet\sdk\10.0.103\Sdks\Microsoft.NET.Sdk\targets\Microsoft.NET.Sdk.targets(799,5): message :       _GenerateCompileDependencyCache;
       C:\Program Files\dotnet\sdk\10.0.103\Sdks\Microsoft.NET.Sdk\targets\Microsoft.NET.Sdk.targets(799,5): message :       CoreCompile;
       C:\Program Files\dotnet\sdk\10.0.103\Sdks\Microsoft.NET.Sdk\targets\Microsoft.NET.Sdk.targets(799,5): message :       _TimeStampAfterCompile;
       C:\Program Files\dotnet\sdk\10.0.103\Sdks\Microsoft.NET.Sdk\targets\Microsoft.NET.Sdk.targets(799,5): message :       AfterCompile;
       C:\Program Files\dotnet\sdk\10.0.103\Sdks\Microsoft.NET.Sdk\targets\Microsoft.NET.Sdk.targets(799,5): message :     ;
       C:\Program Files\dotnet\sdk\10.0.103\Sdks\Microsoft.NET.Sdk\targets\Microsoft.NET.Sdk.targets(799,5): message :       _CreateAppHost;
       C:\Program Files\dotnet\sdk\10.0.103\Sdks\Microsoft.NET.Sdk\targets\Microsoft.NET.Sdk.targets(799,5): message :       _CreateComHost;
       C:\Program Files\dotnet\sdk\10.0.103\Sdks\Microsoft.NET.Sdk\targets\Microsoft.NET.Sdk.targets(799,5): message :       _GetIjwHostPaths;
       C:\Program Files\dotnet\sdk\10.0.103\Sdks\Microsoft.NET.Sdk\targets\Microsoft.NET.Sdk.targets(799,5): message :     " (previous value: "
       C:\Program Files\dotnet\sdk\10.0.103\Sdks\Microsoft.NET.Sdk\targets\Microsoft.NET.Sdk.targets(799,5): message :       ResolveReferences;
       C:\Program Files\dotnet\sdk\10.0.103\Sdks\Microsoft.NET.Sdk\targets\Microsoft.NET.Sdk.targets(799,5): message :       ResolveKeySource;
       C:\Program Files\dotnet\sdk\10.0.103\Sdks\Microsoft.NET.Sdk\targets\Microsoft.NET.Sdk.targets(799,5): message :       SetWin32ManifestProperties;
       C:\Program Files\dotnet\sdk\10.0.103\Sdks\Microsoft.NET.Sdk\targets\Microsoft.NET.Sdk.targets(799,5): message :       _SetPreferNativeArm64Win32ManifestProperties;
       C:\Program Files\dotnet\sdk\10.0.103\Sdks\Microsoft.NET.Sdk\targets\Microsoft.NET.Sdk.targets(799,5): message :       FindReferenceAssembliesForReferences;
       C:\Program Files\dotnet\sdk\10.0.103\Sdks\Microsoft.NET.Sdk\targets\Microsoft.NET.Sdk.targets(799,5): message :       _GenerateCompileInputs;
       C:\Program Files\dotnet\sdk\10.0.103\Sdks\Microsoft.NET.Sdk\targets\Microsoft.NET.Sdk.targets(799,5): message :       BeforeCompile;
       C:\Program Files\dotnet\sdk\10.0.103\Sdks\Microsoft.NET.Sdk\targets\Microsoft.NET.Sdk.targets(799,5): message :       _TimeStampBeforeCompile;
       C:\Program Files\dotnet\sdk\10.0.103\Sdks\Microsoft.NET.Sdk\targets\Microsoft.NET.Sdk.targets(799,5): message :       _GenerateCompileDependencyCache;
       C:\Program Files\dotnet\sdk\10.0.103\Sdks\Microsoft.NET.Sdk\targets\Microsoft.NET.Sdk.targets(799,5): message :       CoreCompile;
       C:\Program Files\dotnet\sdk\10.0.103\Sdks\Microsoft.NET.Sdk\targets\Microsoft.NET.Sdk.targets(799,5): message :       _TimeStampAfterCompile;
       C:\Program Files\dotnet\sdk\10.0.103\Sdks\Microsoft.NET.Sdk\targets\Microsoft.NET.Sdk.targets(799,5): message :       AfterCompile;
       C:\Program Files\dotnet\sdk\10.0.103\Sdks\Microsoft.NET.Sdk\targets\Microsoft.NET.Sdk.targets(799,5): message :     ") at C:\Program Files\dotnet\sdk\10.0.103\Sdks\Microsoft.NET.Sdk\targets\Microsoft.NET.Sdk.targets (799,5)
       C:\Program Files\dotnet\sdk\10.0.103\Sdks\Microsoft.NET.Sdk\targets\Microsoft.NET.Sdk.targets(1131,5): message : Property reassignment: $(CreateSatelliteAssembliesDependsOn)="
       C:\Program Files\dotnet\sdk\10.0.103\Sdks\Microsoft.NET.Sdk\targets\Microsoft.NET.Sdk.targets(1131,5): message :       
       C:\Program Files\dotnet\sdk\10.0.103\Sdks\Microsoft.NET.Sdk\targets\Microsoft.NET.Sdk.targets(1131,5): message :       ;
       C:\Program Files\dotnet\sdk\10.0.103\Sdks\Microsoft.NET.Sdk\targets\Microsoft.NET.Sdk.targets(1131,5): message :       _GenerateSatelliteAssemblyInputs;
       C:\Program Files\dotnet\sdk\10.0.103\Sdks\Microsoft.NET.Sdk\targets\Microsoft.NET.Sdk.targets(1131,5): message :       ComputeIntermediateSatelliteAssemblies;
       C:\Program Files\dotnet\sdk\10.0.103\Sdks\Microsoft.NET.Sdk\targets\Microsoft.NET.Sdk.targets(1131,5): message :       GenerateSatelliteAssemblies
       C:\Program Files\dotnet\sdk\10.0.103\Sdks\Microsoft.NET.Sdk\targets\Microsoft.NET.Sdk.targets(1131,5): message :     ;
       C:\Program Files\dotnet\sdk\10.0.103\Sdks\Microsoft.NET.Sdk\targets\Microsoft.NET.Sdk.targets(1131,5): message :       CoreGenerateSatelliteAssemblies
       C:\Program Files\dotnet\sdk\10.0.103\Sdks\Microsoft.NET.Sdk\targets\Microsoft.NET.Sdk.targets(1131,5): message :     " (previous value: "
       C:\Program Files\dotnet\sdk\10.0.103\Sdks\Microsoft.NET.Sdk\targets\Microsoft.NET.Sdk.targets(1131,5): message :       ;
       C:\Program Files\dotnet\sdk\10.0.103\Sdks\Microsoft.NET.Sdk\targets\Microsoft.NET.Sdk.targets(1131,5): message :       _GenerateSatelliteAssemblyInputs;
       C:\Program Files\dotnet\sdk\10.0.103\Sdks\Microsoft.NET.Sdk\targets\Microsoft.NET.Sdk.targets(1131,5): message :       ComputeIntermediateSatelliteAssemblies;
       C:\Program Files\dotnet\sdk\10.0.103\Sdks\Microsoft.NET.Sdk\targets\Microsoft.NET.Sdk.targets(1131,5): message :       GenerateSatelliteAssemblies
       C:\Program Files\dotnet\sdk\10.0.103\Sdks\Microsoft.NET.Sdk\targets\Microsoft.NET.Sdk.targets(1131,5): message :     ") at C:\Program Files\dotnet\sdk\10.0.103\Sdks\Microsoft.NET.Sdk\targets\Microsoft.NET.Sdk.targets (1131,5)
       C:\Program Files\dotnet\sdk\10.0.103\Sdks\Microsoft.SourceLink.GitLab\build\Microsoft.SourceLink.GitLab.targets(12,5): message : Property reassignment: $(SourceLinkUrlInitializerTargets)=";_InitializeGitHubSourceLinkUrl;_InitializeGitLabSourceLinkUrl" (previous value: ";_InitializeGitHubSourceLinkUrl") at C:\Program Files\dotnet\sdk\10.0.103\Sdks\Microsoft.SourceLink.GitLab\build\Microsoft.SourceLink.GitLab.targets (12,5)
       C:\Program Files\dotnet\sdk\10.0.103\Sdks\Microsoft.SourceLink.GitLab\build\Microsoft.SourceLink.GitLab.targets(13,5): message : Property reassignment: $(SourceControlManagerUrlTranslationTargets)=";TranslateGitHubUrlsInSourceControlInformation;TranslateGitLabUrlsInSourceControlInformation" (previous value: ";TranslateGitHubUrlsInSourceControlInformation") at C:\Program Files\dotnet\sdk\10.0.103\Sdks\Microsoft.SourceLink.GitLab\build\Microsoft.SourceLink.GitLab.targets (13,5)
       C:\Program Files\dotnet\sdk\10.0.103\Sdks\Microsoft.SourceLink.AzureRepos.Git\build\Microsoft.SourceLink.AzureRepos.Git.targets(12,5): message : Property reassignment: $(SourceLinkUrlInitializerTargets)=";_InitializeGitHubSourceLinkUrl;_InitializeGitLabSourceLinkUrl;_InitializeAzureReposGitSourceLinkUrl" (previous value: ";_InitializeGitHubSourceLinkUrl;_InitializeGitLabSourceLinkUrl") at C:\Program Files\dotnet\sdk\10.0.103\Sdks\Microsoft.SourceLink.AzureRepos.Git\build\Microsoft.SourceLink.AzureRepos.Git.targets (12,5)
       C:\Program Files\dotnet\sdk\10.0.103\Sdks\Microsoft.SourceLink.AzureRepos.Git\build\Microsoft.SourceLink.AzureRepos.Git.targets(13,5): message : Property reassignment: $(SourceControlManagerUrlTranslationTargets)=";TranslateGitHubUrlsInSourceControlInformation;TranslateGitLabUrlsInSourceControlInformation;TranslateAzureReposGitUrlsInSourceControlInformation" (previous value: ";TranslateGitHubUrlsInSourceControlInformation;TranslateGitLabUrlsInSourceControlInformation") at C:\Program Files\dotnet\sdk\10.0.103\Sdks\Microsoft.SourceLink.AzureRepos.Git\build\Microsoft.SourceLink.AzureRepos.Git.targets (13,5)
       C:\Program Files\dotnet\sdk\10.0.103\Sdks\Microsoft.SourceLink.Bitbucket.Git\build\Microsoft.SourceLink.Bitbucket.Git.targets(12,5): message : Property reassignment: $(SourceLinkUrlInitializerTargets)=";_InitializeGitHubSourceLinkUrl;_InitializeGitLabSourceLinkUrl;_InitializeAzureReposGitSourceLinkUrl;_InitializeBitbucketGitSourceLinkUrl" (previous value: ";_InitializeGitHubSourceLinkUrl;_InitializeGitLabSourceLinkUrl;_InitializeAzureReposGitSourceLinkUrl") at C:\Program Files\dotnet\sdk\10.0.103\Sdks\Microsoft.SourceLink.Bitbucket.Git\build\Microsoft.SourceLink.Bitbucket.Git.targets (12,5)
       C:\Program Files\dotnet\sdk\10.0.103\Sdks\Microsoft.SourceLink.Bitbucket.Git\build\Microsoft.SourceLink.Bitbucket.Git.targets(13,5): message : Property reassignment: $(SourceControlManagerUrlTranslationTargets)=";TranslateGitHubUrlsInSourceControlInformation;TranslateGitLabUrlsInSourceControlInformation;TranslateAzureReposGitUrlsInSourceControlInformation;TranslateBitbucketGitUrlsInSourceControlInformation" (previous value: ";TranslateGitHubUrlsInSourceControlInformation;TranslateGitLabUrlsInSourceControlInformation;TranslateAzureReposGitUrlsInSourceControlInformation") at C:\Program Files\dotnet\sdk\10.0.103\Sdks\Microsoft.SourceLink.Bitbucket.Git\build\Microsoft.SourceLink.Bitbucket.Git.targets (13,5)
       C:\Program Files\dotnet\sdk\10.0.103\Sdks\Microsoft.NET.Sdk\targets\Microsoft.NET.DesignerSupport.targets(21,5): message : Property reassignment: $(DesignerRuntimeImplementationProjectOutputGroupDependsOn)="
       C:\Program Files\dotnet\sdk\10.0.103\Sdks\Microsoft.NET.Sdk\targets\Microsoft.NET.DesignerSupport.targets(21,5): message :       
       C:\Program Files\dotnet\sdk\10.0.103\Sdks\Microsoft.NET.Sdk\targets\Microsoft.NET.DesignerSupport.targets(21,5): message :       ;
       C:\Program Files\dotnet\sdk\10.0.103\Sdks\Microsoft.NET.Sdk\targets\Microsoft.NET.DesignerSupport.targets(21,5): message :       
       C:\Program Files\dotnet\sdk\10.0.103\Sdks\Microsoft.NET.Sdk\targets\Microsoft.NET.DesignerSupport.targets(21,5): message :       ;
       C:\Program Files\dotnet\sdk\10.0.103\Sdks\Microsoft.NET.Sdk\targets\Microsoft.NET.DesignerSupport.targets(21,5): message :       BuildOnlySettings;
       C:\Program Files\dotnet\sdk\10.0.103\Sdks\Microsoft.NET.Sdk\targets\Microsoft.NET.DesignerSupport.targets(21,5): message :       PrepareForBuild;
       C:\Program Files\dotnet\sdk\10.0.103\Sdks\Microsoft.NET.Sdk\targets\Microsoft.NET.DesignerSupport.targets(21,5): message :       AssignTargetPaths;
       C:\Program Files\dotnet\sdk\10.0.103\Sdks\Microsoft.NET.Sdk\targets\Microsoft.NET.DesignerSupport.targets(21,5): message :       ResolveReferences
       C:\Program Files\dotnet\sdk\10.0.103\Sdks\Microsoft.NET.Sdk\targets\Microsoft.NET.DesignerSupport.targets(21,5): message :     
       C:\Program Files\dotnet\sdk\10.0.103\Sdks\Microsoft.NET.Sdk\targets\Microsoft.NET.DesignerSupport.targets(21,5): message :     ;
       C:\Program Files\dotnet\sdk\10.0.103\Sdks\Microsoft.NET.Sdk\targets\Microsoft.NET.DesignerSupport.targets(21,5): message :       _GenerateDesignerDepsFile;
       C:\Program Files\dotnet\sdk\10.0.103\Sdks\Microsoft.NET.Sdk\targets\Microsoft.NET.DesignerSupport.targets(21,5): message :       _GenerateDesignerRuntimeConfigFile;
       C:\Program Files\dotnet\sdk\10.0.103\Sdks\Microsoft.NET.Sdk\targets\Microsoft.NET.DesignerSupport.targets(21,5): message :       GetCopyToOutputDirectoryItems;
       C:\Program Files\dotnet\sdk\10.0.103\Sdks\Microsoft.NET.Sdk\targets\Microsoft.NET.DesignerSupport.targets(21,5): message :       _GatherDesignerShadowCopyFiles;
       C:\Program Files\dotnet\sdk\10.0.103\Sdks\Microsoft.NET.Sdk\targets\Microsoft.NET.DesignerSupport.targets(21,5): message :     " (previous value: "
       C:\Program Files\dotnet\sdk\10.0.103\Sdks\Microsoft.NET.Sdk\targets\Microsoft.NET.DesignerSupport.targets(21,5): message :       ;
       C:\Program Files\dotnet\sdk\10.0.103\Sdks\Microsoft.NET.Sdk\targets\Microsoft.NET.DesignerSupport.targets(21,5): message :       
       C:\Program Files\dotnet\sdk\10.0.103\Sdks\Microsoft.NET.Sdk\targets\Microsoft.NET.DesignerSupport.targets(21,5): message :       ;
       C:\Program Files\dotnet\sdk\10.0.103\Sdks\Microsoft.NET.Sdk\targets\Microsoft.NET.DesignerSupport.targets(21,5): message :       BuildOnlySettings;
       C:\Program Files\dotnet\sdk\10.0.103\Sdks\Microsoft.NET.Sdk\targets\Microsoft.NET.DesignerSupport.targets(21,5): message :       PrepareForBuild;
       C:\Program Files\dotnet\sdk\10.0.103\Sdks\Microsoft.NET.Sdk\targets\Microsoft.NET.DesignerSupport.targets(21,5): message :       AssignTargetPaths;
       C:\Program Files\dotnet\sdk\10.0.103\Sdks\Microsoft.NET.Sdk\targets\Microsoft.NET.DesignerSupport.targets(21,5): message :       ResolveReferences
       C:\Program Files\dotnet\sdk\10.0.103\Sdks\Microsoft.NET.Sdk\targets\Microsoft.NET.DesignerSupport.targets(21,5): message :     
       C:\Program Files\dotnet\sdk\10.0.103\Sdks\Microsoft.NET.Sdk\targets\Microsoft.NET.DesignerSupport.targets(21,5): message :     ") at C:\Program Files\dotnet\sdk\10.0.103\Sdks\Microsoft.NET.Sdk\targets\Microsoft.NET.DesignerSupport.targets (21,5)
       C:\Program Files\dotnet\sdk\10.0.103\Sdks\Microsoft.NET.Sdk\targets\Microsoft.NET.Sdk.CSharp.targets(31,5): message : Property reassignment: $(DefineConstants)="TRACE;DEBUG" (previous value: "TRACE") at C:\Program Files\dotnet\sdk\10.0.103\Sdks\Microsoft.NET.Sdk\targets\Microsoft.NET.Sdk.CSharp.targets (31,5)
       C:\Program Files\dotnet\sdk\10.0.103\Sdks\Microsoft.NET.Sdk\targets\Microsoft.NET.Sdk.CSharp.targets(45,5): message : Property reassignment: $(WarningsAsErrors)=";NU1605;SYSLIB0011" (previous value: ";NU1605") at C:\Program Files\dotnet\sdk\10.0.103\Sdks\Microsoft.NET.Sdk\targets\Microsoft.NET.Sdk.CSharp.targets (45,5)
       C:\Program Files\dotnet\sdk\10.0.103\NuGet.Build.Tasks.Pack.targets(34,5): message : Property reassignment: $(PackageDescription)="Package Description" (previous value: "") at C:\Program Files\dotnet\sdk\10.0.103\NuGet.Build.Tasks.Pack.targets (34,5)
       C:\Program Files\dotnet\sdk\10.0.103\NuGet.Build.Tasks.Pack.targets(59,5): message : Property reassignment: $(GenerateNuspecDependsOn)="Build;_LoadPackInputItems; _GetTargetFrameworksOutput; _WalkEachTargetPerFramework; _GetPackageFiles; " (previous value: "_LoadPackInputItems; _GetTargetFrameworksOutput; _WalkEachTargetPerFramework; _GetPackageFiles; ") at C:\Program Files\dotnet\sdk\10.0.103\NuGet.Build.Tasks.Pack.targets (59,5)
       C:\Program Files\dotnet\sdk\10.0.103\Sdks\Microsoft.NET.Sdk\Sdk\Sdk.targets(59,5): message : Property reassignment: $(_IsNotSetContainersTargetsDir)="true" (previous value: "false") at C:\Program Files\dotnet\sdk\10.0.103\Sdks\Microsoft.NET.Sdk\Sdk\Sdk.targets (59,5)
       Overriding target "ResolveFrameworkReferences" in project "C:\Program Files\dotnet\sdk\10.0.103\Microsoft.Common.CurrentVersion.targets" with target "ResolveFrameworkReferences" from project "C:\Program Files\dotnet\sdk\10.0.103\Sdks\Microsoft.NET.Sdk\targets\Microsoft.NET.Sdk.FrameworkReferenceResolution.targets".
       Overriding target "GenerateSupportedTargetFrameworkAlias" in project "C:\Program Files\dotnet\sdk\10.0.103\Microsoft.Common.CurrentVersion.targets" with target "GenerateSupportedTargetFrameworkAlias" from project "C:\Program Files\dotnet\sdk\10.0.103\Sdks\Microsoft.NET.Sdk\targets\Microsoft.NET.Sdk.targets".
       Overriding target "GetReferenceAssemblyPaths" in project "C:\Program Files\dotnet\sdk\10.0.103\Microsoft.Common.CurrentVersion.targets" with target "GetReferenceAssemblyPaths" from project "C:\Program Files\dotnet\sdk\10.0.103\Sdks\Microsoft.NET.Sdk\targets\Microsoft.NET.DisableStandardFrameworkResolution.targets".
       Overriding target "GetFrameworkPaths" in project "C:\Program Files\dotnet\sdk\10.0.103\Microsoft.Common.CurrentVersion.targets" with target "GetFrameworkPaths" from project "C:\Program Files\dotnet\sdk\10.0.103\Sdks\Microsoft.NET.Sdk\targets\Microsoft.NET.DisableStandardFrameworkResolution.targets".
       Overriding target "DesignerRuntimeImplementationProjectOutputGroup" in project "C:\Program Files\dotnet\sdk\10.0.103\Microsoft.Common.CurrentVersion.targets" with target "DesignerRuntimeImplementationProjectOutputGroup" from project "C:\Program Files\dotnet\sdk\10.0.103\Sdks\Microsoft.NET.Sdk\targets\Microsoft.NET.DesignerSupport.targets".
       Overriding target "Publish" in project "C:\Program Files\dotnet\sdk\10.0.103\Microsoft.Common.CurrentVersion.targets" with target "Publish" from project "C:\Program Files\dotnet\sdk\10.0.103\Sdks\Microsoft.NET.Sdk\targets\Microsoft.NET.Publish.targets".
       Overriding target "ResolveReadyToRunCompilers" in project "C:\Program Files\dotnet\sdk\10.0.103\Sdks\Microsoft.NET.Sdk\targets\Microsoft.NET.CrossGen.targets" with target "ResolveReadyToRunCompilers" from project "C:\Program Files\dotnet\sdk\10.0.103\Sdks\Microsoft.NET.Sdk\targets\Microsoft.NET.Publish.targets".
       Overriding target "GetCopyToPublishDirectoryItems" in project "C:\Program Files\dotnet\sdk\10.0.103\Microsoft.Common.CurrentVersion.targets" with target "GetCopyToPublishDirectoryItems" from project "C:\Program Files\dotnet\sdk\10.0.103\Sdks\Microsoft.NET.Sdk\targets\Microsoft.NET.Publish.targets".
       Overriding target "Run" in project "C:\Program Files\dotnet\sdk\10.0.103\Microsoft.Common.CurrentVersion.targets" with target "Run" from project "C:\Program Files\dotnet\sdk\10.0.103\Sdks\Microsoft.NET.Sdk\targets\Microsoft.NET.Sdk.targets".
       Overriding target "BeforePublish" in project "C:\Program Files\dotnet\sdk\10.0.103\Microsoft.Common.CurrentVersion.targets" with target "BeforePublish" from project "C:\Program Files\dotnet\sdk\10.0.103\Sdks\Microsoft.NET.Sdk.Publish\targets\Microsoft.NET.Sdk.Publish.targets".
       Overriding target "AfterPublish" in project "C:\Program Files\dotnet\sdk\10.0.103\Microsoft.Common.CurrentVersion.targets" with target "AfterPublish" from project "C:\Program Files\dotnet\sdk\10.0.103\Sdks\Microsoft.NET.Sdk.Publish\targets\Microsoft.NET.Sdk.Publish.targets".
       The target "CollectUpToDateCheckInputDesignTime" listed in a BeforeTargets attribute at "C:\Program Files\dotnet\sdk\10.0.103\Sdks\Microsoft.NET.Sdk.StaticWebAssets\targets\Microsoft.NET.Sdk.StaticWebAssets.ScopedCss.targets (171,5)" does not exist in the project, and will be ignored.
       The target "CollectUpToDateCheckBuiltDesignTime" listed in a BeforeTargets attribute at "C:\Program Files\dotnet\sdk\10.0.103\Sdks\Microsoft.NET.Sdk.StaticWebAssets\targets\Microsoft.NET.Sdk.StaticWebAssets.ScopedCss.targets (171,5)" does not exist in the project, and will be ignored.
       C:\Program Files\dotnet\sdk\10.0.103\Containers\build\Microsoft.NET.Build.Containers.targets(5,5): message : Property reassignment: $(_IsSDKContainerAllowedVersion)="true" (previous value: "false") at C:\Program Files\dotnet\sdk\10.0.103\Containers\build\Microsoft.NET.Build.Containers.targets (5,5)
       The target "RazorGenerateComponentDeclaration" listed in an AfterTargets attribute at "C:\Program Files\dotnet\sdk\10.0.103\Sdks\Microsoft.NET.Sdk.Razor\targets\Microsoft.NET.Sdk.Razor.DesignTime.targets (55,53)" does not exist in the project, and will be ignored.
       C:\Program Files\dotnet\sdk\10.0.103\Containers\build\Microsoft.NET.Build.Containers.targets(15,5): message : Property reassignment: $(_ContainerIsTargetingNet8TFM)="true" (previous value: "false") at C:\Program Files\dotnet\sdk\10.0.103\Containers\build\Microsoft.NET.Build.Containers.targets (15,5)
     1>Project "c:\Apps\TicketConsolidator\TicketConsolidator.sln" (1) is building "c:\Apps\TicketConsolidator\src\TicketConsolidator.Web\TicketConsolidator.Web.csproj" (6) on node 6 (_IsProjectRestoreSupported target(s)).
     6>Target "_IsProjectRestoreSupported" in file "C:\Program Files\dotnet\sdk\10.0.103\NuGet.targets" from project "c:\Apps\TicketConsolidator\src\TicketConsolidator.Web\TicketConsolidator.Web.csproj" (entry point):
     6>Done building target "_IsProjectRestoreSupported" in project "TicketConsolidator.Web.csproj".
     6>Done Building Project "c:\Apps\TicketConsolidator\src\TicketConsolidator.Web\TicketConsolidator.Web.csproj" (_IsProjectRestoreSupported target(s)).
     0>Overriding target "ResolveFrameworkReferences" in project "C:\Program Files\dotnet\sdk\10.0.103\Microsoft.Common.CurrentVersion.targets" with target "ResolveFrameworkReferences" from project "C:\Program Files\dotnet\sdk\10.0.103\Sdks\Microsoft.NET.Sdk\targets\Microsoft.NET.Sdk.FrameworkReferenceResolution.targets".
       Overriding target "GenerateSupportedTargetFrameworkAlias" in project "C:\Program Files\dotnet\sdk\10.0.103\Microsoft.Common.CurrentVersion.targets" with target "GenerateSupportedTargetFrameworkAlias" from project "C:\Program Files\dotnet\sdk\10.0.103\Sdks\Microsoft.NET.Sdk\targets\Microsoft.NET.Sdk.targets".
       Overriding target "GetReferenceAssemblyPaths" in project "C:\Program Files\dotnet\sdk\10.0.103\Microsoft.Common.CurrentVersion.targets" with target "GetReferenceAssemblyPaths" from project "C:\Program Files\dotnet\sdk\10.0.103\Sdks\Microsoft.NET.Sdk\targets\Microsoft.NET.DisableStandardFrameworkResolution.targets".
       Overriding target "GetFrameworkPaths" in project "C:\Program Files\dotnet\sdk\10.0.103\Microsoft.Common.CurrentVersion.targets" with target "GetFrameworkPaths" from project "C:\Program Files\dotnet\sdk\10.0.103\Sdks\Microsoft.NET.Sdk\targets\Microsoft.NET.DisableStandardFrameworkResolution.targets".
       Overriding target "DesignerRuntimeImplementationProjectOutputGroup" in project "C:\Program Files\dotnet\sdk\10.0.103\Microsoft.Common.CurrentVersion.targets" with target "DesignerRuntimeImplementationProjectOutputGroup" from project "C:\Program Files\dotnet\sdk\10.0.103\Sdks\Microsoft.NET.Sdk\targets\Microsoft.NET.DesignerSupport.targets".
       Overriding target "Publish" in project "C:\Program Files\dotnet\sdk\10.0.103\Microsoft.Common.CurrentVersion.targets" with target "Publish" from project "C:\Program Files\dotnet\sdk\10.0.103\Sdks\Microsoft.NET.Sdk\targets\Microsoft.NET.Publish.targets".
       Overriding target "ResolveReadyToRunCompilers" in project "C:\Program Files\dotnet\sdk\10.0.103\Sdks\Microsoft.NET.Sdk\targets\Microsoft.NET.CrossGen.targets" with target "ResolveReadyToRunCompilers" from project "C:\Program Files\dotnet\sdk\10.0.103\Sdks\Microsoft.NET.Sdk\targets\Microsoft.NET.Publish.targets".
       Overriding target "GetCopyToPublishDirectoryItems" in project "C:\Program Files\dotnet\sdk\10.0.103\Microsoft.Common.CurrentVersion.targets" with target "GetCopyToPublishDirectoryItems" from project "C:\Program Files\dotnet\sdk\10.0.103\Sdks\Microsoft.NET.Sdk\targets\Microsoft.NET.Publish.targets".
       Overriding target "Run" in project "C:\Program Files\dotnet\sdk\10.0.103\Microsoft.Common.CurrentVersion.targets" with target "Run" from project "C:\Program Files\dotnet\sdk\10.0.103\Sdks\Microsoft.NET.Sdk\targets\Microsoft.NET.Sdk.targets".
     1>Project "c:\Apps\TicketConsolidator\TicketConsolidator.sln" (1) is building "c:\Apps\TicketConsolidator\src\TicketConsolidator.Domain\TicketConsolidator.Domain.csproj" (7) on node 1 (_IsProjectRestoreSupported target(s)).
     7>Target "_IsProjectRestoreSupported" in file "C:\Program Files\dotnet\sdk\10.0.103\NuGet.targets" from project "c:\Apps\TicketConsolidator\src\TicketConsolidator.Domain\TicketConsolidator.Domain.csproj" (entry point):
     7>Done building target "_IsProjectRestoreSupported" in project "TicketConsolidator.Domain.csproj".
     7>Done Building Project "c:\Apps\TicketConsolidator\src\TicketConsolidator.Domain\TicketConsolidator.Domain.csproj" (_IsProjectRestoreSupported target(s)).
     1>Done executing task "MSBuild".
       Using "WarnForInvalidProjectsTask" task from assembly "C:\Program Files\dotnet\sdk\10.0.103\NuGet.Build.Tasks.dll".
       Task "WarnForInvalidProjectsTask"
       Done executing task "WarnForInvalidProjectsTask".
     1>Done building target "_FilterRestoreGraphProjectInputItems" in project "TicketConsolidator.sln".
       Target "_FilterRestoreGraphProjectInputItems" skipped. Previously built successfully.
     1>Target "_GetAllRestoreProjectPathItems" in file "C:\Program Files\dotnet\sdk\10.0.103\NuGet.targets" from project "c:\Apps\TicketConsolidator\TicketConsolidator.sln" (target "_GenerateRestoreGraph" depends on it):
       Using "NuGetMessageTask" task from assembly "C:\Program Files\dotnet\sdk\10.0.103\NuGet.Build.Tasks.dll".
       Task "NuGetMessageTask"
         Determining projects to restore...
       Done executing task "NuGetMessageTask".
       Task "MSBuild"
         Global Properties:
           ExcludeRestorePackageImports=true
           _RestoreSolutionFileUsed=true
           SolutionDir=c:\Apps\TicketConsolidator\
           SolutionName=TicketConsolidator
           SolutionFileName=TicketConsolidator.sln
           SolutionPath=c:\Apps\TicketConsolidator\TicketConsolidator.sln
           SolutionExt=.sln
         Additional Properties for project "c:\Apps\TicketConsolidator\src\TicketConsolidator.Domain\TicketConsolidator.Domain.csproj":
           Configuration=Debug
           Platform=AnyCPU
         Additional Properties for project "c:\Apps\TicketConsolidator\src\TicketConsolidator.Application\TicketConsolidator.Application.csproj":
           Configuration=Debug
           Platform=AnyCPU
         Additional Properties for project "c:\Apps\TicketConsolidator\src\TicketConsolidator.Infrastructure\TicketConsolidator.Infrastructure.csproj":
           Configuration=Debug
           Platform=AnyCPU
         Additional Properties for project "c:\Apps\TicketConsolidator\src\TicketConsolidator.UI\TicketConsolidator.UI.csproj":
           Configuration=Debug
           Platform=AnyCPU
         Additional Properties for project "c:\Apps\TicketConsolidator\tests\TicketConsolidator.UnitTests\TicketConsolidator.UnitTests.csproj":
           Configuration=Debug
           Platform=AnyCPU
         Additional Properties for project "c:\Apps\TicketConsolidator\src\TicketConsolidator.Web\TicketConsolidator.Web.csproj":
           Configuration=Debug
           Platform=AnyCPU
     1>Project "c:\Apps\TicketConsolidator\TicketConsolidator.sln" (1) is building "c:\Apps\TicketConsolidator\src\TicketConsolidator.Web\TicketConsolidator.Web.csproj" (6:2) on node 6 (_GenerateRestoreProjectPathWalk target(s)).
   6:2>Target "_GenerateRestoreProjectPathItemsPerFramework" in file "C:\Program Files\dotnet\sdk\10.0.103\NuGet.targets" from project "c:\Apps\TicketConsolidator\src\TicketConsolidator.Web\TicketConsolidator.Web.csproj" (target "_GenerateRestoreProjectPathItemsCurrentProject" depends on it):
   6:2>Using "ConvertToAbsolutePath" task from assembly "Microsoft.Build.Tasks.Core, Version=15.1.0.0, Culture=neutral, PublicKeyToken=b03f5f7f11d50a3a".
     1>Project "c:\Apps\TicketConsolidator\TicketConsolidator.sln" (1) is building "c:\Apps\TicketConsolidator\src\TicketConsolidator.Application\TicketConsolidator.Application.csproj" (2:2) on node 3 (_GenerateRestoreProjectPathWalk target(s)).
   2:2>Target "_GenerateRestoreProjectPathItemsPerFramework" in file "C:\Program Files\dotnet\sdk\10.0.103\NuGet.targets" from project "c:\Apps\TicketConsolidator\src\TicketConsolidator.Application\TicketConsolidator.Application.csproj" (target "_GenerateRestoreProjectPathItemsCurrentProject" depends on it):
   2:2>Using "ConvertToAbsolutePath" task from assembly "Microsoft.Build.Tasks.Core, Version=15.1.0.0, Culture=neutral, PublicKeyToken=b03f5f7f11d50a3a".
   6:2>Task "ConvertToAbsolutePath"
   2:2>Task "ConvertToAbsolutePath"
     1>Project "c:\Apps\TicketConsolidator\TicketConsolidator.sln" (1) is building "c:\Apps\TicketConsolidator\src\TicketConsolidator.UI\TicketConsolidator.UI.csproj" (5:2) on node 4 (_GenerateRestoreProjectPathWalk target(s)).
   5:2>Target "_GenerateRestoreProjectPathItemsPerFramework" in file "C:\Program Files\dotnet\sdk\10.0.103\NuGet.targets" from project "c:\Apps\TicketConsolidator\src\TicketConsolidator.UI\TicketConsolidator.UI.csproj" (target "_GenerateRestoreProjectPathItemsCurrentProject" depends on it):
   5:2>Using "ConvertToAbsolutePath" task from assembly "Microsoft.Build.Tasks.Core, Version=15.1.0.0, Culture=neutral, PublicKeyToken=b03f5f7f11d50a3a".
   6:2>Done executing task "ConvertToAbsolutePath".
     1>Project "c:\Apps\TicketConsolidator\TicketConsolidator.sln" (1) is building "c:\Apps\TicketConsolidator\tests\TicketConsolidator.UnitTests\TicketConsolidator.UnitTests.csproj" (3:2) on node 5 (_GenerateRestoreProjectPathWalk target(s)).
   3:2>Target "_GenerateRestoreProjectPathItemsPerFramework" in file "C:\Program Files\dotnet\sdk\10.0.103\NuGet.targets" from project "c:\Apps\TicketConsolidator\tests\TicketConsolidator.UnitTests\TicketConsolidator.UnitTests.csproj" (target "_GenerateRestoreProjectPathItemsCurrentProject" depends on it):
   3:2>Using "ConvertToAbsolutePath" task from assembly "Microsoft.Build.Tasks.Core, Version=15.1.0.0, Culture=neutral, PublicKeyToken=b03f5f7f11d50a3a".
   2:2>Done executing task "ConvertToAbsolutePath".
   5:2>Task "ConvertToAbsolutePath"
   6:2>Done building target "_GenerateRestoreProjectPathItemsPerFramework" in project "TicketConsolidator.Web.csproj".
   6:2>Target "_GenerateRestoreProjectPathItemsCurrentProject" in file "C:\Program Files\dotnet\sdk\10.0.103\NuGet.targets" from project "c:\Apps\TicketConsolidator\src\TicketConsolidator.Web\TicketConsolidator.Web.csproj" (target "_GenerateRestoreProjectPathItems" depends on it):
   6:2>Done building target "_GenerateRestoreProjectPathItemsCurrentProject" in project "TicketConsolidator.Web.csproj".
   6:2>Target "_GenerateRestoreProjectPathItems" in file "C:\Program Files\dotnet\sdk\10.0.103\NuGet.targets" from project "c:\Apps\TicketConsolidator\src\TicketConsolidator.Web\TicketConsolidator.Web.csproj" (target "_GenerateRestoreProjectPathWalk" depends on it):
       Using "RemoveDuplicates" task from assembly "Microsoft.Build.Tasks.Core, Version=15.1.0.0, Culture=neutral, PublicKeyToken=b03f5f7f11d50a3a".
     1>Project "c:\Apps\TicketConsolidator\TicketConsolidator.sln" (1) is building "c:\Apps\TicketConsolidator\src\TicketConsolidator.Infrastructure\TicketConsolidator.Infrastructure.csproj" (4:2) on node 2 (_GenerateRestoreProjectPathWalk target(s)).
   4:2>Target "_GenerateRestoreProjectPathItemsPerFramework" in file "C:\Program Files\dotnet\sdk\10.0.103\NuGet.targets" from project "c:\Apps\TicketConsolidator\src\TicketConsolidator.Infrastructure\TicketConsolidator.Infrastructure.csproj" (target "_GenerateRestoreProjectPathItemsCurrentProject" depends on it):
   4:2>Using "ConvertToAbsolutePath" task from assembly "Microsoft.Build.Tasks.Core, Version=15.1.0.0, Culture=neutral, PublicKeyToken=b03f5f7f11d50a3a".
   2:2>Done building target "_GenerateRestoreProjectPathItemsPerFramework" in project "TicketConsolidator.Application.csproj".
   6:2>Task "RemoveDuplicates"
   5:2>Done executing task "ConvertToAbsolutePath".
   6:2>Done executing task "RemoveDuplicates".
   6:2>Done building target "_GenerateRestoreProjectPathItems" in project "TicketConsolidator.Web.csproj".
   2:2>Target "_GenerateRestoreProjectPathItemsCurrentProject" in file "C:\Program Files\dotnet\sdk\10.0.103\NuGet.targets" from project "c:\Apps\TicketConsolidator\src\TicketConsolidator.Application\TicketConsolidator.Application.csproj" (target "_GenerateRestoreProjectPathItems" depends on it):
   2:2>Done building target "_GenerateRestoreProjectPathItemsCurrentProject" in project "TicketConsolidator.Application.csproj".
   3:2>Task "ConvertToAbsolutePath"
   6:2>Target "_GenerateRestoreProjectPathWalk" in file "C:\Program Files\dotnet\sdk\10.0.103\NuGet.targets" from project "c:\Apps\TicketConsolidator\src\TicketConsolidator.Web\TicketConsolidator.Web.csproj" (entry point):
   6:2>Using "MSBuild" task from assembly "Microsoft.Build.Tasks.Core, Version=15.1.0.0, Culture=neutral, PublicKeyToken=b03f5f7f11d50a3a".
   2:2>Target "_GenerateRestoreProjectPathItems" in file "C:\Program Files\dotnet\sdk\10.0.103\NuGet.targets" from project "c:\Apps\TicketConsolidator\src\TicketConsolidator.Application\TicketConsolidator.Application.csproj" (target "_GenerateRestoreProjectPathWalk" depends on it):
   2:2>Using "RemoveDuplicates" task from assembly "Microsoft.Build.Tasks.Core, Version=15.1.0.0, Culture=neutral, PublicKeyToken=b03f5f7f11d50a3a".
       Task "RemoveDuplicates"
   6:2>Task "MSBuild"
   4:2>Task "ConvertToAbsolutePath"
   2:2>Done executing task "RemoveDuplicates".
   5:2>Done building target "_GenerateRestoreProjectPathItemsPerFramework" in project "TicketConsolidator.UI.csproj".
   2:2>Done building target "_GenerateRestoreProjectPathItems" in project "TicketConsolidator.Application.csproj".
   6:2>_GenerateRestoreProjectPathWalk:
         Global Properties:
           ExcludeRestorePackageImports=true
   2:2>Target "_GenerateRestoreProjectPathWalk" in file "C:\Program Files\dotnet\sdk\10.0.103\NuGet.targets" from project "c:\Apps\TicketConsolidator\src\TicketConsolidator.Application\TicketConsolidator.Application.csproj" (entry point):
   2:2>Using "MSBuild" task from assembly "Microsoft.Build.Tasks.Core, Version=15.1.0.0, Culture=neutral, PublicKeyToken=b03f5f7f11d50a3a".
   6:2>_GenerateRestoreProjectPathWalk:
           _RestoreSolutionFileUsed=true
   2:2>Task "MSBuild"
   3:2>Done executing task "ConvertToAbsolutePath".
   2:2>_GenerateRestoreProjectPathWalk:
         Global Properties:
   6:2>_GenerateRestoreProjectPathWalk:
           SolutionDir=c:\Apps\TicketConsolidator\
     1>Project "c:\Apps\TicketConsolidator\TicketConsolidator.sln" (1) is building "c:\Apps\TicketConsolidator\src\TicketConsolidator.Domain\TicketConsolidator.Domain.csproj" (7:2) on node 1 (_GenerateRestoreProjectPathWalk target(s)).
   7:2>Target "_GenerateRestoreProjectPathItemsPerFramework" in file "C:\Program Files\dotnet\sdk\10.0.103\NuGet.targets" from project "c:\Apps\TicketConsolidator\src\TicketConsolidator.Domain\TicketConsolidator.Domain.csproj" (target "_GenerateRestoreProjectPathItemsCurrentProject" depends on it):
   7:2>Using "ConvertToAbsolutePath" task from assembly "Microsoft.Build.Tasks.Core, Version=15.1.0.0, Culture=neutral, PublicKeyToken=b03f5f7f11d50a3a".
       Task "ConvertToAbsolutePath"
   6:2>_GenerateRestoreProjectPathWalk:
           SolutionName=TicketConsolidator
   2:2>_GenerateRestoreProjectPathWalk:
           ExcludeRestorePackageImports=true
           _RestoreSolutionFileUsed=true
   6:2>_GenerateRestoreProjectPathWalk:
           SolutionFileName=TicketConsolidator.sln
   2:2>_GenerateRestoreProjectPathWalk:
           SolutionDir=c:\Apps\TicketConsolidator\
   6:2>_GenerateRestoreProjectPathWalk:
           SolutionPath=c:\Apps\TicketConsolidator\TicketConsolidator.sln
   2:2>_GenerateRestoreProjectPathWalk:
           SolutionName=TicketConsolidator
   6:2>_GenerateRestoreProjectPathWalk:
           SolutionExt=.sln
   4:2>Done executing task "ConvertToAbsolutePath".
   2:2>_GenerateRestoreProjectPathWalk:
           SolutionFileName=TicketConsolidator.sln
   3:2>Done building target "_GenerateRestoreProjectPathItemsPerFramework" in project "TicketConsolidator.UnitTests.csproj".
   2:2>_GenerateRestoreProjectPathWalk:
           SolutionPath=c:\Apps\TicketConsolidator\TicketConsolidator.sln
   7:2>Done executing task "ConvertToAbsolutePath".
   2:2>_GenerateRestoreProjectPathWalk:
           SolutionExt=.sln
   7:2>Done building target "_GenerateRestoreProjectPathItemsPerFramework" in project "TicketConsolidator.Domain.csproj".
   7:2>Target "_GenerateRestoreProjectPathItemsCurrentProject" in file "C:\Program Files\dotnet\sdk\10.0.103\NuGet.targets" from project "c:\Apps\TicketConsolidator\src\TicketConsolidator.Domain\TicketConsolidator.Domain.csproj" (target "_GenerateRestoreProjectPathItems" depends on it):
   7:2>Done building target "_GenerateRestoreProjectPathItemsCurrentProject" in project "TicketConsolidator.Domain.csproj".
   4:2>Done building target "_GenerateRestoreProjectPathItemsPerFramework" in project "TicketConsolidator.Infrastructure.csproj".
   5:2>Target "_GenerateRestoreProjectPathItemsCurrentProject" in file "C:\Program Files\dotnet\sdk\10.0.103\NuGet.targets" from project "c:\Apps\TicketConsolidator\src\TicketConsolidator.UI\TicketConsolidator.UI.csproj" (target "_GenerateRestoreProjectPathItems" depends on it):
   5:2>Done building target "_GenerateRestoreProjectPathItemsCurrentProject" in project "TicketConsolidator.UI.csproj".
   3:2>Target "_GenerateRestoreProjectPathItemsCurrentProject" in file "C:\Program Files\dotnet\sdk\10.0.103\NuGet.targets" from project "c:\Apps\TicketConsolidator\tests\TicketConsolidator.UnitTests\TicketConsolidator.UnitTests.csproj" (target "_GenerateRestoreProjectPathItems" depends on it):
   3:2>Done building target "_GenerateRestoreProjectPathItemsCurrentProject" in project "TicketConsolidator.UnitTests.csproj".
   7:2>Target "_GenerateRestoreProjectPathItems" in file "C:\Program Files\dotnet\sdk\10.0.103\NuGet.targets" from project "c:\Apps\TicketConsolidator\src\TicketConsolidator.Domain\TicketConsolidator.Domain.csproj" (target "_GenerateRestoreProjectPathWalk" depends on it):
   7:2>Using "RemoveDuplicates" task from assembly "Microsoft.Build.Tasks.Core, Version=15.1.0.0, Culture=neutral, PublicKeyToken=b03f5f7f11d50a3a".
       Task "RemoveDuplicates"
   4:2>Target "_GenerateRestoreProjectPathItemsCurrentProject" in file "C:\Program Files\dotnet\sdk\10.0.103\NuGet.targets" from project "c:\Apps\TicketConsolidator\src\TicketConsolidator.Infrastructure\TicketConsolidator.Infrastructure.csproj" (target "_GenerateRestoreProjectPathItems" depends on it):
   4:2>Done building target "_GenerateRestoreProjectPathItemsCurrentProject" in project "TicketConsolidator.Infrastructure.csproj".
   5:2>Target "_GenerateRestoreProjectPathItems" in file "C:\Program Files\dotnet\sdk\10.0.103\NuGet.targets" from project "c:\Apps\TicketConsolidator\src\TicketConsolidator.UI\TicketConsolidator.UI.csproj" (target "_GenerateRestoreProjectPathWalk" depends on it):
   5:2>Using "RemoveDuplicates" task from assembly "Microsoft.Build.Tasks.Core, Version=15.1.0.0, Culture=neutral, PublicKeyToken=b03f5f7f11d50a3a".
       Task "RemoveDuplicates"
   3:2>Target "_GenerateRestoreProjectPathItems" in file "C:\Program Files\dotnet\sdk\10.0.103\NuGet.targets" from project "c:\Apps\TicketConsolidator\tests\TicketConsolidator.UnitTests\TicketConsolidator.UnitTests.csproj" (target "_GenerateRestoreProjectPathWalk" depends on it):
   3:2>Using "RemoveDuplicates" task from assembly "Microsoft.Build.Tasks.Core, Version=15.1.0.0, Culture=neutral, PublicKeyToken=b03f5f7f11d50a3a".
   7:2>Done executing task "RemoveDuplicates".
   7:2>Done building target "_GenerateRestoreProjectPathItems" in project "TicketConsolidator.Domain.csproj".
   5:2>Done executing task "RemoveDuplicates".
   3:2>Task "RemoveDuplicates"
   4:2>Target "_GenerateRestoreProjectPathItems" in file "C:\Program Files\dotnet\sdk\10.0.103\NuGet.targets" from project "c:\Apps\TicketConsolidator\src\TicketConsolidator.Infrastructure\TicketConsolidator.Infrastructure.csproj" (target "_GenerateRestoreProjectPathWalk" depends on it):
   4:2>Using "RemoveDuplicates" task from assembly "Microsoft.Build.Tasks.Core, Version=15.1.0.0, Culture=neutral, PublicKeyToken=b03f5f7f11d50a3a".
       Task "RemoveDuplicates"
   3:2>Done executing task "RemoveDuplicates".
   5:2>Done building target "_GenerateRestoreProjectPathItems" in project "TicketConsolidator.UI.csproj".
   4:2>Done executing task "RemoveDuplicates".
   3:2>Done building target "_GenerateRestoreProjectPathItems" in project "TicketConsolidator.UnitTests.csproj".
   7:2>Target "_GenerateRestoreProjectPathWalk" in file "C:\Program Files\dotnet\sdk\10.0.103\NuGet.targets" from project "c:\Apps\TicketConsolidator\src\TicketConsolidator.Domain\TicketConsolidator.Domain.csproj" (entry point):
   7:2>Using "MSBuild" task from assembly "Microsoft.Build.Tasks.Core, Version=15.1.0.0, Culture=neutral, PublicKeyToken=b03f5f7f11d50a3a".
       Task "MSBuild"
   4:2>Done building target "_GenerateRestoreProjectPathItems" in project "TicketConsolidator.Infrastructure.csproj".
   3:2>Target "_GenerateRestoreProjectPathWalk" in file "C:\Program Files\dotnet\sdk\10.0.103\NuGet.targets" from project "c:\Apps\TicketConsolidator\tests\TicketConsolidator.UnitTests\TicketConsolidator.UnitTests.csproj" (entry point):
   3:2>Using "MSBuild" task from assembly "Microsoft.Build.Tasks.Core, Version=15.1.0.0, Culture=neutral, PublicKeyToken=b03f5f7f11d50a3a".
   5:2>Target "_GenerateRestoreProjectPathWalk" in file "C:\Program Files\dotnet\sdk\10.0.103\NuGet.targets" from project "c:\Apps\TicketConsolidator\src\TicketConsolidator.UI\TicketConsolidator.UI.csproj" (entry point):
   5:2>Using "MSBuild" task from assembly "Microsoft.Build.Tasks.Core, Version=15.1.0.0, Culture=neutral, PublicKeyToken=b03f5f7f11d50a3a".
       Task "MSBuild"
   3:2>Task "MSBuild"
   4:2>Target "_GenerateRestoreProjectPathWalk" in file "C:\Program Files\dotnet\sdk\10.0.103\NuGet.targets" from project "c:\Apps\TicketConsolidator\src\TicketConsolidator.Infrastructure\TicketConsolidator.Infrastructure.csproj" (entry point):
   4:2>Using "MSBuild" task from assembly "Microsoft.Build.Tasks.Core, Version=15.1.0.0, Culture=neutral, PublicKeyToken=b03f5f7f11d50a3a".
   5:2>_GenerateRestoreProjectPathWalk:
         Global Properties:
   3:2>_GenerateRestoreProjectPathWalk:
         Global Properties:
   4:2>Task "MSBuild"
   3:2>_GenerateRestoreProjectPathWalk:
           ExcludeRestorePackageImports=true
   5:2>_GenerateRestoreProjectPathWalk:
           ExcludeRestorePackageImports=true
   4:2>_GenerateRestoreProjectPathWalk:
         Global Properties:
   3:2>_GenerateRestoreProjectPathWalk:
           _RestoreSolutionFileUsed=true
   5:2>_GenerateRestoreProjectPathWalk:
           _RestoreSolutionFileUsed=true
   4:2>_GenerateRestoreProjectPathWalk:
           ExcludeRestorePackageImports=true
   3:2>_GenerateRestoreProjectPathWalk:
           SolutionDir=c:\Apps\TicketConsolidator\
   5:2>_GenerateRestoreProjectPathWalk:
           SolutionDir=c:\Apps\TicketConsolidator\
   4:2>_GenerateRestoreProjectPathWalk:
           _RestoreSolutionFileUsed=true
   5:2>_GenerateRestoreProjectPathWalk:
           SolutionName=TicketConsolidator
   3:2>_GenerateRestoreProjectPathWalk:
           SolutionName=TicketConsolidator
   4:2>_GenerateRestoreProjectPathWalk:
           SolutionDir=c:\Apps\TicketConsolidator\
   5:2>_GenerateRestoreProjectPathWalk:
           SolutionFileName=TicketConsolidator.sln
   3:2>_GenerateRestoreProjectPathWalk:
           SolutionFileName=TicketConsolidator.sln
   4:2>_GenerateRestoreProjectPathWalk:
           SolutionName=TicketConsolidator
   5:2>_GenerateRestoreProjectPathWalk:
           SolutionPath=c:\Apps\TicketConsolidator\TicketConsolidator.sln
   4:2>_GenerateRestoreProjectPathWalk:
           SolutionFileName=TicketConsolidator.sln
   5:2>_GenerateRestoreProjectPathWalk:
           SolutionExt=.sln
   3:2>_GenerateRestoreProjectPathWalk:
           SolutionPath=c:\Apps\TicketConsolidator\TicketConsolidator.sln
   4:2>_GenerateRestoreProjectPathWalk:
           SolutionPath=c:\Apps\TicketConsolidator\TicketConsolidator.sln
   3:2>_GenerateRestoreProjectPathWalk:
           SolutionExt=.sln
   4:2>_GenerateRestoreProjectPathWalk:
           SolutionExt=.sln
   7:2>Done executing task "MSBuild".
       Task "RemoveDuplicates"
       Done executing task "RemoveDuplicates".
   7:2>Done building target "_GenerateRestoreProjectPathWalk" in project "TicketConsolidator.Domain.csproj".
   7:2>Done Building Project "c:\Apps\TicketConsolidator\src\TicketConsolidator.Domain\TicketConsolidator.Domain.csproj" (_GenerateRestoreProjectPathWalk target(s)).
   4:2>Project "c:\Apps\TicketConsolidator\src\TicketConsolidator.Infrastructure\TicketConsolidator.Infrastructure.csproj" (4:2) is building "c:\Apps\TicketConsolidator\src\TicketConsolidator.Domain\TicketConsolidator.Domain.csproj" (7:3) on node 1 (_GenerateRestoreProjectPathWalk target(s)).
   7:3>Target "_GenerateRestoreProjectPathWalk" skipped. Previously built successfully.
   7:3>Done Building Project "c:\Apps\TicketConsolidator\src\TicketConsolidator.Domain\TicketConsolidator.Domain.csproj" (_GenerateRestoreProjectPathWalk target(s)).
   3:2>Project "c:\Apps\TicketConsolidator\tests\TicketConsolidator.UnitTests\TicketConsolidator.UnitTests.csproj" (3:2) is building "c:\Apps\TicketConsolidator\src\TicketConsolidator.Domain\TicketConsolidator.Domain.csproj" (7:4) on node 1 (_GenerateRestoreProjectPathWalk target(s)).
   7:4>Target "_GenerateRestoreProjectPathWalk" skipped. Previously built successfully.
   7:4>Done Building Project "c:\Apps\TicketConsolidator\src\TicketConsolidator.Domain\TicketConsolidator.Domain.csproj" (_GenerateRestoreProjectPathWalk target(s)).
   2:2>Project "c:\Apps\TicketConsolidator\src\TicketConsolidator.Application\TicketConsolidator.Application.csproj" (2:2) is building "c:\Apps\TicketConsolidator\src\TicketConsolidator.Domain\TicketConsolidator.Domain.csproj" (7:5) on node 1 (_GenerateRestoreProjectPathWalk target(s)).
   7:5>Target "_GenerateRestoreProjectPathWalk" skipped. Previously built successfully.
   7:5>Done Building Project "c:\Apps\TicketConsolidator\src\TicketConsolidator.Domain\TicketConsolidator.Domain.csproj" (_GenerateRestoreProjectPathWalk target(s)).
   6:2>Project "c:\Apps\TicketConsolidator\src\TicketConsolidator.Web\TicketConsolidator.Web.csproj" (6:2) is building "c:\Apps\TicketConsolidator\src\TicketConsolidator.Domain\TicketConsolidator.Domain.csproj" (7:6) on node 1 (_GenerateRestoreProjectPathWalk target(s)).
   7:6>Target "_GenerateRestoreProjectPathWalk" skipped. Previously built successfully.
   7:6>Done Building Project "c:\Apps\TicketConsolidator\src\TicketConsolidator.Domain\TicketConsolidator.Domain.csproj" (_GenerateRestoreProjectPathWalk target(s)).
   2:2>Done executing task "MSBuild".
       Task "RemoveDuplicates"
       Done executing task "RemoveDuplicates".
   2:2>Done building target "_GenerateRestoreProjectPathWalk" in project "TicketConsolidator.Application.csproj".
   2:2>Done Building Project "c:\Apps\TicketConsolidator\src\TicketConsolidator.Application\TicketConsolidator.Application.csproj" (_GenerateRestoreProjectPathWalk target(s)).
   4:2>Project "c:\Apps\TicketConsolidator\src\TicketConsolidator.Infrastructure\TicketConsolidator.Infrastructure.csproj" (4:2) is building "c:\Apps\TicketConsolidator\src\TicketConsolidator.Application\TicketConsolidator.Application.csproj" (2:3) on node 3 (_GenerateRestoreProjectPathWalk target(s)).
   2:3>Target "_GenerateRestoreProjectPathWalk" skipped. Previously built successfully.
   2:3>Done Building Project "c:\Apps\TicketConsolidator\src\TicketConsolidator.Application\TicketConsolidator.Application.csproj" (_GenerateRestoreProjectPathWalk target(s)).
   3:2>Project "c:\Apps\TicketConsolidator\tests\TicketConsolidator.UnitTests\TicketConsolidator.UnitTests.csproj" (3:2) is building "c:\Apps\TicketConsolidator\src\TicketConsolidator.Application\TicketConsolidator.Application.csproj" (2:4) on node 3 (_GenerateRestoreProjectPathWalk target(s)).
   2:4>Target "_GenerateRestoreProjectPathWalk" skipped. Previously built successfully.
   2:4>Done Building Project "c:\Apps\TicketConsolidator\src\TicketConsolidator.Application\TicketConsolidator.Application.csproj" (_GenerateRestoreProjectPathWalk target(s)).
   5:2>Project "c:\Apps\TicketConsolidator\src\TicketConsolidator.UI\TicketConsolidator.UI.csproj" (5:2) is building "c:\Apps\TicketConsolidator\src\TicketConsolidator.Application\TicketConsolidator.Application.csproj" (2:5) on node 3 (_GenerateRestoreProjectPathWalk target(s)).
   2:5>Target "_GenerateRestoreProjectPathWalk" skipped. Previously built successfully.
   2:5>Done Building Project "c:\Apps\TicketConsolidator\src\TicketConsolidator.Application\TicketConsolidator.Application.csproj" (_GenerateRestoreProjectPathWalk target(s)).
   4:2>Done executing task "MSBuild".
       Task "RemoveDuplicates"
       Done executing task "RemoveDuplicates".
   4:2>Done building target "_GenerateRestoreProjectPathWalk" in project "TicketConsolidator.Infrastructure.csproj".
   4:2>Done Building Project "c:\Apps\TicketConsolidator\src\TicketConsolidator.Infrastructure\TicketConsolidator.Infrastructure.csproj" (_GenerateRestoreProjectPathWalk target(s)).
   3:2>Project "c:\Apps\TicketConsolidator\tests\TicketConsolidator.UnitTests\TicketConsolidator.UnitTests.csproj" (3:2) is building "c:\Apps\TicketConsolidator\src\TicketConsolidator.Infrastructure\TicketConsolidator.Infrastructure.csproj" (4:3) on node 2 (_GenerateRestoreProjectPathWalk target(s)).
   4:3>Target "_GenerateRestoreProjectPathWalk" skipped. Previously built successfully.
   4:3>Done Building Project "c:\Apps\TicketConsolidator\src\TicketConsolidator.Infrastructure\TicketConsolidator.Infrastructure.csproj" (_GenerateRestoreProjectPathWalk target(s)).
   5:2>Project "c:\Apps\TicketConsolidator\src\TicketConsolidator.UI\TicketConsolidator.UI.csproj" (5:2) is building "c:\Apps\TicketConsolidator\src\TicketConsolidator.Infrastructure\TicketConsolidator.Infrastructure.csproj" (4:4) on node 2 (_GenerateRestoreProjectPathWalk target(s)).
   4:4>Target "_GenerateRestoreProjectPathWalk" skipped. Previously built successfully.
   4:4>Done Building Project "c:\Apps\TicketConsolidator\src\TicketConsolidator.Infrastructure\TicketConsolidator.Infrastructure.csproj" (_GenerateRestoreProjectPathWalk target(s)).
   6:2>Project "c:\Apps\TicketConsolidator\src\TicketConsolidator.Web\TicketConsolidator.Web.csproj" (6:2) is building "c:\Apps\TicketConsolidator\src\TicketConsolidator.Infrastructure\TicketConsolidator.Infrastructure.csproj" (4:5) on node 2 (_GenerateRestoreProjectPathWalk target(s)).
   4:5>Target "_GenerateRestoreProjectPathWalk" skipped. Previously built successfully.
   4:5>Done Building Project "c:\Apps\TicketConsolidator\src\TicketConsolidator.Infrastructure\TicketConsolidator.Infrastructure.csproj" (_GenerateRestoreProjectPathWalk target(s)).
   5:2>Done executing task "MSBuild".
   6:2>Done executing task "MSBuild".
   3:2>Done executing task "MSBuild".
   6:2>Task "RemoveDuplicates"
   5:2>Task "RemoveDuplicates"
   3:2>Task "RemoveDuplicates"
       Done executing task "RemoveDuplicates".
   6:2>Done executing task "RemoveDuplicates".
   5:2>Done executing task "RemoveDuplicates".
   6:2>Done building target "_GenerateRestoreProjectPathWalk" in project "TicketConsolidator.Web.csproj".
   3:2>Done building target "_GenerateRestoreProjectPathWalk" in project "TicketConsolidator.UnitTests.csproj".
   5:2>Done building target "_GenerateRestoreProjectPathWalk" in project "TicketConsolidator.UI.csproj".
   6:2>Done Building Project "c:\Apps\TicketConsolidator\src\TicketConsolidator.Web\TicketConsolidator.Web.csproj" (_GenerateRestoreProjectPathWalk target(s)).
   5:2>Done Building Project "c:\Apps\TicketConsolidator\src\TicketConsolidator.UI\TicketConsolidator.UI.csproj" (_GenerateRestoreProjectPathWalk target(s)).
   3:2>Done Building Project "c:\Apps\TicketConsolidator\tests\TicketConsolidator.UnitTests\TicketConsolidator.UnitTests.csproj" (_GenerateRestoreProjectPathWalk target(s)).
     1>Done executing task "MSBuild".
       Task "RemoveDuplicates"
       Done executing task "RemoveDuplicates".
       Task "MSBuild"
         Global Properties:
           ExcludeRestorePackageImports=true
           _RestoreSolutionFileUsed=true
           SolutionDir=c:\Apps\TicketConsolidator\
           SolutionName=TicketConsolidator
           SolutionFileName=TicketConsolidator.sln
           SolutionPath=c:\Apps\TicketConsolidator\TicketConsolidator.sln
           SolutionExt=.sln
         Additional Properties for project "c:\Apps\TicketConsolidator\src\TicketConsolidator.Domain\TicketConsolidator.Domain.csproj":
           Configuration=Debug
           Platform=AnyCPU
         Additional Properties for project "c:\Apps\TicketConsolidator\src\TicketConsolidator.Application\TicketConsolidator.Application.csproj":
           Configuration=Debug
           Platform=AnyCPU
         Additional Properties for project "c:\Apps\TicketConsolidator\src\TicketConsolidator.Infrastructure\TicketConsolidator.Infrastructure.csproj":
           Configuration=Debug
           Platform=AnyCPU
         Additional Properties for project "c:\Apps\TicketConsolidator\src\TicketConsolidator.UI\TicketConsolidator.UI.csproj":
           Configuration=Debug
           Platform=AnyCPU
         Additional Properties for project "c:\Apps\TicketConsolidator\tests\TicketConsolidator.UnitTests\TicketConsolidator.UnitTests.csproj":
           Configuration=Debug
           Platform=AnyCPU
         Additional Properties for project "c:\Apps\TicketConsolidator\src\TicketConsolidator.Web\TicketConsolidator.Web.csproj":
           Configuration=Debug
           Platform=AnyCPU
     1>Project "c:\Apps\TicketConsolidator\TicketConsolidator.sln" (1) is building "c:\Apps\TicketConsolidator\src\TicketConsolidator.Domain\TicketConsolidator.Domain.csproj" (7:7) on node 1 (_IsProjectRestoreSupported target(s)).
   7:7>Target "_IsProjectRestoreSupported" skipped. Previously built successfully.
   7:7>Done Building Project "c:\Apps\TicketConsolidator\src\TicketConsolidator.Domain\TicketConsolidator.Domain.csproj" (_IsProjectRestoreSupported target(s)).
     1>Project "c:\Apps\TicketConsolidator\TicketConsolidator.sln" (1) is building "c:\Apps\TicketConsolidator\src\TicketConsolidator.Application\TicketConsolidator.Application.csproj" (2:6) on node 1 (_IsProjectRestoreSupported target(s)).
   2:6>Target "_IsProjectRestoreSupported" skipped. Previously built successfully.
   2:6>Done Building Project "c:\Apps\TicketConsolidator\src\TicketConsolidator.Application\TicketConsolidator.Application.csproj" (_IsProjectRestoreSupported target(s)).
     1>Project "c:\Apps\TicketConsolidator\TicketConsolidator.sln" (1) is building "c:\Apps\TicketConsolidator\src\TicketConsolidator.Infrastructure\TicketConsolidator.Infrastructure.csproj" (4:6) on node 1 (_IsProjectRestoreSupported target(s)).
   4:6>Target "_IsProjectRestoreSupported" skipped. Previously built successfully.
   4:6>Done Building Project "c:\Apps\TicketConsolidator\src\TicketConsolidator.Infrastructure\TicketConsolidator.Infrastructure.csproj" (_IsProjectRestoreSupported target(s)).
     1>Project "c:\Apps\TicketConsolidator\TicketConsolidator.sln" (1) is building "c:\Apps\TicketConsolidator\src\TicketConsolidator.UI\TicketConsolidator.UI.csproj" (5:3) on node 1 (_IsProjectRestoreSupported target(s)).
   5:3>Target "_IsProjectRestoreSupported" skipped. Previously built successfully.
   5:3>Done Building Project "c:\Apps\TicketConsolidator\src\TicketConsolidator.UI\TicketConsolidator.UI.csproj" (_IsProjectRestoreSupported target(s)).
     1>Project "c:\Apps\TicketConsolidator\TicketConsolidator.sln" (1) is building "c:\Apps\TicketConsolidator\tests\TicketConsolidator.UnitTests\TicketConsolidator.UnitTests.csproj" (3:3) on node 1 (_IsProjectRestoreSupported target(s)).
   3:3>Target "_IsProjectRestoreSupported" skipped. Previously built successfully.
   3:3>Done Building Project "c:\Apps\TicketConsolidator\tests\TicketConsolidator.UnitTests\TicketConsolidator.UnitTests.csproj" (_IsProjectRestoreSupported target(s)).
     1>Project "c:\Apps\TicketConsolidator\TicketConsolidator.sln" (1) is building "c:\Apps\TicketConsolidator\src\TicketConsolidator.Web\TicketConsolidator.Web.csproj" (6:3) on node 1 (_IsProjectRestoreSupported target(s)).
   6:3>Target "_IsProjectRestoreSupported" skipped. Previously built successfully.
   6:3>Done Building Project "c:\Apps\TicketConsolidator\src\TicketConsolidator.Web\TicketConsolidator.Web.csproj" (_IsProjectRestoreSupported target(s)).
     1>Done executing task "MSBuild".
     1>Done building target "_GetAllRestoreProjectPathItems" in project "TicketConsolidator.sln".
     1>Target "_GenerateRestoreGraph" in file "C:\Program Files\dotnet\sdk\10.0.103\NuGet.targets" from project "c:\Apps\TicketConsolidator\TicketConsolidator.sln" (target "Restore" depends on it):
       Task "Message"
         Generating dg file
       Done executing task "Message".
       Task "Message"
         c:\Apps\TicketConsolidator\src\TicketConsolidator.Domain\TicketConsolidator.Domain.csproj
       Done executing task "Message".
       Task "Message"
         c:\Apps\TicketConsolidator\src\TicketConsolidator.Application\TicketConsolidator.Application.csproj
       Done executing task "Message".
       Task "Message"
         c:\Apps\TicketConsolidator\src\TicketConsolidator.Infrastructure\TicketConsolidator.Infrastructure.csproj
       Done executing task "Message".
       Task "Message"
         c:\Apps\TicketConsolidator\src\TicketConsolidator.UI\TicketConsolidator.UI.csproj
       Done executing task "Message".
       Task "Message"
         c:\Apps\TicketConsolidator\tests\TicketConsolidator.UnitTests\TicketConsolidator.UnitTests.csproj
       Done executing task "Message".
       Task "Message"
         c:\Apps\TicketConsolidator\src\TicketConsolidator.Web\TicketConsolidator.Web.csproj
       Done executing task "Message".
       Task "MSBuild"
         Global Properties:
           ExcludeRestorePackageImports=true
           _RestoreSolutionFileUsed=true
           SolutionDir=c:\Apps\TicketConsolidator\
           SolutionName=TicketConsolidator
           SolutionFileName=TicketConsolidator.sln
           SolutionPath=c:\Apps\TicketConsolidator\TicketConsolidator.sln
           SolutionExt=.sln
         Additional Properties for project "c:\Apps\TicketConsolidator\src\TicketConsolidator.Domain\TicketConsolidator.Domain.csproj":
           Configuration=Debug
           Platform=AnyCPU
         Additional Properties for project "c:\Apps\TicketConsolidator\src\TicketConsolidator.Application\TicketConsolidator.Application.csproj":
           Configuration=Debug
           Platform=AnyCPU
         Additional Properties for project "c:\Apps\TicketConsolidator\src\TicketConsolidator.Infrastructure\TicketConsolidator.Infrastructure.csproj":
           Configuration=Debug
           Platform=AnyCPU
         Additional Properties for project "c:\Apps\TicketConsolidator\src\TicketConsolidator.UI\TicketConsolidator.UI.csproj":
           Configuration=Debug
           Platform=AnyCPU
         Additional Properties for project "c:\Apps\TicketConsolidator\tests\TicketConsolidator.UnitTests\TicketConsolidator.UnitTests.csproj":
           Configuration=Debug
           Platform=AnyCPU
         Additional Properties for project "c:\Apps\TicketConsolidator\src\TicketConsolidator.Web\TicketConsolidator.Web.csproj":
           Configuration=Debug
           Platform=AnyCPU
     1>Project "c:\Apps\TicketConsolidator\TicketConsolidator.sln" (1) is building "c:\Apps\TicketConsolidator\src\TicketConsolidator.Domain\TicketConsolidator.Domain.csproj" (7:8) on node 1 (_GenerateRestoreGraphProjectEntry target(s)).
   7:8>Target "_CheckForUnsupportedNETCoreVersion" in file "C:\Program Files\dotnet\sdk\10.0.103\Sdks\Microsoft.NET.Sdk\targets\Microsoft.NET.TargetFrameworkInference.targets" from project "c:\Apps\TicketConsolidator\src\TicketConsolidator.Domain\TicketConsolidator.Domain.csproj" (target "CollectPackageReferences" depends on it):
   7:8>Done building target "_CheckForUnsupportedNETCoreVersion" in project "TicketConsolidator.Domain.csproj".
   7:8>Target "_CheckForUnsupportedCppNETCoreVersion" in file "C:\Program Files\dotnet\sdk\10.0.103\Sdks\Microsoft.NET.Sdk\targets\Microsoft.NET.TargetFrameworkInference.targets" from project "c:\Apps\TicketConsolidator\src\TicketConsolidator.Domain\TicketConsolidator.Domain.csproj" (target "CollectPackageReferences" depends on it):
   7:8>Done building target "_CheckForUnsupportedCppNETCoreVersion" in project "TicketConsolidator.Domain.csproj".
     1>Project "c:\Apps\TicketConsolidator\TicketConsolidator.sln" (1) is building "c:\Apps\TicketConsolidator\src\TicketConsolidator.Web\TicketConsolidator.Web.csproj" (6:4) on node 6 (_GenerateRestoreGraphProjectEntry target(s)).
   6:4>Target "_CheckForUnsupportedTargetPlatformIdentifier" in file "C:\Program Files\dotnet\sdk\10.0.103\Sdks\Microsoft.NET.Sdk\targets\Microsoft.NET.TargetFrameworkInference.targets" from project "c:\Apps\TicketConsolidator\src\TicketConsolidator.Web\TicketConsolidator.Web.csproj" (target "CollectPackageReferences" depends on it):
   6:4>Done building target "_CheckForUnsupportedTargetPlatformIdentifier" in project "TicketConsolidator.Web.csproj".
     1>Project "c:\Apps\TicketConsolidator\TicketConsolidator.sln" (1) is building "c:\Apps\TicketConsolidator\src\TicketConsolidator.Application\TicketConsolidator.Application.csproj" (2:7) on node 3 (_GenerateRestoreGraphProjectEntry target(s)).
   2:7>Target "_CheckForUnsupportedNETCoreVersion" in file "C:\Program Files\dotnet\sdk\10.0.103\Sdks\Microsoft.NET.Sdk\targets\Microsoft.NET.TargetFrameworkInference.targets" from project "c:\Apps\TicketConsolidator\src\TicketConsolidator.Application\TicketConsolidator.Application.csproj" (target "CollectPackageReferences" depends on it):
   2:7>Done building target "_CheckForUnsupportedNETCoreVersion" in project "TicketConsolidator.Application.csproj".
     1>Project "c:\Apps\TicketConsolidator\TicketConsolidator.sln" (1) is building "c:\Apps\TicketConsolidator\src\TicketConsolidator.Infrastructure\TicketConsolidator.Infrastructure.csproj" (4:7) on node 2 (_GenerateRestoreGraphProjectEntry target(s)).
   4:7>Target "_CheckForUnsupportedTargetPlatformIdentifier" in file "C:\Program Files\dotnet\sdk\10.0.103\Sdks\Microsoft.NET.Sdk\targets\Microsoft.NET.TargetFrameworkInference.targets" from project "c:\Apps\TicketConsolidator\src\TicketConsolidator.Infrastructure\TicketConsolidator.Infrastructure.csproj" (target "CollectPackageReferences" depends on it):
   4:7>Done building target "_CheckForUnsupportedTargetPlatformIdentifier" in project "TicketConsolidator.Infrastructure.csproj".
     1>Project "c:\Apps\TicketConsolidator\TicketConsolidator.sln" (1) is building "c:\Apps\TicketConsolidator\src\TicketConsolidator.UI\TicketConsolidator.UI.csproj" (5:4) on node 4 (_GenerateRestoreGraphProjectEntry target(s)).
   5:4>Target "_CheckForUnsupportedTargetPlatformIdentifier" in file "C:\Program Files\dotnet\sdk\10.0.103\Sdks\Microsoft.NET.Sdk\targets\Microsoft.NET.TargetFrameworkInference.targets" from project "c:\Apps\TicketConsolidator\src\TicketConsolidator.UI\TicketConsolidator.UI.csproj" (target "CollectPackageReferences" depends on it):
   5:4>Done building target "_CheckForUnsupportedTargetPlatformIdentifier" in project "TicketConsolidator.UI.csproj".
   6:4>Target "_CheckForUnsupportedNETCoreVersion" in file "C:\Program Files\dotnet\sdk\10.0.103\Sdks\Microsoft.NET.Sdk\targets\Microsoft.NET.TargetFrameworkInference.targets" from project "c:\Apps\TicketConsolidator\src\TicketConsolidator.Web\TicketConsolidator.Web.csproj" (target "CollectPackageReferences" depends on it):
   6:4>Done building target "_CheckForUnsupportedNETCoreVersion" in project "TicketConsolidator.Web.csproj".
   2:7>Target "_CheckForUnsupportedCppNETCoreVersion" in file "C:\Program Files\dotnet\sdk\10.0.103\Sdks\Microsoft.NET.Sdk\targets\Microsoft.NET.TargetFrameworkInference.targets" from project "c:\Apps\TicketConsolidator\src\TicketConsolidator.Application\TicketConsolidator.Application.csproj" (target "CollectPackageReferences" depends on it):
   2:7>Done building target "_CheckForUnsupportedCppNETCoreVersion" in project "TicketConsolidator.Application.csproj".
   6:4>Target "_CheckForUnsupportedCppNETCoreVersion" in file "C:\Program Files\dotnet\sdk\10.0.103\Sdks\Microsoft.NET.Sdk\targets\Microsoft.NET.TargetFrameworkInference.targets" from project "c:\Apps\TicketConsolidator\src\TicketConsolidator.Web\TicketConsolidator.Web.csproj" (target "CollectPackageReferences" depends on it):
   6:4>Done building target "_CheckForUnsupportedCppNETCoreVersion" in project "TicketConsolidator.Web.csproj".
     1>Project "c:\Apps\TicketConsolidator\TicketConsolidator.sln" (1) is building "c:\Apps\TicketConsolidator\tests\TicketConsolidator.UnitTests\TicketConsolidator.UnitTests.csproj" (3:4) on node 5 (_GenerateRestoreGraphProjectEntry target(s)).
   3:4>Target "_CheckForUnsupportedTargetPlatformIdentifier" in file "C:\Program Files\dotnet\sdk\10.0.103\Sdks\Microsoft.NET.Sdk\targets\Microsoft.NET.TargetFrameworkInference.targets" from project "c:\Apps\TicketConsolidator\tests\TicketConsolidator.UnitTests\TicketConsolidator.UnitTests.csproj" (target "CollectPackageReferences" depends on it):
   3:4>Done building target "_CheckForUnsupportedTargetPlatformIdentifier" in project "TicketConsolidator.UnitTests.csproj".
   4:7>Target "_CheckForUnsupportedNETCoreVersion" in file "C:\Program Files\dotnet\sdk\10.0.103\Sdks\Microsoft.NET.Sdk\targets\Microsoft.NET.TargetFrameworkInference.targets" from project "c:\Apps\TicketConsolidator\src\TicketConsolidator.Infrastructure\TicketConsolidator.Infrastructure.csproj" (target "CollectPackageReferences" depends on it):
   4:7>Done building target "_CheckForUnsupportedNETCoreVersion" in project "TicketConsolidator.Infrastructure.csproj".
   6:4>Target "CheckForImplicitPackageReferenceOverrides" in file "C:\Program Files\dotnet\sdk\10.0.103\Sdks\Microsoft.NET.Sdk\targets\Microsoft.NET.Sdk.DefaultItems.Shared.targets" from project "c:\Apps\TicketConsolidator\src\TicketConsolidator.Web\TicketConsolidator.Web.csproj" (target "CollectPackageReferences" depends on it):
   6:4>Using "CheckForImplicitPackageReferenceOverrides" task from assembly "C:\Program Files\dotnet\sdk\10.0.103\Sdks\Microsoft.NET.Sdk\targets\..\tools\net10.0\Microsoft.NET.Build.Tasks.dll".
   2:7>Target "CheckForImplicitPackageReferenceOverrides" in file "C:\Program Files\dotnet\sdk\10.0.103\Sdks\Microsoft.NET.Sdk\targets\Microsoft.NET.Sdk.DefaultItems.Shared.targets" from project "c:\Apps\TicketConsolidator\src\TicketConsolidator.Application\TicketConsolidator.Application.csproj" (target "CollectPackageReferences" depends on it):
   2:7>Using "CheckForImplicitPackageReferenceOverrides" task from assembly "C:\Program Files\dotnet\sdk\10.0.103\Sdks\Microsoft.NET.Sdk\targets\..\tools\net10.0\Microsoft.NET.Build.Tasks.dll".
   6:4>Task "CheckForImplicitPackageReferenceOverrides"
       Done executing task "CheckForImplicitPackageReferenceOverrides".
   6:4>Done building target "CheckForImplicitPackageReferenceOverrides" in project "TicketConsolidator.Web.csproj".
   5:4>Target "_CheckForUnsupportedNETCoreVersion" in file "C:\Program Files\dotnet\sdk\10.0.103\Sdks\Microsoft.NET.Sdk\targets\Microsoft.NET.TargetFrameworkInference.targets" from project "c:\Apps\TicketConsolidator\src\TicketConsolidator.UI\TicketConsolidator.UI.csproj" (target "CollectPackageReferences" depends on it):
   5:4>Done building target "_CheckForUnsupportedNETCoreVersion" in project "TicketConsolidator.UI.csproj".
   3:4>Target "_CheckForUnsupportedNETCoreVersion" in file "C:\Program Files\dotnet\sdk\10.0.103\Sdks\Microsoft.NET.Sdk\targets\Microsoft.NET.TargetFrameworkInference.targets" from project "c:\Apps\TicketConsolidator\tests\TicketConsolidator.UnitTests\TicketConsolidator.UnitTests.csproj" (target "CollectPackageReferences" depends on it):
   3:4>Done building target "_CheckForUnsupportedNETCoreVersion" in project "TicketConsolidator.UnitTests.csproj".
   4:7>Target "_CheckForUnsupportedCppNETCoreVersion" in file "C:\Program Files\dotnet\sdk\10.0.103\Sdks\Microsoft.NET.Sdk\targets\Microsoft.NET.TargetFrameworkInference.targets" from project "c:\Apps\TicketConsolidator\src\TicketConsolidator.Infrastructure\TicketConsolidator.Infrastructure.csproj" (target "CollectPackageReferences" depends on it):
   4:7>Done building target "_CheckForUnsupportedCppNETCoreVersion" in project "TicketConsolidator.Infrastructure.csproj".
   3:4>Target "_CheckForUnsupportedCppNETCoreVersion" in file "C:\Program Files\dotnet\sdk\10.0.103\Sdks\Microsoft.NET.Sdk\targets\Microsoft.NET.TargetFrameworkInference.targets" from project "c:\Apps\TicketConsolidator\tests\TicketConsolidator.UnitTests\TicketConsolidator.UnitTests.csproj" (target "CollectPackageReferences" depends on it):
   3:4>Done building target "_CheckForUnsupportedCppNETCoreVersion" in project "TicketConsolidator.UnitTests.csproj".
   6:4>Target "AddWindowsSdkKnownFrameworkReferences" in file "C:\Program Files\dotnet\sdk\10.0.103\Sdks\Microsoft.NET.Sdk\targets\Microsoft.NET.Sdk.FrameworkReferenceResolution.targets" from project "c:\Apps\TicketConsolidator\src\TicketConsolidator.Web\TicketConsolidator.Web.csproj" (target "ProcessFrameworkReferences" depends on it):
   6:4>Using "CreateWindowsSdkKnownFrameworkReferences" task from assembly "C:\Program Files\dotnet\sdk\10.0.103\Sdks\Microsoft.NET.Sdk\targets\..\tools\net10.0\Microsoft.NET.Build.Tasks.dll".
   2:7>Task "CheckForImplicitPackageReferenceOverrides"
   4:7>Target "UpdateAspNetToFrameworkReference" in file "C:\Program Files\dotnet\sdk\10.0.103\Sdks\Microsoft.NET.Sdk\targets\Microsoft.NET.Sdk.DefaultItems.Shared.targets" from project "c:\Apps\TicketConsolidator\src\TicketConsolidator.Infrastructure\TicketConsolidator.Infrastructure.csproj" (target "ApplyImplicitVersions" depends on it):
   4:7>Using "CheckIfPackageReferenceShouldBeFrameworkReference" task from assembly "C:\Program Files\dotnet\sdk\10.0.103\Sdks\Microsoft.NET.Sdk\targets\..\tools\net10.0\Microsoft.NET.Build.Tasks.dll".
   3:4>Target "UpdateAspNetToFrameworkReference" in file "C:\Program Files\dotnet\sdk\10.0.103\Sdks\Microsoft.NET.Sdk\targets\Microsoft.NET.Sdk.DefaultItems.Shared.targets" from project "c:\Apps\TicketConsolidator\tests\TicketConsolidator.UnitTests\TicketConsolidator.UnitTests.csproj" (target "ApplyImplicitVersions" depends on it):
   3:4>Using "CheckIfPackageReferenceShouldBeFrameworkReference" task from assembly "C:\Program Files\dotnet\sdk\10.0.103\Sdks\Microsoft.NET.Sdk\targets\..\tools\net10.0\Microsoft.NET.Build.Tasks.dll".
   5:4>Target "_CheckForUnsupportedCppNETCoreVersion" in file "C:\Program Files\dotnet\sdk\10.0.103\Sdks\Microsoft.NET.Sdk\targets\Microsoft.NET.TargetFrameworkInference.targets" from project "c:\Apps\TicketConsolidator\src\TicketConsolidator.UI\TicketConsolidator.UI.csproj" (target "CollectPackageReferences" depends on it):
   5:4>Done building target "_CheckForUnsupportedCppNETCoreVersion" in project "TicketConsolidator.UI.csproj".
   6:4>Task "CreateWindowsSdkKnownFrameworkReferences"
   3:4>Task "CheckIfPackageReferenceShouldBeFrameworkReference"
   5:4>Target "UpdateAspNetToFrameworkReference" in file "C:\Program Files\dotnet\sdk\10.0.103\Sdks\Microsoft.NET.Sdk\targets\Microsoft.NET.Sdk.DefaultItems.Shared.targets" from project "c:\Apps\TicketConsolidator\src\TicketConsolidator.UI\TicketConsolidator.UI.csproj" (target "ApplyImplicitVersions" depends on it):
   5:4>Using "CheckIfPackageReferenceShouldBeFrameworkReference" task from assembly "C:\Program Files\dotnet\sdk\10.0.103\Sdks\Microsoft.NET.Sdk\targets\..\tools\net10.0\Microsoft.NET.Build.Tasks.dll".
   3:4>Done executing task "CheckIfPackageReferenceShouldBeFrameworkReference".
       Task "CheckIfPackageReferenceShouldBeFrameworkReference"
   5:4>Task "CheckIfPackageReferenceShouldBeFrameworkReference"
   6:4>Done executing task "CreateWindowsSdkKnownFrameworkReferences".
   5:4>Done executing task "CheckIfPackageReferenceShouldBeFrameworkReference".
   3:4>Done executing task "CheckIfPackageReferenceShouldBeFrameworkReference".
   6:4>Done building target "AddWindowsSdkKnownFrameworkReferences" in project "TicketConsolidator.Web.csproj".
   3:4>Done building target "UpdateAspNetToFrameworkReference" in project "TicketConsolidator.UnitTests.csproj".
   4:7>Task "CheckIfPackageReferenceShouldBeFrameworkReference"
       Done executing task "CheckIfPackageReferenceShouldBeFrameworkReference".
   6:4>Target "_NormalizeTargetPlatformVersion" in file "C:\Program Files\dotnet\sdk\10.0.103\Sdks\Microsoft.NET.Sdk\targets\Microsoft.NET.TargetFrameworkInference.targets" from project "c:\Apps\TicketConsolidator\src\TicketConsolidator.Web\TicketConsolidator.Web.csproj" (target "ProcessFrameworkReferences" depends on it):
   6:4>Done building target "_NormalizeTargetPlatformVersion" in project "TicketConsolidator.Web.csproj".
   2:7>Done executing task "CheckForImplicitPackageReferenceOverrides".
   5:4>Task "CheckIfPackageReferenceShouldBeFrameworkReference"
   4:7>Task "CheckIfPackageReferenceShouldBeFrameworkReference"
       Done executing task "CheckIfPackageReferenceShouldBeFrameworkReference".
   6:4>Target "_CheckForLanguageAndFeatureCombinationSupport" in file "C:\Program Files\dotnet\sdk\10.0.103\Sdks\Microsoft.NET.Sdk\targets\Microsoft.NET.RuntimeIdentifierInference.targets" from project "c:\Apps\TicketConsolidator\src\TicketConsolidator.Web\TicketConsolidator.Web.csproj" (target "ProcessFrameworkReferences" depends on it):
   6:4>Done building target "_CheckForLanguageAndFeatureCombinationSupport" in project "TicketConsolidator.Web.csproj".
   5:4>Done executing task "CheckIfPackageReferenceShouldBeFrameworkReference".
   4:7>Done building target "UpdateAspNetToFrameworkReference" in project "TicketConsolidator.Infrastructure.csproj".
   2:7>Done building target "CheckForImplicitPackageReferenceOverrides" in project "TicketConsolidator.Application.csproj".
   5:4>Done building target "UpdateAspNetToFrameworkReference" in project "TicketConsolidator.UI.csproj".
   6:4>Target "_ComputeToolPackInputsToProcessFrameworkReferences" in file "C:\Program Files\dotnet\sdk\10.0.103\Sdks\Microsoft.NET.Sdk\targets\Microsoft.NET.Publish.targets" from project "c:\Apps\TicketConsolidator\src\TicketConsolidator.Web\TicketConsolidator.Web.csproj" (target "ProcessFrameworkReferences" depends on it):
   6:4>Done building target "_ComputeToolPackInputsToProcessFrameworkReferences" in project "TicketConsolidator.Web.csproj".
   3:4>Target "CheckForImplicitPackageReferenceOverrides" in file "C:\Program Files\dotnet\sdk\10.0.103\Sdks\Microsoft.NET.Sdk\targets\Microsoft.NET.Sdk.DefaultItems.Shared.targets" from project "c:\Apps\TicketConsolidator\tests\TicketConsolidator.UnitTests\TicketConsolidator.UnitTests.csproj" (target "ApplyImplicitVersions" depends on it):
   3:4>Using "CheckForImplicitPackageReferenceOverrides" task from assembly "C:\Program Files\dotnet\sdk\10.0.103\Sdks\Microsoft.NET.Sdk\targets\..\tools\net10.0\Microsoft.NET.Build.Tasks.dll".
   2:7>Target "_CheckForLanguageAndFeatureCombinationSupport" in file "C:\Program Files\dotnet\sdk\10.0.103\Sdks\Microsoft.NET.Sdk\targets\Microsoft.NET.RuntimeIdentifierInference.targets" from project "c:\Apps\TicketConsolidator\src\TicketConsolidator.Application\TicketConsolidator.Application.csproj" (target "ProcessFrameworkReferences" depends on it):
   2:7>Done building target "_CheckForLanguageAndFeatureCombinationSupport" in project "TicketConsolidator.Application.csproj".
   4:7>Target "CheckForImplicitPackageReferenceOverrides" in file "C:\Program Files\dotnet\sdk\10.0.103\Sdks\Microsoft.NET.Sdk\targets\Microsoft.NET.Sdk.DefaultItems.Shared.targets" from project "c:\Apps\TicketConsolidator\src\TicketConsolidator.Infrastructure\TicketConsolidator.Infrastructure.csproj" (target "ApplyImplicitVersions" depends on it):
   4:7>Using "CheckForImplicitPackageReferenceOverrides" task from assembly "C:\Program Files\dotnet\sdk\10.0.103\Sdks\Microsoft.NET.Sdk\targets\..\tools\net10.0\Microsoft.NET.Build.Tasks.dll".
   3:4>Task "CheckForImplicitPackageReferenceOverrides"
   5:4>Target "CheckForImplicitPackageReferenceOverrides" in file "C:\Program Files\dotnet\sdk\10.0.103\Sdks\Microsoft.NET.Sdk\targets\Microsoft.NET.Sdk.DefaultItems.Shared.targets" from project "c:\Apps\TicketConsolidator\src\TicketConsolidator.UI\TicketConsolidator.UI.csproj" (target "ApplyImplicitVersions" depends on it):
   5:4>Using "CheckForImplicitPackageReferenceOverrides" task from assembly "C:\Program Files\dotnet\sdk\10.0.103\Sdks\Microsoft.NET.Sdk\targets\..\tools\net10.0\Microsoft.NET.Build.Tasks.dll".
   3:4>Done executing task "CheckForImplicitPackageReferenceOverrides".
   6:4>Target "ResolveRequiredWebAssets" in file "C:\Program Files\dotnet\sdk\10.0.103\Sdks\Microsoft.NET.Sdk.Web.ProjectSystem\targets\Microsoft.NET.Sdk.Web.ProjectSystem.targets" from project "c:\Apps\TicketConsolidator\src\TicketConsolidator.Web\TicketConsolidator.Web.csproj" (target "ProcessFrameworkReferences" depends on it):
   6:4>Done building target "ResolveRequiredWebAssets" in project "TicketConsolidator.Web.csproj".
   5:4>Task "CheckForImplicitPackageReferenceOverrides"
   4:7>Task "CheckForImplicitPackageReferenceOverrides"
   3:4>Done building target "CheckForImplicitPackageReferenceOverrides" in project "TicketConsolidator.UnitTests.csproj".
   4:7>Done executing task "CheckForImplicitPackageReferenceOverrides".
   5:4>Done executing task "CheckForImplicitPackageReferenceOverrides".
   4:7>Done building target "CheckForImplicitPackageReferenceOverrides" in project "TicketConsolidator.Infrastructure.csproj".
   5:4>Done building target "CheckForImplicitPackageReferenceOverrides" in project "TicketConsolidator.UI.csproj".
   6:4>Target "ProcessFrameworkReferences" in file "C:\Program Files\dotnet\sdk\10.0.103\Sdks\Microsoft.NET.Sdk\targets\Microsoft.NET.Sdk.FrameworkReferenceResolution.targets" from project "c:\Apps\TicketConsolidator\src\TicketConsolidator.Web\TicketConsolidator.Web.csproj" (target "CollectPackageReferences" depends on it):
   6:4>Using "CheckForDuplicateFrameworkReferences" task from assembly "C:\Program Files\dotnet\sdk\10.0.103\Sdks\Microsoft.NET.Sdk\targets\..\tools\net10.0\Microsoft.NET.Build.Tasks.dll".
   2:7>Target "_ComputeToolPackInputsToProcessFrameworkReferences" in file "C:\Program Files\dotnet\sdk\10.0.103\Sdks\Microsoft.NET.Sdk\targets\Microsoft.NET.Publish.targets" from project "c:\Apps\TicketConsolidator\src\TicketConsolidator.Application\TicketConsolidator.Application.csproj" (target "ProcessFrameworkReferences" depends on it):
   2:7>Done building target "_ComputeToolPackInputsToProcessFrameworkReferences" in project "TicketConsolidator.Application.csproj".
   4:7>Target "ApplyImplicitVersions" in file "C:\Program Files\dotnet\sdk\10.0.103\Sdks\Microsoft.NET.Sdk\targets\Microsoft.NET.Sdk.DefaultItems.Shared.targets" from project "c:\Apps\TicketConsolidator\src\TicketConsolidator.Infrastructure\TicketConsolidator.Infrastructure.csproj" (target "CollectPackageReferences" depends on it):
   4:7>Using "ApplyImplicitVersions" task from assembly "C:\Program Files\dotnet\sdk\10.0.103\Sdks\Microsoft.NET.Sdk\targets\..\tools\net10.0\Microsoft.NET.Build.Tasks.dll".
   3:4>Target "ApplyImplicitVersions" in file "C:\Program Files\dotnet\sdk\10.0.103\Sdks\Microsoft.NET.Sdk\targets\Microsoft.NET.Sdk.DefaultItems.Shared.targets" from project "c:\Apps\TicketConsolidator\tests\TicketConsolidator.UnitTests\TicketConsolidator.UnitTests.csproj" (target "CollectPackageReferences" depends on it):
   3:4>Using "ApplyImplicitVersions" task from assembly "C:\Program Files\dotnet\sdk\10.0.103\Sdks\Microsoft.NET.Sdk\targets\..\tools\net10.0\Microsoft.NET.Build.Tasks.dll".
   6:4>Task "CheckForDuplicateFrameworkReferences"
   4:7>Task "ApplyImplicitVersions"
   5:4>Target "ApplyImplicitVersions" in file "C:\Program Files\dotnet\sdk\10.0.103\Sdks\Microsoft.NET.Sdk\targets\Microsoft.NET.Sdk.DefaultItems.Shared.targets" from project "c:\Apps\TicketConsolidator\src\TicketConsolidator.UI\TicketConsolidator.UI.csproj" (target "CollectPackageReferences" depends on it):
   5:4>Using "ApplyImplicitVersions" task from assembly "C:\Program Files\dotnet\sdk\10.0.103\Sdks\Microsoft.NET.Sdk\targets\..\tools\net10.0\Microsoft.NET.Build.Tasks.dll".
   6:4>Done executing task "CheckForDuplicateFrameworkReferences".
   3:4>Task "ApplyImplicitVersions"
   4:7>Done executing task "ApplyImplicitVersions".
   3:4>Done executing task "ApplyImplicitVersions".
   6:4>ProcessFrameworkReferences:
       Using "ProcessFrameworkReferences" task from assembly "C:\Program Files\dotnet\sdk\10.0.103\Sdks\Microsoft.NET.Sdk\targets\..\tools\net10.0\Microsoft.NET.Build.Tasks.dll".
   5:4>Task "ApplyImplicitVersions"
   4:7>Done building target "ApplyImplicitVersions" in project "TicketConsolidator.Infrastructure.csproj".
   2:7>Target "ProcessFrameworkReferences" in file "C:\Program Files\dotnet\sdk\10.0.103\Sdks\Microsoft.NET.Sdk\targets\Microsoft.NET.Sdk.FrameworkReferenceResolution.targets" from project "c:\Apps\TicketConsolidator\src\TicketConsolidator.Application\TicketConsolidator.Application.csproj" (target "CollectPackageReferences" depends on it):
   2:7>Using "CheckForDuplicateFrameworkReferences" task from assembly "C:\Program Files\dotnet\sdk\10.0.103\Sdks\Microsoft.NET.Sdk\targets\..\tools\net10.0\Microsoft.NET.Build.Tasks.dll".
   5:4>Done executing task "ApplyImplicitVersions".
   3:4>Done building target "ApplyImplicitVersions" in project "TicketConsolidator.UnitTests.csproj".
   7:8>Target "CheckForImplicitPackageReferenceOverrides" in file "C:\Program Files\dotnet\sdk\10.0.103\Sdks\Microsoft.NET.Sdk\targets\Microsoft.NET.Sdk.DefaultItems.Shared.targets" from project "c:\Apps\TicketConsolidator\src\TicketConsolidator.Domain\TicketConsolidator.Domain.csproj" (target "CollectPackageReferences" depends on it):
   7:8>Using "CheckForImplicitPackageReferenceOverrides" task from assembly "C:\Program Files\dotnet\sdk\10.0.103\Sdks\Microsoft.NET.Sdk\targets\..\tools\net10.0\Microsoft.NET.Build.Tasks.dll".
       Task "CheckForImplicitPackageReferenceOverrides"
   5:4>Done building target "ApplyImplicitVersions" in project "TicketConsolidator.UI.csproj".
   4:7>Target "CheckForImplicitPackageReferenceOverrides" skipped. Previously built successfully.
   3:4>Target "CheckForImplicitPackageReferenceOverrides" skipped. Previously built successfully.
   5:4>Target "CheckForImplicitPackageReferenceOverrides" skipped. Previously built successfully.
   4:7>Target "AddWindowsSdkKnownFrameworkReferences" in file "C:\Program Files\dotnet\sdk\10.0.103\Sdks\Microsoft.NET.Sdk\targets\Microsoft.NET.Sdk.FrameworkReferenceResolution.targets" from project "c:\Apps\TicketConsolidator\src\TicketConsolidator.Infrastructure\TicketConsolidator.Infrastructure.csproj" (target "ProcessFrameworkReferences" depends on it):
   4:7>Using "CreateWindowsSdkKnownFrameworkReferences" task from assembly "C:\Program Files\dotnet\sdk\10.0.103\Sdks\Microsoft.NET.Sdk\targets\..\tools\net10.0\Microsoft.NET.Build.Tasks.dll".
   2:7>Task "CheckForDuplicateFrameworkReferences"
   3:4>Target "AddWindowsSdkKnownFrameworkReferences" in file "C:\Program Files\dotnet\sdk\10.0.103\Sdks\Microsoft.NET.Sdk\targets\Microsoft.NET.Sdk.FrameworkReferenceResolution.targets" from project "c:\Apps\TicketConsolidator\tests\TicketConsolidator.UnitTests\TicketConsolidator.UnitTests.csproj" (target "ProcessFrameworkReferences" depends on it):
   3:4>Using "CreateWindowsSdkKnownFrameworkReferences" task from assembly "C:\Program Files\dotnet\sdk\10.0.103\Sdks\Microsoft.NET.Sdk\targets\..\tools\net10.0\Microsoft.NET.Build.Tasks.dll".
   6:4>Task "ProcessFrameworkReferences"
   4:7>Task "CreateWindowsSdkKnownFrameworkReferences"
   2:7>Done executing task "CheckForDuplicateFrameworkReferences".
       Using "ProcessFrameworkReferences" task from assembly "C:\Program Files\dotnet\sdk\10.0.103\Sdks\Microsoft.NET.Sdk\targets\..\tools\net10.0\Microsoft.NET.Build.Tasks.dll".
   6:4>ProcessFrameworkReferences:
         Found 2 known framework references for target framework .NETCoreApp
   5:4>Target "AddWindowsSdkKnownFrameworkReferences" in file "C:\Program Files\dotnet\sdk\10.0.103\Sdks\Microsoft.NET.Sdk\targets\Microsoft.NET.Sdk.FrameworkReferenceResolution.targets" from project "c:\Apps\TicketConsolidator\src\TicketConsolidator.UI\TicketConsolidator.UI.csproj" (target "ProcessFrameworkReferences" depends on it):
   5:4>Using "CreateWindowsSdkKnownFrameworkReferences" task from assembly "C:\Program Files\dotnet\sdk\10.0.103\Sdks\Microsoft.NET.Sdk\targets\..\tools\net10.0\Microsoft.NET.Build.Tasks.dll".
   3:4>Task "CreateWindowsSdkKnownFrameworkReferences"
       Done executing task "CreateWindowsSdkKnownFrameworkReferences".
   5:4>Task "CreateWindowsSdkKnownFrameworkReferences"
   6:4>ProcessFrameworkReferences:
         Found 5 known runtime packs for target framework .NETCoreApp
   2:7>Task "ProcessFrameworkReferences"
   3:4>Done building target "AddWindowsSdkKnownFrameworkReferences" in project "TicketConsolidator.UnitTests.csproj".
   2:7>ProcessFrameworkReferences:
         Found 1 known framework references for target framework .NETCoreApp
   6:4>ProcessFrameworkReferences:
         Selected Microsoft.NETCore.App with RIDs 'linux-arm;linux-arm64;linux-musl-arm64;linux-musl-x64;linux-x64;osx-x64;tizen.4.0.0-armel;tizen.5.0.0-armel;win-arm64;win-x64;win-x86;linux-musl-arm;osx-arm64;linux-s390x;linux-loongarch64;linux-bionic-arm;linux-bionic-arm64;linux-bionic-x64;linux-bionic-x86;linux-ppc64le;freebsd-x64;freebsd-arm64;linux-riscv64;linux-musl-riscv64;linux-musl-loongarch64;android-arm64;android-x64'
   4:7>Done executing task "CreateWindowsSdkKnownFrameworkReferences".
   6:4>ProcessFrameworkReferences:
         Selected targeting pack 'Microsoft.NETCore.App@10.0.3'
   2:7>ProcessFrameworkReferences:
         Found 5 known runtime packs for target framework .NETCoreApp
   4:7>Done building target "AddWindowsSdkKnownFrameworkReferences" in project "TicketConsolidator.Infrastructure.csproj".
   3:4>Target "_NormalizeTargetPlatformVersion" in file "C:\Program Files\dotnet\sdk\10.0.103\Sdks\Microsoft.NET.Sdk\targets\Microsoft.NET.TargetFrameworkInference.targets" from project "c:\Apps\TicketConsolidator\tests\TicketConsolidator.UnitTests\TicketConsolidator.UnitTests.csproj" (target "ProcessFrameworkReferences" depends on it):
   3:4>Done building target "_NormalizeTargetPlatformVersion" in project "TicketConsolidator.UnitTests.csproj".
   6:4>ProcessFrameworkReferences:
         Added runtime framework 'Microsoft.NETCore.App@10.0.0'
   2:7>ProcessFrameworkReferences:
         Selected Microsoft.NETCore.App with RIDs 'linux-arm;linux-arm64;linux-musl-arm64;linux-musl-x64;linux-x64;osx-x64;tizen.4.0.0-armel;tizen.5.0.0-armel;win-arm64;win-x64;win-x86;linux-musl-arm;osx-arm64;linux-s390x;linux-loongarch64;linux-bionic-arm;linux-bionic-arm64;linux-bionic-x64;linux-bionic-x86;linux-ppc64le;freebsd-x64;freebsd-arm64;linux-riscv64;linux-musl-riscv64;linux-musl-loongarch64;android-arm64;android-x64'
   4:7>Target "_NormalizeTargetPlatformVersion" in file "C:\Program Files\dotnet\sdk\10.0.103\Sdks\Microsoft.NET.Sdk\targets\Microsoft.NET.TargetFrameworkInference.targets" from project "c:\Apps\TicketConsolidator\src\TicketConsolidator.Infrastructure\TicketConsolidator.Infrastructure.csproj" (target "ProcessFrameworkReferences" depends on it):
   4:7>Done building target "_NormalizeTargetPlatformVersion" in project "TicketConsolidator.Infrastructure.csproj".
   2:7>ProcessFrameworkReferences:
         Selected targeting pack 'Microsoft.NETCore.App@10.0.3'
   7:8>Done executing task "CheckForImplicitPackageReferenceOverrides".
   2:7>ProcessFrameworkReferences:
         Added runtime framework 'Microsoft.NETCore.App@10.0.0'
   7:8>Done building target "CheckForImplicitPackageReferenceOverrides" in project "TicketConsolidator.Domain.csproj".
   3:4>Target "_CheckForLanguageAndFeatureCombinationSupport" in file "C:\Program Files\dotnet\sdk\10.0.103\Sdks\Microsoft.NET.Sdk\targets\Microsoft.NET.RuntimeIdentifierInference.targets" from project "c:\Apps\TicketConsolidator\tests\TicketConsolidator.UnitTests\TicketConsolidator.UnitTests.csproj" (target "ProcessFrameworkReferences" depends on it):
   3:4>Done building target "_CheckForLanguageAndFeatureCombinationSupport" in project "TicketConsolidator.UnitTests.csproj".
   7:8>Target "_CheckForLanguageAndFeatureCombinationSupport" in file "C:\Program Files\dotnet\sdk\10.0.103\Sdks\Microsoft.NET.Sdk\targets\Microsoft.NET.RuntimeIdentifierInference.targets" from project "c:\Apps\TicketConsolidator\src\TicketConsolidator.Domain\TicketConsolidator.Domain.csproj" (target "ProcessFrameworkReferences" depends on it):
   7:8>Done building target "_CheckForLanguageAndFeatureCombinationSupport" in project "TicketConsolidator.Domain.csproj".
   2:7>ProcessFrameworkReferences:
         Selected Microsoft.WindowsDesktop.App with RIDs 'win-x64;win-x86;win-arm64'
         Selected targeting pack 'Microsoft.WindowsDesktop.App@10.0.3'
         Added runtime framework 'Microsoft.WindowsDesktop.App@10.0.0'
   4:7>Target "_CheckForLanguageAndFeatureCombinationSupport" in file "C:\Program Files\dotnet\sdk\10.0.103\Sdks\Microsoft.NET.Sdk\targets\Microsoft.NET.RuntimeIdentifierInference.targets" from project "c:\Apps\TicketConsolidator\src\TicketConsolidator.Infrastructure\TicketConsolidator.Infrastructure.csproj" (target "ProcessFrameworkReferences" depends on it):
   4:7>Done building target "_CheckForLanguageAndFeatureCombinationSupport" in project "TicketConsolidator.Infrastructure.csproj".
   2:7>ProcessFrameworkReferences:
         Selected Microsoft.WindowsDesktop.App with RIDs 'win-x64;win-x86;win-arm64'
   3:4>Target "_ComputeToolPackInputsToProcessFrameworkReferences" in file "C:\Program Files\dotnet\sdk\10.0.103\Sdks\Microsoft.NET.Sdk\targets\Microsoft.NET.Publish.targets" from project "c:\Apps\TicketConsolidator\tests\TicketConsolidator.UnitTests\TicketConsolidator.UnitTests.csproj" (target "ProcessFrameworkReferences" depends on it):
   3:4>Done building target "_ComputeToolPackInputsToProcessFrameworkReferences" in project "TicketConsolidator.UnitTests.csproj".
   2:7>ProcessFrameworkReferences:
         Selected targeting pack 'Microsoft.WindowsDesktop.App.WPF@10.0.3'
         Added runtime framework 'Microsoft.WindowsDesktop.App@10.0.0'
         Selected Microsoft.WindowsDesktop.App with RIDs 'win-x64;win-x86;win-arm64'
   3:4>Target "ProcessFrameworkReferences" in file "C:\Program Files\dotnet\sdk\10.0.103\Sdks\Microsoft.NET.Sdk\targets\Microsoft.NET.Sdk.FrameworkReferenceResolution.targets" from project "c:\Apps\TicketConsolidator\tests\TicketConsolidator.UnitTests\TicketConsolidator.UnitTests.csproj" (target "CollectPackageReferences" depends on it):
   3:4>Using "CheckForDuplicateFrameworkReferences" task from assembly "C:\Program Files\dotnet\sdk\10.0.103\Sdks\Microsoft.NET.Sdk\targets\..\tools\net10.0\Microsoft.NET.Build.Tasks.dll".
   4:7>Target "_ComputeToolPackInputsToProcessFrameworkReferences" in file "C:\Program Files\dotnet\sdk\10.0.103\Sdks\Microsoft.NET.Sdk\targets\Microsoft.NET.Publish.targets" from project "c:\Apps\TicketConsolidator\src\TicketConsolidator.Infrastructure\TicketConsolidator.Infrastructure.csproj" (target "ProcessFrameworkReferences" depends on it):
   4:7>Done building target "_ComputeToolPackInputsToProcessFrameworkReferences" in project "TicketConsolidator.Infrastructure.csproj".
   2:7>ProcessFrameworkReferences:
         Selected targeting pack 'Microsoft.WindowsDesktop.App.WindowsForms@10.0.3'
         Added runtime framework 'Microsoft.WindowsDesktop.App@10.0.0'
         Selected Microsoft.AspNetCore.App with RIDs 'win-x64;win-x86;osx-x64;linux-musl-x64;linux-musl-arm64;linux-x64;linux-arm;linux-arm64;linux-musl-arm;win-arm64;osx-arm64;linux-s390x;linux-loongarch64;linux-ppc64le;freebsd-x64;freebsd-arm64;linux-riscv64;linux-musl-riscv64;linux-loongarch64;linux-musl-loongarch64'
   5:4>Done executing task "CreateWindowsSdkKnownFrameworkReferences".
   2:7>ProcessFrameworkReferences:
         Selected targeting pack 'Microsoft.AspNetCore.App@10.0.3'
         Added runtime framework 'Microsoft.AspNetCore.App@10.0.0'
   3:4>Task "CheckForDuplicateFrameworkReferences"
   2:7>Done executing task "ProcessFrameworkReferences".
       Using "ResolveAppHosts" task from assembly "C:\Program Files\dotnet\sdk\10.0.103\Sdks\Microsoft.NET.Sdk\targets\..\tools\net10.0\Microsoft.NET.Build.Tasks.dll".
       Task "ResolveAppHosts"
       Done executing task "ResolveAppHosts".
   2:7>Done building target "ProcessFrameworkReferences" in project "TicketConsolidator.Application.csproj".
   3:4>Done executing task "CheckForDuplicateFrameworkReferences".
   2:7>Target "_CheckForObsoleteDotNetCliToolReferences" in file "C:\Program Files\dotnet\sdk\10.0.103\Sdks\Microsoft.NET.Sdk\targets\Microsoft.NET.ObsoleteReferences.targets" from project "c:\Apps\TicketConsolidator\src\TicketConsolidator.Application\TicketConsolidator.Application.csproj" (target "CollectPackageReferences" depends on it):
   2:7>Done building target "_CheckForObsoleteDotNetCliToolReferences" in project "TicketConsolidator.Application.csproj".
   4:7>Target "ProcessFrameworkReferences" in file "C:\Program Files\dotnet\sdk\10.0.103\Sdks\Microsoft.NET.Sdk\targets\Microsoft.NET.Sdk.FrameworkReferenceResolution.targets" from project "c:\Apps\TicketConsolidator\src\TicketConsolidator.Infrastructure\TicketConsolidator.Infrastructure.csproj" (target "CollectPackageReferences" depends on it):
   4:7>Using "CheckForDuplicateFrameworkReferences" task from assembly "C:\Program Files\dotnet\sdk\10.0.103\Sdks\Microsoft.NET.Sdk\targets\..\tools\net10.0\Microsoft.NET.Build.Tasks.dll".
   2:7>Target "CollectPackageReferences" in file "C:\Program Files\dotnet\sdk\10.0.103\NuGet.targets" from project "c:\Apps\TicketConsolidator\src\TicketConsolidator.Application\TicketConsolidator.Application.csproj" (target "_GetRestoreProjectStyle" depends on it):
   2:7>Using "CheckForDuplicateNuGetItemsTask" task from assembly "C:\Program Files\dotnet\sdk\10.0.103\NuGet.Build.Tasks.dll".
       Task "CheckForDuplicateNuGetItemsTask"
   5:4>Done building target "AddWindowsSdkKnownFrameworkReferences" in project "TicketConsolidator.UI.csproj".
   2:7>Done executing task "CheckForDuplicateNuGetItemsTask".
   2:7>Done building target "CollectPackageReferences" in project "TicketConsolidator.Application.csproj".
   3:4>ProcessFrameworkReferences:
       Using "ProcessFrameworkReferences" task from assembly "C:\Program Files\dotnet\sdk\10.0.103\Sdks\Microsoft.NET.Sdk\targets\..\tools\net10.0\Microsoft.NET.Build.Tasks.dll".
   6:4>ProcessFrameworkReferences:
         Selected Microsoft.WindowsDesktop.App with RIDs 'win-x64;win-x86;win-arm64'
   4:7>Task "CheckForDuplicateFrameworkReferences"
   3:4>Task "ProcessFrameworkReferences"
   6:4>ProcessFrameworkReferences:
         Selected targeting pack 'Microsoft.WindowsDesktop.App@10.0.3'
   4:7>Done executing task "CheckForDuplicateFrameworkReferences".
   5:4>Target "_NormalizeTargetPlatformVersion" in file "C:\Program Files\dotnet\sdk\10.0.103\Sdks\Microsoft.NET.Sdk\targets\Microsoft.NET.TargetFrameworkInference.targets" from project "c:\Apps\TicketConsolidator\src\TicketConsolidator.UI\TicketConsolidator.UI.csproj" (target "ProcessFrameworkReferences" depends on it):
   5:4>Done building target "_NormalizeTargetPlatformVersion" in project "TicketConsolidator.UI.csproj".
   3:4>ProcessFrameworkReferences:
         Found 1 known framework references for target framework .NETCoreApp
   4:7>ProcessFrameworkReferences:
       Using "ProcessFrameworkReferences" task from assembly "C:\Program Files\dotnet\sdk\10.0.103\Sdks\Microsoft.NET.Sdk\targets\..\tools\net10.0\Microsoft.NET.Build.Tasks.dll".
   3:4>ProcessFrameworkReferences:
         Found 5 known runtime packs for target framework .NETCoreApp
   4:7>Task "ProcessFrameworkReferences"
         Found 2 known framework references for target framework .NETCoreApp
   2:7>Target "_GetRestoreProjectStyle" in file "C:\Program Files\dotnet\sdk\10.0.103\NuGet.targets" from project "c:\Apps\TicketConsolidator\src\TicketConsolidator.Application\TicketConsolidator.Application.csproj" (target "_GenerateRestoreSpecs" depends on it):
   2:7>Using "GetRestoreProjectStyleTask" task from assembly "C:\Program Files\dotnet\sdk\10.0.103\NuGet.Build.Tasks.dll".
   3:4>ProcessFrameworkReferences:
         Selected Microsoft.NETCore.App with RIDs 'linux-arm;linux-arm64;linux-musl-arm64;linux-musl-x64;linux-x64;osx-x64;tizen.4.0.0-armel;tizen.5.0.0-armel;win-arm64;win-x64;win-x86;linux-musl-arm;osx-arm64;linux-s390x;linux-loongarch64;linux-bionic-arm;linux-bionic-arm64;linux-bionic-x64;linux-bionic-x86;linux-ppc64le;freebsd-x64;freebsd-arm64;linux-riscv64;linux-musl-riscv64;linux-musl-loongarch64;android-arm64;android-x64'
         Selected targeting pack 'Microsoft.NETCore.App@10.0.3'
   2:7>Task "GetRestoreProjectStyleTask"
   3:4>ProcessFrameworkReferences:
         Added runtime framework 'Microsoft.NETCore.App@10.0.0'
   5:4>Target "_CheckForLanguageAndFeatureCombinationSupport" in file "C:\Program Files\dotnet\sdk\10.0.103\Sdks\Microsoft.NET.Sdk\targets\Microsoft.NET.RuntimeIdentifierInference.targets" from project "c:\Apps\TicketConsolidator\src\TicketConsolidator.UI\TicketConsolidator.UI.csproj" (target "ProcessFrameworkReferences" depends on it):
   5:4>Done building target "_CheckForLanguageAndFeatureCombinationSupport" in project "TicketConsolidator.UI.csproj".
   2:7>Done executing task "GetRestoreProjectStyleTask".
   3:4>ProcessFrameworkReferences:
         Selected Microsoft.WindowsDesktop.App with RIDs 'win-x64;win-x86;win-arm64'
   5:4>Target "_ComputeToolPackInputsToProcessFrameworkReferences" in file "C:\Program Files\dotnet\sdk\10.0.103\Sdks\Microsoft.NET.Sdk\targets\Microsoft.NET.Publish.targets" from project "c:\Apps\TicketConsolidator\src\TicketConsolidator.UI\TicketConsolidator.UI.csproj" (target "ProcessFrameworkReferences" depends on it):
   5:4>Done building target "_ComputeToolPackInputsToProcessFrameworkReferences" in project "TicketConsolidator.UI.csproj".
   6:4>ProcessFrameworkReferences:
         Added runtime framework 'Microsoft.WindowsDesktop.App@10.0.0'
   3:4>ProcessFrameworkReferences:
         Selected targeting pack 'Microsoft.WindowsDesktop.App@10.0.3'
   5:4>Target "ProcessFrameworkReferences" in file "C:\Program Files\dotnet\sdk\10.0.103\Sdks\Microsoft.NET.Sdk\targets\Microsoft.NET.Sdk.FrameworkReferenceResolution.targets" from project "c:\Apps\TicketConsolidator\src\TicketConsolidator.UI\TicketConsolidator.UI.csproj" (target "CollectPackageReferences" depends on it):
   5:4>Using "CheckForDuplicateFrameworkReferences" task from assembly "C:\Program Files\dotnet\sdk\10.0.103\Sdks\Microsoft.NET.Sdk\targets\..\tools\net10.0\Microsoft.NET.Build.Tasks.dll".
       Task "CheckForDuplicateFrameworkReferences"
   2:7>Done building target "_GetRestoreProjectStyle" in project "TicketConsolidator.Application.csproj".
   3:4>ProcessFrameworkReferences:
         Added runtime framework 'Microsoft.WindowsDesktop.App@10.0.0'
   5:4>Done executing task "CheckForDuplicateFrameworkReferences".
       Using "ProcessFrameworkReferences" task from assembly "C:\Program Files\dotnet\sdk\10.0.103\Sdks\Microsoft.NET.Sdk\targets\..\tools\net10.0\Microsoft.NET.Build.Tasks.dll".
   3:4>ProcessFrameworkReferences:
         Selected Microsoft.WindowsDesktop.App with RIDs 'win-x64;win-x86;win-arm64'
   6:4>ProcessFrameworkReferences:
         Selected Microsoft.WindowsDesktop.App with RIDs 'win-x64;win-x86;win-arm64'
   5:4>Task "ProcessFrameworkReferences"
   3:4>ProcessFrameworkReferences:
         Selected targeting pack 'Microsoft.WindowsDesktop.App.WPF@10.0.3'
   2:7>Target "_GenerateRestoreSpecs" in file "C:\Program Files\dotnet\sdk\10.0.103\NuGet.targets" from project "c:\Apps\TicketConsolidator\src\TicketConsolidator.Application\TicketConsolidator.Application.csproj" (target "_GenerateRestoreGraphProjectEntry" depends on it):
   2:7>Using "Message" task from assembly "Microsoft.Build.Tasks.Core, Version=15.1.0.0, Culture=neutral, PublicKeyToken=b03f5f7f11d50a3a".
   3:4>ProcessFrameworkReferences:
         Added runtime framework 'Microsoft.WindowsDesktop.App@10.0.0'
         Selected Microsoft.WindowsDesktop.App with RIDs 'win-x64;win-x86;win-arm64'
         Selected targeting pack 'Microsoft.WindowsDesktop.App.WindowsForms@10.0.3'
   2:7>Task "Message"
   6:4>ProcessFrameworkReferences:
         Selected targeting pack 'Microsoft.WindowsDesktop.App.WPF@10.0.3'
   3:4>ProcessFrameworkReferences:
         Added runtime framework 'Microsoft.WindowsDesktop.App@10.0.0'
   7:8>Target "_ComputeToolPackInputsToProcessFrameworkReferences" in file "C:\Program Files\dotnet\sdk\10.0.103\Sdks\Microsoft.NET.Sdk\targets\Microsoft.NET.Publish.targets" from project "c:\Apps\TicketConsolidator\src\TicketConsolidator.Domain\TicketConsolidator.Domain.csproj" (target "ProcessFrameworkReferences" depends on it):
   7:8>Done building target "_ComputeToolPackInputsToProcessFrameworkReferences" in project "TicketConsolidator.Domain.csproj".
   4:7>ProcessFrameworkReferences:
         Found 5 known runtime packs for target framework .NETCoreApp
   3:4>ProcessFrameworkReferences:
         Selected Microsoft.AspNetCore.App with RIDs 'win-x64;win-x86;osx-x64;linux-musl-x64;linux-musl-arm64;linux-x64;linux-arm;linux-arm64;linux-musl-arm;win-arm64;osx-arm64;linux-s390x;linux-loongarch64;linux-ppc64le;freebsd-x64;freebsd-arm64;linux-riscv64;linux-musl-riscv64;linux-loongarch64;linux-musl-loongarch64'
   4:7>ProcessFrameworkReferences:
         Selected Microsoft.NETCore.App with RIDs 'linux-arm;linux-arm64;linux-musl-arm64;linux-musl-x64;linux-x64;osx-x64;tizen.4.0.0-armel;tizen.5.0.0-armel;win-arm64;win-x64;win-x86;linux-musl-arm;osx-arm64;linux-s390x;linux-loongarch64;linux-bionic-arm;linux-bionic-arm64;linux-bionic-x64;linux-bionic-x86;linux-ppc64le;freebsd-x64;freebsd-arm64;linux-riscv64;linux-musl-riscv64;linux-musl-loongarch64;android-arm64;android-x64'
   6:4>ProcessFrameworkReferences:
         Added runtime framework 'Microsoft.WindowsDesktop.App@10.0.0'
   2:7>_GenerateRestoreSpecs:
         Restore entry point c:\Apps\TicketConsolidator\src\TicketConsolidator.Application\TicketConsolidator.Application.csproj
   3:4>ProcessFrameworkReferences:
         Selected targeting pack 'Microsoft.AspNetCore.App@10.0.3'
   4:7>ProcessFrameworkReferences:
         Selected targeting pack 'Microsoft.NETCore.App@10.0.3'
   6:4>ProcessFrameworkReferences:
         Selected Microsoft.WindowsDesktop.App with RIDs 'win-x64;win-x86;win-arm64'
   4:7>ProcessFrameworkReferences:
         Added runtime framework 'Microsoft.NETCore.App@10.0.0'
   2:7>Done executing task "Message".
   3:4>ProcessFrameworkReferences:
         Added runtime framework 'Microsoft.AspNetCore.App@10.0.0'
   5:4>ProcessFrameworkReferences:
         Found 2 known framework references for target framework .NETCoreApp
   7:8>Target "ProcessFrameworkReferences" in file "C:\Program Files\dotnet\sdk\10.0.103\Sdks\Microsoft.NET.Sdk\targets\Microsoft.NET.Sdk.FrameworkReferenceResolution.targets" from project "c:\Apps\TicketConsolidator\src\TicketConsolidator.Domain\TicketConsolidator.Domain.csproj" (target "CollectPackageReferences" depends on it):
   7:8>Using "CheckForDuplicateFrameworkReferences" task from assembly "C:\Program Files\dotnet\sdk\10.0.103\Sdks\Microsoft.NET.Sdk\targets\..\tools\net10.0\Microsoft.NET.Build.Tasks.dll".
       Task "CheckForDuplicateFrameworkReferences"
   4:7>ProcessFrameworkReferences:
         Selected Microsoft.WindowsDesktop.App with RIDs 'win-x64;win-x86;win-arm64'
   6:4>ProcessFrameworkReferences:
         Selected targeting pack 'Microsoft.WindowsDesktop.App.WindowsForms@10.0.3'
   2:7>Done building target "_GenerateRestoreSpecs" in project "TicketConsolidator.Application.csproj".
   3:4>Done executing task "ProcessFrameworkReferences".
   5:4>ProcessFrameworkReferences:
         Found 5 known runtime packs for target framework .NETCoreApp
         Selected Microsoft.NETCore.App with RIDs 'linux-arm;linux-arm64;linux-musl-arm64;linux-musl-x64;linux-x64;osx-x64;tizen.4.0.0-armel;tizen.5.0.0-armel;win-arm64;win-x64;win-x86;linux-musl-arm;osx-arm64;linux-s390x;linux-loongarch64;linux-bionic-arm;linux-bionic-arm64;linux-bionic-x64;linux-bionic-x86;linux-ppc64le;freebsd-x64;freebsd-arm64;linux-riscv64;linux-musl-riscv64;linux-musl-loongarch64;android-arm64;android-x64'
   3:4>ProcessFrameworkReferences:
       Using "ResolveAppHosts" task from assembly "C:\Program Files\dotnet\sdk\10.0.103\Sdks\Microsoft.NET.Sdk\targets\..\tools\net10.0\Microsoft.NET.Build.Tasks.dll".
   4:7>ProcessFrameworkReferences:
         Selected targeting pack 'Microsoft.WindowsDesktop.App@10.0.3'
   6:4>ProcessFrameworkReferences:
         Added runtime framework 'Microsoft.WindowsDesktop.App@10.0.0'
         Selected Microsoft.AspNetCore.App with RIDs 'win-x64;win-x86;osx-x64;linux-musl-x64;linux-musl-arm64;linux-x64;linux-arm;linux-arm64;linux-musl-arm;win-arm64;osx-arm64;linux-s390x;linux-loongarch64;linux-ppc64le;freebsd-x64;freebsd-arm64;linux-riscv64;linux-musl-riscv64;linux-loongarch64;linux-musl-loongarch64'
   2:7>Target "_GetRestoreSettingsOverrides" in file "C:\Program Files\dotnet\sdk\10.0.103\NuGet.targets" from project "c:\Apps\TicketConsolidator\src\TicketConsolidator.Application\TicketConsolidator.Application.csproj" (target "_GetRestoreSettings" depends on it):
   2:7>Done building target "_GetRestoreSettingsOverrides" in project "TicketConsolidator.Application.csproj".
   6:4>ProcessFrameworkReferences:
         Selected targeting pack 'Microsoft.AspNetCore.App@10.0.3'
   4:7>ProcessFrameworkReferences:
         Added runtime framework 'Microsoft.WindowsDesktop.App@10.0.0'
   5:4>ProcessFrameworkReferences:
         Selected targeting pack 'Microsoft.NETCore.App@10.0.3'
   3:4>Task "ResolveAppHosts"
   2:7>Target "_GetRestoreSettingsPerFramework" in file "C:\Program Files\dotnet\sdk\10.0.103\NuGet.targets" from project "c:\Apps\TicketConsolidator\src\TicketConsolidator.Application\TicketConsolidator.Application.csproj" (target "_GetRestoreSettingsCurrentProject" depends on it):
   2:7>Done building target "_GetRestoreSettingsPerFramework" in project "TicketConsolidator.Application.csproj".
   6:4>ProcessFrameworkReferences:
         Added runtime framework 'Microsoft.AspNetCore.App@10.0.0'
         Adding tool pack AspNetCore for runtime 10.0
   5:4>ProcessFrameworkReferences:
         Added runtime framework 'Microsoft.NETCore.App@10.0.0'
   3:4>Done executing task "ResolveAppHosts".
   4:7>ProcessFrameworkReferences:
         Selected Microsoft.WindowsDesktop.App with RIDs 'win-x64;win-x86;win-arm64'
   5:4>ProcessFrameworkReferences:
         Selected Microsoft.WindowsDesktop.App with RIDs 'win-x64;win-x86;win-arm64'
   6:4>ProcessFrameworkReferences:
         Found AspNetCore pack 'Microsoft.AspNetCore.App.Internal.Assets@10.0.3'
   3:4>Done building target "ProcessFrameworkReferences" in project "TicketConsolidator.UnitTests.csproj".
   4:7>ProcessFrameworkReferences:
         Selected targeting pack 'Microsoft.WindowsDesktop.App.WPF@10.0.3'
   7:8>Done executing task "CheckForDuplicateFrameworkReferences".
   4:7>ProcessFrameworkReferences:
         Added runtime framework 'Microsoft.WindowsDesktop.App@10.0.0'
   5:4>ProcessFrameworkReferences:
         Selected targeting pack 'Microsoft.WindowsDesktop.App@10.0.3'
   3:4>Target "_CheckForObsoleteDotNetCliToolReferences" in file "C:\Program Files\dotnet\sdk\10.0.103\Sdks\Microsoft.NET.Sdk\targets\Microsoft.NET.ObsoleteReferences.targets" from project "c:\Apps\TicketConsolidator\tests\TicketConsolidator.UnitTests\TicketConsolidator.UnitTests.csproj" (target "CollectPackageReferences" depends on it):
   3:4>Done building target "_CheckForObsoleteDotNetCliToolReferences" in project "TicketConsolidator.UnitTests.csproj".
   4:7>ProcessFrameworkReferences:
         Selected Microsoft.WindowsDesktop.App with RIDs 'win-x64;win-x86;win-arm64'
   6:4>ProcessFrameworkReferences:
         Added Microsoft.AspNetCore.App.Internal.Assets@10.0.3 for build-time targets
   5:4>ProcessFrameworkReferences:
         Added runtime framework 'Microsoft.WindowsDesktop.App@10.0.0'
   4:7>ProcessFrameworkReferences:
         Selected targeting pack 'Microsoft.WindowsDesktop.App.WindowsForms@10.0.3'
   6:4>Done executing task "ProcessFrameworkReferences".
   5:4>ProcessFrameworkReferences:
         Selected Microsoft.WindowsDesktop.App with RIDs 'win-x64;win-x86;win-arm64'
         Selected targeting pack 'Microsoft.WindowsDesktop.App.WPF@10.0.3'
   4:7>ProcessFrameworkReferences:
         Added runtime framework 'Microsoft.WindowsDesktop.App@10.0.0'
   3:4>Target "CollectPackageReferences" in file "C:\Program Files\dotnet\sdk\10.0.103\NuGet.targets" from project "c:\Apps\TicketConsolidator\tests\TicketConsolidator.UnitTests\TicketConsolidator.UnitTests.csproj" (target "_GetRestoreProjectStyle" depends on it):
   3:4>Using "CheckForDuplicateNuGetItemsTask" task from assembly "C:\Program Files\dotnet\sdk\10.0.103\NuGet.Build.Tasks.dll".
   6:4>ProcessFrameworkReferences:
       Using "ResolveAppHosts" task from assembly "C:\Program Files\dotnet\sdk\10.0.103\Sdks\Microsoft.NET.Sdk\targets\..\tools\net10.0\Microsoft.NET.Build.Tasks.dll".
   4:7>ProcessFrameworkReferences:
         Selected Microsoft.AspNetCore.App with RIDs 'win-x64;win-x86;osx-x64;linux-musl-x64;linux-musl-arm64;linux-x64;linux-arm;linux-arm64;linux-musl-arm;win-arm64;osx-arm64;linux-s390x;linux-loongarch64;linux-ppc64le;freebsd-x64;freebsd-arm64;linux-riscv64;linux-musl-riscv64;linux-loongarch64;linux-musl-loongarch64'
   2:7>Target "_GetRestoreSettingsCurrentProject" in file "C:\Program Files\dotnet\sdk\10.0.103\NuGet.targets" from project "c:\Apps\TicketConsolidator\src\TicketConsolidator.Application\TicketConsolidator.Application.csproj" (target "_GetRestoreSettings" depends on it):
   2:7>Done building target "_GetRestoreSettingsCurrentProject" in project "TicketConsolidator.Application.csproj".
   5:4>ProcessFrameworkReferences:
         Added runtime framework 'Microsoft.WindowsDesktop.App@10.0.0'
   3:4>Task "CheckForDuplicateNuGetItemsTask"
   4:7>ProcessFrameworkReferences:
         Selected targeting pack 'Microsoft.AspNetCore.App@10.0.3'
   5:4>ProcessFrameworkReferences:
         Selected Microsoft.WindowsDesktop.App with RIDs 'win-x64;win-x86;win-arm64'
   3:4>Done executing task "CheckForDuplicateNuGetItemsTask".
   4:7>ProcessFrameworkReferences:
         Added runtime framework 'Microsoft.AspNetCore.App@10.0.0'
   5:4>ProcessFrameworkReferences:
         Selected targeting pack 'Microsoft.WindowsDesktop.App.WindowsForms@10.0.3'
   2:7>Target "_GetRestoreSettings" in file "C:\Program Files\dotnet\sdk\10.0.103\NuGet.targets" from project "c:\Apps\TicketConsolidator\src\TicketConsolidator.Application\TicketConsolidator.Application.csproj" (target "_GenerateDotnetCliToolReferenceSpecs" depends on it):
   2:7>Using "GetRestoreSettingsTask" task from assembly "C:\Program Files\dotnet\sdk\10.0.103\NuGet.Build.Tasks.dll".
   6:4>Task "ResolveAppHosts"
   3:4>Done building target "CollectPackageReferences" in project "TicketConsolidator.UnitTests.csproj".
   7:8>ProcessFrameworkReferences:
       Using "ProcessFrameworkReferences" task from assembly "C:\Program Files\dotnet\sdk\10.0.103\Sdks\Microsoft.NET.Sdk\targets\..\tools\net10.0\Microsoft.NET.Build.Tasks.dll".
       Task "ProcessFrameworkReferences"
   4:7>Done executing task "ProcessFrameworkReferences".
   5:4>ProcessFrameworkReferences:
         Added runtime framework 'Microsoft.WindowsDesktop.App@10.0.0'
   2:7>Task "GetRestoreSettingsTask"
   4:7>ProcessFrameworkReferences:
       Using "ResolveAppHosts" task from assembly "C:\Program Files\dotnet\sdk\10.0.103\Sdks\Microsoft.NET.Sdk\targets\..\tools\net10.0\Microsoft.NET.Build.Tasks.dll".
   5:4>ProcessFrameworkReferences:
         Selected Microsoft.AspNetCore.App with RIDs 'win-x64;win-x86;osx-x64;linux-musl-x64;linux-musl-arm64;linux-x64;linux-arm;linux-arm64;linux-musl-arm;win-arm64;osx-arm64;linux-s390x;linux-loongarch64;linux-ppc64le;freebsd-x64;freebsd-arm64;linux-riscv64;linux-musl-riscv64;linux-loongarch64;linux-musl-loongarch64'
   3:4>Target "_GetRestoreProjectStyle" in file "C:\Program Files\dotnet\sdk\10.0.103\NuGet.targets" from project "c:\Apps\TicketConsolidator\tests\TicketConsolidator.UnitTests\TicketConsolidator.UnitTests.csproj" (target "_GenerateRestoreSpecs" depends on it):
   3:4>Using "GetRestoreProjectStyleTask" task from assembly "C:\Program Files\dotnet\sdk\10.0.103\NuGet.Build.Tasks.dll".
   4:7>Task "ResolveAppHosts"
   5:4>ProcessFrameworkReferences:
         Selected targeting pack 'Microsoft.AspNetCore.App@10.0.3'
   3:4>Task "GetRestoreProjectStyleTask"
   4:7>Done executing task "ResolveAppHosts".
   3:4>Done executing task "GetRestoreProjectStyleTask".
   5:4>ProcessFrameworkReferences:
         Added runtime framework 'Microsoft.AspNetCore.App@10.0.0'
   4:7>Done building target "ProcessFrameworkReferences" in project "TicketConsolidator.Infrastructure.csproj".
   5:4>Done executing task "ProcessFrameworkReferences".
   3:4>Done building target "_GetRestoreProjectStyle" in project "TicketConsolidator.UnitTests.csproj".
   5:4>ProcessFrameworkReferences:
       Using "ResolveAppHosts" task from assembly "C:\Program Files\dotnet\sdk\10.0.103\Sdks\Microsoft.NET.Sdk\targets\..\tools\net10.0\Microsoft.NET.Build.Tasks.dll".
   2:7>Done executing task "GetRestoreSettingsTask".
   6:4>Done executing task "ResolveAppHosts".
   3:4>Target "_GenerateRestoreSpecs" in file "C:\Program Files\dotnet\sdk\10.0.103\NuGet.targets" from project "c:\Apps\TicketConsolidator\tests\TicketConsolidator.UnitTests\TicketConsolidator.UnitTests.csproj" (target "_GenerateRestoreGraphProjectEntry" depends on it):
   3:4>Using "Message" task from assembly "Microsoft.Build.Tasks.Core, Version=15.1.0.0, Culture=neutral, PublicKeyToken=b03f5f7f11d50a3a".
   4:7>Target "_CheckForObsoleteDotNetCliToolReferences" in file "C:\Program Files\dotnet\sdk\10.0.103\Sdks\Microsoft.NET.Sdk\targets\Microsoft.NET.ObsoleteReferences.targets" from project "c:\Apps\TicketConsolidator\src\TicketConsolidator.Infrastructure\TicketConsolidator.Infrastructure.csproj" (target "CollectPackageReferences" depends on it):
   4:7>Done building target "_CheckForObsoleteDotNetCliToolReferences" in project "TicketConsolidator.Infrastructure.csproj".
   5:4>Task "ResolveAppHosts"
   6:4>Done building target "ProcessFrameworkReferences" in project "TicketConsolidator.Web.csproj".
   3:4>Task "Message"
   2:7>Done building target "_GetRestoreSettings" in project "TicketConsolidator.Application.csproj".
   3:4>_GenerateRestoreSpecs:
         Restore entry point c:\Apps\TicketConsolidator\tests\TicketConsolidator.UnitTests\TicketConsolidator.UnitTests.csproj
   4:7>Target "CollectPackageReferences" in file "C:\Program Files\dotnet\sdk\10.0.103\NuGet.targets" from project "c:\Apps\TicketConsolidator\src\TicketConsolidator.Infrastructure\TicketConsolidator.Infrastructure.csproj" (target "_GetRestoreProjectStyle" depends on it):
   4:7>Using "CheckForDuplicateNuGetItemsTask" task from assembly "C:\Program Files\dotnet\sdk\10.0.103\NuGet.Build.Tasks.dll".
   3:4>Done executing task "Message".
   5:4>Done executing task "ResolveAppHosts".
   6:4>Target "_CheckForObsoleteDotNetCliToolReferences" in file "C:\Program Files\dotnet\sdk\10.0.103\Sdks\Microsoft.NET.Sdk\targets\Microsoft.NET.ObsoleteReferences.targets" from project "c:\Apps\TicketConsolidator\src\TicketConsolidator.Web\TicketConsolidator.Web.csproj" (target "CollectPackageReferences" depends on it):
   6:4>Done building target "_CheckForObsoleteDotNetCliToolReferences" in project "TicketConsolidator.Web.csproj".
   4:7>Task "CheckForDuplicateNuGetItemsTask"
   3:4>Done building target "_GenerateRestoreSpecs" in project "TicketConsolidator.UnitTests.csproj".
   5:4>Done building target "ProcessFrameworkReferences" in project "TicketConsolidator.UI.csproj".
   4:7>Done executing task "CheckForDuplicateNuGetItemsTask".
   6:4>Target "CollectPackageReferences" in file "C:\Program Files\dotnet\sdk\10.0.103\NuGet.targets" from project "c:\Apps\TicketConsolidator\src\TicketConsolidator.Web\TicketConsolidator.Web.csproj" (target "_GetRestoreProjectStyle" depends on it):
   6:4>Using "CheckForDuplicateNuGetItemsTask" task from assembly "C:\Program Files\dotnet\sdk\10.0.103\NuGet.Build.Tasks.dll".
   4:7>Done building target "CollectPackageReferences" in project "TicketConsolidator.Infrastructure.csproj".
   5:4>Target "_CheckForObsoleteDotNetCliToolReferences" in file "C:\Program Files\dotnet\sdk\10.0.103\Sdks\Microsoft.NET.Sdk\targets\Microsoft.NET.ObsoleteReferences.targets" from project "c:\Apps\TicketConsolidator\src\TicketConsolidator.UI\TicketConsolidator.UI.csproj" (target "CollectPackageReferences" depends on it):
   5:4>Done building target "_CheckForObsoleteDotNetCliToolReferences" in project "TicketConsolidator.UI.csproj".
   3:4>Target "_GetRestoreSettingsOverrides" in file "C:\Program Files\dotnet\sdk\10.0.103\NuGet.targets" from project "c:\Apps\TicketConsolidator\tests\TicketConsolidator.UnitTests\TicketConsolidator.UnitTests.csproj" (target "_GetRestoreSettings" depends on it):
   3:4>Done building target "_GetRestoreSettingsOverrides" in project "TicketConsolidator.UnitTests.csproj".
   6:4>Task "CheckForDuplicateNuGetItemsTask"
       Done executing task "CheckForDuplicateNuGetItemsTask".
   4:7>Target "_GetRestoreProjectStyle" in file "C:\Program Files\dotnet\sdk\10.0.103\NuGet.targets" from project "c:\Apps\TicketConsolidator\src\TicketConsolidator.Infrastructure\TicketConsolidator.Infrastructure.csproj" (target "_GenerateRestoreSpecs" depends on it):
   4:7>Using "GetRestoreProjectStyleTask" task from assembly "C:\Program Files\dotnet\sdk\10.0.103\NuGet.Build.Tasks.dll".
   5:4>Target "CollectPackageReferences" in file "C:\Program Files\dotnet\sdk\10.0.103\NuGet.targets" from project "c:\Apps\TicketConsolidator\src\TicketConsolidator.UI\TicketConsolidator.UI.csproj" (target "_GetRestoreProjectStyle" depends on it):
   5:4>Using "CheckForDuplicateNuGetItemsTask" task from assembly "C:\Program Files\dotnet\sdk\10.0.103\NuGet.Build.Tasks.dll".
   2:7>Target "_GenerateDotnetCliToolReferenceSpecs" in file "C:\Program Files\dotnet\sdk\10.0.103\NuGet.targets" from project "c:\Apps\TicketConsolidator\src\TicketConsolidator.Application\TicketConsolidator.Application.csproj" (target "_GenerateRestoreGraphProjectEntry" depends on it):
   2:7>Using "GetRestoreDotnetCliToolsTask" task from assembly "C:\Program Files\dotnet\sdk\10.0.103\NuGet.Build.Tasks.dll".
   6:4>Done building target "CollectPackageReferences" in project "TicketConsolidator.Web.csproj".
   3:4>Target "_GetRestoreSettingsPerFramework" in file "C:\Program Files\dotnet\sdk\10.0.103\NuGet.targets" from project "c:\Apps\TicketConsolidator\tests\TicketConsolidator.UnitTests\TicketConsolidator.UnitTests.csproj" (target "_GetRestoreSettingsCurrentProject" depends on it):
   3:4>Done building target "_GetRestoreSettingsPerFramework" in project "TicketConsolidator.UnitTests.csproj".
   4:7>Task "GetRestoreProjectStyleTask"
   5:4>Task "CheckForDuplicateNuGetItemsTask"
   4:7>Done executing task "GetRestoreProjectStyleTask".
   6:4>Target "_GetRestoreProjectStyle" in file "C:\Program Files\dotnet\sdk\10.0.103\NuGet.targets" from project "c:\Apps\TicketConsolidator\src\TicketConsolidator.Web\TicketConsolidator.Web.csproj" (target "_GenerateRestoreSpecs" depends on it):
   6:4>Using "GetRestoreProjectStyleTask" task from assembly "C:\Program Files\dotnet\sdk\10.0.103\NuGet.Build.Tasks.dll".
   4:7>Done building target "_GetRestoreProjectStyle" in project "TicketConsolidator.Infrastructure.csproj".
   5:4>Done executing task "CheckForDuplicateNuGetItemsTask".
   2:7>Task "GetRestoreDotnetCliToolsTask"
       Done executing task "GetRestoreDotnetCliToolsTask".
   6:4>Task "GetRestoreProjectStyleTask"
   5:4>Done building target "CollectPackageReferences" in project "TicketConsolidator.UI.csproj".
   4:7>Target "_GenerateRestoreSpecs" in file "C:\Program Files\dotnet\sdk\10.0.103\NuGet.targets" from project "c:\Apps\TicketConsolidator\src\TicketConsolidator.Infrastructure\TicketConsolidator.Infrastructure.csproj" (target "_GenerateRestoreGraphProjectEntry" depends on it):
   4:7>Using "Message" task from assembly "Microsoft.Build.Tasks.Core, Version=15.1.0.0, Culture=neutral, PublicKeyToken=b03f5f7f11d50a3a".
   2:7>Done building target "_GenerateDotnetCliToolReferenceSpecs" in project "TicketConsolidator.Application.csproj".
   6:4>Done executing task "GetRestoreProjectStyleTask".
   4:7>Task "Message"
   3:4>Target "_GetRestoreSettingsCurrentProject" in file "C:\Program Files\dotnet\sdk\10.0.103\NuGet.targets" from project "c:\Apps\TicketConsolidator\tests\TicketConsolidator.UnitTests\TicketConsolidator.UnitTests.csproj" (target "_GetRestoreSettings" depends on it):
   3:4>Done building target "_GetRestoreSettingsCurrentProject" in project "TicketConsolidator.UnitTests.csproj".
   4:7>_GenerateRestoreSpecs:
         Restore entry point c:\Apps\TicketConsolidator\src\TicketConsolidator.Infrastructure\TicketConsolidator.Infrastructure.csproj
   2:7>Target "_GenerateRestoreGraphProjectEntry" in file "C:\Program Files\dotnet\sdk\10.0.103\NuGet.targets" from project "c:\Apps\TicketConsolidator\src\TicketConsolidator.Application\TicketConsolidator.Application.csproj" (entry point):
   2:7>Done building target "_GenerateRestoreGraphProjectEntry" in project "TicketConsolidator.Application.csproj".
   5:4>Target "_GetRestoreProjectStyle" in file "C:\Program Files\dotnet\sdk\10.0.103\NuGet.targets" from project "c:\Apps\TicketConsolidator\src\TicketConsolidator.UI\TicketConsolidator.UI.csproj" (target "_GenerateRestoreSpecs" depends on it):
   5:4>Using "GetRestoreProjectStyleTask" task from assembly "C:\Program Files\dotnet\sdk\10.0.103\NuGet.Build.Tasks.dll".
   4:7>Done executing task "Message".
   6:4>Done building target "_GetRestoreProjectStyle" in project "TicketConsolidator.Web.csproj".
   5:4>Task "GetRestoreProjectStyleTask"
   4:7>Done building target "_GenerateRestoreSpecs" in project "TicketConsolidator.Infrastructure.csproj".
   5:4>Done executing task "GetRestoreProjectStyleTask".
   3:4>Target "_GetRestoreSettings" in file "C:\Program Files\dotnet\sdk\10.0.103\NuGet.targets" from project "c:\Apps\TicketConsolidator\tests\TicketConsolidator.UnitTests\TicketConsolidator.UnitTests.csproj" (target "_GenerateDotnetCliToolReferenceSpecs" depends on it):
   3:4>Using "GetRestoreSettingsTask" task from assembly "C:\Program Files\dotnet\sdk\10.0.103\NuGet.Build.Tasks.dll".
       Task "GetRestoreSettingsTask"
   5:4>Done building target "_GetRestoreProjectStyle" in project "TicketConsolidator.UI.csproj".
   6:4>Target "_GenerateRestoreSpecs" in file "C:\Program Files\dotnet\sdk\10.0.103\NuGet.targets" from project "c:\Apps\TicketConsolidator\src\TicketConsolidator.Web\TicketConsolidator.Web.csproj" (target "_GenerateRestoreGraphProjectEntry" depends on it):
   6:4>Using "Message" task from assembly "Microsoft.Build.Tasks.Core, Version=15.1.0.0, Culture=neutral, PublicKeyToken=b03f5f7f11d50a3a".
   4:7>Target "_GetRestoreSettingsOverrides" in file "C:\Program Files\dotnet\sdk\10.0.103\NuGet.targets" from project "c:\Apps\TicketConsolidator\src\TicketConsolidator.Infrastructure\TicketConsolidator.Infrastructure.csproj" (target "_GetRestoreSettings" depends on it):
   4:7>Done building target "_GetRestoreSettingsOverrides" in project "TicketConsolidator.Infrastructure.csproj".
   2:7>Done Building Project "c:\Apps\TicketConsolidator\src\TicketConsolidator.Application\TicketConsolidator.Application.csproj" (_GenerateRestoreGraphProjectEntry target(s)).
   3:4>Done executing task "GetRestoreSettingsTask".
   6:4>Task "Message"
   5:4>Target "_GenerateRestoreSpecs" in file "C:\Program Files\dotnet\sdk\10.0.103\NuGet.targets" from project "c:\Apps\TicketConsolidator\src\TicketConsolidator.UI\TicketConsolidator.UI.csproj" (target "_GenerateRestoreGraphProjectEntry" depends on it):
   5:4>Using "Message" task from assembly "Microsoft.Build.Tasks.Core, Version=15.1.0.0, Culture=neutral, PublicKeyToken=b03f5f7f11d50a3a".
   3:4>Done building target "_GetRestoreSettings" in project "TicketConsolidator.UnitTests.csproj".
   5:4>Task "Message"
   6:4>_GenerateRestoreSpecs:
         Restore entry point c:\Apps\TicketConsolidator\src\TicketConsolidator.Web\TicketConsolidator.Web.csproj
   4:7>Target "_GetRestoreSettingsPerFramework" in file "C:\Program Files\dotnet\sdk\10.0.103\NuGet.targets" from project "c:\Apps\TicketConsolidator\src\TicketConsolidator.Infrastructure\TicketConsolidator.Infrastructure.csproj" (target "_GetRestoreSettingsCurrentProject" depends on it):
   4:7>Done building target "_GetRestoreSettingsPerFramework" in project "TicketConsolidator.Infrastructure.csproj".
   5:4>_GenerateRestoreSpecs:
         Restore entry point c:\Apps\TicketConsolidator\src\TicketConsolidator.UI\TicketConsolidator.UI.csproj
   3:4>Target "_GenerateDotnetCliToolReferenceSpecs" in file "C:\Program Files\dotnet\sdk\10.0.103\NuGet.targets" from project "c:\Apps\TicketConsolidator\tests\TicketConsolidator.UnitTests\TicketConsolidator.UnitTests.csproj" (target "_GenerateRestoreGraphProjectEntry" depends on it):
   3:4>Using "GetRestoreDotnetCliToolsTask" task from assembly "C:\Program Files\dotnet\sdk\10.0.103\NuGet.Build.Tasks.dll".
   6:4>Done executing task "Message".
   5:4>Done executing task "Message".
   4:7>Target "_GetRestoreSettingsCurrentProject" in file "C:\Program Files\dotnet\sdk\10.0.103\NuGet.targets" from project "c:\Apps\TicketConsolidator\src\TicketConsolidator.Infrastructure\TicketConsolidator.Infrastructure.csproj" (target "_GetRestoreSettings" depends on it):
   4:7>Done building target "_GetRestoreSettingsCurrentProject" in project "TicketConsolidator.Infrastructure.csproj".
   3:4>Task "GetRestoreDotnetCliToolsTask"
   6:4>Done building target "_GenerateRestoreSpecs" in project "TicketConsolidator.Web.csproj".
   5:4>Done building target "_GenerateRestoreSpecs" in project "TicketConsolidator.UI.csproj".
   3:4>Done executing task "GetRestoreDotnetCliToolsTask".
   4:7>Target "_GetRestoreSettings" in file "C:\Program Files\dotnet\sdk\10.0.103\NuGet.targets" from project "c:\Apps\TicketConsolidator\src\TicketConsolidator.Infrastructure\TicketConsolidator.Infrastructure.csproj" (target "_GenerateDotnetCliToolReferenceSpecs" depends on it):
   4:7>Using "GetRestoreSettingsTask" task from assembly "C:\Program Files\dotnet\sdk\10.0.103\NuGet.Build.Tasks.dll".
   3:4>Done building target "_GenerateDotnetCliToolReferenceSpecs" in project "TicketConsolidator.UnitTests.csproj".
   6:4>Target "_GetRestoreSettingsOverrides" in file "C:\Program Files\dotnet\sdk\10.0.103\NuGet.targets" from project "c:\Apps\TicketConsolidator\src\TicketConsolidator.Web\TicketConsolidator.Web.csproj" (target "_GetRestoreSettings" depends on it):
   6:4>Done building target "_GetRestoreSettingsOverrides" in project "TicketConsolidator.Web.csproj".
   5:4>Target "_GetRestoreSettingsOverrides" in file "C:\Program Files\dotnet\sdk\10.0.103\NuGet.targets" from project "c:\Apps\TicketConsolidator\src\TicketConsolidator.UI\TicketConsolidator.UI.csproj" (target "_GetRestoreSettings" depends on it):
   5:4>Done building target "_GetRestoreSettingsOverrides" in project "TicketConsolidator.UI.csproj".
   4:7>Task "GetRestoreSettingsTask"
   3:4>Target "_GenerateRestoreGraphProjectEntry" in file "C:\Program Files\dotnet\sdk\10.0.103\NuGet.targets" from project "c:\Apps\TicketConsolidator\tests\TicketConsolidator.UnitTests\TicketConsolidator.UnitTests.csproj" (entry point):
   3:4>Done building target "_GenerateRestoreGraphProjectEntry" in project "TicketConsolidator.UnitTests.csproj".
   6:4>Target "_GetRestoreSettingsPerFramework" in file "C:\Program Files\dotnet\sdk\10.0.103\NuGet.targets" from project "c:\Apps\TicketConsolidator\src\TicketConsolidator.Web\TicketConsolidator.Web.csproj" (target "_GetRestoreSettingsCurrentProject" depends on it):
   6:4>Done building target "_GetRestoreSettingsPerFramework" in project "TicketConsolidator.Web.csproj".
   5:4>Target "_GetRestoreSettingsPerFramework" in file "C:\Program Files\dotnet\sdk\10.0.103\NuGet.targets" from project "c:\Apps\TicketConsolidator\src\TicketConsolidator.UI\TicketConsolidator.UI.csproj" (target "_GetRestoreSettingsCurrentProject" depends on it):
   5:4>Done building target "_GetRestoreSettingsPerFramework" in project "TicketConsolidator.UI.csproj".
   4:7>Done executing task "GetRestoreSettingsTask".
   4:7>Done building target "_GetRestoreSettings" in project "TicketConsolidator.Infrastructure.csproj".
   3:4>Done Building Project "c:\Apps\TicketConsolidator\tests\TicketConsolidator.UnitTests\TicketConsolidator.UnitTests.csproj" (_GenerateRestoreGraphProjectEntry target(s)).
   5:4>Target "_GetRestoreSettingsCurrentProject" in file "C:\Program Files\dotnet\sdk\10.0.103\NuGet.targets" from project "c:\Apps\TicketConsolidator\src\TicketConsolidator.UI\TicketConsolidator.UI.csproj" (target "_GetRestoreSettings" depends on it):
   5:4>Done building target "_GetRestoreSettingsCurrentProject" in project "TicketConsolidator.UI.csproj".
   6:4>Target "_GetRestoreSettingsCurrentProject" in file "C:\Program Files\dotnet\sdk\10.0.103\NuGet.targets" from project "c:\Apps\TicketConsolidator\src\TicketConsolidator.Web\TicketConsolidator.Web.csproj" (target "_GetRestoreSettings" depends on it):
   6:4>Done building target "_GetRestoreSettingsCurrentProject" in project "TicketConsolidator.Web.csproj".
   4:7>Target "_GenerateDotnetCliToolReferenceSpecs" in file "C:\Program Files\dotnet\sdk\10.0.103\NuGet.targets" from project "c:\Apps\TicketConsolidator\src\TicketConsolidator.Infrastructure\TicketConsolidator.Infrastructure.csproj" (target "_GenerateRestoreGraphProjectEntry" depends on it):
   4:7>Using "GetRestoreDotnetCliToolsTask" task from assembly "C:\Program Files\dotnet\sdk\10.0.103\NuGet.Build.Tasks.dll".
       Task "GetRestoreDotnetCliToolsTask"
   5:4>Target "_GetRestoreSettings" in file "C:\Program Files\dotnet\sdk\10.0.103\NuGet.targets" from project "c:\Apps\TicketConsolidator\src\TicketConsolidator.UI\TicketConsolidator.UI.csproj" (target "_GenerateDotnetCliToolReferenceSpecs" depends on it):
   5:4>Using "GetRestoreSettingsTask" task from assembly "C:\Program Files\dotnet\sdk\10.0.103\NuGet.Build.Tasks.dll".
   4:7>Done executing task "GetRestoreDotnetCliToolsTask".
   5:4>Task "GetRestoreSettingsTask"
   4:7>Done building target "_GenerateDotnetCliToolReferenceSpecs" in project "TicketConsolidator.Infrastructure.csproj".
   6:4>Target "_GetRestoreSettings" in file "C:\Program Files\dotnet\sdk\10.0.103\NuGet.targets" from project "c:\Apps\TicketConsolidator\src\TicketConsolidator.Web\TicketConsolidator.Web.csproj" (target "_GenerateDotnetCliToolReferenceSpecs" depends on it):
   6:4>Using "GetRestoreSettingsTask" task from assembly "C:\Program Files\dotnet\sdk\10.0.103\NuGet.Build.Tasks.dll".
   4:7>Target "_GenerateRestoreGraphProjectEntry" in file "C:\Program Files\dotnet\sdk\10.0.103\NuGet.targets" from project "c:\Apps\TicketConsolidator\src\TicketConsolidator.Infrastructure\TicketConsolidator.Infrastructure.csproj" (entry point):
   4:7>Done building target "_GenerateRestoreGraphProjectEntry" in project "TicketConsolidator.Infrastructure.csproj".
   6:4>Task "GetRestoreSettingsTask"
       Done executing task "GetRestoreSettingsTask".
   6:4>Done building target "_GetRestoreSettings" in project "TicketConsolidator.Web.csproj".
   6:4>Target "_GenerateDotnetCliToolReferenceSpecs" in file "C:\Program Files\dotnet\sdk\10.0.103\NuGet.targets" from project "c:\Apps\TicketConsolidator\src\TicketConsolidator.Web\TicketConsolidator.Web.csproj" (target "_GenerateRestoreGraphProjectEntry" depends on it):
       Using "GetRestoreDotnetCliToolsTask" task from assembly "C:\Program Files\dotnet\sdk\10.0.103\NuGet.Build.Tasks.dll".
   4:7>Done Building Project "c:\Apps\TicketConsolidator\src\TicketConsolidator.Infrastructure\TicketConsolidator.Infrastructure.csproj" (_GenerateRestoreGraphProjectEntry target(s)).
   6:4>Task "GetRestoreDotnetCliToolsTask"
       Done executing task "GetRestoreDotnetCliToolsTask".
   6:4>Done building target "_GenerateDotnetCliToolReferenceSpecs" in project "TicketConsolidator.Web.csproj".
   6:4>Target "_GenerateRestoreGraphProjectEntry" in file "C:\Program Files\dotnet\sdk\10.0.103\NuGet.targets" from project "c:\Apps\TicketConsolidator\src\TicketConsolidator.Web\TicketConsolidator.Web.csproj" (entry point):
   6:4>Done building target "_GenerateRestoreGraphProjectEntry" in project "TicketConsolidator.Web.csproj".
   6:4>Done Building Project "c:\Apps\TicketConsolidator\src\TicketConsolidator.Web\TicketConsolidator.Web.csproj" (_GenerateRestoreGraphProjectEntry target(s)).
   5:4>Done executing task "GetRestoreSettingsTask".
   5:4>Done building target "_GetRestoreSettings" in project "TicketConsolidator.UI.csproj".
   5:4>Target "_GenerateDotnetCliToolReferenceSpecs" in file "C:\Program Files\dotnet\sdk\10.0.103\NuGet.targets" from project "c:\Apps\TicketConsolidator\src\TicketConsolidator.UI\TicketConsolidator.UI.csproj" (target "_GenerateRestoreGraphProjectEntry" depends on it):
       Using "GetRestoreDotnetCliToolsTask" task from assembly "C:\Program Files\dotnet\sdk\10.0.103\NuGet.Build.Tasks.dll".
       Task "GetRestoreDotnetCliToolsTask"
       Done executing task "GetRestoreDotnetCliToolsTask".
   5:4>Done building target "_GenerateDotnetCliToolReferenceSpecs" in project "TicketConsolidator.UI.csproj".
   5:4>Target "_GenerateRestoreGraphProjectEntry" in file "C:\Program Files\dotnet\sdk\10.0.103\NuGet.targets" from project "c:\Apps\TicketConsolidator\src\TicketConsolidator.UI\TicketConsolidator.UI.csproj" (entry point):
   5:4>Done building target "_GenerateRestoreGraphProjectEntry" in project "TicketConsolidator.UI.csproj".
   5:4>Done Building Project "c:\Apps\TicketConsolidator\src\TicketConsolidator.UI\TicketConsolidator.UI.csproj" (_GenerateRestoreGraphProjectEntry target(s)).
   7:8>ProcessFrameworkReferences:
         Found 1 known framework references for target framework .NETCoreApp
         Found 5 known runtime packs for target framework .NETCoreApp
         Selected Microsoft.NETCore.App with RIDs 'linux-arm;linux-arm64;linux-musl-arm64;linux-musl-x64;linux-x64;osx-x64;tizen.4.0.0-armel;tizen.5.0.0-armel;win-arm64;win-x64;win-x86;linux-musl-arm;osx-arm64;linux-s390x;linux-loongarch64;linux-bionic-arm;linux-bionic-arm64;linux-bionic-x64;linux-bionic-x86;linux-ppc64le;freebsd-x64;freebsd-arm64;linux-riscv64;linux-musl-riscv64;linux-musl-loongarch64;android-arm64;android-x64'
         Selected targeting pack 'Microsoft.NETCore.App@10.0.3'
         Added runtime framework 'Microsoft.NETCore.App@10.0.0'
         Selected Microsoft.WindowsDesktop.App with RIDs 'win-x64;win-x86;win-arm64'
         Selected targeting pack 'Microsoft.WindowsDesktop.App@10.0.3'
         Added runtime framework 'Microsoft.WindowsDesktop.App@10.0.0'
         Selected Microsoft.WindowsDesktop.App with RIDs 'win-x64;win-x86;win-arm64'
         Selected targeting pack 'Microsoft.WindowsDesktop.App.WPF@10.0.3'
         Added runtime framework 'Microsoft.WindowsDesktop.App@10.0.0'
         Selected Microsoft.WindowsDesktop.App with RIDs 'win-x64;win-x86;win-arm64'
         Selected targeting pack 'Microsoft.WindowsDesktop.App.WindowsForms@10.0.3'
         Added runtime framework 'Microsoft.WindowsDesktop.App@10.0.0'
         Selected Microsoft.AspNetCore.App with RIDs 'win-x64;win-x86;osx-x64;linux-musl-x64;linux-musl-arm64;linux-x64;linux-arm;linux-arm64;linux-musl-arm;win-arm64;osx-arm64;linux-s390x;linux-loongarch64;linux-ppc64le;freebsd-x64;freebsd-arm64;linux-riscv64;linux-musl-riscv64;linux-loongarch64;linux-musl-loongarch64'
         Selected targeting pack 'Microsoft.AspNetCore.App@10.0.3'
         Added runtime framework 'Microsoft.AspNetCore.App@10.0.0'
       Done executing task "ProcessFrameworkReferences".
       Using "ResolveAppHosts" task from assembly "C:\Program Files\dotnet\sdk\10.0.103\Sdks\Microsoft.NET.Sdk\targets\..\tools\net10.0\Microsoft.NET.Build.Tasks.dll".
       Task "ResolveAppHosts"
       Done executing task "ResolveAppHosts".
   7:8>Done building target "ProcessFrameworkReferences" in project "TicketConsolidator.Domain.csproj".
   7:8>Target "_CheckForObsoleteDotNetCliToolReferences" in file "C:\Program Files\dotnet\sdk\10.0.103\Sdks\Microsoft.NET.Sdk\targets\Microsoft.NET.ObsoleteReferences.targets" from project "c:\Apps\TicketConsolidator\src\TicketConsolidator.Domain\TicketConsolidator.Domain.csproj" (target "CollectPackageReferences" depends on it):
   7:8>Done building target "_CheckForObsoleteDotNetCliToolReferences" in project "TicketConsolidator.Domain.csproj".
   7:8>Target "CollectPackageReferences" in file "C:\Program Files\dotnet\sdk\10.0.103\NuGet.targets" from project "c:\Apps\TicketConsolidator\src\TicketConsolidator.Domain\TicketConsolidator.Domain.csproj" (target "_GetRestoreProjectStyle" depends on it):
       Using "CheckForDuplicateNuGetItemsTask" task from assembly "C:\Program Files\dotnet\sdk\10.0.103\NuGet.Build.Tasks.dll".
       Task "CheckForDuplicateNuGetItemsTask"
       Done executing task "CheckForDuplicateNuGetItemsTask".
   7:8>Done building target "CollectPackageReferences" in project "TicketConsolidator.Domain.csproj".
   7:8>Target "_GetRestoreProjectStyle" in file "C:\Program Files\dotnet\sdk\10.0.103\NuGet.targets" from project "c:\Apps\TicketConsolidator\src\TicketConsolidator.Domain\TicketConsolidator.Domain.csproj" (target "_GenerateRestoreSpecs" depends on it):
       Using "GetRestoreProjectStyleTask" task from assembly "C:\Program Files\dotnet\sdk\10.0.103\NuGet.Build.Tasks.dll".
       Task "GetRestoreProjectStyleTask"
       Done executing task "GetRestoreProjectStyleTask".
   7:8>Done building target "_GetRestoreProjectStyle" in project "TicketConsolidator.Domain.csproj".
   7:8>Target "_GenerateRestoreSpecs" in file "C:\Program Files\dotnet\sdk\10.0.103\NuGet.targets" from project "c:\Apps\TicketConsolidator\src\TicketConsolidator.Domain\TicketConsolidator.Domain.csproj" (target "_GenerateRestoreGraphProjectEntry" depends on it):
       Using "Message" task from assembly "Microsoft.Build.Tasks.Core, Version=15.1.0.0, Culture=neutral, PublicKeyToken=b03f5f7f11d50a3a".
       Task "Message"
         Restore entry point c:\Apps\TicketConsolidator\src\TicketConsolidator.Domain\TicketConsolidator.Domain.csproj
       Done executing task "Message".
   7:8>Done building target "_GenerateRestoreSpecs" in project "TicketConsolidator.Domain.csproj".
   7:8>Target "_GetRestoreSettingsOverrides" in file "C:\Program Files\dotnet\sdk\10.0.103\NuGet.targets" from project "c:\Apps\TicketConsolidator\src\TicketConsolidator.Domain\TicketConsolidator.Domain.csproj" (target "_GetRestoreSettings" depends on it):
   7:8>Done building target "_GetRestoreSettingsOverrides" in project "TicketConsolidator.Domain.csproj".
   7:8>Target "_GetRestoreSettingsPerFramework" in file "C:\Program Files\dotnet\sdk\10.0.103\NuGet.targets" from project "c:\Apps\TicketConsolidator\src\TicketConsolidator.Domain\TicketConsolidator.Domain.csproj" (target "_GetRestoreSettingsCurrentProject" depends on it):
   7:8>Done building target "_GetRestoreSettingsPerFramework" in project "TicketConsolidator.Domain.csproj".
   7:8>Target "_GetRestoreSettingsCurrentProject" in file "C:\Program Files\dotnet\sdk\10.0.103\NuGet.targets" from project "c:\Apps\TicketConsolidator\src\TicketConsolidator.Domain\TicketConsolidator.Domain.csproj" (target "_GetRestoreSettings" depends on it):
   7:8>Done building target "_GetRestoreSettingsCurrentProject" in project "TicketConsolidator.Domain.csproj".
   7:8>Target "_GetRestoreSettings" in file "C:\Program Files\dotnet\sdk\10.0.103\NuGet.targets" from project "c:\Apps\TicketConsolidator\src\TicketConsolidator.Domain\TicketConsolidator.Domain.csproj" (target "_GenerateDotnetCliToolReferenceSpecs" depends on it):
       Using "GetRestoreSettingsTask" task from assembly "C:\Program Files\dotnet\sdk\10.0.103\NuGet.Build.Tasks.dll".
       Task "GetRestoreSettingsTask"
         Assembly loaded during TaskRun (NuGet.Build.Tasks.GetRestoreSettingsTask): NuGet.Configuration, Version=7.0.2.0, Culture=neutral, PublicKeyToken=31bf3856ad364e35 (location: C:\Program Files\dotnet\sdk\10.0.103\NuGet.Configuration.dll, MVID: 522ba7e1-ae9d-4267-926f-e81ab189d75f, AssemblyLoadContext: MSBuild plugin C:\Program Files\dotnet\sdk\10.0.103\NuGet.Build.Tasks.dll)
       Done executing task "GetRestoreSettingsTask".
   7:8>Done building target "_GetRestoreSettings" in project "TicketConsolidator.Domain.csproj".
   7:8>Target "_GenerateDotnetCliToolReferenceSpecs" in file "C:\Program Files\dotnet\sdk\10.0.103\NuGet.targets" from project "c:\Apps\TicketConsolidator\src\TicketConsolidator.Domain\TicketConsolidator.Domain.csproj" (target "_GenerateRestoreGraphProjectEntry" depends on it):
       Using "GetRestoreDotnetCliToolsTask" task from assembly "C:\Program Files\dotnet\sdk\10.0.103\NuGet.Build.Tasks.dll".
       Task "GetRestoreDotnetCliToolsTask"
       Done executing task "GetRestoreDotnetCliToolsTask".
   7:8>Done building target "_GenerateDotnetCliToolReferenceSpecs" in project "TicketConsolidator.Domain.csproj".
   7:8>Target "_GenerateRestoreGraphProjectEntry" in file "C:\Program Files\dotnet\sdk\10.0.103\NuGet.targets" from project "c:\Apps\TicketConsolidator\src\TicketConsolidator.Domain\TicketConsolidator.Domain.csproj" (entry point):
   7:8>Done building target "_GenerateRestoreGraphProjectEntry" in project "TicketConsolidator.Domain.csproj".
   7:8>Done Building Project "c:\Apps\TicketConsolidator\src\TicketConsolidator.Domain\TicketConsolidator.Domain.csproj" (_GenerateRestoreGraphProjectEntry target(s)).
     1>Done executing task "MSBuild".
       Task "MSBuild"
         Global Properties:
           ExcludeRestorePackageImports=true
           _RestoreSolutionFileUsed=true
           SolutionDir=c:\Apps\TicketConsolidator\
           SolutionName=TicketConsolidator
           SolutionFileName=TicketConsolidator.sln
           SolutionPath=c:\Apps\TicketConsolidator\TicketConsolidator.sln
           SolutionExt=.sln
         Additional Properties for project "c:\Apps\TicketConsolidator\src\TicketConsolidator.Domain\TicketConsolidator.Domain.csproj":
           Configuration=Debug
           Platform=AnyCPU
         Additional Properties for project "c:\Apps\TicketConsolidator\src\TicketConsolidator.Application\TicketConsolidator.Application.csproj":
           Configuration=Debug
           Platform=AnyCPU
         Additional Properties for project "c:\Apps\TicketConsolidator\src\TicketConsolidator.Infrastructure\TicketConsolidator.Infrastructure.csproj":
           Configuration=Debug
           Platform=AnyCPU
         Additional Properties for project "c:\Apps\TicketConsolidator\src\TicketConsolidator.UI\TicketConsolidator.UI.csproj":
           Configuration=Debug
           Platform=AnyCPU
         Additional Properties for project "c:\Apps\TicketConsolidator\tests\TicketConsolidator.UnitTests\TicketConsolidator.UnitTests.csproj":
           Configuration=Debug
           Platform=AnyCPU
         Additional Properties for project "c:\Apps\TicketConsolidator\src\TicketConsolidator.Web\TicketConsolidator.Web.csproj":
           Configuration=Debug
           Platform=AnyCPU
     1>Project "c:\Apps\TicketConsolidator\TicketConsolidator.sln" (1) is building "c:\Apps\TicketConsolidator\src\TicketConsolidator.Domain\TicketConsolidator.Domain.csproj" (7:9) on node 1 (_GenerateProjectRestoreGraph target(s)).
   7:9>Target "_GetRestoreProjectStyle" skipped. Previously built successfully.
       Target "_GetRestoreProjectStyle" skipped. Previously built successfully.
       Target "_GetRestoreProjectStyle" skipped. Previously built successfully.
   7:9>Target "_GetRestoreTargetFrameworkOverride" in file "C:\Program Files\dotnet\sdk\10.0.103\NuGet.targets" from project "c:\Apps\TicketConsolidator\src\TicketConsolidator.Domain\TicketConsolidator.Domain.csproj" (target "_GetRestoreTargetFrameworksOutput" depends on it):
   7:9>Done building target "_GetRestoreTargetFrameworkOverride" in project "TicketConsolidator.Domain.csproj".
   7:9>Target "_GetRestoreTargetFrameworksOutput" in file "C:\Program Files\dotnet\sdk\10.0.103\NuGet.targets" from project "c:\Apps\TicketConsolidator\src\TicketConsolidator.Domain\TicketConsolidator.Domain.csproj" (target "_GenerateRestoreProjectSpec" depends on it):
       Using "GetProjectTargetFrameworksTask" task from assembly "C:\Program Files\dotnet\sdk\10.0.103\NuGet.Build.Tasks.dll".
       Task "GetProjectTargetFrameworksTask"
     1>Project "c:\Apps\TicketConsolidator\TicketConsolidator.sln" (1) is building "c:\Apps\TicketConsolidator\src\TicketConsolidator.Web\TicketConsolidator.Web.csproj" (6:5) on node 6 (_GenerateProjectRestoreGraph target(s)).
   6:5>Target "_GetRestoreProjectStyle" skipped. Previously built successfully.
       Target "_GetRestoreProjectStyle" skipped. Previously built successfully.
       Target "_GetRestoreProjectStyle" skipped. Previously built successfully.
   6:5>Target "_GetRestoreTargetFrameworkOverride" in file "C:\Program Files\dotnet\sdk\10.0.103\NuGet.targets" from project "c:\Apps\TicketConsolidator\src\TicketConsolidator.Web\TicketConsolidator.Web.csproj" (target "_GetRestoreTargetFrameworksOutput" depends on it):
   6:5>Done building target "_GetRestoreTargetFrameworkOverride" in project "TicketConsolidator.Web.csproj".
     1>Project "c:\Apps\TicketConsolidator\TicketConsolidator.sln" (1) is building "c:\Apps\TicketConsolidator\src\TicketConsolidator.Application\TicketConsolidator.Application.csproj" (2:8) on node 3 (_GenerateProjectRestoreGraph target(s)).
   2:8>Target "_GetRestoreProjectStyle" skipped. Previously built successfully.
     1>Project "c:\Apps\TicketConsolidator\TicketConsolidator.sln" (1) is building "c:\Apps\TicketConsolidator\src\TicketConsolidator.Infrastructure\TicketConsolidator.Infrastructure.csproj" (4:8) on node 2 (_GenerateProjectRestoreGraph target(s)).
   4:8>Target "_GetRestoreProjectStyle" skipped. Previously built successfully.
   2:8>Target "_GetRestoreProjectStyle" skipped. Previously built successfully.
       Target "_GetRestoreProjectStyle" skipped. Previously built successfully.
   2:8>Target "_GetRestoreTargetFrameworkOverride" in file "C:\Program Files\dotnet\sdk\10.0.103\NuGet.targets" from project "c:\Apps\TicketConsolidator\src\TicketConsolidator.Application\TicketConsolidator.Application.csproj" (target "_GetRestoreTargetFrameworksOutput" depends on it):
   2:8>Done building target "_GetRestoreTargetFrameworkOverride" in project "TicketConsolidator.Application.csproj".
   2:8>Target "_GetRestoreTargetFrameworksOutput" in file "C:\Program Files\dotnet\sdk\10.0.103\NuGet.targets" from project "c:\Apps\TicketConsolidator\src\TicketConsolidator.Application\TicketConsolidator.Application.csproj" (target "_GenerateRestoreProjectSpec" depends on it):
       Using "GetProjectTargetFrameworksTask" task from assembly "C:\Program Files\dotnet\sdk\10.0.103\NuGet.Build.Tasks.dll".
       Task "GetProjectTargetFrameworksTask"
       Done executing task "GetProjectTargetFrameworksTask".
   2:8>Done building target "_GetRestoreTargetFrameworksOutput" in project "TicketConsolidator.Application.csproj".
       Target "_GetRestoreSettings" skipped. Previously built successfully.
   2:8>Target "_GenerateRestoreProjectSpec" in file "C:\Program Files\dotnet\sdk\10.0.103\NuGet.targets" from project "c:\Apps\TicketConsolidator\src\TicketConsolidator.Application\TicketConsolidator.Application.csproj" (target "_GenerateProjectRestoreGraph" depends on it):
       Task "ConvertToAbsolutePath"
     1>Project "c:\Apps\TicketConsolidator\TicketConsolidator.sln" (1) is building "c:\Apps\TicketConsolidator\src\TicketConsolidator.UI\TicketConsolidator.UI.csproj" (5:5) on node 4 (_GenerateProjectRestoreGraph target(s)).
   5:5>Target "_GetRestoreProjectStyle" skipped. Previously built successfully.
   4:8>Target "_GetRestoreProjectStyle" skipped. Previously built successfully.
   7:9>Done executing task "GetProjectTargetFrameworksTask".
   5:5>Target "_GetRestoreProjectStyle" skipped. Previously built successfully.
   4:8>Target "_GetRestoreProjectStyle" skipped. Previously built successfully.
   5:5>Target "_GetRestoreProjectStyle" skipped. Previously built successfully.
   4:8>Target "_GetRestoreTargetFrameworkOverride" in file "C:\Program Files\dotnet\sdk\10.0.103\NuGet.targets" from project "c:\Apps\TicketConsolidator\src\TicketConsolidator.Infrastructure\TicketConsolidator.Infrastructure.csproj" (target "_GetRestoreTargetFrameworksOutput" depends on it):
   4:8>Done building target "_GetRestoreTargetFrameworkOverride" in project "TicketConsolidator.Infrastructure.csproj".
   7:9>Done building target "_GetRestoreTargetFrameworksOutput" in project "TicketConsolidator.Domain.csproj".
       Target "_GetRestoreSettings" skipped. Previously built successfully.
   5:5>Target "_GetRestoreTargetFrameworkOverride" in file "C:\Program Files\dotnet\sdk\10.0.103\NuGet.targets" from project "c:\Apps\TicketConsolidator\src\TicketConsolidator.UI\TicketConsolidator.UI.csproj" (target "_GetRestoreTargetFrameworksOutput" depends on it):
   5:5>Done building target "_GetRestoreTargetFrameworkOverride" in project "TicketConsolidator.UI.csproj".
   7:9>Target "_GenerateRestoreProjectSpec" in file "C:\Program Files\dotnet\sdk\10.0.103\NuGet.targets" from project "c:\Apps\TicketConsolidator\src\TicketConsolidator.Domain\TicketConsolidator.Domain.csproj" (target "_GenerateProjectRestoreGraph" depends on it):
   7:9>Task "ConvertToAbsolutePath"
   4:8>Target "_GetRestoreTargetFrameworksOutput" in file "C:\Program Files\dotnet\sdk\10.0.103\NuGet.targets" from project "c:\Apps\TicketConsolidator\src\TicketConsolidator.Infrastructure\TicketConsolidator.Infrastructure.csproj" (target "_GenerateRestoreProjectSpec" depends on it):
   4:8>Using "GetProjectTargetFrameworksTask" task from assembly "C:\Program Files\dotnet\sdk\10.0.103\NuGet.Build.Tasks.dll".
   5:5>Target "_GetRestoreTargetFrameworksOutput" in file "C:\Program Files\dotnet\sdk\10.0.103\NuGet.targets" from project "c:\Apps\TicketConsolidator\src\TicketConsolidator.UI\TicketConsolidator.UI.csproj" (target "_GenerateRestoreProjectSpec" depends on it):
   5:5>Using "GetProjectTargetFrameworksTask" task from assembly "C:\Program Files\dotnet\sdk\10.0.103\NuGet.Build.Tasks.dll".
   4:8>Task "GetProjectTargetFrameworksTask"
       Done executing task "GetProjectTargetFrameworksTask".
   5:5>Task "GetProjectTargetFrameworksTask"
       Done executing task "GetProjectTargetFrameworksTask".
   5:5>Done building target "_GetRestoreTargetFrameworksOutput" in project "TicketConsolidator.UI.csproj".
       Target "_GetRestoreSettings" skipped. Previously built successfully.
   5:5>Target "_GenerateRestoreProjectSpec" in file "C:\Program Files\dotnet\sdk\10.0.103\NuGet.targets" from project "c:\Apps\TicketConsolidator\src\TicketConsolidator.UI\TicketConsolidator.UI.csproj" (target "_GenerateProjectRestoreGraph" depends on it):
       Task "ConvertToAbsolutePath"
       Done executing task "ConvertToAbsolutePath".
   7:9>Done executing task "ConvertToAbsolutePath".
   2:8>Done executing task "ConvertToAbsolutePath".
   4:8>Done building target "_GetRestoreTargetFrameworksOutput" in project "TicketConsolidator.Infrastructure.csproj".
   5:5>Done building target "_GenerateRestoreProjectSpec" in project "TicketConsolidator.UI.csproj".
       Target "_GetRestoreProjectStyle" skipped. Previously built successfully.
       Target "CollectPackageReferences" skipped. Previously built successfully.
   7:9>Done building target "_GenerateRestoreProjectSpec" in project "TicketConsolidator.Domain.csproj".
   5:5>Target "CollectPackageDownloads" in file "C:\Program Files\dotnet\sdk\10.0.103\NuGet.targets" from project "c:\Apps\TicketConsolidator\src\TicketConsolidator.UI\TicketConsolidator.UI.csproj" (target "_CollectRestoreInputs" depends on it):
   5:5>Task "CheckForDuplicateNuGetItemsTask"
   7:9>Target "_GetRestoreProjectStyle" skipped. Previously built successfully.
       Target "CollectPackageReferences" skipped. Previously built successfully.
   5:5>Done executing task "CheckForDuplicateNuGetItemsTask".
   5:5>Done building target "CollectPackageDownloads" in project "TicketConsolidator.UI.csproj".
   7:9>Target "CollectPackageDownloads" in file "C:\Program Files\dotnet\sdk\10.0.103\NuGet.targets" from project "c:\Apps\TicketConsolidator\src\TicketConsolidator.Domain\TicketConsolidator.Domain.csproj" (target "_CollectRestoreInputs" depends on it):
   7:9>Task "CheckForDuplicateNuGetItemsTask"
     1>Project "c:\Apps\TicketConsolidator\TicketConsolidator.sln" (1) is building "c:\Apps\TicketConsolidator\tests\TicketConsolidator.UnitTests\TicketConsolidator.UnitTests.csproj" (3:5) on node 5 (_GenerateProjectRestoreGraph target(s)).
   3:5>Target "_GetRestoreProjectStyle" skipped. Previously built successfully.
   2:8>Done building target "_GenerateRestoreProjectSpec" in project "TicketConsolidator.Application.csproj".
   4:8>Target "_GetRestoreSettings" skipped. Previously built successfully.
   5:5>Target "CollectFrameworkReferences" in file "C:\Program Files\dotnet\sdk\10.0.103\NuGet.targets" from project "c:\Apps\TicketConsolidator\src\TicketConsolidator.UI\TicketConsolidator.UI.csproj" (target "_CollectRestoreInputs" depends on it):
   5:5>Done building target "CollectFrameworkReferences" in project "TicketConsolidator.UI.csproj".
   2:8>Target "_GetRestoreProjectStyle" skipped. Previously built successfully.
   7:9>Done executing task "CheckForDuplicateNuGetItemsTask".
   4:8>Target "_GenerateRestoreProjectSpec" in file "C:\Program Files\dotnet\sdk\10.0.103\NuGet.targets" from project "c:\Apps\TicketConsolidator\src\TicketConsolidator.Infrastructure\TicketConsolidator.Infrastructure.csproj" (target "_GenerateProjectRestoreGraph" depends on it):
   4:8>Task "ConvertToAbsolutePath"
   7:9>Done building target "CollectPackageDownloads" in project "TicketConsolidator.Domain.csproj".
   4:8>Done executing task "ConvertToAbsolutePath".
   4:8>Done building target "_GenerateRestoreProjectSpec" in project "TicketConsolidator.Infrastructure.csproj".
   7:9>Target "CollectFrameworkReferences" in file "C:\Program Files\dotnet\sdk\10.0.103\NuGet.targets" from project "c:\Apps\TicketConsolidator\src\TicketConsolidator.Domain\TicketConsolidator.Domain.csproj" (target "_CollectRestoreInputs" depends on it):
   7:9>Done building target "CollectFrameworkReferences" in project "TicketConsolidator.Domain.csproj".
   4:8>Target "_GetRestoreProjectStyle" skipped. Previously built successfully.
   3:5>Target "_GetRestoreProjectStyle" skipped. Previously built successfully.
   4:8>Target "CollectPackageReferences" skipped. Previously built successfully.
   4:8>Target "CollectPackageDownloads" in file "C:\Program Files\dotnet\sdk\10.0.103\NuGet.targets" from project "c:\Apps\TicketConsolidator\src\TicketConsolidator.Infrastructure\TicketConsolidator.Infrastructure.csproj" (target "_CollectRestoreInputs" depends on it):
       Task "CheckForDuplicateNuGetItemsTask"
   7:9>Target "CollectCentralPackageVersions" in file "C:\Program Files\dotnet\sdk\10.0.103\NuGet.targets" from project "c:\Apps\TicketConsolidator\src\TicketConsolidator.Domain\TicketConsolidator.Domain.csproj" (target "_CollectRestoreInputs" depends on it):
   7:9>Task "CheckForDuplicateNuGetItemsTask"
   4:8>Done executing task "CheckForDuplicateNuGetItemsTask".
   4:8>Done building target "CollectPackageDownloads" in project "TicketConsolidator.Infrastructure.csproj".
   4:8>Target "CollectFrameworkReferences" in file "C:\Program Files\dotnet\sdk\10.0.103\NuGet.targets" from project "c:\Apps\TicketConsolidator\src\TicketConsolidator.Infrastructure\TicketConsolidator.Infrastructure.csproj" (target "_CollectRestoreInputs" depends on it):
   4:8>Done building target "CollectFrameworkReferences" in project "TicketConsolidator.Infrastructure.csproj".
   6:5>Target "_GetRestoreTargetFrameworksOutput" in file "C:\Program Files\dotnet\sdk\10.0.103\NuGet.targets" from project "c:\Apps\TicketConsolidator\src\TicketConsolidator.Web\TicketConsolidator.Web.csproj" (target "_GenerateRestoreProjectSpec" depends on it):
   6:5>Using "GetProjectTargetFrameworksTask" task from assembly "C:\Program Files\dotnet\sdk\10.0.103\NuGet.Build.Tasks.dll".
   4:8>Target "CollectCentralPackageVersions" in file "C:\Program Files\dotnet\sdk\10.0.103\NuGet.targets" from project "c:\Apps\TicketConsolidator\src\TicketConsolidator.Infrastructure\TicketConsolidator.Infrastructure.csproj" (target "_CollectRestoreInputs" depends on it):
   4:8>Task "CheckForDuplicateNuGetItemsTask"
       Done executing task "CheckForDuplicateNuGetItemsTask".
   4:8>Done building target "CollectCentralPackageVersions" in project "TicketConsolidator.Infrastructure.csproj".
   2:8>Target "CollectPackageReferences" skipped. Previously built successfully.
   5:5>Target "CollectCentralPackageVersions" in file "C:\Program Files\dotnet\sdk\10.0.103\NuGet.targets" from project "c:\Apps\TicketConsolidator\src\TicketConsolidator.UI\TicketConsolidator.UI.csproj" (target "_CollectRestoreInputs" depends on it):
   5:5>Task "CheckForDuplicateNuGetItemsTask"
   4:8>Target "CollectNuGetAuditSuppressions" in file "C:\Program Files\dotnet\sdk\10.0.103\NuGet.targets" from project "c:\Apps\TicketConsolidator\src\TicketConsolidator.Infrastructure\TicketConsolidator.Infrastructure.csproj" (target "_CollectRestoreInputs" depends on it):
   4:8>Task "CheckForDuplicateNuGetItemsTask"
   6:5>Task "GetProjectTargetFrameworksTask"
   4:8>Done executing task "CheckForDuplicateNuGetItemsTask".
   4:8>Done building target "CollectNuGetAuditSuppressions" in project "TicketConsolidator.Infrastructure.csproj".
   6:5>Done executing task "GetProjectTargetFrameworksTask".
   4:8>Target "ProcessFrameworkReferences" skipped. Previously built successfully.
   6:5>Done building target "_GetRestoreTargetFrameworksOutput" in project "TicketConsolidator.Web.csproj".
       Target "_GetRestoreSettings" skipped. Previously built successfully.
   4:8>Target "AddPrunePackageReferences" in file "C:\Program Files\dotnet\sdk\10.0.103\Sdks\Microsoft.NET.Sdk\targets\Microsoft.NET.Sdk.FrameworkReferenceResolution.targets" from project "c:\Apps\TicketConsolidator\src\TicketConsolidator.Infrastructure\TicketConsolidator.Infrastructure.csproj" (target "CollectPrunePackageReferences" depends on it):
   4:8>Using "GetPackagesToPrune" task from assembly "C:\Program Files\dotnet\sdk\10.0.103\Sdks\Microsoft.NET.Sdk\targets\..\tools\net10.0\Microsoft.NET.Build.Tasks.dll".
   6:5>Target "_GenerateRestoreProjectSpec" in file "C:\Program Files\dotnet\sdk\10.0.103\NuGet.targets" from project "c:\Apps\TicketConsolidator\src\TicketConsolidator.Web\TicketConsolidator.Web.csproj" (target "_GenerateProjectRestoreGraph" depends on it):
   6:5>Task "ConvertToAbsolutePath"
   4:8>Task "GetPackagesToPrune"
         Loading packages to prune for .NETCoreApp 10.0 Microsoft.NETCore.App
   7:9>Done executing task "CheckForDuplicateNuGetItemsTask".
   4:8>AddPrunePackageReferences:
         Loading prune package data from PrunePackageData folder
   7:9>Done building target "CollectCentralPackageVersions" in project "TicketConsolidator.Domain.csproj".
   4:8>AddPrunePackageReferences:
         Failed to load prune package data from PrunePackageData folder, loading from targeting packs instead
   7:9>Target "CollectNuGetAuditSuppressions" in file "C:\Program Files\dotnet\sdk\10.0.103\NuGet.targets" from project "c:\Apps\TicketConsolidator\src\TicketConsolidator.Domain\TicketConsolidator.Domain.csproj" (target "_CollectRestoreInputs" depends on it):
   7:9>Task "CheckForDuplicateNuGetItemsTask"
   4:8>AddPrunePackageReferences:
         Looking for targeting packs in C:\Program Files\dotnet\packs\Microsoft.NETCore.App.Ref
         Pack directories found: C:\Program Files\dotnet\packs\Microsoft.NETCore.App.Ref\10.0.3
   7:9>Done executing task "CheckForDuplicateNuGetItemsTask".
   4:8>AddPrunePackageReferences:
         Found package overrides file C:\Program Files\dotnet\packs\Microsoft.NETCore.App.Ref\10.0.3\data\PackageOverrides.txt
   6:5>Done executing task "ConvertToAbsolutePath".
   7:9>Done building target "CollectNuGetAuditSuppressions" in project "TicketConsolidator.Domain.csproj".
   6:5>Done building target "_GenerateRestoreProjectSpec" in project "TicketConsolidator.Web.csproj".
   7:9>Target "ProcessFrameworkReferences" skipped. Previously built successfully.
   6:5>Target "_GetRestoreProjectStyle" skipped. Previously built successfully.
   7:9>Target "AddPrunePackageReferences" in file "C:\Program Files\dotnet\sdk\10.0.103\Sdks\Microsoft.NET.Sdk\targets\Microsoft.NET.Sdk.FrameworkReferenceResolution.targets" from project "c:\Apps\TicketConsolidator\src\TicketConsolidator.Domain\TicketConsolidator.Domain.csproj" (target "CollectPrunePackageReferences" depends on it):
   7:9>Using "GetPackagesToPrune" task from assembly "C:\Program Files\dotnet\sdk\10.0.103\Sdks\Microsoft.NET.Sdk\targets\..\tools\net10.0\Microsoft.NET.Build.Tasks.dll".
       Task "GetPackagesToPrune"
   4:8>AddPrunePackageReferences:
         Loading packages to prune for .NETCoreApp 10.0 Microsoft.WindowsDesktop.App
   6:5>Target "CollectPackageReferences" skipped. Previously built successfully.
   3:5>Target "_GetRestoreProjectStyle" skipped. Previously built successfully.
   7:9>AddPrunePackageReferences:
         Loading packages to prune for .NETCoreApp 10.0 Microsoft.NETCore.App
         Loading prune package data from PrunePackageData folder
         Failed to load prune package data from PrunePackageData folder, loading from targeting packs instead
   5:5>Done executing task "CheckForDuplicateNuGetItemsTask".
   6:5>Target "CollectPackageDownloads" in file "C:\Program Files\dotnet\sdk\10.0.103\NuGet.targets" from project "c:\Apps\TicketConsolidator\src\TicketConsolidator.Web\TicketConsolidator.Web.csproj" (target "_CollectRestoreInputs" depends on it):
   6:5>Task "CheckForDuplicateNuGetItemsTask"
   3:5>Target "_GetRestoreTargetFrameworkOverride" in file "C:\Program Files\dotnet\sdk\10.0.103\NuGet.targets" from project "c:\Apps\TicketConsolidator\tests\TicketConsolidator.UnitTests\TicketConsolidator.UnitTests.csproj" (target "_GetRestoreTargetFrameworksOutput" depends on it):
   3:5>Done building target "_GetRestoreTargetFrameworkOverride" in project "TicketConsolidator.UnitTests.csproj".
   7:9>AddPrunePackageReferences:
         Looking for targeting packs in C:\Program Files\dotnet\packs\Microsoft.NETCore.App.Ref
         Pack directories found: C:\Program Files\dotnet\packs\Microsoft.NETCore.App.Ref\10.0.3
   5:5>Done building target "CollectCentralPackageVersions" in project "TicketConsolidator.UI.csproj".
   2:8>Target "CollectPackageDownloads" in file "C:\Program Files\dotnet\sdk\10.0.103\NuGet.targets" from project "c:\Apps\TicketConsolidator\src\TicketConsolidator.Application\TicketConsolidator.Application.csproj" (target "_CollectRestoreInputs" depends on it):
   2:8>Task "CheckForDuplicateNuGetItemsTask"
   6:5>Done executing task "CheckForDuplicateNuGetItemsTask".
   6:5>Done building target "CollectPackageDownloads" in project "TicketConsolidator.Web.csproj".
   2:8>Done executing task "CheckForDuplicateNuGetItemsTask".
   5:5>Target "CollectNuGetAuditSuppressions" in file "C:\Program Files\dotnet\sdk\10.0.103\NuGet.targets" from project "c:\Apps\TicketConsolidator\src\TicketConsolidator.UI\TicketConsolidator.UI.csproj" (target "_CollectRestoreInputs" depends on it):
   5:5>Task "CheckForDuplicateNuGetItemsTask"
   6:5>Target "CollectFrameworkReferences" in file "C:\Program Files\dotnet\sdk\10.0.103\NuGet.targets" from project "c:\Apps\TicketConsolidator\src\TicketConsolidator.Web\TicketConsolidator.Web.csproj" (target "_CollectRestoreInputs" depends on it):
   6:5>Done building target "CollectFrameworkReferences" in project "TicketConsolidator.Web.csproj".
   5:5>Done executing task "CheckForDuplicateNuGetItemsTask".
   6:5>Target "CollectCentralPackageVersions" in file "C:\Program Files\dotnet\sdk\10.0.103\NuGet.targets" from project "c:\Apps\TicketConsolidator\src\TicketConsolidator.Web\TicketConsolidator.Web.csproj" (target "_CollectRestoreInputs" depends on it):
   6:5>Task "CheckForDuplicateNuGetItemsTask"
   5:5>Done building target "CollectNuGetAuditSuppressions" in project "TicketConsolidator.UI.csproj".
   6:5>Done executing task "CheckForDuplicateNuGetItemsTask".
   5:5>Target "ProcessFrameworkReferences" skipped. Previously built successfully.
   6:5>Done building target "CollectCentralPackageVersions" in project "TicketConsolidator.Web.csproj".
   5:5>Target "AddPrunePackageReferences" in file "C:\Program Files\dotnet\sdk\10.0.103\Sdks\Microsoft.NET.Sdk\targets\Microsoft.NET.Sdk.FrameworkReferenceResolution.targets" from project "c:\Apps\TicketConsolidator\src\TicketConsolidator.UI\TicketConsolidator.UI.csproj" (target "CollectPrunePackageReferences" depends on it):
   5:5>Using "GetPackagesToPrune" task from assembly "C:\Program Files\dotnet\sdk\10.0.103\Sdks\Microsoft.NET.Sdk\targets\..\tools\net10.0\Microsoft.NET.Build.Tasks.dll".
   6:5>Target "CollectNuGetAuditSuppressions" in file "C:\Program Files\dotnet\sdk\10.0.103\NuGet.targets" from project "c:\Apps\TicketConsolidator\src\TicketConsolidator.Web\TicketConsolidator.Web.csproj" (target "_CollectRestoreInputs" depends on it):
   6:5>Task "CheckForDuplicateNuGetItemsTask"
   5:5>Task "GetPackagesToPrune"
   6:5>Done executing task "CheckForDuplicateNuGetItemsTask".
   5:5>AddPrunePackageReferences:
         Loading packages to prune for .NETCoreApp 10.0 Microsoft.NETCore.App
   6:5>Done building target "CollectNuGetAuditSuppressions" in project "TicketConsolidator.Web.csproj".
   2:8>Done building target "CollectPackageDownloads" in project "TicketConsolidator.Application.csproj".
   6:5>Target "ProcessFrameworkReferences" skipped. Previously built successfully.
   5:5>AddPrunePackageReferences:
         Loading prune package data from PrunePackageData folder
         Failed to load prune package data from PrunePackageData folder, loading from targeting packs instead
         Looking for targeting packs in C:\Program Files\dotnet\packs\Microsoft.NETCore.App.Ref
   6:5>Target "AddPrunePackageReferences" in file "C:\Program Files\dotnet\sdk\10.0.103\Sdks\Microsoft.NET.Sdk\targets\Microsoft.NET.Sdk.FrameworkReferenceResolution.targets" from project "c:\Apps\TicketConsolidator\src\TicketConsolidator.Web\TicketConsolidator.Web.csproj" (target "CollectPrunePackageReferences" depends on it):
   6:5>Using "GetPackagesToPrune" task from assembly "C:\Program Files\dotnet\sdk\10.0.103\Sdks\Microsoft.NET.Sdk\targets\..\tools\net10.0\Microsoft.NET.Build.Tasks.dll".
       Task "GetPackagesToPrune"
         Loading packages to prune for .NETCoreApp 10.0 Microsoft.NETCore.App
   7:9>AddPrunePackageReferences:
         Found package overrides file C:\Program Files\dotnet\packs\Microsoft.NETCore.App.Ref\10.0.3\data\PackageOverrides.txt
   6:5>AddPrunePackageReferences:
         Loading prune package data from PrunePackageData folder
   5:5>AddPrunePackageReferences:
         Pack directories found: C:\Program Files\dotnet\packs\Microsoft.NETCore.App.Ref\10.0.3
         Found package overrides file C:\Program Files\dotnet\packs\Microsoft.NETCore.App.Ref\10.0.3\data\PackageOverrides.txt
   2:8>Target "CollectFrameworkReferences" in file "C:\Program Files\dotnet\sdk\10.0.103\NuGet.targets" from project "c:\Apps\TicketConsolidator\src\TicketConsolidator.Application\TicketConsolidator.Application.csproj" (target "_CollectRestoreInputs" depends on it):
   2:8>Done building target "CollectFrameworkReferences" in project "TicketConsolidator.Application.csproj".
   5:5>AddPrunePackageReferences:
         Loading packages to prune for .NETCoreApp 10.0 Microsoft.WindowsDesktop.App
   2:8>Target "CollectCentralPackageVersions" in file "C:\Program Files\dotnet\sdk\10.0.103\NuGet.targets" from project "c:\Apps\TicketConsolidator\src\TicketConsolidator.Application\TicketConsolidator.Application.csproj" (target "_CollectRestoreInputs" depends on it):
   2:8>Task "CheckForDuplicateNuGetItemsTask"
   5:5>AddPrunePackageReferences:
         Loading prune package data from PrunePackageData folder
         Failed to load prune package data from PrunePackageData folder, loading from targeting packs instead
         Looking for targeting packs in C:\Program Files\dotnet\packs\Microsoft.WindowsDesktop.App.Ref
   2:8>Done executing task "CheckForDuplicateNuGetItemsTask".
   5:5>AddPrunePackageReferences:
         Pack directories found: C:\Program Files\dotnet\packs\Microsoft.WindowsDesktop.App.Ref\10.0.3
   2:8>Done building target "CollectCentralPackageVersions" in project "TicketConsolidator.Application.csproj".
   5:5>AddPrunePackageReferences:
         Found package overrides file C:\Program Files\dotnet\packs\Microsoft.WindowsDesktop.App.Ref\10.0.3\data\PackageOverrides.txt
       Done executing task "GetPackagesToPrune".
   2:8>Target "CollectNuGetAuditSuppressions" in file "C:\Program Files\dotnet\sdk\10.0.103\NuGet.targets" from project "c:\Apps\TicketConsolidator\src\TicketConsolidator.Application\TicketConsolidator.Application.csproj" (target "_CollectRestoreInputs" depends on it):
   2:8>Task "CheckForDuplicateNuGetItemsTask"
   5:5>Done building target "AddPrunePackageReferences" in project "TicketConsolidator.UI.csproj".
   2:8>Done executing task "CheckForDuplicateNuGetItemsTask".
   2:8>Done building target "CollectNuGetAuditSuppressions" in project "TicketConsolidator.Application.csproj".
   5:5>Target "CollectPrunePackageReferences" in file "C:\Program Files\dotnet\sdk\10.0.103\NuGet.targets" from project "c:\Apps\TicketConsolidator\src\TicketConsolidator.UI\TicketConsolidator.UI.csproj" (target "_CollectRestoreInputs" depends on it):
   5:5>Task "CheckForDuplicateNuGetItemsTask"
   2:8>Target "ProcessFrameworkReferences" skipped. Previously built successfully.
   5:5>Done executing task "CheckForDuplicateNuGetItemsTask".
   5:5>Done building target "CollectPrunePackageReferences" in project "TicketConsolidator.UI.csproj".
   5:5>Target "_CollectRestoreInputs" in file "C:\Program Files\dotnet\sdk\10.0.103\NuGet.targets" from project "c:\Apps\TicketConsolidator\src\TicketConsolidator.UI\TicketConsolidator.UI.csproj" (target "_GenerateProjectRestoreGraphPerFramework" depends on it):
   5:5>Done building target "_CollectRestoreInputs" in project "TicketConsolidator.UI.csproj".
   2:8>Target "AddPrunePackageReferences" in file "C:\Program Files\dotnet\sdk\10.0.103\Sdks\Microsoft.NET.Sdk\targets\Microsoft.NET.Sdk.FrameworkReferenceResolution.targets" from project "c:\Apps\TicketConsolidator\src\TicketConsolidator.Application\TicketConsolidator.Application.csproj" (target "CollectPrunePackageReferences" depends on it):
   2:8>Using "GetPackagesToPrune" task from assembly "C:\Program Files\dotnet\sdk\10.0.103\Sdks\Microsoft.NET.Sdk\targets\..\tools\net10.0\Microsoft.NET.Build.Tasks.dll".
   5:5>Target "_GenerateProjectRestoreGraphPerFramework" in file "C:\Program Files\dotnet\sdk\10.0.103\NuGet.targets" from project "c:\Apps\TicketConsolidator\src\TicketConsolidator.UI\TicketConsolidator.UI.csproj" (target "_GenerateProjectRestoreGraphCurrentProject" depends on it):
   5:5>Using "GetRestoreProjectReferencesTask" task from assembly "C:\Program Files\dotnet\sdk\10.0.103\NuGet.Build.Tasks.dll".
   2:8>Task "GetPackagesToPrune"
   5:5>Task "GetRestoreProjectReferencesTask"
   2:8>AddPrunePackageReferences:
         Loading packages to prune for .NETCoreApp 10.0 Microsoft.NETCore.App
   5:5>Done executing task "GetRestoreProjectReferencesTask".
   2:8>AddPrunePackageReferences:
         Loading prune package data from PrunePackageData folder
   5:5>_GenerateProjectRestoreGraphPerFramework:
       Using "GetRestorePackageReferencesTask" task from assembly "C:\Program Files\dotnet\sdk\10.0.103\NuGet.Build.Tasks.dll".
   2:8>AddPrunePackageReferences:
         Failed to load prune package data from PrunePackageData folder, loading from targeting packs instead
   5:5>Task "GetRestorePackageReferencesTask"
   2:8>AddPrunePackageReferences:
         Looking for targeting packs in C:\Program Files\dotnet\packs\Microsoft.NETCore.App.Ref
   5:5>Done executing task "GetRestorePackageReferencesTask".
   2:8>AddPrunePackageReferences:
         Pack directories found: C:\Program Files\dotnet\packs\Microsoft.NETCore.App.Ref\10.0.3
   5:5>_GenerateProjectRestoreGraphPerFramework:
       Using "GetRestorePackageDownloadsTask" task from assembly "C:\Program Files\dotnet\sdk\10.0.103\NuGet.Build.Tasks.dll".
   2:8>AddPrunePackageReferences:
         Found package overrides file C:\Program Files\dotnet\packs\Microsoft.NETCore.App.Ref\10.0.3\data\PackageOverrides.txt
   5:5>Task "GetRestorePackageDownloadsTask"
   2:8>Done executing task "GetPackagesToPrune".
   2:8>Done building target "AddPrunePackageReferences" in project "TicketConsolidator.Application.csproj".
   5:5>Done executing task "GetRestorePackageDownloadsTask".
       Using "GetRestoreFrameworkReferencesTask" task from assembly "C:\Program Files\dotnet\sdk\10.0.103\NuGet.Build.Tasks.dll".
   2:8>Target "CollectPrunePackageReferences" in file "C:\Program Files\dotnet\sdk\10.0.103\NuGet.targets" from project "c:\Apps\TicketConsolidator\src\TicketConsolidator.Application\TicketConsolidator.Application.csproj" (target "_CollectRestoreInputs" depends on it):
   2:8>Task "CheckForDuplicateNuGetItemsTask"
   5:5>Task "GetRestoreFrameworkReferencesTask"
       Done executing task "GetRestoreFrameworkReferencesTask".
       Using "GetRestoreNuGetAuditSuppressionsTask" task from assembly "C:\Program Files\dotnet\sdk\10.0.103\NuGet.Build.Tasks.dll".
       Task "GetRestoreNuGetAuditSuppressionsTask"
       Done executing task "GetRestoreNuGetAuditSuppressionsTask".
       Using "GetRestorePrunePackageReferencesTask" task from assembly "C:\Program Files\dotnet\sdk\10.0.103\NuGet.Build.Tasks.dll".
       Task "GetRestorePrunePackageReferencesTask"
       Done executing task "GetRestorePrunePackageReferencesTask".
   5:5>Done building target "_GenerateProjectRestoreGraphPerFramework" in project "TicketConsolidator.UI.csproj".
   5:5>Target "_GenerateProjectRestoreGraphCurrentProject" in file "C:\Program Files\dotnet\sdk\10.0.103\NuGet.targets" from project "c:\Apps\TicketConsolidator\src\TicketConsolidator.UI\TicketConsolidator.UI.csproj" (target "_GenerateRestoreDependencies" depends on it):
   5:5>Done building target "_GenerateProjectRestoreGraphCurrentProject" in project "TicketConsolidator.UI.csproj".
   5:5>Target "_GenerateRestoreDependencies" in file "C:\Program Files\dotnet\sdk\10.0.103\NuGet.targets" from project "c:\Apps\TicketConsolidator\src\TicketConsolidator.UI\TicketConsolidator.UI.csproj" (target "_GenerateProjectRestoreGraph" depends on it):
   5:5>Done building target "_GenerateRestoreDependencies" in project "TicketConsolidator.UI.csproj".
   5:5>Target "_GenerateProjectRestoreGraph" in file "C:\Program Files\dotnet\sdk\10.0.103\NuGet.targets" from project "c:\Apps\TicketConsolidator\src\TicketConsolidator.UI\TicketConsolidator.UI.csproj" (entry point):
   5:5>Done building target "_GenerateProjectRestoreGraph" in project "TicketConsolidator.UI.csproj".
   3:5>Target "_GetRestoreTargetFrameworksOutput" in file "C:\Program Files\dotnet\sdk\10.0.103\NuGet.targets" from project "c:\Apps\TicketConsolidator\tests\TicketConsolidator.UnitTests\TicketConsolidator.UnitTests.csproj" (target "_GenerateRestoreProjectSpec" depends on it):
   3:5>Using "GetProjectTargetFrameworksTask" task from assembly "C:\Program Files\dotnet\sdk\10.0.103\NuGet.Build.Tasks.dll".
   5:5>Done Building Project "c:\Apps\TicketConsolidator\src\TicketConsolidator.UI\TicketConsolidator.UI.csproj" (_GenerateProjectRestoreGraph target(s)).
   2:8>Done executing task "CheckForDuplicateNuGetItemsTask".
   2:8>Done building target "CollectPrunePackageReferences" in project "TicketConsolidator.Application.csproj".
   3:5>Task "GetProjectTargetFrameworksTask"
   2:8>Target "_CollectRestoreInputs" in file "C:\Program Files\dotnet\sdk\10.0.103\NuGet.targets" from project "c:\Apps\TicketConsolidator\src\TicketConsolidator.Application\TicketConsolidator.Application.csproj" (target "_GenerateProjectRestoreGraphPerFramework" depends on it):
   2:8>Done building target "_CollectRestoreInputs" in project "TicketConsolidator.Application.csproj".
   7:9>Done executing task "GetPackagesToPrune".
   3:5>Done executing task "GetProjectTargetFrameworksTask".
   3:5>Done building target "_GetRestoreTargetFrameworksOutput" in project "TicketConsolidator.UnitTests.csproj".
   7:9>Done building target "AddPrunePackageReferences" in project "TicketConsolidator.Domain.csproj".
   3:5>Target "_GetRestoreSettings" skipped. Previously built successfully.
   7:9>Target "CollectPrunePackageReferences" in file "C:\Program Files\dotnet\sdk\10.0.103\NuGet.targets" from project "c:\Apps\TicketConsolidator\src\TicketConsolidator.Domain\TicketConsolidator.Domain.csproj" (target "_CollectRestoreInputs" depends on it):
   7:9>Task "CheckForDuplicateNuGetItemsTask"
   2:8>Target "_GenerateProjectRestoreGraphPerFramework" in file "C:\Program Files\dotnet\sdk\10.0.103\NuGet.targets" from project "c:\Apps\TicketConsolidator\src\TicketConsolidator.Application\TicketConsolidator.Application.csproj" (target "_GenerateProjectRestoreGraphCurrentProject" depends on it):
   2:8>Using "GetRestoreProjectReferencesTask" task from assembly "C:\Program Files\dotnet\sdk\10.0.103\NuGet.Build.Tasks.dll".
       Task "GetRestoreProjectReferencesTask"
   3:5>Target "_GenerateRestoreProjectSpec" in file "C:\Program Files\dotnet\sdk\10.0.103\NuGet.targets" from project "c:\Apps\TicketConsolidator\tests\TicketConsolidator.UnitTests\TicketConsolidator.UnitTests.csproj" (target "_GenerateProjectRestoreGraph" depends on it):
   3:5>Task "ConvertToAbsolutePath"
   2:8>Done executing task "GetRestoreProjectReferencesTask".
       Using "GetRestorePackageReferencesTask" task from assembly "C:\Program Files\dotnet\sdk\10.0.103\NuGet.Build.Tasks.dll".
   3:5>Done executing task "ConvertToAbsolutePath".
   2:8>Task "GetRestorePackageReferencesTask"
   3:5>Done building target "_GenerateRestoreProjectSpec" in project "TicketConsolidator.UnitTests.csproj".
   2:8>Done executing task "GetRestorePackageReferencesTask".
   3:5>Target "_GetRestoreProjectStyle" skipped. Previously built successfully.
   2:8>_GenerateProjectRestoreGraphPerFramework:
       Using "GetRestorePackageDownloadsTask" task from assembly "C:\Program Files\dotnet\sdk\10.0.103\NuGet.Build.Tasks.dll".
       Task "GetRestorePackageDownloadsTask"
   3:5>Target "CollectPackageReferences" skipped. Previously built successfully.
   2:8>Done executing task "GetRestorePackageDownloadsTask".
       Using "GetRestoreFrameworkReferencesTask" task from assembly "C:\Program Files\dotnet\sdk\10.0.103\NuGet.Build.Tasks.dll".
   3:5>Target "CollectPackageDownloads" in file "C:\Program Files\dotnet\sdk\10.0.103\NuGet.targets" from project "c:\Apps\TicketConsolidator\tests\TicketConsolidator.UnitTests\TicketConsolidator.UnitTests.csproj" (target "_CollectRestoreInputs" depends on it):
   3:5>Task "CheckForDuplicateNuGetItemsTask"
       Done executing task "CheckForDuplicateNuGetItemsTask".
   4:8>AddPrunePackageReferences:
         Loading prune package data from PrunePackageData folder
   2:8>Task "GetRestoreFrameworkReferencesTask"
   7:9>Done executing task "CheckForDuplicateNuGetItemsTask".
   4:8>AddPrunePackageReferences:
         Failed to load prune package data from PrunePackageData folder, loading from targeting packs instead
   3:5>Done building target "CollectPackageDownloads" in project "TicketConsolidator.UnitTests.csproj".
   2:8>Done executing task "GetRestoreFrameworkReferencesTask".
   7:9>Done building target "CollectPrunePackageReferences" in project "TicketConsolidator.Domain.csproj".
   4:8>AddPrunePackageReferences:
         Looking for targeting packs in C:\Program Files\dotnet\packs\Microsoft.WindowsDesktop.App.Ref
   7:9>Target "_CollectRestoreInputs" in file "C:\Program Files\dotnet\sdk\10.0.103\NuGet.targets" from project "c:\Apps\TicketConsolidator\src\TicketConsolidator.Domain\TicketConsolidator.Domain.csproj" (target "_GenerateProjectRestoreGraphPerFramework" depends on it):
   7:9>Done building target "_CollectRestoreInputs" in project "TicketConsolidator.Domain.csproj".
   3:5>Target "CollectFrameworkReferences" in file "C:\Program Files\dotnet\sdk\10.0.103\NuGet.targets" from project "c:\Apps\TicketConsolidator\tests\TicketConsolidator.UnitTests\TicketConsolidator.UnitTests.csproj" (target "_CollectRestoreInputs" depends on it):
   3:5>Done building target "CollectFrameworkReferences" in project "TicketConsolidator.UnitTests.csproj".
   4:8>AddPrunePackageReferences:
         Pack directories found: C:\Program Files\dotnet\packs\Microsoft.WindowsDesktop.App.Ref\10.0.3
   2:8>_GenerateProjectRestoreGraphPerFramework:
       Using "GetRestoreNuGetAuditSuppressionsTask" task from assembly "C:\Program Files\dotnet\sdk\10.0.103\NuGet.Build.Tasks.dll".
   3:5>Target "CollectCentralPackageVersions" in file "C:\Program Files\dotnet\sdk\10.0.103\NuGet.targets" from project "c:\Apps\TicketConsolidator\tests\TicketConsolidator.UnitTests\TicketConsolidator.UnitTests.csproj" (target "_CollectRestoreInputs" depends on it):
   3:5>Task "CheckForDuplicateNuGetItemsTask"
   4:8>AddPrunePackageReferences:
         Found package overrides file C:\Program Files\dotnet\packs\Microsoft.WindowsDesktop.App.Ref\10.0.3\data\PackageOverrides.txt
   2:8>Task "GetRestoreNuGetAuditSuppressionsTask"
   3:5>Done executing task "CheckForDuplicateNuGetItemsTask".
   2:8>Done executing task "GetRestoreNuGetAuditSuppressionsTask".
   3:5>Done building target "CollectCentralPackageVersions" in project "TicketConsolidator.UnitTests.csproj".
   4:8>Done executing task "GetPackagesToPrune".
   2:8>_GenerateProjectRestoreGraphPerFramework:
       Using "GetRestorePrunePackageReferencesTask" task from assembly "C:\Program Files\dotnet\sdk\10.0.103\NuGet.Build.Tasks.dll".
   4:8>Done building target "AddPrunePackageReferences" in project "TicketConsolidator.Infrastructure.csproj".
   2:8>Task "GetRestorePrunePackageReferencesTask"
   7:9>Target "_GenerateProjectRestoreGraphPerFramework" in file "C:\Program Files\dotnet\sdk\10.0.103\NuGet.targets" from project "c:\Apps\TicketConsolidator\src\TicketConsolidator.Domain\TicketConsolidator.Domain.csproj" (target "_GenerateProjectRestoreGraphCurrentProject" depends on it):
   7:9>Using "GetRestoreProjectReferencesTask" task from assembly "C:\Program Files\dotnet\sdk\10.0.103\NuGet.Build.Tasks.dll".
       Task "GetRestoreProjectReferencesTask"
   3:5>Target "CollectNuGetAuditSuppressions" in file "C:\Program Files\dotnet\sdk\10.0.103\NuGet.targets" from project "c:\Apps\TicketConsolidator\tests\TicketConsolidator.UnitTests\TicketConsolidator.UnitTests.csproj" (target "_CollectRestoreInputs" depends on it):
   3:5>Task "CheckForDuplicateNuGetItemsTask"
       Done executing task "CheckForDuplicateNuGetItemsTask".
   2:8>Done executing task "GetRestorePrunePackageReferencesTask".
   4:8>Target "CollectPrunePackageReferences" in file "C:\Program Files\dotnet\sdk\10.0.103\NuGet.targets" from project "c:\Apps\TicketConsolidator\src\TicketConsolidator.Infrastructure\TicketConsolidator.Infrastructure.csproj" (target "_CollectRestoreInputs" depends on it):
   4:8>Task "CheckForDuplicateNuGetItemsTask"
   2:8>Done building target "_GenerateProjectRestoreGraphPerFramework" in project "TicketConsolidator.Application.csproj".
   3:5>Done building target "CollectNuGetAuditSuppressions" in project "TicketConsolidator.UnitTests.csproj".
       Target "ProcessFrameworkReferences" skipped. Previously built successfully.
   3:5>Target "AddPrunePackageReferences" in file "C:\Program Files\dotnet\sdk\10.0.103\Sdks\Microsoft.NET.Sdk\targets\Microsoft.NET.Sdk.FrameworkReferenceResolution.targets" from project "c:\Apps\TicketConsolidator\tests\TicketConsolidator.UnitTests\TicketConsolidator.UnitTests.csproj" (target "CollectPrunePackageReferences" depends on it):
       Using "GetPackagesToPrune" task from assembly "C:\Program Files\dotnet\sdk\10.0.103\Sdks\Microsoft.NET.Sdk\targets\..\tools\net10.0\Microsoft.NET.Build.Tasks.dll".
   4:8>Done executing task "CheckForDuplicateNuGetItemsTask".
   3:5>Task "GetPackagesToPrune"
   7:9>Done executing task "GetRestoreProjectReferencesTask".
   2:8>Target "_GenerateProjectRestoreGraphCurrentProject" in file "C:\Program Files\dotnet\sdk\10.0.103\NuGet.targets" from project "c:\Apps\TicketConsolidator\src\TicketConsolidator.Application\TicketConsolidator.Application.csproj" (target "_GenerateRestoreDependencies" depends on it):
   2:8>Done building target "_GenerateProjectRestoreGraphCurrentProject" in project "TicketConsolidator.Application.csproj".
   3:5>AddPrunePackageReferences:
         Loading packages to prune for .NETCoreApp 10.0 Microsoft.NETCore.App
         Loading prune package data from PrunePackageData folder
   4:8>Done building target "CollectPrunePackageReferences" in project "TicketConsolidator.Infrastructure.csproj".
   3:5>AddPrunePackageReferences:
         Failed to load prune package data from PrunePackageData folder, loading from targeting packs instead
         Looking for targeting packs in C:\Program Files\dotnet\packs\Microsoft.NETCore.App.Ref
   2:8>Target "_GenerateRestoreDependencies" in file "C:\Program Files\dotnet\sdk\10.0.103\NuGet.targets" from project "c:\Apps\TicketConsolidator\src\TicketConsolidator.Application\TicketConsolidator.Application.csproj" (target "_GenerateProjectRestoreGraph" depends on it):
   2:8>Done building target "_GenerateRestoreDependencies" in project "TicketConsolidator.Application.csproj".
   7:9>_GenerateProjectRestoreGraphPerFramework:
       Using "GetRestorePackageReferencesTask" task from assembly "C:\Program Files\dotnet\sdk\10.0.103\NuGet.Build.Tasks.dll".
   4:8>Target "_CollectRestoreInputs" in file "C:\Program Files\dotnet\sdk\10.0.103\NuGet.targets" from project "c:\Apps\TicketConsolidator\src\TicketConsolidator.Infrastructure\TicketConsolidator.Infrastructure.csproj" (target "_GenerateProjectRestoreGraphPerFramework" depends on it):
   4:8>Done building target "_CollectRestoreInputs" in project "TicketConsolidator.Infrastructure.csproj".
   7:9>Task "GetRestorePackageReferencesTask"
   3:5>AddPrunePackageReferences:
         Pack directories found: C:\Program Files\dotnet\packs\Microsoft.NETCore.App.Ref\10.0.3
         Found package overrides file C:\Program Files\dotnet\packs\Microsoft.NETCore.App.Ref\10.0.3\data\PackageOverrides.txt
   2:8>Target "_GenerateProjectRestoreGraph" in file "C:\Program Files\dotnet\sdk\10.0.103\NuGet.targets" from project "c:\Apps\TicketConsolidator\src\TicketConsolidator.Application\TicketConsolidator.Application.csproj" (entry point):
   2:8>Done building target "_GenerateProjectRestoreGraph" in project "TicketConsolidator.Application.csproj".
   3:5>Done executing task "GetPackagesToPrune".
   3:5>Done building target "AddPrunePackageReferences" in project "TicketConsolidator.UnitTests.csproj".
   7:9>Done executing task "GetRestorePackageReferencesTask".
   3:5>Target "CollectPrunePackageReferences" in file "C:\Program Files\dotnet\sdk\10.0.103\NuGet.targets" from project "c:\Apps\TicketConsolidator\tests\TicketConsolidator.UnitTests\TicketConsolidator.UnitTests.csproj" (target "_CollectRestoreInputs" depends on it):
   3:5>Task "CheckForDuplicateNuGetItemsTask"
   4:8>Target "_GenerateProjectRestoreGraphPerFramework" in file "C:\Program Files\dotnet\sdk\10.0.103\NuGet.targets" from project "c:\Apps\TicketConsolidator\src\TicketConsolidator.Infrastructure\TicketConsolidator.Infrastructure.csproj" (target "_GenerateProjectRestoreGraphCurrentProject" depends on it):
   4:8>Using "GetRestoreProjectReferencesTask" task from assembly "C:\Program Files\dotnet\sdk\10.0.103\NuGet.Build.Tasks.dll".
   3:5>Done executing task "CheckForDuplicateNuGetItemsTask".
   2:8>Done Building Project "c:\Apps\TicketConsolidator\src\TicketConsolidator.Application\TicketConsolidator.Application.csproj" (_GenerateProjectRestoreGraph target(s)).
   7:9>_GenerateProjectRestoreGraphPerFramework:
       Using "GetRestorePackageDownloadsTask" task from assembly "C:\Program Files\dotnet\sdk\10.0.103\NuGet.Build.Tasks.dll".
       Task "GetRestorePackageDownloadsTask"
   3:5>Done building target "CollectPrunePackageReferences" in project "TicketConsolidator.UnitTests.csproj".
   3:5>Target "_CollectRestoreInputs" in file "C:\Program Files\dotnet\sdk\10.0.103\NuGet.targets" from project "c:\Apps\TicketConsolidator\tests\TicketConsolidator.UnitTests\TicketConsolidator.UnitTests.csproj" (target "_GenerateProjectRestoreGraphPerFramework" depends on it):
   3:5>Done building target "_CollectRestoreInputs" in project "TicketConsolidator.UnitTests.csproj".
   3:5>Target "_GenerateProjectRestoreGraphPerFramework" in file "C:\Program Files\dotnet\sdk\10.0.103\NuGet.targets" from project "c:\Apps\TicketConsolidator\tests\TicketConsolidator.UnitTests\TicketConsolidator.UnitTests.csproj" (target "_GenerateProjectRestoreGraphCurrentProject" depends on it):
       Using "GetRestoreProjectReferencesTask" task from assembly "C:\Program Files\dotnet\sdk\10.0.103\NuGet.Build.Tasks.dll".
   7:9>Done executing task "GetRestorePackageDownloadsTask".
   4:8>Task "GetRestoreProjectReferencesTask"
   3:5>Task "GetRestoreProjectReferencesTask"
       Done executing task "GetRestoreProjectReferencesTask".
   7:9>_GenerateProjectRestoreGraphPerFramework:
       Using "GetRestoreFrameworkReferencesTask" task from assembly "C:\Program Files\dotnet\sdk\10.0.103\NuGet.Build.Tasks.dll".
   3:5>_GenerateProjectRestoreGraphPerFramework:
       Using "GetRestorePackageReferencesTask" task from assembly "C:\Program Files\dotnet\sdk\10.0.103\NuGet.Build.Tasks.dll".
   7:9>Task "GetRestoreFrameworkReferencesTask"
   3:5>Task "GetRestorePackageReferencesTask"
       Done executing task "GetRestorePackageReferencesTask".
   4:8>Done executing task "GetRestoreProjectReferencesTask".
   3:5>_GenerateProjectRestoreGraphPerFramework:
       Using "GetRestorePackageDownloadsTask" task from assembly "C:\Program Files\dotnet\sdk\10.0.103\NuGet.Build.Tasks.dll".
       Task "GetRestorePackageDownloadsTask"
   4:8>_GenerateProjectRestoreGraphPerFramework:
       Using "GetRestorePackageReferencesTask" task from assembly "C:\Program Files\dotnet\sdk\10.0.103\NuGet.Build.Tasks.dll".
   3:5>Done executing task "GetRestorePackageDownloadsTask".
       Using "GetRestoreFrameworkReferencesTask" task from assembly "C:\Program Files\dotnet\sdk\10.0.103\NuGet.Build.Tasks.dll".
       Task "GetRestoreFrameworkReferencesTask"
   4:8>Task "GetRestorePackageReferencesTask"
   3:5>Done executing task "GetRestoreFrameworkReferencesTask".
       Using "GetRestoreNuGetAuditSuppressionsTask" task from assembly "C:\Program Files\dotnet\sdk\10.0.103\NuGet.Build.Tasks.dll".
       Task "GetRestoreNuGetAuditSuppressionsTask"
   4:8>Done executing task "GetRestorePackageReferencesTask".
   3:5>Done executing task "GetRestoreNuGetAuditSuppressionsTask".
   7:9>Done executing task "GetRestoreFrameworkReferencesTask".
   3:5>_GenerateProjectRestoreGraphPerFramework:
       Using "GetRestorePrunePackageReferencesTask" task from assembly "C:\Program Files\dotnet\sdk\10.0.103\NuGet.Build.Tasks.dll".
   4:8>_GenerateProjectRestoreGraphPerFramework:
       Using "GetRestorePackageDownloadsTask" task from assembly "C:\Program Files\dotnet\sdk\10.0.103\NuGet.Build.Tasks.dll".
   3:5>Task "GetRestorePrunePackageReferencesTask"
       Done executing task "GetRestorePrunePackageReferencesTask".
   3:5>Done building target "_GenerateProjectRestoreGraphPerFramework" in project "TicketConsolidator.UnitTests.csproj".
   4:8>Task "GetRestorePackageDownloadsTask"
   7:9>_GenerateProjectRestoreGraphPerFramework:
       Using "GetRestoreNuGetAuditSuppressionsTask" task from assembly "C:\Program Files\dotnet\sdk\10.0.103\NuGet.Build.Tasks.dll".
       Task "GetRestoreNuGetAuditSuppressionsTask"
   4:8>Done executing task "GetRestorePackageDownloadsTask".
   3:5>Target "_GenerateProjectRestoreGraphCurrentProject" in file "C:\Program Files\dotnet\sdk\10.0.103\NuGet.targets" from project "c:\Apps\TicketConsolidator\tests\TicketConsolidator.UnitTests\TicketConsolidator.UnitTests.csproj" (target "_GenerateRestoreDependencies" depends on it):
   3:5>Done building target "_GenerateProjectRestoreGraphCurrentProject" in project "TicketConsolidator.UnitTests.csproj".
   3:5>Target "_GenerateRestoreDependencies" in file "C:\Program Files\dotnet\sdk\10.0.103\NuGet.targets" from project "c:\Apps\TicketConsolidator\tests\TicketConsolidator.UnitTests\TicketConsolidator.UnitTests.csproj" (target "_GenerateProjectRestoreGraph" depends on it):
   3:5>Done building target "_GenerateRestoreDependencies" in project "TicketConsolidator.UnitTests.csproj".
   4:8>_GenerateProjectRestoreGraphPerFramework:
       Using "GetRestoreFrameworkReferencesTask" task from assembly "C:\Program Files\dotnet\sdk\10.0.103\NuGet.Build.Tasks.dll".
   7:9>Done executing task "GetRestoreNuGetAuditSuppressionsTask".
   3:5>Target "_GenerateProjectRestoreGraph" in file "C:\Program Files\dotnet\sdk\10.0.103\NuGet.targets" from project "c:\Apps\TicketConsolidator\tests\TicketConsolidator.UnitTests\TicketConsolidator.UnitTests.csproj" (entry point):
   3:5>Done building target "_GenerateProjectRestoreGraph" in project "TicketConsolidator.UnitTests.csproj".
   4:8>Task "GetRestoreFrameworkReferencesTask"
       Done executing task "GetRestoreFrameworkReferencesTask".
   7:9>_GenerateProjectRestoreGraphPerFramework:
       Using "GetRestorePrunePackageReferencesTask" task from assembly "C:\Program Files\dotnet\sdk\10.0.103\NuGet.Build.Tasks.dll".
   4:8>_GenerateProjectRestoreGraphPerFramework:
       Using "GetRestoreNuGetAuditSuppressionsTask" task from assembly "C:\Program Files\dotnet\sdk\10.0.103\NuGet.Build.Tasks.dll".
   7:9>Task "GetRestorePrunePackageReferencesTask"
   3:5>Done Building Project "c:\Apps\TicketConsolidator\tests\TicketConsolidator.UnitTests\TicketConsolidator.UnitTests.csproj" (_GenerateProjectRestoreGraph target(s)).
   4:8>Task "GetRestoreNuGetAuditSuppressionsTask"
       Done executing task "GetRestoreNuGetAuditSuppressionsTask".
       Using "GetRestorePrunePackageReferencesTask" task from assembly "C:\Program Files\dotnet\sdk\10.0.103\NuGet.Build.Tasks.dll".
       Task "GetRestorePrunePackageReferencesTask"
       Done executing task "GetRestorePrunePackageReferencesTask".
   4:8>Done building target "_GenerateProjectRestoreGraphPerFramework" in project "TicketConsolidator.Infrastructure.csproj".
   7:9>Done executing task "GetRestorePrunePackageReferencesTask".
   4:8>Target "_GenerateProjectRestoreGraphCurrentProject" in file "C:\Program Files\dotnet\sdk\10.0.103\NuGet.targets" from project "c:\Apps\TicketConsolidator\src\TicketConsolidator.Infrastructure\TicketConsolidator.Infrastructure.csproj" (target "_GenerateRestoreDependencies" depends on it):
   4:8>Done building target "_GenerateProjectRestoreGraphCurrentProject" in project "TicketConsolidator.Infrastructure.csproj".
   7:9>Done building target "_GenerateProjectRestoreGraphPerFramework" in project "TicketConsolidator.Domain.csproj".
   4:8>Target "_GenerateRestoreDependencies" in file "C:\Program Files\dotnet\sdk\10.0.103\NuGet.targets" from project "c:\Apps\TicketConsolidator\src\TicketConsolidator.Infrastructure\TicketConsolidator.Infrastructure.csproj" (target "_GenerateProjectRestoreGraph" depends on it):
   4:8>Done building target "_GenerateRestoreDependencies" in project "TicketConsolidator.Infrastructure.csproj".
   7:9>Target "_GenerateProjectRestoreGraphCurrentProject" in file "C:\Program Files\dotnet\sdk\10.0.103\NuGet.targets" from project "c:\Apps\TicketConsolidator\src\TicketConsolidator.Domain\TicketConsolidator.Domain.csproj" (target "_GenerateRestoreDependencies" depends on it):
   7:9>Done building target "_GenerateProjectRestoreGraphCurrentProject" in project "TicketConsolidator.Domain.csproj".
   7:9>Target "_GenerateRestoreDependencies" in file "C:\Program Files\dotnet\sdk\10.0.103\NuGet.targets" from project "c:\Apps\TicketConsolidator\src\TicketConsolidator.Domain\TicketConsolidator.Domain.csproj" (target "_GenerateProjectRestoreGraph" depends on it):
   7:9>Done building target "_GenerateRestoreDependencies" in project "TicketConsolidator.Domain.csproj".
   4:8>Target "_GenerateProjectRestoreGraph" in file "C:\Program Files\dotnet\sdk\10.0.103\NuGet.targets" from project "c:\Apps\TicketConsolidator\src\TicketConsolidator.Infrastructure\TicketConsolidator.Infrastructure.csproj" (entry point):
   4:8>Done building target "_GenerateProjectRestoreGraph" in project "TicketConsolidator.Infrastructure.csproj".
   7:9>Target "_GenerateProjectRestoreGraph" in file "C:\Program Files\dotnet\sdk\10.0.103\NuGet.targets" from project "c:\Apps\TicketConsolidator\src\TicketConsolidator.Domain\TicketConsolidator.Domain.csproj" (entry point):
   7:9>Done building target "_GenerateProjectRestoreGraph" in project "TicketConsolidator.Domain.csproj".
   7:9>Done Building Project "c:\Apps\TicketConsolidator\src\TicketConsolidator.Domain\TicketConsolidator.Domain.csproj" (_GenerateProjectRestoreGraph target(s)).
   4:8>Done Building Project "c:\Apps\TicketConsolidator\src\TicketConsolidator.Infrastructure\TicketConsolidator.Infrastructure.csproj" (_GenerateProjectRestoreGraph target(s)).
   6:5>AddPrunePackageReferences:
         Failed to load prune package data from PrunePackageData folder, loading from targeting packs instead
         Looking for targeting packs in C:\Program Files\dotnet\packs\Microsoft.NETCore.App.Ref
         Pack directories found: C:\Program Files\dotnet\packs\Microsoft.NETCore.App.Ref\10.0.3
         Found package overrides file C:\Program Files\dotnet\packs\Microsoft.NETCore.App.Ref\10.0.3\data\PackageOverrides.txt
         Loading packages to prune for .NETCoreApp 10.0 Microsoft.AspNetCore.App
         Loading prune package data from PrunePackageData folder
         Failed to load prune package data from PrunePackageData folder, loading from targeting packs instead
         Looking for targeting packs in C:\Program Files\dotnet\packs\Microsoft.AspNetCore.App.Ref
         Pack directories found: C:\Program Files\dotnet\packs\Microsoft.AspNetCore.App.Ref\10.0.3
         Found package overrides file C:\Program Files\dotnet\packs\Microsoft.AspNetCore.App.Ref\10.0.3\data\PackageOverrides.txt
       Done executing task "GetPackagesToPrune".
   6:5>Done building target "AddPrunePackageReferences" in project "TicketConsolidator.Web.csproj".
   6:5>Target "CollectPrunePackageReferences" in file "C:\Program Files\dotnet\sdk\10.0.103\NuGet.targets" from project "c:\Apps\TicketConsolidator\src\TicketConsolidator.Web\TicketConsolidator.Web.csproj" (target "_CollectRestoreInputs" depends on it):
       Task "CheckForDuplicateNuGetItemsTask"
       Done executing task "CheckForDuplicateNuGetItemsTask".
   6:5>Done building target "CollectPrunePackageReferences" in project "TicketConsolidator.Web.csproj".
   6:5>Target "_CollectRestoreInputs" in file "C:\Program Files\dotnet\sdk\10.0.103\NuGet.targets" from project "c:\Apps\TicketConsolidator\src\TicketConsolidator.Web\TicketConsolidator.Web.csproj" (target "_GenerateProjectRestoreGraphPerFramework" depends on it):
   6:5>Done building target "_CollectRestoreInputs" in project "TicketConsolidator.Web.csproj".
   6:5>Target "_GenerateProjectRestoreGraphPerFramework" in file "C:\Program Files\dotnet\sdk\10.0.103\NuGet.targets" from project "c:\Apps\TicketConsolidator\src\TicketConsolidator.Web\TicketConsolidator.Web.csproj" (target "_GenerateProjectRestoreGraphCurrentProject" depends on it):
       Using "GetRestoreProjectReferencesTask" task from assembly "C:\Program Files\dotnet\sdk\10.0.103\NuGet.Build.Tasks.dll".
       Task "GetRestoreProjectReferencesTask"
       Done executing task "GetRestoreProjectReferencesTask".
       Using "GetRestorePackageReferencesTask" task from assembly "C:\Program Files\dotnet\sdk\10.0.103\NuGet.Build.Tasks.dll".
       Task "GetRestorePackageReferencesTask"
       Done executing task "GetRestorePackageReferencesTask".
       Using "GetRestorePackageDownloadsTask" task from assembly "C:\Program Files\dotnet\sdk\10.0.103\NuGet.Build.Tasks.dll".
       Task "GetRestorePackageDownloadsTask"
       Done executing task "GetRestorePackageDownloadsTask".
       Using "GetRestoreFrameworkReferencesTask" task from assembly "C:\Program Files\dotnet\sdk\10.0.103\NuGet.Build.Tasks.dll".
       Task "GetRestoreFrameworkReferencesTask"
       Done executing task "GetRestoreFrameworkReferencesTask".
       Using "GetRestoreNuGetAuditSuppressionsTask" task from assembly "C:\Program Files\dotnet\sdk\10.0.103\NuGet.Build.Tasks.dll".
       Task "GetRestoreNuGetAuditSuppressionsTask"
       Done executing task "GetRestoreNuGetAuditSuppressionsTask".
       Using "GetRestorePrunePackageReferencesTask" task from assembly "C:\Program Files\dotnet\sdk\10.0.103\NuGet.Build.Tasks.dll".
       Task "GetRestorePrunePackageReferencesTask"
       Done executing task "GetRestorePrunePackageReferencesTask".
   6:5>Done building target "_GenerateProjectRestoreGraphPerFramework" in project "TicketConsolidator.Web.csproj".
   6:5>Target "_GenerateProjectRestoreGraphCurrentProject" in file "C:\Program Files\dotnet\sdk\10.0.103\NuGet.targets" from project "c:\Apps\TicketConsolidator\src\TicketConsolidator.Web\TicketConsolidator.Web.csproj" (target "_GenerateRestoreDependencies" depends on it):
   6:5>Done building target "_GenerateProjectRestoreGraphCurrentProject" in project "TicketConsolidator.Web.csproj".
   6:5>Target "_GenerateRestoreDependencies" in file "C:\Program Files\dotnet\sdk\10.0.103\NuGet.targets" from project "c:\Apps\TicketConsolidator\src\TicketConsolidator.Web\TicketConsolidator.Web.csproj" (target "_GenerateProjectRestoreGraph" depends on it):
   6:5>Done building target "_GenerateRestoreDependencies" in project "TicketConsolidator.Web.csproj".
   6:5>Target "_GenerateProjectRestoreGraph" in file "C:\Program Files\dotnet\sdk\10.0.103\NuGet.targets" from project "c:\Apps\TicketConsolidator\src\TicketConsolidator.Web\TicketConsolidator.Web.csproj" (entry point):
   6:5>Done building target "_GenerateProjectRestoreGraph" in project "TicketConsolidator.Web.csproj".
   6:5>Done Building Project "c:\Apps\TicketConsolidator\src\TicketConsolidator.Web\TicketConsolidator.Web.csproj" (_GenerateProjectRestoreGraph target(s)).
     1>Done executing task "MSBuild".
     1>Done building target "_GenerateRestoreGraph" in project "TicketConsolidator.sln".
     1>Target "Restore" in file "C:\Program Files\dotnet\sdk\10.0.103\NuGet.targets" from project "c:\Apps\TicketConsolidator\TicketConsolidator.sln" (entry point):
       Task "RemoveDuplicates"
       Done executing task "RemoveDuplicates".
       Using "RestoreTask" task from assembly "C:\Program Files\dotnet\sdk\10.0.103\NuGet.Build.Tasks.dll".
       Task "RestoreTask"
         Assembly loaded during TaskRun (NuGet.Build.Tasks.RestoreTask): NuGet.Packaging, Version=7.0.2.0, Culture=neutral, PublicKeyToken=31bf3856ad364e35 (location: C:\Program Files\dotnet\sdk\10.0.103\NuGet.Packaging.dll, MVID: 691fbee5-b36c-46fd-a673-db79d3c14051, AssemblyLoadContext: MSBuild plugin C:\Program Files\dotnet\sdk\10.0.103\NuGet.Build.Tasks.dll)
         Assembly loaded during TaskRun (NuGet.Build.Tasks.RestoreTask): NuGet.LibraryModel, Version=7.0.2.0, Culture=neutral, PublicKeyToken=31bf3856ad364e35 (location: C:\Program Files\dotnet\sdk\10.0.103\NuGet.LibraryModel.dll, MVID: a6bbad50-9e54-4ecf-9ee6-06659d261f87, AssemblyLoadContext: MSBuild plugin C:\Program Files\dotnet\sdk\10.0.103\NuGet.Build.Tasks.dll)
         Assembly loaded during TaskRun (NuGet.Build.Tasks.RestoreTask): NuGet.Versioning, Version=7.0.2.0, Culture=neutral, PublicKeyToken=31bf3856ad364e35 (location: C:\Program Files\dotnet\sdk\10.0.103\NuGet.Versioning.dll, MVID: 3f1bd844-829c-40f0-b7b2-db643543649c, AssemblyLoadContext: MSBuild plugin C:\Program Files\dotnet\sdk\10.0.103\NuGet.Build.Tasks.dll)
         Assembly loaded during TaskRun (NuGet.Build.Tasks.RestoreTask): NuGet.Frameworks, Version=7.0.2.0, Culture=neutral, PublicKeyToken=31bf3856ad364e35 (location: C:\Program Files\dotnet\sdk\10.0.103\NuGet.Frameworks.dll, MVID: 1b7b49ca-9945-4cfa-824f-5d73c248e8d6, AssemblyLoadContext: MSBuild plugin C:\Program Files\dotnet\sdk\10.0.103\NuGet.Build.Tasks.dll)
         Assembly loaded during TaskRun (NuGet.Build.Tasks.RestoreTask): NuGet.Protocol, Version=7.0.2.0, Culture=neutral, PublicKeyToken=31bf3856ad364e35 (location: C:\Program Files\dotnet\sdk\10.0.103\NuGet.Protocol.dll, MVID: f9fea46b-5e46-4ce0-a20f-e4253f7ea121, AssemblyLoadContext: MSBuild plugin C:\Program Files\dotnet\sdk\10.0.103\NuGet.Build.Tasks.dll)
         Assembly loaded during TaskRun (NuGet.Build.Tasks.RestoreTask): NuGet.Credentials, Version=7.0.2.0, Culture=neutral, PublicKeyToken=31bf3856ad364e35 (location: C:\Program Files\dotnet\sdk\10.0.103\NuGet.Credentials.dll, MVID: 3086496a-ea04-4486-96b4-8a3e90687378, AssemblyLoadContext: MSBuild plugin C:\Program Files\dotnet\sdk\10.0.103\NuGet.Build.Tasks.dll)
         X.509 certificate chain validation will use the default trust store selected by .NET for code signing.
         X.509 certificate chain validation will use the default trust store selected by .NET for timestamping.
         Assembly loaded during TaskRun (NuGet.Build.Tasks.RestoreTask): NuGet.DependencyResolver.Core, Version=7.0.2.0, Culture=neutral, PublicKeyToken=31bf3856ad364e35 (location: C:\Program Files\dotnet\sdk\10.0.103\NuGet.DependencyResolver.Core.dll, MVID: 8b34e545-21b0-4590-be6b-6b43bfa1968c, AssemblyLoadContext: MSBuild plugin C:\Program Files\dotnet\sdk\10.0.103\NuGet.Build.Tasks.dll)
         Running restore with 14 concurrent jobs.
         Reading project file c:\Apps\TicketConsolidator\src\TicketConsolidator.Web\TicketConsolidator.Web.csproj.
         Reading project file c:\Apps\TicketConsolidator\tests\TicketConsolidator.UnitTests\TicketConsolidator.UnitTests.csproj.
         Reading project file c:\Apps\TicketConsolidator\src\TicketConsolidator.Domain\TicketConsolidator.Domain.csproj.
         Reading project file c:\Apps\TicketConsolidator\src\TicketConsolidator.Application\TicketConsolidator.Application.csproj.
         Reading project file c:\Apps\TicketConsolidator\src\TicketConsolidator.UI\TicketConsolidator.UI.csproj.
         Reading project file c:\Apps\TicketConsolidator\src\TicketConsolidator.Infrastructure\TicketConsolidator.Infrastructure.csproj.
         Assembly loaded during TaskRun (NuGet.Build.Tasks.RestoreTask): Newtonsoft.Json, Version=13.0.0.0, Culture=neutral, PublicKeyToken=30ad4fe6b2a6aeed (location: C:\Program Files\dotnet\sdk\10.0.103\Newtonsoft.Json.dll, MVID: 7e62198b-eab2-4380-bbac-29171862d1d8, AssemblyLoadContext: MSBuild plugin C:\Program Files\dotnet\sdk\10.0.103\NuGet.Build.Tasks.dll)
         Assembly loaded during TaskRun (NuGet.Build.Tasks.RestoreTask): System.Runtime.Serialization.Primitives, Version=10.0.0.0, Culture=neutral, PublicKeyToken=b03f5f7f11d50a3a (location: C:\Program Files\dotnet\shared\Microsoft.NETCore.App\10.0.3\System.Runtime.Serialization.Primitives.dll, MVID: 9bc74e02-881b-4bc0-82b9-d2a9156b6d41, AssemblyLoadContext: Default)
         Assembly loaded during TaskRun (NuGet.Build.Tasks.RestoreTask): System.Runtime.Numerics, Version=10.0.0.0, Culture=neutral, PublicKeyToken=b03f5f7f11d50a3a (location: C:\Program Files\dotnet\shared\Microsoft.NETCore.App\10.0.3\System.Runtime.Numerics.dll, MVID: a1d287c5-84bc-4499-8e90-494a1a3f9350, AssemblyLoadContext: Default)
         Assembly loaded during TaskRun (NuGet.Build.Tasks.RestoreTask): System.Text.Encodings.Web, Version=10.0.0.0, Culture=neutral, PublicKeyToken=cc7b13ffcd2ddd51 (location: C:\Program Files\dotnet\shared\Microsoft.NETCore.App\10.0.3\System.Text.Encodings.Web.dll, MVID: abb4e65f-0f42-4a32-8c87-f5432ece4212, AssemblyLoadContext: Default)
         Assembly loaded during TaskRun (NuGet.Build.Tasks.RestoreTask): System.Reflection.Emit.Lightweight, Version=10.0.0.0, Culture=neutral, PublicKeyToken=b03f5f7f11d50a3a (location: C:\Program Files\dotnet\shared\Microsoft.NETCore.App\10.0.3\System.Reflection.Emit.Lightweight.dll, MVID: e4d954ed-5d75-4fe6-a4d9-f4b99d304032, AssemblyLoadContext: Default)
         Assembly loaded during TaskRun (NuGet.Build.Tasks.RestoreTask): System.Reflection.Primitives, Version=10.0.0.0, Culture=neutral, PublicKeyToken=b03f5f7f11d50a3a (location: C:\Program Files\dotnet\shared\Microsoft.NETCore.App\10.0.3\System.Reflection.Primitives.dll, MVID: 1ad3fb70-2485-42ce-8aab-38b4cb8fa126, AssemblyLoadContext: Default)
         Assembly loaded during TaskRun (NuGet.Build.Tasks.RestoreTask): System.Reflection.Emit.ILGeneration, Version=10.0.0.0, Culture=neutral, PublicKeyToken=b03f5f7f11d50a3a (location: C:\Program Files\dotnet\shared\Microsoft.NETCore.App\10.0.3\System.Reflection.Emit.ILGeneration.dll, MVID: a06ff280-33aa-4509-8f4c-098c866bb75a, AssemblyLoadContext: Default)
         The restore inputs for 'TicketConsolidator.Web' have not changed. No further actions are required to complete the restore.
         The restore inputs for 'TicketConsolidator.Application' have not changed. No further actions are required to complete the restore.
         The restore inputs for 'TicketConsolidator.Domain' have not changed. No further actions are required to complete the restore.
         The restore inputs for 'TicketConsolidator.UI' have not changed. No further actions are required to complete the restore.
         The restore inputs for 'TicketConsolidator.UnitTests' have not changed. No further actions are required to complete the restore.
         Committing restore...
         Committing restore...
         Committing restore...
         Assets file has not changed. Skipping assets file writing. Path: c:\Apps\TicketConsolidator\src\TicketConsolidator.UI\obj\project.assets.json
         Assets file has not changed. Skipping assets file writing. Path: c:\Apps\TicketConsolidator\tests\TicketConsolidator.UnitTests\obj\project.assets.json
         Assets file has not changed. Skipping assets file writing. Path: c:\Apps\TicketConsolidator\src\TicketConsolidator.Domain\obj\project.assets.json
         Committing restore...
         No-Op restore. The cache will not be updated. Path: c:\Apps\TicketConsolidator\src\TicketConsolidator.Domain\obj\project.nuget.cache
         No-Op restore. The cache will not be updated. Path: c:\Apps\TicketConsolidator\tests\TicketConsolidator.UnitTests\obj\project.nuget.cache
         Assets file has not changed. Skipping assets file writing. Path: c:\Apps\TicketConsolidator\src\TicketConsolidator.Application\obj\project.assets.json
         No-Op restore. The cache will not be updated. Path: c:\Apps\TicketConsolidator\src\TicketConsolidator.Application\obj\project.nuget.cache
         Committing restore...
         Assets file has not changed. Skipping assets file writing. Path: c:\Apps\TicketConsolidator\src\TicketConsolidator.Web\obj\project.assets.json
         No-Op restore. The cache will not be updated. Path: c:\Apps\TicketConsolidator\src\TicketConsolidator.Web\obj\project.nuget.cache
         No-Op restore. The cache will not be updated. Path: c:\Apps\TicketConsolidator\src\TicketConsolidator.UI\obj\project.nuget.cache
         Restored c:\Apps\TicketConsolidator\src\TicketConsolidator.Web\TicketConsolidator.Web.csproj (in 75 ms).
         Restored c:\Apps\TicketConsolidator\src\TicketConsolidator.Application\TicketConsolidator.Application.csproj (in 75 ms).
         Restored c:\Apps\TicketConsolidator\src\TicketConsolidator.Domain\TicketConsolidator.Domain.csproj (in 75 ms).
         Restored c:\Apps\TicketConsolidator\tests\TicketConsolidator.UnitTests\TicketConsolidator.UnitTests.csproj (in 75 ms).
         Restored c:\Apps\TicketConsolidator\src\TicketConsolidator.UI\TicketConsolidator.UI.csproj (in 75 ms).
         The restore inputs for 'TicketConsolidator.Infrastructure' have not changed. No further actions are required to complete the restore.
     1>c:\Apps\TicketConsolidator\src\TicketConsolidator.Infrastructure\TicketConsolidator.Infrastructure.csproj : warning NU1510: PackageReference System.Security.Cryptography.ProtectedData will not be pruned. Consider removing this package from your dependencies, as it is likely unnecessary. [c:\Apps\TicketConsolidator\TicketConsolidator.sln]
         Committing restore...
         Assets file has not changed. Skipping assets file writing. Path: c:\Apps\TicketConsolidator\src\TicketConsolidator.Infrastructure\obj\project.assets.json
         No-Op restore. The cache will not be updated. Path: c:\Apps\TicketConsolidator\src\TicketConsolidator.Infrastructure\obj\project.nuget.cache
         Restored c:\Apps\TicketConsolidator\src\TicketConsolidator.Infrastructure\TicketConsolidator.Infrastructure.csproj (in 110 ms).
         
         NuGet Config files used:
             C:\Users\krish.maniar.ATPL-LAP-723\AppData\Roaming\NuGet\NuGet.Config
             C:\Program Files (x86)\NuGet\Config\Microsoft.VisualStudio.FallbackLocation.config
             C:\Program Files (x86)\NuGet\Config\Microsoft.VisualStudio.Offline.config
         
         Feeds used:
             https://api.nuget.org/v3/index.json
             C:\Program Files (x86)\Microsoft SDKs\NuGetPackages\
             C:\Program Files\dotnet\library-packs
         All projects are up-to-date for restore.
       Done executing task "RestoreTask".
     1>Done building target "Restore" in project "TicketConsolidator.sln".
     1>Done Building Project "c:\Apps\TicketConsolidator\TicketConsolidator.sln" (Restore target(s)).
     0>c:\Apps\TicketConsolidator\TicketConsolidator.sln.metaproj : message : Property 'MSBuildExtensionsPath' with value 'C:\Program Files\dotnet\sdk\10.0.103\' expanded from the environment.
       The "NuGetInteractive" property is a global property, and cannot be modified.
       C:\Program Files\dotnet\sdk\10.0.103\NuGet.targets(123,5): message : Property reassignment: $(_GenerateRestoreGraphProjectEntryInputProperties)="
       C:\Program Files\dotnet\sdk\10.0.103\NuGet.targets(123,5): message :       ExcludeRestorePackageImports=true;
       C:\Program Files\dotnet\sdk\10.0.103\NuGet.targets(123,5): message :       _RestoreSolutionFileUsed=true;
       C:\Program Files\dotnet\sdk\10.0.103\NuGet.targets(123,5): message :       SolutionDir=c:\Apps\TicketConsolidator\;
       C:\Program Files\dotnet\sdk\10.0.103\NuGet.targets(123,5): message :       SolutionName=TicketConsolidator;
       C:\Program Files\dotnet\sdk\10.0.103\NuGet.targets(123,5): message :       SolutionFileName=TicketConsolidator.sln;
       C:\Program Files\dotnet\sdk\10.0.103\NuGet.targets(123,5): message :       SolutionPath=c:\Apps\TicketConsolidator\TicketConsolidator.sln;
       C:\Program Files\dotnet\sdk\10.0.103\NuGet.targets(123,5): message :       SolutionExt=.sln;
       C:\Program Files\dotnet\sdk\10.0.103\NuGet.targets(123,5): message :     " (previous value: "ExcludeRestorePackageImports=true") at C:\Program Files\dotnet\sdk\10.0.103\NuGet.targets (123,5)
       The target "_MTPBuild" listed in a BeforeTargets attribute at "C:\Program Files\dotnet\sdk\10.0.103\Current\SolutionFile\ImportAfter\Microsoft.NET.Sdk.Solution.targets (24,11)" does not exist in the project, and will be ignored.
       The target "Store" listed in a BeforeTargets attribute at "C:\Program Files\dotnet\sdk\10.0.103\Current\SolutionFile\ImportAfter\Microsoft.NET.Sdk.Solution.targets (33,11)" does not exist in the project, and will be ignored.
       The target "VSTest" listed in a BeforeTargets attribute at "C:\Program Files\dotnet\sdk\10.0.103\Current\SolutionFile\ImportAfter\Microsoft.NET.Sdk.Solution.targets (33,11)" does not exist in the project, and will be ignored.
       The target "_MTPBuild" listed in a BeforeTargets attribute at "C:\Program Files\dotnet\sdk\10.0.103\Current\SolutionFile\ImportAfter\Microsoft.NET.Sdk.Solution.targets (33,11)" does not exist in the project, and will be ignored.
       The target "_CheckForInvalidConfigurationAndPlatform" listed in a BeforeTargets attribute at "C:\Program Files\dotnet\sdk\10.0.103\NuGet.targets (703,11)" does not exist in the project, and will be ignored.
   1:2>Project "c:\Apps\TicketConsolidator\TicketConsolidator.sln" on node 1 (default targets).
   1:2>Target "ValidateSolutionConfiguration" in file "c:\Apps\TicketConsolidator\TicketConsolidator.sln.metaproj" from project "c:\Apps\TicketConsolidator\TicketConsolidator.sln" (entry point):
   1:2>Using "Message" task from assembly "Microsoft.Build.Tasks.Core, Version=15.1.0.0, Culture=neutral, PublicKeyToken=b03f5f7f11d50a3a".
       Task "Message"
         Building solution configuration "Debug|Any CPU".
       Done executing task "Message".
   1:2>Done building target "ValidateSolutionConfiguration" in project "TicketConsolidator.sln".
   1:2>Target "ValidateToolsVersions" in file "c:\Apps\TicketConsolidator\TicketConsolidator.sln.metaproj" from project "c:\Apps\TicketConsolidator\TicketConsolidator.sln" (entry point):
   1:2>Done building target "ValidateToolsVersions" in project "TicketConsolidator.sln".
   1:2>Target "ValidateProjects" in file "c:\Apps\TicketConsolidator\TicketConsolidator.sln.metaproj" from project "c:\Apps\TicketConsolidator\TicketConsolidator.sln" (entry point):
   1:2>Done building target "ValidateProjects" in project "TicketConsolidator.sln".
   1:2>Target "Build" in file "c:\Apps\TicketConsolidator\TicketConsolidator.sln.metaproj" from project "c:\Apps\TicketConsolidator\TicketConsolidator.sln" (entry point):
       Using "MSBuild" task from assembly "Microsoft.Build.Tasks.Core, Version=15.1.0.0, Culture=neutral, PublicKeyToken=b03f5f7f11d50a3a".
       Task "MSBuild"
         Global Properties:
           BuildingSolutionFile=true
           CurrentSolutionConfigurationContents=<SolutionConfiguration>
           <ProjectConfiguration Project="{9FE4D332-16B2-4989-BE10-4A0964EDF296}" AbsolutePath="c:\Apps\TicketConsolidator\src\TicketConsolidator.Domain\TicketConsolidator.Domain.csproj" BuildProjectInSolution="True">Debug|AnyCPU</ProjectConfiguration>
           <ProjectConfiguration Project="{AE8E7AA1-A6C6-4F0E-BA82-223F33E8E471}" AbsolutePath="c:\Apps\TicketConsolidator\src\TicketConsolidator.Application\TicketConsolidator.Application.csproj" BuildProjectInSolution="True">Debug|AnyCPU</ProjectConfiguration>
           <ProjectConfiguration Project="{DD6C9A45-D966-4360-8A6E-F0CAF07CEE83}" AbsolutePath="c:\Apps\TicketConsolidator\src\TicketConsolidator.Infrastructure\TicketConsolidator.Infrastructure.csproj" BuildProjectInSolution="True">Debug|AnyCPU</ProjectConfiguration>
           <ProjectConfiguration Project="{AE8916EE-E590-4065-A990-04CF4168C9A7}" AbsolutePath="c:\Apps\TicketConsolidator\src\TicketConsolidator.UI\TicketConsolidator.UI.csproj" BuildProjectInSolution="True">Debug|AnyCPU</ProjectConfiguration>
           <ProjectConfiguration Project="{FAA60C1C-C347-4FA6-B8D4-8BAC9BAA350D}" AbsolutePath="c:\Apps\TicketConsolidator\tests\TicketConsolidator.UnitTests\TicketConsolidator.UnitTests.csproj" BuildProjectInSolution="True">Debug|AnyCPU</ProjectConfiguration>
           <ProjectConfiguration Project="{DFF670D5-5238-4FD5-9C21-27E7638EC202}" AbsolutePath="c:\Apps\TicketConsolidator\src\TicketConsolidator.Web\TicketConsolidator.Web.csproj" BuildProjectInSolution="True">Debug|AnyCPU</ProjectConfiguration>
         </SolutionConfiguration>
           SolutionDir=c:\Apps\TicketConsolidator\
           SolutionExt=.sln
           SolutionFileName=TicketConsolidator.sln
           SolutionName=TicketConsolidator
           SolutionPath=c:\Apps\TicketConsolidator\TicketConsolidator.sln
         Additional Properties for project "c:\Apps\TicketConsolidator\src\TicketConsolidator.Domain\TicketConsolidator.Domain.csproj":
           Configuration=Debug
           Platform=AnyCPU
         Additional Properties for project "c:\Apps\TicketConsolidator\src\TicketConsolidator.Application\TicketConsolidator.Application.csproj":
           Configuration=Debug
           Platform=AnyCPU
         Additional Properties for project "c:\Apps\TicketConsolidator\src\TicketConsolidator.Infrastructure\TicketConsolidator.Infrastructure.csproj":
           Configuration=Debug
           Platform=AnyCPU
         Additional Properties for project "c:\Apps\TicketConsolidator\src\TicketConsolidator.UI\TicketConsolidator.UI.csproj":
           Configuration=Debug
           Platform=AnyCPU
         Additional Properties for project "c:\Apps\TicketConsolidator\tests\TicketConsolidator.UnitTests\TicketConsolidator.UnitTests.csproj":
           Configuration=Debug
           Platform=AnyCPU
         Additional Properties for project "c:\Apps\TicketConsolidator\src\TicketConsolidator.Web\TicketConsolidator.Web.csproj":
           Configuration=Debug
           Platform=AnyCPU
     0>The SDK "Microsoft.NET.Sdk" was successfully resolved by the "DefaultSdkResolver" resolver to location "C:\Program Files\dotnet\sdk\10.0.103\Sdks\Microsoft.NET.Sdk\Sdk" and version "".
       C:\Program Files\dotnet\sdk\10.0.103\Sdks\Microsoft.NET.Sdk\Sdk\Sdk.props(49,11): message : Property 'MSBuildExtensionsPath' with value 'C:\Program Files\dotnet\sdk\10.0.103\' expanded from the environment.
       C:\Program Files\dotnet\sdk\10.0.103\Sdks\Microsoft.NET.Sdk\Sdk\Sdk.props(49,11): message : Property 'MSBuildExtensionsPath' with value 'C:\Program Files\dotnet\sdk\10.0.103\' expanded from the environment.
       C:\Program Files\dotnet\sdk\10.0.103\Current\Microsoft.Common.props(60,5): message : Property reassignment: $(MSBuildProjectExtensionsPath)="c:\Apps\TicketConsolidator\src\TicketConsolidator.Application\obj\" (previous value: "obj\") at C:\Program Files\dotnet\sdk\10.0.103\Current\Microsoft.Common.props (60,5)
       C:\Program Files\dotnet\sdk\10.0.103\Sdks\Microsoft.NET.Sdk\Sdk\Sdk.props(49,11): message : Property 'MSBuildExtensionsPath' with value 'C:\Program Files\dotnet\sdk\10.0.103\' expanded from the environment.
       C:\Program Files\dotnet\sdk\10.0.103\Current\Microsoft.Common.props(60,5): message : Property reassignment: $(MSBuildProjectExtensionsPath)="c:\Apps\TicketConsolidator\tests\TicketConsolidator.UnitTests\obj\" (previous value: "obj\") at C:\Program Files\dotnet\sdk\10.0.103\Current\Microsoft.Common.props (60,5)
       C:\Program Files\dotnet\sdk\10.0.103\Current\Microsoft.Common.props(60,5): message : Property reassignment: $(MSBuildProjectExtensionsPath)="c:\Apps\TicketConsolidator\src\TicketConsolidator.Domain\obj\" (previous value: "obj\") at C:\Program Files\dotnet\sdk\10.0.103\Current\Microsoft.Common.props (60,5)
       c:\Apps\TicketConsolidator\tests\TicketConsolidator.UnitTests\obj\TicketConsolidator.UnitTests.csproj.nuget.g.props(7,5): message : Property 'USERPROFILE' with value 'C:\Users\krish.maniar.ATPL-LAP-723' expanded from the environment.
       C:\Program Files\dotnet\sdk\10.0.103\Current\Microsoft.Common.props(84,119): message : Property 'MSBuildUserExtensionsPath' with value 'C:\Users\krish.maniar.ATPL-LAP-723\AppData\Local\Microsoft\MSBuild' expanded from the environment.
       c:\Apps\TicketConsolidator\src\TicketConsolidator.Application\obj\TicketConsolidator.Application.csproj.nuget.g.props(7,5): message : Property 'USERPROFILE' with value 'C:\Users\krish.maniar.ATPL-LAP-723' expanded from the environment.
       C:\Program Files\dotnet\sdk\10.0.103\Sdks\Microsoft.NET.Sdk\Sdk\Sdk.props(49,11): message : Property 'MSBuildExtensionsPath' with value 'C:\Program Files\dotnet\sdk\10.0.103\' expanded from the environment.
       c:\Apps\TicketConsolidator\src\TicketConsolidator.Domain\obj\TicketConsolidator.Domain.csproj.nuget.g.props(7,5): message : Property 'USERPROFILE' with value 'C:\Users\krish.maniar.ATPL-LAP-723' expanded from the environment.
       The "Configuration" property is a global property, and cannot be modified.
       C:\Program Files\dotnet\sdk\10.0.103\Current\Microsoft.Common.props(84,119): message : Property 'MSBuildUserExtensionsPath' with value 'C:\Users\krish.maniar.ATPL-LAP-723\AppData\Local\Microsoft\MSBuild' expanded from the environment.
       C:\Program Files\dotnet\sdk\10.0.103\Current\Microsoft.Common.props(60,5): message : Property reassignment: $(MSBuildProjectExtensionsPath)="c:\Apps\TicketConsolidator\src\TicketConsolidator.Infrastructure\obj\" (previous value: "obj\") at C:\Program Files\dotnet\sdk\10.0.103\Current\Microsoft.Common.props (60,5)
       C:\Program Files\dotnet\sdk\10.0.103\Current\Microsoft.Common.props(84,119): message : Property 'MSBuildUserExtensionsPath' with value 'C:\Users\krish.maniar.ATPL-LAP-723\AppData\Local\Microsoft\MSBuild' expanded from the environment.
       The "Configuration" property is a global property, and cannot be modified.
       The "Platform" property is a global property, and cannot be modified.
       The "Platform" property is a global property, and cannot be modified.
       The "Configuration" property is a global property, and cannot be modified.
       The "Platform" property is a global property, and cannot be modified.
       The "Configuration" property is a global property, and cannot be modified.
       The "Configuration" property is a global property, and cannot be modified.
       The "Platform" property is a global property, and cannot be modified.
       The "Platform" property is a global property, and cannot be modified.
       C:\Program Files\dotnet\sdk\10.0.103\Sdks\Microsoft.NET.Sdk\targets\Microsoft.NET.Sdk.props(90,5): message : Property reassignment: $(AssemblySearchPaths)="{CandidateAssemblyFiles};{HintPathFromItem}" (previous value: "{CandidateAssemblyFiles}") at C:\Program Files\dotnet\sdk\10.0.103\Sdks\Microsoft.NET.Sdk\targets\Microsoft.NET.Sdk.props (90,5)
       C:\Program Files\dotnet\sdk\10.0.103\Sdks\Microsoft.NET.Sdk\targets\Microsoft.NET.Sdk.props(90,5): message : Property reassignment: $(AssemblySearchPaths)="{CandidateAssemblyFiles};{HintPathFromItem}" (previous value: "{CandidateAssemblyFiles}") at C:\Program Files\dotnet\sdk\10.0.103\Sdks\Microsoft.NET.Sdk\targets\Microsoft.NET.Sdk.props (90,5)
       C:\Program Files\dotnet\sdk\10.0.103\Sdks\Microsoft.NET.Sdk\targets\Microsoft.NET.Sdk.props(91,5): message : Property reassignment: $(AssemblySearchPaths)="{CandidateAssemblyFiles};{HintPathFromItem};{TargetFrameworkDirectory}" (previous value: "{CandidateAssemblyFiles};{HintPathFromItem}") at C:\Program Files\dotnet\sdk\10.0.103\Sdks\Microsoft.NET.Sdk\targets\Microsoft.NET.Sdk.props (91,5)
       C:\Program Files\dotnet\sdk\10.0.103\Sdks\Microsoft.NET.Sdk\targets\Microsoft.NET.Sdk.props(92,5): message : Property reassignment: $(AssemblySearchPaths)="{CandidateAssemblyFiles};{HintPathFromItem};{TargetFrameworkDirectory};{RawFileName}" (previous value: "{CandidateAssemblyFiles};{HintPathFromItem};{TargetFrameworkDirectory}") at C:\Program Files\dotnet\sdk\10.0.103\Sdks\Microsoft.NET.Sdk\targets\Microsoft.NET.Sdk.props (92,5)
       C:\Program Files\dotnet\sdk\10.0.103\Sdks\Microsoft.NET.Sdk\targets\Microsoft.NET.Sdk.props(91,5): message : Property reassignment: $(AssemblySearchPaths)="{CandidateAssemblyFiles};{HintPathFromItem};{TargetFrameworkDirectory}" (previous value: "{CandidateAssemblyFiles};{HintPathFromItem}") at C:\Program Files\dotnet\sdk\10.0.103\Sdks\Microsoft.NET.Sdk\targets\Microsoft.NET.Sdk.props (91,5)
       The "Configuration" property is a global property, and cannot be modified.
       C:\Program Files\dotnet\sdk\10.0.103\Sdks\Microsoft.NET.Sdk\targets\Microsoft.NET.Sdk.props(92,5): message : Property reassignment: $(AssemblySearchPaths)="{CandidateAssemblyFiles};{HintPathFromItem};{TargetFrameworkDirectory};{RawFileName}" (previous value: "{CandidateAssemblyFiles};{HintPathFromItem};{TargetFrameworkDirectory}") at C:\Program Files\dotnet\sdk\10.0.103\Sdks\Microsoft.NET.Sdk\targets\Microsoft.NET.Sdk.props (92,5)
       C:\Program Files\dotnet\sdk\10.0.103\Sdks\Microsoft.NET.Sdk\Sdk\Sdk.props(49,11): message : Property 'MSBuildExtensionsPath' with value 'C:\Program Files\dotnet\sdk\10.0.103\' expanded from the environment.
       c:\Apps\TicketConsolidator\src\TicketConsolidator.Infrastructure\obj\TicketConsolidator.Infrastructure.csproj.nuget.g.props(7,5): message : Property 'USERPROFILE' with value 'C:\Users\krish.maniar.ATPL-LAP-723' expanded from the environment.
       The "Platform" property is a global property, and cannot be modified.
       C:\Program Files\dotnet\sdk\10.0.103\Sdks\Microsoft.NET.Sdk\Sdk\Sdk.props(49,11): message : Property 'MSBuildExtensionsPath' with value 'C:\Program Files\dotnet\sdk\10.0.103\' expanded from the environment.
       C:\Program Files\dotnet\sdk\10.0.103\Current\Microsoft.Common.props(60,5): message : Property reassignment: $(MSBuildProjectExtensionsPath)="c:\Apps\TicketConsolidator\src\TicketConsolidator.UI\obj\" (previous value: "obj\") at C:\Program Files\dotnet\sdk\10.0.103\Current\Microsoft.Common.props (60,5)
       C:\Program Files\dotnet\sdk\10.0.103\Current\Microsoft.Common.props(84,119): message : Property 'MSBuildUserExtensionsPath' with value 'C:\Users\krish.maniar.ATPL-LAP-723\AppData\Local\Microsoft\MSBuild' expanded from the environment.
       The "Configuration" property is a global property, and cannot be modified.
       C:\Program Files\dotnet\sdk\10.0.103\Current\Microsoft.Common.props(60,5): message : Property reassignment: $(MSBuildProjectExtensionsPath)="c:\Apps\TicketConsolidator\src\TicketConsolidator.Web\obj\" (previous value: "obj\") at C:\Program Files\dotnet\sdk\10.0.103\Current\Microsoft.Common.props (60,5)
       C:\Program Files\dotnet\sdk\10.0.103\Sdks\Microsoft.NET.Sdk\targets\Microsoft.NET.Sdk.ImportPublishProfile.targets(28,5): message : Property reassignment: $(PublishProfileImported)="false" (previous value: "true") at C:\Program Files\dotnet\sdk\10.0.103\Sdks\Microsoft.NET.Sdk\targets\Microsoft.NET.Sdk.ImportPublishProfile.targets (28,5)
       The "Configuration" property is a global property, and cannot be modified.
       c:\Apps\TicketConsolidator\src\TicketConsolidator.UI\obj\TicketConsolidator.UI.csproj.nuget.g.props(7,5): message : Property 'USERPROFILE' with value 'C:\Users\krish.maniar.ATPL-LAP-723' expanded from the environment.
       c:\Apps\TicketConsolidator\src\TicketConsolidator.Web\obj\TicketConsolidator.Web.csproj.nuget.g.props(7,5): message : Property 'USERPROFILE' with value 'C:\Users\krish.maniar.ATPL-LAP-723' expanded from the environment.
       The "Platform" property is a global property, and cannot be modified.
       C:\Program Files\dotnet\sdk\10.0.103\Sdks\Microsoft.NET.Sdk\targets\Microsoft.NET.TargetFrameworkInference.targets(80,5): message : Property reassignment: $(TargetPlatformVersion)="0.0" (previous value: "0.0.0.0") at C:\Program Files\dotnet\sdk\10.0.103\Sdks\Microsoft.NET.Sdk\targets\Microsoft.NET.TargetFrameworkInference.targets (80,5)
       The "Platform" property is a global property, and cannot be modified.
       C:\Program Files\dotnet\sdk\10.0.103\Current\Microsoft.Common.props(84,119): message : Property 'MSBuildUserExtensionsPath' with value 'C:\Users\krish.maniar.ATPL-LAP-723\AppData\Local\Microsoft\MSBuild' expanded from the environment.
       C:\Program Files\dotnet\sdk\10.0.103\Sdks\Microsoft.NET.Sdk\targets\Microsoft.NET.Sdk.ImportPublishProfile.targets(28,5): message : Property reassignment: $(PublishProfileImported)="false" (previous value: "true") at C:\Program Files\dotnet\sdk\10.0.103\Sdks\Microsoft.NET.Sdk\targets\Microsoft.NET.Sdk.ImportPublishProfile.targets (28,5)
       C:\Program Files\dotnet\sdk\10.0.103\Current\Microsoft.Common.props(84,119): message : Property 'MSBuildUserExtensionsPath' with value 'C:\Users\krish.maniar.ATPL-LAP-723\AppData\Local\Microsoft\MSBuild' expanded from the environment.
       C:\Program Files\dotnet\sdk\10.0.103\Sdks\Microsoft.NET.Sdk\targets\Microsoft.NET.TargetFrameworkInference.targets(81,5): message : Property reassignment: $(TargetPlatformVersion)="" (previous value: "0.0") at C:\Program Files\dotnet\sdk\10.0.103\Sdks\Microsoft.NET.Sdk\targets\Microsoft.NET.TargetFrameworkInference.targets (81,5)
       C:\Program Files\dotnet\sdk\10.0.103\Sdks\Microsoft.NET.Sdk\targets\Microsoft.NET.TargetFrameworkInference.targets(81,5): message : Property reassignment: $(TargetPlatformVersion)="" (previous value: "0.0") at C:\Program Files\dotnet\sdk\10.0.103\Sdks\Microsoft.NET.Sdk\targets\Microsoft.NET.TargetFrameworkInference.targets (81,5)
       The "Configuration" property is a global property, and cannot be modified.
       The "Configuration" property is a global property, and cannot be modified.
       C:\Program Files\dotnet\sdk\10.0.103\Sdks\Microsoft.NET.Sdk\targets\Microsoft.NET.TargetFrameworkInference.targets(84,5): message : Property reassignment: $(TargetPlatformIdentifier)="Windows" (previous value: "windows") at C:\Program Files\dotnet\sdk\10.0.103\Sdks\Microsoft.NET.Sdk\targets\Microsoft.NET.TargetFrameworkInference.targets (84,5)
       The "Platform" property is a global property, and cannot be modified.
       C:\Program Files\dotnet\sdk\10.0.103\Sdks\Microsoft.NET.Sdk\targets\Microsoft.NET.DefaultOutputPaths.targets(127,5): message : Property reassignment: $(DefaultItemExcludes)=";bin\Debug\/**;obj\Debug\/**" (previous value: ";bin\Debug\/**") at C:\Program Files\dotnet\sdk\10.0.103\Sdks\Microsoft.NET.Sdk\targets\Microsoft.NET.DefaultOutputPaths.targets (127,5)
       The "Platform" property is a global property, and cannot be modified.
       The "Configuration" property is a global property, and cannot be modified.
       C:\Program Files\dotnet\sdk\10.0.103\Sdks\Microsoft.NET.Sdk\targets\Microsoft.NET.DefaultOutputPaths.targets(127,5): message : Property reassignment: $(DefaultItemExcludes)=";bin\Debug\/**;obj\Debug\/**" (previous value: ";bin\Debug\/**") at C:\Program Files\dotnet\sdk\10.0.103\Sdks\Microsoft.NET.Sdk\targets\Microsoft.NET.DefaultOutputPaths.targets (127,5)
       C:\Program Files\dotnet\sdk\10.0.103\Sdks\Microsoft.NET.Sdk\targets\Microsoft.NET.DefaultOutputPaths.targets(142,5): message : Property reassignment: $(OutputPath)="bin\Debug\net10.0\" (previous value: "bin\Debug\") at C:\Program Files\dotnet\sdk\10.0.103\Sdks\Microsoft.NET.Sdk\targets\Microsoft.NET.DefaultOutputPaths.targets (142,5)
       The "Platform" property is a global property, and cannot be modified.
       The "Configuration" property is a global property, and cannot be modified.
       C:\Program Files\dotnet\sdk\10.0.103\Sdks\Microsoft.NET.Sdk\targets\Microsoft.NET.DefaultOutputPaths.targets(142,5): message : Property reassignment: $(OutputPath)="bin\Debug\net10.0-windows\" (previous value: "bin\Debug\") at C:\Program Files\dotnet\sdk\10.0.103\Sdks\Microsoft.NET.Sdk\targets\Microsoft.NET.DefaultOutputPaths.targets (142,5)
       C:\Program Files\dotnet\sdk\10.0.103\Sdks\Microsoft.NET.Sdk\targets\Microsoft.NET.DefaultOutputPaths.targets(147,5): message : Property reassignment: $(IntermediateOutputPath)="obj\Debug\net10.0\" (previous value: "obj\Debug\") at C:\Program Files\dotnet\sdk\10.0.103\Sdks\Microsoft.NET.Sdk\targets\Microsoft.NET.DefaultOutputPaths.targets (147,5)
       C:\Program Files\dotnet\sdk\10.0.103\Sdks\Microsoft.NET.Sdk\targets\Microsoft.NET.DefaultOutputPaths.targets(147,5): message : Property reassignment: $(IntermediateOutputPath)="obj\Debug\net10.0-windows\" (previous value: "obj\Debug\") at C:\Program Files\dotnet\sdk\10.0.103\Sdks\Microsoft.NET.Sdk\targets\Microsoft.NET.DefaultOutputPaths.targets (147,5)
       C:\Program Files\dotnet\sdk\10.0.103\Sdks\Microsoft.NET.Sdk\targets\Microsoft.NET.Sdk.props(90,5): message : Property reassignment: $(AssemblySearchPaths)="{CandidateAssemblyFiles};{HintPathFromItem}" (previous value: "{CandidateAssemblyFiles}") at C:\Program Files\dotnet\sdk\10.0.103\Sdks\Microsoft.NET.Sdk\targets\Microsoft.NET.Sdk.props (90,5)
       The "Platform" property is a global property, and cannot be modified.
       C:\Program Files\dotnet\sdk\10.0.103\Sdks\Microsoft.NET.Sdk\targets\Microsoft.NET.Sdk.BeforeCommon.targets(371,5): message : Property reassignment: $(RoslynTargetsPath)="C:\Program Files\dotnet\sdk\10.0.103\Sdks\Microsoft.NET.Sdk\targets\..\..\..\Roslyn" (previous value: "C:\Program Files\dotnet\sdk\10.0.103\Roslyn") at C:\Program Files\dotnet\sdk\10.0.103\Sdks\Microsoft.NET.Sdk\targets\Microsoft.NET.Sdk.BeforeCommon.targets (371,5)
       C:\Program Files\dotnet\sdk\10.0.103\Sdks\Microsoft.NET.Sdk\targets\Microsoft.NET.Sdk.props(91,5): message : Property reassignment: $(AssemblySearchPaths)="{CandidateAssemblyFiles};{HintPathFromItem};{TargetFrameworkDirectory}" (previous value: "{CandidateAssemblyFiles};{HintPathFromItem}") at C:\Program Files\dotnet\sdk\10.0.103\Sdks\Microsoft.NET.Sdk\targets\Microsoft.NET.Sdk.props (91,5)
       C:\Program Files\dotnet\sdk\10.0.103\Sdks\Microsoft.NET.Sdk\targets\Microsoft.NET.Sdk.BeforeCommon.targets(371,5): message : Property reassignment: $(RoslynTargetsPath)="C:\Program Files\dotnet\sdk\10.0.103\Sdks\Microsoft.NET.Sdk\targets\..\..\..\Roslyn" (previous value: "C:\Program Files\dotnet\sdk\10.0.103\Roslyn") at C:\Program Files\dotnet\sdk\10.0.103\Sdks\Microsoft.NET.Sdk\targets\Microsoft.NET.Sdk.BeforeCommon.targets (371,5)
       The "Configuration" property is a global property, and cannot be modified.
       C:\Program Files\dotnet\sdk\10.0.103\Roslyn\Microsoft.Managed.Core.targets(6,5): message : Property reassignment: $(_BuildTasksDirectory)="C:\Program Files\dotnet\sdk\10.0.103\Sdks\Microsoft.NET.Sdk\targets\..\..\..\Roslyn\" (previous value: "C:\Program Files\dotnet\sdk\10.0.103\Roslyn\") at C:\Program Files\dotnet\sdk\10.0.103\Roslyn\Microsoft.Managed.Core.targets (6,5)
       C:\Program Files\dotnet\sdk\10.0.103\Sdks\Microsoft.NET.Sdk\targets\Microsoft.NET.Sdk.props(92,5): message : Property reassignment: $(AssemblySearchPaths)="{CandidateAssemblyFiles};{HintPathFromItem};{TargetFrameworkDirectory};{RawFileName}" (previous value: "{CandidateAssemblyFiles};{HintPathFromItem};{TargetFrameworkDirectory}") at C:\Program Files\dotnet\sdk\10.0.103\Sdks\Microsoft.NET.Sdk\targets\Microsoft.NET.Sdk.props (92,5)
       C:\Program Files\dotnet\sdk\10.0.103\Roslyn\Microsoft.Managed.Core.targets(6,5): message : Property reassignment: $(_BuildTasksDirectory)="C:\Program Files\dotnet\sdk\10.0.103\Sdks\Microsoft.NET.Sdk\targets\..\..\..\Roslyn\" (previous value: "C:\Program Files\dotnet\sdk\10.0.103\Roslyn\") at C:\Program Files\dotnet\sdk\10.0.103\Roslyn\Microsoft.Managed.Core.targets (6,5)
       The "Configuration" property is a global property, and cannot be modified.
       The "Platform" property is a global property, and cannot be modified.
       C:\Program Files\dotnet\sdk\10.0.103\Sdks\Microsoft.NET.Sdk\targets\Microsoft.NET.Sdk.props(90,5): message : Property reassignment: $(AssemblySearchPaths)="{CandidateAssemblyFiles};{HintPathFromItem}" (previous value: "{CandidateAssemblyFiles}") at C:\Program Files\dotnet\sdk\10.0.103\Sdks\Microsoft.NET.Sdk\targets\Microsoft.NET.Sdk.props (90,5)
       The "Platform" property is a global property, and cannot be modified.
       C:\Program Files\dotnet\sdk\10.0.103\Sdks\Microsoft.NET.Sdk.StaticWebAssets\Sdk\Sdk.StaticWebAssets.StaticAssets.ProjectSystem.props(23,5): message : Property reassignment: $(DefaultItemExcludes)=";**\node_modules\**;node_modules\**;**\jspm_packages\**;jspm_packages\**" (previous value: ";**\node_modules\**;node_modules\**") at C:\Program Files\dotnet\sdk\10.0.103\Sdks\Microsoft.NET.Sdk.StaticWebAssets\Sdk\Sdk.StaticWebAssets.StaticAssets.ProjectSystem.props (23,5)
       C:\Program Files\dotnet\sdk\10.0.103\Sdks\Microsoft.NET.Sdk\targets\Microsoft.NET.Sdk.props(90,5): message : Property reassignment: $(AssemblySearchPaths)="{CandidateAssemblyFiles};{HintPathFromItem}" (previous value: "{CandidateAssemblyFiles}") at C:\Program Files\dotnet\sdk\10.0.103\Sdks\Microsoft.NET.Sdk\targets\Microsoft.NET.Sdk.props (90,5)
       C:\Program Files\dotnet\sdk\10.0.103\Sdks\Microsoft.NET.Sdk\targets\Microsoft.NET.Sdk.props(91,5): message : Property reassignment: $(AssemblySearchPaths)="{CandidateAssemblyFiles};{HintPathFromItem};{TargetFrameworkDirectory}" (previous value: "{CandidateAssemblyFiles};{HintPathFromItem}") at C:\Program Files\dotnet\sdk\10.0.103\Sdks\Microsoft.NET.Sdk\targets\Microsoft.NET.Sdk.props (91,5)
       C:\Program Files\dotnet\sdk\10.0.103\Roslyn\Microsoft.CSharp.Core.targets(200,5): message : Property reassignment: $(CommandLineArgsForDesignTimeEvaluation)="-langversion:14.0 -define:TRACE" (previous value: "-langversion:14.0") at C:\Program Files\dotnet\sdk\10.0.103\Roslyn\Microsoft.CSharp.Core.targets (200,5)
       C:\Program Files\dotnet\sdk\10.0.103\Sdks\Microsoft.NET.Sdk\targets\Microsoft.NET.Sdk.props(92,5): message : Property reassignment: $(AssemblySearchPaths)="{CandidateAssemblyFiles};{HintPathFromItem};{TargetFrameworkDirectory};{RawFileName}" (previous value: "{CandidateAssemblyFiles};{HintPathFromItem};{TargetFrameworkDirectory}") at C:\Program Files\dotnet\sdk\10.0.103\Sdks\Microsoft.NET.Sdk\targets\Microsoft.NET.Sdk.props (92,5)
       C:\Program Files\dotnet\sdk\10.0.103\Sdks\Microsoft.NET.Sdk\targets\Microsoft.NET.Sdk.props(91,5): message : Property reassignment: $(AssemblySearchPaths)="{CandidateAssemblyFiles};{HintPathFromItem};{TargetFrameworkDirectory}" (previous value: "{CandidateAssemblyFiles};{HintPathFromItem}") at C:\Program Files\dotnet\sdk\10.0.103\Sdks\Microsoft.NET.Sdk\targets\Microsoft.NET.Sdk.props (91,5)
       C:\Program Files\dotnet\sdk\10.0.103\Sdks\Microsoft.NET.Sdk\targets\Microsoft.NET.Sdk.props(90,5): message : Property reassignment: $(AssemblySearchPaths)="{CandidateAssemblyFiles};{HintPathFromItem}" (previous value: "{CandidateAssemblyFiles}") at C:\Program Files\dotnet\sdk\10.0.103\Sdks\Microsoft.NET.Sdk\targets\Microsoft.NET.Sdk.props (90,5)
       C:\Program Files\dotnet\sdk\10.0.103\Sdks\Microsoft.NET.Sdk.StaticWebAssets\Sdk\Sdk.StaticWebAssets.StaticAssets.ProjectSystem.props(24,5): message : Property reassignment: $(DefaultItemExcludes)=";**\node_modules\**;node_modules\**;**\jspm_packages\**;jspm_packages\**;**\bower_components\**;bower_components\**" (previous value: ";**\node_modules\**;node_modules\**;**\jspm_packages\**;jspm_packages\**") at C:\Program Files\dotnet\sdk\10.0.103\Sdks\Microsoft.NET.Sdk.StaticWebAssets\Sdk\Sdk.StaticWebAssets.StaticAssets.ProjectSystem.props (24,5)
       The "Platform" property is a global property, and cannot be modified.
       C:\Program Files\dotnet\sdk\10.0.103\Sdks\Microsoft.NET.Sdk\targets\Microsoft.NET.Sdk.props(91,5): message : Property reassignment: $(AssemblySearchPaths)="{CandidateAssemblyFiles};{HintPathFromItem};{TargetFrameworkDirectory}" (previous value: "{CandidateAssemblyFiles};{HintPathFromItem}") at C:\Program Files\dotnet\sdk\10.0.103\Sdks\Microsoft.NET.Sdk\targets\Microsoft.NET.Sdk.props (91,5)
       C:\Program Files\dotnet\sdk\10.0.103\Sdks\Microsoft.NET.Sdk\targets\Microsoft.NET.Sdk.props(92,5): message : Property reassignment: $(AssemblySearchPaths)="{CandidateAssemblyFiles};{HintPathFromItem};{TargetFrameworkDirectory};{RawFileName}" (previous value: "{CandidateAssemblyFiles};{HintPathFromItem};{TargetFrameworkDirectory}") at C:\Program Files\dotnet\sdk\10.0.103\Sdks\Microsoft.NET.Sdk\targets\Microsoft.NET.Sdk.props (92,5)
       C:\Program Files\dotnet\sdk\10.0.103\Roslyn\Microsoft.CSharp.Core.targets(200,5): message : Property reassignment: $(CommandLineArgsForDesignTimeEvaluation)="-langversion:14.0 -define:TRACE" (previous value: "-langversion:14.0") at C:\Program Files\dotnet\sdk\10.0.103\Roslyn\Microsoft.CSharp.Core.targets (200,5)
       C:\Program Files\dotnet\sdk\10.0.103\Sdks\Microsoft.NET.Sdk.StaticWebAssets\Sdk\Sdk.StaticWebAssets.StaticAssets.ProjectSystem.props(25,5): message : Property reassignment: $(DefaultItemExcludes)=";**\node_modules\**;node_modules\**;**\jspm_packages\**;jspm_packages\**;**\bower_components\**;bower_components\**;**\packages.lock.json" (previous value: ";**\node_modules\**;node_modules\**;**\jspm_packages\**;jspm_packages\**;**\bower_components\**;bower_components\**") at C:\Program Files\dotnet\sdk\10.0.103\Sdks\Microsoft.NET.Sdk.StaticWebAssets\Sdk\Sdk.StaticWebAssets.StaticAssets.ProjectSystem.props (25,5)
       The "Configuration" property is a global property, and cannot be modified.
       C:\Program Files\dotnet\sdk\10.0.103\Sdks\Microsoft.NET.Sdk\targets\Microsoft.NET.Sdk.props(92,5): message : Property reassignment: $(AssemblySearchPaths)="{CandidateAssemblyFiles};{HintPathFromItem};{TargetFrameworkDirectory};{RawFileName}" (previous value: "{CandidateAssemblyFiles};{HintPathFromItem};{TargetFrameworkDirectory}") at C:\Program Files\dotnet\sdk\10.0.103\Sdks\Microsoft.NET.Sdk\targets\Microsoft.NET.Sdk.props (92,5)
       c:\Apps\TicketConsolidator\src\TicketConsolidator.UI\TicketConsolidator.UI.csproj(25,5): message : Property reassignment: $(OutputType)="WinExe" (previous value: "Library") at c:\Apps\TicketConsolidator\src\TicketConsolidator.UI\TicketConsolidator.UI.csproj (25,5)
       The "Platform" property is a global property, and cannot be modified.
       C:\Program Files\dotnet\sdk\10.0.103\Sdks\Microsoft.NET.Sdk.Web.ProjectSystem\targets\Microsoft.NET.Sdk.Web.ProjectSystem.props(16,5): message : Property reassignment: $(OutputType)="Exe" (previous value: "Library") at C:\Program Files\dotnet\sdk\10.0.103\Sdks\Microsoft.NET.Sdk.Web.ProjectSystem\targets\Microsoft.NET.Sdk.Web.ProjectSystem.props (16,5)
       c:\Apps\TicketConsolidator\src\TicketConsolidator.Infrastructure\TicketConsolidator.Infrastructure.csproj(6,5): message : Property reassignment: $(NoWarn)="NU1701" (previous value: "1701;1702") at c:\Apps\TicketConsolidator\src\TicketConsolidator.Infrastructure\TicketConsolidator.Infrastructure.csproj (6,5)
       C:\Program Files\dotnet\sdk\10.0.103\Microsoft.Common.CurrentVersion.targets(175,5): message : Property reassignment: $(_DebugSymbolsProduced)="true" (previous value: "false") at C:\Program Files\dotnet\sdk\10.0.103\Microsoft.Common.CurrentVersion.targets (175,5)
       c:\Apps\TicketConsolidator\src\TicketConsolidator.UI\TicketConsolidator.UI.csproj(29,5): message : Property reassignment: $(NoWarn)="NU1701" (previous value: "1701;1702") at c:\Apps\TicketConsolidator\src\TicketConsolidator.UI\TicketConsolidator.UI.csproj (29,5)
       The "Configuration" property is a global property, and cannot be modified.
       The "Configuration" property is a global property, and cannot be modified.
       The "Configuration" property is a global property, and cannot be modified.
       C:\Program Files\dotnet\sdk\10.0.103\Microsoft.Common.CurrentVersion.targets(185,5): message : Property reassignment: $(_DocumentationFileProduced)="false" (previous value: "true") at C:\Program Files\dotnet\sdk\10.0.103\Microsoft.Common.CurrentVersion.targets (185,5)
       C:\Program Files\dotnet\sdk\10.0.103\Microsoft.Common.CurrentVersion.targets(175,5): message : Property reassignment: $(_DebugSymbolsProduced)="true" (previous value: "false") at C:\Program Files\dotnet\sdk\10.0.103\Microsoft.Common.CurrentVersion.targets (175,5)
       The "Configuration" property is a global property, and cannot be modified.
       The "Platform" property is a global property, and cannot be modified.
       The "Platform" property is a global property, and cannot be modified.
       C:\Program Files\dotnet\sdk\10.0.103\Microsoft.Common.CurrentVersion.targets(185,5): message : Property reassignment: $(_DocumentationFileProduced)="false" (previous value: "true") at C:\Program Files\dotnet\sdk\10.0.103\Microsoft.Common.CurrentVersion.targets (185,5)
       The "Platform" property is a global property, and cannot be modified.
       The "SolutionName" property is a global property, and cannot be modified.
       C:\Program Files\dotnet\sdk\10.0.103\Sdks\Microsoft.NET.Sdk\targets\Microsoft.NET.Sdk.ImportPublishProfile.targets(28,5): message : Property reassignment: $(PublishProfileImported)="false" (previous value: "true") at C:\Program Files\dotnet\sdk\10.0.103\Sdks\Microsoft.NET.Sdk\targets\Microsoft.NET.Sdk.ImportPublishProfile.targets (28,5)
       The "SolutionName" property is a global property, and cannot be modified.
       C:\Program Files\dotnet\sdk\10.0.103\Sdks\Microsoft.NET.Sdk\targets\Microsoft.NET.Sdk.ImportPublishProfile.targets(28,5): message : Property reassignment: $(PublishProfileImported)="false" (previous value: "true") at C:\Program Files\dotnet\sdk\10.0.103\Sdks\Microsoft.NET.Sdk\targets\Microsoft.NET.Sdk.ImportPublishProfile.targets (28,5)
       C:\Program Files\dotnet\sdk\10.0.103\Sdks\Microsoft.NET.Sdk\targets\Microsoft.NET.Sdk.ImportPublishProfile.targets(28,5): message : Property reassignment: $(PublishProfileImported)="false" (previous value: "true") at C:\Program Files\dotnet\sdk\10.0.103\Sdks\Microsoft.NET.Sdk\targets\Microsoft.NET.Sdk.ImportPublishProfile.targets (28,5)
       C:\Program Files\dotnet\sdk\10.0.103\Sdks\Microsoft.NET.Sdk\targets\Microsoft.NET.TargetFrameworkInference.targets(80,5): message : Property reassignment: $(TargetPlatformVersion)="0.0" (previous value: "0.0.0.0") at C:\Program Files\dotnet\sdk\10.0.103\Sdks\Microsoft.NET.Sdk\targets\Microsoft.NET.TargetFrameworkInference.targets (80,5)
       The "SolutionFileName" property is a global property, and cannot be modified.
       The "SolutionFileName" property is a global property, and cannot be modified.
       C:\Program Files\dotnet\sdk\10.0.103\Sdks\Microsoft.NET.Sdk\targets\Microsoft.NET.TargetFrameworkInference.targets(80,5): message : Property reassignment: $(TargetPlatformVersion)="0.0" (previous value: "0.0.0.0") at C:\Program Files\dotnet\sdk\10.0.103\Sdks\Microsoft.NET.Sdk\targets\Microsoft.NET.TargetFrameworkInference.targets (80,5)
       C:\Program Files\dotnet\sdk\10.0.103\Sdks\Microsoft.NET.Sdk\targets\Microsoft.NET.TargetFrameworkInference.targets(80,5): message : Property reassignment: $(TargetPlatformVersion)="0.0" (previous value: "0.0.0.0") at C:\Program Files\dotnet\sdk\10.0.103\Sdks\Microsoft.NET.Sdk\targets\Microsoft.NET.TargetFrameworkInference.targets (80,5)
       C:\Program Files\dotnet\sdk\10.0.103\Sdks\Microsoft.NET.Sdk\targets\Microsoft.NET.TargetFrameworkInference.targets(81,5): message : Property reassignment: $(TargetPlatformVersion)="" (previous value: "0.0") at C:\Program Files\dotnet\sdk\10.0.103\Sdks\Microsoft.NET.Sdk\targets\Microsoft.NET.TargetFrameworkInference.targets (81,5)
       The "SolutionPath" property is a global property, and cannot be modified.
       C:\Program Files\dotnet\sdk\10.0.103\Sdks\Microsoft.NET.Sdk\targets\Microsoft.NET.TargetFrameworkInference.targets(81,5): message : Property reassignment: $(TargetPlatformVersion)="" (previous value: "0.0") at C:\Program Files\dotnet\sdk\10.0.103\Sdks\Microsoft.NET.Sdk\targets\Microsoft.NET.TargetFrameworkInference.targets (81,5)
       C:\Program Files\dotnet\sdk\10.0.103\Sdks\Microsoft.NET.Sdk\targets\Microsoft.NET.TargetFrameworkInference.targets(81,5): message : Property reassignment: $(TargetPlatformVersion)="" (previous value: "0.0") at C:\Program Files\dotnet\sdk\10.0.103\Sdks\Microsoft.NET.Sdk\targets\Microsoft.NET.TargetFrameworkInference.targets (81,5)
       C:\Program Files\dotnet\sdk\10.0.103\Sdks\Microsoft.NET.Sdk\targets\Microsoft.NET.TargetFrameworkInference.targets(84,5): message : Property reassignment: $(TargetPlatformIdentifier)="Windows" (previous value: "windows") at C:\Program Files\dotnet\sdk\10.0.103\Sdks\Microsoft.NET.Sdk\targets\Microsoft.NET.TargetFrameworkInference.targets (84,5)
       The "SolutionDir" property is a global property, and cannot be modified.
       C:\Program Files\dotnet\sdk\10.0.103\Sdks\Microsoft.NET.Sdk\targets\Microsoft.NET.TargetFrameworkInference.targets(84,5): message : Property reassignment: $(TargetPlatformIdentifier)="Windows" (previous value: "windows") at C:\Program Files\dotnet\sdk\10.0.103\Sdks\Microsoft.NET.Sdk\targets\Microsoft.NET.TargetFrameworkInference.targets (84,5)
       The "SolutionPath" property is a global property, and cannot be modified.
       C:\Program Files\dotnet\sdk\10.0.103\Sdks\Microsoft.NET.Sdk\targets\Microsoft.NET.TargetFrameworkInference.targets(84,5): message : Property reassignment: $(TargetPlatformIdentifier)="Windows" (previous value: "windows") at C:\Program Files\dotnet\sdk\10.0.103\Sdks\Microsoft.NET.Sdk\targets\Microsoft.NET.TargetFrameworkInference.targets (84,5)
       C:\Program Files\dotnet\sdk\10.0.103\Sdks\Microsoft.NET.Sdk\targets\Microsoft.NET.DefaultOutputPaths.targets(126,5): message : Property reassignment: $(DefaultItemExcludes)=";**\node_modules\**;node_modules\**;**\jspm_packages\**;jspm_packages\**;**\bower_components\**;bower_components\**;**\packages.lock.json;bin\Debug\/**" (previous value: ";**\node_modules\**;node_modules\**;**\jspm_packages\**;jspm_packages\**;**\bower_components\**;bower_components\**;**\packages.lock.json") at C:\Program Files\dotnet\sdk\10.0.103\Sdks\Microsoft.NET.Sdk\targets\Microsoft.NET.DefaultOutputPaths.targets (126,5)
       The "SolutionDir" property is a global property, and cannot be modified.
       The "SolutionExt" property is a global property, and cannot be modified.
       C:\Program Files\dotnet\sdk\10.0.103\Sdks\Microsoft.NET.Sdk\targets\Microsoft.NET.DefaultOutputPaths.targets(127,5): message : Property reassignment: $(DefaultItemExcludes)=";bin\Debug\/**;obj\Debug\/**" (previous value: ";bin\Debug\/**") at C:\Program Files\dotnet\sdk\10.0.103\Sdks\Microsoft.NET.Sdk\targets\Microsoft.NET.DefaultOutputPaths.targets (127,5)
       C:\Program Files\dotnet\sdk\10.0.103\Sdks\Microsoft.NET.Sdk\targets\Microsoft.NET.DefaultOutputPaths.targets(127,5): message : Property reassignment: $(DefaultItemExcludes)=";bin\Debug\/**;obj\Debug\/**" (previous value: ";bin\Debug\/**") at C:\Program Files\dotnet\sdk\10.0.103\Sdks\Microsoft.NET.Sdk\targets\Microsoft.NET.DefaultOutputPaths.targets (127,5)
       C:\Program Files\dotnet\sdk\10.0.103\Sdks\Microsoft.NET.Sdk\targets\Microsoft.NET.DefaultOutputPaths.targets(127,5): message : Property reassignment: $(DefaultItemExcludes)=";**\node_modules\**;node_modules\**;**\jspm_packages\**;jspm_packages\**;**\bower_components\**;bower_components\**;**\packages.lock.json;bin\Debug\/**;obj\Debug\/**" (previous value: ";**\node_modules\**;node_modules\**;**\jspm_packages\**;jspm_packages\**;**\bower_components\**;bower_components\**;**\packages.lock.json;bin\Debug\/**") at C:\Program Files\dotnet\sdk\10.0.103\Sdks\Microsoft.NET.Sdk\targets\Microsoft.NET.DefaultOutputPaths.targets (127,5)
       C:\Program Files\dotnet\sdk\10.0.103\Microsoft.Common.CurrentVersion.targets(392,5): message : Property reassignment: $(MSBuildCopyMarkerName)="TicketCo.5E7C467A" (previous value: "TicketConsolidator.Application.csproj") at C:\Program Files\dotnet\sdk\10.0.103\Microsoft.Common.CurrentVersion.targets (392,5)
       The "SolutionExt" property is a global property, and cannot be modified.
       C:\Program Files\dotnet\sdk\10.0.103\Sdks\Microsoft.NET.Sdk\targets\Microsoft.NET.DefaultOutputPaths.targets(142,5): message : Property reassignment: $(OutputPath)="bin\Debug\net10.0-windows\" (previous value: "bin\Debug\") at C:\Program Files\dotnet\sdk\10.0.103\Sdks\Microsoft.NET.Sdk\targets\Microsoft.NET.DefaultOutputPaths.targets (142,5)
       C:\Program Files\dotnet\sdk\10.0.103\Sdks\Microsoft.NET.Sdk\targets\Microsoft.NET.DefaultOutputPaths.targets(142,5): message : Property reassignment: $(OutputPath)="bin\Debug\net10.0-windows\" (previous value: "bin\Debug\") at C:\Program Files\dotnet\sdk\10.0.103\Sdks\Microsoft.NET.Sdk\targets\Microsoft.NET.DefaultOutputPaths.targets (142,5)
       C:\Program Files\dotnet\sdk\10.0.103\Sdks\Microsoft.NET.Sdk\targets\Microsoft.NET.DefaultOutputPaths.targets(142,5): message : Property reassignment: $(OutputPath)="bin\Debug\net10.0-windows\" (previous value: "bin\Debug\") at C:\Program Files\dotnet\sdk\10.0.103\Sdks\Microsoft.NET.Sdk\targets\Microsoft.NET.DefaultOutputPaths.targets (142,5)
       C:\Program Files\dotnet\sdk\10.0.103\Microsoft.Common.CurrentVersion.targets(393,5): message : Property reassignment: $(MSBuildCopyMarkerName)="TicketCo.5E7C467A.Up2Date" (previous value: "TicketCo.5E7C467A") at C:\Program Files\dotnet\sdk\10.0.103\Microsoft.Common.CurrentVersion.targets (393,5)
       C:\Program Files\dotnet\sdk\10.0.103\Microsoft.Common.CurrentVersion.targets(392,5): message : Property reassignment: $(MSBuildCopyMarkerName)="TicketCo.666C1B0F" (previous value: "TicketConsolidator.UnitTests.csproj") at C:\Program Files\dotnet\sdk\10.0.103\Microsoft.Common.CurrentVersion.targets (392,5)
       C:\Program Files\dotnet\sdk\10.0.103\Sdks\Microsoft.NET.Sdk\targets\Microsoft.NET.DefaultOutputPaths.targets(147,5): message : Property reassignment: $(IntermediateOutputPath)="obj\Debug\net10.0-windows\" (previous value: "obj\Debug\") at C:\Program Files\dotnet\sdk\10.0.103\Sdks\Microsoft.NET.Sdk\targets\Microsoft.NET.DefaultOutputPaths.targets (147,5)
       C:\Program Files\dotnet\sdk\10.0.103\Sdks\Microsoft.NET.Sdk\targets\Microsoft.NET.DefaultOutputPaths.targets(147,5): message : Property reassignment: $(IntermediateOutputPath)="obj\Debug\net10.0-windows\" (previous value: "obj\Debug\") at C:\Program Files\dotnet\sdk\10.0.103\Sdks\Microsoft.NET.Sdk\targets\Microsoft.NET.DefaultOutputPaths.targets (147,5)
       C:\Program Files\dotnet\sdk\10.0.103\Sdks\Microsoft.NET.Sdk\targets\Microsoft.NET.DefaultOutputPaths.targets(147,5): message : Property reassignment: $(IntermediateOutputPath)="obj\Debug\net10.0-windows\" (previous value: "obj\Debug\") at C:\Program Files\dotnet\sdk\10.0.103\Sdks\Microsoft.NET.Sdk\targets\Microsoft.NET.DefaultOutputPaths.targets (147,5)
       C:\Program Files\dotnet\sdk\10.0.103\Microsoft.Common.CurrentVersion.targets(393,5): message : Property reassignment: $(MSBuildCopyMarkerName)="TicketCo.666C1B0F.Up2Date" (previous value: "TicketCo.666C1B0F") at C:\Program Files\dotnet\sdk\10.0.103\Microsoft.Common.CurrentVersion.targets (393,5)
       C:\Program Files\dotnet\sdk\10.0.103\Microsoft.Common.CurrentVersion.targets(541,5): message : Property reassignment: $(ProcessorArchitecture)="msil" (previous value: "") at C:\Program Files\dotnet\sdk\10.0.103\Microsoft.Common.CurrentVersion.targets (541,5)
       C:\Program Files\dotnet\sdk\10.0.103\Sdks\Microsoft.NET.Sdk\targets\Microsoft.NET.Sdk.BeforeCommon.targets(371,5): message : Property reassignment: $(RoslynTargetsPath)="C:\Program Files\dotnet\sdk\10.0.103\Sdks\Microsoft.NET.Sdk\targets\..\..\..\Roslyn" (previous value: "C:\Program Files\dotnet\sdk\10.0.103\Roslyn") at C:\Program Files\dotnet\sdk\10.0.103\Sdks\Microsoft.NET.Sdk\targets\Microsoft.NET.Sdk.BeforeCommon.targets (371,5)
       C:\Program Files\dotnet\sdk\10.0.103\Microsoft.Common.CurrentVersion.targets(580,5): message : Property reassignment: $(DelaySign)="" (previous value: "false") at C:\Program Files\dotnet\sdk\10.0.103\Microsoft.Common.CurrentVersion.targets (580,5)
       C:\Program Files\dotnet\sdk\10.0.103\Roslyn\Microsoft.Managed.Core.targets(6,5): message : Property reassignment: $(_BuildTasksDirectory)="C:\Program Files\dotnet\sdk\10.0.103\Sdks\Microsoft.NET.Sdk\targets\..\..\..\Roslyn\" (previous value: "C:\Program Files\dotnet\sdk\10.0.103\Roslyn\") at C:\Program Files\dotnet\sdk\10.0.103\Roslyn\Microsoft.Managed.Core.targets (6,5)
       C:\Program Files\dotnet\sdk\10.0.103\Sdks\Microsoft.NET.Sdk\targets\Microsoft.NET.Sdk.BeforeCommon.targets(371,5): message : Property reassignment: $(RoslynTargetsPath)="C:\Program Files\dotnet\sdk\10.0.103\Sdks\Microsoft.NET.Sdk\targets\..\..\..\Roslyn" (previous value: "C:\Program Files\dotnet\sdk\10.0.103\Roslyn") at C:\Program Files\dotnet\sdk\10.0.103\Sdks\Microsoft.NET.Sdk\targets\Microsoft.NET.Sdk.BeforeCommon.targets (371,5)
       C:\Program Files\dotnet\sdk\10.0.103\Microsoft.Common.CurrentVersion.targets(541,5): message : Property reassignment: $(ProcessorArchitecture)="msil" (previous value: "") at C:\Program Files\dotnet\sdk\10.0.103\Microsoft.Common.CurrentVersion.targets (541,5)
       C:\Program Files\dotnet\sdk\10.0.103\Microsoft.Common.CurrentVersion.targets(2606,5): message : Property 'LOCALAPPDATA' with value 'C:\Users\krish.maniar.ATPL-LAP-723\AppData\Local' expanded from the environment.
       C:\Program Files\dotnet\sdk\10.0.103\Sdks\Microsoft.NET.Sdk\targets\Microsoft.NET.Sdk.BeforeCommon.targets(371,5): message : Property reassignment: $(RoslynTargetsPath)="C:\Program Files\dotnet\sdk\10.0.103\Sdks\Microsoft.NET.Sdk\targets\..\..\..\Roslyn" (previous value: "C:\Program Files\dotnet\sdk\10.0.103\Roslyn") at C:\Program Files\dotnet\sdk\10.0.103\Sdks\Microsoft.NET.Sdk\targets\Microsoft.NET.Sdk.BeforeCommon.targets (371,5)
       C:\Program Files\dotnet\sdk\10.0.103\Roslyn\Microsoft.CSharp.Core.targets(200,5): message : Property reassignment: $(CommandLineArgsForDesignTimeEvaluation)="-langversion:14.0 -define:TRACE" (previous value: "-langversion:14.0") at C:\Program Files\dotnet\sdk\10.0.103\Roslyn\Microsoft.CSharp.Core.targets (200,5)
       C:\Program Files\dotnet\sdk\10.0.103\Roslyn\Microsoft.Managed.Core.targets(6,5): message : Property reassignment: $(_BuildTasksDirectory)="C:\Program Files\dotnet\sdk\10.0.103\Sdks\Microsoft.NET.Sdk\targets\..\..\..\Roslyn\" (previous value: "C:\Program Files\dotnet\sdk\10.0.103\Roslyn\") at C:\Program Files\dotnet\sdk\10.0.103\Roslyn\Microsoft.Managed.Core.targets (6,5)
       C:\Program Files\dotnet\sdk\10.0.103\Microsoft.Common.CurrentVersion.targets(580,5): message : Property reassignment: $(DelaySign)="" (previous value: "false") at C:\Program Files\dotnet\sdk\10.0.103\Microsoft.Common.CurrentVersion.targets (580,5)
       C:\Program Files\dotnet\sdk\10.0.103\Microsoft.Common.CurrentVersion.targets(3934,5): message : Property reassignment: $(_SGenGenerateSerializationAssembliesConfig)="Auto" (previous value: "") at C:\Program Files\dotnet\sdk\10.0.103\Microsoft.Common.CurrentVersion.targets (3934,5)
       C:\Program Files\dotnet\sdk\10.0.103\Roslyn\Microsoft.Managed.Core.targets(6,5): message : Property reassignment: $(_BuildTasksDirectory)="C:\Program Files\dotnet\sdk\10.0.103\Sdks\Microsoft.NET.Sdk\targets\..\..\..\Roslyn\" (previous value: "C:\Program Files\dotnet\sdk\10.0.103\Roslyn\") at C:\Program Files\dotnet\sdk\10.0.103\Roslyn\Microsoft.Managed.Core.targets (6,5)
       The "Platform" property is a global property, and cannot be modified.
       C:\Program Files\dotnet\sdk\10.0.103\Roslyn\Microsoft.CSharp.Core.targets(200,5): message : Property reassignment: $(CommandLineArgsForDesignTimeEvaluation)="-langversion:14.0 -define:TRACE" (previous value: "-langversion:14.0") at C:\Program Files\dotnet\sdk\10.0.103\Roslyn\Microsoft.CSharp.Core.targets (200,5)
       C:\Program Files\dotnet\sdk\10.0.103\Microsoft.Common.CurrentVersion.targets(2606,5): message : Property 'LOCALAPPDATA' with value 'C:\Users\krish.maniar.ATPL-LAP-723\AppData\Local' expanded from the environment.
       C:\Program Files\dotnet\sdk\10.0.103\Microsoft.Common.CurrentVersion.targets(3935,5): message : Property reassignment: $(_SGenGenerateSerializationAssembliesConfig)="Off" (previous value: "Auto") at C:\Program Files\dotnet\sdk\10.0.103\Microsoft.Common.CurrentVersion.targets (3935,5)
       The "Configuration" property is a global property, and cannot be modified.
       C:\Program Files\dotnet\sdk\10.0.103\Microsoft.Common.CurrentVersion.targets(3934,5): message : Property reassignment: $(_SGenGenerateSerializationAssembliesConfig)="Auto" (previous value: "") at C:\Program Files\dotnet\sdk\10.0.103\Microsoft.Common.CurrentVersion.targets (3934,5)
       C:\Program Files\dotnet\sdk\10.0.103\Microsoft.Common.CurrentVersion.targets(5146,5): message : Property reassignment: $(_TargetsThatPrepareProjectReferences)="
       C:\Program Files\dotnet\sdk\10.0.103\Microsoft.Common.CurrentVersion.targets(5146,5): message :       AssignProjectConfiguration;
       C:\Program Files\dotnet\sdk\10.0.103\Microsoft.Common.CurrentVersion.targets(5146,5): message :       _SplitProjectReferencesByFileExistence
       C:\Program Files\dotnet\sdk\10.0.103\Microsoft.Common.CurrentVersion.targets(5146,5): message :     " (previous value: "_SplitProjectReferencesByFileExistence") at C:\Program Files\dotnet\sdk\10.0.103\Microsoft.Common.CurrentVersion.targets (5146,5)
       C:\Program Files\dotnet\sdk\10.0.103\Microsoft.Common.CurrentVersion.targets(175,5): message : Property reassignment: $(_DebugSymbolsProduced)="true" (previous value: "false") at C:\Program Files\dotnet\sdk\10.0.103\Microsoft.Common.CurrentVersion.targets (175,5)
       C:\Program Files\dotnet\sdk\10.0.103\Roslyn\Microsoft.CSharp.Core.targets(200,5): message : Property reassignment: $(CommandLineArgsForDesignTimeEvaluation)="-langversion:14.0 -define:TRACE" (previous value: "-langversion:14.0") at C:\Program Files\dotnet\sdk\10.0.103\Roslyn\Microsoft.CSharp.Core.targets (200,5)
       The "Platform" property is a global property, and cannot be modified.
       C:\Program Files\dotnet\sdk\10.0.103\Microsoft.Common.CurrentVersion.targets(3935,5): message : Property reassignment: $(_SGenGenerateSerializationAssembliesConfig)="Off" (previous value: "Auto") at C:\Program Files\dotnet\sdk\10.0.103\Microsoft.Common.CurrentVersion.targets (3935,5)
       C:\Program Files\dotnet\sdk\10.0.103\Microsoft.Common.CurrentVersion.targets(6959,5): message : Property 'MSBuildExtensionsPath32' with value 'C:\Program Files\dotnet\sdk\10.0.103' expanded from the environment.
       C:\Program Files\dotnet\sdk\10.0.103\Microsoft.Common.CurrentVersion.targets(185,5): message : Property reassignment: $(_DocumentationFileProduced)="false" (previous value: "true") at C:\Program Files\dotnet\sdk\10.0.103\Microsoft.Common.CurrentVersion.targets (185,5)
       The "Platform" property is a global property, and cannot be modified.
       The "Configuration" property is a global property, and cannot be modified.
       The "NuGetInteractive" property is a global property, and cannot be modified.
       C:\Program Files\dotnet\sdk\10.0.103\Microsoft.Common.CurrentVersion.targets(5146,5): message : Property reassignment: $(_TargetsThatPrepareProjectReferences)="
       C:\Program Files\dotnet\sdk\10.0.103\Microsoft.Common.CurrentVersion.targets(5146,5): message :       AssignProjectConfiguration;
       C:\Program Files\dotnet\sdk\10.0.103\Microsoft.Common.CurrentVersion.targets(5146,5): message :       _SplitProjectReferencesByFileExistence
       C:\Program Files\dotnet\sdk\10.0.103\Microsoft.Common.CurrentVersion.targets(5146,5): message :     " (previous value: "_SplitProjectReferencesByFileExistence") at C:\Program Files\dotnet\sdk\10.0.103\Microsoft.Common.CurrentVersion.targets (5146,5)
       The "Configuration" property is a global property, and cannot be modified.
       The "SolutionName" property is a global property, and cannot be modified.
       C:\Program Files\dotnet\sdk\10.0.103\Sdks\Microsoft.NET.Sdk\targets\Microsoft.PackageDependencyResolution.targets(29,5): message : Property reassignment: $(ProjectAssetsCacheFile)="c:\Apps\TicketConsolidator\src\TicketConsolidator.Application\obj\Debug\net10.0\TicketConsolidator.Application.assets.cache" (previous value: "obj\Debug\net10.0\TicketConsolidator.Application.assets.cache") at C:\Program Files\dotnet\sdk\10.0.103\Sdks\Microsoft.NET.Sdk\targets\Microsoft.PackageDependencyResolution.targets (29,5)
       C:\Program Files\dotnet\sdk\10.0.103\Microsoft.Common.CurrentVersion.targets(6959,5): message : Property 'MSBuildExtensionsPath32' with value 'C:\Program Files\dotnet\sdk\10.0.103' expanded from the environment.
       C:\Program Files\dotnet\sdk\10.0.103\Microsoft.Common.CurrentVersion.targets(175,5): message : Property reassignment: $(_DebugSymbolsProduced)="true" (previous value: "false") at C:\Program Files\dotnet\sdk\10.0.103\Microsoft.Common.CurrentVersion.targets (175,5)
       The "SolutionFileName" property is a global property, and cannot be modified.
       C:\Program Files\dotnet\sdk\10.0.103\Microsoft.Common.CurrentVersion.targets(175,5): message : Property reassignment: $(_DebugSymbolsProduced)="true" (previous value: "false") at C:\Program Files\dotnet\sdk\10.0.103\Microsoft.Common.CurrentVersion.targets (175,5)
       The "NuGetInteractive" property is a global property, and cannot be modified.
       C:\Program Files\dotnet\sdk\10.0.103\Microsoft.Common.CurrentVersion.targets(185,5): message : Property reassignment: $(_DocumentationFileProduced)="false" (previous value: "true") at C:\Program Files\dotnet\sdk\10.0.103\Microsoft.Common.CurrentVersion.targets (185,5)
       C:\Program Files\dotnet\sdk\10.0.103\Microsoft.Common.CurrentVersion.targets(185,5): message : Property reassignment: $(_DocumentationFileProduced)="false" (previous value: "true") at C:\Program Files\dotnet\sdk\10.0.103\Microsoft.Common.CurrentVersion.targets (185,5)
       The "SolutionName" property is a global property, and cannot be modified.
       C:\Users\krish.maniar.ATPL-LAP-723\.nuget\packages\microsoft.codecoverage\17.14.1\build\netstandard2.0\Microsoft.CodeCoverage.targets(32,5): message : Property reassignment: $(_msCoverageSourceRootTargetName)="InitializeSourceRootMappedPaths" (previous value: "MsCoverageGetPathMap") at C:\Users\krish.maniar.ATPL-LAP-723\.nuget\packages\microsoft.codecoverage\17.14.1\build\netstandard2.0\Microsoft.CodeCoverage.targets (32,5)
       The "SolutionPath" property is a global property, and cannot be modified.
       The "SolutionName" property is a global property, and cannot be modified.
       The "SolutionDir" property is a global property, and cannot be modified.
       The "SolutionFileName" property is a global property, and cannot be modified.
       C:\Users\krish.maniar.ATPL-LAP-723\.nuget\packages\microsoft.net.test.sdk\17.14.1\build\net8.0\Microsoft.NET.Test.Sdk.targets(21,5): message : Property reassignment: $(OutputType)="Exe" (previous value: "Library") at C:\Users\krish.maniar.ATPL-LAP-723\.nuget\packages\microsoft.net.test.sdk\17.14.1\build\net8.0\Microsoft.NET.Test.Sdk.targets (21,5)
       The "SolutionFileName" property is a global property, and cannot be modified.
       The "SolutionExt" property is a global property, and cannot be modified.
       The "SolutionPath" property is a global property, and cannot be modified.
       The "SolutionPath" property is a global property, and cannot be modified.
       C:\Users\krish.maniar.ATPL-LAP-723\.nuget\packages\coverlet.collector\6.0.4\build\netstandard2.0\coverlet.collector.targets(32,5): message : Property reassignment: $(_CoverletSourceRootTargetName)="InitializeSourceRootMappedPaths" (previous value: "CoverletGetPathMap") at C:\Users\krish.maniar.ATPL-LAP-723\.nuget\packages\coverlet.collector\6.0.4\build\netstandard2.0\coverlet.collector.targets (32,5)
       C:\Program Files\dotnet\sdk\10.0.103\Microsoft.Common.CurrentVersion.targets(392,5): message : Property reassignment: $(MSBuildCopyMarkerName)="TicketCo.A7363167" (previous value: "TicketConsolidator.UI.csproj") at C:\Program Files\dotnet\sdk\10.0.103\Microsoft.Common.CurrentVersion.targets (392,5)
       The "SolutionDir" property is a global property, and cannot be modified.
       The "SolutionDir" property is a global property, and cannot be modified.
       The "SolutionExt" property is a global property, and cannot be modified.
       C:\Program Files\dotnet\sdk\10.0.103\Microsoft.Common.CurrentVersion.targets(393,5): message : Property reassignment: $(MSBuildCopyMarkerName)="TicketCo.A7363167.Up2Date" (previous value: "TicketCo.A7363167") at C:\Program Files\dotnet\sdk\10.0.103\Microsoft.Common.CurrentVersion.targets (393,5)
       The "SolutionExt" property is a global property, and cannot be modified.
       C:\Program Files\dotnet\sdk\10.0.103\Sdks\Microsoft.NET.Sdk\targets\Microsoft.NET.Sdk.Common.targets(37,5): message : Property reassignment: $(HasRuntimeOutput)="true" (previous value: "") at C:\Program Files\dotnet\sdk\10.0.103\Sdks\Microsoft.NET.Sdk\targets\Microsoft.NET.Sdk.Common.targets (37,5)
       C:\Program Files\dotnet\sdk\10.0.103\Microsoft.Common.CurrentVersion.targets(392,5): message : Property reassignment: $(MSBuildCopyMarkerName)="TicketCo.1C284B12" (previous value: "TicketConsolidator.Web.csproj") at C:\Program Files\dotnet\sdk\10.0.103\Microsoft.Common.CurrentVersion.targets (392,5)
       C:\Program Files\dotnet\sdk\10.0.103\Microsoft.Common.CurrentVersion.targets(392,5): message : Property reassignment: $(MSBuildCopyMarkerName)="TicketCo.B8AB5D47" (previous value: "TicketConsolidator.Infrastructure.csproj") at C:\Program Files\dotnet\sdk\10.0.103\Microsoft.Common.CurrentVersion.targets (392,5)
       C:\Program Files\dotnet\sdk\10.0.103\Microsoft.Common.CurrentVersion.targets(528,5): message : Property reassignment: $(ProcessorArchitecture)="amd64" (previous value: "x64") at C:\Program Files\dotnet\sdk\10.0.103\Microsoft.Common.CurrentVersion.targets (528,5)
       C:\Program Files\dotnet\sdk\10.0.103\Microsoft.Common.CurrentVersion.targets(393,5): message : Property reassignment: $(MSBuildCopyMarkerName)="TicketCo.B8AB5D47.Up2Date" (previous value: "TicketCo.B8AB5D47") at C:\Program Files\dotnet\sdk\10.0.103\Microsoft.Common.CurrentVersion.targets (393,5)
       C:\Program Files\dotnet\sdk\10.0.103\Microsoft.Common.CurrentVersion.targets(393,5): message : Property reassignment: $(MSBuildCopyMarkerName)="TicketCo.1C284B12.Up2Date" (previous value: "TicketCo.1C284B12") at C:\Program Files\dotnet\sdk\10.0.103\Microsoft.Common.CurrentVersion.targets (393,5)
       C:\Program Files\dotnet\sdk\10.0.103\Sdks\Microsoft.NET.Sdk\targets\Microsoft.PackageDependencyResolution.targets(29,5): message : Property reassignment: $(ProjectAssetsCacheFile)="c:\Apps\TicketConsolidator\tests\TicketConsolidator.UnitTests\obj\Debug\net10.0-windows\TicketConsolidator.UnitTests.assets.cache" (previous value: "obj\Debug\net10.0-windows\TicketConsolidator.UnitTests.assets.cache") at C:\Program Files\dotnet\sdk\10.0.103\Sdks\Microsoft.NET.Sdk\targets\Microsoft.PackageDependencyResolution.targets (29,5)
       C:\Program Files\dotnet\sdk\10.0.103\Microsoft.Common.CurrentVersion.targets(580,5): message : Property reassignment: $(DelaySign)="" (previous value: "false") at C:\Program Files\dotnet\sdk\10.0.103\Microsoft.Common.CurrentVersion.targets (580,5)
       C:\Program Files\dotnet\sdk\10.0.103\Microsoft.Common.CurrentVersion.targets(541,5): message : Property reassignment: $(ProcessorArchitecture)="msil" (previous value: "") at C:\Program Files\dotnet\sdk\10.0.103\Microsoft.Common.CurrentVersion.targets (541,5)
       C:\Program Files\dotnet\sdk\10.0.103\Microsoft.Common.CurrentVersion.targets(541,5): message : Property reassignment: $(ProcessorArchitecture)="msil" (previous value: "") at C:\Program Files\dotnet\sdk\10.0.103\Microsoft.Common.CurrentVersion.targets (541,5)
       C:\Program Files\dotnet\sdk\10.0.103\Microsoft.Common.CurrentVersion.targets(2606,5): message : Property 'LOCALAPPDATA' with value 'C:\Users\krish.maniar.ATPL-LAP-723\AppData\Local' expanded from the environment.
       C:\Program Files\dotnet\sdk\10.0.103\Sdks\Microsoft.NET.Sdk\targets\Microsoft.PackageDependencyResolution.targets(80,5): message : Property reassignment: $(ResolveAssemblyReferencesDependsOn)="
       C:\Program Files\dotnet\sdk\10.0.103\Sdks\Microsoft.NET.Sdk\targets\Microsoft.PackageDependencyResolution.targets(80,5): message :       
       C:\Program Files\dotnet\sdk\10.0.103\Sdks\Microsoft.NET.Sdk\targets\Microsoft.PackageDependencyResolution.targets(80,5): message :       ResolveProjectReferences;
       C:\Program Files\dotnet\sdk\10.0.103\Sdks\Microsoft.NET.Sdk\targets\Microsoft.PackageDependencyResolution.targets(80,5): message :       FindInvalidProjectReferences;
       C:\Program Files\dotnet\sdk\10.0.103\Sdks\Microsoft.NET.Sdk\targets\Microsoft.PackageDependencyResolution.targets(80,5): message :       GetFrameworkPaths;
       C:\Program Files\dotnet\sdk\10.0.103\Sdks\Microsoft.NET.Sdk\targets\Microsoft.PackageDependencyResolution.targets(80,5): message :       GetReferenceAssemblyPaths;
       C:\Program Files\dotnet\sdk\10.0.103\Sdks\Microsoft.NET.Sdk\targets\Microsoft.PackageDependencyResolution.targets(80,5): message :       PrepareForBuild;
       C:\Program Files\dotnet\sdk\10.0.103\Sdks\Microsoft.NET.Sdk\targets\Microsoft.PackageDependencyResolution.targets(80,5): message :       ResolveSDKReferences;
       C:\Program Files\dotnet\sdk\10.0.103\Sdks\Microsoft.NET.Sdk\targets\Microsoft.PackageDependencyResolution.targets(80,5): message :       ExpandSDKReferences;
       C:\Program Files\dotnet\sdk\10.0.103\Sdks\Microsoft.NET.Sdk\targets\Microsoft.PackageDependencyResolution.targets(80,5): message :     ;
       C:\Program Files\dotnet\sdk\10.0.103\Sdks\Microsoft.NET.Sdk\targets\Microsoft.PackageDependencyResolution.targets(80,5): message :       ResolvePackageDependenciesForBuild;
       C:\Program Files\dotnet\sdk\10.0.103\Sdks\Microsoft.NET.Sdk\targets\Microsoft.PackageDependencyResolution.targets(80,5): message :       _HandlePackageFileConflicts;
       C:\Program Files\dotnet\sdk\10.0.103\Sdks\Microsoft.NET.Sdk\targets\Microsoft.PackageDependencyResolution.targets(80,5): message :     " (previous value: "
       C:\Program Files\dotnet\sdk\10.0.103\Sdks\Microsoft.NET.Sdk\targets\Microsoft.PackageDependencyResolution.targets(80,5): message :       ResolveProjectReferences;
       C:\Program Files\dotnet\sdk\10.0.103\Sdks\Microsoft.NET.Sdk\targets\Microsoft.PackageDependencyResolution.targets(80,5): message :       FindInvalidProjectReferences;
       C:\Program Files\dotnet\sdk\10.0.103\Sdks\Microsoft.NET.Sdk\targets\Microsoft.PackageDependencyResolution.targets(80,5): message :       GetFrameworkPaths;
       C:\Program Files\dotnet\sdk\10.0.103\Sdks\Microsoft.NET.Sdk\targets\Microsoft.PackageDependencyResolution.targets(80,5): message :       GetReferenceAssemblyPaths;
       C:\Program Files\dotnet\sdk\10.0.103\Sdks\Microsoft.NET.Sdk\targets\Microsoft.PackageDependencyResolution.targets(80,5): message :       PrepareForBuild;
       C:\Program Files\dotnet\sdk\10.0.103\Sdks\Microsoft.NET.Sdk\targets\Microsoft.PackageDependencyResolution.targets(80,5): message :       ResolveSDKReferences;
       C:\Program Files\dotnet\sdk\10.0.103\Sdks\Microsoft.NET.Sdk\targets\Microsoft.PackageDependencyResolution.targets(80,5): message :       ExpandSDKReferences;
       C:\Program Files\dotnet\sdk\10.0.103\Sdks\Microsoft.NET.Sdk\targets\Microsoft.PackageDependencyResolution.targets(80,5): message :     ") at C:\Program Files\dotnet\sdk\10.0.103\Sdks\Microsoft.NET.Sdk\targets\Microsoft.PackageDependencyResolution.targets (80,5)
       C:\Program Files\dotnet\sdk\10.0.103\Microsoft.Common.CurrentVersion.targets(580,5): message : Property reassignment: $(DelaySign)="" (previous value: "false") at C:\Program Files\dotnet\sdk\10.0.103\Microsoft.Common.CurrentVersion.targets (580,5)
       C:\Program Files\dotnet\sdk\10.0.103\Microsoft.Common.CurrentVersion.targets(580,5): message : Property reassignment: $(DelaySign)="" (previous value: "false") at C:\Program Files\dotnet\sdk\10.0.103\Microsoft.Common.CurrentVersion.targets (580,5)
       C:\Program Files\dotnet\sdk\10.0.103\Sdks\Microsoft.NET.Sdk\targets\Microsoft.PackageDependencyResolution.targets(86,5): message : Property reassignment: $(PrepareResourcesDependsOn)="
       C:\Program Files\dotnet\sdk\10.0.103\Sdks\Microsoft.NET.Sdk\targets\Microsoft.PackageDependencyResolution.targets(86,5): message :       ResolvePackageDependenciesForBuild;
       C:\Program Files\dotnet\sdk\10.0.103\Sdks\Microsoft.NET.Sdk\targets\Microsoft.PackageDependencyResolution.targets(86,5): message :       _HandlePackageFileConflicts;
       C:\Program Files\dotnet\sdk\10.0.103\Sdks\Microsoft.NET.Sdk\targets\Microsoft.PackageDependencyResolution.targets(86,5): message :       
       C:\Program Files\dotnet\sdk\10.0.103\Sdks\Microsoft.NET.Sdk\targets\Microsoft.PackageDependencyResolution.targets(86,5): message :       ;
       C:\Program Files\dotnet\sdk\10.0.103\Sdks\Microsoft.NET.Sdk\targets\Microsoft.PackageDependencyResolution.targets(86,5): message :       PrepareResourceNames;
       C:\Program Files\dotnet\sdk\10.0.103\Sdks\Microsoft.NET.Sdk\targets\Microsoft.PackageDependencyResolution.targets(86,5): message :       ResGen;
       C:\Program Files\dotnet\sdk\10.0.103\Sdks\Microsoft.NET.Sdk\targets\Microsoft.PackageDependencyResolution.targets(86,5): message :       CompileLicxFiles
       C:\Program Files\dotnet\sdk\10.0.103\Sdks\Microsoft.NET.Sdk\targets\Microsoft.PackageDependencyResolution.targets(86,5): message :     
       C:\Program Files\dotnet\sdk\10.0.103\Sdks\Microsoft.NET.Sdk\targets\Microsoft.PackageDependencyResolution.targets(86,5): message :     " (previous value: "
       C:\Program Files\dotnet\sdk\10.0.103\Sdks\Microsoft.NET.Sdk\targets\Microsoft.PackageDependencyResolution.targets(86,5): message :       ;
       C:\Program Files\dotnet\sdk\10.0.103\Sdks\Microsoft.NET.Sdk\targets\Microsoft.PackageDependencyResolution.targets(86,5): message :       PrepareResourceNames;
       C:\Program Files\dotnet\sdk\10.0.103\Sdks\Microsoft.NET.Sdk\targets\Microsoft.PackageDependencyResolution.targets(86,5): message :       ResGen;
       C:\Program Files\dotnet\sdk\10.0.103\Sdks\Microsoft.NET.Sdk\targets\Microsoft.PackageDependencyResolution.targets(86,5): message :       CompileLicxFiles
       C:\Program Files\dotnet\sdk\10.0.103\Sdks\Microsoft.NET.Sdk\targets\Microsoft.PackageDependencyResolution.targets(86,5): message :     ") at C:\Program Files\dotnet\sdk\10.0.103\Sdks\Microsoft.NET.Sdk\targets\Microsoft.PackageDependencyResolution.targets (86,5)
       C:\Program Files\dotnet\sdk\10.0.103\Microsoft.Common.CurrentVersion.targets(3934,5): message : Property reassignment: $(_SGenGenerateSerializationAssembliesConfig)="Auto" (previous value: "") at C:\Program Files\dotnet\sdk\10.0.103\Microsoft.Common.CurrentVersion.targets (3934,5)
       C:\Program Files\dotnet\sdk\10.0.103\Microsoft.Common.CurrentVersion.targets(2606,5): message : Property 'LOCALAPPDATA' with value 'C:\Users\krish.maniar.ATPL-LAP-723\AppData\Local' expanded from the environment.
       C:\Program Files\dotnet\sdk\10.0.103\Microsoft.Common.CurrentVersion.targets(2606,5): message : Property 'LOCALAPPDATA' with value 'C:\Users\krish.maniar.ATPL-LAP-723\AppData\Local' expanded from the environment.
       C:\Program Files\dotnet\sdk\10.0.103\Microsoft.Common.CurrentVersion.targets(3935,5): message : Property reassignment: $(_SGenGenerateSerializationAssembliesConfig)="Off" (previous value: "Auto") at C:\Program Files\dotnet\sdk\10.0.103\Microsoft.Common.CurrentVersion.targets (3935,5)
       C:\Program Files\dotnet\sdk\10.0.103\Sdks\Microsoft.NET.Sdk\targets\Microsoft.NET.Sdk.DefaultItems.targets(35,5): message : Property reassignment: $(DefaultItemExcludes)=";bin\Debug\/**;obj\Debug\/**;bin\/**" (previous value: ";bin\Debug\/**;obj\Debug\/**") at C:\Program Files\dotnet\sdk\10.0.103\Sdks\Microsoft.NET.Sdk\targets\Microsoft.NET.Sdk.DefaultItems.targets (35,5)
       C:\Program Files\dotnet\sdk\10.0.103\Microsoft.Common.CurrentVersion.targets(3934,5): message : Property reassignment: $(_SGenGenerateSerializationAssembliesConfig)="Auto" (previous value: "") at C:\Program Files\dotnet\sdk\10.0.103\Microsoft.Common.CurrentVersion.targets (3934,5)
       C:\Program Files\dotnet\sdk\10.0.103\Microsoft.Common.CurrentVersion.targets(3934,5): message : Property reassignment: $(_SGenGenerateSerializationAssembliesConfig)="Auto" (previous value: "") at C:\Program Files\dotnet\sdk\10.0.103\Microsoft.Common.CurrentVersion.targets (3934,5)
       C:\Program Files\dotnet\sdk\10.0.103\Microsoft.Common.CurrentVersion.targets(5146,5): message : Property reassignment: $(_TargetsThatPrepareProjectReferences)="
       C:\Program Files\dotnet\sdk\10.0.103\Microsoft.Common.CurrentVersion.targets(5146,5): message :       AssignProjectConfiguration;
       C:\Program Files\dotnet\sdk\10.0.103\Microsoft.Common.CurrentVersion.targets(5146,5): message :       _SplitProjectReferencesByFileExistence
       C:\Program Files\dotnet\sdk\10.0.103\Microsoft.Common.CurrentVersion.targets(5146,5): message :     " (previous value: "_SplitProjectReferencesByFileExistence") at C:\Program Files\dotnet\sdk\10.0.103\Microsoft.Common.CurrentVersion.targets (5146,5)
       C:\Program Files\dotnet\sdk\10.0.103\Sdks\Microsoft.NET.Sdk\targets\Microsoft.NET.Sdk.DefaultItems.targets(37,5): message : Property reassignment: $(DefaultItemExcludes)=";bin\Debug\/**;obj\Debug\/**;bin\/**;obj\/**" (previous value: ";bin\Debug\/**;obj\Debug\/**;bin\/**") at C:\Program Files\dotnet\sdk\10.0.103\Sdks\Microsoft.NET.Sdk\targets\Microsoft.NET.Sdk.DefaultItems.targets (37,5)
       C:\Program Files\dotnet\sdk\10.0.103\Sdks\Microsoft.NET.Sdk\targets\Microsoft.PackageDependencyResolution.targets(80,5): message : Property reassignment: $(ResolveAssemblyReferencesDependsOn)="
       C:\Program Files\dotnet\sdk\10.0.103\Sdks\Microsoft.NET.Sdk\targets\Microsoft.PackageDependencyResolution.targets(80,5): message :       
       C:\Program Files\dotnet\sdk\10.0.103\Sdks\Microsoft.NET.Sdk\targets\Microsoft.PackageDependencyResolution.targets(80,5): message :       ResolveProjectReferences;
       C:\Program Files\dotnet\sdk\10.0.103\Sdks\Microsoft.NET.Sdk\targets\Microsoft.PackageDependencyResolution.targets(80,5): message :       FindInvalidProjectReferences;
       C:\Program Files\dotnet\sdk\10.0.103\Sdks\Microsoft.NET.Sdk\targets\Microsoft.PackageDependencyResolution.targets(80,5): message :       GetFrameworkPaths;
       C:\Program Files\dotnet\sdk\10.0.103\Sdks\Microsoft.NET.Sdk\targets\Microsoft.PackageDependencyResolution.targets(80,5): message :       GetReferenceAssemblyPaths;
       C:\Program Files\dotnet\sdk\10.0.103\Sdks\Microsoft.NET.Sdk\targets\Microsoft.PackageDependencyResolution.targets(80,5): message :       PrepareForBuild;
       C:\Program Files\dotnet\sdk\10.0.103\Sdks\Microsoft.NET.Sdk\targets\Microsoft.PackageDependencyResolution.targets(80,5): message :       ResolveSDKReferences;
       C:\Program Files\dotnet\sdk\10.0.103\Sdks\Microsoft.NET.Sdk\targets\Microsoft.PackageDependencyResolution.targets(80,5): message :       ExpandSDKReferences;
       C:\Program Files\dotnet\sdk\10.0.103\Sdks\Microsoft.NET.Sdk\targets\Microsoft.PackageDependencyResolution.targets(80,5): message :     ;
       C:\Program Files\dotnet\sdk\10.0.103\Sdks\Microsoft.NET.Sdk\targets\Microsoft.PackageDependencyResolution.targets(80,5): message :       ResolvePackageDependenciesForBuild;
       C:\Program Files\dotnet\sdk\10.0.103\Sdks\Microsoft.NET.Sdk\targets\Microsoft.PackageDependencyResolution.targets(80,5): message :       _HandlePackageFileConflicts;
       C:\Program Files\dotnet\sdk\10.0.103\Sdks\Microsoft.NET.Sdk\targets\Microsoft.PackageDependencyResolution.targets(80,5): message :     " (previous value: "
       C:\Program Files\dotnet\sdk\10.0.103\Sdks\Microsoft.NET.Sdk\targets\Microsoft.PackageDependencyResolution.targets(80,5): message :       ResolveProjectReferences;
       C:\Program Files\dotnet\sdk\10.0.103\Sdks\Microsoft.NET.Sdk\targets\Microsoft.PackageDependencyResolution.targets(80,5): message :       FindInvalidProjectReferences;
       C:\Program Files\dotnet\sdk\10.0.103\Sdks\Microsoft.NET.Sdk\targets\Microsoft.PackageDependencyResolution.targets(80,5): message :       GetFrameworkPaths;
       C:\Program Files\dotnet\sdk\10.0.103\Sdks\Microsoft.NET.Sdk\targets\Microsoft.PackageDependencyResolution.targets(80,5): message :       GetReferenceAssemblyPaths;
       C:\Program Files\dotnet\sdk\10.0.103\Sdks\Microsoft.NET.Sdk\targets\Microsoft.PackageDependencyResolution.targets(80,5): message :       PrepareForBuild;
       C:\Program Files\dotnet\sdk\10.0.103\Sdks\Microsoft.NET.Sdk\targets\Microsoft.PackageDependencyResolution.targets(80,5): message :       ResolveSDKReferences;
       C:\Program Files\dotnet\sdk\10.0.103\Sdks\Microsoft.NET.Sdk\targets\Microsoft.PackageDependencyResolution.targets(80,5): message :       ExpandSDKReferences;
       C:\Program Files\dotnet\sdk\10.0.103\Sdks\Microsoft.NET.Sdk\targets\Microsoft.PackageDependencyResolution.targets(80,5): message :     ") at C:\Program Files\dotnet\sdk\10.0.103\Sdks\Microsoft.NET.Sdk\targets\Microsoft.PackageDependencyResolution.targets (80,5)
       C:\Program Files\dotnet\sdk\10.0.103\Microsoft.Common.CurrentVersion.targets(3935,5): message : Property reassignment: $(_SGenGenerateSerializationAssembliesConfig)="Off" (previous value: "Auto") at C:\Program Files\dotnet\sdk\10.0.103\Microsoft.Common.CurrentVersion.targets (3935,5)
       C:\Program Files\dotnet\sdk\10.0.103\Microsoft.Common.CurrentVersion.targets(3935,5): message : Property reassignment: $(_SGenGenerateSerializationAssembliesConfig)="Off" (previous value: "Auto") at C:\Program Files\dotnet\sdk\10.0.103\Microsoft.Common.CurrentVersion.targets (3935,5)
       C:\Program Files\dotnet\sdk\10.0.103\Microsoft.Common.CurrentVersion.targets(6959,5): message : Property 'MSBuildExtensionsPath32' with value 'C:\Program Files\dotnet\sdk\10.0.103' expanded from the environment.
       C:\Program Files\dotnet\sdk\10.0.103\Sdks\Microsoft.NET.Sdk\targets\Microsoft.NET.Sdk.DefaultItems.targets(40,5): message : Property reassignment: $(DefaultItemExcludes)=";bin\Debug\/**;obj\Debug\/**;bin\/**;obj\/**;**/*.user" (previous value: ";bin\Debug\/**;obj\Debug\/**;bin\/**;obj\/**") at C:\Program Files\dotnet\sdk\10.0.103\Sdks\Microsoft.NET.Sdk\targets\Microsoft.NET.Sdk.DefaultItems.targets (40,5)
       C:\Program Files\dotnet\sdk\10.0.103\Microsoft.Common.CurrentVersion.targets(5146,5): message : Property reassignment: $(_TargetsThatPrepareProjectReferences)="
       C:\Program Files\dotnet\sdk\10.0.103\Microsoft.Common.CurrentVersion.targets(5146,5): message :       AssignProjectConfiguration;
       C:\Program Files\dotnet\sdk\10.0.103\Microsoft.Common.CurrentVersion.targets(5146,5): message :       _SplitProjectReferencesByFileExistence
       C:\Program Files\dotnet\sdk\10.0.103\Microsoft.Common.CurrentVersion.targets(5146,5): message :     " (previous value: "_SplitProjectReferencesByFileExistence") at C:\Program Files\dotnet\sdk\10.0.103\Microsoft.Common.CurrentVersion.targets (5146,5)
       C:\Program Files\dotnet\sdk\10.0.103\Sdks\Microsoft.NET.Sdk\targets\Microsoft.PackageDependencyResolution.targets(86,5): message : Property reassignment: $(PrepareResourcesDependsOn)="
       C:\Program Files\dotnet\sdk\10.0.103\Sdks\Microsoft.NET.Sdk\targets\Microsoft.PackageDependencyResolution.targets(86,5): message :       ResolvePackageDependenciesForBuild;
       C:\Program Files\dotnet\sdk\10.0.103\Sdks\Microsoft.NET.Sdk\targets\Microsoft.PackageDependencyResolution.targets(86,5): message :       _HandlePackageFileConflicts;
       C:\Program Files\dotnet\sdk\10.0.103\Sdks\Microsoft.NET.Sdk\targets\Microsoft.PackageDependencyResolution.targets(86,5): message :       
       C:\Program Files\dotnet\sdk\10.0.103\Sdks\Microsoft.NET.Sdk\targets\Microsoft.PackageDependencyResolution.targets(86,5): message :       ;
       C:\Program Files\dotnet\sdk\10.0.103\Sdks\Microsoft.NET.Sdk\targets\Microsoft.PackageDependencyResolution.targets(86,5): message :       PrepareResourceNames;
       C:\Program Files\dotnet\sdk\10.0.103\Sdks\Microsoft.NET.Sdk\targets\Microsoft.PackageDependencyResolution.targets(86,5): message :       ResGen;
       C:\Program Files\dotnet\sdk\10.0.103\Sdks\Microsoft.NET.Sdk\targets\Microsoft.PackageDependencyResolution.targets(86,5): message :       CompileLicxFiles
       C:\Program Files\dotnet\sdk\10.0.103\Sdks\Microsoft.NET.Sdk\targets\Microsoft.PackageDependencyResolution.targets(86,5): message :     
       C:\Program Files\dotnet\sdk\10.0.103\Sdks\Microsoft.NET.Sdk\targets\Microsoft.PackageDependencyResolution.targets(86,5): message :     " (previous value: "
       C:\Program Files\dotnet\sdk\10.0.103\Sdks\Microsoft.NET.Sdk\targets\Microsoft.PackageDependencyResolution.targets(86,5): message :       ;
       C:\Program Files\dotnet\sdk\10.0.103\Sdks\Microsoft.NET.Sdk\targets\Microsoft.PackageDependencyResolution.targets(86,5): message :       PrepareResourceNames;
       C:\Program Files\dotnet\sdk\10.0.103\Sdks\Microsoft.NET.Sdk\targets\Microsoft.PackageDependencyResolution.targets(86,5): message :       ResGen;
       C:\Program Files\dotnet\sdk\10.0.103\Sdks\Microsoft.NET.Sdk\targets\Microsoft.PackageDependencyResolution.targets(86,5): message :       CompileLicxFiles
       C:\Program Files\dotnet\sdk\10.0.103\Sdks\Microsoft.NET.Sdk\targets\Microsoft.PackageDependencyResolution.targets(86,5): message :     ") at C:\Program Files\dotnet\sdk\10.0.103\Sdks\Microsoft.NET.Sdk\targets\Microsoft.PackageDependencyResolution.targets (86,5)
       The "NuGetInteractive" property is a global property, and cannot be modified.
       C:\Program Files\dotnet\sdk\10.0.103\Sdks\Microsoft.NET.Sdk\targets\Microsoft.NET.Sdk.DefaultItems.targets(41,5): message : Property reassignment: $(DefaultItemExcludes)=";bin\Debug\/**;obj\Debug\/**;bin\/**;obj\/**;**/*.user;**/*.*proj" (previous value: ";bin\Debug\/**;obj\Debug\/**;bin\/**;obj\/**;**/*.user") at C:\Program Files\dotnet\sdk\10.0.103\Sdks\Microsoft.NET.Sdk\targets\Microsoft.NET.Sdk.DefaultItems.targets (41,5)
       C:\Program Files\dotnet\sdk\10.0.103\Microsoft.Common.CurrentVersion.targets(6959,5): message : Property 'MSBuildExtensionsPath32' with value 'C:\Program Files\dotnet\sdk\10.0.103' expanded from the environment.
       C:\Program Files\dotnet\sdk\10.0.103\Sdks\Microsoft.NET.Sdk\targets\Microsoft.NET.Sdk.DefaultItems.targets(35,5): message : Property reassignment: $(DefaultItemExcludes)=";bin\Debug\/**;obj\Debug\/**;bin\/**" (previous value: ";bin\Debug\/**;obj\Debug\/**") at C:\Program Files\dotnet\sdk\10.0.103\Sdks\Microsoft.NET.Sdk\targets\Microsoft.NET.Sdk.DefaultItems.targets (35,5)
       C:\Users\krish.maniar.ATPL-LAP-723\.nuget\packages\microsoft.web.webview2\1.0.3800.47\build\Common.targets(39,5): message : Property reassignment: $(EffectivePlatform)="x86" (previous value: "AnyCPU") at C:\Users\krish.maniar.ATPL-LAP-723\.nuget\packages\microsoft.web.webview2\1.0.3800.47\build\Common.targets (39,5)
       The "NuGetInteractive" property is a global property, and cannot be modified.
       C:\Program Files\dotnet\sdk\10.0.103\Sdks\Microsoft.NET.Sdk\targets\Microsoft.NET.Sdk.DefaultItems.targets(42,5): message : Property reassignment: $(DefaultItemExcludes)=";bin\Debug\/**;obj\Debug\/**;bin\/**;obj\/**;**/*.user;**/*.*proj;**/*.sln" (previous value: ";bin\Debug\/**;obj\Debug\/**;bin\/**;obj\/**;**/*.user;**/*.*proj") at C:\Program Files\dotnet\sdk\10.0.103\Sdks\Microsoft.NET.Sdk\targets\Microsoft.NET.Sdk.DefaultItems.targets (42,5)
       C:\Program Files\dotnet\sdk\10.0.103\Sdks\Microsoft.NET.Sdk\targets\Microsoft.NET.Sdk.DefaultItems.targets(37,5): message : Property reassignment: $(DefaultItemExcludes)=";bin\Debug\/**;obj\Debug\/**;bin\/**;obj\/**" (previous value: ";bin\Debug\/**;obj\Debug\/**;bin\/**") at C:\Program Files\dotnet\sdk\10.0.103\Sdks\Microsoft.NET.Sdk\targets\Microsoft.NET.Sdk.DefaultItems.targets (37,5)
       C:\Users\krish.maniar.ATPL-LAP-723\.nuget\packages\microsoft.web.webview2\1.0.3800.47\build\Common.targets(41,5): message : Property reassignment: $(EffectivePlatform)="x64" (previous value: "x86") at C:\Users\krish.maniar.ATPL-LAP-723\.nuget\packages\microsoft.web.webview2\1.0.3800.47\build\Common.targets (41,5)
       C:\Program Files\dotnet\sdk\10.0.103\Sdks\Microsoft.NET.Sdk\targets\Microsoft.NET.Sdk.DefaultItems.targets(43,5): message : Property reassignment: $(DefaultItemExcludes)=";bin\Debug\/**;obj\Debug\/**;bin\/**;obj\/**;**/*.user;**/*.*proj;**/*.sln;**/*.slnx" (previous value: ";bin\Debug\/**;obj\Debug\/**;bin\/**;obj\/**;**/*.user;**/*.*proj;**/*.sln") at C:\Program Files\dotnet\sdk\10.0.103\Sdks\Microsoft.NET.Sdk\targets\Microsoft.NET.Sdk.DefaultItems.targets (43,5)
       C:\Program Files\dotnet\sdk\10.0.103\Sdks\Microsoft.NET.Sdk\targets\Microsoft.PackageDependencyResolution.targets(29,5): message : Property reassignment: $(ProjectAssetsCacheFile)="c:\Apps\TicketConsolidator\src\TicketConsolidator.Infrastructure\obj\Debug\net10.0-windows\TicketConsolidator.Infrastructure.assets.cache" (previous value: "obj\Debug\net10.0-windows\TicketConsolidator.Infrastructure.assets.cache") at C:\Program Files\dotnet\sdk\10.0.103\Sdks\Microsoft.NET.Sdk\targets\Microsoft.PackageDependencyResolution.targets (29,5)
       C:\Program Files\dotnet\sdk\10.0.103\Sdks\Microsoft.NET.Sdk\targets\Microsoft.NET.Sdk.DefaultItems.targets(40,5): message : Property reassignment: $(DefaultItemExcludes)=";bin\Debug\/**;obj\Debug\/**;bin\/**;obj\/**;**/*.user" (previous value: ";bin\Debug\/**;obj\Debug\/**;bin\/**;obj\/**") at C:\Program Files\dotnet\sdk\10.0.103\Sdks\Microsoft.NET.Sdk\targets\Microsoft.NET.Sdk.DefaultItems.targets (40,5)
       C:\Program Files\dotnet\sdk\10.0.103\Sdks\Microsoft.NET.Sdk\targets\Microsoft.PackageDependencyResolution.targets(29,5): message : Property reassignment: $(ProjectAssetsCacheFile)="c:\Apps\TicketConsolidator\src\TicketConsolidator.UI\obj\Debug\net10.0-windows\TicketConsolidator.UI.assets.cache" (previous value: "obj\Debug\net10.0-windows\TicketConsolidator.UI.assets.cache") at C:\Program Files\dotnet\sdk\10.0.103\Sdks\Microsoft.NET.Sdk\targets\Microsoft.PackageDependencyResolution.targets (29,5)
       C:\Program Files\dotnet\sdk\10.0.103\Sdks\Microsoft.NET.Sdk\targets\Microsoft.NET.Sdk.DefaultItems.targets(44,5): message : Property reassignment: $(DefaultItemExcludes)=";bin\Debug\/**;obj\Debug\/**;bin\/**;obj\/**;**/*.user;**/*.*proj;**/*.sln;**/*.slnx;**/*.vssscc" (previous value: ";bin\Debug\/**;obj\Debug\/**;bin\/**;obj\/**;**/*.user;**/*.*proj;**/*.sln;**/*.slnx") at C:\Program Files\dotnet\sdk\10.0.103\Sdks\Microsoft.NET.Sdk\targets\Microsoft.NET.Sdk.DefaultItems.targets (44,5)
       C:\Program Files\dotnet\sdk\10.0.103\Sdks\Microsoft.NET.Sdk\targets\Microsoft.NET.Sdk.DefaultItems.targets(41,5): message : Property reassignment: $(DefaultItemExcludes)=";bin\Debug\/**;obj\Debug\/**;bin\/**;obj\/**;**/*.user;**/*.*proj" (previous value: ";bin\Debug\/**;obj\Debug\/**;bin\/**;obj\/**;**/*.user") at C:\Program Files\dotnet\sdk\10.0.103\Sdks\Microsoft.NET.Sdk\targets\Microsoft.NET.Sdk.DefaultItems.targets (41,5)
       C:\Program Files\dotnet\sdk\10.0.103\Microsoft.Common.CurrentVersion.targets(5146,5): message : Property reassignment: $(_TargetsThatPrepareProjectReferences)="
       C:\Program Files\dotnet\sdk\10.0.103\Microsoft.Common.CurrentVersion.targets(5146,5): message :       AssignProjectConfiguration;
       C:\Program Files\dotnet\sdk\10.0.103\Microsoft.Common.CurrentVersion.targets(5146,5): message :       _SplitProjectReferencesByFileExistence
       C:\Program Files\dotnet\sdk\10.0.103\Microsoft.Common.CurrentVersion.targets(5146,5): message :     " (previous value: "_SplitProjectReferencesByFileExistence") at C:\Program Files\dotnet\sdk\10.0.103\Microsoft.Common.CurrentVersion.targets (5146,5)
       C:\Program Files\dotnet\sdk\10.0.103\Sdks\Microsoft.NET.Sdk\targets\Microsoft.PackageDependencyResolution.targets(80,5): message : Property reassignment: $(ResolveAssemblyReferencesDependsOn)="
       C:\Program Files\dotnet\sdk\10.0.103\Sdks\Microsoft.NET.Sdk\targets\Microsoft.PackageDependencyResolution.targets(80,5): message :       
       C:\Program Files\dotnet\sdk\10.0.103\Sdks\Microsoft.NET.Sdk\targets\Microsoft.PackageDependencyResolution.targets(80,5): message :       ResolveProjectReferences;
       C:\Program Files\dotnet\sdk\10.0.103\Sdks\Microsoft.NET.Sdk\targets\Microsoft.PackageDependencyResolution.targets(80,5): message :       FindInvalidProjectReferences;
       C:\Program Files\dotnet\sdk\10.0.103\Sdks\Microsoft.NET.Sdk\targets\Microsoft.PackageDependencyResolution.targets(80,5): message :       GetFrameworkPaths;
       C:\Program Files\dotnet\sdk\10.0.103\Sdks\Microsoft.NET.Sdk\targets\Microsoft.PackageDependencyResolution.targets(80,5): message :       GetReferenceAssemblyPaths;
       C:\Program Files\dotnet\sdk\10.0.103\Sdks\Microsoft.NET.Sdk\targets\Microsoft.PackageDependencyResolution.targets(80,5): message :       PrepareForBuild;
       C:\Program Files\dotnet\sdk\10.0.103\Sdks\Microsoft.NET.Sdk\targets\Microsoft.PackageDependencyResolution.targets(80,5): message :       ResolveSDKReferences;
       C:\Program Files\dotnet\sdk\10.0.103\Sdks\Microsoft.NET.Sdk\targets\Microsoft.PackageDependencyResolution.targets(80,5): message :       ExpandSDKReferences;
       C:\Program Files\dotnet\sdk\10.0.103\Sdks\Microsoft.NET.Sdk\targets\Microsoft.PackageDependencyResolution.targets(80,5): message :     ;
       C:\Program Files\dotnet\sdk\10.0.103\Sdks\Microsoft.NET.Sdk\targets\Microsoft.PackageDependencyResolution.targets(80,5): message :       ResolvePackageDependenciesForBuild;
       C:\Program Files\dotnet\sdk\10.0.103\Sdks\Microsoft.NET.Sdk\targets\Microsoft.PackageDependencyResolution.targets(80,5): message :       _HandlePackageFileConflicts;
       C:\Program Files\dotnet\sdk\10.0.103\Sdks\Microsoft.NET.Sdk\targets\Microsoft.PackageDependencyResolution.targets(80,5): message :     " (previous value: "
       C:\Program Files\dotnet\sdk\10.0.103\Sdks\Microsoft.NET.Sdk\targets\Microsoft.PackageDependencyResolution.targets(80,5): message :       ResolveProjectReferences;
       C:\Program Files\dotnet\sdk\10.0.103\Sdks\Microsoft.NET.Sdk\targets\Microsoft.PackageDependencyResolution.targets(80,5): message :       FindInvalidProjectReferences;
       C:\Program Files\dotnet\sdk\10.0.103\Sdks\Microsoft.NET.Sdk\targets\Microsoft.PackageDependencyResolution.targets(80,5): message :       GetFrameworkPaths;
       C:\Program Files\dotnet\sdk\10.0.103\Sdks\Microsoft.NET.Sdk\targets\Microsoft.PackageDependencyResolution.targets(80,5): message :       GetReferenceAssemblyPaths;
       C:\Program Files\dotnet\sdk\10.0.103\Sdks\Microsoft.NET.Sdk\targets\Microsoft.PackageDependencyResolution.targets(80,5): message :       PrepareForBuild;
       C:\Program Files\dotnet\sdk\10.0.103\Sdks\Microsoft.NET.Sdk\targets\Microsoft.PackageDependencyResolution.targets(80,5): message :       ResolveSDKReferences;
       C:\Program Files\dotnet\sdk\10.0.103\Sdks\Microsoft.NET.Sdk\targets\Microsoft.PackageDependencyResolution.targets(80,5): message :       ExpandSDKReferences;
       C:\Program Files\dotnet\sdk\10.0.103\Sdks\Microsoft.NET.Sdk\targets\Microsoft.PackageDependencyResolution.targets(80,5): message :     ") at C:\Program Files\dotnet\sdk\10.0.103\Sdks\Microsoft.NET.Sdk\targets\Microsoft.PackageDependencyResolution.targets (80,5)
       C:\Program Files\dotnet\sdk\10.0.103\Sdks\Microsoft.NET.Sdk\targets\Microsoft.NET.Sdk.DefaultItems.targets(45,5): message : Property reassignment: $(DefaultItemExcludes)=";bin\Debug\/**;obj\Debug\/**;bin\/**;obj\/**;**/*.user;**/*.*proj;**/*.sln;**/*.slnx;**/*.vssscc;**/.DS_Store" (previous value: ";bin\Debug\/**;obj\Debug\/**;bin\/**;obj\/**;**/*.user;**/*.*proj;**/*.sln;**/*.slnx;**/*.vssscc") at C:\Program Files\dotnet\sdk\10.0.103\Sdks\Microsoft.NET.Sdk\targets\Microsoft.NET.Sdk.DefaultItems.targets (45,5)
       C:\Program Files\dotnet\sdk\10.0.103\Sdks\Microsoft.NET.Sdk\targets\Microsoft.NET.Sdk.DefaultItems.targets(42,5): message : Property reassignment: $(DefaultItemExcludes)=";bin\Debug\/**;obj\Debug\/**;bin\/**;obj\/**;**/*.user;**/*.*proj;**/*.sln" (previous value: ";bin\Debug\/**;obj\Debug\/**;bin\/**;obj\/**;**/*.user;**/*.*proj") at C:\Program Files\dotnet\sdk\10.0.103\Sdks\Microsoft.NET.Sdk\targets\Microsoft.NET.Sdk.DefaultItems.targets (42,5)
       C:\Program Files\dotnet\sdk\10.0.103\Microsoft.Common.CurrentVersion.targets(6959,5): message : Property 'MSBuildExtensionsPath32' with value 'C:\Program Files\dotnet\sdk\10.0.103' expanded from the environment.
       C:\Program Files\dotnet\sdk\10.0.103\Sdks\Microsoft.NET.Sdk\targets\Microsoft.PackageDependencyResolution.targets(86,5): message : Property reassignment: $(PrepareResourcesDependsOn)="
       C:\Program Files\dotnet\sdk\10.0.103\Sdks\Microsoft.NET.Sdk\targets\Microsoft.PackageDependencyResolution.targets(86,5): message :       ResolvePackageDependenciesForBuild;
       C:\Program Files\dotnet\sdk\10.0.103\Sdks\Microsoft.NET.Sdk\targets\Microsoft.PackageDependencyResolution.targets(86,5): message :       _HandlePackageFileConflicts;
       C:\Program Files\dotnet\sdk\10.0.103\Sdks\Microsoft.NET.Sdk\targets\Microsoft.PackageDependencyResolution.targets(86,5): message :       
       C:\Program Files\dotnet\sdk\10.0.103\Sdks\Microsoft.NET.Sdk\targets\Microsoft.PackageDependencyResolution.targets(86,5): message :       ;
       C:\Program Files\dotnet\sdk\10.0.103\Sdks\Microsoft.NET.Sdk\targets\Microsoft.PackageDependencyResolution.targets(86,5): message :       PrepareResourceNames;
       C:\Program Files\dotnet\sdk\10.0.103\Sdks\Microsoft.NET.Sdk\targets\Microsoft.PackageDependencyResolution.targets(86,5): message :       ResGen;
       C:\Program Files\dotnet\sdk\10.0.103\Sdks\Microsoft.NET.Sdk\targets\Microsoft.PackageDependencyResolution.targets(86,5): message :       CompileLicxFiles
       C:\Program Files\dotnet\sdk\10.0.103\Sdks\Microsoft.NET.Sdk\targets\Microsoft.PackageDependencyResolution.targets(86,5): message :     
       C:\Program Files\dotnet\sdk\10.0.103\Sdks\Microsoft.NET.Sdk\targets\Microsoft.PackageDependencyResolution.targets(86,5): message :     " (previous value: "
       C:\Program Files\dotnet\sdk\10.0.103\Sdks\Microsoft.NET.Sdk\targets\Microsoft.PackageDependencyResolution.targets(86,5): message :       ;
       C:\Program Files\dotnet\sdk\10.0.103\Sdks\Microsoft.NET.Sdk\targets\Microsoft.PackageDependencyResolution.targets(86,5): message :       PrepareResourceNames;
       C:\Program Files\dotnet\sdk\10.0.103\Sdks\Microsoft.NET.Sdk\targets\Microsoft.PackageDependencyResolution.targets(86,5): message :       ResGen;
       C:\Program Files\dotnet\sdk\10.0.103\Sdks\Microsoft.NET.Sdk\targets\Microsoft.PackageDependencyResolution.targets(86,5): message :       CompileLicxFiles
       C:\Program Files\dotnet\sdk\10.0.103\Sdks\Microsoft.NET.Sdk\targets\Microsoft.PackageDependencyResolution.targets(86,5): message :     ") at C:\Program Files\dotnet\sdk\10.0.103\Sdks\Microsoft.NET.Sdk\targets\Microsoft.PackageDependencyResolution.targets (86,5)
       C:\Program Files\dotnet\sdk\10.0.103\Sdks\Microsoft.NET.Sdk\targets\Microsoft.NET.Sdk.FrameworkReferenceResolution.targets(14,5): message : Property reassignment: $(ResolveAssemblyReferencesDependsOn)="
       C:\Program Files\dotnet\sdk\10.0.103\Sdks\Microsoft.NET.Sdk\targets\Microsoft.NET.Sdk.FrameworkReferenceResolution.targets(14,5): message :       
       C:\Program Files\dotnet\sdk\10.0.103\Sdks\Microsoft.NET.Sdk\targets\Microsoft.NET.Sdk.FrameworkReferenceResolution.targets(14,5): message :       
       C:\Program Files\dotnet\sdk\10.0.103\Sdks\Microsoft.NET.Sdk\targets\Microsoft.NET.Sdk.FrameworkReferenceResolution.targets(14,5): message :       ResolveProjectReferences;
       C:\Program Files\dotnet\sdk\10.0.103\Sdks\Microsoft.NET.Sdk\targets\Microsoft.NET.Sdk.FrameworkReferenceResolution.targets(14,5): message :       FindInvalidProjectReferences;
       C:\Program Files\dotnet\sdk\10.0.103\Sdks\Microsoft.NET.Sdk\targets\Microsoft.NET.Sdk.FrameworkReferenceResolution.targets(14,5): message :       GetFrameworkPaths;
       C:\Program Files\dotnet\sdk\10.0.103\Sdks\Microsoft.NET.Sdk\targets\Microsoft.NET.Sdk.FrameworkReferenceResolution.targets(14,5): message :       GetReferenceAssemblyPaths;
       C:\Program Files\dotnet\sdk\10.0.103\Sdks\Microsoft.NET.Sdk\targets\Microsoft.NET.Sdk.FrameworkReferenceResolution.targets(14,5): message :       PrepareForBuild;
       C:\Program Files\dotnet\sdk\10.0.103\Sdks\Microsoft.NET.Sdk\targets\Microsoft.NET.Sdk.FrameworkReferenceResolution.targets(14,5): message :       ResolveSDKReferences;
       C:\Program Files\dotnet\sdk\10.0.103\Sdks\Microsoft.NET.Sdk\targets\Microsoft.NET.Sdk.FrameworkReferenceResolution.targets(14,5): message :       ExpandSDKReferences;
       C:\Program Files\dotnet\sdk\10.0.103\Sdks\Microsoft.NET.Sdk\targets\Microsoft.NET.Sdk.FrameworkReferenceResolution.targets(14,5): message :     ;
       C:\Program Files\dotnet\sdk\10.0.103\Sdks\Microsoft.NET.Sdk\targets\Microsoft.NET.Sdk.FrameworkReferenceResolution.targets(14,5): message :       ResolvePackageDependenciesForBuild;
       C:\Program Files\dotnet\sdk\10.0.103\Sdks\Microsoft.NET.Sdk\targets\Microsoft.NET.Sdk.FrameworkReferenceResolution.targets(14,5): message :       _HandlePackageFileConflicts;
       C:\Program Files\dotnet\sdk\10.0.103\Sdks\Microsoft.NET.Sdk\targets\Microsoft.NET.Sdk.FrameworkReferenceResolution.targets(14,5): message :     ;
       C:\Program Files\dotnet\sdk\10.0.103\Sdks\Microsoft.NET.Sdk\targets\Microsoft.NET.Sdk.FrameworkReferenceResolution.targets(14,5): message :       ResolveTargetingPackAssets;
       C:\Program Files\dotnet\sdk\10.0.103\Sdks\Microsoft.NET.Sdk\targets\Microsoft.NET.Sdk.FrameworkReferenceResolution.targets(14,5): message :     " (previous value: "
       C:\Program Files\dotnet\sdk\10.0.103\Sdks\Microsoft.NET.Sdk\targets\Microsoft.NET.Sdk.FrameworkReferenceResolution.targets(14,5): message :       
       C:\Program Files\dotnet\sdk\10.0.103\Sdks\Microsoft.NET.Sdk\targets\Microsoft.NET.Sdk.FrameworkReferenceResolution.targets(14,5): message :       ResolveProjectReferences;
       C:\Program Files\dotnet\sdk\10.0.103\Sdks\Microsoft.NET.Sdk\targets\Microsoft.NET.Sdk.FrameworkReferenceResolution.targets(14,5): message :       FindInvalidProjectReferences;
       C:\Program Files\dotnet\sdk\10.0.103\Sdks\Microsoft.NET.Sdk\targets\Microsoft.NET.Sdk.FrameworkReferenceResolution.targets(14,5): message :       GetFrameworkPaths;
       C:\Program Files\dotnet\sdk\10.0.103\Sdks\Microsoft.NET.Sdk\targets\Microsoft.NET.Sdk.FrameworkReferenceResolution.targets(14,5): message :       GetReferenceAssemblyPaths;
       C:\Program Files\dotnet\sdk\10.0.103\Sdks\Microsoft.NET.Sdk\targets\Microsoft.NET.Sdk.FrameworkReferenceResolution.targets(14,5): message :       PrepareForBuild;
       C:\Program Files\dotnet\sdk\10.0.103\Sdks\Microsoft.NET.Sdk\targets\Microsoft.NET.Sdk.FrameworkReferenceResolution.targets(14,5): message :       ResolveSDKReferences;
       C:\Program Files\dotnet\sdk\10.0.103\Sdks\Microsoft.NET.Sdk\targets\Microsoft.NET.Sdk.FrameworkReferenceResolution.targets(14,5): message :       ExpandSDKReferences;
       C:\Program Files\dotnet\sdk\10.0.103\Sdks\Microsoft.NET.Sdk\targets\Microsoft.NET.Sdk.FrameworkReferenceResolution.targets(14,5): message :     ;
       C:\Program Files\dotnet\sdk\10.0.103\Sdks\Microsoft.NET.Sdk\targets\Microsoft.NET.Sdk.FrameworkReferenceResolution.targets(14,5): message :       ResolvePackageDependenciesForBuild;
       C:\Program Files\dotnet\sdk\10.0.103\Sdks\Microsoft.NET.Sdk\targets\Microsoft.NET.Sdk.FrameworkReferenceResolution.targets(14,5): message :       _HandlePackageFileConflicts;
       C:\Program Files\dotnet\sdk\10.0.103\Sdks\Microsoft.NET.Sdk\targets\Microsoft.NET.Sdk.FrameworkReferenceResolution.targets(14,5): message :     ") at C:\Program Files\dotnet\sdk\10.0.103\Sdks\Microsoft.NET.Sdk\targets\Microsoft.NET.Sdk.FrameworkReferenceResolution.targets (14,5)
       C:\Program Files\dotnet\sdk\10.0.103\Sdks\Microsoft.NET.Sdk\targets\Microsoft.NET.Sdk.DefaultItems.targets(43,5): message : Property reassignment: $(DefaultItemExcludes)=";bin\Debug\/**;obj\Debug\/**;bin\/**;obj\/**;**/*.user;**/*.*proj;**/*.sln;**/*.slnx" (previous value: ";bin\Debug\/**;obj\Debug\/**;bin\/**;obj\/**;**/*.user;**/*.*proj;**/*.sln") at C:\Program Files\dotnet\sdk\10.0.103\Sdks\Microsoft.NET.Sdk\targets\Microsoft.NET.Sdk.DefaultItems.targets (43,5)
       The "NuGetInteractive" property is a global property, and cannot be modified.
       C:\Program Files\dotnet\sdk\10.0.103\Sdks\Microsoft.NET.Sdk\targets\Microsoft.NET.Sdk.DefaultItems.targets(35,5): message : Property reassignment: $(DefaultItemExcludes)=";bin\Debug\/**;obj\Debug\/**;bin\/**" (previous value: ";bin\Debug\/**;obj\Debug\/**") at C:\Program Files\dotnet\sdk\10.0.103\Sdks\Microsoft.NET.Sdk\targets\Microsoft.NET.Sdk.DefaultItems.targets (35,5)
       C:\Program Files\dotnet\sdk\10.0.103\Sdks\Microsoft.NET.Sdk\targets\Microsoft.NET.Sdk.targets(44,5): message : Property reassignment: $(_GenerateRuntimeConfigurationPropertyInputsCache)="c:\Apps\TicketConsolidator\tests\TicketConsolidator.UnitTests\obj\Debug\net10.0-windows\TicketConsolidator.UnitTests.genruntimeconfig.cache" (previous value: "obj\Debug\net10.0-windows\TicketConsolidator.UnitTests.genruntimeconfig.cache") at C:\Program Files\dotnet\sdk\10.0.103\Sdks\Microsoft.NET.Sdk\targets\Microsoft.NET.Sdk.targets (44,5)
       C:\Program Files\dotnet\sdk\10.0.103\Sdks\Microsoft.NET.Sdk\targets\Microsoft.NET.Sdk.DefaultItems.targets(44,5): message : Property reassignment: $(DefaultItemExcludes)=";bin\Debug\/**;obj\Debug\/**;bin\/**;obj\/**;**/*.user;**/*.*proj;**/*.sln;**/*.slnx;**/*.vssscc" (previous value: ";bin\Debug\/**;obj\Debug\/**;bin\/**;obj\/**;**/*.user;**/*.*proj;**/*.sln;**/*.slnx") at C:\Program Files\dotnet\sdk\10.0.103\Sdks\Microsoft.NET.Sdk\targets\Microsoft.NET.Sdk.DefaultItems.targets (44,5)
       C:\Program Files\dotnet\sdk\10.0.103\Sdks\Microsoft.NET.Sdk\targets\Microsoft.PackageDependencyResolution.targets(80,5): message : Property reassignment: $(ResolveAssemblyReferencesDependsOn)="
       C:\Program Files\dotnet\sdk\10.0.103\Sdks\Microsoft.NET.Sdk\targets\Microsoft.PackageDependencyResolution.targets(80,5): message :       
       C:\Program Files\dotnet\sdk\10.0.103\Sdks\Microsoft.NET.Sdk\targets\Microsoft.PackageDependencyResolution.targets(80,5): message :       ResolveProjectReferences;
       C:\Program Files\dotnet\sdk\10.0.103\Sdks\Microsoft.NET.Sdk\targets\Microsoft.PackageDependencyResolution.targets(80,5): message :       FindInvalidProjectReferences;
       C:\Program Files\dotnet\sdk\10.0.103\Sdks\Microsoft.NET.Sdk\targets\Microsoft.PackageDependencyResolution.targets(80,5): message :       GetFrameworkPaths;
       C:\Program Files\dotnet\sdk\10.0.103\Sdks\Microsoft.NET.Sdk\targets\Microsoft.PackageDependencyResolution.targets(80,5): message :       GetReferenceAssemblyPaths;
       C:\Program Files\dotnet\sdk\10.0.103\Sdks\Microsoft.NET.Sdk\targets\Microsoft.PackageDependencyResolution.targets(80,5): message :       PrepareForBuild;
       C:\Program Files\dotnet\sdk\10.0.103\Sdks\Microsoft.NET.Sdk\targets\Microsoft.PackageDependencyResolution.targets(80,5): message :       ResolveSDKReferences;
       C:\Program Files\dotnet\sdk\10.0.103\Sdks\Microsoft.NET.Sdk\targets\Microsoft.PackageDependencyResolution.targets(80,5): message :       ExpandSDKReferences;
       C:\Program Files\dotnet\sdk\10.0.103\Sdks\Microsoft.NET.Sdk\targets\Microsoft.PackageDependencyResolution.targets(80,5): message :     ;
       C:\Program Files\dotnet\sdk\10.0.103\Sdks\Microsoft.NET.Sdk\targets\Microsoft.PackageDependencyResolution.targets(80,5): message :       ResolvePackageDependenciesForBuild;
       C:\Program Files\dotnet\sdk\10.0.103\Sdks\Microsoft.NET.Sdk\targets\Microsoft.PackageDependencyResolution.targets(80,5): message :       _HandlePackageFileConflicts;
       C:\Program Files\dotnet\sdk\10.0.103\Sdks\Microsoft.NET.Sdk\targets\Microsoft.PackageDependencyResolution.targets(80,5): message :     " (previous value: "
       C:\Program Files\dotnet\sdk\10.0.103\Sdks\Microsoft.NET.Sdk\targets\Microsoft.PackageDependencyResolution.targets(80,5): message :       ResolveProjectReferences;
       C:\Program Files\dotnet\sdk\10.0.103\Sdks\Microsoft.NET.Sdk\targets\Microsoft.PackageDependencyResolution.targets(80,5): message :       FindInvalidProjectReferences;
       C:\Program Files\dotnet\sdk\10.0.103\Sdks\Microsoft.NET.Sdk\targets\Microsoft.PackageDependencyResolution.targets(80,5): message :       GetFrameworkPaths;
       C:\Program Files\dotnet\sdk\10.0.103\Sdks\Microsoft.NET.Sdk\targets\Microsoft.PackageDependencyResolution.targets(80,5): message :       GetReferenceAssemblyPaths;
       C:\Program Files\dotnet\sdk\10.0.103\Sdks\Microsoft.NET.Sdk\targets\Microsoft.PackageDependencyResolution.targets(80,5): message :       PrepareForBuild;
       C:\Program Files\dotnet\sdk\10.0.103\Sdks\Microsoft.NET.Sdk\targets\Microsoft.PackageDependencyResolution.targets(80,5): message :       ResolveSDKReferences;
       C:\Program Files\dotnet\sdk\10.0.103\Sdks\Microsoft.NET.Sdk\targets\Microsoft.PackageDependencyResolution.targets(80,5): message :       ExpandSDKReferences;
       C:\Program Files\dotnet\sdk\10.0.103\Sdks\Microsoft.NET.Sdk\targets\Microsoft.PackageDependencyResolution.targets(80,5): message :     ") at C:\Program Files\dotnet\sdk\10.0.103\Sdks\Microsoft.NET.Sdk\targets\Microsoft.PackageDependencyResolution.targets (80,5)
       C:\Program Files\dotnet\sdk\10.0.103\Sdks\Microsoft.NET.Sdk\targets\Microsoft.PackageDependencyResolution.targets(29,5): message : Property reassignment: $(ProjectAssetsCacheFile)="c:\Apps\TicketConsolidator\src\TicketConsolidator.Web\obj\Debug\net10.0-windows\TicketConsolidator.Web.assets.cache" (previous value: "obj\Debug\net10.0-windows\TicketConsolidator.Web.assets.cache") at C:\Program Files\dotnet\sdk\10.0.103\Sdks\Microsoft.NET.Sdk\targets\Microsoft.PackageDependencyResolution.targets (29,5)
       C:\Program Files\dotnet\sdk\10.0.103\Sdks\Microsoft.NET.Sdk\targets\Microsoft.NET.Sdk.DefaultItems.targets(37,5): message : Property reassignment: $(DefaultItemExcludes)=";bin\Debug\/**;obj\Debug\/**;bin\/**;obj\/**" (previous value: ";bin\Debug\/**;obj\Debug\/**;bin\/**") at C:\Program Files\dotnet\sdk\10.0.103\Sdks\Microsoft.NET.Sdk\targets\Microsoft.NET.Sdk.DefaultItems.targets (37,5)
       C:\Program Files\dotnet\sdk\10.0.103\Sdks\Microsoft.NET.Sdk\targets\Microsoft.NET.Sdk.targets(46,5): message : Property reassignment: $(_GeneratePublishDependencyFilePropertyInputsCache)="c:\Apps\TicketConsolidator\tests\TicketConsolidator.UnitTests\obj\Debug\net10.0-windows\TicketConsolidator.UnitTests.genpublishdeps.cache" (previous value: "obj\Debug\net10.0-windows\TicketConsolidator.UnitTests.genpublishdeps.cache") at C:\Program Files\dotnet\sdk\10.0.103\Sdks\Microsoft.NET.Sdk\targets\Microsoft.NET.Sdk.targets (46,5)
       C:\Program Files\dotnet\sdk\10.0.103\Sdks\Microsoft.NET.Sdk\targets\Microsoft.NET.Sdk.DefaultItems.targets(45,5): message : Property reassignment: $(DefaultItemExcludes)=";bin\Debug\/**;obj\Debug\/**;bin\/**;obj\/**;**/*.user;**/*.*proj;**/*.sln;**/*.slnx;**/*.vssscc;**/.DS_Store" (previous value: ";bin\Debug\/**;obj\Debug\/**;bin\/**;obj\/**;**/*.user;**/*.*proj;**/*.sln;**/*.slnx;**/*.vssscc") at C:\Program Files\dotnet\sdk\10.0.103\Sdks\Microsoft.NET.Sdk\targets\Microsoft.NET.Sdk.DefaultItems.targets (45,5)
       C:\Program Files\dotnet\sdk\10.0.103\Sdks\Microsoft.NET.Sdk\targets\Microsoft.PackageDependencyResolution.targets(80,5): message : Property reassignment: $(ResolveAssemblyReferencesDependsOn)="
       C:\Program Files\dotnet\sdk\10.0.103\Sdks\Microsoft.NET.Sdk\targets\Microsoft.PackageDependencyResolution.targets(80,5): message :       
       C:\Program Files\dotnet\sdk\10.0.103\Sdks\Microsoft.NET.Sdk\targets\Microsoft.PackageDependencyResolution.targets(80,5): message :       ResolveProjectReferences;
       C:\Program Files\dotnet\sdk\10.0.103\Sdks\Microsoft.NET.Sdk\targets\Microsoft.PackageDependencyResolution.targets(80,5): message :       FindInvalidProjectReferences;
       C:\Program Files\dotnet\sdk\10.0.103\Sdks\Microsoft.NET.Sdk\targets\Microsoft.PackageDependencyResolution.targets(80,5): message :       GetFrameworkPaths;
       C:\Program Files\dotnet\sdk\10.0.103\Sdks\Microsoft.NET.Sdk\targets\Microsoft.PackageDependencyResolution.targets(80,5): message :       GetReferenceAssemblyPaths;
       C:\Program Files\dotnet\sdk\10.0.103\Sdks\Microsoft.NET.Sdk\targets\Microsoft.PackageDependencyResolution.targets(80,5): message :       PrepareForBuild;
       C:\Program Files\dotnet\sdk\10.0.103\Sdks\Microsoft.NET.Sdk\targets\Microsoft.PackageDependencyResolution.targets(80,5): message :       ResolveSDKReferences;
       C:\Program Files\dotnet\sdk\10.0.103\Sdks\Microsoft.NET.Sdk\targets\Microsoft.PackageDependencyResolution.targets(80,5): message :       ExpandSDKReferences;
       C:\Program Files\dotnet\sdk\10.0.103\Sdks\Microsoft.NET.Sdk\targets\Microsoft.PackageDependencyResolution.targets(80,5): message :     ;
       C:\Program Files\dotnet\sdk\10.0.103\Sdks\Microsoft.NET.Sdk\targets\Microsoft.PackageDependencyResolution.targets(80,5): message :       ResolvePackageDependenciesForBuild;
       C:\Program Files\dotnet\sdk\10.0.103\Sdks\Microsoft.NET.Sdk\targets\Microsoft.PackageDependencyResolution.targets(80,5): message :       _HandlePackageFileConflicts;
       C:\Program Files\dotnet\sdk\10.0.103\Sdks\Microsoft.NET.Sdk\targets\Microsoft.PackageDependencyResolution.targets(80,5): message :     " (previous value: "
       C:\Program Files\dotnet\sdk\10.0.103\Sdks\Microsoft.NET.Sdk\targets\Microsoft.PackageDependencyResolution.targets(80,5): message :       ResolveProjectReferences;
       C:\Program Files\dotnet\sdk\10.0.103\Sdks\Microsoft.NET.Sdk\targets\Microsoft.PackageDependencyResolution.targets(80,5): message :       FindInvalidProjectReferences;
       C:\Program Files\dotnet\sdk\10.0.103\Sdks\Microsoft.NET.Sdk\targets\Microsoft.PackageDependencyResolution.targets(80,5): message :       GetFrameworkPaths;
       C:\Program Files\dotnet\sdk\10.0.103\Sdks\Microsoft.NET.Sdk\targets\Microsoft.PackageDependencyResolution.targets(80,5): message :       GetReferenceAssemblyPaths;
       C:\Program Files\dotnet\sdk\10.0.103\Sdks\Microsoft.NET.Sdk\targets\Microsoft.PackageDependencyResolution.targets(80,5): message :       PrepareForBuild;
       C:\Program Files\dotnet\sdk\10.0.103\Sdks\Microsoft.NET.Sdk\targets\Microsoft.PackageDependencyResolution.targets(80,5): message :       ResolveSDKReferences;
       C:\Program Files\dotnet\sdk\10.0.103\Sdks\Microsoft.NET.Sdk\targets\Microsoft.PackageDependencyResolution.targets(80,5): message :       ExpandSDKReferences;
       C:\Program Files\dotnet\sdk\10.0.103\Sdks\Microsoft.NET.Sdk\targets\Microsoft.PackageDependencyResolution.targets(80,5): message :     ") at C:\Program Files\dotnet\sdk\10.0.103\Sdks\Microsoft.NET.Sdk\targets\Microsoft.PackageDependencyResolution.targets (80,5)
       C:\Program Files\dotnet\sdk\10.0.103\Sdks\Microsoft.NET.Sdk\targets\Microsoft.NET.Sdk.targets(48,5): message : Property reassignment: $(_GenerateSingleFileBundlePropertyInputsCache)="c:\Apps\TicketConsolidator\tests\TicketConsolidator.UnitTests\obj\Debug\net10.0-windows\TicketConsolidator.UnitTests.genbundle.cache" (previous value: "obj\Debug\net10.0-windows\TicketConsolidator.UnitTests.genbundle.cache") at C:\Program Files\dotnet\sdk\10.0.103\Sdks\Microsoft.NET.Sdk\targets\Microsoft.NET.Sdk.targets (48,5)
       C:\Program Files\dotnet\sdk\10.0.103\Sdks\Microsoft.NET.Sdk\targets\Microsoft.NET.Sdk.DefaultItems.targets(40,5): message : Property reassignment: $(DefaultItemExcludes)=";bin\Debug\/**;obj\Debug\/**;bin\/**;obj\/**;**/*.user" (previous value: ";bin\Debug\/**;obj\Debug\/**;bin\/**;obj\/**") at C:\Program Files\dotnet\sdk\10.0.103\Sdks\Microsoft.NET.Sdk\targets\Microsoft.NET.Sdk.DefaultItems.targets (40,5)
       C:\Program Files\dotnet\sdk\10.0.103\Sdks\Microsoft.NET.Sdk\targets\Microsoft.NET.Sdk.FrameworkReferenceResolution.targets(14,5): message : Property reassignment: $(ResolveAssemblyReferencesDependsOn)="
       C:\Program Files\dotnet\sdk\10.0.103\Sdks\Microsoft.NET.Sdk\targets\Microsoft.NET.Sdk.FrameworkReferenceResolution.targets(14,5): message :       
       C:\Program Files\dotnet\sdk\10.0.103\Sdks\Microsoft.NET.Sdk\targets\Microsoft.NET.Sdk.FrameworkReferenceResolution.targets(14,5): message :       
       C:\Program Files\dotnet\sdk\10.0.103\Sdks\Microsoft.NET.Sdk\targets\Microsoft.NET.Sdk.FrameworkReferenceResolution.targets(14,5): message :       ResolveProjectReferences;
       C:\Program Files\dotnet\sdk\10.0.103\Sdks\Microsoft.NET.Sdk\targets\Microsoft.NET.Sdk.FrameworkReferenceResolution.targets(14,5): message :       FindInvalidProjectReferences;
       C:\Program Files\dotnet\sdk\10.0.103\Sdks\Microsoft.NET.Sdk\targets\Microsoft.NET.Sdk.FrameworkReferenceResolution.targets(14,5): message :       GetFrameworkPaths;
       C:\Program Files\dotnet\sdk\10.0.103\Sdks\Microsoft.NET.Sdk\targets\Microsoft.NET.Sdk.FrameworkReferenceResolution.targets(14,5): message :       GetReferenceAssemblyPaths;
       C:\Program Files\dotnet\sdk\10.0.103\Sdks\Microsoft.NET.Sdk\targets\Microsoft.NET.Sdk.FrameworkReferenceResolution.targets(14,5): message :       PrepareForBuild;
       C:\Program Files\dotnet\sdk\10.0.103\Sdks\Microsoft.NET.Sdk\targets\Microsoft.NET.Sdk.FrameworkReferenceResolution.targets(14,5): message :       ResolveSDKReferences;
       C:\Program Files\dotnet\sdk\10.0.103\Sdks\Microsoft.NET.Sdk\targets\Microsoft.NET.Sdk.FrameworkReferenceResolution.targets(14,5): message :       ExpandSDKReferences;
       C:\Program Files\dotnet\sdk\10.0.103\Sdks\Microsoft.NET.Sdk\targets\Microsoft.NET.Sdk.FrameworkReferenceResolution.targets(14,5): message :     ;
       C:\Program Files\dotnet\sdk\10.0.103\Sdks\Microsoft.NET.Sdk\targets\Microsoft.NET.Sdk.FrameworkReferenceResolution.targets(14,5): message :       ResolvePackageDependenciesForBuild;
       C:\Program Files\dotnet\sdk\10.0.103\Sdks\Microsoft.NET.Sdk\targets\Microsoft.NET.Sdk.FrameworkReferenceResolution.targets(14,5): message :       _HandlePackageFileConflicts;
       C:\Program Files\dotnet\sdk\10.0.103\Sdks\Microsoft.NET.Sdk\targets\Microsoft.NET.Sdk.FrameworkReferenceResolution.targets(14,5): message :     ;
       C:\Program Files\dotnet\sdk\10.0.103\Sdks\Microsoft.NET.Sdk\targets\Microsoft.NET.Sdk.FrameworkReferenceResolution.targets(14,5): message :       ResolveTargetingPackAssets;
       C:\Program Files\dotnet\sdk\10.0.103\Sdks\Microsoft.NET.Sdk\targets\Microsoft.NET.Sdk.FrameworkReferenceResolution.targets(14,5): message :     " (previous value: "
       C:\Program Files\dotnet\sdk\10.0.103\Sdks\Microsoft.NET.Sdk\targets\Microsoft.NET.Sdk.FrameworkReferenceResolution.targets(14,5): message :       
       C:\Program Files\dotnet\sdk\10.0.103\Sdks\Microsoft.NET.Sdk\targets\Microsoft.NET.Sdk.FrameworkReferenceResolution.targets(14,5): message :       ResolveProjectReferences;
       C:\Program Files\dotnet\sdk\10.0.103\Sdks\Microsoft.NET.Sdk\targets\Microsoft.NET.Sdk.FrameworkReferenceResolution.targets(14,5): message :       FindInvalidProjectReferences;
       C:\Program Files\dotnet\sdk\10.0.103\Sdks\Microsoft.NET.Sdk\targets\Microsoft.NET.Sdk.FrameworkReferenceResolution.targets(14,5): message :       GetFrameworkPaths;
       C:\Program Files\dotnet\sdk\10.0.103\Sdks\Microsoft.NET.Sdk\targets\Microsoft.NET.Sdk.FrameworkReferenceResolution.targets(14,5): message :       GetReferenceAssemblyPaths;
       C:\Program Files\dotnet\sdk\10.0.103\Sdks\Microsoft.NET.Sdk\targets\Microsoft.NET.Sdk.FrameworkReferenceResolution.targets(14,5): message :       PrepareForBuild;
       C:\Program Files\dotnet\sdk\10.0.103\Sdks\Microsoft.NET.Sdk\targets\Microsoft.NET.Sdk.FrameworkReferenceResolution.targets(14,5): message :       ResolveSDKReferences;
       C:\Program Files\dotnet\sdk\10.0.103\Sdks\Microsoft.NET.Sdk\targets\Microsoft.NET.Sdk.FrameworkReferenceResolution.targets(14,5): message :       ExpandSDKReferences;
       C:\Program Files\dotnet\sdk\10.0.103\Sdks\Microsoft.NET.Sdk\targets\Microsoft.NET.Sdk.FrameworkReferenceResolution.targets(14,5): message :     ;
       C:\Program Files\dotnet\sdk\10.0.103\Sdks\Microsoft.NET.Sdk\targets\Microsoft.NET.Sdk.FrameworkReferenceResolution.targets(14,5): message :       ResolvePackageDependenciesForBuild;
       C:\Program Files\dotnet\sdk\10.0.103\Sdks\Microsoft.NET.Sdk\targets\Microsoft.NET.Sdk.FrameworkReferenceResolution.targets(14,5): message :       _HandlePackageFileConflicts;
       C:\Program Files\dotnet\sdk\10.0.103\Sdks\Microsoft.NET.Sdk\targets\Microsoft.NET.Sdk.FrameworkReferenceResolution.targets(14,5): message :     ") at C:\Program Files\dotnet\sdk\10.0.103\Sdks\Microsoft.NET.Sdk\targets\Microsoft.NET.Sdk.FrameworkReferenceResolution.targets (14,5)
       C:\Program Files\dotnet\sdk\10.0.103\Sdks\Microsoft.NET.Sdk\targets\Microsoft.PackageDependencyResolution.targets(86,5): message : Property reassignment: $(PrepareResourcesDependsOn)="
       C:\Program Files\dotnet\sdk\10.0.103\Sdks\Microsoft.NET.Sdk\targets\Microsoft.PackageDependencyResolution.targets(86,5): message :       ResolvePackageDependenciesForBuild;
       C:\Program Files\dotnet\sdk\10.0.103\Sdks\Microsoft.NET.Sdk\targets\Microsoft.PackageDependencyResolution.targets(86,5): message :       _HandlePackageFileConflicts;
       C:\Program Files\dotnet\sdk\10.0.103\Sdks\Microsoft.NET.Sdk\targets\Microsoft.PackageDependencyResolution.targets(86,5): message :       
       C:\Program Files\dotnet\sdk\10.0.103\Sdks\Microsoft.NET.Sdk\targets\Microsoft.PackageDependencyResolution.targets(86,5): message :       ;
       C:\Program Files\dotnet\sdk\10.0.103\Sdks\Microsoft.NET.Sdk\targets\Microsoft.PackageDependencyResolution.targets(86,5): message :       PrepareResourceNames;
       C:\Program Files\dotnet\sdk\10.0.103\Sdks\Microsoft.NET.Sdk\targets\Microsoft.PackageDependencyResolution.targets(86,5): message :       ResGen;
       C:\Program Files\dotnet\sdk\10.0.103\Sdks\Microsoft.NET.Sdk\targets\Microsoft.PackageDependencyResolution.targets(86,5): message :       CompileLicxFiles
       C:\Program Files\dotnet\sdk\10.0.103\Sdks\Microsoft.NET.Sdk\targets\Microsoft.PackageDependencyResolution.targets(86,5): message :     
       C:\Program Files\dotnet\sdk\10.0.103\Sdks\Microsoft.NET.Sdk\targets\Microsoft.PackageDependencyResolution.targets(86,5): message :     " (previous value: "
       C:\Program Files\dotnet\sdk\10.0.103\Sdks\Microsoft.NET.Sdk\targets\Microsoft.PackageDependencyResolution.targets(86,5): message :       ;
       C:\Program Files\dotnet\sdk\10.0.103\Sdks\Microsoft.NET.Sdk\targets\Microsoft.PackageDependencyResolution.targets(86,5): message :       PrepareResourceNames;
       C:\Program Files\dotnet\sdk\10.0.103\Sdks\Microsoft.NET.Sdk\targets\Microsoft.PackageDependencyResolution.targets(86,5): message :       ResGen;
       C:\Program Files\dotnet\sdk\10.0.103\Sdks\Microsoft.NET.Sdk\targets\Microsoft.PackageDependencyResolution.targets(86,5): message :       CompileLicxFiles
       C:\Program Files\dotnet\sdk\10.0.103\Sdks\Microsoft.NET.Sdk\targets\Microsoft.PackageDependencyResolution.targets(86,5): message :     ") at C:\Program Files\dotnet\sdk\10.0.103\Sdks\Microsoft.NET.Sdk\targets\Microsoft.PackageDependencyResolution.targets (86,5)
       C:\Program Files\dotnet\sdk\10.0.103\Sdks\Microsoft.NET.Sdk\targets\Microsoft.NET.Sdk.DefaultItems.targets(41,5): message : Property reassignment: $(DefaultItemExcludes)=";bin\Debug\/**;obj\Debug\/**;bin\/**;obj\/**;**/*.user;**/*.*proj" (previous value: ";bin\Debug\/**;obj\Debug\/**;bin\/**;obj\/**;**/*.user") at C:\Program Files\dotnet\sdk\10.0.103\Sdks\Microsoft.NET.Sdk\targets\Microsoft.NET.Sdk.DefaultItems.targets (41,5)
       C:\Program Files\dotnet\sdk\10.0.103\Sdks\Microsoft.NET.Sdk\targets\Microsoft.NET.Sdk.targets(81,5): message : Property reassignment: $(GenerateRuntimeConfigDevFile)="false" (previous value: "true") at C:\Program Files\dotnet\sdk\10.0.103\Sdks\Microsoft.NET.Sdk\targets\Microsoft.NET.Sdk.targets (81,5)
       C:\Program Files\dotnet\sdk\10.0.103\Sdks\Microsoft.NET.Sdk\targets\Microsoft.NET.Sdk.targets(44,5): message : Property reassignment: $(_GenerateRuntimeConfigurationPropertyInputsCache)="c:\Apps\TicketConsolidator\src\TicketConsolidator.Application\obj\Debug\net10.0\TicketConsolidator.Application.genruntimeconfig.cache" (previous value: "obj\Debug\net10.0\TicketConsolidator.Application.genruntimeconfig.cache") at C:\Program Files\dotnet\sdk\10.0.103\Sdks\Microsoft.NET.Sdk\targets\Microsoft.NET.Sdk.targets (44,5)
       C:\Program Files\dotnet\sdk\10.0.103\Sdks\Microsoft.NET.Sdk\targets\Microsoft.NET.Sdk.targets(98,5): message : Property reassignment: $(_DefaultUserProfileRuntimeStorePath)="C:\Users\krish.maniar.ATPL-LAP-723" (previous value: "") at C:\Program Files\dotnet\sdk\10.0.103\Sdks\Microsoft.NET.Sdk\targets\Microsoft.NET.Sdk.targets (98,5)
       C:\Program Files\dotnet\sdk\10.0.103\Sdks\Microsoft.NET.Sdk\targets\Microsoft.NET.Sdk.DefaultItems.targets(42,5): message : Property reassignment: $(DefaultItemExcludes)=";bin\Debug\/**;obj\Debug\/**;bin\/**;obj\/**;**/*.user;**/*.*proj;**/*.sln" (previous value: ";bin\Debug\/**;obj\Debug\/**;bin\/**;obj\/**;**/*.user;**/*.*proj") at C:\Program Files\dotnet\sdk\10.0.103\Sdks\Microsoft.NET.Sdk\targets\Microsoft.NET.Sdk.DefaultItems.targets (42,5)
       C:\Program Files\dotnet\sdk\10.0.103\Sdks\Microsoft.NET.Sdk\targets\Microsoft.NET.Sdk.targets(46,5): message : Property reassignment: $(_GeneratePublishDependencyFilePropertyInputsCache)="c:\Apps\TicketConsolidator\src\TicketConsolidator.Application\obj\Debug\net10.0\TicketConsolidator.Application.genpublishdeps.cache" (previous value: "obj\Debug\net10.0\TicketConsolidator.Application.genpublishdeps.cache") at C:\Program Files\dotnet\sdk\10.0.103\Sdks\Microsoft.NET.Sdk\targets\Microsoft.NET.Sdk.targets (46,5)
       C:\Program Files\dotnet\sdk\10.0.103\Sdks\Microsoft.NET.Sdk\targets\Microsoft.NET.Sdk.DefaultItems.targets(35,5): message : Property reassignment: $(DefaultItemExcludes)=";**\node_modules\**;node_modules\**;**\jspm_packages\**;jspm_packages\**;**\bower_components\**;bower_components\**;**\packages.lock.json;bin\Debug\/**;obj\Debug\/**;bin\/**" (previous value: ";**\node_modules\**;node_modules\**;**\jspm_packages\**;jspm_packages\**;**\bower_components\**;bower_components\**;**\packages.lock.json;bin\Debug\/**;obj\Debug\/**") at C:\Program Files\dotnet\sdk\10.0.103\Sdks\Microsoft.NET.Sdk\targets\Microsoft.NET.Sdk.DefaultItems.targets (35,5)
       C:\Program Files\dotnet\sdk\10.0.103\Sdks\Microsoft.NET.Sdk\targets\Microsoft.NET.Sdk.targets(48,5): message : Property reassignment: $(_GenerateSingleFileBundlePropertyInputsCache)="c:\Apps\TicketConsolidator\src\TicketConsolidator.Application\obj\Debug\net10.0\TicketConsolidator.Application.genbundle.cache" (previous value: "obj\Debug\net10.0\TicketConsolidator.Application.genbundle.cache") at C:\Program Files\dotnet\sdk\10.0.103\Sdks\Microsoft.NET.Sdk\targets\Microsoft.NET.Sdk.targets (48,5)
       C:\Program Files\dotnet\sdk\10.0.103\Sdks\Microsoft.NET.Sdk\targets\Microsoft.NET.Sdk.DefaultItems.targets(43,5): message : Property reassignment: $(DefaultItemExcludes)=";bin\Debug\/**;obj\Debug\/**;bin\/**;obj\/**;**/*.user;**/*.*proj;**/*.sln;**/*.slnx" (previous value: ";bin\Debug\/**;obj\Debug\/**;bin\/**;obj\/**;**/*.user;**/*.*proj;**/*.sln") at C:\Program Files\dotnet\sdk\10.0.103\Sdks\Microsoft.NET.Sdk\targets\Microsoft.NET.Sdk.DefaultItems.targets (43,5)
       C:\Program Files\dotnet\sdk\10.0.103\Sdks\Microsoft.NET.Sdk\targets\Microsoft.NET.Sdk.targets(99,5): message : Property reassignment: $(_DefaultUserProfileRuntimeStorePath)="C:\Users\krish.maniar.ATPL-LAP-723\.dotnet\store" (previous value: "C:\Users\krish.maniar.ATPL-LAP-723") at C:\Program Files\dotnet\sdk\10.0.103\Sdks\Microsoft.NET.Sdk\targets\Microsoft.NET.Sdk.targets (99,5)
       C:\Program Files\dotnet\sdk\10.0.103\Sdks\Microsoft.NET.Sdk\targets\Microsoft.NET.Sdk.DefaultItems.targets(37,5): message : Property reassignment: $(DefaultItemExcludes)=";**\node_modules\**;node_modules\**;**\jspm_packages\**;jspm_packages\**;**\bower_components\**;bower_components\**;**\packages.lock.json;bin\Debug\/**;obj\Debug\/**;bin\/**;obj\/**" (previous value: ";**\node_modules\**;node_modules\**;**\jspm_packages\**;jspm_packages\**;**\bower_components\**;bower_components\**;**\packages.lock.json;bin\Debug\/**;obj\Debug\/**;bin\/**") at C:\Program Files\dotnet\sdk\10.0.103\Sdks\Microsoft.NET.Sdk\targets\Microsoft.NET.Sdk.DefaultItems.targets (37,5)
       C:\Program Files\dotnet\sdk\10.0.103\Sdks\Microsoft.NET.Sdk\targets\Microsoft.NET.Sdk.DefaultItems.targets(44,5): message : Property reassignment: $(DefaultItemExcludes)=";bin\Debug\/**;obj\Debug\/**;bin\/**;obj\/**;**/*.user;**/*.*proj;**/*.sln;**/*.slnx;**/*.vssscc" (previous value: ";bin\Debug\/**;obj\Debug\/**;bin\/**;obj\/**;**/*.user;**/*.*proj;**/*.sln;**/*.slnx") at C:\Program Files\dotnet\sdk\10.0.103\Sdks\Microsoft.NET.Sdk\targets\Microsoft.NET.Sdk.DefaultItems.targets (44,5)
       C:\Program Files\dotnet\sdk\10.0.103\Sdks\Microsoft.NET.Sdk\targets\Microsoft.NET.Sdk.targets(81,5): message : Property reassignment: $(GenerateRuntimeConfigDevFile)="false" (previous value: "true") at C:\Program Files\dotnet\sdk\10.0.103\Sdks\Microsoft.NET.Sdk\targets\Microsoft.NET.Sdk.targets (81,5)
       C:\Program Files\dotnet\sdk\10.0.103\Sdks\Microsoft.NET.Sdk\targets\Microsoft.NET.Sdk.targets(144,5): message : Property reassignment: $(AvailablePlatforms)="Any CPU,x86,x64,ARM32" (previous value: "Any CPU,x86,x64") at C:\Program Files\dotnet\sdk\10.0.103\Sdks\Microsoft.NET.Sdk\targets\Microsoft.NET.Sdk.targets (144,5)
       C:\Program Files\dotnet\sdk\10.0.103\Sdks\Microsoft.NET.Sdk\targets\Microsoft.NET.Sdk.DefaultItems.targets(40,5): message : Property reassignment: $(DefaultItemExcludes)=";**\node_modules\**;node_modules\**;**\jspm_packages\**;jspm_packages\**;**\bower_components\**;bower_components\**;**\packages.lock.json;bin\Debug\/**;obj\Debug\/**;bin\/**;obj\/**;**/*.user" (previous value: ";**\node_modules\**;node_modules\**;**\jspm_packages\**;jspm_packages\**;**\bower_components\**;bower_components\**;**\packages.lock.json;bin\Debug\/**;obj\Debug\/**;bin\/**;obj\/**") at C:\Program Files\dotnet\sdk\10.0.103\Sdks\Microsoft.NET.Sdk\targets\Microsoft.NET.Sdk.DefaultItems.targets (40,5)
       C:\Program Files\dotnet\sdk\10.0.103\Sdks\Microsoft.NET.Sdk\targets\Microsoft.NET.Sdk.DefaultItems.targets(45,5): message : Property reassignment: $(DefaultItemExcludes)=";bin\Debug\/**;obj\Debug\/**;bin\/**;obj\/**;**/*.user;**/*.*proj;**/*.sln;**/*.slnx;**/*.vssscc;**/.DS_Store" (previous value: ";bin\Debug\/**;obj\Debug\/**;bin\/**;obj\/**;**/*.user;**/*.*proj;**/*.sln;**/*.slnx;**/*.vssscc") at C:\Program Files\dotnet\sdk\10.0.103\Sdks\Microsoft.NET.Sdk\targets\Microsoft.NET.Sdk.DefaultItems.targets (45,5)
       C:\Program Files\dotnet\sdk\10.0.103\Sdks\Microsoft.NET.Sdk\targets\Microsoft.NET.Sdk.targets(148,5): message : Property reassignment: $(AvailablePlatforms)="Any CPU,x86,x64,ARM32,ARM64" (previous value: "Any CPU,x86,x64,ARM32") at C:\Program Files\dotnet\sdk\10.0.103\Sdks\Microsoft.NET.Sdk\targets\Microsoft.NET.Sdk.targets (148,5)
       C:\Program Files\dotnet\sdk\10.0.103\Sdks\Microsoft.NET.Sdk\targets\Microsoft.NET.Sdk.FrameworkReferenceResolution.targets(14,5): message : Property reassignment: $(ResolveAssemblyReferencesDependsOn)="
       C:\Program Files\dotnet\sdk\10.0.103\Sdks\Microsoft.NET.Sdk\targets\Microsoft.NET.Sdk.FrameworkReferenceResolution.targets(14,5): message :       
       C:\Program Files\dotnet\sdk\10.0.103\Sdks\Microsoft.NET.Sdk\targets\Microsoft.NET.Sdk.FrameworkReferenceResolution.targets(14,5): message :       
       C:\Program Files\dotnet\sdk\10.0.103\Sdks\Microsoft.NET.Sdk\targets\Microsoft.NET.Sdk.FrameworkReferenceResolution.targets(14,5): message :       ResolveProjectReferences;
       C:\Program Files\dotnet\sdk\10.0.103\Sdks\Microsoft.NET.Sdk\targets\Microsoft.NET.Sdk.FrameworkReferenceResolution.targets(14,5): message :       FindInvalidProjectReferences;
       C:\Program Files\dotnet\sdk\10.0.103\Sdks\Microsoft.NET.Sdk\targets\Microsoft.NET.Sdk.FrameworkReferenceResolution.targets(14,5): message :       GetFrameworkPaths;
       C:\Program Files\dotnet\sdk\10.0.103\Sdks\Microsoft.NET.Sdk\targets\Microsoft.NET.Sdk.FrameworkReferenceResolution.targets(14,5): message :       GetReferenceAssemblyPaths;
       C:\Program Files\dotnet\sdk\10.0.103\Sdks\Microsoft.NET.Sdk\targets\Microsoft.NET.Sdk.FrameworkReferenceResolution.targets(14,5): message :       PrepareForBuild;
       C:\Program Files\dotnet\sdk\10.0.103\Sdks\Microsoft.NET.Sdk\targets\Microsoft.NET.Sdk.FrameworkReferenceResolution.targets(14,5): message :       ResolveSDKReferences;
       C:\Program Files\dotnet\sdk\10.0.103\Sdks\Microsoft.NET.Sdk\targets\Microsoft.NET.Sdk.FrameworkReferenceResolution.targets(14,5): message :       ExpandSDKReferences;
       C:\Program Files\dotnet\sdk\10.0.103\Sdks\Microsoft.NET.Sdk\targets\Microsoft.NET.Sdk.FrameworkReferenceResolution.targets(14,5): message :     ;
       C:\Program Files\dotnet\sdk\10.0.103\Sdks\Microsoft.NET.Sdk\targets\Microsoft.NET.Sdk.FrameworkReferenceResolution.targets(14,5): message :       ResolvePackageDependenciesForBuild;
       C:\Program Files\dotnet\sdk\10.0.103\Sdks\Microsoft.NET.Sdk\targets\Microsoft.NET.Sdk.FrameworkReferenceResolution.targets(14,5): message :       _HandlePackageFileConflicts;
       C:\Program Files\dotnet\sdk\10.0.103\Sdks\Microsoft.NET.Sdk\targets\Microsoft.NET.Sdk.FrameworkReferenceResolution.targets(14,5): message :     ;
       C:\Program Files\dotnet\sdk\10.0.103\Sdks\Microsoft.NET.Sdk\targets\Microsoft.NET.Sdk.FrameworkReferenceResolution.targets(14,5): message :       ResolveTargetingPackAssets;
       C:\Program Files\dotnet\sdk\10.0.103\Sdks\Microsoft.NET.Sdk\targets\Microsoft.NET.Sdk.FrameworkReferenceResolution.targets(14,5): message :     " (previous value: "
       C:\Program Files\dotnet\sdk\10.0.103\Sdks\Microsoft.NET.Sdk\targets\Microsoft.NET.Sdk.FrameworkReferenceResolution.targets(14,5): message :       
       C:\Program Files\dotnet\sdk\10.0.103\Sdks\Microsoft.NET.Sdk\targets\Microsoft.NET.Sdk.FrameworkReferenceResolution.targets(14,5): message :       ResolveProjectReferences;
       C:\Program Files\dotnet\sdk\10.0.103\Sdks\Microsoft.NET.Sdk\targets\Microsoft.NET.Sdk.FrameworkReferenceResolution.targets(14,5): message :       FindInvalidProjectReferences;
       C:\Program Files\dotnet\sdk\10.0.103\Sdks\Microsoft.NET.Sdk\targets\Microsoft.NET.Sdk.FrameworkReferenceResolution.targets(14,5): message :       GetFrameworkPaths;
       C:\Program Files\dotnet\sdk\10.0.103\Sdks\Microsoft.NET.Sdk\targets\Microsoft.NET.Sdk.FrameworkReferenceResolution.targets(14,5): message :       GetReferenceAssemblyPaths;
       C:\Program Files\dotnet\sdk\10.0.103\Sdks\Microsoft.NET.Sdk\targets\Microsoft.NET.Sdk.FrameworkReferenceResolution.targets(14,5): message :       PrepareForBuild;
       C:\Program Files\dotnet\sdk\10.0.103\Sdks\Microsoft.NET.Sdk\targets\Microsoft.NET.Sdk.FrameworkReferenceResolution.targets(14,5): message :       ResolveSDKReferences;
       C:\Program Files\dotnet\sdk\10.0.103\Sdks\Microsoft.NET.Sdk\targets\Microsoft.NET.Sdk.FrameworkReferenceResolution.targets(14,5): message :       ExpandSDKReferences;
       C:\Program Files\dotnet\sdk\10.0.103\Sdks\Microsoft.NET.Sdk\targets\Microsoft.NET.Sdk.FrameworkReferenceResolution.targets(14,5): message :     ;
       C:\Program Files\dotnet\sdk\10.0.103\Sdks\Microsoft.NET.Sdk\targets\Microsoft.NET.Sdk.FrameworkReferenceResolution.targets(14,5): message :       ResolvePackageDependenciesForBuild;
       C:\Program Files\dotnet\sdk\10.0.103\Sdks\Microsoft.NET.Sdk\targets\Microsoft.NET.Sdk.FrameworkReferenceResolution.targets(14,5): message :       _HandlePackageFileConflicts;
       C:\Program Files\dotnet\sdk\10.0.103\Sdks\Microsoft.NET.Sdk\targets\Microsoft.NET.Sdk.FrameworkReferenceResolution.targets(14,5): message :     ") at C:\Program Files\dotnet\sdk\10.0.103\Sdks\Microsoft.NET.Sdk\targets\Microsoft.NET.Sdk.FrameworkReferenceResolution.targets (14,5)
       C:\Program Files\dotnet\sdk\10.0.103\Sdks\Microsoft.NET.Sdk\targets\Microsoft.NET.Sdk.DefaultItems.targets(41,5): message : Property reassignment: $(DefaultItemExcludes)=";**\node_modules\**;node_modules\**;**\jspm_packages\**;jspm_packages\**;**\bower_components\**;bower_components\**;**\packages.lock.json;bin\Debug\/**;obj\Debug\/**;bin\/**;obj\/**;**/*.user;**/*.*proj" (previous value: ";**\node_modules\**;node_modules\**;**\jspm_packages\**;jspm_packages\**;**\bower_components\**;bower_components\**;**\packages.lock.json;bin\Debug\/**;obj\Debug\/**;bin\/**;obj\/**;**/*.user") at C:\Program Files\dotnet\sdk\10.0.103\Sdks\Microsoft.NET.Sdk\targets\Microsoft.NET.Sdk.DefaultItems.targets (41,5)
       C:\Program Files\dotnet\sdk\10.0.103\Sdks\Microsoft.NET.Sdk\targets\Microsoft.NET.Sdk.targets(98,5): message : Property reassignment: $(_DefaultUserProfileRuntimeStorePath)="C:\Users\krish.maniar.ATPL-LAP-723" (previous value: "") at C:\Program Files\dotnet\sdk\10.0.103\Sdks\Microsoft.NET.Sdk\targets\Microsoft.NET.Sdk.targets (98,5)
       C:\Program Files\dotnet\sdk\10.0.103\Sdks\Microsoft.NET.Sdk\targets\Microsoft.NET.Sdk.targets(204,5): message : Property reassignment: $(CoreBuildDependsOn)="
       C:\Program Files\dotnet\sdk\10.0.103\Sdks\Microsoft.NET.Sdk\targets\Microsoft.NET.Sdk.targets(204,5): message :       _CheckForBuildWithNoBuild;
       C:\Program Files\dotnet\sdk\10.0.103\Sdks\Microsoft.NET.Sdk\targets\Microsoft.NET.Sdk.targets(204,5): message :       
       C:\Program Files\dotnet\sdk\10.0.103\Sdks\Microsoft.NET.Sdk\targets\Microsoft.NET.Sdk.targets(204,5): message :       BuildOnlySettings;
       C:\Program Files\dotnet\sdk\10.0.103\Sdks\Microsoft.NET.Sdk\targets\Microsoft.NET.Sdk.targets(204,5): message :       PrepareForBuild;
       C:\Program Files\dotnet\sdk\10.0.103\Sdks\Microsoft.NET.Sdk\targets\Microsoft.NET.Sdk.targets(204,5): message :       PreBuildEvent;
       C:\Program Files\dotnet\sdk\10.0.103\Sdks\Microsoft.NET.Sdk\targets\Microsoft.NET.Sdk.targets(204,5): message :       ResolveReferences;
       C:\Program Files\dotnet\sdk\10.0.103\Sdks\Microsoft.NET.Sdk\targets\Microsoft.NET.Sdk.targets(204,5): message :       PrepareResources;
       C:\Program Files\dotnet\sdk\10.0.103\Sdks\Microsoft.NET.Sdk\targets\Microsoft.NET.Sdk.targets(204,5): message :       ResolveKeySource;
       C:\Program Files\dotnet\sdk\10.0.103\Sdks\Microsoft.NET.Sdk\targets\Microsoft.NET.Sdk.targets(204,5): message :       Compile;
       C:\Program Files\dotnet\sdk\10.0.103\Sdks\Microsoft.NET.Sdk\targets\Microsoft.NET.Sdk.targets(204,5): message :       ExportWindowsMDFile;
       C:\Program Files\dotnet\sdk\10.0.103\Sdks\Microsoft.NET.Sdk\targets\Microsoft.NET.Sdk.targets(204,5): message :       UnmanagedUnregistration;
       C:\Program Files\dotnet\sdk\10.0.103\Sdks\Microsoft.NET.Sdk\targets\Microsoft.NET.Sdk.targets(204,5): message :       GenerateSerializationAssemblies;
       C:\Program Files\dotnet\sdk\10.0.103\Sdks\Microsoft.NET.Sdk\targets\Microsoft.NET.Sdk.targets(204,5): message :       CreateSatelliteAssemblies;
       C:\Program Files\dotnet\sdk\10.0.103\Sdks\Microsoft.NET.Sdk\targets\Microsoft.NET.Sdk.targets(204,5): message :       GenerateManifests;
       C:\Program Files\dotnet\sdk\10.0.103\Sdks\Microsoft.NET.Sdk\targets\Microsoft.NET.Sdk.targets(204,5): message :       GetTargetPath;
       C:\Program Files\dotnet\sdk\10.0.103\Sdks\Microsoft.NET.Sdk\targets\Microsoft.NET.Sdk.targets(204,5): message :       PrepareForRun;
       C:\Program Files\dotnet\sdk\10.0.103\Sdks\Microsoft.NET.Sdk\targets\Microsoft.NET.Sdk.targets(204,5): message :       UnmanagedRegistration;
       C:\Program Files\dotnet\sdk\10.0.103\Sdks\Microsoft.NET.Sdk\targets\Microsoft.NET.Sdk.targets(204,5): message :       IncrementalClean;
       C:\Program Files\dotnet\sdk\10.0.103\Sdks\Microsoft.NET.Sdk\targets\Microsoft.NET.Sdk.targets(204,5): message :       PostBuildEvent
       C:\Program Files\dotnet\sdk\10.0.103\Sdks\Microsoft.NET.Sdk\targets\Microsoft.NET.Sdk.targets(204,5): message :     ;
       C:\Program Files\dotnet\sdk\10.0.103\Sdks\Microsoft.NET.Sdk\targets\Microsoft.NET.Sdk.targets(204,5): message :       GenerateBuildDependencyFile;
       C:\Program Files\dotnet\sdk\10.0.103\Sdks\Microsoft.NET.Sdk\targets\Microsoft.NET.Sdk.targets(204,5): message :       GenerateBuildRuntimeConfigurationFiles
       C:\Program Files\dotnet\sdk\10.0.103\Sdks\Microsoft.NET.Sdk\targets\Microsoft.NET.Sdk.targets(204,5): message :     " (previous value: "
       C:\Program Files\dotnet\sdk\10.0.103\Sdks\Microsoft.NET.Sdk\targets\Microsoft.NET.Sdk.targets(204,5): message :       BuildOnlySettings;
       C:\Program Files\dotnet\sdk\10.0.103\Sdks\Microsoft.NET.Sdk\targets\Microsoft.NET.Sdk.targets(204,5): message :       PrepareForBuild;
       C:\Program Files\dotnet\sdk\10.0.103\Sdks\Microsoft.NET.Sdk\targets\Microsoft.NET.Sdk.targets(204,5): message :       PreBuildEvent;
       C:\Program Files\dotnet\sdk\10.0.103\Sdks\Microsoft.NET.Sdk\targets\Microsoft.NET.Sdk.targets(204,5): message :       ResolveReferences;
       C:\Program Files\dotnet\sdk\10.0.103\Sdks\Microsoft.NET.Sdk\targets\Microsoft.NET.Sdk.targets(204,5): message :       PrepareResources;
       C:\Program Files\dotnet\sdk\10.0.103\Sdks\Microsoft.NET.Sdk\targets\Microsoft.NET.Sdk.targets(204,5): message :       ResolveKeySource;
       C:\Program Files\dotnet\sdk\10.0.103\Sdks\Microsoft.NET.Sdk\targets\Microsoft.NET.Sdk.targets(204,5): message :       Compile;
       C:\Program Files\dotnet\sdk\10.0.103\Sdks\Microsoft.NET.Sdk\targets\Microsoft.NET.Sdk.targets(204,5): message :       ExportWindowsMDFile;
       C:\Program Files\dotnet\sdk\10.0.103\Sdks\Microsoft.NET.Sdk\targets\Microsoft.NET.Sdk.targets(204,5): message :       UnmanagedUnregistration;
       C:\Program Files\dotnet\sdk\10.0.103\Sdks\Microsoft.NET.Sdk\targets\Microsoft.NET.Sdk.targets(204,5): message :       GenerateSerializationAssemblies;
       C:\Program Files\dotnet\sdk\10.0.103\Sdks\Microsoft.NET.Sdk\targets\Microsoft.NET.Sdk.targets(204,5): message :       CreateSatelliteAssemblies;
       C:\Program Files\dotnet\sdk\10.0.103\Sdks\Microsoft.NET.Sdk\targets\Microsoft.NET.Sdk.targets(204,5): message :       GenerateManifests;
       C:\Program Files\dotnet\sdk\10.0.103\Sdks\Microsoft.NET.Sdk\targets\Microsoft.NET.Sdk.targets(204,5): message :       GetTargetPath;
       C:\Program Files\dotnet\sdk\10.0.103\Sdks\Microsoft.NET.Sdk\targets\Microsoft.NET.Sdk.targets(204,5): message :       PrepareForRun;
       C:\Program Files\dotnet\sdk\10.0.103\Sdks\Microsoft.NET.Sdk\targets\Microsoft.NET.Sdk.targets(204,5): message :       UnmanagedRegistration;
       C:\Program Files\dotnet\sdk\10.0.103\Sdks\Microsoft.NET.Sdk\targets\Microsoft.NET.Sdk.targets(204,5): message :       IncrementalClean;
       C:\Program Files\dotnet\sdk\10.0.103\Sdks\Microsoft.NET.Sdk\targets\Microsoft.NET.Sdk.targets(204,5): message :       PostBuildEvent
       C:\Program Files\dotnet\sdk\10.0.103\Sdks\Microsoft.NET.Sdk\targets\Microsoft.NET.Sdk.targets(204,5): message :     ") at C:\Program Files\dotnet\sdk\10.0.103\Sdks\Microsoft.NET.Sdk\targets\Microsoft.NET.Sdk.targets (204,5)
       C:\Program Files\dotnet\sdk\10.0.103\Sdks\Microsoft.NET.Sdk\targets\Microsoft.NET.Sdk.DefaultItems.targets(42,5): message : Property reassignment: $(DefaultItemExcludes)=";**\node_modules\**;node_modules\**;**\jspm_packages\**;jspm_packages\**;**\bower_components\**;bower_components\**;**\packages.lock.json;bin\Debug\/**;obj\Debug\/**;bin\/**;obj\/**;**/*.user;**/*.*proj;**/*.sln" (previous value: ";**\node_modules\**;node_modules\**;**\jspm_packages\**;jspm_packages\**;**\bower_components\**;bower_components\**;**\packages.lock.json;bin\Debug\/**;obj\Debug\/**;bin\/**;obj\/**;**/*.user;**/*.*proj") at C:\Program Files\dotnet\sdk\10.0.103\Sdks\Microsoft.NET.Sdk\targets\Microsoft.NET.Sdk.DefaultItems.targets (42,5)
       C:\Program Files\dotnet\sdk\10.0.103\Sdks\Microsoft.NET.Sdk\targets\Microsoft.NET.Sdk.targets(44,5): message : Property reassignment: $(_GenerateRuntimeConfigurationPropertyInputsCache)="c:\Apps\TicketConsolidator\src\TicketConsolidator.Infrastructure\obj\Debug\net10.0-windows\TicketConsolidator.Infrastructure.genruntimeconfig.cache" (previous value: "obj\Debug\net10.0-windows\TicketConsolidator.Infrastructure.genruntimeconfig.cache") at C:\Program Files\dotnet\sdk\10.0.103\Sdks\Microsoft.NET.Sdk\targets\Microsoft.NET.Sdk.targets (44,5)
       C:\Program Files\dotnet\sdk\10.0.103\Sdks\Microsoft.NET.Sdk\targets\Microsoft.NET.Sdk.targets(213,5): message : Property reassignment: $(CoreCleanDependsOn)="
       C:\Program Files\dotnet\sdk\10.0.103\Sdks\Microsoft.NET.Sdk\targets\Microsoft.NET.Sdk.targets(213,5): message :       _SdkBeforeClean;
       C:\Program Files\dotnet\sdk\10.0.103\Sdks\Microsoft.NET.Sdk\targets\Microsoft.NET.Sdk.targets(213,5): message :       
       C:\Program Files\dotnet\sdk\10.0.103\Sdks\Microsoft.NET.Sdk\targets\Microsoft.NET.Sdk.targets(213,5): message :     " (previous value: "") at C:\Program Files\dotnet\sdk\10.0.103\Sdks\Microsoft.NET.Sdk\targets\Microsoft.NET.Sdk.targets (213,5)
       C:\Program Files\dotnet\sdk\10.0.103\Sdks\Microsoft.NET.Sdk\targets\Microsoft.NET.Sdk.targets(99,5): message : Property reassignment: $(_DefaultUserProfileRuntimeStorePath)="C:\Users\krish.maniar.ATPL-LAP-723\.dotnet\store" (previous value: "C:\Users\krish.maniar.ATPL-LAP-723") at C:\Program Files\dotnet\sdk\10.0.103\Sdks\Microsoft.NET.Sdk\targets\Microsoft.NET.Sdk.targets (99,5)
       C:\Program Files\dotnet\sdk\10.0.103\Sdks\Microsoft.NET.Sdk\targets\Microsoft.NET.Sdk.DefaultItems.targets(43,5): message : Property reassignment: $(DefaultItemExcludes)=";**\node_modules\**;node_modules\**;**\jspm_packages\**;jspm_packages\**;**\bower_components\**;bower_components\**;**\packages.lock.json;bin\Debug\/**;obj\Debug\/**;bin\/**;obj\/**;**/*.user;**/*.*proj;**/*.sln;**/*.slnx" (previous value: ";**\node_modules\**;node_modules\**;**\jspm_packages\**;jspm_packages\**;**\bower_components\**;bower_components\**;**\packages.lock.json;bin\Debug\/**;obj\Debug\/**;bin\/**;obj\/**;**/*.user;**/*.*proj;**/*.sln") at C:\Program Files\dotnet\sdk\10.0.103\Sdks\Microsoft.NET.Sdk\targets\Microsoft.NET.Sdk.DefaultItems.targets (43,5)
       C:\Program Files\dotnet\sdk\10.0.103\Sdks\Microsoft.NET.Sdk\targets\Microsoft.NET.Sdk.targets(144,5): message : Property reassignment: $(AvailablePlatforms)="Any CPU,x86,x64,ARM32" (previous value: "Any CPU,x86,x64") at C:\Program Files\dotnet\sdk\10.0.103\Sdks\Microsoft.NET.Sdk\targets\Microsoft.NET.Sdk.targets (144,5)
       C:\Program Files\dotnet\sdk\10.0.103\Sdks\Microsoft.NET.Sdk\targets\Microsoft.NET.Sdk.targets(46,5): message : Property reassignment: $(_GeneratePublishDependencyFilePropertyInputsCache)="c:\Apps\TicketConsolidator\src\TicketConsolidator.Infrastructure\obj\Debug\net10.0-windows\TicketConsolidator.Infrastructure.genpublishdeps.cache" (previous value: "obj\Debug\net10.0-windows\TicketConsolidator.Infrastructure.genpublishdeps.cache") at C:\Program Files\dotnet\sdk\10.0.103\Sdks\Microsoft.NET.Sdk\targets\Microsoft.NET.Sdk.targets (46,5)
       C:\Program Files\dotnet\sdk\10.0.103\Sdks\Microsoft.NET.Sdk\targets\Microsoft.NET.Sdk.DefaultItems.targets(44,5): message : Property reassignment: $(DefaultItemExcludes)=";**\node_modules\**;node_modules\**;**\jspm_packages\**;jspm_packages\**;**\bower_components\**;bower_components\**;**\packages.lock.json;bin\Debug\/**;obj\Debug\/**;bin\/**;obj\/**;**/*.user;**/*.*proj;**/*.sln;**/*.slnx;**/*.vssscc" (previous value: ";**\node_modules\**;node_modules\**;**\jspm_packages\**;jspm_packages\**;**\bower_components\**;bower_components\**;**\packages.lock.json;bin\Debug\/**;obj\Debug\/**;bin\/**;obj\/**;**/*.user;**/*.*proj;**/*.sln;**/*.slnx") at C:\Program Files\dotnet\sdk\10.0.103\Sdks\Microsoft.NET.Sdk\targets\Microsoft.NET.Sdk.DefaultItems.targets (44,5)
       C:\Program Files\dotnet\sdk\10.0.103\Sdks\Microsoft.NET.Sdk\targets\Microsoft.NET.Sdk.targets(220,5): message : Property reassignment: $(RebuildDependsOn)="
       C:\Program Files\dotnet\sdk\10.0.103\Sdks\Microsoft.NET.Sdk\targets\Microsoft.NET.Sdk.targets(220,5): message :       _SdkBeforeRebuild;
       C:\Program Files\dotnet\sdk\10.0.103\Sdks\Microsoft.NET.Sdk\targets\Microsoft.NET.Sdk.targets(220,5): message :       
       C:\Program Files\dotnet\sdk\10.0.103\Sdks\Microsoft.NET.Sdk\targets\Microsoft.NET.Sdk.targets(220,5): message :       BeforeRebuild;
       C:\Program Files\dotnet\sdk\10.0.103\Sdks\Microsoft.NET.Sdk\targets\Microsoft.NET.Sdk.targets(220,5): message :       Clean;
       C:\Program Files\dotnet\sdk\10.0.103\Sdks\Microsoft.NET.Sdk\targets\Microsoft.NET.Sdk.targets(220,5): message :       Build;
       C:\Program Files\dotnet\sdk\10.0.103\Sdks\Microsoft.NET.Sdk\targets\Microsoft.NET.Sdk.targets(220,5): message :       AfterRebuild;
       C:\Program Files\dotnet\sdk\10.0.103\Sdks\Microsoft.NET.Sdk\targets\Microsoft.NET.Sdk.targets(220,5): message :     
       C:\Program Files\dotnet\sdk\10.0.103\Sdks\Microsoft.NET.Sdk\targets\Microsoft.NET.Sdk.targets(220,5): message :     " (previous value: "
       C:\Program Files\dotnet\sdk\10.0.103\Sdks\Microsoft.NET.Sdk\targets\Microsoft.NET.Sdk.targets(220,5): message :       BeforeRebuild;
       C:\Program Files\dotnet\sdk\10.0.103\Sdks\Microsoft.NET.Sdk\targets\Microsoft.NET.Sdk.targets(220,5): message :       Clean;
       C:\Program Files\dotnet\sdk\10.0.103\Sdks\Microsoft.NET.Sdk\targets\Microsoft.NET.Sdk.targets(220,5): message :       Build;
       C:\Program Files\dotnet\sdk\10.0.103\Sdks\Microsoft.NET.Sdk\targets\Microsoft.NET.Sdk.targets(220,5): message :       AfterRebuild;
       C:\Program Files\dotnet\sdk\10.0.103\Sdks\Microsoft.NET.Sdk\targets\Microsoft.NET.Sdk.targets(220,5): message :     ") at C:\Program Files\dotnet\sdk\10.0.103\Sdks\Microsoft.NET.Sdk\targets\Microsoft.NET.Sdk.targets (220,5)
       C:\Program Files\dotnet\sdk\10.0.103\Sdks\Microsoft.NET.Sdk\targets\Microsoft.NET.Sdk.targets(148,5): message : Property reassignment: $(AvailablePlatforms)="Any CPU,x86,x64,ARM32,ARM64" (previous value: "Any CPU,x86,x64,ARM32") at C:\Program Files\dotnet\sdk\10.0.103\Sdks\Microsoft.NET.Sdk\targets\Microsoft.NET.Sdk.targets (148,5)
       C:\Program Files\dotnet\sdk\10.0.103\Sdks\Microsoft.NET.Sdk\targets\Microsoft.NET.Sdk.DefaultItems.targets(45,5): message : Property reassignment: $(DefaultItemExcludes)=";**\node_modules\**;node_modules\**;**\jspm_packages\**;jspm_packages\**;**\bower_components\**;bower_components\**;**\packages.lock.json;bin\Debug\/**;obj\Debug\/**;bin\/**;obj\/**;**/*.user;**/*.*proj;**/*.sln;**/*.slnx;**/*.vssscc;**/.DS_Store" (previous value: ";**\node_modules\**;node_modules\**;**\jspm_packages\**;jspm_packages\**;**\bower_components\**;bower_components\**;**\packages.lock.json;bin\Debug\/**;obj\Debug\/**;bin\/**;obj\/**;**/*.user;**/*.*proj;**/*.sln;**/*.slnx;**/*.vssscc") at C:\Program Files\dotnet\sdk\10.0.103\Sdks\Microsoft.NET.Sdk\targets\Microsoft.NET.Sdk.DefaultItems.targets (45,5)
       C:\Program Files\dotnet\sdk\10.0.103\Sdks\Microsoft.NET.Sdk\targets\Microsoft.NET.Sdk.targets(799,5): message : Property reassignment: $(CompileDependsOn)="
       C:\Program Files\dotnet\sdk\10.0.103\Sdks\Microsoft.NET.Sdk\targets\Microsoft.NET.Sdk.targets(799,5): message :       
       C:\Program Files\dotnet\sdk\10.0.103\Sdks\Microsoft.NET.Sdk\targets\Microsoft.NET.Sdk.targets(799,5): message :       ResolveReferences;
       C:\Program Files\dotnet\sdk\10.0.103\Sdks\Microsoft.NET.Sdk\targets\Microsoft.NET.Sdk.targets(799,5): message :       ResolveKeySource;
       C:\Program Files\dotnet\sdk\10.0.103\Sdks\Microsoft.NET.Sdk\targets\Microsoft.NET.Sdk.targets(799,5): message :       SetWin32ManifestProperties;
       C:\Program Files\dotnet\sdk\10.0.103\Sdks\Microsoft.NET.Sdk\targets\Microsoft.NET.Sdk.targets(799,5): message :       _SetPreferNativeArm64Win32ManifestProperties;
       C:\Program Files\dotnet\sdk\10.0.103\Sdks\Microsoft.NET.Sdk\targets\Microsoft.NET.Sdk.targets(799,5): message :       FindReferenceAssembliesForReferences;
       C:\Program Files\dotnet\sdk\10.0.103\Sdks\Microsoft.NET.Sdk\targets\Microsoft.NET.Sdk.targets(799,5): message :       _GenerateCompileInputs;
       C:\Program Files\dotnet\sdk\10.0.103\Sdks\Microsoft.NET.Sdk\targets\Microsoft.NET.Sdk.targets(799,5): message :       BeforeCompile;
       C:\Program Files\dotnet\sdk\10.0.103\Sdks\Microsoft.NET.Sdk\targets\Microsoft.NET.Sdk.targets(799,5): message :       _TimeStampBeforeCompile;
       C:\Program Files\dotnet\sdk\10.0.103\Sdks\Microsoft.NET.Sdk\targets\Microsoft.NET.Sdk.targets(799,5): message :       _GenerateCompileDependencyCache;
       C:\Program Files\dotnet\sdk\10.0.103\Sdks\Microsoft.NET.Sdk\targets\Microsoft.NET.Sdk.targets(799,5): message :       CoreCompile;
       C:\Program Files\dotnet\sdk\10.0.103\Sdks\Microsoft.NET.Sdk\targets\Microsoft.NET.Sdk.targets(799,5): message :       _TimeStampAfterCompile;
       C:\Program Files\dotnet\sdk\10.0.103\Sdks\Microsoft.NET.Sdk\targets\Microsoft.NET.Sdk.targets(799,5): message :       AfterCompile;
       C:\Program Files\dotnet\sdk\10.0.103\Sdks\Microsoft.NET.Sdk\targets\Microsoft.NET.Sdk.targets(799,5): message :     ;
       C:\Program Files\dotnet\sdk\10.0.103\Sdks\Microsoft.NET.Sdk\targets\Microsoft.NET.Sdk.targets(799,5): message :       _CreateAppHost;
       C:\Program Files\dotnet\sdk\10.0.103\Sdks\Microsoft.NET.Sdk\targets\Microsoft.NET.Sdk.targets(799,5): message :       _CreateComHost;
       C:\Program Files\dotnet\sdk\10.0.103\Sdks\Microsoft.NET.Sdk\targets\Microsoft.NET.Sdk.targets(799,5): message :       _GetIjwHostPaths;
       C:\Program Files\dotnet\sdk\10.0.103\Sdks\Microsoft.NET.Sdk\targets\Microsoft.NET.Sdk.targets(799,5): message :     " (previous value: "
       C:\Program Files\dotnet\sdk\10.0.103\Sdks\Microsoft.NET.Sdk\targets\Microsoft.NET.Sdk.targets(799,5): message :       ResolveReferences;
       C:\Program Files\dotnet\sdk\10.0.103\Sdks\Microsoft.NET.Sdk\targets\Microsoft.NET.Sdk.targets(799,5): message :       ResolveKeySource;
       C:\Program Files\dotnet\sdk\10.0.103\Sdks\Microsoft.NET.Sdk\targets\Microsoft.NET.Sdk.targets(799,5): message :       SetWin32ManifestProperties;
       C:\Program Files\dotnet\sdk\10.0.103\Sdks\Microsoft.NET.Sdk\targets\Microsoft.NET.Sdk.targets(799,5): message :       _SetPreferNativeArm64Win32ManifestProperties;
       C:\Program Files\dotnet\sdk\10.0.103\Sdks\Microsoft.NET.Sdk\targets\Microsoft.NET.Sdk.targets(799,5): message :       FindReferenceAssembliesForReferences;
       C:\Program Files\dotnet\sdk\10.0.103\Sdks\Microsoft.NET.Sdk\targets\Microsoft.NET.Sdk.targets(799,5): message :       _GenerateCompileInputs;
       C:\Program Files\dotnet\sdk\10.0.103\Sdks\Microsoft.NET.Sdk\targets\Microsoft.NET.Sdk.targets(799,5): message :       BeforeCompile;
       C:\Program Files\dotnet\sdk\10.0.103\Sdks\Microsoft.NET.Sdk\targets\Microsoft.NET.Sdk.targets(799,5): message :       _TimeStampBeforeCompile;
       C:\Program Files\dotnet\sdk\10.0.103\Sdks\Microsoft.NET.Sdk\targets\Microsoft.NET.Sdk.targets(799,5): message :       _GenerateCompileDependencyCache;
       C:\Program Files\dotnet\sdk\10.0.103\Sdks\Microsoft.NET.Sdk\targets\Microsoft.NET.Sdk.targets(799,5): message :       CoreCompile;
       C:\Program Files\dotnet\sdk\10.0.103\Sdks\Microsoft.NET.Sdk\targets\Microsoft.NET.Sdk.targets(799,5): message :       _TimeStampAfterCompile;
       C:\Program Files\dotnet\sdk\10.0.103\Sdks\Microsoft.NET.Sdk\targets\Microsoft.NET.Sdk.targets(799,5): message :       AfterCompile;
       C:\Program Files\dotnet\sdk\10.0.103\Sdks\Microsoft.NET.Sdk\targets\Microsoft.NET.Sdk.targets(799,5): message :     ") at C:\Program Files\dotnet\sdk\10.0.103\Sdks\Microsoft.NET.Sdk\targets\Microsoft.NET.Sdk.targets (799,5)
       C:\Program Files\dotnet\sdk\10.0.103\Sdks\Microsoft.NET.Sdk\targets\Microsoft.NET.Sdk.targets(204,5): message : Property reassignment: $(CoreBuildDependsOn)="
       C:\Program Files\dotnet\sdk\10.0.103\Sdks\Microsoft.NET.Sdk\targets\Microsoft.NET.Sdk.targets(204,5): message :       _CheckForBuildWithNoBuild;
       C:\Program Files\dotnet\sdk\10.0.103\Sdks\Microsoft.NET.Sdk\targets\Microsoft.NET.Sdk.targets(204,5): message :       
       C:\Program Files\dotnet\sdk\10.0.103\Sdks\Microsoft.NET.Sdk\targets\Microsoft.NET.Sdk.targets(204,5): message :       BuildOnlySettings;
       C:\Program Files\dotnet\sdk\10.0.103\Sdks\Microsoft.NET.Sdk\targets\Microsoft.NET.Sdk.targets(204,5): message :       PrepareForBuild;
       C:\Program Files\dotnet\sdk\10.0.103\Sdks\Microsoft.NET.Sdk\targets\Microsoft.NET.Sdk.targets(204,5): message :       PreBuildEvent;
       C:\Program Files\dotnet\sdk\10.0.103\Sdks\Microsoft.NET.Sdk\targets\Microsoft.NET.Sdk.targets(204,5): message :       ResolveReferences;
       C:\Program Files\dotnet\sdk\10.0.103\Sdks\Microsoft.NET.Sdk\targets\Microsoft.NET.Sdk.targets(204,5): message :       PrepareResources;
       C:\Program Files\dotnet\sdk\10.0.103\Sdks\Microsoft.NET.Sdk\targets\Microsoft.NET.Sdk.targets(204,5): message :       ResolveKeySource;
       C:\Program Files\dotnet\sdk\10.0.103\Sdks\Microsoft.NET.Sdk\targets\Microsoft.NET.Sdk.targets(204,5): message :       Compile;
       C:\Program Files\dotnet\sdk\10.0.103\Sdks\Microsoft.NET.Sdk\targets\Microsoft.NET.Sdk.targets(204,5): message :       ExportWindowsMDFile;
       C:\Program Files\dotnet\sdk\10.0.103\Sdks\Microsoft.NET.Sdk\targets\Microsoft.NET.Sdk.targets(204,5): message :       UnmanagedUnregistration;
       C:\Program Files\dotnet\sdk\10.0.103\Sdks\Microsoft.NET.Sdk\targets\Microsoft.NET.Sdk.targets(204,5): message :       GenerateSerializationAssemblies;
       C:\Program Files\dotnet\sdk\10.0.103\Sdks\Microsoft.NET.Sdk\targets\Microsoft.NET.Sdk.targets(204,5): message :       CreateSatelliteAssemblies;
       C:\Program Files\dotnet\sdk\10.0.103\Sdks\Microsoft.NET.Sdk\targets\Microsoft.NET.Sdk.targets(204,5): message :       GenerateManifests;
       C:\Program Files\dotnet\sdk\10.0.103\Sdks\Microsoft.NET.Sdk\targets\Microsoft.NET.Sdk.targets(204,5): message :       GetTargetPath;
       C:\Program Files\dotnet\sdk\10.0.103\Sdks\Microsoft.NET.Sdk\targets\Microsoft.NET.Sdk.targets(204,5): message :       PrepareForRun;
       C:\Program Files\dotnet\sdk\10.0.103\Sdks\Microsoft.NET.Sdk\targets\Microsoft.NET.Sdk.targets(204,5): message :       UnmanagedRegistration;
       C:\Program Files\dotnet\sdk\10.0.103\Sdks\Microsoft.NET.Sdk\targets\Microsoft.NET.Sdk.targets(204,5): message :       IncrementalClean;
       C:\Program Files\dotnet\sdk\10.0.103\Sdks\Microsoft.NET.Sdk\targets\Microsoft.NET.Sdk.targets(204,5): message :       PostBuildEvent
       C:\Program Files\dotnet\sdk\10.0.103\Sdks\Microsoft.NET.Sdk\targets\Microsoft.NET.Sdk.targets(204,5): message :     ;
       C:\Program Files\dotnet\sdk\10.0.103\Sdks\Microsoft.NET.Sdk\targets\Microsoft.NET.Sdk.targets(204,5): message :       GenerateBuildDependencyFile;
       C:\Program Files\dotnet\sdk\10.0.103\Sdks\Microsoft.NET.Sdk\targets\Microsoft.NET.Sdk.targets(204,5): message :       GenerateBuildRuntimeConfigurationFiles
       C:\Program Files\dotnet\sdk\10.0.103\Sdks\Microsoft.NET.Sdk\targets\Microsoft.NET.Sdk.targets(204,5): message :     " (previous value: "
       C:\Program Files\dotnet\sdk\10.0.103\Sdks\Microsoft.NET.Sdk\targets\Microsoft.NET.Sdk.targets(204,5): message :       BuildOnlySettings;
       C:\Program Files\dotnet\sdk\10.0.103\Sdks\Microsoft.NET.Sdk\targets\Microsoft.NET.Sdk.targets(204,5): message :       PrepareForBuild;
       C:\Program Files\dotnet\sdk\10.0.103\Sdks\Microsoft.NET.Sdk\targets\Microsoft.NET.Sdk.targets(204,5): message :       PreBuildEvent;
       C:\Program Files\dotnet\sdk\10.0.103\Sdks\Microsoft.NET.Sdk\targets\Microsoft.NET.Sdk.targets(204,5): message :       ResolveReferences;
       C:\Program Files\dotnet\sdk\10.0.103\Sdks\Microsoft.NET.Sdk\targets\Microsoft.NET.Sdk.targets(204,5): message :       PrepareResources;
       C:\Program Files\dotnet\sdk\10.0.103\Sdks\Microsoft.NET.Sdk\targets\Microsoft.NET.Sdk.targets(204,5): message :       ResolveKeySource;
       C:\Program Files\dotnet\sdk\10.0.103\Sdks\Microsoft.NET.Sdk\targets\Microsoft.NET.Sdk.targets(204,5): message :       Compile;
       C:\Program Files\dotnet\sdk\10.0.103\Sdks\Microsoft.NET.Sdk\targets\Microsoft.NET.Sdk.targets(204,5): message :       ExportWindowsMDFile;
       C:\Program Files\dotnet\sdk\10.0.103\Sdks\Microsoft.NET.Sdk\targets\Microsoft.NET.Sdk.targets(204,5): message :       UnmanagedUnregistration;
       C:\Program Files\dotnet\sdk\10.0.103\Sdks\Microsoft.NET.Sdk\targets\Microsoft.NET.Sdk.targets(204,5): message :       GenerateSerializationAssemblies;
       C:\Program Files\dotnet\sdk\10.0.103\Sdks\Microsoft.NET.Sdk\targets\Microsoft.NET.Sdk.targets(204,5): message :       CreateSatelliteAssemblies;
       C:\Program Files\dotnet\sdk\10.0.103\Sdks\Microsoft.NET.Sdk\targets\Microsoft.NET.Sdk.targets(204,5): message :       GenerateManifests;
       C:\Program Files\dotnet\sdk\10.0.103\Sdks\Microsoft.NET.Sdk\targets\Microsoft.NET.Sdk.targets(204,5): message :       GetTargetPath;
       C:\Program Files\dotnet\sdk\10.0.103\Sdks\Microsoft.NET.Sdk\targets\Microsoft.NET.Sdk.targets(204,5): message :       PrepareForRun;
       C:\Program Files\dotnet\sdk\10.0.103\Sdks\Microsoft.NET.Sdk\targets\Microsoft.NET.Sdk.targets(204,5): message :       UnmanagedRegistration;
       C:\Program Files\dotnet\sdk\10.0.103\Sdks\Microsoft.NET.Sdk\targets\Microsoft.NET.Sdk.targets(204,5): message :       IncrementalClean;
       C:\Program Files\dotnet\sdk\10.0.103\Sdks\Microsoft.NET.Sdk\targets\Microsoft.NET.Sdk.targets(204,5): message :       PostBuildEvent
       C:\Program Files\dotnet\sdk\10.0.103\Sdks\Microsoft.NET.Sdk\targets\Microsoft.NET.Sdk.targets(204,5): message :     ") at C:\Program Files\dotnet\sdk\10.0.103\Sdks\Microsoft.NET.Sdk\targets\Microsoft.NET.Sdk.targets (204,5)
       C:\Program Files\dotnet\sdk\10.0.103\Sdks\Microsoft.NET.Sdk\targets\Microsoft.NET.Sdk.FrameworkReferenceResolution.targets(14,5): message : Property reassignment: $(ResolveAssemblyReferencesDependsOn)="
       C:\Program Files\dotnet\sdk\10.0.103\Sdks\Microsoft.NET.Sdk\targets\Microsoft.NET.Sdk.FrameworkReferenceResolution.targets(14,5): message :       
       C:\Program Files\dotnet\sdk\10.0.103\Sdks\Microsoft.NET.Sdk\targets\Microsoft.NET.Sdk.FrameworkReferenceResolution.targets(14,5): message :       
       C:\Program Files\dotnet\sdk\10.0.103\Sdks\Microsoft.NET.Sdk\targets\Microsoft.NET.Sdk.FrameworkReferenceResolution.targets(14,5): message :       ResolveProjectReferences;
       C:\Program Files\dotnet\sdk\10.0.103\Sdks\Microsoft.NET.Sdk\targets\Microsoft.NET.Sdk.FrameworkReferenceResolution.targets(14,5): message :       FindInvalidProjectReferences;
       C:\Program Files\dotnet\sdk\10.0.103\Sdks\Microsoft.NET.Sdk\targets\Microsoft.NET.Sdk.FrameworkReferenceResolution.targets(14,5): message :       GetFrameworkPaths;
       C:\Program Files\dotnet\sdk\10.0.103\Sdks\Microsoft.NET.Sdk\targets\Microsoft.NET.Sdk.FrameworkReferenceResolution.targets(14,5): message :       GetReferenceAssemblyPaths;
       C:\Program Files\dotnet\sdk\10.0.103\Sdks\Microsoft.NET.Sdk\targets\Microsoft.NET.Sdk.FrameworkReferenceResolution.targets(14,5): message :       PrepareForBuild;
       C:\Program Files\dotnet\sdk\10.0.103\Sdks\Microsoft.NET.Sdk\targets\Microsoft.NET.Sdk.FrameworkReferenceResolution.targets(14,5): message :       ResolveSDKReferences;
       C:\Program Files\dotnet\sdk\10.0.103\Sdks\Microsoft.NET.Sdk\targets\Microsoft.NET.Sdk.FrameworkReferenceResolution.targets(14,5): message :       ExpandSDKReferences;
       C:\Program Files\dotnet\sdk\10.0.103\Sdks\Microsoft.NET.Sdk\targets\Microsoft.NET.Sdk.FrameworkReferenceResolution.targets(14,5): message :     ;
       C:\Program Files\dotnet\sdk\10.0.103\Sdks\Microsoft.NET.Sdk\targets\Microsoft.NET.Sdk.FrameworkReferenceResolution.targets(14,5): message :       ResolvePackageDependenciesForBuild;
       C:\Program Files\dotnet\sdk\10.0.103\Sdks\Microsoft.NET.Sdk\targets\Microsoft.NET.Sdk.FrameworkReferenceResolution.targets(14,5): message :       _HandlePackageFileConflicts;
       C:\Program Files\dotnet\sdk\10.0.103\Sdks\Microsoft.NET.Sdk\targets\Microsoft.NET.Sdk.FrameworkReferenceResolution.targets(14,5): message :     ;
       C:\Program Files\dotnet\sdk\10.0.103\Sdks\Microsoft.NET.Sdk\targets\Microsoft.NET.Sdk.FrameworkReferenceResolution.targets(14,5): message :       ResolveTargetingPackAssets;
       C:\Program Files\dotnet\sdk\10.0.103\Sdks\Microsoft.NET.Sdk\targets\Microsoft.NET.Sdk.FrameworkReferenceResolution.targets(14,5): message :     " (previous value: "
       C:\Program Files\dotnet\sdk\10.0.103\Sdks\Microsoft.NET.Sdk\targets\Microsoft.NET.Sdk.FrameworkReferenceResolution.targets(14,5): message :       
       C:\Program Files\dotnet\sdk\10.0.103\Sdks\Microsoft.NET.Sdk\targets\Microsoft.NET.Sdk.FrameworkReferenceResolution.targets(14,5): message :       ResolveProjectReferences;
       C:\Program Files\dotnet\sdk\10.0.103\Sdks\Microsoft.NET.Sdk\targets\Microsoft.NET.Sdk.FrameworkReferenceResolution.targets(14,5): message :       FindInvalidProjectReferences;
       C:\Program Files\dotnet\sdk\10.0.103\Sdks\Microsoft.NET.Sdk\targets\Microsoft.NET.Sdk.FrameworkReferenceResolution.targets(14,5): message :       GetFrameworkPaths;
       C:\Program Files\dotnet\sdk\10.0.103\Sdks\Microsoft.NET.Sdk\targets\Microsoft.NET.Sdk.FrameworkReferenceResolution.targets(14,5): message :       GetReferenceAssemblyPaths;
       C:\Program Files\dotnet\sdk\10.0.103\Sdks\Microsoft.NET.Sdk\targets\Microsoft.NET.Sdk.FrameworkReferenceResolution.targets(14,5): message :       PrepareForBuild;
       C:\Program Files\dotnet\sdk\10.0.103\Sdks\Microsoft.NET.Sdk\targets\Microsoft.NET.Sdk.FrameworkReferenceResolution.targets(14,5): message :       ResolveSDKReferences;
       C:\Program Files\dotnet\sdk\10.0.103\Sdks\Microsoft.NET.Sdk\targets\Microsoft.NET.Sdk.FrameworkReferenceResolution.targets(14,5): message :       ExpandSDKReferences;
       C:\Program Files\dotnet\sdk\10.0.103\Sdks\Microsoft.NET.Sdk\targets\Microsoft.NET.Sdk.FrameworkReferenceResolution.targets(14,5): message :     ;
       C:\Program Files\dotnet\sdk\10.0.103\Sdks\Microsoft.NET.Sdk\targets\Microsoft.NET.Sdk.FrameworkReferenceResolution.targets(14,5): message :       ResolvePackageDependenciesForBuild;
       C:\Program Files\dotnet\sdk\10.0.103\Sdks\Microsoft.NET.Sdk\targets\Microsoft.NET.Sdk.FrameworkReferenceResolution.targets(14,5): message :       _HandlePackageFileConflicts;
       C:\Program Files\dotnet\sdk\10.0.103\Sdks\Microsoft.NET.Sdk\targets\Microsoft.NET.Sdk.FrameworkReferenceResolution.targets(14,5): message :     ") at C:\Program Files\dotnet\sdk\10.0.103\Sdks\Microsoft.NET.Sdk\targets\Microsoft.NET.Sdk.FrameworkReferenceResolution.targets (14,5)
       C:\Program Files\dotnet\sdk\10.0.103\Sdks\Microsoft.NET.Sdk\targets\Microsoft.NET.Sdk.targets(213,5): message : Property reassignment: $(CoreCleanDependsOn)="
       C:\Program Files\dotnet\sdk\10.0.103\Sdks\Microsoft.NET.Sdk\targets\Microsoft.NET.Sdk.targets(213,5): message :       _SdkBeforeClean;
       C:\Program Files\dotnet\sdk\10.0.103\Sdks\Microsoft.NET.Sdk\targets\Microsoft.NET.Sdk.targets(213,5): message :       
       C:\Program Files\dotnet\sdk\10.0.103\Sdks\Microsoft.NET.Sdk\targets\Microsoft.NET.Sdk.targets(213,5): message :     " (previous value: "") at C:\Program Files\dotnet\sdk\10.0.103\Sdks\Microsoft.NET.Sdk\targets\Microsoft.NET.Sdk.targets (213,5)
       C:\Program Files\dotnet\sdk\10.0.103\Sdks\Microsoft.NET.Sdk\targets\Microsoft.NET.Sdk.targets(1131,5): message : Property reassignment: $(CreateSatelliteAssembliesDependsOn)="
       C:\Program Files\dotnet\sdk\10.0.103\Sdks\Microsoft.NET.Sdk\targets\Microsoft.NET.Sdk.targets(1131,5): message :       
       C:\Program Files\dotnet\sdk\10.0.103\Sdks\Microsoft.NET.Sdk\targets\Microsoft.NET.Sdk.targets(1131,5): message :       ;
       C:\Program Files\dotnet\sdk\10.0.103\Sdks\Microsoft.NET.Sdk\targets\Microsoft.NET.Sdk.targets(1131,5): message :       _GenerateSatelliteAssemblyInputs;
       C:\Program Files\dotnet\sdk\10.0.103\Sdks\Microsoft.NET.Sdk\targets\Microsoft.NET.Sdk.targets(1131,5): message :       ComputeIntermediateSatelliteAssemblies;
       C:\Program Files\dotnet\sdk\10.0.103\Sdks\Microsoft.NET.Sdk\targets\Microsoft.NET.Sdk.targets(1131,5): message :       GenerateSatelliteAssemblies
       C:\Program Files\dotnet\sdk\10.0.103\Sdks\Microsoft.NET.Sdk\targets\Microsoft.NET.Sdk.targets(1131,5): message :     ;
       C:\Program Files\dotnet\sdk\10.0.103\Sdks\Microsoft.NET.Sdk\targets\Microsoft.NET.Sdk.targets(1131,5): message :       CoreGenerateSatelliteAssemblies
       C:\Program Files\dotnet\sdk\10.0.103\Sdks\Microsoft.NET.Sdk\targets\Microsoft.NET.Sdk.targets(1131,5): message :     " (previous value: "
       C:\Program Files\dotnet\sdk\10.0.103\Sdks\Microsoft.NET.Sdk\targets\Microsoft.NET.Sdk.targets(1131,5): message :       ;
       C:\Program Files\dotnet\sdk\10.0.103\Sdks\Microsoft.NET.Sdk\targets\Microsoft.NET.Sdk.targets(1131,5): message :       _GenerateSatelliteAssemblyInputs;
       C:\Program Files\dotnet\sdk\10.0.103\Sdks\Microsoft.NET.Sdk\targets\Microsoft.NET.Sdk.targets(1131,5): message :       ComputeIntermediateSatelliteAssemblies;
       C:\Program Files\dotnet\sdk\10.0.103\Sdks\Microsoft.NET.Sdk\targets\Microsoft.NET.Sdk.targets(1131,5): message :       GenerateSatelliteAssemblies
       C:\Program Files\dotnet\sdk\10.0.103\Sdks\Microsoft.NET.Sdk\targets\Microsoft.NET.Sdk.targets(1131,5): message :     ") at C:\Program Files\dotnet\sdk\10.0.103\Sdks\Microsoft.NET.Sdk\targets\Microsoft.NET.Sdk.targets (1131,5)
       C:\Program Files\dotnet\sdk\10.0.103\Sdks\Microsoft.NET.Sdk\targets\Microsoft.PackageDependencyResolution.targets(86,5): message : Property reassignment: $(PrepareResourcesDependsOn)="
       C:\Program Files\dotnet\sdk\10.0.103\Sdks\Microsoft.NET.Sdk\targets\Microsoft.PackageDependencyResolution.targets(86,5): message :       ResolvePackageDependenciesForBuild;
       C:\Program Files\dotnet\sdk\10.0.103\Sdks\Microsoft.NET.Sdk\targets\Microsoft.PackageDependencyResolution.targets(86,5): message :       _HandlePackageFileConflicts;
       C:\Program Files\dotnet\sdk\10.0.103\Sdks\Microsoft.NET.Sdk\targets\Microsoft.PackageDependencyResolution.targets(86,5): message :       
       C:\Program Files\dotnet\sdk\10.0.103\Sdks\Microsoft.NET.Sdk\targets\Microsoft.PackageDependencyResolution.targets(86,5): message :       ;
       C:\Program Files\dotnet\sdk\10.0.103\Sdks\Microsoft.NET.Sdk\targets\Microsoft.PackageDependencyResolution.targets(86,5): message :       PrepareResourceNames;
       C:\Program Files\dotnet\sdk\10.0.103\Sdks\Microsoft.NET.Sdk\targets\Microsoft.PackageDependencyResolution.targets(86,5): message :       ResGen;
       C:\Program Files\dotnet\sdk\10.0.103\Sdks\Microsoft.NET.Sdk\targets\Microsoft.PackageDependencyResolution.targets(86,5): message :       CompileLicxFiles
       C:\Program Files\dotnet\sdk\10.0.103\Sdks\Microsoft.NET.Sdk\targets\Microsoft.PackageDependencyResolution.targets(86,5): message :     
       C:\Program Files\dotnet\sdk\10.0.103\Sdks\Microsoft.NET.Sdk\targets\Microsoft.PackageDependencyResolution.targets(86,5): message :     " (previous value: "
       C:\Program Files\dotnet\sdk\10.0.103\Sdks\Microsoft.NET.Sdk\targets\Microsoft.PackageDependencyResolution.targets(86,5): message :       ;
       C:\Program Files\dotnet\sdk\10.0.103\Sdks\Microsoft.NET.Sdk\targets\Microsoft.PackageDependencyResolution.targets(86,5): message :       PrepareResourceNames;
       C:\Program Files\dotnet\sdk\10.0.103\Sdks\Microsoft.NET.Sdk\targets\Microsoft.PackageDependencyResolution.targets(86,5): message :       ResGen;
       C:\Program Files\dotnet\sdk\10.0.103\Sdks\Microsoft.NET.Sdk\targets\Microsoft.PackageDependencyResolution.targets(86,5): message :       CompileLicxFiles
       C:\Program Files\dotnet\sdk\10.0.103\Sdks\Microsoft.NET.Sdk\targets\Microsoft.PackageDependencyResolution.targets(86,5): message :     ") at C:\Program Files\dotnet\sdk\10.0.103\Sdks\Microsoft.NET.Sdk\targets\Microsoft.PackageDependencyResolution.targets (86,5)
       C:\Program Files\dotnet\sdk\10.0.103\Sdks\Microsoft.NET.Sdk\targets\Microsoft.NET.Sdk.targets(220,5): message : Property reassignment: $(RebuildDependsOn)="
       C:\Program Files\dotnet\sdk\10.0.103\Sdks\Microsoft.NET.Sdk\targets\Microsoft.NET.Sdk.targets(220,5): message :       _SdkBeforeRebuild;
       C:\Program Files\dotnet\sdk\10.0.103\Sdks\Microsoft.NET.Sdk\targets\Microsoft.NET.Sdk.targets(220,5): message :       
       C:\Program Files\dotnet\sdk\10.0.103\Sdks\Microsoft.NET.Sdk\targets\Microsoft.NET.Sdk.targets(220,5): message :       BeforeRebuild;
       C:\Program Files\dotnet\sdk\10.0.103\Sdks\Microsoft.NET.Sdk\targets\Microsoft.NET.Sdk.targets(220,5): message :       Clean;
       C:\Program Files\dotnet\sdk\10.0.103\Sdks\Microsoft.NET.Sdk\targets\Microsoft.NET.Sdk.targets(220,5): message :       Build;
       C:\Program Files\dotnet\sdk\10.0.103\Sdks\Microsoft.NET.Sdk\targets\Microsoft.NET.Sdk.targets(220,5): message :       AfterRebuild;
       C:\Program Files\dotnet\sdk\10.0.103\Sdks\Microsoft.NET.Sdk\targets\Microsoft.NET.Sdk.targets(220,5): message :     
       C:\Program Files\dotnet\sdk\10.0.103\Sdks\Microsoft.NET.Sdk\targets\Microsoft.NET.Sdk.targets(220,5): message :     " (previous value: "
       C:\Program Files\dotnet\sdk\10.0.103\Sdks\Microsoft.NET.Sdk\targets\Microsoft.NET.Sdk.targets(220,5): message :       BeforeRebuild;
       C:\Program Files\dotnet\sdk\10.0.103\Sdks\Microsoft.NET.Sdk\targets\Microsoft.NET.Sdk.targets(220,5): message :       Clean;
       C:\Program Files\dotnet\sdk\10.0.103\Sdks\Microsoft.NET.Sdk\targets\Microsoft.NET.Sdk.targets(220,5): message :       Build;
       C:\Program Files\dotnet\sdk\10.0.103\Sdks\Microsoft.NET.Sdk\targets\Microsoft.NET.Sdk.targets(220,5): message :       AfterRebuild;
       C:\Program Files\dotnet\sdk\10.0.103\Sdks\Microsoft.NET.Sdk\targets\Microsoft.NET.Sdk.targets(220,5): message :     ") at C:\Program Files\dotnet\sdk\10.0.103\Sdks\Microsoft.NET.Sdk\targets\Microsoft.NET.Sdk.targets (220,5)
       C:\Program Files\dotnet\sdk\10.0.103\Sdks\Microsoft.NET.Sdk\targets\Microsoft.NET.Sdk.targets(44,5): message : Property reassignment: $(_GenerateRuntimeConfigurationPropertyInputsCache)="c:\Apps\TicketConsolidator\src\TicketConsolidator.Web\obj\Debug\net10.0-windows\TicketConsolidator.Web.genruntimeconfig.cache" (previous value: "obj\Debug\net10.0-windows\TicketConsolidator.Web.genruntimeconfig.cache") at C:\Program Files\dotnet\sdk\10.0.103\Sdks\Microsoft.NET.Sdk\targets\Microsoft.NET.Sdk.targets (44,5)
       C:\Program Files\dotnet\sdk\10.0.103\Sdks\Microsoft.SourceLink.GitLab\build\Microsoft.SourceLink.GitLab.targets(12,5): message : Property reassignment: $(SourceLinkUrlInitializerTargets)=";_InitializeGitHubSourceLinkUrl;_InitializeGitLabSourceLinkUrl" (previous value: ";_InitializeGitHubSourceLinkUrl") at C:\Program Files\dotnet\sdk\10.0.103\Sdks\Microsoft.SourceLink.GitLab\build\Microsoft.SourceLink.GitLab.targets (12,5)
       C:\Program Files\dotnet\sdk\10.0.103\Sdks\Microsoft.NET.Sdk\targets\Microsoft.NET.Sdk.targets(799,5): message : Property reassignment: $(CompileDependsOn)="
       C:\Program Files\dotnet\sdk\10.0.103\Sdks\Microsoft.NET.Sdk\targets\Microsoft.NET.Sdk.targets(799,5): message :       
       C:\Program Files\dotnet\sdk\10.0.103\Sdks\Microsoft.NET.Sdk\targets\Microsoft.NET.Sdk.targets(799,5): message :       ResolveReferences;
       C:\Program Files\dotnet\sdk\10.0.103\Sdks\Microsoft.NET.Sdk\targets\Microsoft.NET.Sdk.targets(799,5): message :       ResolveKeySource;
       C:\Program Files\dotnet\sdk\10.0.103\Sdks\Microsoft.NET.Sdk\targets\Microsoft.NET.Sdk.targets(799,5): message :       SetWin32ManifestProperties;
       C:\Program Files\dotnet\sdk\10.0.103\Sdks\Microsoft.NET.Sdk\targets\Microsoft.NET.Sdk.targets(799,5): message :       _SetPreferNativeArm64Win32ManifestProperties;
       C:\Program Files\dotnet\sdk\10.0.103\Sdks\Microsoft.NET.Sdk\targets\Microsoft.NET.Sdk.targets(799,5): message :       FindReferenceAssembliesForReferences;
       C:\Program Files\dotnet\sdk\10.0.103\Sdks\Microsoft.NET.Sdk\targets\Microsoft.NET.Sdk.targets(799,5): message :       _GenerateCompileInputs;
       C:\Program Files\dotnet\sdk\10.0.103\Sdks\Microsoft.NET.Sdk\targets\Microsoft.NET.Sdk.targets(799,5): message :       BeforeCompile;
       C:\Program Files\dotnet\sdk\10.0.103\Sdks\Microsoft.NET.Sdk\targets\Microsoft.NET.Sdk.targets(799,5): message :       _TimeStampBeforeCompile;
       C:\Program Files\dotnet\sdk\10.0.103\Sdks\Microsoft.NET.Sdk\targets\Microsoft.NET.Sdk.targets(799,5): message :       _GenerateCompileDependencyCache;
       C:\Program Files\dotnet\sdk\10.0.103\Sdks\Microsoft.NET.Sdk\targets\Microsoft.NET.Sdk.targets(799,5): message :       CoreCompile;
       C:\Program Files\dotnet\sdk\10.0.103\Sdks\Microsoft.NET.Sdk\targets\Microsoft.NET.Sdk.targets(799,5): message :       _TimeStampAfterCompile;
       C:\Program Files\dotnet\sdk\10.0.103\Sdks\Microsoft.NET.Sdk\targets\Microsoft.NET.Sdk.targets(799,5): message :       AfterCompile;
       C:\Program Files\dotnet\sdk\10.0.103\Sdks\Microsoft.NET.Sdk\targets\Microsoft.NET.Sdk.targets(799,5): message :     ;
       C:\Program Files\dotnet\sdk\10.0.103\Sdks\Microsoft.NET.Sdk\targets\Microsoft.NET.Sdk.targets(799,5): message :       _CreateAppHost;
       C:\Program Files\dotnet\sdk\10.0.103\Sdks\Microsoft.NET.Sdk\targets\Microsoft.NET.Sdk.targets(799,5): message :       _CreateComHost;
       C:\Program Files\dotnet\sdk\10.0.103\Sdks\Microsoft.NET.Sdk\targets\Microsoft.NET.Sdk.targets(799,5): message :       _GetIjwHostPaths;
       C:\Program Files\dotnet\sdk\10.0.103\Sdks\Microsoft.NET.Sdk\targets\Microsoft.NET.Sdk.targets(799,5): message :     " (previous value: "
       C:\Program Files\dotnet\sdk\10.0.103\Sdks\Microsoft.NET.Sdk\targets\Microsoft.NET.Sdk.targets(799,5): message :       ResolveReferences;
       C:\Program Files\dotnet\sdk\10.0.103\Sdks\Microsoft.NET.Sdk\targets\Microsoft.NET.Sdk.targets(799,5): message :       ResolveKeySource;
       C:\Program Files\dotnet\sdk\10.0.103\Sdks\Microsoft.NET.Sdk\targets\Microsoft.NET.Sdk.targets(799,5): message :       SetWin32ManifestProperties;
       C:\Program Files\dotnet\sdk\10.0.103\Sdks\Microsoft.NET.Sdk\targets\Microsoft.NET.Sdk.targets(799,5): message :       _SetPreferNativeArm64Win32ManifestProperties;
       C:\Program Files\dotnet\sdk\10.0.103\Sdks\Microsoft.NET.Sdk\targets\Microsoft.NET.Sdk.targets(799,5): message :       FindReferenceAssembliesForReferences;
       C:\Program Files\dotnet\sdk\10.0.103\Sdks\Microsoft.NET.Sdk\targets\Microsoft.NET.Sdk.targets(799,5): message :       _GenerateCompileInputs;
       C:\Program Files\dotnet\sdk\10.0.103\Sdks\Microsoft.NET.Sdk\targets\Microsoft.NET.Sdk.targets(799,5): message :       BeforeCompile;
       C:\Program Files\dotnet\sdk\10.0.103\Sdks\Microsoft.NET.Sdk\targets\Microsoft.NET.Sdk.targets(799,5): message :       _TimeStampBeforeCompile;
       C:\Program Files\dotnet\sdk\10.0.103\Sdks\Microsoft.NET.Sdk\targets\Microsoft.NET.Sdk.targets(799,5): message :       _GenerateCompileDependencyCache;
       C:\Program Files\dotnet\sdk\10.0.103\Sdks\Microsoft.NET.Sdk\targets\Microsoft.NET.Sdk.targets(799,5): message :       CoreCompile;
       C:\Program Files\dotnet\sdk\10.0.103\Sdks\Microsoft.NET.Sdk\targets\Microsoft.NET.Sdk.targets(799,5): message :       _TimeStampAfterCompile;
       C:\Program Files\dotnet\sdk\10.0.103\Sdks\Microsoft.NET.Sdk\targets\Microsoft.NET.Sdk.targets(799,5): message :       AfterCompile;
       C:\Program Files\dotnet\sdk\10.0.103\Sdks\Microsoft.NET.Sdk\targets\Microsoft.NET.Sdk.targets(799,5): message :     ") at C:\Program Files\dotnet\sdk\10.0.103\Sdks\Microsoft.NET.Sdk\targets\Microsoft.NET.Sdk.targets (799,5)
       C:\Program Files\dotnet\sdk\10.0.103\Sdks\Microsoft.NET.Sdk\targets\Microsoft.NET.Sdk.targets(46,5): message : Property reassignment: $(_GeneratePublishDependencyFilePropertyInputsCache)="c:\Apps\TicketConsolidator\src\TicketConsolidator.Web\obj\Debug\net10.0-windows\TicketConsolidator.Web.genpublishdeps.cache" (previous value: "obj\Debug\net10.0-windows\TicketConsolidator.Web.genpublishdeps.cache") at C:\Program Files\dotnet\sdk\10.0.103\Sdks\Microsoft.NET.Sdk\targets\Microsoft.NET.Sdk.targets (46,5)
       C:\Program Files\dotnet\sdk\10.0.103\Sdks\Microsoft.NET.Sdk\targets\Microsoft.NET.Sdk.targets(1131,5): message : Property reassignment: $(CreateSatelliteAssembliesDependsOn)="
       C:\Program Files\dotnet\sdk\10.0.103\Sdks\Microsoft.NET.Sdk\targets\Microsoft.NET.Sdk.targets(1131,5): message :       
       C:\Program Files\dotnet\sdk\10.0.103\Sdks\Microsoft.NET.Sdk\targets\Microsoft.NET.Sdk.targets(1131,5): message :       ;
       C:\Program Files\dotnet\sdk\10.0.103\Sdks\Microsoft.NET.Sdk\targets\Microsoft.NET.Sdk.targets(1131,5): message :       _GenerateSatelliteAssemblyInputs;
       C:\Program Files\dotnet\sdk\10.0.103\Sdks\Microsoft.NET.Sdk\targets\Microsoft.NET.Sdk.targets(1131,5): message :       ComputeIntermediateSatelliteAssemblies;
       C:\Program Files\dotnet\sdk\10.0.103\Sdks\Microsoft.NET.Sdk\targets\Microsoft.NET.Sdk.targets(1131,5): message :       GenerateSatelliteAssemblies
       C:\Program Files\dotnet\sdk\10.0.103\Sdks\Microsoft.NET.Sdk\targets\Microsoft.NET.Sdk.targets(1131,5): message :     ;
       C:\Program Files\dotnet\sdk\10.0.103\Sdks\Microsoft.NET.Sdk\targets\Microsoft.NET.Sdk.targets(1131,5): message :       CoreGenerateSatelliteAssemblies
       C:\Program Files\dotnet\sdk\10.0.103\Sdks\Microsoft.NET.Sdk\targets\Microsoft.NET.Sdk.targets(1131,5): message :     " (previous value: "
       C:\Program Files\dotnet\sdk\10.0.103\Sdks\Microsoft.NET.Sdk\targets\Microsoft.NET.Sdk.targets(1131,5): message :       ;
       C:\Program Files\dotnet\sdk\10.0.103\Sdks\Microsoft.NET.Sdk\targets\Microsoft.NET.Sdk.targets(1131,5): message :       _GenerateSatelliteAssemblyInputs;
       C:\Program Files\dotnet\sdk\10.0.103\Sdks\Microsoft.NET.Sdk\targets\Microsoft.NET.Sdk.targets(1131,5): message :       ComputeIntermediateSatelliteAssemblies;
       C:\Program Files\dotnet\sdk\10.0.103\Sdks\Microsoft.NET.Sdk\targets\Microsoft.NET.Sdk.targets(1131,5): message :       GenerateSatelliteAssemblies
       C:\Program Files\dotnet\sdk\10.0.103\Sdks\Microsoft.NET.Sdk\targets\Microsoft.NET.Sdk.targets(1131,5): message :     ") at C:\Program Files\dotnet\sdk\10.0.103\Sdks\Microsoft.NET.Sdk\targets\Microsoft.NET.Sdk.targets (1131,5)
       C:\Program Files\dotnet\sdk\10.0.103\Sdks\Microsoft.NET.Sdk\targets\Microsoft.NET.Sdk.targets(48,5): message : Property reassignment: $(_GenerateSingleFileBundlePropertyInputsCache)="c:\Apps\TicketConsolidator\src\TicketConsolidator.Web\obj\Debug\net10.0-windows\TicketConsolidator.Web.genbundle.cache" (previous value: "obj\Debug\net10.0-windows\TicketConsolidator.Web.genbundle.cache") at C:\Program Files\dotnet\sdk\10.0.103\Sdks\Microsoft.NET.Sdk\targets\Microsoft.NET.Sdk.targets (48,5)
       C:\Program Files\dotnet\sdk\10.0.103\Sdks\Microsoft.SourceLink.GitLab\build\Microsoft.SourceLink.GitLab.targets(13,5): message : Property reassignment: $(SourceControlManagerUrlTranslationTargets)=";TranslateGitHubUrlsInSourceControlInformation;TranslateGitLabUrlsInSourceControlInformation" (previous value: ";TranslateGitHubUrlsInSourceControlInformation") at C:\Program Files\dotnet\sdk\10.0.103\Sdks\Microsoft.SourceLink.GitLab\build\Microsoft.SourceLink.GitLab.targets (13,5)
       C:\Program Files\dotnet\sdk\10.0.103\Sdks\Microsoft.SourceLink.AzureRepos.Git\build\Microsoft.SourceLink.AzureRepos.Git.targets(12,5): message : Property reassignment: $(SourceLinkUrlInitializerTargets)=";_InitializeGitHubSourceLinkUrl;_InitializeGitLabSourceLinkUrl;_InitializeAzureReposGitSourceLinkUrl" (previous value: ";_InitializeGitHubSourceLinkUrl;_InitializeGitLabSourceLinkUrl") at C:\Program Files\dotnet\sdk\10.0.103\Sdks\Microsoft.SourceLink.AzureRepos.Git\build\Microsoft.SourceLink.AzureRepos.Git.targets (12,5)
       C:\Program Files\dotnet\sdk\10.0.103\Sdks\Microsoft.SourceLink.GitLab\build\Microsoft.SourceLink.GitLab.targets(12,5): message : Property reassignment: $(SourceLinkUrlInitializerTargets)=";_InitializeGitHubSourceLinkUrl;_InitializeGitLabSourceLinkUrl" (previous value: ";_InitializeGitHubSourceLinkUrl") at C:\Program Files\dotnet\sdk\10.0.103\Sdks\Microsoft.SourceLink.GitLab\build\Microsoft.SourceLink.GitLab.targets (12,5)
       C:\Program Files\dotnet\sdk\10.0.103\Sdks\Microsoft.SourceLink.AzureRepos.Git\build\Microsoft.SourceLink.AzureRepos.Git.targets(13,5): message : Property reassignment: $(SourceControlManagerUrlTranslationTargets)=";TranslateGitHubUrlsInSourceControlInformation;TranslateGitLabUrlsInSourceControlInformation;TranslateAzureReposGitUrlsInSourceControlInformation" (previous value: ";TranslateGitHubUrlsInSourceControlInformation;TranslateGitLabUrlsInSourceControlInformation") at C:\Program Files\dotnet\sdk\10.0.103\Sdks\Microsoft.SourceLink.AzureRepos.Git\build\Microsoft.SourceLink.AzureRepos.Git.targets (13,5)
       C:\Program Files\dotnet\sdk\10.0.103\Sdks\Microsoft.NET.Sdk\targets\Microsoft.NET.Sdk.targets(81,5): message : Property reassignment: $(GenerateRuntimeConfigDevFile)="false" (previous value: "true") at C:\Program Files\dotnet\sdk\10.0.103\Sdks\Microsoft.NET.Sdk\targets\Microsoft.NET.Sdk.targets (81,5)
       C:\Program Files\dotnet\sdk\10.0.103\Sdks\Microsoft.NET.Sdk\targets\Microsoft.NET.Sdk.targets(48,5): message : Property reassignment: $(_GenerateSingleFileBundlePropertyInputsCache)="c:\Apps\TicketConsolidator\src\TicketConsolidator.Infrastructure\obj\Debug\net10.0-windows\TicketConsolidator.Infrastructure.genbundle.cache" (previous value: "obj\Debug\net10.0-windows\TicketConsolidator.Infrastructure.genbundle.cache") at C:\Program Files\dotnet\sdk\10.0.103\Sdks\Microsoft.NET.Sdk\targets\Microsoft.NET.Sdk.targets (48,5)
       C:\Program Files\dotnet\sdk\10.0.103\Sdks\Microsoft.SourceLink.Bitbucket.Git\build\Microsoft.SourceLink.Bitbucket.Git.targets(12,5): message : Property reassignment: $(SourceLinkUrlInitializerTargets)=";_InitializeGitHubSourceLinkUrl;_InitializeGitLabSourceLinkUrl;_InitializeAzureReposGitSourceLinkUrl;_InitializeBitbucketGitSourceLinkUrl" (previous value: ";_InitializeGitHubSourceLinkUrl;_InitializeGitLabSourceLinkUrl;_InitializeAzureReposGitSourceLinkUrl") at C:\Program Files\dotnet\sdk\10.0.103\Sdks\Microsoft.SourceLink.Bitbucket.Git\build\Microsoft.SourceLink.Bitbucket.Git.targets (12,5)
       C:\Program Files\dotnet\sdk\10.0.103\Sdks\Microsoft.NET.Sdk\targets\Microsoft.NET.Sdk.targets(98,5): message : Property reassignment: $(_DefaultUserProfileRuntimeStorePath)="C:\Users\krish.maniar.ATPL-LAP-723" (previous value: "") at C:\Program Files\dotnet\sdk\10.0.103\Sdks\Microsoft.NET.Sdk\targets\Microsoft.NET.Sdk.targets (98,5)
       C:\Program Files\dotnet\sdk\10.0.103\Sdks\Microsoft.NET.Sdk\targets\Microsoft.NET.Sdk.targets(81,5): message : Property reassignment: $(GenerateRuntimeConfigDevFile)="false" (previous value: "true") at C:\Program Files\dotnet\sdk\10.0.103\Sdks\Microsoft.NET.Sdk\targets\Microsoft.NET.Sdk.targets (81,5)
       C:\Program Files\dotnet\sdk\10.0.103\Sdks\Microsoft.NET.Sdk\targets\Microsoft.NET.Sdk.targets(99,5): message : Property reassignment: $(_DefaultUserProfileRuntimeStorePath)="C:\Users\krish.maniar.ATPL-LAP-723\.dotnet\store" (previous value: "C:\Users\krish.maniar.ATPL-LAP-723") at C:\Program Files\dotnet\sdk\10.0.103\Sdks\Microsoft.NET.Sdk\targets\Microsoft.NET.Sdk.targets (99,5)
       C:\Program Files\dotnet\sdk\10.0.103\Sdks\Microsoft.SourceLink.Bitbucket.Git\build\Microsoft.SourceLink.Bitbucket.Git.targets(13,5): message : Property reassignment: $(SourceControlManagerUrlTranslationTargets)=";TranslateGitHubUrlsInSourceControlInformation;TranslateGitLabUrlsInSourceControlInformation;TranslateAzureReposGitUrlsInSourceControlInformation;TranslateBitbucketGitUrlsInSourceControlInformation" (previous value: ";TranslateGitHubUrlsInSourceControlInformation;TranslateGitLabUrlsInSourceControlInformation;TranslateAzureReposGitUrlsInSourceControlInformation") at C:\Program Files\dotnet\sdk\10.0.103\Sdks\Microsoft.SourceLink.Bitbucket.Git\build\Microsoft.SourceLink.Bitbucket.Git.targets (13,5)
       C:\Program Files\dotnet\sdk\10.0.103\Sdks\Microsoft.SourceLink.GitLab\build\Microsoft.SourceLink.GitLab.targets(13,5): message : Property reassignment: $(SourceControlManagerUrlTranslationTargets)=";TranslateGitHubUrlsInSourceControlInformation;TranslateGitLabUrlsInSourceControlInformation" (previous value: ";TranslateGitHubUrlsInSourceControlInformation") at C:\Program Files\dotnet\sdk\10.0.103\Sdks\Microsoft.SourceLink.GitLab\build\Microsoft.SourceLink.GitLab.targets (13,5)
       C:\Program Files\dotnet\sdk\10.0.103\Sdks\Microsoft.NET.Sdk\targets\Microsoft.NET.Sdk.targets(98,5): message : Property reassignment: $(_DefaultUserProfileRuntimeStorePath)="C:\Users\krish.maniar.ATPL-LAP-723" (previous value: "") at C:\Program Files\dotnet\sdk\10.0.103\Sdks\Microsoft.NET.Sdk\targets\Microsoft.NET.Sdk.targets (98,5)
       C:\Program Files\dotnet\sdk\10.0.103\Sdks\Microsoft.NET.Sdk\targets\Microsoft.NET.Sdk.targets(144,5): message : Property reassignment: $(AvailablePlatforms)="Any CPU,x86,x64,ARM32" (previous value: "Any CPU,x86,x64") at C:\Program Files\dotnet\sdk\10.0.103\Sdks\Microsoft.NET.Sdk\targets\Microsoft.NET.Sdk.targets (144,5)
       C:\Program Files\dotnet\sdk\10.0.103\Sdks\Microsoft.NET.Sdk\targets\Microsoft.NET.DesignerSupport.targets(21,5): message : Property reassignment: $(DesignerRuntimeImplementationProjectOutputGroupDependsOn)="
       C:\Program Files\dotnet\sdk\10.0.103\Sdks\Microsoft.NET.Sdk\targets\Microsoft.NET.DesignerSupport.targets(21,5): message :       
       C:\Program Files\dotnet\sdk\10.0.103\Sdks\Microsoft.NET.Sdk\targets\Microsoft.NET.DesignerSupport.targets(21,5): message :       ;
       C:\Program Files\dotnet\sdk\10.0.103\Sdks\Microsoft.NET.Sdk\targets\Microsoft.NET.DesignerSupport.targets(21,5): message :       
       C:\Program Files\dotnet\sdk\10.0.103\Sdks\Microsoft.NET.Sdk\targets\Microsoft.NET.DesignerSupport.targets(21,5): message :       ;
       C:\Program Files\dotnet\sdk\10.0.103\Sdks\Microsoft.NET.Sdk\targets\Microsoft.NET.DesignerSupport.targets(21,5): message :       BuildOnlySettings;
       C:\Program Files\dotnet\sdk\10.0.103\Sdks\Microsoft.NET.Sdk\targets\Microsoft.NET.DesignerSupport.targets(21,5): message :       PrepareForBuild;
       C:\Program Files\dotnet\sdk\10.0.103\Sdks\Microsoft.NET.Sdk\targets\Microsoft.NET.DesignerSupport.targets(21,5): message :       AssignTargetPaths;
       C:\Program Files\dotnet\sdk\10.0.103\Sdks\Microsoft.NET.Sdk\targets\Microsoft.NET.DesignerSupport.targets(21,5): message :       ResolveReferences
       C:\Program Files\dotnet\sdk\10.0.103\Sdks\Microsoft.NET.Sdk\targets\Microsoft.NET.DesignerSupport.targets(21,5): message :     
       C:\Program Files\dotnet\sdk\10.0.103\Sdks\Microsoft.NET.Sdk\targets\Microsoft.NET.DesignerSupport.targets(21,5): message :     ;
       C:\Program Files\dotnet\sdk\10.0.103\Sdks\Microsoft.NET.Sdk\targets\Microsoft.NET.DesignerSupport.targets(21,5): message :       _GenerateDesignerDepsFile;
       C:\Program Files\dotnet\sdk\10.0.103\Sdks\Microsoft.NET.Sdk\targets\Microsoft.NET.DesignerSupport.targets(21,5): message :       _GenerateDesignerRuntimeConfigFile;
       C:\Program Files\dotnet\sdk\10.0.103\Sdks\Microsoft.NET.Sdk\targets\Microsoft.NET.DesignerSupport.targets(21,5): message :       GetCopyToOutputDirectoryItems;
       C:\Program Files\dotnet\sdk\10.0.103\Sdks\Microsoft.NET.Sdk\targets\Microsoft.NET.DesignerSupport.targets(21,5): message :       _GatherDesignerShadowCopyFiles;
       C:\Program Files\dotnet\sdk\10.0.103\Sdks\Microsoft.NET.Sdk\targets\Microsoft.NET.DesignerSupport.targets(21,5): message :     " (previous value: "
       C:\Program Files\dotnet\sdk\10.0.103\Sdks\Microsoft.NET.Sdk\targets\Microsoft.NET.DesignerSupport.targets(21,5): message :       ;
       C:\Program Files\dotnet\sdk\10.0.103\Sdks\Microsoft.NET.Sdk\targets\Microsoft.NET.DesignerSupport.targets(21,5): message :       
       C:\Program Files\dotnet\sdk\10.0.103\Sdks\Microsoft.NET.Sdk\targets\Microsoft.NET.DesignerSupport.targets(21,5): message :       ;
       C:\Program Files\dotnet\sdk\10.0.103\Sdks\Microsoft.NET.Sdk\targets\Microsoft.NET.DesignerSupport.targets(21,5): message :       BuildOnlySettings;
       C:\Program Files\dotnet\sdk\10.0.103\Sdks\Microsoft.NET.Sdk\targets\Microsoft.NET.DesignerSupport.targets(21,5): message :       PrepareForBuild;
       C:\Program Files\dotnet\sdk\10.0.103\Sdks\Microsoft.NET.Sdk\targets\Microsoft.NET.DesignerSupport.targets(21,5): message :       AssignTargetPaths;
       C:\Program Files\dotnet\sdk\10.0.103\Sdks\Microsoft.NET.Sdk\targets\Microsoft.NET.DesignerSupport.targets(21,5): message :       ResolveReferences
       C:\Program Files\dotnet\sdk\10.0.103\Sdks\Microsoft.NET.Sdk\targets\Microsoft.NET.DesignerSupport.targets(21,5): message :     
       C:\Program Files\dotnet\sdk\10.0.103\Sdks\Microsoft.NET.Sdk\targets\Microsoft.NET.DesignerSupport.targets(21,5): message :     ") at C:\Program Files\dotnet\sdk\10.0.103\Sdks\Microsoft.NET.Sdk\targets\Microsoft.NET.DesignerSupport.targets (21,5)
       C:\Program Files\dotnet\sdk\10.0.103\Sdks\Microsoft.NET.Sdk\targets\Microsoft.NET.Sdk.targets(99,5): message : Property reassignment: $(_DefaultUserProfileRuntimeStorePath)="C:\Users\krish.maniar.ATPL-LAP-723\.dotnet\store" (previous value: "C:\Users\krish.maniar.ATPL-LAP-723") at C:\Program Files\dotnet\sdk\10.0.103\Sdks\Microsoft.NET.Sdk\targets\Microsoft.NET.Sdk.targets (99,5)
       C:\Program Files\dotnet\sdk\10.0.103\Sdks\Microsoft.NET.Sdk\targets\Microsoft.NET.Sdk.CSharp.targets(31,5): message : Property reassignment: $(DefineConstants)="TRACE;DEBUG" (previous value: "TRACE") at C:\Program Files\dotnet\sdk\10.0.103\Sdks\Microsoft.NET.Sdk\targets\Microsoft.NET.Sdk.CSharp.targets (31,5)
       C:\Program Files\dotnet\sdk\10.0.103\Sdks\Microsoft.NET.Sdk\targets\Microsoft.NET.Sdk.targets(148,5): message : Property reassignment: $(AvailablePlatforms)="Any CPU,x86,x64,ARM32,ARM64" (previous value: "Any CPU,x86,x64,ARM32") at C:\Program Files\dotnet\sdk\10.0.103\Sdks\Microsoft.NET.Sdk\targets\Microsoft.NET.Sdk.targets (148,5)
       C:\Program Files\dotnet\sdk\10.0.103\Sdks\Microsoft.NET.Sdk\targets\Microsoft.NET.Sdk.targets(144,5): message : Property reassignment: $(AvailablePlatforms)="Any CPU,x86,x64,ARM32" (previous value: "Any CPU,x86,x64") at C:\Program Files\dotnet\sdk\10.0.103\Sdks\Microsoft.NET.Sdk\targets\Microsoft.NET.Sdk.targets (144,5)
       C:\Program Files\dotnet\sdk\10.0.103\Sdks\Microsoft.NET.Sdk\targets\Microsoft.NET.Sdk.CSharp.targets(45,5): message : Property reassignment: $(WarningsAsErrors)=";NU1605;SYSLIB0011" (previous value: ";NU1605") at C:\Program Files\dotnet\sdk\10.0.103\Sdks\Microsoft.NET.Sdk\targets\Microsoft.NET.Sdk.CSharp.targets (45,5)
       C:\Program Files\dotnet\sdk\10.0.103\Sdks\Microsoft.NET.Sdk\targets\Microsoft.NET.Sdk.targets(204,5): message : Property reassignment: $(CoreBuildDependsOn)="
       C:\Program Files\dotnet\sdk\10.0.103\Sdks\Microsoft.NET.Sdk\targets\Microsoft.NET.Sdk.targets(204,5): message :       _CheckForBuildWithNoBuild;
       C:\Program Files\dotnet\sdk\10.0.103\Sdks\Microsoft.NET.Sdk\targets\Microsoft.NET.Sdk.targets(204,5): message :       
       C:\Program Files\dotnet\sdk\10.0.103\Sdks\Microsoft.NET.Sdk\targets\Microsoft.NET.Sdk.targets(204,5): message :       BuildOnlySettings;
       C:\Program Files\dotnet\sdk\10.0.103\Sdks\Microsoft.NET.Sdk\targets\Microsoft.NET.Sdk.targets(204,5): message :       PrepareForBuild;
       C:\Program Files\dotnet\sdk\10.0.103\Sdks\Microsoft.NET.Sdk\targets\Microsoft.NET.Sdk.targets(204,5): message :       PreBuildEvent;
       C:\Program Files\dotnet\sdk\10.0.103\Sdks\Microsoft.NET.Sdk\targets\Microsoft.NET.Sdk.targets(204,5): message :       ResolveReferences;
       C:\Program Files\dotnet\sdk\10.0.103\Sdks\Microsoft.NET.Sdk\targets\Microsoft.NET.Sdk.targets(204,5): message :       PrepareResources;
       C:\Program Files\dotnet\sdk\10.0.103\Sdks\Microsoft.NET.Sdk\targets\Microsoft.NET.Sdk.targets(204,5): message :       ResolveKeySource;
       C:\Program Files\dotnet\sdk\10.0.103\Sdks\Microsoft.NET.Sdk\targets\Microsoft.NET.Sdk.targets(204,5): message :       Compile;
       C:\Program Files\dotnet\sdk\10.0.103\Sdks\Microsoft.NET.Sdk\targets\Microsoft.NET.Sdk.targets(204,5): message :       ExportWindowsMDFile;
       C:\Program Files\dotnet\sdk\10.0.103\Sdks\Microsoft.NET.Sdk\targets\Microsoft.NET.Sdk.targets(204,5): message :       UnmanagedUnregistration;
       C:\Program Files\dotnet\sdk\10.0.103\Sdks\Microsoft.NET.Sdk\targets\Microsoft.NET.Sdk.targets(204,5): message :       GenerateSerializationAssemblies;
       C:\Program Files\dotnet\sdk\10.0.103\Sdks\Microsoft.NET.Sdk\targets\Microsoft.NET.Sdk.targets(204,5): message :       CreateSatelliteAssemblies;
       C:\Program Files\dotnet\sdk\10.0.103\Sdks\Microsoft.NET.Sdk\targets\Microsoft.NET.Sdk.targets(204,5): message :       GenerateManifests;
       C:\Program Files\dotnet\sdk\10.0.103\Sdks\Microsoft.NET.Sdk\targets\Microsoft.NET.Sdk.targets(204,5): message :       GetTargetPath;
       C:\Program Files\dotnet\sdk\10.0.103\Sdks\Microsoft.NET.Sdk\targets\Microsoft.NET.Sdk.targets(204,5): message :       PrepareForRun;
       C:\Program Files\dotnet\sdk\10.0.103\Sdks\Microsoft.NET.Sdk\targets\Microsoft.NET.Sdk.targets(204,5): message :       UnmanagedRegistration;
       C:\Program Files\dotnet\sdk\10.0.103\Sdks\Microsoft.NET.Sdk\targets\Microsoft.NET.Sdk.targets(204,5): message :       IncrementalClean;
       C:\Program Files\dotnet\sdk\10.0.103\Sdks\Microsoft.NET.Sdk\targets\Microsoft.NET.Sdk.targets(204,5): message :       PostBuildEvent
       C:\Program Files\dotnet\sdk\10.0.103\Sdks\Microsoft.NET.Sdk\targets\Microsoft.NET.Sdk.targets(204,5): message :     ;
       C:\Program Files\dotnet\sdk\10.0.103\Sdks\Microsoft.NET.Sdk\targets\Microsoft.NET.Sdk.targets(204,5): message :       GenerateBuildDependencyFile;
       C:\Program Files\dotnet\sdk\10.0.103\Sdks\Microsoft.NET.Sdk\targets\Microsoft.NET.Sdk.targets(204,5): message :       GenerateBuildRuntimeConfigurationFiles
       C:\Program Files\dotnet\sdk\10.0.103\Sdks\Microsoft.NET.Sdk\targets\Microsoft.NET.Sdk.targets(204,5): message :     " (previous value: "
       C:\Program Files\dotnet\sdk\10.0.103\Sdks\Microsoft.NET.Sdk\targets\Microsoft.NET.Sdk.targets(204,5): message :       BuildOnlySettings;
       C:\Program Files\dotnet\sdk\10.0.103\Sdks\Microsoft.NET.Sdk\targets\Microsoft.NET.Sdk.targets(204,5): message :       PrepareForBuild;
       C:\Program Files\dotnet\sdk\10.0.103\Sdks\Microsoft.NET.Sdk\targets\Microsoft.NET.Sdk.targets(204,5): message :       PreBuildEvent;
       C:\Program Files\dotnet\sdk\10.0.103\Sdks\Microsoft.NET.Sdk\targets\Microsoft.NET.Sdk.targets(204,5): message :       ResolveReferences;
       C:\Program Files\dotnet\sdk\10.0.103\Sdks\Microsoft.NET.Sdk\targets\Microsoft.NET.Sdk.targets(204,5): message :       PrepareResources;
       C:\Program Files\dotnet\sdk\10.0.103\Sdks\Microsoft.NET.Sdk\targets\Microsoft.NET.Sdk.targets(204,5): message :       ResolveKeySource;
       C:\Program Files\dotnet\sdk\10.0.103\Sdks\Microsoft.NET.Sdk\targets\Microsoft.NET.Sdk.targets(204,5): message :       Compile;
       C:\Program Files\dotnet\sdk\10.0.103\Sdks\Microsoft.NET.Sdk\targets\Microsoft.NET.Sdk.targets(204,5): message :       ExportWindowsMDFile;
       C:\Program Files\dotnet\sdk\10.0.103\Sdks\Microsoft.NET.Sdk\targets\Microsoft.NET.Sdk.targets(204,5): message :       UnmanagedUnregistration;
       C:\Program Files\dotnet\sdk\10.0.103\Sdks\Microsoft.NET.Sdk\targets\Microsoft.NET.Sdk.targets(204,5): message :       GenerateSerializationAssemblies;
       C:\Program Files\dotnet\sdk\10.0.103\Sdks\Microsoft.NET.Sdk\targets\Microsoft.NET.Sdk.targets(204,5): message :       CreateSatelliteAssemblies;
       C:\Program Files\dotnet\sdk\10.0.103\Sdks\Microsoft.NET.Sdk\targets\Microsoft.NET.Sdk.targets(204,5): message :       GenerateManifests;
       C:\Program Files\dotnet\sdk\10.0.103\Sdks\Microsoft.NET.Sdk\targets\Microsoft.NET.Sdk.targets(204,5): message :       GetTargetPath;
       C:\Program Files\dotnet\sdk\10.0.103\Sdks\Microsoft.NET.Sdk\targets\Microsoft.NET.Sdk.targets(204,5): message :       PrepareForRun;
       C:\Program Files\dotnet\sdk\10.0.103\Sdks\Microsoft.NET.Sdk\targets\Microsoft.NET.Sdk.targets(204,5): message :       UnmanagedRegistration;
       C:\Program Files\dotnet\sdk\10.0.103\Sdks\Microsoft.NET.Sdk\targets\Microsoft.NET.Sdk.targets(204,5): message :       IncrementalClean;
       C:\Program Files\dotnet\sdk\10.0.103\Sdks\Microsoft.NET.Sdk\targets\Microsoft.NET.Sdk.targets(204,5): message :       PostBuildEvent
       C:\Program Files\dotnet\sdk\10.0.103\Sdks\Microsoft.NET.Sdk\targets\Microsoft.NET.Sdk.targets(204,5): message :     ") at C:\Program Files\dotnet\sdk\10.0.103\Sdks\Microsoft.NET.Sdk\targets\Microsoft.NET.Sdk.targets (204,5)
       C:\Program Files\dotnet\sdk\10.0.103\Sdks\Microsoft.NET.Sdk\targets\Microsoft.NET.Sdk.targets(148,5): message : Property reassignment: $(AvailablePlatforms)="Any CPU,x86,x64,ARM32,ARM64" (previous value: "Any CPU,x86,x64,ARM32") at C:\Program Files\dotnet\sdk\10.0.103\Sdks\Microsoft.NET.Sdk\targets\Microsoft.NET.Sdk.targets (148,5)
       C:\Program Files\dotnet\sdk\10.0.103\Sdks\Microsoft.NET.Sdk\targets\Microsoft.NET.Windows.targets(49,5): message : Property reassignment: $(TargetPlatformVersion)="7.0" (previous value: "") at C:\Program Files\dotnet\sdk\10.0.103\Sdks\Microsoft.NET.Sdk\targets\Microsoft.NET.Windows.targets (49,5)
       C:\Program Files\dotnet\sdk\10.0.103\Sdks\Microsoft.SourceLink.AzureRepos.Git\build\Microsoft.SourceLink.AzureRepos.Git.targets(12,5): message : Property reassignment: $(SourceLinkUrlInitializerTargets)=";_InitializeGitHubSourceLinkUrl;_InitializeGitLabSourceLinkUrl;_InitializeAzureReposGitSourceLinkUrl" (previous value: ";_InitializeGitHubSourceLinkUrl;_InitializeGitLabSourceLinkUrl") at C:\Program Files\dotnet\sdk\10.0.103\Sdks\Microsoft.SourceLink.AzureRepos.Git\build\Microsoft.SourceLink.AzureRepos.Git.targets (12,5)
       C:\Program Files\dotnet\sdk\10.0.103\Sdks\Microsoft.NET.Sdk\targets\Microsoft.NET.Sdk.targets(213,5): message : Property reassignment: $(CoreCleanDependsOn)="
       C:\Program Files\dotnet\sdk\10.0.103\Sdks\Microsoft.NET.Sdk\targets\Microsoft.NET.Sdk.targets(213,5): message :       _SdkBeforeClean;
       C:\Program Files\dotnet\sdk\10.0.103\Sdks\Microsoft.NET.Sdk\targets\Microsoft.NET.Sdk.targets(213,5): message :       
       C:\Program Files\dotnet\sdk\10.0.103\Sdks\Microsoft.NET.Sdk\targets\Microsoft.NET.Sdk.targets(213,5): message :     " (previous value: "") at C:\Program Files\dotnet\sdk\10.0.103\Sdks\Microsoft.NET.Sdk\targets\Microsoft.NET.Sdk.targets (213,5)
       C:\Program Files\dotnet\sdk\10.0.103\Sdks\Microsoft.NET.Sdk\targets\Microsoft.NET.Sdk.targets(204,5): message : Property reassignment: $(CoreBuildDependsOn)="
       C:\Program Files\dotnet\sdk\10.0.103\Sdks\Microsoft.NET.Sdk\targets\Microsoft.NET.Sdk.targets(204,5): message :       _CheckForBuildWithNoBuild;
       C:\Program Files\dotnet\sdk\10.0.103\Sdks\Microsoft.NET.Sdk\targets\Microsoft.NET.Sdk.targets(204,5): message :       
       C:\Program Files\dotnet\sdk\10.0.103\Sdks\Microsoft.NET.Sdk\targets\Microsoft.NET.Sdk.targets(204,5): message :       BuildOnlySettings;
       C:\Program Files\dotnet\sdk\10.0.103\Sdks\Microsoft.NET.Sdk\targets\Microsoft.NET.Sdk.targets(204,5): message :       PrepareForBuild;
       C:\Program Files\dotnet\sdk\10.0.103\Sdks\Microsoft.NET.Sdk\targets\Microsoft.NET.Sdk.targets(204,5): message :       PreBuildEvent;
       C:\Program Files\dotnet\sdk\10.0.103\Sdks\Microsoft.NET.Sdk\targets\Microsoft.NET.Sdk.targets(204,5): message :       ResolveReferences;
       C:\Program Files\dotnet\sdk\10.0.103\Sdks\Microsoft.NET.Sdk\targets\Microsoft.NET.Sdk.targets(204,5): message :       PrepareResources;
       C:\Program Files\dotnet\sdk\10.0.103\Sdks\Microsoft.NET.Sdk\targets\Microsoft.NET.Sdk.targets(204,5): message :       ResolveKeySource;
       C:\Program Files\dotnet\sdk\10.0.103\Sdks\Microsoft.NET.Sdk\targets\Microsoft.NET.Sdk.targets(204,5): message :       Compile;
       C:\Program Files\dotnet\sdk\10.0.103\Sdks\Microsoft.NET.Sdk\targets\Microsoft.NET.Sdk.targets(204,5): message :       ExportWindowsMDFile;
       C:\Program Files\dotnet\sdk\10.0.103\Sdks\Microsoft.NET.Sdk\targets\Microsoft.NET.Sdk.targets(204,5): message :       UnmanagedUnregistration;
       C:\Program Files\dotnet\sdk\10.0.103\Sdks\Microsoft.NET.Sdk\targets\Microsoft.NET.Sdk.targets(204,5): message :       GenerateSerializationAssemblies;
       C:\Program Files\dotnet\sdk\10.0.103\Sdks\Microsoft.NET.Sdk\targets\Microsoft.NET.Sdk.targets(204,5): message :       CreateSatelliteAssemblies;
       C:\Program Files\dotnet\sdk\10.0.103\Sdks\Microsoft.NET.Sdk\targets\Microsoft.NET.Sdk.targets(204,5): message :       GenerateManifests;
       C:\Program Files\dotnet\sdk\10.0.103\Sdks\Microsoft.NET.Sdk\targets\Microsoft.NET.Sdk.targets(204,5): message :       GetTargetPath;
       C:\Program Files\dotnet\sdk\10.0.103\Sdks\Microsoft.NET.Sdk\targets\Microsoft.NET.Sdk.targets(204,5): message :       PrepareForRun;
       C:\Program Files\dotnet\sdk\10.0.103\Sdks\Microsoft.NET.Sdk\targets\Microsoft.NET.Sdk.targets(204,5): message :       UnmanagedRegistration;
       C:\Program Files\dotnet\sdk\10.0.103\Sdks\Microsoft.NET.Sdk\targets\Microsoft.NET.Sdk.targets(204,5): message :       IncrementalClean;
       C:\Program Files\dotnet\sdk\10.0.103\Sdks\Microsoft.NET.Sdk\targets\Microsoft.NET.Sdk.targets(204,5): message :       PostBuildEvent
       C:\Program Files\dotnet\sdk\10.0.103\Sdks\Microsoft.NET.Sdk\targets\Microsoft.NET.Sdk.targets(204,5): message :     ;
       C:\Program Files\dotnet\sdk\10.0.103\Sdks\Microsoft.NET.Sdk\targets\Microsoft.NET.Sdk.targets(204,5): message :       GenerateBuildDependencyFile;
       C:\Program Files\dotnet\sdk\10.0.103\Sdks\Microsoft.NET.Sdk\targets\Microsoft.NET.Sdk.targets(204,5): message :       GenerateBuildRuntimeConfigurationFiles
       C:\Program Files\dotnet\sdk\10.0.103\Sdks\Microsoft.NET.Sdk\targets\Microsoft.NET.Sdk.targets(204,5): message :     " (previous value: "
       C:\Program Files\dotnet\sdk\10.0.103\Sdks\Microsoft.NET.Sdk\targets\Microsoft.NET.Sdk.targets(204,5): message :       BuildOnlySettings;
       C:\Program Files\dotnet\sdk\10.0.103\Sdks\Microsoft.NET.Sdk\targets\Microsoft.NET.Sdk.targets(204,5): message :       PrepareForBuild;
       C:\Program Files\dotnet\sdk\10.0.103\Sdks\Microsoft.NET.Sdk\targets\Microsoft.NET.Sdk.targets(204,5): message :       PreBuildEvent;
       C:\Program Files\dotnet\sdk\10.0.103\Sdks\Microsoft.NET.Sdk\targets\Microsoft.NET.Sdk.targets(204,5): message :       ResolveReferences;
       C:\Program Files\dotnet\sdk\10.0.103\Sdks\Microsoft.NET.Sdk\targets\Microsoft.NET.Sdk.targets(204,5): message :       PrepareResources;
       C:\Program Files\dotnet\sdk\10.0.103\Sdks\Microsoft.NET.Sdk\targets\Microsoft.NET.Sdk.targets(204,5): message :       ResolveKeySource;
       C:\Program Files\dotnet\sdk\10.0.103\Sdks\Microsoft.NET.Sdk\targets\Microsoft.NET.Sdk.targets(204,5): message :       Compile;
       C:\Program Files\dotnet\sdk\10.0.103\Sdks\Microsoft.NET.Sdk\targets\Microsoft.NET.Sdk.targets(204,5): message :       ExportWindowsMDFile;
       C:\Program Files\dotnet\sdk\10.0.103\Sdks\Microsoft.NET.Sdk\targets\Microsoft.NET.Sdk.targets(204,5): message :       UnmanagedUnregistration;
       C:\Program Files\dotnet\sdk\10.0.103\Sdks\Microsoft.NET.Sdk\targets\Microsoft.NET.Sdk.targets(204,5): message :       GenerateSerializationAssemblies;
       C:\Program Files\dotnet\sdk\10.0.103\Sdks\Microsoft.NET.Sdk\targets\Microsoft.NET.Sdk.targets(204,5): message :       CreateSatelliteAssemblies;
       C:\Program Files\dotnet\sdk\10.0.103\Sdks\Microsoft.NET.Sdk\targets\Microsoft.NET.Sdk.targets(204,5): message :       GenerateManifests;
       C:\Program Files\dotnet\sdk\10.0.103\Sdks\Microsoft.NET.Sdk\targets\Microsoft.NET.Sdk.targets(204,5): message :       GetTargetPath;
       C:\Program Files\dotnet\sdk\10.0.103\Sdks\Microsoft.NET.Sdk\targets\Microsoft.NET.Sdk.targets(204,5): message :       PrepareForRun;
       C:\Program Files\dotnet\sdk\10.0.103\Sdks\Microsoft.NET.Sdk\targets\Microsoft.NET.Sdk.targets(204,5): message :       UnmanagedRegistration;
       C:\Program Files\dotnet\sdk\10.0.103\Sdks\Microsoft.NET.Sdk\targets\Microsoft.NET.Sdk.targets(204,5): message :       IncrementalClean;
       C:\Program Files\dotnet\sdk\10.0.103\Sdks\Microsoft.NET.Sdk\targets\Microsoft.NET.Sdk.targets(204,5): message :       PostBuildEvent
       C:\Program Files\dotnet\sdk\10.0.103\Sdks\Microsoft.NET.Sdk\targets\Microsoft.NET.Sdk.targets(204,5): message :     ") at C:\Program Files\dotnet\sdk\10.0.103\Sdks\Microsoft.NET.Sdk\targets\Microsoft.NET.Sdk.targets (204,5)
       C:\Program Files\dotnet\sdk\10.0.103\Sdks\Microsoft.NET.Sdk\targets\Microsoft.NET.Windows.targets(50,5): message : Property reassignment: $(EffectiveTargetPlatformVersion)="7.0" (previous value: "") at C:\Program Files\dotnet\sdk\10.0.103\Sdks\Microsoft.NET.Sdk\targets\Microsoft.NET.Windows.targets (50,5)
       C:\Program Files\dotnet\sdk\10.0.103\Sdks\Microsoft.NET.Sdk\targets\Microsoft.NET.Sdk.targets(220,5): message : Property reassignment: $(RebuildDependsOn)="
       C:\Program Files\dotnet\sdk\10.0.103\Sdks\Microsoft.NET.Sdk\targets\Microsoft.NET.Sdk.targets(220,5): message :       _SdkBeforeRebuild;
       C:\Program Files\dotnet\sdk\10.0.103\Sdks\Microsoft.NET.Sdk\targets\Microsoft.NET.Sdk.targets(220,5): message :       
       C:\Program Files\dotnet\sdk\10.0.103\Sdks\Microsoft.NET.Sdk\targets\Microsoft.NET.Sdk.targets(220,5): message :       BeforeRebuild;
       C:\Program Files\dotnet\sdk\10.0.103\Sdks\Microsoft.NET.Sdk\targets\Microsoft.NET.Sdk.targets(220,5): message :       Clean;
       C:\Program Files\dotnet\sdk\10.0.103\Sdks\Microsoft.NET.Sdk\targets\Microsoft.NET.Sdk.targets(220,5): message :       Build;
       C:\Program Files\dotnet\sdk\10.0.103\Sdks\Microsoft.NET.Sdk\targets\Microsoft.NET.Sdk.targets(220,5): message :       AfterRebuild;
       C:\Program Files\dotnet\sdk\10.0.103\Sdks\Microsoft.NET.Sdk\targets\Microsoft.NET.Sdk.targets(220,5): message :     
       C:\Program Files\dotnet\sdk\10.0.103\Sdks\Microsoft.NET.Sdk\targets\Microsoft.NET.Sdk.targets(220,5): message :     " (previous value: "
       C:\Program Files\dotnet\sdk\10.0.103\Sdks\Microsoft.NET.Sdk\targets\Microsoft.NET.Sdk.targets(220,5): message :       BeforeRebuild;
       C:\Program Files\dotnet\sdk\10.0.103\Sdks\Microsoft.NET.Sdk\targets\Microsoft.NET.Sdk.targets(220,5): message :       Clean;
       C:\Program Files\dotnet\sdk\10.0.103\Sdks\Microsoft.NET.Sdk\targets\Microsoft.NET.Sdk.targets(220,5): message :       Build;
       C:\Program Files\dotnet\sdk\10.0.103\Sdks\Microsoft.NET.Sdk\targets\Microsoft.NET.Sdk.targets(220,5): message :       AfterRebuild;
       C:\Program Files\dotnet\sdk\10.0.103\Sdks\Microsoft.NET.Sdk\targets\Microsoft.NET.Sdk.targets(220,5): message :     ") at C:\Program Files\dotnet\sdk\10.0.103\Sdks\Microsoft.NET.Sdk\targets\Microsoft.NET.Sdk.targets (220,5)
       C:\Program Files\dotnet\sdk\10.0.103\Sdks\Microsoft.SourceLink.AzureRepos.Git\build\Microsoft.SourceLink.AzureRepos.Git.targets(13,5): message : Property reassignment: $(SourceControlManagerUrlTranslationTargets)=";TranslateGitHubUrlsInSourceControlInformation;TranslateGitLabUrlsInSourceControlInformation;TranslateAzureReposGitUrlsInSourceControlInformation" (previous value: ";TranslateGitHubUrlsInSourceControlInformation;TranslateGitLabUrlsInSourceControlInformation") at C:\Program Files\dotnet\sdk\10.0.103\Sdks\Microsoft.SourceLink.AzureRepos.Git\build\Microsoft.SourceLink.AzureRepos.Git.targets (13,5)
       C:\Program Files\dotnet\sdk\10.0.103\Sdks\Microsoft.NET.Sdk\targets\Microsoft.NET.Sdk.targets(213,5): message : Property reassignment: $(CoreCleanDependsOn)="
       C:\Program Files\dotnet\sdk\10.0.103\Sdks\Microsoft.NET.Sdk\targets\Microsoft.NET.Sdk.targets(213,5): message :       _SdkBeforeClean;
       C:\Program Files\dotnet\sdk\10.0.103\Sdks\Microsoft.NET.Sdk\targets\Microsoft.NET.Sdk.targets(213,5): message :       
       C:\Program Files\dotnet\sdk\10.0.103\Sdks\Microsoft.NET.Sdk\targets\Microsoft.NET.Sdk.targets(213,5): message :     " (previous value: "") at C:\Program Files\dotnet\sdk\10.0.103\Sdks\Microsoft.NET.Sdk\targets\Microsoft.NET.Sdk.targets (213,5)
       C:\Program Files\dotnet\sdk\10.0.103\Sdks\Microsoft.NET.Sdk\targets\Microsoft.NET.Windows.targets(60,5): message : Property reassignment: $(SupportedOSPlatformVersion)="7.0" (previous value: "") at C:\Program Files\dotnet\sdk\10.0.103\Sdks\Microsoft.NET.Sdk\targets\Microsoft.NET.Windows.targets (60,5)
       C:\Program Files\dotnet\sdk\10.0.103\Sdks\Microsoft.NET.Sdk\targets\Microsoft.NET.Sdk.targets(799,5): message : Property reassignment: $(CompileDependsOn)="
       C:\Program Files\dotnet\sdk\10.0.103\Sdks\Microsoft.NET.Sdk\targets\Microsoft.NET.Sdk.targets(799,5): message :       
       C:\Program Files\dotnet\sdk\10.0.103\Sdks\Microsoft.NET.Sdk\targets\Microsoft.NET.Sdk.targets(799,5): message :       ResolveReferences;
       C:\Program Files\dotnet\sdk\10.0.103\Sdks\Microsoft.NET.Sdk\targets\Microsoft.NET.Sdk.targets(799,5): message :       ResolveKeySource;
       C:\Program Files\dotnet\sdk\10.0.103\Sdks\Microsoft.NET.Sdk\targets\Microsoft.NET.Sdk.targets(799,5): message :       SetWin32ManifestProperties;
       C:\Program Files\dotnet\sdk\10.0.103\Sdks\Microsoft.NET.Sdk\targets\Microsoft.NET.Sdk.targets(799,5): message :       _SetPreferNativeArm64Win32ManifestProperties;
       C:\Program Files\dotnet\sdk\10.0.103\Sdks\Microsoft.NET.Sdk\targets\Microsoft.NET.Sdk.targets(799,5): message :       FindReferenceAssembliesForReferences;
       C:\Program Files\dotnet\sdk\10.0.103\Sdks\Microsoft.NET.Sdk\targets\Microsoft.NET.Sdk.targets(799,5): message :       _GenerateCompileInputs;
       C:\Program Files\dotnet\sdk\10.0.103\Sdks\Microsoft.NET.Sdk\targets\Microsoft.NET.Sdk.targets(799,5): message :       BeforeCompile;
       C:\Program Files\dotnet\sdk\10.0.103\Sdks\Microsoft.NET.Sdk\targets\Microsoft.NET.Sdk.targets(799,5): message :       _TimeStampBeforeCompile;
       C:\Program Files\dotnet\sdk\10.0.103\Sdks\Microsoft.NET.Sdk\targets\Microsoft.NET.Sdk.targets(799,5): message :       _GenerateCompileDependencyCache;
       C:\Program Files\dotnet\sdk\10.0.103\Sdks\Microsoft.NET.Sdk\targets\Microsoft.NET.Sdk.targets(799,5): message :       CoreCompile;
       C:\Program Files\dotnet\sdk\10.0.103\Sdks\Microsoft.NET.Sdk\targets\Microsoft.NET.Sdk.targets(799,5): message :       _TimeStampAfterCompile;
       C:\Program Files\dotnet\sdk\10.0.103\Sdks\Microsoft.NET.Sdk\targets\Microsoft.NET.Sdk.targets(799,5): message :       AfterCompile;
       C:\Program Files\dotnet\sdk\10.0.103\Sdks\Microsoft.NET.Sdk\targets\Microsoft.NET.Sdk.targets(799,5): message :     ;
       C:\Program Files\dotnet\sdk\10.0.103\Sdks\Microsoft.NET.Sdk\targets\Microsoft.NET.Sdk.targets(799,5): message :       _CreateAppHost;
       C:\Program Files\dotnet\sdk\10.0.103\Sdks\Microsoft.NET.Sdk\targets\Microsoft.NET.Sdk.targets(799,5): message :       _CreateComHost;
       C:\Program Files\dotnet\sdk\10.0.103\Sdks\Microsoft.NET.Sdk\targets\Microsoft.NET.Sdk.targets(799,5): message :       _GetIjwHostPaths;
       C:\Program Files\dotnet\sdk\10.0.103\Sdks\Microsoft.NET.Sdk\targets\Microsoft.NET.Sdk.targets(799,5): message :     " (previous value: "
       C:\Program Files\dotnet\sdk\10.0.103\Sdks\Microsoft.NET.Sdk\targets\Microsoft.NET.Sdk.targets(799,5): message :       ResolveReferences;
       C:\Program Files\dotnet\sdk\10.0.103\Sdks\Microsoft.NET.Sdk\targets\Microsoft.NET.Sdk.targets(799,5): message :       ResolveKeySource;
       C:\Program Files\dotnet\sdk\10.0.103\Sdks\Microsoft.NET.Sdk\targets\Microsoft.NET.Sdk.targets(799,5): message :       SetWin32ManifestProperties;
       C:\Program Files\dotnet\sdk\10.0.103\Sdks\Microsoft.NET.Sdk\targets\Microsoft.NET.Sdk.targets(799,5): message :       _SetPreferNativeArm64Win32ManifestProperties;
       C:\Program Files\dotnet\sdk\10.0.103\Sdks\Microsoft.NET.Sdk\targets\Microsoft.NET.Sdk.targets(799,5): message :       FindReferenceAssembliesForReferences;
       C:\Program Files\dotnet\sdk\10.0.103\Sdks\Microsoft.NET.Sdk\targets\Microsoft.NET.Sdk.targets(799,5): message :       _GenerateCompileInputs;
       C:\Program Files\dotnet\sdk\10.0.103\Sdks\Microsoft.NET.Sdk\targets\Microsoft.NET.Sdk.targets(799,5): message :       BeforeCompile;
       C:\Program Files\dotnet\sdk\10.0.103\Sdks\Microsoft.NET.Sdk\targets\Microsoft.NET.Sdk.targets(799,5): message :       _TimeStampBeforeCompile;
       C:\Program Files\dotnet\sdk\10.0.103\Sdks\Microsoft.NET.Sdk\targets\Microsoft.NET.Sdk.targets(799,5): message :       _GenerateCompileDependencyCache;
       C:\Program Files\dotnet\sdk\10.0.103\Sdks\Microsoft.NET.Sdk\targets\Microsoft.NET.Sdk.targets(799,5): message :       CoreCompile;
       C:\Program Files\dotnet\sdk\10.0.103\Sdks\Microsoft.NET.Sdk\targets\Microsoft.NET.Sdk.targets(799,5): message :       _TimeStampAfterCompile;
       C:\Program Files\dotnet\sdk\10.0.103\Sdks\Microsoft.NET.Sdk\targets\Microsoft.NET.Sdk.targets(799,5): message :       AfterCompile;
       C:\Program Files\dotnet\sdk\10.0.103\Sdks\Microsoft.NET.Sdk\targets\Microsoft.NET.Sdk.targets(799,5): message :     ") at C:\Program Files\dotnet\sdk\10.0.103\Sdks\Microsoft.NET.Sdk\targets\Microsoft.NET.Sdk.targets (799,5)
       C:\Program Files\dotnet\sdk\10.0.103\Sdks\Microsoft.NET.Sdk\targets\Microsoft.NET.Windows.targets(61,5): message : Property reassignment: $(TargetPlatformMinVersion)="7.0" (previous value: "") at C:\Program Files\dotnet\sdk\10.0.103\Sdks\Microsoft.NET.Sdk\targets\Microsoft.NET.Windows.targets (61,5)
       C:\Program Files\dotnet\sdk\10.0.103\Sdks\Microsoft.NET.Sdk\targets\Microsoft.NET.Sdk.targets(220,5): message : Property reassignment: $(RebuildDependsOn)="
       C:\Program Files\dotnet\sdk\10.0.103\Sdks\Microsoft.NET.Sdk\targets\Microsoft.NET.Sdk.targets(220,5): message :       _SdkBeforeRebuild;
       C:\Program Files\dotnet\sdk\10.0.103\Sdks\Microsoft.NET.Sdk\targets\Microsoft.NET.Sdk.targets(220,5): message :       
       C:\Program Files\dotnet\sdk\10.0.103\Sdks\Microsoft.NET.Sdk\targets\Microsoft.NET.Sdk.targets(220,5): message :       BeforeRebuild;
       C:\Program Files\dotnet\sdk\10.0.103\Sdks\Microsoft.NET.Sdk\targets\Microsoft.NET.Sdk.targets(220,5): message :       Clean;
       C:\Program Files\dotnet\sdk\10.0.103\Sdks\Microsoft.NET.Sdk\targets\Microsoft.NET.Sdk.targets(220,5): message :       Build;
       C:\Program Files\dotnet\sdk\10.0.103\Sdks\Microsoft.NET.Sdk\targets\Microsoft.NET.Sdk.targets(220,5): message :       AfterRebuild;
       C:\Program Files\dotnet\sdk\10.0.103\Sdks\Microsoft.NET.Sdk\targets\Microsoft.NET.Sdk.targets(220,5): message :     
       C:\Program Files\dotnet\sdk\10.0.103\Sdks\Microsoft.NET.Sdk\targets\Microsoft.NET.Sdk.targets(220,5): message :     " (previous value: "
       C:\Program Files\dotnet\sdk\10.0.103\Sdks\Microsoft.NET.Sdk\targets\Microsoft.NET.Sdk.targets(220,5): message :       BeforeRebuild;
       C:\Program Files\dotnet\sdk\10.0.103\Sdks\Microsoft.NET.Sdk\targets\Microsoft.NET.Sdk.targets(220,5): message :       Clean;
       C:\Program Files\dotnet\sdk\10.0.103\Sdks\Microsoft.NET.Sdk\targets\Microsoft.NET.Sdk.targets(220,5): message :       Build;
       C:\Program Files\dotnet\sdk\10.0.103\Sdks\Microsoft.NET.Sdk\targets\Microsoft.NET.Sdk.targets(220,5): message :       AfterRebuild;
       C:\Program Files\dotnet\sdk\10.0.103\Sdks\Microsoft.NET.Sdk\targets\Microsoft.NET.Sdk.targets(220,5): message :     ") at C:\Program Files\dotnet\sdk\10.0.103\Sdks\Microsoft.NET.Sdk\targets\Microsoft.NET.Sdk.targets (220,5)
       C:\Program Files\dotnet\sdk\10.0.103\Sdks\Microsoft.SourceLink.Bitbucket.Git\build\Microsoft.SourceLink.Bitbucket.Git.targets(12,5): message : Property reassignment: $(SourceLinkUrlInitializerTargets)=";_InitializeGitHubSourceLinkUrl;_InitializeGitLabSourceLinkUrl;_InitializeAzureReposGitSourceLinkUrl;_InitializeBitbucketGitSourceLinkUrl" (previous value: ";_InitializeGitHubSourceLinkUrl;_InitializeGitLabSourceLinkUrl;_InitializeAzureReposGitSourceLinkUrl") at C:\Program Files\dotnet\sdk\10.0.103\Sdks\Microsoft.SourceLink.Bitbucket.Git\build\Microsoft.SourceLink.Bitbucket.Git.targets (12,5)
       C:\Program Files\dotnet\sdk\10.0.103\Sdks\Microsoft.NET.Sdk\targets\Microsoft.NET.Windows.targets(239,5): message : Property reassignment: $(_RunCsWinRTGeneratorPropertyInputsCachePath)="c:\Apps\TicketConsolidator\tests\TicketConsolidator.UnitTests\obj\Debug\net10.0-windows\TicketConsolidator.UnitTests.cswinrtgen.cache" (previous value: "obj\Debug\net10.0-windows\TicketConsolidator.UnitTests.cswinrtgen.cache") at C:\Program Files\dotnet\sdk\10.0.103\Sdks\Microsoft.NET.Sdk\targets\Microsoft.NET.Windows.targets (239,5)
       C:\Program Files\dotnet\sdk\10.0.103\Sdks\Microsoft.NET.Sdk\targets\Microsoft.NET.Sdk.targets(1131,5): message : Property reassignment: $(CreateSatelliteAssembliesDependsOn)="
       C:\Program Files\dotnet\sdk\10.0.103\Sdks\Microsoft.NET.Sdk\targets\Microsoft.NET.Sdk.targets(1131,5): message :       
       C:\Program Files\dotnet\sdk\10.0.103\Sdks\Microsoft.NET.Sdk\targets\Microsoft.NET.Sdk.targets(1131,5): message :       ;
       C:\Program Files\dotnet\sdk\10.0.103\Sdks\Microsoft.NET.Sdk\targets\Microsoft.NET.Sdk.targets(1131,5): message :       _GenerateSatelliteAssemblyInputs;
       C:\Program Files\dotnet\sdk\10.0.103\Sdks\Microsoft.NET.Sdk\targets\Microsoft.NET.Sdk.targets(1131,5): message :       ComputeIntermediateSatelliteAssemblies;
       C:\Program Files\dotnet\sdk\10.0.103\Sdks\Microsoft.NET.Sdk\targets\Microsoft.NET.Sdk.targets(1131,5): message :       GenerateSatelliteAssemblies
       C:\Program Files\dotnet\sdk\10.0.103\Sdks\Microsoft.NET.Sdk\targets\Microsoft.NET.Sdk.targets(1131,5): message :     ;
       C:\Program Files\dotnet\sdk\10.0.103\Sdks\Microsoft.NET.Sdk\targets\Microsoft.NET.Sdk.targets(1131,5): message :       CoreGenerateSatelliteAssemblies
       C:\Program Files\dotnet\sdk\10.0.103\Sdks\Microsoft.NET.Sdk\targets\Microsoft.NET.Sdk.targets(1131,5): message :     " (previous value: "
       C:\Program Files\dotnet\sdk\10.0.103\Sdks\Microsoft.NET.Sdk\targets\Microsoft.NET.Sdk.targets(1131,5): message :       ;
       C:\Program Files\dotnet\sdk\10.0.103\Sdks\Microsoft.NET.Sdk\targets\Microsoft.NET.Sdk.targets(1131,5): message :       _GenerateSatelliteAssemblyInputs;
       C:\Program Files\dotnet\sdk\10.0.103\Sdks\Microsoft.NET.Sdk\targets\Microsoft.NET.Sdk.targets(1131,5): message :       ComputeIntermediateSatelliteAssemblies;
       C:\Program Files\dotnet\sdk\10.0.103\Sdks\Microsoft.NET.Sdk\targets\Microsoft.NET.Sdk.targets(1131,5): message :       GenerateSatelliteAssemblies
       C:\Program Files\dotnet\sdk\10.0.103\Sdks\Microsoft.NET.Sdk\targets\Microsoft.NET.Sdk.targets(1131,5): message :     ") at C:\Program Files\dotnet\sdk\10.0.103\Sdks\Microsoft.NET.Sdk\targets\Microsoft.NET.Sdk.targets (1131,5)
       C:\Program Files\dotnet\sdk\10.0.103\Sdks\Microsoft.NET.Sdk\targets\Microsoft.NET.Sdk.targets(799,5): message : Property reassignment: $(CompileDependsOn)="
       C:\Program Files\dotnet\sdk\10.0.103\Sdks\Microsoft.NET.Sdk\targets\Microsoft.NET.Sdk.targets(799,5): message :       
       C:\Program Files\dotnet\sdk\10.0.103\Sdks\Microsoft.NET.Sdk\targets\Microsoft.NET.Sdk.targets(799,5): message :       ResolveReferences;
       C:\Program Files\dotnet\sdk\10.0.103\Sdks\Microsoft.NET.Sdk\targets\Microsoft.NET.Sdk.targets(799,5): message :       ResolveKeySource;
       C:\Program Files\dotnet\sdk\10.0.103\Sdks\Microsoft.NET.Sdk\targets\Microsoft.NET.Sdk.targets(799,5): message :       SetWin32ManifestProperties;
       C:\Program Files\dotnet\sdk\10.0.103\Sdks\Microsoft.NET.Sdk\targets\Microsoft.NET.Sdk.targets(799,5): message :       _SetPreferNativeArm64Win32ManifestProperties;
       C:\Program Files\dotnet\sdk\10.0.103\Sdks\Microsoft.NET.Sdk\targets\Microsoft.NET.Sdk.targets(799,5): message :       FindReferenceAssembliesForReferences;
       C:\Program Files\dotnet\sdk\10.0.103\Sdks\Microsoft.NET.Sdk\targets\Microsoft.NET.Sdk.targets(799,5): message :       _GenerateCompileInputs;
       C:\Program Files\dotnet\sdk\10.0.103\Sdks\Microsoft.NET.Sdk\targets\Microsoft.NET.Sdk.targets(799,5): message :       BeforeCompile;
       C:\Program Files\dotnet\sdk\10.0.103\Sdks\Microsoft.NET.Sdk\targets\Microsoft.NET.Sdk.targets(799,5): message :       _TimeStampBeforeCompile;
       C:\Program Files\dotnet\sdk\10.0.103\Sdks\Microsoft.NET.Sdk\targets\Microsoft.NET.Sdk.targets(799,5): message :       _GenerateCompileDependencyCache;
       C:\Program Files\dotnet\sdk\10.0.103\Sdks\Microsoft.NET.Sdk\targets\Microsoft.NET.Sdk.targets(799,5): message :       CoreCompile;
       C:\Program Files\dotnet\sdk\10.0.103\Sdks\Microsoft.NET.Sdk\targets\Microsoft.NET.Sdk.targets(799,5): message :       _TimeStampAfterCompile;
       C:\Program Files\dotnet\sdk\10.0.103\Sdks\Microsoft.NET.Sdk\targets\Microsoft.NET.Sdk.targets(799,5): message :       AfterCompile;
       C:\Program Files\dotnet\sdk\10.0.103\Sdks\Microsoft.NET.Sdk\targets\Microsoft.NET.Sdk.targets(799,5): message :     ;
       C:\Program Files\dotnet\sdk\10.0.103\Sdks\Microsoft.NET.Sdk\targets\Microsoft.NET.Sdk.targets(799,5): message :       _CreateAppHost;
       C:\Program Files\dotnet\sdk\10.0.103\Sdks\Microsoft.NET.Sdk\targets\Microsoft.NET.Sdk.targets(799,5): message :       _CreateComHost;
       C:\Program Files\dotnet\sdk\10.0.103\Sdks\Microsoft.NET.Sdk\targets\Microsoft.NET.Sdk.targets(799,5): message :       _GetIjwHostPaths;
       C:\Program Files\dotnet\sdk\10.0.103\Sdks\Microsoft.NET.Sdk\targets\Microsoft.NET.Sdk.targets(799,5): message :     " (previous value: "
       C:\Program Files\dotnet\sdk\10.0.103\Sdks\Microsoft.NET.Sdk\targets\Microsoft.NET.Sdk.targets(799,5): message :       ResolveReferences;
       C:\Program Files\dotnet\sdk\10.0.103\Sdks\Microsoft.NET.Sdk\targets\Microsoft.NET.Sdk.targets(799,5): message :       ResolveKeySource;
       C:\Program Files\dotnet\sdk\10.0.103\Sdks\Microsoft.NET.Sdk\targets\Microsoft.NET.Sdk.targets(799,5): message :       SetWin32ManifestProperties;
       C:\Program Files\dotnet\sdk\10.0.103\Sdks\Microsoft.NET.Sdk\targets\Microsoft.NET.Sdk.targets(799,5): message :       _SetPreferNativeArm64Win32ManifestProperties;
       C:\Program Files\dotnet\sdk\10.0.103\Sdks\Microsoft.NET.Sdk\targets\Microsoft.NET.Sdk.targets(799,5): message :       FindReferenceAssembliesForReferences;
       C:\Program Files\dotnet\sdk\10.0.103\Sdks\Microsoft.NET.Sdk\targets\Microsoft.NET.Sdk.targets(799,5): message :       _GenerateCompileInputs;
       C:\Program Files\dotnet\sdk\10.0.103\Sdks\Microsoft.NET.Sdk\targets\Microsoft.NET.Sdk.targets(799,5): message :       BeforeCompile;
       C:\Program Files\dotnet\sdk\10.0.103\Sdks\Microsoft.NET.Sdk\targets\Microsoft.NET.Sdk.targets(799,5): message :       _TimeStampBeforeCompile;
       C:\Program Files\dotnet\sdk\10.0.103\Sdks\Microsoft.NET.Sdk\targets\Microsoft.NET.Sdk.targets(799,5): message :       _GenerateCompileDependencyCache;
       C:\Program Files\dotnet\sdk\10.0.103\Sdks\Microsoft.NET.Sdk\targets\Microsoft.NET.Sdk.targets(799,5): message :       CoreCompile;
       C:\Program Files\dotnet\sdk\10.0.103\Sdks\Microsoft.NET.Sdk\targets\Microsoft.NET.Sdk.targets(799,5): message :       _TimeStampAfterCompile;
       C:\Program Files\dotnet\sdk\10.0.103\Sdks\Microsoft.NET.Sdk\targets\Microsoft.NET.Sdk.targets(799,5): message :       AfterCompile;
       C:\Program Files\dotnet\sdk\10.0.103\Sdks\Microsoft.NET.Sdk\targets\Microsoft.NET.Sdk.targets(799,5): message :     ") at C:\Program Files\dotnet\sdk\10.0.103\Sdks\Microsoft.NET.Sdk\targets\Microsoft.NET.Sdk.targets (799,5)
       C:\Program Files\dotnet\sdk\10.0.103\Sdks\Microsoft.SourceLink.Bitbucket.Git\build\Microsoft.SourceLink.Bitbucket.Git.targets(13,5): message : Property reassignment: $(SourceControlManagerUrlTranslationTargets)=";TranslateGitHubUrlsInSourceControlInformation;TranslateGitLabUrlsInSourceControlInformation;TranslateAzureReposGitUrlsInSourceControlInformation;TranslateBitbucketGitUrlsInSourceControlInformation" (previous value: ";TranslateGitHubUrlsInSourceControlInformation;TranslateGitLabUrlsInSourceControlInformation;TranslateAzureReposGitUrlsInSourceControlInformation") at C:\Program Files\dotnet\sdk\10.0.103\Sdks\Microsoft.SourceLink.Bitbucket.Git\build\Microsoft.SourceLink.Bitbucket.Git.targets (13,5)
       C:\Program Files\dotnet\sdk\10.0.103\Sdks\Microsoft.NET.Sdk\targets\Microsoft.NET.Sdk.targets(1497,5): message : Property reassignment: $(TargetPlatformDisplayName)="Windows 7.0" (previous value: "Windows ") at C:\Program Files\dotnet\sdk\10.0.103\Sdks\Microsoft.NET.Sdk\targets\Microsoft.NET.Sdk.targets (1497,5)
       C:\Program Files\dotnet\sdk\10.0.103\Sdks\Microsoft.SourceLink.GitLab\build\Microsoft.SourceLink.GitLab.targets(12,5): message : Property reassignment: $(SourceLinkUrlInitializerTargets)=";_InitializeGitHubSourceLinkUrl;_InitializeGitLabSourceLinkUrl" (previous value: ";_InitializeGitHubSourceLinkUrl") at C:\Program Files\dotnet\sdk\10.0.103\Sdks\Microsoft.SourceLink.GitLab\build\Microsoft.SourceLink.GitLab.targets (12,5)
       C:\Program Files\dotnet\sdk\10.0.103\Sdks\Microsoft.NET.Sdk\targets\Microsoft.NET.Sdk.DefaultItems.targets(35,5): message : Property reassignment: $(DefaultItemExcludes)=";bin\Debug\/**;obj\Debug\/**;bin\/**" (previous value: ";bin\Debug\/**;obj\Debug\/**") at C:\Program Files\dotnet\sdk\10.0.103\Sdks\Microsoft.NET.Sdk\targets\Microsoft.NET.Sdk.DefaultItems.targets (35,5)
       C:\Program Files\dotnet\sdk\10.0.103\Sdks\Microsoft.NET.Sdk\targets\Microsoft.NET.Sdk.targets(1131,5): message : Property reassignment: $(CreateSatelliteAssembliesDependsOn)="
       C:\Program Files\dotnet\sdk\10.0.103\Sdks\Microsoft.NET.Sdk\targets\Microsoft.NET.Sdk.targets(1131,5): message :       
       C:\Program Files\dotnet\sdk\10.0.103\Sdks\Microsoft.NET.Sdk\targets\Microsoft.NET.Sdk.targets(1131,5): message :       ;
       C:\Program Files\dotnet\sdk\10.0.103\Sdks\Microsoft.NET.Sdk\targets\Microsoft.NET.Sdk.targets(1131,5): message :       _GenerateSatelliteAssemblyInputs;
       C:\Program Files\dotnet\sdk\10.0.103\Sdks\Microsoft.NET.Sdk\targets\Microsoft.NET.Sdk.targets(1131,5): message :       ComputeIntermediateSatelliteAssemblies;
       C:\Program Files\dotnet\sdk\10.0.103\Sdks\Microsoft.NET.Sdk\targets\Microsoft.NET.Sdk.targets(1131,5): message :       GenerateSatelliteAssemblies
       C:\Program Files\dotnet\sdk\10.0.103\Sdks\Microsoft.NET.Sdk\targets\Microsoft.NET.Sdk.targets(1131,5): message :     ;
       C:\Program Files\dotnet\sdk\10.0.103\Sdks\Microsoft.NET.Sdk\targets\Microsoft.NET.Sdk.targets(1131,5): message :       CoreGenerateSatelliteAssemblies
       C:\Program Files\dotnet\sdk\10.0.103\Sdks\Microsoft.NET.Sdk\targets\Microsoft.NET.Sdk.targets(1131,5): message :     " (previous value: "
       C:\Program Files\dotnet\sdk\10.0.103\Sdks\Microsoft.NET.Sdk\targets\Microsoft.NET.Sdk.targets(1131,5): message :       ;
       C:\Program Files\dotnet\sdk\10.0.103\Sdks\Microsoft.NET.Sdk\targets\Microsoft.NET.Sdk.targets(1131,5): message :       _GenerateSatelliteAssemblyInputs;
       C:\Program Files\dotnet\sdk\10.0.103\Sdks\Microsoft.NET.Sdk\targets\Microsoft.NET.Sdk.targets(1131,5): message :       ComputeIntermediateSatelliteAssemblies;
       C:\Program Files\dotnet\sdk\10.0.103\Sdks\Microsoft.NET.Sdk\targets\Microsoft.NET.Sdk.targets(1131,5): message :       GenerateSatelliteAssemblies
       C:\Program Files\dotnet\sdk\10.0.103\Sdks\Microsoft.NET.Sdk\targets\Microsoft.NET.Sdk.targets(1131,5): message :     ") at C:\Program Files\dotnet\sdk\10.0.103\Sdks\Microsoft.NET.Sdk\targets\Microsoft.NET.Sdk.targets (1131,5)
       C:\Program Files\dotnet\sdk\10.0.103\NuGet.Build.Tasks.Pack.targets(34,5): message : Property reassignment: $(PackageDescription)="Package Description" (previous value: "") at C:\Program Files\dotnet\sdk\10.0.103\NuGet.Build.Tasks.Pack.targets (34,5)
       C:\Program Files\dotnet\sdk\10.0.103\Sdks\Microsoft.NET.Sdk\targets\Microsoft.NET.DesignerSupport.targets(21,5): message : Property reassignment: $(DesignerRuntimeImplementationProjectOutputGroupDependsOn)="
       C:\Program Files\dotnet\sdk\10.0.103\Sdks\Microsoft.NET.Sdk\targets\Microsoft.NET.DesignerSupport.targets(21,5): message :       
       C:\Program Files\dotnet\sdk\10.0.103\Sdks\Microsoft.NET.Sdk\targets\Microsoft.NET.DesignerSupport.targets(21,5): message :       ;
       C:\Program Files\dotnet\sdk\10.0.103\Sdks\Microsoft.NET.Sdk\targets\Microsoft.NET.DesignerSupport.targets(21,5): message :       
       C:\Program Files\dotnet\sdk\10.0.103\Sdks\Microsoft.NET.Sdk\targets\Microsoft.NET.DesignerSupport.targets(21,5): message :       ;
       C:\Program Files\dotnet\sdk\10.0.103\Sdks\Microsoft.NET.Sdk\targets\Microsoft.NET.DesignerSupport.targets(21,5): message :       BuildOnlySettings;
       C:\Program Files\dotnet\sdk\10.0.103\Sdks\Microsoft.NET.Sdk\targets\Microsoft.NET.DesignerSupport.targets(21,5): message :       PrepareForBuild;
       C:\Program Files\dotnet\sdk\10.0.103\Sdks\Microsoft.NET.Sdk\targets\Microsoft.NET.DesignerSupport.targets(21,5): message :       AssignTargetPaths;
       C:\Program Files\dotnet\sdk\10.0.103\Sdks\Microsoft.NET.Sdk\targets\Microsoft.NET.DesignerSupport.targets(21,5): message :       ResolveReferences
       C:\Program Files\dotnet\sdk\10.0.103\Sdks\Microsoft.NET.Sdk\targets\Microsoft.NET.DesignerSupport.targets(21,5): message :     
       C:\Program Files\dotnet\sdk\10.0.103\Sdks\Microsoft.NET.Sdk\targets\Microsoft.NET.DesignerSupport.targets(21,5): message :     ;
       C:\Program Files\dotnet\sdk\10.0.103\Sdks\Microsoft.NET.Sdk\targets\Microsoft.NET.DesignerSupport.targets(21,5): message :       _GenerateDesignerDepsFile;
       C:\Program Files\dotnet\sdk\10.0.103\Sdks\Microsoft.NET.Sdk\targets\Microsoft.NET.DesignerSupport.targets(21,5): message :       _GenerateDesignerRuntimeConfigFile;
       C:\Program Files\dotnet\sdk\10.0.103\Sdks\Microsoft.NET.Sdk\targets\Microsoft.NET.DesignerSupport.targets(21,5): message :       GetCopyToOutputDirectoryItems;
       C:\Program Files\dotnet\sdk\10.0.103\Sdks\Microsoft.NET.Sdk\targets\Microsoft.NET.DesignerSupport.targets(21,5): message :       _GatherDesignerShadowCopyFiles;
       C:\Program Files\dotnet\sdk\10.0.103\Sdks\Microsoft.NET.Sdk\targets\Microsoft.NET.DesignerSupport.targets(21,5): message :     " (previous value: "
       C:\Program Files\dotnet\sdk\10.0.103\Sdks\Microsoft.NET.Sdk\targets\Microsoft.NET.DesignerSupport.targets(21,5): message :       ;
       C:\Program Files\dotnet\sdk\10.0.103\Sdks\Microsoft.NET.Sdk\targets\Microsoft.NET.DesignerSupport.targets(21,5): message :       
       C:\Program Files\dotnet\sdk\10.0.103\Sdks\Microsoft.NET.Sdk\targets\Microsoft.NET.DesignerSupport.targets(21,5): message :       ;
       C:\Program Files\dotnet\sdk\10.0.103\Sdks\Microsoft.NET.Sdk\targets\Microsoft.NET.DesignerSupport.targets(21,5): message :       BuildOnlySettings;
       C:\Program Files\dotnet\sdk\10.0.103\Sdks\Microsoft.NET.Sdk\targets\Microsoft.NET.DesignerSupport.targets(21,5): message :       PrepareForBuild;
       C:\Program Files\dotnet\sdk\10.0.103\Sdks\Microsoft.NET.Sdk\targets\Microsoft.NET.DesignerSupport.targets(21,5): message :       AssignTargetPaths;
       C:\Program Files\dotnet\sdk\10.0.103\Sdks\Microsoft.NET.Sdk\targets\Microsoft.NET.DesignerSupport.targets(21,5): message :       ResolveReferences
       C:\Program Files\dotnet\sdk\10.0.103\Sdks\Microsoft.NET.Sdk\targets\Microsoft.NET.DesignerSupport.targets(21,5): message :     
       C:\Program Files\dotnet\sdk\10.0.103\Sdks\Microsoft.NET.Sdk\targets\Microsoft.NET.DesignerSupport.targets(21,5): message :     ") at C:\Program Files\dotnet\sdk\10.0.103\Sdks\Microsoft.NET.Sdk\targets\Microsoft.NET.DesignerSupport.targets (21,5)
       C:\Program Files\dotnet\sdk\10.0.103\Sdks\Microsoft.SourceLink.GitLab\build\Microsoft.SourceLink.GitLab.targets(12,5): message : Property reassignment: $(SourceLinkUrlInitializerTargets)=";_InitializeGitHubSourceLinkUrl;_InitializeGitLabSourceLinkUrl" (previous value: ";_InitializeGitHubSourceLinkUrl") at C:\Program Files\dotnet\sdk\10.0.103\Sdks\Microsoft.SourceLink.GitLab\build\Microsoft.SourceLink.GitLab.targets (12,5)
       C:\Program Files\dotnet\sdk\10.0.103\Sdks\Microsoft.SourceLink.GitLab\build\Microsoft.SourceLink.GitLab.targets(13,5): message : Property reassignment: $(SourceControlManagerUrlTranslationTargets)=";TranslateGitHubUrlsInSourceControlInformation;TranslateGitLabUrlsInSourceControlInformation" (previous value: ";TranslateGitHubUrlsInSourceControlInformation") at C:\Program Files\dotnet\sdk\10.0.103\Sdks\Microsoft.SourceLink.GitLab\build\Microsoft.SourceLink.GitLab.targets (13,5)
       C:\Program Files\dotnet\sdk\10.0.103\NuGet.Build.Tasks.Pack.targets(59,5): message : Property reassignment: $(GenerateNuspecDependsOn)="Build;_LoadPackInputItems; _GetTargetFrameworksOutput; _WalkEachTargetPerFramework; _GetPackageFiles; " (previous value: "_LoadPackInputItems; _GetTargetFrameworksOutput; _WalkEachTargetPerFramework; _GetPackageFiles; ") at C:\Program Files\dotnet\sdk\10.0.103\NuGet.Build.Tasks.Pack.targets (59,5)
       C:\Program Files\dotnet\sdk\10.0.103\Sdks\Microsoft.NET.Sdk\targets\Microsoft.NET.Sdk.CSharp.targets(31,5): message : Property reassignment: $(DefineConstants)="TRACE;DEBUG" (previous value: "TRACE") at C:\Program Files\dotnet\sdk\10.0.103\Sdks\Microsoft.NET.Sdk\targets\Microsoft.NET.Sdk.CSharp.targets (31,5)
       C:\Program Files\dotnet\sdk\10.0.103\Sdks\Microsoft.SourceLink.GitLab\build\Microsoft.SourceLink.GitLab.targets(13,5): message : Property reassignment: $(SourceControlManagerUrlTranslationTargets)=";TranslateGitHubUrlsInSourceControlInformation;TranslateGitLabUrlsInSourceControlInformation" (previous value: ";TranslateGitHubUrlsInSourceControlInformation") at C:\Program Files\dotnet\sdk\10.0.103\Sdks\Microsoft.SourceLink.GitLab\build\Microsoft.SourceLink.GitLab.targets (13,5)
       C:\Program Files\dotnet\sdk\10.0.103\Sdks\Microsoft.SourceLink.AzureRepos.Git\build\Microsoft.SourceLink.AzureRepos.Git.targets(12,5): message : Property reassignment: $(SourceLinkUrlInitializerTargets)=";_InitializeGitHubSourceLinkUrl;_InitializeGitLabSourceLinkUrl;_InitializeAzureReposGitSourceLinkUrl" (previous value: ";_InitializeGitHubSourceLinkUrl;_InitializeGitLabSourceLinkUrl") at C:\Program Files\dotnet\sdk\10.0.103\Sdks\Microsoft.SourceLink.AzureRepos.Git\build\Microsoft.SourceLink.AzureRepos.Git.targets (12,5)
       C:\Program Files\dotnet\sdk\10.0.103\Sdks\Microsoft.NET.Sdk\Sdk\Sdk.targets(59,5): message : Property reassignment: $(_IsNotSetContainersTargetsDir)="true" (previous value: "false") at C:\Program Files\dotnet\sdk\10.0.103\Sdks\Microsoft.NET.Sdk\Sdk\Sdk.targets (59,5)
       C:\Program Files\dotnet\sdk\10.0.103\Sdks\Microsoft.NET.Sdk\targets\Microsoft.NET.Sdk.CSharp.targets(45,5): message : Property reassignment: $(WarningsAsErrors)=";NU1605;SYSLIB0011" (previous value: ";NU1605") at C:\Program Files\dotnet\sdk\10.0.103\Sdks\Microsoft.NET.Sdk\targets\Microsoft.NET.Sdk.CSharp.targets (45,5)
       C:\Program Files\dotnet\sdk\10.0.103\Sdks\Microsoft.SourceLink.AzureRepos.Git\build\Microsoft.SourceLink.AzureRepos.Git.targets(12,5): message : Property reassignment: $(SourceLinkUrlInitializerTargets)=";_InitializeGitHubSourceLinkUrl;_InitializeGitLabSourceLinkUrl;_InitializeAzureReposGitSourceLinkUrl" (previous value: ";_InitializeGitHubSourceLinkUrl;_InitializeGitLabSourceLinkUrl") at C:\Program Files\dotnet\sdk\10.0.103\Sdks\Microsoft.SourceLink.AzureRepos.Git\build\Microsoft.SourceLink.AzureRepos.Git.targets (12,5)
       C:\Program Files\dotnet\sdk\10.0.103\Sdks\Microsoft.SourceLink.AzureRepos.Git\build\Microsoft.SourceLink.AzureRepos.Git.targets(13,5): message : Property reassignment: $(SourceControlManagerUrlTranslationTargets)=";TranslateGitHubUrlsInSourceControlInformation;TranslateGitLabUrlsInSourceControlInformation;TranslateAzureReposGitUrlsInSourceControlInformation" (previous value: ";TranslateGitHubUrlsInSourceControlInformation;TranslateGitLabUrlsInSourceControlInformation") at C:\Program Files\dotnet\sdk\10.0.103\Sdks\Microsoft.SourceLink.AzureRepos.Git\build\Microsoft.SourceLink.AzureRepos.Git.targets (13,5)
       C:\Program Files\dotnet\sdk\10.0.103\Containers\build\Microsoft.NET.Build.Containers.targets(5,5): message : Property reassignment: $(_IsSDKContainerAllowedVersion)="true" (previous value: "false") at C:\Program Files\dotnet\sdk\10.0.103\Containers\build\Microsoft.NET.Build.Containers.targets (5,5)
       C:\Program Files\dotnet\sdk\10.0.103\NuGet.Build.Tasks.Pack.targets(34,5): message : Property reassignment: $(PackageDescription)="Package Description" (previous value: "") at C:\Program Files\dotnet\sdk\10.0.103\NuGet.Build.Tasks.Pack.targets (34,5)
       C:\Program Files\dotnet\sdk\10.0.103\Containers\build\Microsoft.NET.Build.Containers.targets(15,5): message : Property reassignment: $(_ContainerIsTargetingNet8TFM)="true" (previous value: "false") at C:\Program Files\dotnet\sdk\10.0.103\Containers\build\Microsoft.NET.Build.Containers.targets (15,5)
       C:\Program Files\dotnet\sdk\10.0.103\Sdks\Microsoft.SourceLink.Bitbucket.Git\build\Microsoft.SourceLink.Bitbucket.Git.targets(12,5): message : Property reassignment: $(SourceLinkUrlInitializerTargets)=";_InitializeGitHubSourceLinkUrl;_InitializeGitLabSourceLinkUrl;_InitializeAzureReposGitSourceLinkUrl;_InitializeBitbucketGitSourceLinkUrl" (previous value: ";_InitializeGitHubSourceLinkUrl;_InitializeGitLabSourceLinkUrl;_InitializeAzureReposGitSourceLinkUrl") at C:\Program Files\dotnet\sdk\10.0.103\Sdks\Microsoft.SourceLink.Bitbucket.Git\build\Microsoft.SourceLink.Bitbucket.Git.targets (12,5)
       C:\Program Files\dotnet\sdk\10.0.103\Sdks\Microsoft.SourceLink.AzureRepos.Git\build\Microsoft.SourceLink.AzureRepos.Git.targets(13,5): message : Property reassignment: $(SourceControlManagerUrlTranslationTargets)=";TranslateGitHubUrlsInSourceControlInformation;TranslateGitLabUrlsInSourceControlInformation;TranslateAzureReposGitUrlsInSourceControlInformation" (previous value: ";TranslateGitHubUrlsInSourceControlInformation;TranslateGitLabUrlsInSourceControlInformation") at C:\Program Files\dotnet\sdk\10.0.103\Sdks\Microsoft.SourceLink.AzureRepos.Git\build\Microsoft.SourceLink.AzureRepos.Git.targets (13,5)
       C:\Program Files\dotnet\sdk\10.0.103\NuGet.Build.Tasks.Pack.targets(59,5): message : Property reassignment: $(GenerateNuspecDependsOn)="Build;_LoadPackInputItems; _GetTargetFrameworksOutput; _WalkEachTargetPerFramework; _GetPackageFiles; " (previous value: "_LoadPackInputItems; _GetTargetFrameworksOutput; _WalkEachTargetPerFramework; _GetPackageFiles; ") at C:\Program Files\dotnet\sdk\10.0.103\NuGet.Build.Tasks.Pack.targets (59,5)
       C:\Users\krish.maniar.ATPL-LAP-723\.nuget\packages\microsoft.testplatform.testhost\17.14.1\build\net8.0\Microsoft.TestPlatform.TestHost.props(15,14): message : Property 'OS' with value 'Windows_NT' expanded from the environment.
       C:\Program Files\dotnet\sdk\10.0.103\Sdks\Microsoft.SourceLink.Bitbucket.Git\build\Microsoft.SourceLink.Bitbucket.Git.targets(13,5): message : Property reassignment: $(SourceControlManagerUrlTranslationTargets)=";TranslateGitHubUrlsInSourceControlInformation;TranslateGitLabUrlsInSourceControlInformation;TranslateAzureReposGitUrlsInSourceControlInformation;TranslateBitbucketGitUrlsInSourceControlInformation" (previous value: ";TranslateGitHubUrlsInSourceControlInformation;TranslateGitLabUrlsInSourceControlInformation;TranslateAzureReposGitUrlsInSourceControlInformation") at C:\Program Files\dotnet\sdk\10.0.103\Sdks\Microsoft.SourceLink.Bitbucket.Git\build\Microsoft.SourceLink.Bitbucket.Git.targets (13,5)
       C:\Program Files\dotnet\sdk\10.0.103\Sdks\Microsoft.SourceLink.Bitbucket.Git\build\Microsoft.SourceLink.Bitbucket.Git.targets(12,5): message : Property reassignment: $(SourceLinkUrlInitializerTargets)=";_InitializeGitHubSourceLinkUrl;_InitializeGitLabSourceLinkUrl;_InitializeAzureReposGitSourceLinkUrl;_InitializeBitbucketGitSourceLinkUrl" (previous value: ";_InitializeGitHubSourceLinkUrl;_InitializeGitLabSourceLinkUrl;_InitializeAzureReposGitSourceLinkUrl") at C:\Program Files\dotnet\sdk\10.0.103\Sdks\Microsoft.SourceLink.Bitbucket.Git\build\Microsoft.SourceLink.Bitbucket.Git.targets (12,5)
       Overriding target "ResolveFrameworkReferences" in project "C:\Program Files\dotnet\sdk\10.0.103\Microsoft.Common.CurrentVersion.targets" with target "ResolveFrameworkReferences" from project "C:\Program Files\dotnet\sdk\10.0.103\Sdks\Microsoft.NET.Sdk\targets\Microsoft.NET.Sdk.FrameworkReferenceResolution.targets".
       C:\Program Files\dotnet\sdk\10.0.103\Sdks\Microsoft.NET.Sdk\Sdk\Sdk.targets(59,5): message : Property reassignment: $(_IsNotSetContainersTargetsDir)="true" (previous value: "false") at C:\Program Files\dotnet\sdk\10.0.103\Sdks\Microsoft.NET.Sdk\Sdk\Sdk.targets (59,5)
       C:\Program Files\dotnet\sdk\10.0.103\Sdks\Microsoft.NET.Sdk\targets\Microsoft.NET.DesignerSupport.targets(21,5): message : Property reassignment: $(DesignerRuntimeImplementationProjectOutputGroupDependsOn)="
       C:\Program Files\dotnet\sdk\10.0.103\Sdks\Microsoft.NET.Sdk\targets\Microsoft.NET.DesignerSupport.targets(21,5): message :       
       C:\Program Files\dotnet\sdk\10.0.103\Sdks\Microsoft.NET.Sdk\targets\Microsoft.NET.DesignerSupport.targets(21,5): message :       ;
       C:\Program Files\dotnet\sdk\10.0.103\Sdks\Microsoft.NET.Sdk\targets\Microsoft.NET.DesignerSupport.targets(21,5): message :       
       C:\Program Files\dotnet\sdk\10.0.103\Sdks\Microsoft.NET.Sdk\targets\Microsoft.NET.DesignerSupport.targets(21,5): message :       ;
       C:\Program Files\dotnet\sdk\10.0.103\Sdks\Microsoft.NET.Sdk\targets\Microsoft.NET.DesignerSupport.targets(21,5): message :       BuildOnlySettings;
       C:\Program Files\dotnet\sdk\10.0.103\Sdks\Microsoft.NET.Sdk\targets\Microsoft.NET.DesignerSupport.targets(21,5): message :       PrepareForBuild;
       C:\Program Files\dotnet\sdk\10.0.103\Sdks\Microsoft.NET.Sdk\targets\Microsoft.NET.DesignerSupport.targets(21,5): message :       AssignTargetPaths;
       C:\Program Files\dotnet\sdk\10.0.103\Sdks\Microsoft.NET.Sdk\targets\Microsoft.NET.DesignerSupport.targets(21,5): message :       ResolveReferences
       C:\Program Files\dotnet\sdk\10.0.103\Sdks\Microsoft.NET.Sdk\targets\Microsoft.NET.DesignerSupport.targets(21,5): message :     
       C:\Program Files\dotnet\sdk\10.0.103\Sdks\Microsoft.NET.Sdk\targets\Microsoft.NET.DesignerSupport.targets(21,5): message :     ;
       C:\Program Files\dotnet\sdk\10.0.103\Sdks\Microsoft.NET.Sdk\targets\Microsoft.NET.DesignerSupport.targets(21,5): message :       _GenerateDesignerDepsFile;
       C:\Program Files\dotnet\sdk\10.0.103\Sdks\Microsoft.NET.Sdk\targets\Microsoft.NET.DesignerSupport.targets(21,5): message :       _GenerateDesignerRuntimeConfigFile;
       C:\Program Files\dotnet\sdk\10.0.103\Sdks\Microsoft.NET.Sdk\targets\Microsoft.NET.DesignerSupport.targets(21,5): message :       GetCopyToOutputDirectoryItems;
       C:\Program Files\dotnet\sdk\10.0.103\Sdks\Microsoft.NET.Sdk\targets\Microsoft.NET.DesignerSupport.targets(21,5): message :       _GatherDesignerShadowCopyFiles;
       C:\Program Files\dotnet\sdk\10.0.103\Sdks\Microsoft.NET.Sdk\targets\Microsoft.NET.DesignerSupport.targets(21,5): message :     " (previous value: "
       C:\Program Files\dotnet\sdk\10.0.103\Sdks\Microsoft.NET.Sdk\targets\Microsoft.NET.DesignerSupport.targets(21,5): message :       ;
       C:\Program Files\dotnet\sdk\10.0.103\Sdks\Microsoft.NET.Sdk\targets\Microsoft.NET.DesignerSupport.targets(21,5): message :       
       C:\Program Files\dotnet\sdk\10.0.103\Sdks\Microsoft.NET.Sdk\targets\Microsoft.NET.DesignerSupport.targets(21,5): message :       ;
       C:\Program Files\dotnet\sdk\10.0.103\Sdks\Microsoft.NET.Sdk\targets\Microsoft.NET.DesignerSupport.targets(21,5): message :       BuildOnlySettings;
       C:\Program Files\dotnet\sdk\10.0.103\Sdks\Microsoft.NET.Sdk\targets\Microsoft.NET.DesignerSupport.targets(21,5): message :       PrepareForBuild;
       C:\Program Files\dotnet\sdk\10.0.103\Sdks\Microsoft.NET.Sdk\targets\Microsoft.NET.DesignerSupport.targets(21,5): message :       AssignTargetPaths;
       C:\Program Files\dotnet\sdk\10.0.103\Sdks\Microsoft.NET.Sdk\targets\Microsoft.NET.DesignerSupport.targets(21,5): message :       ResolveReferences
       C:\Program Files\dotnet\sdk\10.0.103\Sdks\Microsoft.NET.Sdk\targets\Microsoft.NET.DesignerSupport.targets(21,5): message :     
       C:\Program Files\dotnet\sdk\10.0.103\Sdks\Microsoft.NET.Sdk\targets\Microsoft.NET.DesignerSupport.targets(21,5): message :     ") at C:\Program Files\dotnet\sdk\10.0.103\Sdks\Microsoft.NET.Sdk\targets\Microsoft.NET.DesignerSupport.targets (21,5)
       Overriding target "GenerateSupportedTargetFrameworkAlias" in project "C:\Program Files\dotnet\sdk\10.0.103\Microsoft.Common.CurrentVersion.targets" with target "GenerateSupportedTargetFrameworkAlias" from project "C:\Program Files\dotnet\sdk\10.0.103\Sdks\Microsoft.NET.Sdk\targets\Microsoft.NET.Sdk.targets".
       C:\Program Files\dotnet\sdk\10.0.103\Containers\build\Microsoft.NET.Build.Containers.targets(5,5): message : Property reassignment: $(_IsSDKContainerAllowedVersion)="true" (previous value: "false") at C:\Program Files\dotnet\sdk\10.0.103\Containers\build\Microsoft.NET.Build.Containers.targets (5,5)
       C:\Program Files\dotnet\sdk\10.0.103\Sdks\Microsoft.SourceLink.Bitbucket.Git\build\Microsoft.SourceLink.Bitbucket.Git.targets(13,5): message : Property reassignment: $(SourceControlManagerUrlTranslationTargets)=";TranslateGitHubUrlsInSourceControlInformation;TranslateGitLabUrlsInSourceControlInformation;TranslateAzureReposGitUrlsInSourceControlInformation;TranslateBitbucketGitUrlsInSourceControlInformation" (previous value: ";TranslateGitHubUrlsInSourceControlInformation;TranslateGitLabUrlsInSourceControlInformation;TranslateAzureReposGitUrlsInSourceControlInformation") at C:\Program Files\dotnet\sdk\10.0.103\Sdks\Microsoft.SourceLink.Bitbucket.Git\build\Microsoft.SourceLink.Bitbucket.Git.targets (13,5)
       C:\Program Files\dotnet\sdk\10.0.103\Sdks\Microsoft.NET.Sdk\targets\Microsoft.NET.Sdk.DefaultItems.targets(37,5): message : Property reassignment: $(DefaultItemExcludes)=";bin\Debug\/**;obj\Debug\/**;bin\/**;obj\/**" (previous value: ";bin\Debug\/**;obj\Debug\/**;bin\/**") at C:\Program Files\dotnet\sdk\10.0.103\Sdks\Microsoft.NET.Sdk\targets\Microsoft.NET.Sdk.DefaultItems.targets (37,5)
       C:\Program Files\dotnet\sdk\10.0.103\Sdks\Microsoft.NET.Sdk\targets\Microsoft.NET.Sdk.CSharp.targets(31,5): message : Property reassignment: $(DefineConstants)="TRACE;DEBUG" (previous value: "TRACE") at C:\Program Files\dotnet\sdk\10.0.103\Sdks\Microsoft.NET.Sdk\targets\Microsoft.NET.Sdk.CSharp.targets (31,5)
       C:\Program Files\dotnet\sdk\10.0.103\Containers\build\Microsoft.NET.Build.Containers.targets(15,5): message : Property reassignment: $(_ContainerIsTargetingNet8TFM)="true" (previous value: "false") at C:\Program Files\dotnet\sdk\10.0.103\Containers\build\Microsoft.NET.Build.Containers.targets (15,5)
       C:\Program Files\dotnet\sdk\10.0.103\Sdks\Microsoft.NET.Sdk\targets\Microsoft.NET.DesignerSupport.targets(21,5): message : Property reassignment: $(DesignerRuntimeImplementationProjectOutputGroupDependsOn)="
       C:\Program Files\dotnet\sdk\10.0.103\Sdks\Microsoft.NET.Sdk\targets\Microsoft.NET.DesignerSupport.targets(21,5): message :       
       C:\Program Files\dotnet\sdk\10.0.103\Sdks\Microsoft.NET.Sdk\targets\Microsoft.NET.DesignerSupport.targets(21,5): message :       ;
       C:\Program Files\dotnet\sdk\10.0.103\Sdks\Microsoft.NET.Sdk\targets\Microsoft.NET.DesignerSupport.targets(21,5): message :       
       C:\Program Files\dotnet\sdk\10.0.103\Sdks\Microsoft.NET.Sdk\targets\Microsoft.NET.DesignerSupport.targets(21,5): message :       ;
       C:\Program Files\dotnet\sdk\10.0.103\Sdks\Microsoft.NET.Sdk\targets\Microsoft.NET.DesignerSupport.targets(21,5): message :       BuildOnlySettings;
       C:\Program Files\dotnet\sdk\10.0.103\Sdks\Microsoft.NET.Sdk\targets\Microsoft.NET.DesignerSupport.targets(21,5): message :       PrepareForBuild;
       C:\Program Files\dotnet\sdk\10.0.103\Sdks\Microsoft.NET.Sdk\targets\Microsoft.NET.DesignerSupport.targets(21,5): message :       AssignTargetPaths;
       C:\Program Files\dotnet\sdk\10.0.103\Sdks\Microsoft.NET.Sdk\targets\Microsoft.NET.DesignerSupport.targets(21,5): message :       ResolveReferences
       C:\Program Files\dotnet\sdk\10.0.103\Sdks\Microsoft.NET.Sdk\targets\Microsoft.NET.DesignerSupport.targets(21,5): message :     
       C:\Program Files\dotnet\sdk\10.0.103\Sdks\Microsoft.NET.Sdk\targets\Microsoft.NET.DesignerSupport.targets(21,5): message :     ;
       C:\Program Files\dotnet\sdk\10.0.103\Sdks\Microsoft.NET.Sdk\targets\Microsoft.NET.DesignerSupport.targets(21,5): message :       _GenerateDesignerDepsFile;
       C:\Program Files\dotnet\sdk\10.0.103\Sdks\Microsoft.NET.Sdk\targets\Microsoft.NET.DesignerSupport.targets(21,5): message :       _GenerateDesignerRuntimeConfigFile;
       C:\Program Files\dotnet\sdk\10.0.103\Sdks\Microsoft.NET.Sdk\targets\Microsoft.NET.DesignerSupport.targets(21,5): message :       GetCopyToOutputDirectoryItems;
       C:\Program Files\dotnet\sdk\10.0.103\Sdks\Microsoft.NET.Sdk\targets\Microsoft.NET.DesignerSupport.targets(21,5): message :       _GatherDesignerShadowCopyFiles;
       C:\Program Files\dotnet\sdk\10.0.103\Sdks\Microsoft.NET.Sdk\targets\Microsoft.NET.DesignerSupport.targets(21,5): message :     " (previous value: "
       C:\Program Files\dotnet\sdk\10.0.103\Sdks\Microsoft.NET.Sdk\targets\Microsoft.NET.DesignerSupport.targets(21,5): message :       ;
       C:\Program Files\dotnet\sdk\10.0.103\Sdks\Microsoft.NET.Sdk\targets\Microsoft.NET.DesignerSupport.targets(21,5): message :       
       C:\Program Files\dotnet\sdk\10.0.103\Sdks\Microsoft.NET.Sdk\targets\Microsoft.NET.DesignerSupport.targets(21,5): message :       ;
       C:\Program Files\dotnet\sdk\10.0.103\Sdks\Microsoft.NET.Sdk\targets\Microsoft.NET.DesignerSupport.targets(21,5): message :       BuildOnlySettings;
       C:\Program Files\dotnet\sdk\10.0.103\Sdks\Microsoft.NET.Sdk\targets\Microsoft.NET.DesignerSupport.targets(21,5): message :       PrepareForBuild;
       C:\Program Files\dotnet\sdk\10.0.103\Sdks\Microsoft.NET.Sdk\targets\Microsoft.NET.DesignerSupport.targets(21,5): message :       AssignTargetPaths;
       C:\Program Files\dotnet\sdk\10.0.103\Sdks\Microsoft.NET.Sdk\targets\Microsoft.NET.DesignerSupport.targets(21,5): message :       ResolveReferences
       C:\Program Files\dotnet\sdk\10.0.103\Sdks\Microsoft.NET.Sdk\targets\Microsoft.NET.DesignerSupport.targets(21,5): message :     
       C:\Program Files\dotnet\sdk\10.0.103\Sdks\Microsoft.NET.Sdk\targets\Microsoft.NET.DesignerSupport.targets(21,5): message :     ") at C:\Program Files\dotnet\sdk\10.0.103\Sdks\Microsoft.NET.Sdk\targets\Microsoft.NET.DesignerSupport.targets (21,5)
       Overriding target "GetReferenceAssemblyPaths" in project "C:\Program Files\dotnet\sdk\10.0.103\Microsoft.Common.CurrentVersion.targets" with target "GetReferenceAssemblyPaths" from project "C:\Program Files\dotnet\sdk\10.0.103\Sdks\Microsoft.NET.Sdk\targets\Microsoft.NET.DisableStandardFrameworkResolution.targets".
       C:\Program Files\dotnet\sdk\10.0.103\Sdks\Microsoft.NET.Sdk\targets\Microsoft.NET.Sdk.CSharp.targets(45,5): message : Property reassignment: $(WarningsAsErrors)=";NU1605;SYSLIB0011" (previous value: ";NU1605") at C:\Program Files\dotnet\sdk\10.0.103\Sdks\Microsoft.NET.Sdk\targets\Microsoft.NET.Sdk.CSharp.targets (45,5)
       C:\Program Files\dotnet\sdk\10.0.103\Sdks\Microsoft.NET.Sdk\targets\Microsoft.NET.Sdk.CSharp.targets(31,5): message : Property reassignment: $(DefineConstants)="TRACE;DEBUG" (previous value: "TRACE") at C:\Program Files\dotnet\sdk\10.0.103\Sdks\Microsoft.NET.Sdk\targets\Microsoft.NET.Sdk.CSharp.targets (31,5)
       Overriding target "GetFrameworkPaths" in project "C:\Program Files\dotnet\sdk\10.0.103\Microsoft.Common.CurrentVersion.targets" with target "GetFrameworkPaths" from project "C:\Program Files\dotnet\sdk\10.0.103\Sdks\Microsoft.NET.Sdk\targets\Microsoft.NET.DisableStandardFrameworkResolution.targets".
       C:\Program Files\dotnet\sdk\10.0.103\Sdks\Microsoft.NET.Sdk\targets\Microsoft.NET.Windows.targets(49,5): message : Property reassignment: $(TargetPlatformVersion)="7.0" (previous value: "") at C:\Program Files\dotnet\sdk\10.0.103\Sdks\Microsoft.NET.Sdk\targets\Microsoft.NET.Windows.targets (49,5)
       C:\Program Files\dotnet\sdk\10.0.103\Sdks\Microsoft.NET.Sdk\targets\Microsoft.NET.Sdk.CSharp.targets(45,5): message : Property reassignment: $(WarningsAsErrors)=";NU1605;SYSLIB0011" (previous value: ";NU1605") at C:\Program Files\dotnet\sdk\10.0.103\Sdks\Microsoft.NET.Sdk\targets\Microsoft.NET.Sdk.CSharp.targets (45,5)
       Overriding target "DesignerRuntimeImplementationProjectOutputGroup" in project "C:\Program Files\dotnet\sdk\10.0.103\Microsoft.Common.CurrentVersion.targets" with target "DesignerRuntimeImplementationProjectOutputGroup" from project "C:\Program Files\dotnet\sdk\10.0.103\Sdks\Microsoft.NET.Sdk\targets\Microsoft.NET.DesignerSupport.targets".
       C:\Program Files\dotnet\sdk\10.0.103\Sdks\Microsoft.NET.Sdk\targets\Microsoft.NET.Windows.targets(50,5): message : Property reassignment: $(EffectiveTargetPlatformVersion)="7.0" (previous value: "") at C:\Program Files\dotnet\sdk\10.0.103\Sdks\Microsoft.NET.Sdk\targets\Microsoft.NET.Windows.targets (50,5)
       C:\Program Files\dotnet\sdk\10.0.103\Sdks\Microsoft.NET.Sdk\targets\Microsoft.NET.Windows.targets(49,5): message : Property reassignment: $(TargetPlatformVersion)="7.0" (previous value: "") at C:\Program Files\dotnet\sdk\10.0.103\Sdks\Microsoft.NET.Sdk\targets\Microsoft.NET.Windows.targets (49,5)
       Overriding target "Publish" in project "C:\Program Files\dotnet\sdk\10.0.103\Microsoft.Common.CurrentVersion.targets" with target "Publish" from project "C:\Program Files\dotnet\sdk\10.0.103\Sdks\Microsoft.NET.Sdk\targets\Microsoft.NET.Publish.targets".
       C:\Program Files\dotnet\sdk\10.0.103\Sdks\Microsoft.NET.Sdk\targets\Microsoft.NET.Windows.targets(60,5): message : Property reassignment: $(SupportedOSPlatformVersion)="7.0" (previous value: "") at C:\Program Files\dotnet\sdk\10.0.103\Sdks\Microsoft.NET.Sdk\targets\Microsoft.NET.Windows.targets (60,5)
       C:\Program Files\dotnet\sdk\10.0.103\Sdks\Microsoft.NET.Sdk\targets\Microsoft.NET.Windows.targets(50,5): message : Property reassignment: $(EffectiveTargetPlatformVersion)="7.0" (previous value: "") at C:\Program Files\dotnet\sdk\10.0.103\Sdks\Microsoft.NET.Sdk\targets\Microsoft.NET.Windows.targets (50,5)
       C:\Program Files\dotnet\sdk\10.0.103\Sdks\Microsoft.NET.Sdk\targets\Microsoft.NET.Windows.targets(61,5): message : Property reassignment: $(TargetPlatformMinVersion)="7.0" (previous value: "") at C:\Program Files\dotnet\sdk\10.0.103\Sdks\Microsoft.NET.Sdk\targets\Microsoft.NET.Windows.targets (61,5)
       C:\Program Files\dotnet\sdk\10.0.103\Sdks\Microsoft.NET.Sdk\targets\Microsoft.NET.Windows.targets(60,5): message : Property reassignment: $(SupportedOSPlatformVersion)="7.0" (previous value: "") at C:\Program Files\dotnet\sdk\10.0.103\Sdks\Microsoft.NET.Sdk\targets\Microsoft.NET.Windows.targets (60,5)
       C:\Program Files\dotnet\sdk\10.0.103\Sdks\Microsoft.NET.Sdk\targets\Microsoft.NET.Windows.targets(61,5): message : Property reassignment: $(TargetPlatformMinVersion)="7.0" (previous value: "") at C:\Program Files\dotnet\sdk\10.0.103\Sdks\Microsoft.NET.Sdk\targets\Microsoft.NET.Windows.targets (61,5)
       C:\Program Files\dotnet\sdk\10.0.103\Sdks\Microsoft.NET.Sdk\targets\Microsoft.NET.Windows.targets(239,5): message : Property reassignment: $(_RunCsWinRTGeneratorPropertyInputsCachePath)="c:\Apps\TicketConsolidator\src\TicketConsolidator.Infrastructure\obj\Debug\net10.0-windows\TicketConsolidator.Infrastructure.cswinrtgen.cache" (previous value: "obj\Debug\net10.0-windows\TicketConsolidator.Infrastructure.cswinrtgen.cache") at C:\Program Files\dotnet\sdk\10.0.103\Sdks\Microsoft.NET.Sdk\targets\Microsoft.NET.Windows.targets (239,5)
       C:\Program Files\dotnet\sdk\10.0.103\Sdks\Microsoft.NET.Sdk\targets\Microsoft.NET.Windows.targets(239,5): message : Property reassignment: $(_RunCsWinRTGeneratorPropertyInputsCachePath)="c:\Apps\TicketConsolidator\src\TicketConsolidator.Web\obj\Debug\net10.0-windows\TicketConsolidator.Web.cswinrtgen.cache" (previous value: "obj\Debug\net10.0-windows\TicketConsolidator.Web.cswinrtgen.cache") at C:\Program Files\dotnet\sdk\10.0.103\Sdks\Microsoft.NET.Sdk\targets\Microsoft.NET.Windows.targets (239,5)
       C:\Program Files\dotnet\sdk\10.0.103\Sdks\Microsoft.NET.Sdk\targets\Microsoft.NET.Sdk.targets(1497,5): message : Property reassignment: $(TargetPlatformDisplayName)="Windows 7.0" (previous value: "Windows ") at C:\Program Files\dotnet\sdk\10.0.103\Sdks\Microsoft.NET.Sdk\targets\Microsoft.NET.Sdk.targets (1497,5)
       C:\Program Files\dotnet\sdk\10.0.103\Sdks\Microsoft.NET.Sdk.WindowsDesktop\targets\Microsoft.NET.Sdk.WindowsDesktop.targets(51,5): message : Property reassignment: $(_TargetFrameworkVersionValue)="10.0" (previous value: "0.0") at C:\Program Files\dotnet\sdk\10.0.103\Sdks\Microsoft.NET.Sdk.WindowsDesktop\targets\Microsoft.NET.Sdk.WindowsDesktop.targets (51,5)
       C:\Program Files\dotnet\sdk\10.0.103\Sdks\Microsoft.NET.Sdk.WindowsDesktop\targets\Microsoft.WinFX.targets(61,7): message : Property reassignment: $(PrepareResourceNamesDependsOn)="
       C:\Program Files\dotnet\sdk\10.0.103\Sdks\Microsoft.NET.Sdk.WindowsDesktop\targets\Microsoft.WinFX.targets(61,7): message :                     AssignWinFXEmbeddedResource;
       C:\Program Files\dotnet\sdk\10.0.103\Sdks\Microsoft.NET.Sdk.WindowsDesktop\targets\Microsoft.WinFX.targets(61,7): message :                     
       C:\Program Files\dotnet\sdk\10.0.103\Sdks\Microsoft.NET.Sdk.WindowsDesktop\targets\Microsoft.WinFX.targets(61,7): message :       AssignTargetPaths;
       C:\Program Files\dotnet\sdk\10.0.103\Sdks\Microsoft.NET.Sdk.WindowsDesktop\targets\Microsoft.WinFX.targets(61,7): message :       SplitResourcesByCulture;
       C:\Program Files\dotnet\sdk\10.0.103\Sdks\Microsoft.NET.Sdk.WindowsDesktop\targets\Microsoft.WinFX.targets(61,7): message :       CreateManifestResourceNames;
       C:\Program Files\dotnet\sdk\10.0.103\Sdks\Microsoft.NET.Sdk.WindowsDesktop\targets\Microsoft.WinFX.targets(61,7): message :       CreateCustomManifestResourceNames
       C:\Program Files\dotnet\sdk\10.0.103\Sdks\Microsoft.NET.Sdk.WindowsDesktop\targets\Microsoft.WinFX.targets(61,7): message :     
       C:\Program Files\dotnet\sdk\10.0.103\Sdks\Microsoft.NET.Sdk.WindowsDesktop\targets\Microsoft.WinFX.targets(61,7): message :       " (previous value: "
       C:\Program Files\dotnet\sdk\10.0.103\Sdks\Microsoft.NET.Sdk.WindowsDesktop\targets\Microsoft.WinFX.targets(61,7): message :       AssignTargetPaths;
       C:\Program Files\dotnet\sdk\10.0.103\Sdks\Microsoft.NET.Sdk.WindowsDesktop\targets\Microsoft.WinFX.targets(61,7): message :       SplitResourcesByCulture;
       C:\Program Files\dotnet\sdk\10.0.103\Sdks\Microsoft.NET.Sdk.WindowsDesktop\targets\Microsoft.WinFX.targets(61,7): message :       CreateManifestResourceNames;
       C:\Program Files\dotnet\sdk\10.0.103\Sdks\Microsoft.NET.Sdk.WindowsDesktop\targets\Microsoft.WinFX.targets(61,7): message :       CreateCustomManifestResourceNames
       C:\Program Files\dotnet\sdk\10.0.103\Sdks\Microsoft.NET.Sdk.WindowsDesktop\targets\Microsoft.WinFX.targets(61,7): message :     ") at C:\Program Files\dotnet\sdk\10.0.103\Sdks\Microsoft.NET.Sdk.WindowsDesktop\targets\Microsoft.WinFX.targets (61,7)
       C:\Program Files\dotnet\sdk\10.0.103\Sdks\Microsoft.NET.Sdk.WindowsDesktop\targets\Microsoft.WinFX.targets(69,7): message : Property reassignment: $(PrepareResourcesDependsOn)="
       C:\Program Files\dotnet\sdk\10.0.103\Sdks\Microsoft.NET.Sdk.WindowsDesktop\targets\Microsoft.WinFX.targets(69,7): message :                 MarkupCompilePass1;
       C:\Program Files\dotnet\sdk\10.0.103\Sdks\Microsoft.NET.Sdk.WindowsDesktop\targets\Microsoft.WinFX.targets(69,7): message :                 AfterMarkupCompilePass1;
       C:\Program Files\dotnet\sdk\10.0.103\Sdks\Microsoft.NET.Sdk.WindowsDesktop\targets\Microsoft.WinFX.targets(69,7): message :                 MarkupCompilePass2ForMainAssembly;
       C:\Program Files\dotnet\sdk\10.0.103\Sdks\Microsoft.NET.Sdk.WindowsDesktop\targets\Microsoft.WinFX.targets(69,7): message :                 FileClassification;
       C:\Program Files\dotnet\sdk\10.0.103\Sdks\Microsoft.NET.Sdk.WindowsDesktop\targets\Microsoft.WinFX.targets(69,7): message :                 MainResourcesGeneration;
       C:\Program Files\dotnet\sdk\10.0.103\Sdks\Microsoft.NET.Sdk.WindowsDesktop\targets\Microsoft.WinFX.targets(69,7): message :                 
       C:\Program Files\dotnet\sdk\10.0.103\Sdks\Microsoft.NET.Sdk.WindowsDesktop\targets\Microsoft.WinFX.targets(69,7): message :       ResolvePackageDependenciesForBuild;
       C:\Program Files\dotnet\sdk\10.0.103\Sdks\Microsoft.NET.Sdk.WindowsDesktop\targets\Microsoft.WinFX.targets(69,7): message :       _HandlePackageFileConflicts;
       C:\Program Files\dotnet\sdk\10.0.103\Sdks\Microsoft.NET.Sdk.WindowsDesktop\targets\Microsoft.WinFX.targets(69,7): message :       
       C:\Program Files\dotnet\sdk\10.0.103\Sdks\Microsoft.NET.Sdk.WindowsDesktop\targets\Microsoft.WinFX.targets(69,7): message :       ;
       C:\Program Files\dotnet\sdk\10.0.103\Sdks\Microsoft.NET.Sdk.WindowsDesktop\targets\Microsoft.WinFX.targets(69,7): message :       PrepareResourceNames;
       C:\Program Files\dotnet\sdk\10.0.103\Sdks\Microsoft.NET.Sdk.WindowsDesktop\targets\Microsoft.WinFX.targets(69,7): message :       ResGen;
       C:\Program Files\dotnet\sdk\10.0.103\Sdks\Microsoft.NET.Sdk.WindowsDesktop\targets\Microsoft.WinFX.targets(69,7): message :       CompileLicxFiles
       C:\Program Files\dotnet\sdk\10.0.103\Sdks\Microsoft.NET.Sdk.WindowsDesktop\targets\Microsoft.WinFX.targets(69,7): message :     
       C:\Program Files\dotnet\sdk\10.0.103\Sdks\Microsoft.NET.Sdk.WindowsDesktop\targets\Microsoft.WinFX.targets(69,7): message :     
       C:\Program Files\dotnet\sdk\10.0.103\Sdks\Microsoft.NET.Sdk.WindowsDesktop\targets\Microsoft.WinFX.targets(69,7): message :       " (previous value: "
       C:\Program Files\dotnet\sdk\10.0.103\Sdks\Microsoft.NET.Sdk.WindowsDesktop\targets\Microsoft.WinFX.targets(69,7): message :       ResolvePackageDependenciesForBuild;
       C:\Program Files\dotnet\sdk\10.0.103\Sdks\Microsoft.NET.Sdk.WindowsDesktop\targets\Microsoft.WinFX.targets(69,7): message :       _HandlePackageFileConflicts;
       C:\Program Files\dotnet\sdk\10.0.103\Sdks\Microsoft.NET.Sdk.WindowsDesktop\targets\Microsoft.WinFX.targets(69,7): message :       
       C:\Program Files\dotnet\sdk\10.0.103\Sdks\Microsoft.NET.Sdk.WindowsDesktop\targets\Microsoft.WinFX.targets(69,7): message :       ;
       C:\Program Files\dotnet\sdk\10.0.103\Sdks\Microsoft.NET.Sdk.WindowsDesktop\targets\Microsoft.WinFX.targets(69,7): message :       PrepareResourceNames;
       C:\Program Files\dotnet\sdk\10.0.103\Sdks\Microsoft.NET.Sdk.WindowsDesktop\targets\Microsoft.WinFX.targets(69,7): message :       ResGen;
       C:\Program Files\dotnet\sdk\10.0.103\Sdks\Microsoft.NET.Sdk.WindowsDesktop\targets\Microsoft.WinFX.targets(69,7): message :       CompileLicxFiles
       C:\Program Files\dotnet\sdk\10.0.103\Sdks\Microsoft.NET.Sdk.WindowsDesktop\targets\Microsoft.WinFX.targets(69,7): message :     
       C:\Program Files\dotnet\sdk\10.0.103\Sdks\Microsoft.NET.Sdk.WindowsDesktop\targets\Microsoft.WinFX.targets(69,7): message :     ") at C:\Program Files\dotnet\sdk\10.0.103\Sdks\Microsoft.NET.Sdk.WindowsDesktop\targets\Microsoft.WinFX.targets (69,7)
       Overriding target "ResolveReadyToRunCompilers" in project "C:\Program Files\dotnet\sdk\10.0.103\Sdks\Microsoft.NET.Sdk\targets\Microsoft.NET.CrossGen.targets" with target "ResolveReadyToRunCompilers" from project "C:\Program Files\dotnet\sdk\10.0.103\Sdks\Microsoft.NET.Sdk\targets\Microsoft.NET.Publish.targets".
       C:\Program Files\dotnet\sdk\10.0.103\Sdks\Microsoft.NET.Sdk\targets\Microsoft.NET.Sdk.targets(1497,5): message : Property reassignment: $(TargetPlatformDisplayName)="Windows 7.0" (previous value: "Windows ") at C:\Program Files\dotnet\sdk\10.0.103\Sdks\Microsoft.NET.Sdk\targets\Microsoft.NET.Sdk.targets (1497,5)
       Overriding target "GetCopyToPublishDirectoryItems" in project "C:\Program Files\dotnet\sdk\10.0.103\Microsoft.Common.CurrentVersion.targets" with target "GetCopyToPublishDirectoryItems" from project "C:\Program Files\dotnet\sdk\10.0.103\Sdks\Microsoft.NET.Sdk\targets\Microsoft.NET.Publish.targets".
       C:\Program Files\dotnet\sdk\10.0.103\Sdks\Microsoft.NET.Sdk.WindowsDesktop\targets\Microsoft.WinFX.targets(136,5): message : Property reassignment: $(CompileDependsOn)="
       C:\Program Files\dotnet\sdk\10.0.103\Sdks\Microsoft.NET.Sdk.WindowsDesktop\targets\Microsoft.WinFX.targets(136,5): message :         
       C:\Program Files\dotnet\sdk\10.0.103\Sdks\Microsoft.NET.Sdk.WindowsDesktop\targets\Microsoft.WinFX.targets(136,5): message :       
       C:\Program Files\dotnet\sdk\10.0.103\Sdks\Microsoft.NET.Sdk.WindowsDesktop\targets\Microsoft.WinFX.targets(136,5): message :       ResolveReferences;
       C:\Program Files\dotnet\sdk\10.0.103\Sdks\Microsoft.NET.Sdk.WindowsDesktop\targets\Microsoft.WinFX.targets(136,5): message :       ResolveKeySource;
       C:\Program Files\dotnet\sdk\10.0.103\Sdks\Microsoft.NET.Sdk.WindowsDesktop\targets\Microsoft.WinFX.targets(136,5): message :       SetWin32ManifestProperties;
       C:\Program Files\dotnet\sdk\10.0.103\Sdks\Microsoft.NET.Sdk.WindowsDesktop\targets\Microsoft.WinFX.targets(136,5): message :       _SetPreferNativeArm64Win32ManifestProperties;
       C:\Program Files\dotnet\sdk\10.0.103\Sdks\Microsoft.NET.Sdk.WindowsDesktop\targets\Microsoft.WinFX.targets(136,5): message :       FindReferenceAssembliesForReferences;
       C:\Program Files\dotnet\sdk\10.0.103\Sdks\Microsoft.NET.Sdk.WindowsDesktop\targets\Microsoft.WinFX.targets(136,5): message :       _GenerateCompileInputs;
       C:\Program Files\dotnet\sdk\10.0.103\Sdks\Microsoft.NET.Sdk.WindowsDesktop\targets\Microsoft.WinFX.targets(136,5): message :       BeforeCompile;
       C:\Program Files\dotnet\sdk\10.0.103\Sdks\Microsoft.NET.Sdk.WindowsDesktop\targets\Microsoft.WinFX.targets(136,5): message :       _TimeStampBeforeCompile;
       C:\Program Files\dotnet\sdk\10.0.103\Sdks\Microsoft.NET.Sdk.WindowsDesktop\targets\Microsoft.WinFX.targets(136,5): message :       _GenerateCompileDependencyCache;
       C:\Program Files\dotnet\sdk\10.0.103\Sdks\Microsoft.NET.Sdk.WindowsDesktop\targets\Microsoft.WinFX.targets(136,5): message :       CoreCompile;
       C:\Program Files\dotnet\sdk\10.0.103\Sdks\Microsoft.NET.Sdk.WindowsDesktop\targets\Microsoft.WinFX.targets(136,5): message :       _TimeStampAfterCompile;
       C:\Program Files\dotnet\sdk\10.0.103\Sdks\Microsoft.NET.Sdk.WindowsDesktop\targets\Microsoft.WinFX.targets(136,5): message :       AfterCompile;
       C:\Program Files\dotnet\sdk\10.0.103\Sdks\Microsoft.NET.Sdk.WindowsDesktop\targets\Microsoft.WinFX.targets(136,5): message :     ;
       C:\Program Files\dotnet\sdk\10.0.103\Sdks\Microsoft.NET.Sdk.WindowsDesktop\targets\Microsoft.WinFX.targets(136,5): message :       _CreateAppHost;
       C:\Program Files\dotnet\sdk\10.0.103\Sdks\Microsoft.NET.Sdk.WindowsDesktop\targets\Microsoft.WinFX.targets(136,5): message :       _CreateComHost;
       C:\Program Files\dotnet\sdk\10.0.103\Sdks\Microsoft.NET.Sdk.WindowsDesktop\targets\Microsoft.WinFX.targets(136,5): message :       _GetIjwHostPaths;
       C:\Program Files\dotnet\sdk\10.0.103\Sdks\Microsoft.NET.Sdk.WindowsDesktop\targets\Microsoft.WinFX.targets(136,5): message :     ;
       C:\Program Files\dotnet\sdk\10.0.103\Sdks\Microsoft.NET.Sdk.WindowsDesktop\targets\Microsoft.WinFX.targets(136,5): message :         _AfterCompileWinFXInternal
       C:\Program Files\dotnet\sdk\10.0.103\Sdks\Microsoft.NET.Sdk.WindowsDesktop\targets\Microsoft.WinFX.targets(136,5): message :     " (previous value: "
       C:\Program Files\dotnet\sdk\10.0.103\Sdks\Microsoft.NET.Sdk.WindowsDesktop\targets\Microsoft.WinFX.targets(136,5): message :       
       C:\Program Files\dotnet\sdk\10.0.103\Sdks\Microsoft.NET.Sdk.WindowsDesktop\targets\Microsoft.WinFX.targets(136,5): message :       ResolveReferences;
       C:\Program Files\dotnet\sdk\10.0.103\Sdks\Microsoft.NET.Sdk.WindowsDesktop\targets\Microsoft.WinFX.targets(136,5): message :       ResolveKeySource;
       C:\Program Files\dotnet\sdk\10.0.103\Sdks\Microsoft.NET.Sdk.WindowsDesktop\targets\Microsoft.WinFX.targets(136,5): message :       SetWin32ManifestProperties;
       C:\Program Files\dotnet\sdk\10.0.103\Sdks\Microsoft.NET.Sdk.WindowsDesktop\targets\Microsoft.WinFX.targets(136,5): message :       _SetPreferNativeArm64Win32ManifestProperties;
       C:\Program Files\dotnet\sdk\10.0.103\Sdks\Microsoft.NET.Sdk.WindowsDesktop\targets\Microsoft.WinFX.targets(136,5): message :       FindReferenceAssembliesForReferences;
       C:\Program Files\dotnet\sdk\10.0.103\Sdks\Microsoft.NET.Sdk.WindowsDesktop\targets\Microsoft.WinFX.targets(136,5): message :       _GenerateCompileInputs;
       C:\Program Files\dotnet\sdk\10.0.103\Sdks\Microsoft.NET.Sdk.WindowsDesktop\targets\Microsoft.WinFX.targets(136,5): message :       BeforeCompile;
       C:\Program Files\dotnet\sdk\10.0.103\Sdks\Microsoft.NET.Sdk.WindowsDesktop\targets\Microsoft.WinFX.targets(136,5): message :       _TimeStampBeforeCompile;
       C:\Program Files\dotnet\sdk\10.0.103\Sdks\Microsoft.NET.Sdk.WindowsDesktop\targets\Microsoft.WinFX.targets(136,5): message :       _GenerateCompileDependencyCache;
       C:\Program Files\dotnet\sdk\10.0.103\Sdks\Microsoft.NET.Sdk.WindowsDesktop\targets\Microsoft.WinFX.targets(136,5): message :       CoreCompile;
       C:\Program Files\dotnet\sdk\10.0.103\Sdks\Microsoft.NET.Sdk.WindowsDesktop\targets\Microsoft.WinFX.targets(136,5): message :       _TimeStampAfterCompile;
       C:\Program Files\dotnet\sdk\10.0.103\Sdks\Microsoft.NET.Sdk.WindowsDesktop\targets\Microsoft.WinFX.targets(136,5): message :       AfterCompile;
       C:\Program Files\dotnet\sdk\10.0.103\Sdks\Microsoft.NET.Sdk.WindowsDesktop\targets\Microsoft.WinFX.targets(136,5): message :     ;
       C:\Program Files\dotnet\sdk\10.0.103\Sdks\Microsoft.NET.Sdk.WindowsDesktop\targets\Microsoft.WinFX.targets(136,5): message :       _CreateAppHost;
       C:\Program Files\dotnet\sdk\10.0.103\Sdks\Microsoft.NET.Sdk.WindowsDesktop\targets\Microsoft.WinFX.targets(136,5): message :       _CreateComHost;
       C:\Program Files\dotnet\sdk\10.0.103\Sdks\Microsoft.NET.Sdk.WindowsDesktop\targets\Microsoft.WinFX.targets(136,5): message :       _GetIjwHostPaths;
       C:\Program Files\dotnet\sdk\10.0.103\Sdks\Microsoft.NET.Sdk.WindowsDesktop\targets\Microsoft.WinFX.targets(136,5): message :     ") at C:\Program Files\dotnet\sdk\10.0.103\Sdks\Microsoft.NET.Sdk.WindowsDesktop\targets\Microsoft.WinFX.targets (136,5)
       Overriding target "Run" in project "C:\Program Files\dotnet\sdk\10.0.103\Microsoft.Common.CurrentVersion.targets" with target "Run" from project "C:\Program Files\dotnet\sdk\10.0.103\Sdks\Microsoft.NET.Sdk\targets\Microsoft.NET.Sdk.targets".
       C:\Program Files\dotnet\sdk\10.0.103\Sdks\Microsoft.NET.Sdk\targets\Microsoft.NET.Sdk.DefaultItems.targets(40,5): message : Property reassignment: $(DefaultItemExcludes)=";bin\Debug\/**;obj\Debug\/**;bin\/**;obj\/**;**/*.user" (previous value: ";bin\Debug\/**;obj\Debug\/**;bin\/**;obj\/**") at C:\Program Files\dotnet\sdk\10.0.103\Sdks\Microsoft.NET.Sdk\targets\Microsoft.NET.Sdk.DefaultItems.targets (40,5)
       C:\Program Files\dotnet\sdk\10.0.103\NuGet.Build.Tasks.Pack.targets(34,5): message : Property reassignment: $(PackageDescription)="Package Description" (previous value: "") at C:\Program Files\dotnet\sdk\10.0.103\NuGet.Build.Tasks.Pack.targets (34,5)
       The target "ResolveNuGetPackageAssets" listed in an AfterTargets attribute at "C:\Users\krish.maniar.ATPL-LAP-723\.nuget\packages\microsoft.extensions.configuration.binder\10.0.1\buildTransitive\netstandard2.0\Microsoft.Extensions.Configuration.Binder.targets (9,13)" does not exist in the project, and will be ignored.
       C:\Program Files\dotnet\sdk\10.0.103\NuGet.Build.Tasks.Pack.targets(59,5): message : Property reassignment: $(GenerateNuspecDependsOn)="Build;_LoadPackInputItems; _GetTargetFrameworksOutput; _WalkEachTargetPerFramework; _GetPackageFiles; " (previous value: "_LoadPackInputItems; _GetTargetFrameworksOutput; _WalkEachTargetPerFramework; _GetPackageFiles; ") at C:\Program Files\dotnet\sdk\10.0.103\NuGet.Build.Tasks.Pack.targets (59,5)
       C:\Program Files\dotnet\sdk\10.0.103\Sdks\Microsoft.NET.Sdk\Sdk\Sdk.targets(59,5): message : Property reassignment: $(_IsNotSetContainersTargetsDir)="true" (previous value: "false") at C:\Program Files\dotnet\sdk\10.0.103\Sdks\Microsoft.NET.Sdk\Sdk\Sdk.targets (59,5)
       C:\Program Files\dotnet\sdk\10.0.103\Sdks\Microsoft.NET.Sdk.WindowsDesktop\targets\Microsoft.WinFX.targets(803,9): message : Property reassignment: $(PublishBuildDependsOn)="
       C:\Program Files\dotnet\sdk\10.0.103\Sdks\Microsoft.NET.Sdk.WindowsDesktop\targets\Microsoft.WinFX.targets(803,9): message :             BuildOnlySettings;
       C:\Program Files\dotnet\sdk\10.0.103\Sdks\Microsoft.NET.Sdk.WindowsDesktop\targets\Microsoft.WinFX.targets(803,9): message :             PrepareForBuild;
       C:\Program Files\dotnet\sdk\10.0.103\Sdks\Microsoft.NET.Sdk.WindowsDesktop\targets\Microsoft.WinFX.targets(803,9): message :             ResolveReferences;
       C:\Program Files\dotnet\sdk\10.0.103\Sdks\Microsoft.NET.Sdk.WindowsDesktop\targets\Microsoft.WinFX.targets(803,9): message :             PrepareResources;
       C:\Program Files\dotnet\sdk\10.0.103\Sdks\Microsoft.NET.Sdk.WindowsDesktop\targets\Microsoft.WinFX.targets(803,9): message :             ResolveKeySource;
       C:\Program Files\dotnet\sdk\10.0.103\Sdks\Microsoft.NET.Sdk.WindowsDesktop\targets\Microsoft.WinFX.targets(803,9): message :             PrepareResourcesForSatelliteAssemblies;
       C:\Program Files\dotnet\sdk\10.0.103\Sdks\Microsoft.NET.Sdk.WindowsDesktop\targets\Microsoft.WinFX.targets(803,9): message :             GenerateSerializationAssemblies;
       C:\Program Files\dotnet\sdk\10.0.103\Sdks\Microsoft.NET.Sdk.WindowsDesktop\targets\Microsoft.WinFX.targets(803,9): message :             CreateSatelliteAssemblies;
       C:\Program Files\dotnet\sdk\10.0.103\Sdks\Microsoft.NET.Sdk.WindowsDesktop\targets\Microsoft.WinFX.targets(803,9): message :         " (previous value: "
       C:\Program Files\dotnet\sdk\10.0.103\Sdks\Microsoft.NET.Sdk.WindowsDesktop\targets\Microsoft.WinFX.targets(803,9): message :       BuildOnlySettings;
       C:\Program Files\dotnet\sdk\10.0.103\Sdks\Microsoft.NET.Sdk.WindowsDesktop\targets\Microsoft.WinFX.targets(803,9): message :       PrepareForBuild;
       C:\Program Files\dotnet\sdk\10.0.103\Sdks\Microsoft.NET.Sdk.WindowsDesktop\targets\Microsoft.WinFX.targets(803,9): message :       ResolveReferences;
       C:\Program Files\dotnet\sdk\10.0.103\Sdks\Microsoft.NET.Sdk.WindowsDesktop\targets\Microsoft.WinFX.targets(803,9): message :       PrepareResources;
       C:\Program Files\dotnet\sdk\10.0.103\Sdks\Microsoft.NET.Sdk.WindowsDesktop\targets\Microsoft.WinFX.targets(803,9): message :       ResolveKeySource;
       C:\Program Files\dotnet\sdk\10.0.103\Sdks\Microsoft.NET.Sdk.WindowsDesktop\targets\Microsoft.WinFX.targets(803,9): message :       GenerateSerializationAssemblies;
       C:\Program Files\dotnet\sdk\10.0.103\Sdks\Microsoft.NET.Sdk.WindowsDesktop\targets\Microsoft.WinFX.targets(803,9): message :       CreateSatelliteAssemblies;
       C:\Program Files\dotnet\sdk\10.0.103\Sdks\Microsoft.NET.Sdk.WindowsDesktop\targets\Microsoft.WinFX.targets(803,9): message :     ") at C:\Program Files\dotnet\sdk\10.0.103\Sdks\Microsoft.NET.Sdk.WindowsDesktop\targets\Microsoft.WinFX.targets (803,9)
       C:\Program Files\dotnet\sdk\10.0.103\Containers\build\Microsoft.NET.Build.Containers.targets(5,5): message : Property reassignment: $(_IsSDKContainerAllowedVersion)="true" (previous value: "false") at C:\Program Files\dotnet\sdk\10.0.103\Containers\build\Microsoft.NET.Build.Containers.targets (5,5)
       C:\Program Files\dotnet\sdk\10.0.103\NuGet.Build.Tasks.Pack.targets(34,5): message : Property reassignment: $(PackageDescription)="Package Description" (previous value: "") at C:\Program Files\dotnet\sdk\10.0.103\NuGet.Build.Tasks.Pack.targets (34,5)
       C:\Program Files\dotnet\sdk\10.0.103\Sdks\Microsoft.NET.Sdk\targets\Microsoft.NET.Sdk.DefaultItems.targets(41,5): message : Property reassignment: $(DefaultItemExcludes)=";bin\Debug\/**;obj\Debug\/**;bin\/**;obj\/**;**/*.user;**/*.*proj" (previous value: ";bin\Debug\/**;obj\Debug\/**;bin\/**;obj\/**;**/*.user") at C:\Program Files\dotnet\sdk\10.0.103\Sdks\Microsoft.NET.Sdk\targets\Microsoft.NET.Sdk.DefaultItems.targets (41,5)
       C:\Program Files\dotnet\sdk\10.0.103\NuGet.Build.Tasks.Pack.targets(59,5): message : Property reassignment: $(GenerateNuspecDependsOn)="Build;_LoadPackInputItems; _GetTargetFrameworksOutput; _WalkEachTargetPerFramework; _GetPackageFiles; " (previous value: "_LoadPackInputItems; _GetTargetFrameworksOutput; _WalkEachTargetPerFramework; _GetPackageFiles; ") at C:\Program Files\dotnet\sdk\10.0.103\NuGet.Build.Tasks.Pack.targets (59,5)
       C:\Program Files\dotnet\sdk\10.0.103\Containers\build\Microsoft.NET.Build.Containers.targets(15,5): message : Property reassignment: $(_ContainerIsTargetingNet8TFM)="true" (previous value: "false") at C:\Program Files\dotnet\sdk\10.0.103\Containers\build\Microsoft.NET.Build.Containers.targets (15,5)
       C:\Program Files\dotnet\sdk\10.0.103\Sdks\Microsoft.NET.Sdk\Sdk\Sdk.targets(59,5): message : Property reassignment: $(_IsNotSetContainersTargetsDir)="true" (previous value: "false") at C:\Program Files\dotnet\sdk\10.0.103\Sdks\Microsoft.NET.Sdk\Sdk\Sdk.targets (59,5)
       C:\Program Files\dotnet\sdk\10.0.103\Containers\build\Microsoft.NET.Build.Containers.targets(5,5): message : Property reassignment: $(_IsSDKContainerAllowedVersion)="true" (previous value: "false") at C:\Program Files\dotnet\sdk\10.0.103\Containers\build\Microsoft.NET.Build.Containers.targets (5,5)
       C:\Program Files\dotnet\sdk\10.0.103\Sdks\Microsoft.NET.Sdk.StaticWebAssets\targets\Sdk.StaticWebAssets.CurrentVersion.targets(37,18): message : Property 'DOTNET_HOST_PATH' with value 'C:\Program Files\dotnet\dotnet.exe' expanded from the environment.
       C:\Program Files\dotnet\sdk\10.0.103\Sdks\Microsoft.NET.Sdk\targets\Microsoft.NET.Sdk.DefaultItems.targets(42,5): message : Property reassignment: $(DefaultItemExcludes)=";bin\Debug\/**;obj\Debug\/**;bin\/**;obj\/**;**/*.user;**/*.*proj;**/*.sln" (previous value: ";bin\Debug\/**;obj\Debug\/**;bin\/**;obj\/**;**/*.user;**/*.*proj") at C:\Program Files\dotnet\sdk\10.0.103\Sdks\Microsoft.NET.Sdk\targets\Microsoft.NET.Sdk.DefaultItems.targets (42,5)
       C:\Program Files\dotnet\sdk\10.0.103\Containers\build\Microsoft.NET.Build.Containers.targets(15,5): message : Property reassignment: $(_ContainerIsTargetingNet8TFM)="true" (previous value: "false") at C:\Program Files\dotnet\sdk\10.0.103\Containers\build\Microsoft.NET.Build.Containers.targets (15,5)
       C:\Program Files\dotnet\sdk\10.0.103\Sdks\Microsoft.NET.Sdk.StaticWebAssets\targets\Microsoft.NET.Sdk.StaticWebAssets.targets(286,5): message : Property reassignment: $(PrepareForRunDependsOn)="StaticWebAssetsPrepareForRun;
       C:\Program Files\dotnet\sdk\10.0.103\Sdks\Microsoft.NET.Sdk.StaticWebAssets\targets\Microsoft.NET.Sdk.StaticWebAssets.targets(286,5): message :       CopyFilesToOutputDirectory
       C:\Program Files\dotnet\sdk\10.0.103\Sdks\Microsoft.NET.Sdk.StaticWebAssets\targets\Microsoft.NET.Sdk.StaticWebAssets.targets(286,5): message :     " (previous value: "
       C:\Program Files\dotnet\sdk\10.0.103\Sdks\Microsoft.NET.Sdk.StaticWebAssets\targets\Microsoft.NET.Sdk.StaticWebAssets.targets(286,5): message :       CopyFilesToOutputDirectory
       C:\Program Files\dotnet\sdk\10.0.103\Sdks\Microsoft.NET.Sdk.StaticWebAssets\targets\Microsoft.NET.Sdk.StaticWebAssets.targets(286,5): message :     ") at C:\Program Files\dotnet\sdk\10.0.103\Sdks\Microsoft.NET.Sdk.StaticWebAssets\targets\Microsoft.NET.Sdk.StaticWebAssets.targets (286,5)
       C:\Program Files\dotnet\sdk\10.0.103\Sdks\Microsoft.NET.Sdk.StaticWebAssets\targets\Microsoft.NET.Sdk.StaticWebAssets.targets(312,5): message : Property reassignment: $(ResolveStaticWebAssetsInputsDependsOn)="
       C:\Program Files\dotnet\sdk\10.0.103\Sdks\Microsoft.NET.Sdk.StaticWebAssets\targets\Microsoft.NET.Sdk.StaticWebAssets.targets(312,5): message :       ResolveCoreStaticWebAssets;
       C:\Program Files\dotnet\sdk\10.0.103\Sdks\Microsoft.NET.Sdk.StaticWebAssets\targets\Microsoft.NET.Sdk.StaticWebAssets.targets(312,5): message :       GenerateComputedBuildStaticWebAssets;
       C:\Program Files\dotnet\sdk\10.0.103\Sdks\Microsoft.NET.Sdk.StaticWebAssets\targets\Microsoft.NET.Sdk.StaticWebAssets.targets(312,5): message :       
       C:\Program Files\dotnet\sdk\10.0.103\Sdks\Microsoft.NET.Sdk.StaticWebAssets\targets\Microsoft.NET.Sdk.StaticWebAssets.targets(312,5): message :       ;
       C:\Program Files\dotnet\sdk\10.0.103\Sdks\Microsoft.NET.Sdk.StaticWebAssets\targets\Microsoft.NET.Sdk.StaticWebAssets.targets(312,5): message :       _AddBlazorFrameworkStaticWebAssets;
       C:\Program Files\dotnet\sdk\10.0.103\Sdks\Microsoft.NET.Sdk.StaticWebAssets\targets\Microsoft.NET.Sdk.StaticWebAssets.targets(312,5): message :     
       C:\Program Files\dotnet\sdk\10.0.103\Sdks\Microsoft.NET.Sdk.StaticWebAssets\targets\Microsoft.NET.Sdk.StaticWebAssets.targets(312,5): message :     " (previous value: "
       C:\Program Files\dotnet\sdk\10.0.103\Sdks\Microsoft.NET.Sdk.StaticWebAssets\targets\Microsoft.NET.Sdk.StaticWebAssets.targets(312,5): message :       ;
       C:\Program Files\dotnet\sdk\10.0.103\Sdks\Microsoft.NET.Sdk.StaticWebAssets\targets\Microsoft.NET.Sdk.StaticWebAssets.targets(312,5): message :       _AddBlazorFrameworkStaticWebAssets;
       C:\Program Files\dotnet\sdk\10.0.103\Sdks\Microsoft.NET.Sdk.StaticWebAssets\targets\Microsoft.NET.Sdk.StaticWebAssets.targets(312,5): message :     ") at C:\Program Files\dotnet\sdk\10.0.103\Sdks\Microsoft.NET.Sdk.StaticWebAssets\targets\Microsoft.NET.Sdk.StaticWebAssets.targets (312,5)
       Overriding target "ResolveFrameworkReferences" in project "C:\Program Files\dotnet\sdk\10.0.103\Microsoft.Common.CurrentVersion.targets" with target "ResolveFrameworkReferences" from project "C:\Program Files\dotnet\sdk\10.0.103\Sdks\Microsoft.NET.Sdk\targets\Microsoft.NET.Sdk.FrameworkReferenceResolution.targets".
       C:\Program Files\dotnet\sdk\10.0.103\Sdks\Microsoft.NET.Sdk.StaticWebAssets\targets\Microsoft.NET.Sdk.StaticWebAssets.targets(323,5): message : Property reassignment: $(GetCopyToOutputDirectoryItemsDependsOn)="
       C:\Program Files\dotnet\sdk\10.0.103\Sdks\Microsoft.NET.Sdk.StaticWebAssets\targets\Microsoft.NET.Sdk.StaticWebAssets.targets(323,5): message :       AssignTargetPaths;
       C:\Program Files\dotnet\sdk\10.0.103\Sdks\Microsoft.NET.Sdk.StaticWebAssets\targets\Microsoft.NET.Sdk.StaticWebAssets.targets(323,5): message :       
       C:\Program Files\dotnet\sdk\10.0.103\Sdks\Microsoft.NET.Sdk.StaticWebAssets\targets\Microsoft.NET.Sdk.StaticWebAssets.targets(323,5): message :       AssignProjectConfiguration;
       C:\Program Files\dotnet\sdk\10.0.103\Sdks\Microsoft.NET.Sdk.StaticWebAssets\targets\Microsoft.NET.Sdk.StaticWebAssets.targets(323,5): message :       _SplitProjectReferencesByFileExistence
       C:\Program Files\dotnet\sdk\10.0.103\Sdks\Microsoft.NET.Sdk.StaticWebAssets\targets\Microsoft.NET.Sdk.StaticWebAssets.targets(323,5): message :     ;
       C:\Program Files\dotnet\sdk\10.0.103\Sdks\Microsoft.NET.Sdk.StaticWebAssets\targets\Microsoft.NET.Sdk.StaticWebAssets.targets(323,5): message :       _GetProjectReferenceTargetFrameworkProperties;
       C:\Program Files\dotnet\sdk\10.0.103\Sdks\Microsoft.NET.Sdk.StaticWebAssets\targets\Microsoft.NET.Sdk.StaticWebAssets.targets(323,5): message :       _PopulateCommonStateForGetCopyToOutputDirectoryItems
       C:\Program Files\dotnet\sdk\10.0.103\Sdks\Microsoft.NET.Sdk.StaticWebAssets\targets\Microsoft.NET.Sdk.StaticWebAssets.targets(323,5): message :     ;AddStaticWebAssetsManifest;AddStaticWebAssetEndpointsBuildManifest" (previous value: "
       C:\Program Files\dotnet\sdk\10.0.103\Sdks\Microsoft.NET.Sdk.StaticWebAssets\targets\Microsoft.NET.Sdk.StaticWebAssets.targets(323,5): message :       AssignTargetPaths;
       C:\Program Files\dotnet\sdk\10.0.103\Sdks\Microsoft.NET.Sdk.StaticWebAssets\targets\Microsoft.NET.Sdk.StaticWebAssets.targets(323,5): message :       
       C:\Program Files\dotnet\sdk\10.0.103\Sdks\Microsoft.NET.Sdk.StaticWebAssets\targets\Microsoft.NET.Sdk.StaticWebAssets.targets(323,5): message :       AssignProjectConfiguration;
       C:\Program Files\dotnet\sdk\10.0.103\Sdks\Microsoft.NET.Sdk.StaticWebAssets\targets\Microsoft.NET.Sdk.StaticWebAssets.targets(323,5): message :       _SplitProjectReferencesByFileExistence
       C:\Program Files\dotnet\sdk\10.0.103\Sdks\Microsoft.NET.Sdk.StaticWebAssets\targets\Microsoft.NET.Sdk.StaticWebAssets.targets(323,5): message :     ;
       C:\Program Files\dotnet\sdk\10.0.103\Sdks\Microsoft.NET.Sdk.StaticWebAssets\targets\Microsoft.NET.Sdk.StaticWebAssets.targets(323,5): message :       _GetProjectReferenceTargetFrameworkProperties;
       C:\Program Files\dotnet\sdk\10.0.103\Sdks\Microsoft.NET.Sdk.StaticWebAssets\targets\Microsoft.NET.Sdk.StaticWebAssets.targets(323,5): message :       _PopulateCommonStateForGetCopyToOutputDirectoryItems
       C:\Program Files\dotnet\sdk\10.0.103\Sdks\Microsoft.NET.Sdk.StaticWebAssets\targets\Microsoft.NET.Sdk.StaticWebAssets.targets(323,5): message :     ") at C:\Program Files\dotnet\sdk\10.0.103\Sdks\Microsoft.NET.Sdk.StaticWebAssets\targets\Microsoft.NET.Sdk.StaticWebAssets.targets (323,5)
       Overriding target "GenerateSupportedTargetFrameworkAlias" in project "C:\Program Files\dotnet\sdk\10.0.103\Microsoft.Common.CurrentVersion.targets" with target "GenerateSupportedTargetFrameworkAlias" from project "C:\Program Files\dotnet\sdk\10.0.103\Sdks\Microsoft.NET.Sdk\targets\Microsoft.NET.Sdk.targets".
       C:\Program Files\dotnet\sdk\10.0.103\Sdks\Microsoft.NET.Sdk.StaticWebAssets\targets\Microsoft.NET.Sdk.StaticWebAssets.Pack.targets(46,5): message : Property reassignment: $(GenerateNuspecDependsOn)="
       C:\Program Files\dotnet\sdk\10.0.103\Sdks\Microsoft.NET.Sdk.StaticWebAssets\targets\Microsoft.NET.Sdk.StaticWebAssets.Pack.targets(46,5): message :       IncludeStaticWebAssetsPackItems;
       C:\Program Files\dotnet\sdk\10.0.103\Sdks\Microsoft.NET.Sdk.StaticWebAssets\targets\Microsoft.NET.Sdk.StaticWebAssets.Pack.targets(46,5): message :       Build;_LoadPackInputItems; _GetTargetFrameworksOutput; _WalkEachTargetPerFramework; _GetPackageFiles; ;
       C:\Program Files\dotnet\sdk\10.0.103\Sdks\Microsoft.NET.Sdk.StaticWebAssets\targets\Microsoft.NET.Sdk.StaticWebAssets.Pack.targets(46,5): message :     " (previous value: "Build;_LoadPackInputItems; _GetTargetFrameworksOutput; _WalkEachTargetPerFramework; _GetPackageFiles; ") at C:\Program Files\dotnet\sdk\10.0.103\Sdks\Microsoft.NET.Sdk.StaticWebAssets\targets\Microsoft.NET.Sdk.StaticWebAssets.Pack.targets (46,5)
       Overriding target "GetReferenceAssemblyPaths" in project "C:\Program Files\dotnet\sdk\10.0.103\Microsoft.Common.CurrentVersion.targets" with target "GetReferenceAssemblyPaths" from project "C:\Program Files\dotnet\sdk\10.0.103\Sdks\Microsoft.NET.Sdk\targets\Microsoft.NET.DisableStandardFrameworkResolution.targets".
       C:\Program Files\dotnet\sdk\10.0.103\Sdks\Microsoft.NET.Sdk.StaticWebAssets\targets\Microsoft.NET.Sdk.StaticWebAssets.Pack.targets(55,5): message : Property reassignment: $(IncludeStaticWebAssetsPackItemsDependsOn)="
       C:\Program Files\dotnet\sdk\10.0.103\Sdks\Microsoft.NET.Sdk.StaticWebAssets\targets\Microsoft.NET.Sdk.StaticWebAssets.Pack.targets(55,5): message :       Build;
       C:\Program Files\dotnet\sdk\10.0.103\Sdks\Microsoft.NET.Sdk.StaticWebAssets\targets\Microsoft.NET.Sdk.StaticWebAssets.Pack.targets(55,5): message :       ResolveStaticWebAssetsConfiguration;LoadStaticWebAssetsBuildManifest
       C:\Program Files\dotnet\sdk\10.0.103\Sdks\Microsoft.NET.Sdk.StaticWebAssets\targets\Microsoft.NET.Sdk.StaticWebAssets.Pack.targets(55,5): message :     ;
       C:\Program Files\dotnet\sdk\10.0.103\Sdks\Microsoft.NET.Sdk.StaticWebAssets\targets\Microsoft.NET.Sdk.StaticWebAssets.Pack.targets(55,5): message :     " (previous value: "
       C:\Program Files\dotnet\sdk\10.0.103\Sdks\Microsoft.NET.Sdk.StaticWebAssets\targets\Microsoft.NET.Sdk.StaticWebAssets.Pack.targets(55,5): message :       ResolveStaticWebAssetsConfiguration;LoadStaticWebAssetsBuildManifest
       C:\Program Files\dotnet\sdk\10.0.103\Sdks\Microsoft.NET.Sdk.StaticWebAssets\targets\Microsoft.NET.Sdk.StaticWebAssets.Pack.targets(55,5): message :     ") at C:\Program Files\dotnet\sdk\10.0.103\Sdks\Microsoft.NET.Sdk.StaticWebAssets\targets\Microsoft.NET.Sdk.StaticWebAssets.Pack.targets (55,5)
       Overriding target "GetFrameworkPaths" in project "C:\Program Files\dotnet\sdk\10.0.103\Microsoft.Common.CurrentVersion.targets" with target "GetFrameworkPaths" from project "C:\Program Files\dotnet\sdk\10.0.103\Sdks\Microsoft.NET.Sdk\targets\Microsoft.NET.DisableStandardFrameworkResolution.targets".
       C:\Program Files\dotnet\sdk\10.0.103\Sdks\Microsoft.NET.Sdk.StaticWebAssets\targets\Microsoft.NET.Sdk.StaticWebAssets.ScopedCss.targets(55,3): message : Property reassignment: $(ResolveStaticWebAssetsInputsDependsOn)="
       C:\Program Files\dotnet\sdk\10.0.103\Sdks\Microsoft.NET.Sdk.StaticWebAssets\targets\Microsoft.NET.Sdk.StaticWebAssets.ScopedCss.targets(55,3): message :     
       C:\Program Files\dotnet\sdk\10.0.103\Sdks\Microsoft.NET.Sdk.StaticWebAssets\targets\Microsoft.NET.Sdk.StaticWebAssets.ScopedCss.targets(55,3): message :       ResolveCoreStaticWebAssets;
       C:\Program Files\dotnet\sdk\10.0.103\Sdks\Microsoft.NET.Sdk.StaticWebAssets\targets\Microsoft.NET.Sdk.StaticWebAssets.ScopedCss.targets(55,3): message :       GenerateComputedBuildStaticWebAssets;
       C:\Program Files\dotnet\sdk\10.0.103\Sdks\Microsoft.NET.Sdk.StaticWebAssets\targets\Microsoft.NET.Sdk.StaticWebAssets.ScopedCss.targets(55,3): message :       
       C:\Program Files\dotnet\sdk\10.0.103\Sdks\Microsoft.NET.Sdk.StaticWebAssets\targets\Microsoft.NET.Sdk.StaticWebAssets.ScopedCss.targets(55,3): message :       ;
       C:\Program Files\dotnet\sdk\10.0.103\Sdks\Microsoft.NET.Sdk.StaticWebAssets\targets\Microsoft.NET.Sdk.StaticWebAssets.ScopedCss.targets(55,3): message :       _AddBlazorFrameworkStaticWebAssets;
       C:\Program Files\dotnet\sdk\10.0.103\Sdks\Microsoft.NET.Sdk.StaticWebAssets\targets\Microsoft.NET.Sdk.StaticWebAssets.ScopedCss.targets(55,3): message :     
       C:\Program Files\dotnet\sdk\10.0.103\Sdks\Microsoft.NET.Sdk.StaticWebAssets\targets\Microsoft.NET.Sdk.StaticWebAssets.ScopedCss.targets(55,3): message :     ;
       C:\Program Files\dotnet\sdk\10.0.103\Sdks\Microsoft.NET.Sdk.StaticWebAssets\targets\Microsoft.NET.Sdk.StaticWebAssets.ScopedCss.targets(55,3): message :     ResolveScopedCssAssets;
       C:\Program Files\dotnet\sdk\10.0.103\Sdks\Microsoft.NET.Sdk.StaticWebAssets\targets\Microsoft.NET.Sdk.StaticWebAssets.ScopedCss.targets(55,3): message :   " (previous value: "
       C:\Program Files\dotnet\sdk\10.0.103\Sdks\Microsoft.NET.Sdk.StaticWebAssets\targets\Microsoft.NET.Sdk.StaticWebAssets.ScopedCss.targets(55,3): message :       ResolveCoreStaticWebAssets;
       C:\Program Files\dotnet\sdk\10.0.103\Sdks\Microsoft.NET.Sdk.StaticWebAssets\targets\Microsoft.NET.Sdk.StaticWebAssets.ScopedCss.targets(55,3): message :       GenerateComputedBuildStaticWebAssets;
       C:\Program Files\dotnet\sdk\10.0.103\Sdks\Microsoft.NET.Sdk.StaticWebAssets\targets\Microsoft.NET.Sdk.StaticWebAssets.ScopedCss.targets(55,3): message :       
       C:\Program Files\dotnet\sdk\10.0.103\Sdks\Microsoft.NET.Sdk.StaticWebAssets\targets\Microsoft.NET.Sdk.StaticWebAssets.ScopedCss.targets(55,3): message :       ;
       C:\Program Files\dotnet\sdk\10.0.103\Sdks\Microsoft.NET.Sdk.StaticWebAssets\targets\Microsoft.NET.Sdk.StaticWebAssets.ScopedCss.targets(55,3): message :       _AddBlazorFrameworkStaticWebAssets;
       C:\Program Files\dotnet\sdk\10.0.103\Sdks\Microsoft.NET.Sdk.StaticWebAssets\targets\Microsoft.NET.Sdk.StaticWebAssets.ScopedCss.targets(55,3): message :     
       C:\Program Files\dotnet\sdk\10.0.103\Sdks\Microsoft.NET.Sdk.StaticWebAssets\targets\Microsoft.NET.Sdk.StaticWebAssets.ScopedCss.targets(55,3): message :     ") at C:\Program Files\dotnet\sdk\10.0.103\Sdks\Microsoft.NET.Sdk.StaticWebAssets\targets\Microsoft.NET.Sdk.StaticWebAssets.ScopedCss.targets (55,3)
       Overriding target "DesignerRuntimeImplementationProjectOutputGroup" in project "C:\Program Files\dotnet\sdk\10.0.103\Microsoft.Common.CurrentVersion.targets" with target "DesignerRuntimeImplementationProjectOutputGroup" from project "C:\Program Files\dotnet\sdk\10.0.103\Sdks\Microsoft.NET.Sdk\targets\Microsoft.NET.DesignerSupport.targets".
       C:\Program Files\dotnet\sdk\10.0.103\Sdks\Microsoft.NET.Sdk\targets\Microsoft.NET.Sdk.DefaultItems.targets(43,5): message : Property reassignment: $(DefaultItemExcludes)=";bin\Debug\/**;obj\Debug\/**;bin\/**;obj\/**;**/*.user;**/*.*proj;**/*.sln;**/*.slnx" (previous value: ";bin\Debug\/**;obj\Debug\/**;bin\/**;obj\/**;**/*.user;**/*.*proj;**/*.sln") at C:\Program Files\dotnet\sdk\10.0.103\Sdks\Microsoft.NET.Sdk\targets\Microsoft.NET.Sdk.DefaultItems.targets (43,5)
       C:\Program Files\dotnet\sdk\10.0.103\Sdks\Microsoft.NET.Sdk.StaticWebAssets\targets\Microsoft.NET.Sdk.StaticWebAssets.ScopedCss.targets(88,3): message : Property reassignment: $(GenerateComputedBuildStaticWebAssetsDependsOn)="
       C:\Program Files\dotnet\sdk\10.0.103\Sdks\Microsoft.NET.Sdk.StaticWebAssets\targets\Microsoft.NET.Sdk.StaticWebAssets.ScopedCss.targets(88,3): message :     ResolveCoreStaticWebAssets;;
       C:\Program Files\dotnet\sdk\10.0.103\Sdks\Microsoft.NET.Sdk.StaticWebAssets\targets\Microsoft.NET.Sdk.StaticWebAssets.ScopedCss.targets(88,3): message :     BundleScopedCssFiles;
       C:\Program Files\dotnet\sdk\10.0.103\Sdks\Microsoft.NET.Sdk.StaticWebAssets\targets\Microsoft.NET.Sdk.StaticWebAssets.ScopedCss.targets(88,3): message :   " (previous value: "ResolveCoreStaticWebAssets;") at C:\Program Files\dotnet\sdk\10.0.103\Sdks\Microsoft.NET.Sdk.StaticWebAssets\targets\Microsoft.NET.Sdk.StaticWebAssets.ScopedCss.targets (88,3)
       Overriding target "Publish" in project "C:\Program Files\dotnet\sdk\10.0.103\Microsoft.Common.CurrentVersion.targets" with target "Publish" from project "C:\Program Files\dotnet\sdk\10.0.103\Sdks\Microsoft.NET.Sdk\targets\Microsoft.NET.Publish.targets".
       C:\Program Files\dotnet\sdk\10.0.103\Sdks\Microsoft.NET.Sdk.StaticWebAssets\targets\Microsoft.NET.Sdk.StaticWebAssets.JSModules.targets(37,5): message : Property reassignment: $(ResolveCoreStaticWebAssetsDependsOn)="
       C:\Program Files\dotnet\sdk\10.0.103\Sdks\Microsoft.NET.Sdk.StaticWebAssets\targets\Microsoft.NET.Sdk.StaticWebAssets.JSModules.targets(37,5): message :       
       C:\Program Files\dotnet\sdk\10.0.103\Sdks\Microsoft.NET.Sdk.StaticWebAssets\targets\Microsoft.NET.Sdk.StaticWebAssets.JSModules.targets(37,5): message :       UpdateExistingPackageStaticWebAssets;
       C:\Program Files\dotnet\sdk\10.0.103\Sdks\Microsoft.NET.Sdk.StaticWebAssets\targets\Microsoft.NET.Sdk.StaticWebAssets.JSModules.targets(37,5): message :       ResolveProjectStaticWebAssets;
       C:\Program Files\dotnet\sdk\10.0.103\Sdks\Microsoft.NET.Sdk.StaticWebAssets\targets\Microsoft.NET.Sdk.StaticWebAssets.JSModules.targets(37,5): message :       ResolveEmbeddedProjectsStaticWebAssets;
       C:\Program Files\dotnet\sdk\10.0.103\Sdks\Microsoft.NET.Sdk.StaticWebAssets\targets\Microsoft.NET.Sdk.StaticWebAssets.JSModules.targets(37,5): message :       ResolveReferencedProjectsStaticWebAssets;
       C:\Program Files\dotnet\sdk\10.0.103\Sdks\Microsoft.NET.Sdk.StaticWebAssets\targets\Microsoft.NET.Sdk.StaticWebAssets.JSModules.targets(37,5): message :       ;
       C:\Program Files\dotnet\sdk\10.0.103\Sdks\Microsoft.NET.Sdk.StaticWebAssets\targets\Microsoft.NET.Sdk.StaticWebAssets.JSModules.targets(37,5): message :     ;
       C:\Program Files\dotnet\sdk\10.0.103\Sdks\Microsoft.NET.Sdk.StaticWebAssets\targets\Microsoft.NET.Sdk.StaticWebAssets.JSModules.targets(37,5): message :       ResolveJsInitializerModuleStaticWebAssets;
       C:\Program Files\dotnet\sdk\10.0.103\Sdks\Microsoft.NET.Sdk.StaticWebAssets\targets\Microsoft.NET.Sdk.StaticWebAssets.JSModules.targets(37,5): message :     " (previous value: "
       C:\Program Files\dotnet\sdk\10.0.103\Sdks\Microsoft.NET.Sdk.StaticWebAssets\targets\Microsoft.NET.Sdk.StaticWebAssets.JSModules.targets(37,5): message :       UpdateExistingPackageStaticWebAssets;
       C:\Program Files\dotnet\sdk\10.0.103\Sdks\Microsoft.NET.Sdk.StaticWebAssets\targets\Microsoft.NET.Sdk.StaticWebAssets.JSModules.targets(37,5): message :       ResolveProjectStaticWebAssets;
       C:\Program Files\dotnet\sdk\10.0.103\Sdks\Microsoft.NET.Sdk.StaticWebAssets\targets\Microsoft.NET.Sdk.StaticWebAssets.JSModules.targets(37,5): message :       ResolveEmbeddedProjectsStaticWebAssets;
       C:\Program Files\dotnet\sdk\10.0.103\Sdks\Microsoft.NET.Sdk.StaticWebAssets\targets\Microsoft.NET.Sdk.StaticWebAssets.JSModules.targets(37,5): message :       ResolveReferencedProjectsStaticWebAssets;
       C:\Program Files\dotnet\sdk\10.0.103\Sdks\Microsoft.NET.Sdk.StaticWebAssets\targets\Microsoft.NET.Sdk.StaticWebAssets.JSModules.targets(37,5): message :       ;
       C:\Program Files\dotnet\sdk\10.0.103\Sdks\Microsoft.NET.Sdk.StaticWebAssets\targets\Microsoft.NET.Sdk.StaticWebAssets.JSModules.targets(37,5): message :     ") at C:\Program Files\dotnet\sdk\10.0.103\Sdks\Microsoft.NET.Sdk.StaticWebAssets\targets\Microsoft.NET.Sdk.StaticWebAssets.JSModules.targets (37,5)
       Overriding target "ResolveReadyToRunCompilers" in project "C:\Program Files\dotnet\sdk\10.0.103\Sdks\Microsoft.NET.Sdk\targets\Microsoft.NET.CrossGen.targets" with target "ResolveReadyToRunCompilers" from project "C:\Program Files\dotnet\sdk\10.0.103\Sdks\Microsoft.NET.Sdk\targets\Microsoft.NET.Publish.targets".
       C:\Program Files\dotnet\sdk\10.0.103\Sdks\Microsoft.NET.Sdk.StaticWebAssets\targets\Microsoft.NET.Sdk.StaticWebAssets.JSModules.targets(42,5): message : Property reassignment: $(ResolveCoreStaticWebAssetsDependsOn)="
       C:\Program Files\dotnet\sdk\10.0.103\Sdks\Microsoft.NET.Sdk.StaticWebAssets\targets\Microsoft.NET.Sdk.StaticWebAssets.JSModules.targets(42,5): message :       
       C:\Program Files\dotnet\sdk\10.0.103\Sdks\Microsoft.NET.Sdk.StaticWebAssets\targets\Microsoft.NET.Sdk.StaticWebAssets.JSModules.targets(42,5): message :       
       C:\Program Files\dotnet\sdk\10.0.103\Sdks\Microsoft.NET.Sdk.StaticWebAssets\targets\Microsoft.NET.Sdk.StaticWebAssets.JSModules.targets(42,5): message :       UpdateExistingPackageStaticWebAssets;
       C:\Program Files\dotnet\sdk\10.0.103\Sdks\Microsoft.NET.Sdk.StaticWebAssets\targets\Microsoft.NET.Sdk.StaticWebAssets.JSModules.targets(42,5): message :       ResolveProjectStaticWebAssets;
       C:\Program Files\dotnet\sdk\10.0.103\Sdks\Microsoft.NET.Sdk.StaticWebAssets\targets\Microsoft.NET.Sdk.StaticWebAssets.JSModules.targets(42,5): message :       ResolveEmbeddedProjectsStaticWebAssets;
       C:\Program Files\dotnet\sdk\10.0.103\Sdks\Microsoft.NET.Sdk.StaticWebAssets\targets\Microsoft.NET.Sdk.StaticWebAssets.JSModules.targets(42,5): message :       ResolveReferencedProjectsStaticWebAssets;
       C:\Program Files\dotnet\sdk\10.0.103\Sdks\Microsoft.NET.Sdk.StaticWebAssets\targets\Microsoft.NET.Sdk.StaticWebAssets.JSModules.targets(42,5): message :       ;
       C:\Program Files\dotnet\sdk\10.0.103\Sdks\Microsoft.NET.Sdk.StaticWebAssets\targets\Microsoft.NET.Sdk.StaticWebAssets.JSModules.targets(42,5): message :     ;
       C:\Program Files\dotnet\sdk\10.0.103\Sdks\Microsoft.NET.Sdk.StaticWebAssets\targets\Microsoft.NET.Sdk.StaticWebAssets.JSModules.targets(42,5): message :       ResolveJsInitializerModuleStaticWebAssets;
       C:\Program Files\dotnet\sdk\10.0.103\Sdks\Microsoft.NET.Sdk.StaticWebAssets\targets\Microsoft.NET.Sdk.StaticWebAssets.JSModules.targets(42,5): message :     ;
       C:\Program Files\dotnet\sdk\10.0.103\Sdks\Microsoft.NET.Sdk.StaticWebAssets\targets\Microsoft.NET.Sdk.StaticWebAssets.JSModules.targets(42,5): message :       ResolveJSModuleStaticWebAssets;
       C:\Program Files\dotnet\sdk\10.0.103\Sdks\Microsoft.NET.Sdk.StaticWebAssets\targets\Microsoft.NET.Sdk.StaticWebAssets.JSModules.targets(42,5): message :     " (previous value: "
       C:\Program Files\dotnet\sdk\10.0.103\Sdks\Microsoft.NET.Sdk.StaticWebAssets\targets\Microsoft.NET.Sdk.StaticWebAssets.JSModules.targets(42,5): message :       
       C:\Program Files\dotnet\sdk\10.0.103\Sdks\Microsoft.NET.Sdk.StaticWebAssets\targets\Microsoft.NET.Sdk.StaticWebAssets.JSModules.targets(42,5): message :       UpdateExistingPackageStaticWebAssets;
       C:\Program Files\dotnet\sdk\10.0.103\Sdks\Microsoft.NET.Sdk.StaticWebAssets\targets\Microsoft.NET.Sdk.StaticWebAssets.JSModules.targets(42,5): message :       ResolveProjectStaticWebAssets;
       C:\Program Files\dotnet\sdk\10.0.103\Sdks\Microsoft.NET.Sdk.StaticWebAssets\targets\Microsoft.NET.Sdk.StaticWebAssets.JSModules.targets(42,5): message :       ResolveEmbeddedProjectsStaticWebAssets;
       C:\Program Files\dotnet\sdk\10.0.103\Sdks\Microsoft.NET.Sdk.StaticWebAssets\targets\Microsoft.NET.Sdk.StaticWebAssets.JSModules.targets(42,5): message :       ResolveReferencedProjectsStaticWebAssets;
       C:\Program Files\dotnet\sdk\10.0.103\Sdks\Microsoft.NET.Sdk.StaticWebAssets\targets\Microsoft.NET.Sdk.StaticWebAssets.JSModules.targets(42,5): message :       ;
       C:\Program Files\dotnet\sdk\10.0.103\Sdks\Microsoft.NET.Sdk.StaticWebAssets\targets\Microsoft.NET.Sdk.StaticWebAssets.JSModules.targets(42,5): message :     ;
       C:\Program Files\dotnet\sdk\10.0.103\Sdks\Microsoft.NET.Sdk.StaticWebAssets\targets\Microsoft.NET.Sdk.StaticWebAssets.JSModules.targets(42,5): message :       ResolveJsInitializerModuleStaticWebAssets;
       C:\Program Files\dotnet\sdk\10.0.103\Sdks\Microsoft.NET.Sdk.StaticWebAssets\targets\Microsoft.NET.Sdk.StaticWebAssets.JSModules.targets(42,5): message :     ") at C:\Program Files\dotnet\sdk\10.0.103\Sdks\Microsoft.NET.Sdk.StaticWebAssets\targets\Microsoft.NET.Sdk.StaticWebAssets.JSModules.targets (42,5)
       Overriding target "GetCopyToPublishDirectoryItems" in project "C:\Program Files\dotnet\sdk\10.0.103\Microsoft.Common.CurrentVersion.targets" with target "GetCopyToPublishDirectoryItems" from project "C:\Program Files\dotnet\sdk\10.0.103\Sdks\Microsoft.NET.Sdk\targets\Microsoft.NET.Publish.targets".
       C:\Program Files\dotnet\sdk\10.0.103\Sdks\Microsoft.NET.Sdk.StaticWebAssets\targets\Microsoft.NET.Sdk.StaticWebAssets.JSModules.targets(57,5): message : Property reassignment: $(ResolveStaticWebAssetsInputsDependsOn)="
       C:\Program Files\dotnet\sdk\10.0.103\Sdks\Microsoft.NET.Sdk.StaticWebAssets\targets\Microsoft.NET.Sdk.StaticWebAssets.JSModules.targets(57,5): message :       ResolveJSModuleManifestBuildStaticWebAssets;
       C:\Program Files\dotnet\sdk\10.0.103\Sdks\Microsoft.NET.Sdk.StaticWebAssets\targets\Microsoft.NET.Sdk.StaticWebAssets.JSModules.targets(57,5): message :       
       C:\Program Files\dotnet\sdk\10.0.103\Sdks\Microsoft.NET.Sdk.StaticWebAssets\targets\Microsoft.NET.Sdk.StaticWebAssets.JSModules.targets(57,5): message :     
       C:\Program Files\dotnet\sdk\10.0.103\Sdks\Microsoft.NET.Sdk.StaticWebAssets\targets\Microsoft.NET.Sdk.StaticWebAssets.JSModules.targets(57,5): message :       ResolveCoreStaticWebAssets;
       C:\Program Files\dotnet\sdk\10.0.103\Sdks\Microsoft.NET.Sdk.StaticWebAssets\targets\Microsoft.NET.Sdk.StaticWebAssets.JSModules.targets(57,5): message :       GenerateComputedBuildStaticWebAssets;
       C:\Program Files\dotnet\sdk\10.0.103\Sdks\Microsoft.NET.Sdk.StaticWebAssets\targets\Microsoft.NET.Sdk.StaticWebAssets.JSModules.targets(57,5): message :       
       C:\Program Files\dotnet\sdk\10.0.103\Sdks\Microsoft.NET.Sdk.StaticWebAssets\targets\Microsoft.NET.Sdk.StaticWebAssets.JSModules.targets(57,5): message :       ;
       C:\Program Files\dotnet\sdk\10.0.103\Sdks\Microsoft.NET.Sdk.StaticWebAssets\targets\Microsoft.NET.Sdk.StaticWebAssets.JSModules.targets(57,5): message :       _AddBlazorFrameworkStaticWebAssets;
       C:\Program Files\dotnet\sdk\10.0.103\Sdks\Microsoft.NET.Sdk.StaticWebAssets\targets\Microsoft.NET.Sdk.StaticWebAssets.JSModules.targets(57,5): message :     
       C:\Program Files\dotnet\sdk\10.0.103\Sdks\Microsoft.NET.Sdk.StaticWebAssets\targets\Microsoft.NET.Sdk.StaticWebAssets.JSModules.targets(57,5): message :     ;
       C:\Program Files\dotnet\sdk\10.0.103\Sdks\Microsoft.NET.Sdk.StaticWebAssets\targets\Microsoft.NET.Sdk.StaticWebAssets.JSModules.targets(57,5): message :     ResolveScopedCssAssets;
       C:\Program Files\dotnet\sdk\10.0.103\Sdks\Microsoft.NET.Sdk.StaticWebAssets\targets\Microsoft.NET.Sdk.StaticWebAssets.JSModules.targets(57,5): message :   
       C:\Program Files\dotnet\sdk\10.0.103\Sdks\Microsoft.NET.Sdk.StaticWebAssets\targets\Microsoft.NET.Sdk.StaticWebAssets.JSModules.targets(57,5): message :     " (previous value: "
       C:\Program Files\dotnet\sdk\10.0.103\Sdks\Microsoft.NET.Sdk.StaticWebAssets\targets\Microsoft.NET.Sdk.StaticWebAssets.JSModules.targets(57,5): message :     
       C:\Program Files\dotnet\sdk\10.0.103\Sdks\Microsoft.NET.Sdk.StaticWebAssets\targets\Microsoft.NET.Sdk.StaticWebAssets.JSModules.targets(57,5): message :       ResolveCoreStaticWebAssets;
       C:\Program Files\dotnet\sdk\10.0.103\Sdks\Microsoft.NET.Sdk.StaticWebAssets\targets\Microsoft.NET.Sdk.StaticWebAssets.JSModules.targets(57,5): message :       GenerateComputedBuildStaticWebAssets;
       C:\Program Files\dotnet\sdk\10.0.103\Sdks\Microsoft.NET.Sdk.StaticWebAssets\targets\Microsoft.NET.Sdk.StaticWebAssets.JSModules.targets(57,5): message :       
       C:\Program Files\dotnet\sdk\10.0.103\Sdks\Microsoft.NET.Sdk.StaticWebAssets\targets\Microsoft.NET.Sdk.StaticWebAssets.JSModules.targets(57,5): message :       ;
       C:\Program Files\dotnet\sdk\10.0.103\Sdks\Microsoft.NET.Sdk.StaticWebAssets\targets\Microsoft.NET.Sdk.StaticWebAssets.JSModules.targets(57,5): message :       _AddBlazorFrameworkStaticWebAssets;
       C:\Program Files\dotnet\sdk\10.0.103\Sdks\Microsoft.NET.Sdk.StaticWebAssets\targets\Microsoft.NET.Sdk.StaticWebAssets.JSModules.targets(57,5): message :     
       C:\Program Files\dotnet\sdk\10.0.103\Sdks\Microsoft.NET.Sdk.StaticWebAssets\targets\Microsoft.NET.Sdk.StaticWebAssets.JSModules.targets(57,5): message :     ;
       C:\Program Files\dotnet\sdk\10.0.103\Sdks\Microsoft.NET.Sdk.StaticWebAssets\targets\Microsoft.NET.Sdk.StaticWebAssets.JSModules.targets(57,5): message :     ResolveScopedCssAssets;
       C:\Program Files\dotnet\sdk\10.0.103\Sdks\Microsoft.NET.Sdk.StaticWebAssets\targets\Microsoft.NET.Sdk.StaticWebAssets.JSModules.targets(57,5): message :   ") at C:\Program Files\dotnet\sdk\10.0.103\Sdks\Microsoft.NET.Sdk.StaticWebAssets\targets\Microsoft.NET.Sdk.StaticWebAssets.JSModules.targets (57,5)
       Overriding target "Run" in project "C:\Program Files\dotnet\sdk\10.0.103\Microsoft.Common.CurrentVersion.targets" with target "Run" from project "C:\Program Files\dotnet\sdk\10.0.103\Sdks\Microsoft.NET.Sdk\targets\Microsoft.NET.Sdk.targets".
       C:\Program Files\dotnet\sdk\10.0.103\Sdks\Microsoft.NET.Sdk.StaticWebAssets\targets\Microsoft.NET.Sdk.StaticWebAssets.JSModules.targets(76,5): message : Property reassignment: $(ResolvePublishStaticWebAssetsDependsOn)="
       C:\Program Files\dotnet\sdk\10.0.103\Sdks\Microsoft.NET.Sdk.StaticWebAssets\targets\Microsoft.NET.Sdk.StaticWebAssets.JSModules.targets(76,5): message :       ResolveJSModuleManifestPublishStaticWebAssets;
       C:\Program Files\dotnet\sdk\10.0.103\Sdks\Microsoft.NET.Sdk.StaticWebAssets\targets\Microsoft.NET.Sdk.StaticWebAssets.JSModules.targets(76,5): message :       
       C:\Program Files\dotnet\sdk\10.0.103\Sdks\Microsoft.NET.Sdk.StaticWebAssets\targets\Microsoft.NET.Sdk.StaticWebAssets.JSModules.targets(76,5): message :       ResolveCorePublishStaticWebAssets;
       C:\Program Files\dotnet\sdk\10.0.103\Sdks\Microsoft.NET.Sdk.StaticWebAssets\targets\Microsoft.NET.Sdk.StaticWebAssets.JSModules.targets(76,5): message :       GenerateComputedPublishStaticWebAssets;
       C:\Program Files\dotnet\sdk\10.0.103\Sdks\Microsoft.NET.Sdk.StaticWebAssets\targets\Microsoft.NET.Sdk.StaticWebAssets.JSModules.targets(76,5): message :       ;
       C:\Program Files\dotnet\sdk\10.0.103\Sdks\Microsoft.NET.Sdk.StaticWebAssets\targets\Microsoft.NET.Sdk.StaticWebAssets.JSModules.targets(76,5): message :     
       C:\Program Files\dotnet\sdk\10.0.103\Sdks\Microsoft.NET.Sdk.StaticWebAssets\targets\Microsoft.NET.Sdk.StaticWebAssets.JSModules.targets(76,5): message :     " (previous value: "
       C:\Program Files\dotnet\sdk\10.0.103\Sdks\Microsoft.NET.Sdk.StaticWebAssets\targets\Microsoft.NET.Sdk.StaticWebAssets.JSModules.targets(76,5): message :       ResolveCorePublishStaticWebAssets;
       C:\Program Files\dotnet\sdk\10.0.103\Sdks\Microsoft.NET.Sdk.StaticWebAssets\targets\Microsoft.NET.Sdk.StaticWebAssets.JSModules.targets(76,5): message :       GenerateComputedPublishStaticWebAssets;
       C:\Program Files\dotnet\sdk\10.0.103\Sdks\Microsoft.NET.Sdk.StaticWebAssets\targets\Microsoft.NET.Sdk.StaticWebAssets.JSModules.targets(76,5): message :       ;
       C:\Program Files\dotnet\sdk\10.0.103\Sdks\Microsoft.NET.Sdk.StaticWebAssets\targets\Microsoft.NET.Sdk.StaticWebAssets.JSModules.targets(76,5): message :     ") at C:\Program Files\dotnet\sdk\10.0.103\Sdks\Microsoft.NET.Sdk.StaticWebAssets\targets\Microsoft.NET.Sdk.StaticWebAssets.JSModules.targets (76,5)
       Overriding target "SatelliteDllsProjectOutputGroup" in project "C:\Program Files\dotnet\sdk\10.0.103\Microsoft.Common.CurrentVersion.targets" with target "SatelliteDllsProjectOutputGroup" from project "C:\Program Files\dotnet\sdk\10.0.103\Sdks\Microsoft.NET.Sdk.WindowsDesktop\targets\Microsoft.WinFX.targets".
       C:\Program Files\dotnet\sdk\10.0.103\Sdks\Microsoft.NET.Sdk.StaticWebAssets\targets\Microsoft.NET.Sdk.StaticWebAssets.Compression.targets(185,5): message : Property reassignment: $(ResolveBuildRelatedStaticWebAssetsDependsOn)="
       C:\Program Files\dotnet\sdk\10.0.103\Sdks\Microsoft.NET.Sdk.StaticWebAssets\targets\Microsoft.NET.Sdk.StaticWebAssets.Compression.targets(185,5): message :       ResolveBuildCompressedStaticWebAssets;
       C:\Program Files\dotnet\sdk\10.0.103\Sdks\Microsoft.NET.Sdk.StaticWebAssets\targets\Microsoft.NET.Sdk.StaticWebAssets.Compression.targets(185,5): message :       
       C:\Program Files\dotnet\sdk\10.0.103\Sdks\Microsoft.NET.Sdk.StaticWebAssets\targets\Microsoft.NET.Sdk.StaticWebAssets.Compression.targets(185,5): message :       ResolveStaticWebAssetsInputs;
       C:\Program Files\dotnet\sdk\10.0.103\Sdks\Microsoft.NET.Sdk.StaticWebAssets\targets\Microsoft.NET.Sdk.StaticWebAssets.Compression.targets(185,5): message :       
       C:\Program Files\dotnet\sdk\10.0.103\Sdks\Microsoft.NET.Sdk.StaticWebAssets\targets\Microsoft.NET.Sdk.StaticWebAssets.Compression.targets(185,5): message :     
       C:\Program Files\dotnet\sdk\10.0.103\Sdks\Microsoft.NET.Sdk.StaticWebAssets\targets\Microsoft.NET.Sdk.StaticWebAssets.Compression.targets(185,5): message :     " (previous value: "
       C:\Program Files\dotnet\sdk\10.0.103\Sdks\Microsoft.NET.Sdk.StaticWebAssets\targets\Microsoft.NET.Sdk.StaticWebAssets.Compression.targets(185,5): message :       ResolveStaticWebAssetsInputs;
       C:\Program Files\dotnet\sdk\10.0.103\Sdks\Microsoft.NET.Sdk.StaticWebAssets\targets\Microsoft.NET.Sdk.StaticWebAssets.Compression.targets(185,5): message :       
       C:\Program Files\dotnet\sdk\10.0.103\Sdks\Microsoft.NET.Sdk.StaticWebAssets\targets\Microsoft.NET.Sdk.StaticWebAssets.Compression.targets(185,5): message :     ") at C:\Program Files\dotnet\sdk\10.0.103\Sdks\Microsoft.NET.Sdk.StaticWebAssets\targets\Microsoft.NET.Sdk.StaticWebAssets.Compression.targets (185,5)
       The target "ResolveNuGetPackageAssets" listed in an AfterTargets attribute at "C:\Users\krish.maniar.ATPL-LAP-723\.nuget\packages\microsoft.extensions.configuration.binder\10.0.1\buildTransitive\netstandard2.0\Microsoft.Extensions.Configuration.Binder.targets (9,13)" does not exist in the project, and will be ignored.
       C:\Program Files\dotnet\sdk\10.0.103\Sdks\Microsoft.NET.Sdk.StaticWebAssets\targets\Microsoft.NET.Sdk.StaticWebAssets.Compression.targets(204,5): message : Property reassignment: $(ResolvePublishRelatedStaticWebAssetsDependsOn)="
       C:\Program Files\dotnet\sdk\10.0.103\Sdks\Microsoft.NET.Sdk.StaticWebAssets\targets\Microsoft.NET.Sdk.StaticWebAssets.Compression.targets(204,5): message :       ResolvePublishCompressedStaticWebAssets;
       C:\Program Files\dotnet\sdk\10.0.103\Sdks\Microsoft.NET.Sdk.StaticWebAssets\targets\Microsoft.NET.Sdk.StaticWebAssets.Compression.targets(204,5): message :       
       C:\Program Files\dotnet\sdk\10.0.103\Sdks\Microsoft.NET.Sdk.StaticWebAssets\targets\Microsoft.NET.Sdk.StaticWebAssets.Compression.targets(204,5): message :     " (previous value: "") at C:\Program Files\dotnet\sdk\10.0.103\Sdks\Microsoft.NET.Sdk.StaticWebAssets\targets\Microsoft.NET.Sdk.StaticWebAssets.Compression.targets (204,5)
       C:\Program Files\dotnet\sdk\10.0.103\Sdks\Microsoft.NET.Sdk.Razor\targets\Sdk.Razor.CurrentVersion.targets(220,5): message : Property reassignment: $(DebugSymbolsProjectOutputGroupDependsOn)="
       C:\Program Files\dotnet\sdk\10.0.103\Sdks\Microsoft.NET.Sdk.Razor\targets\Sdk.Razor.CurrentVersion.targets(220,5): message :       ;
       C:\Program Files\dotnet\sdk\10.0.103\Sdks\Microsoft.NET.Sdk.Razor\targets\Sdk.Razor.CurrentVersion.targets(220,5): message :       _RazorAddDebugSymbolsProjectOutputGroupOutput
       C:\Program Files\dotnet\sdk\10.0.103\Sdks\Microsoft.NET.Sdk.Razor\targets\Sdk.Razor.CurrentVersion.targets(220,5): message :     " (previous value: "") at C:\Program Files\dotnet\sdk\10.0.103\Sdks\Microsoft.NET.Sdk.Razor\targets\Sdk.Razor.CurrentVersion.targets (220,5)
       C:\Program Files\dotnet\sdk\10.0.103\Sdks\Microsoft.NET.Sdk\targets\Microsoft.NET.Sdk.DefaultItems.targets(44,5): message : Property reassignment: $(DefaultItemExcludes)=";bin\Debug\/**;obj\Debug\/**;bin\/**;obj\/**;**/*.user;**/*.*proj;**/*.sln;**/*.slnx;**/*.vssscc" (previous value: ";bin\Debug\/**;obj\Debug\/**;bin\/**;obj\/**;**/*.user;**/*.*proj;**/*.sln;**/*.slnx") at C:\Program Files\dotnet\sdk\10.0.103\Sdks\Microsoft.NET.Sdk\targets\Microsoft.NET.Sdk.DefaultItems.targets (44,5)
       C:\Program Files\dotnet\sdk\10.0.103\Sdks\Microsoft.NET.Sdk.Razor\targets\Sdk.Razor.CurrentVersion.targets(225,5): message : Property reassignment: $(PrepareForBuildDependsOn)="
       C:\Program Files\dotnet\sdk\10.0.103\Sdks\Microsoft.NET.Sdk.Razor\targets\Sdk.Razor.CurrentVersion.targets(225,5): message :       ;GetFrameworkPaths;GetReferenceAssemblyPaths;AssignLinkMetadata;
       C:\Program Files\dotnet\sdk\10.0.103\Sdks\Microsoft.NET.Sdk.Razor\targets\Sdk.Razor.CurrentVersion.targets(225,5): message :       ResolveRazorGenerateInputs
       C:\Program Files\dotnet\sdk\10.0.103\Sdks\Microsoft.NET.Sdk.Razor\targets\Sdk.Razor.CurrentVersion.targets(225,5): message :     " (previous value: ";GetFrameworkPaths;GetReferenceAssemblyPaths;AssignLinkMetadata") at C:\Program Files\dotnet\sdk\10.0.103\Sdks\Microsoft.NET.Sdk.Razor\targets\Sdk.Razor.CurrentVersion.targets (225,5)
       C:\Program Files\dotnet\sdk\10.0.103\Sdks\Microsoft.NET.Sdk.Razor\targets\Sdk.Razor.CurrentVersion.targets(230,5): message : Property reassignment: $(GenerateNuspecDependsOn)="
       C:\Program Files\dotnet\sdk\10.0.103\Sdks\Microsoft.NET.Sdk.Razor\targets\Sdk.Razor.CurrentVersion.targets(230,5): message :       ResolveRazorGenerateInputs;
       C:\Program Files\dotnet\sdk\10.0.103\Sdks\Microsoft.NET.Sdk.Razor\targets\Sdk.Razor.CurrentVersion.targets(230,5): message :       
       C:\Program Files\dotnet\sdk\10.0.103\Sdks\Microsoft.NET.Sdk.Razor\targets\Sdk.Razor.CurrentVersion.targets(230,5): message :       IncludeStaticWebAssetsPackItems;
       C:\Program Files\dotnet\sdk\10.0.103\Sdks\Microsoft.NET.Sdk.Razor\targets\Sdk.Razor.CurrentVersion.targets(230,5): message :       Build;_LoadPackInputItems; _GetTargetFrameworksOutput; _WalkEachTargetPerFramework; _GetPackageFiles; ;
       C:\Program Files\dotnet\sdk\10.0.103\Sdks\Microsoft.NET.Sdk.Razor\targets\Sdk.Razor.CurrentVersion.targets(230,5): message :     
       C:\Program Files\dotnet\sdk\10.0.103\Sdks\Microsoft.NET.Sdk.Razor\targets\Sdk.Razor.CurrentVersion.targets(230,5): message :     " (previous value: "
       C:\Program Files\dotnet\sdk\10.0.103\Sdks\Microsoft.NET.Sdk.Razor\targets\Sdk.Razor.CurrentVersion.targets(230,5): message :       IncludeStaticWebAssetsPackItems;
       C:\Program Files\dotnet\sdk\10.0.103\Sdks\Microsoft.NET.Sdk.Razor\targets\Sdk.Razor.CurrentVersion.targets(230,5): message :       Build;_LoadPackInputItems; _GetTargetFrameworksOutput; _WalkEachTargetPerFramework; _GetPackageFiles; ;
       C:\Program Files\dotnet\sdk\10.0.103\Sdks\Microsoft.NET.Sdk.Razor\targets\Sdk.Razor.CurrentVersion.targets(230,5): message :     ") at C:\Program Files\dotnet\sdk\10.0.103\Sdks\Microsoft.NET.Sdk.Razor\targets\Sdk.Razor.CurrentVersion.targets (230,5)
       C:\Program Files\dotnet\sdk\10.0.103\Sdks\Microsoft.NET.Sdk.Razor\targets\Sdk.Razor.CurrentVersion.targets(235,5): message : Property reassignment: $(PrepareForRunDependsOn)="
       C:\Program Files\dotnet\sdk\10.0.103\Sdks\Microsoft.NET.Sdk.Razor\targets\Sdk.Razor.CurrentVersion.targets(235,5): message :       _RazorPrepareForRun;
       C:\Program Files\dotnet\sdk\10.0.103\Sdks\Microsoft.NET.Sdk.Razor\targets\Sdk.Razor.CurrentVersion.targets(235,5): message :       StaticWebAssetsPrepareForRun;
       C:\Program Files\dotnet\sdk\10.0.103\Sdks\Microsoft.NET.Sdk.Razor\targets\Sdk.Razor.CurrentVersion.targets(235,5): message :       CopyFilesToOutputDirectory
       C:\Program Files\dotnet\sdk\10.0.103\Sdks\Microsoft.NET.Sdk.Razor\targets\Sdk.Razor.CurrentVersion.targets(235,5): message :     
       C:\Program Files\dotnet\sdk\10.0.103\Sdks\Microsoft.NET.Sdk.Razor\targets\Sdk.Razor.CurrentVersion.targets(235,5): message :     " (previous value: "StaticWebAssetsPrepareForRun;
       C:\Program Files\dotnet\sdk\10.0.103\Sdks\Microsoft.NET.Sdk.Razor\targets\Sdk.Razor.CurrentVersion.targets(235,5): message :       CopyFilesToOutputDirectory
       C:\Program Files\dotnet\sdk\10.0.103\Sdks\Microsoft.NET.Sdk.Razor\targets\Sdk.Razor.CurrentVersion.targets(235,5): message :     ") at C:\Program Files\dotnet\sdk\10.0.103\Sdks\Microsoft.NET.Sdk.Razor\targets\Sdk.Razor.CurrentVersion.targets (235,5)
       C:\Program Files\dotnet\sdk\10.0.103\Sdks\Microsoft.NET.Sdk.Razor\targets\Sdk.Razor.CurrentVersion.targets(326,5): message : Property reassignment: $(UseRazorBuildServer)="true" (previous value: "") at C:\Program Files\dotnet\sdk\10.0.103\Sdks\Microsoft.NET.Sdk.Razor\targets\Sdk.Razor.CurrentVersion.targets (326,5)
       C:\Program Files\dotnet\sdk\10.0.103\Sdks\Microsoft.NET.Sdk.Razor\targets\Sdk.Razor.CurrentVersion.targets(332,5): message : Property reassignment: $(_RazorDebugSymbolsProduced)="true" (previous value: "false") at C:\Program Files\dotnet\sdk\10.0.103\Sdks\Microsoft.NET.Sdk.Razor\targets\Sdk.Razor.CurrentVersion.targets (332,5)
       C:\Program Files\dotnet\sdk\10.0.103\Sdks\Microsoft.NET.Sdk\targets\Microsoft.NET.Sdk.DefaultItems.targets(45,5): message : Property reassignment: $(DefaultItemExcludes)=";bin\Debug\/**;obj\Debug\/**;bin\/**;obj\/**;**/*.user;**/*.*proj;**/*.sln;**/*.slnx;**/*.vssscc;**/.DS_Store" (previous value: ";bin\Debug\/**;obj\Debug\/**;bin\/**;obj\/**;**/*.user;**/*.*proj;**/*.sln;**/*.slnx;**/*.vssscc") at C:\Program Files\dotnet\sdk\10.0.103\Sdks\Microsoft.NET.Sdk\targets\Microsoft.NET.Sdk.DefaultItems.targets (45,5)
       C:\Program Files\dotnet\sdk\10.0.103\Sdks\Microsoft.NET.Sdk.Razor\targets\Microsoft.NET.Sdk.Razor.GenerateAssemblyInfo.targets(36,5): message : Property reassignment: $(GenerateRazorTargetAssemblyInfoDependsOn)="
       C:\Program Files\dotnet\sdk\10.0.103\Sdks\Microsoft.NET.Sdk.Razor\targets\Microsoft.NET.Sdk.Razor.GenerateAssemblyInfo.targets(36,5): message :       _ResolveMvcAssemblyAttributes;
       C:\Program Files\dotnet\sdk\10.0.103\Sdks\Microsoft.NET.Sdk.Razor\targets\Microsoft.NET.Sdk.Razor.GenerateAssemblyInfo.targets(36,5): message :       
       C:\Program Files\dotnet\sdk\10.0.103\Sdks\Microsoft.NET.Sdk.Razor\targets\Microsoft.NET.Sdk.Razor.GenerateAssemblyInfo.targets(36,5): message :       GetRazorTargetAssemblyAttributes;
       C:\Program Files\dotnet\sdk\10.0.103\Sdks\Microsoft.NET.Sdk.Razor\targets\Microsoft.NET.Sdk.Razor.GenerateAssemblyInfo.targets(36,5): message :       _CreateRazorTargetAssemblyInfoInputsCacheFile;
       C:\Program Files\dotnet\sdk\10.0.103\Sdks\Microsoft.NET.Sdk.Razor\targets\Microsoft.NET.Sdk.Razor.GenerateAssemblyInfo.targets(36,5): message :       CoreGenerateRazorTargetAssemblyInfo
       C:\Program Files\dotnet\sdk\10.0.103\Sdks\Microsoft.NET.Sdk.Razor\targets\Microsoft.NET.Sdk.Razor.GenerateAssemblyInfo.targets(36,5): message :     
       C:\Program Files\dotnet\sdk\10.0.103\Sdks\Microsoft.NET.Sdk.Razor\targets\Microsoft.NET.Sdk.Razor.GenerateAssemblyInfo.targets(36,5): message :     " (previous value: "
       C:\Program Files\dotnet\sdk\10.0.103\Sdks\Microsoft.NET.Sdk.Razor\targets\Microsoft.NET.Sdk.Razor.GenerateAssemblyInfo.targets(36,5): message :       GetRazorTargetAssemblyAttributes;
       C:\Program Files\dotnet\sdk\10.0.103\Sdks\Microsoft.NET.Sdk.Razor\targets\Microsoft.NET.Sdk.Razor.GenerateAssemblyInfo.targets(36,5): message :       _CreateRazorTargetAssemblyInfoInputsCacheFile;
       C:\Program Files\dotnet\sdk\10.0.103\Sdks\Microsoft.NET.Sdk.Razor\targets\Microsoft.NET.Sdk.Razor.GenerateAssemblyInfo.targets(36,5): message :       CoreGenerateRazorTargetAssemblyInfo
       C:\Program Files\dotnet\sdk\10.0.103\Sdks\Microsoft.NET.Sdk.Razor\targets\Microsoft.NET.Sdk.Razor.GenerateAssemblyInfo.targets(36,5): message :     ") at C:\Program Files\dotnet\sdk\10.0.103\Sdks\Microsoft.NET.Sdk.Razor\targets\Microsoft.NET.Sdk.Razor.GenerateAssemblyInfo.targets (36,5)
       C:\Program Files\dotnet\sdk\10.0.103\Sdks\Microsoft.NET.Sdk.Razor\targets\Microsoft.NET.Sdk.Razor.GenerateAssemblyInfo.targets(181,5): message : Property reassignment: $(CoreCompileDependsOn)="
       C:\Program Files\dotnet\sdk\10.0.103\Sdks\Microsoft.NET.Sdk.Razor\targets\Microsoft.NET.Sdk.Razor.GenerateAssemblyInfo.targets(181,5): message :       ;_ComputeNonExistentFileProperty;ResolveCodeAnalysisRuleSet;
       C:\Program Files\dotnet\sdk\10.0.103\Sdks\Microsoft.NET.Sdk.Razor\targets\Microsoft.NET.Sdk.Razor.GenerateAssemblyInfo.targets(181,5): message :       _GenerateRazorAssemblyInfo
       C:\Program Files\dotnet\sdk\10.0.103\Sdks\Microsoft.NET.Sdk.Razor\targets\Microsoft.NET.Sdk.Razor.GenerateAssemblyInfo.targets(181,5): message :     " (previous value: ";_ComputeNonExistentFileProperty;ResolveCodeAnalysisRuleSet") at C:\Program Files\dotnet\sdk\10.0.103\Sdks\Microsoft.NET.Sdk.Razor\targets\Microsoft.NET.Sdk.Razor.GenerateAssemblyInfo.targets (181,5)
       C:\Program Files\dotnet\sdk\10.0.103\Sdks\Microsoft.NET.Sdk\targets\Microsoft.NET.Sdk.FrameworkReferenceResolution.targets(14,5): message : Property reassignment: $(ResolveAssemblyReferencesDependsOn)="
       C:\Program Files\dotnet\sdk\10.0.103\Sdks\Microsoft.NET.Sdk\targets\Microsoft.NET.Sdk.FrameworkReferenceResolution.targets(14,5): message :       
       C:\Program Files\dotnet\sdk\10.0.103\Sdks\Microsoft.NET.Sdk\targets\Microsoft.NET.Sdk.FrameworkReferenceResolution.targets(14,5): message :       
       C:\Program Files\dotnet\sdk\10.0.103\Sdks\Microsoft.NET.Sdk\targets\Microsoft.NET.Sdk.FrameworkReferenceResolution.targets(14,5): message :       ResolveProjectReferences;
       C:\Program Files\dotnet\sdk\10.0.103\Sdks\Microsoft.NET.Sdk\targets\Microsoft.NET.Sdk.FrameworkReferenceResolution.targets(14,5): message :       FindInvalidProjectReferences;
       C:\Program Files\dotnet\sdk\10.0.103\Sdks\Microsoft.NET.Sdk\targets\Microsoft.NET.Sdk.FrameworkReferenceResolution.targets(14,5): message :       GetFrameworkPaths;
       C:\Program Files\dotnet\sdk\10.0.103\Sdks\Microsoft.NET.Sdk\targets\Microsoft.NET.Sdk.FrameworkReferenceResolution.targets(14,5): message :       GetReferenceAssemblyPaths;
       C:\Program Files\dotnet\sdk\10.0.103\Sdks\Microsoft.NET.Sdk\targets\Microsoft.NET.Sdk.FrameworkReferenceResolution.targets(14,5): message :       PrepareForBuild;
       C:\Program Files\dotnet\sdk\10.0.103\Sdks\Microsoft.NET.Sdk\targets\Microsoft.NET.Sdk.FrameworkReferenceResolution.targets(14,5): message :       ResolveSDKReferences;
       C:\Program Files\dotnet\sdk\10.0.103\Sdks\Microsoft.NET.Sdk\targets\Microsoft.NET.Sdk.FrameworkReferenceResolution.targets(14,5): message :       ExpandSDKReferences;
       C:\Program Files\dotnet\sdk\10.0.103\Sdks\Microsoft.NET.Sdk\targets\Microsoft.NET.Sdk.FrameworkReferenceResolution.targets(14,5): message :     ;
       C:\Program Files\dotnet\sdk\10.0.103\Sdks\Microsoft.NET.Sdk\targets\Microsoft.NET.Sdk.FrameworkReferenceResolution.targets(14,5): message :       ResolvePackageDependenciesForBuild;
       C:\Program Files\dotnet\sdk\10.0.103\Sdks\Microsoft.NET.Sdk\targets\Microsoft.NET.Sdk.FrameworkReferenceResolution.targets(14,5): message :       _HandlePackageFileConflicts;
       C:\Program Files\dotnet\sdk\10.0.103\Sdks\Microsoft.NET.Sdk\targets\Microsoft.NET.Sdk.FrameworkReferenceResolution.targets(14,5): message :     ;
       C:\Program Files\dotnet\sdk\10.0.103\Sdks\Microsoft.NET.Sdk\targets\Microsoft.NET.Sdk.FrameworkReferenceResolution.targets(14,5): message :       ResolveTargetingPackAssets;
       C:\Program Files\dotnet\sdk\10.0.103\Sdks\Microsoft.NET.Sdk\targets\Microsoft.NET.Sdk.FrameworkReferenceResolution.targets(14,5): message :     " (previous value: "
       C:\Program Files\dotnet\sdk\10.0.103\Sdks\Microsoft.NET.Sdk\targets\Microsoft.NET.Sdk.FrameworkReferenceResolution.targets(14,5): message :       
       C:\Program Files\dotnet\sdk\10.0.103\Sdks\Microsoft.NET.Sdk\targets\Microsoft.NET.Sdk.FrameworkReferenceResolution.targets(14,5): message :       ResolveProjectReferences;
       C:\Program Files\dotnet\sdk\10.0.103\Sdks\Microsoft.NET.Sdk\targets\Microsoft.NET.Sdk.FrameworkReferenceResolution.targets(14,5): message :       FindInvalidProjectReferences;
       C:\Program Files\dotnet\sdk\10.0.103\Sdks\Microsoft.NET.Sdk\targets\Microsoft.NET.Sdk.FrameworkReferenceResolution.targets(14,5): message :       GetFrameworkPaths;
       C:\Program Files\dotnet\sdk\10.0.103\Sdks\Microsoft.NET.Sdk\targets\Microsoft.NET.Sdk.FrameworkReferenceResolution.targets(14,5): message :       GetReferenceAssemblyPaths;
       C:\Program Files\dotnet\sdk\10.0.103\Sdks\Microsoft.NET.Sdk\targets\Microsoft.NET.Sdk.FrameworkReferenceResolution.targets(14,5): message :       PrepareForBuild;
       C:\Program Files\dotnet\sdk\10.0.103\Sdks\Microsoft.NET.Sdk\targets\Microsoft.NET.Sdk.FrameworkReferenceResolution.targets(14,5): message :       ResolveSDKReferences;
       C:\Program Files\dotnet\sdk\10.0.103\Sdks\Microsoft.NET.Sdk\targets\Microsoft.NET.Sdk.FrameworkReferenceResolution.targets(14,5): message :       ExpandSDKReferences;
       C:\Program Files\dotnet\sdk\10.0.103\Sdks\Microsoft.NET.Sdk\targets\Microsoft.NET.Sdk.FrameworkReferenceResolution.targets(14,5): message :     ;
       C:\Program Files\dotnet\sdk\10.0.103\Sdks\Microsoft.NET.Sdk\targets\Microsoft.NET.Sdk.FrameworkReferenceResolution.targets(14,5): message :       ResolvePackageDependenciesForBuild;
       C:\Program Files\dotnet\sdk\10.0.103\Sdks\Microsoft.NET.Sdk\targets\Microsoft.NET.Sdk.FrameworkReferenceResolution.targets(14,5): message :       _HandlePackageFileConflicts;
       C:\Program Files\dotnet\sdk\10.0.103\Sdks\Microsoft.NET.Sdk\targets\Microsoft.NET.Sdk.FrameworkReferenceResolution.targets(14,5): message :     ") at C:\Program Files\dotnet\sdk\10.0.103\Sdks\Microsoft.NET.Sdk\targets\Microsoft.NET.Sdk.FrameworkReferenceResolution.targets (14,5)
       C:\Program Files\dotnet\sdk\10.0.103\Sdks\Microsoft.NET.Sdk.Razor\targets\Microsoft.NET.Sdk.Razor.GenerateAssemblyInfo.targets(189,5): message : Property reassignment: $(_GenerateRazorAssemblyInfoDependsOn)="
       C:\Program Files\dotnet\sdk\10.0.103\Sdks\Microsoft.NET.Sdk.Razor\targets\Microsoft.NET.Sdk.Razor.GenerateAssemblyInfo.targets(189,5): message :       _ResolveMvcAssemblyAttributes;
       C:\Program Files\dotnet\sdk\10.0.103\Sdks\Microsoft.NET.Sdk.Razor\targets\Microsoft.NET.Sdk.Razor.GenerateAssemblyInfo.targets(189,5): message :       RazorGetAssemblyAttributes;PrepareForBuild;_CoreGenerateRazorAssemblyInfo;
       C:\Program Files\dotnet\sdk\10.0.103\Sdks\Microsoft.NET.Sdk.Razor\targets\Microsoft.NET.Sdk.Razor.GenerateAssemblyInfo.targets(189,5): message :     " (previous value: "RazorGetAssemblyAttributes;PrepareForBuild;_CoreGenerateRazorAssemblyInfo") at C:\Program Files\dotnet\sdk\10.0.103\Sdks\Microsoft.NET.Sdk.Razor\targets\Microsoft.NET.Sdk.Razor.GenerateAssemblyInfo.targets (189,5)
       C:\Program Files\dotnet\sdk\10.0.103\Sdks\Microsoft.NET.Sdk\targets\Microsoft.NET.Sdk.targets(44,5): message : Property reassignment: $(_GenerateRuntimeConfigurationPropertyInputsCache)="c:\Apps\TicketConsolidator\src\TicketConsolidator.UI\obj\Debug\net10.0-windows\TicketConsolidator.UI.genruntimeconfig.cache" (previous value: "obj\Debug\net10.0-windows\TicketConsolidator.UI.genruntimeconfig.cache") at C:\Program Files\dotnet\sdk\10.0.103\Sdks\Microsoft.NET.Sdk\targets\Microsoft.NET.Sdk.targets (44,5)
       C:\Program Files\dotnet\sdk\10.0.103\Sdks\Microsoft.NET.Sdk.Razor\targets\Microsoft.NET.Sdk.Razor.MvcApplicationPartsDiscovery.targets(22,5): message : Property reassignment: $(CoreCompileDependsOn)="
       C:\Program Files\dotnet\sdk\10.0.103\Sdks\Microsoft.NET.Sdk.Razor\targets\Microsoft.NET.Sdk.Razor.MvcApplicationPartsDiscovery.targets(22,5): message :       _DiscoverMvcApplicationParts;
       C:\Program Files\dotnet\sdk\10.0.103\Sdks\Microsoft.NET.Sdk.Razor\targets\Microsoft.NET.Sdk.Razor.MvcApplicationPartsDiscovery.targets(22,5): message :       
       C:\Program Files\dotnet\sdk\10.0.103\Sdks\Microsoft.NET.Sdk.Razor\targets\Microsoft.NET.Sdk.Razor.MvcApplicationPartsDiscovery.targets(22,5): message :       ;_ComputeNonExistentFileProperty;ResolveCodeAnalysisRuleSet;
       C:\Program Files\dotnet\sdk\10.0.103\Sdks\Microsoft.NET.Sdk.Razor\targets\Microsoft.NET.Sdk.Razor.MvcApplicationPartsDiscovery.targets(22,5): message :       _GenerateRazorAssemblyInfo
       C:\Program Files\dotnet\sdk\10.0.103\Sdks\Microsoft.NET.Sdk.Razor\targets\Microsoft.NET.Sdk.Razor.MvcApplicationPartsDiscovery.targets(22,5): message :     ;
       C:\Program Files\dotnet\sdk\10.0.103\Sdks\Microsoft.NET.Sdk.Razor\targets\Microsoft.NET.Sdk.Razor.MvcApplicationPartsDiscovery.targets(22,5): message :     " (previous value: "
       C:\Program Files\dotnet\sdk\10.0.103\Sdks\Microsoft.NET.Sdk.Razor\targets\Microsoft.NET.Sdk.Razor.MvcApplicationPartsDiscovery.targets(22,5): message :       ;_ComputeNonExistentFileProperty;ResolveCodeAnalysisRuleSet;
       C:\Program Files\dotnet\sdk\10.0.103\Sdks\Microsoft.NET.Sdk.Razor\targets\Microsoft.NET.Sdk.Razor.MvcApplicationPartsDiscovery.targets(22,5): message :       _GenerateRazorAssemblyInfo
       C:\Program Files\dotnet\sdk\10.0.103\Sdks\Microsoft.NET.Sdk.Razor\targets\Microsoft.NET.Sdk.Razor.MvcApplicationPartsDiscovery.targets(22,5): message :     ") at C:\Program Files\dotnet\sdk\10.0.103\Sdks\Microsoft.NET.Sdk.Razor\targets\Microsoft.NET.Sdk.Razor.MvcApplicationPartsDiscovery.targets (22,5)
       C:\Program Files\dotnet\sdk\10.0.103\Sdks\Microsoft.NET.Sdk.Razor\targets\Sdk.Razor.CurrentVersion.targets(884,5): message : Property reassignment: $(RazorDesignTimeTargets)="C:\Program Files\dotnet\sdk\10.0.103\Sdks\Microsoft.NET.Sdk.Razor\targets\Microsoft.NET.Sdk.Razor.DesignTime.targets" (previous value: "C:\Program Files\dotnet\sdk\10.0.103\\Microsoft\VisualStudio\Razor\Microsoft.NET.Sdk.Razor.DesignTime.targets") at C:\Program Files\dotnet\sdk\10.0.103\Sdks\Microsoft.NET.Sdk.Razor\targets\Sdk.Razor.CurrentVersion.targets (884,5)
       C:\Program Files\dotnet\sdk\10.0.103\Sdks\Microsoft.NET.Sdk\targets\Microsoft.NET.Sdk.targets(46,5): message : Property reassignment: $(_GeneratePublishDependencyFilePropertyInputsCache)="c:\Apps\TicketConsolidator\src\TicketConsolidator.UI\obj\Debug\net10.0-windows\TicketConsolidator.UI.genpublishdeps.cache" (previous value: "obj\Debug\net10.0-windows\TicketConsolidator.UI.genpublishdeps.cache") at C:\Program Files\dotnet\sdk\10.0.103\Sdks\Microsoft.NET.Sdk\targets\Microsoft.NET.Sdk.targets (46,5)
       C:\Program Files\dotnet\sdk\10.0.103\Sdks\Microsoft.NET.Sdk.Web.ProjectSystem\targets\Microsoft.NET.Sdk.Web.ProjectSystem.targets(21,5): message : Property reassignment: $(RunWorkingDirectory)="c:\Apps\TicketConsolidator\src\TicketConsolidator.Web" (previous value: "") at C:\Program Files\dotnet\sdk\10.0.103\Sdks\Microsoft.NET.Sdk.Web.ProjectSystem\targets\Microsoft.NET.Sdk.Web.ProjectSystem.targets (21,5)
       C:\Program Files\dotnet\sdk\10.0.103\Sdks\Microsoft.NET.Sdk\targets\Microsoft.NET.Sdk.targets(48,5): message : Property reassignment: $(_GenerateSingleFileBundlePropertyInputsCache)="c:\Apps\TicketConsolidator\src\TicketConsolidator.UI\obj\Debug\net10.0-windows\TicketConsolidator.UI.genbundle.cache" (previous value: "obj\Debug\net10.0-windows\TicketConsolidator.UI.genbundle.cache") at C:\Program Files\dotnet\sdk\10.0.103\Sdks\Microsoft.NET.Sdk\targets\Microsoft.NET.Sdk.targets (48,5)
       C:\Program Files\dotnet\sdk\10.0.103\Sdks\Microsoft.NET.Sdk.Publish\targets\Microsoft.NET.Sdk.Publish.targets(60,5): message : Property reassignment: $(PublishProfileImported)="true" (previous value: "false") at C:\Program Files\dotnet\sdk\10.0.103\Sdks\Microsoft.NET.Sdk.Publish\targets\Microsoft.NET.Sdk.Publish.targets (60,5)
       C:\Program Files\dotnet\sdk\10.0.103\Sdks\Microsoft.NET.Sdk\targets\Microsoft.NET.Sdk.targets(81,5): message : Property reassignment: $(GenerateRuntimeConfigDevFile)="false" (previous value: "true") at C:\Program Files\dotnet\sdk\10.0.103\Sdks\Microsoft.NET.Sdk\targets\Microsoft.NET.Sdk.targets (81,5)
       C:\Program Files\dotnet\sdk\10.0.103\Sdks\Microsoft.NET.Sdk.Publish\targets\Microsoft.NET.Sdk.Publish.targets(81,5): message : Property reassignment: $(PublishConfiguration)="Debug" (previous value: "") at C:\Program Files\dotnet\sdk\10.0.103\Sdks\Microsoft.NET.Sdk.Publish\targets\Microsoft.NET.Sdk.Publish.targets (81,5)
       C:\Program Files\dotnet\sdk\10.0.103\Sdks\Microsoft.NET.Sdk.Publish\targets\Microsoft.NET.Sdk.Publish.targets(87,5): message : Property reassignment: $(BaseIntermediateOutputPath)="c:\Apps\TicketConsolidator\src\TicketConsolidator.Web\obj\" (previous value: "obj\") at C:\Program Files\dotnet\sdk\10.0.103\Sdks\Microsoft.NET.Sdk.Publish\targets\Microsoft.NET.Sdk.Publish.targets (87,5)
       C:\Program Files\dotnet\sdk\10.0.103\Sdks\Microsoft.NET.Sdk\targets\Microsoft.NET.Sdk.targets(98,5): message : Property reassignment: $(_DefaultUserProfileRuntimeStorePath)="C:\Users\krish.maniar.ATPL-LAP-723" (previous value: "") at C:\Program Files\dotnet\sdk\10.0.103\Sdks\Microsoft.NET.Sdk\targets\Microsoft.NET.Sdk.targets (98,5)
   1:2>Project "c:\Apps\TicketConsolidator\TicketConsolidator.sln" (1:2) is building "c:\Apps\TicketConsolidator\tests\TicketConsolidator.UnitTests\TicketConsolidator.UnitTests.csproj" (3:6) on node 5 (default targets).
   3:6>Target "NETStandardCompatError_Microsoft_Extensions_Configuration_Binder" in file "C:\Users\krish.maniar.ATPL-LAP-723\.nuget\packages\microsoft.extensions.configuration.binder\10.0.1\buildTransitive\netstandard2.0\Microsoft.Extensions.Configuration.Binder.targets" from project "c:\Apps\TicketConsolidator\tests\TicketConsolidator.UnitTests\TicketConsolidator.UnitTests.csproj" (entry point):
   3:6>Done building target "NETStandardCompatError_Microsoft_Extensions_Configuration_Binder" in project "TicketConsolidator.UnitTests.csproj".
     0>C:\Program Files\dotnet\sdk\10.0.103\Sdks\Microsoft.NET.Sdk\targets\Microsoft.NET.Sdk.targets(99,5): message : Property reassignment: $(_DefaultUserProfileRuntimeStorePath)="C:\Users\krish.maniar.ATPL-LAP-723\.dotnet\store" (previous value: "C:\Users\krish.maniar.ATPL-LAP-723") at C:\Program Files\dotnet\sdk\10.0.103\Sdks\Microsoft.NET.Sdk\targets\Microsoft.NET.Sdk.targets (99,5)
   3:6>Target "GenerateProgramFile" in file "C:\Users\krish.maniar.ATPL-LAP-723\.nuget\packages\microsoft.net.test.sdk\17.14.1\build\net8.0\Microsoft.NET.Test.Sdk.targets" from project "c:\Apps\TicketConsolidator\tests\TicketConsolidator.UnitTests\TicketConsolidator.UnitTests.csproj" (entry point):
   3:6>Done building target "GenerateProgramFile" in project "TicketConsolidator.UnitTests.csproj".
     0>C:\Program Files\dotnet\sdk\10.0.103\Sdks\Microsoft.NET.Sdk\targets\Microsoft.NET.Sdk.targets(144,5): message : Property reassignment: $(AvailablePlatforms)="Any CPU,x86,x64,ARM32" (previous value: "Any CPU,x86,x64") at C:\Program Files\dotnet\sdk\10.0.103\Sdks\Microsoft.NET.Sdk\targets\Microsoft.NET.Sdk.targets (144,5)
       C:\Program Files\dotnet\sdk\10.0.103\Sdks\Microsoft.NET.Sdk\targets\Microsoft.NET.Sdk.targets(148,5): message : Property reassignment: $(AvailablePlatforms)="Any CPU,x86,x64,ARM32,ARM64" (previous value: "Any CPU,x86,x64,ARM32") at C:\Program Files\dotnet\sdk\10.0.103\Sdks\Microsoft.NET.Sdk\targets\Microsoft.NET.Sdk.targets (148,5)
   3:6>Target "_CollectTargetFrameworkForTelemetry" in file "C:\Program Files\dotnet\sdk\10.0.103\Sdks\Microsoft.NET.Sdk\targets\Microsoft.NET.TargetFrameworkInference.targets" from project "c:\Apps\TicketConsolidator\tests\TicketConsolidator.UnitTests\TicketConsolidator.UnitTests.csproj" (target "_CheckForInvalidConfigurationAndPlatform" depends on it):
   3:6>Using "AllowEmptyTelemetry" task from assembly "C:\Program Files\dotnet\sdk\10.0.103\Sdks\Microsoft.NET.Sdk\targets\..\tools\net10.0\Microsoft.NET.Build.Tasks.dll".
     0>C:\Program Files\dotnet\sdk\10.0.103\Sdks\Microsoft.NET.Sdk\targets\Microsoft.NET.Sdk.targets(204,5): message : Property reassignment: $(CoreBuildDependsOn)="
C:\Program Files\dotnet\sdk\10.0.103\Sdks\Microsoft.NET.Sdk\targets\Microsoft.NET.Sdk.targets(204,5): message :       _CheckForBuildWithNoBuild;
C:\Program Files\dotnet\sdk\10.0.103\Sdks\Microsoft.NET.Sdk\targets\Microsoft.NET.Sdk.targets(204,5): message :       
C:\Program Files\dotnet\sdk\10.0.103\Sdks\Microsoft.NET.Sdk\targets\Microsoft.NET.Sdk.targets(204,5): message :       BuildOnlySettings;
C:\Program Files\dotnet\sdk\10.0.103\Sdks\Microsoft.NET.Sdk\targets\Microsoft.NET.Sdk.targets(204,5): message :       PrepareForBuild;
C:\Program Files\dotnet\sdk\10.0.103\Sdks\Microsoft.NET.Sdk\targets\Microsoft.NET.Sdk.targets(204,5): message :       PreBuildEvent;
C:\Program Files\dotnet\sdk\10.0.103\Sdks\Microsoft.NET.Sdk\targets\Microsoft.NET.Sdk.targets(204,5): message :       ResolveReferences;
C:\Program Files\dotnet\sdk\10.0.103\Sdks\Microsoft.NET.Sdk\targets\Microsoft.NET.Sdk.targets(204,5): message :       PrepareResources;
C:\Program Files\dotnet\sdk\10.0.103\Sdks\Microsoft.NET.Sdk\targets\Microsoft.NET.Sdk.targets(204,5): message :       ResolveKeySource;
C:\Program Files\dotnet\sdk\10.0.103\Sdks\Microsoft.NET.Sdk\targets\Microsoft.NET.Sdk.targets(204,5): message :       Compile;
C:\Program Files\dotnet\sdk\10.0.103\Sdks\Microsoft.NET.Sdk\targets\Microsoft.NET.Sdk.targets(204,5): message :       ExportWindowsMDFile;
C:\Program Files\dotnet\sdk\10.0.103\Sdks\Microsoft.NET.Sdk\targets\Microsoft.NET.Sdk.targets(204,5): message :       UnmanagedUnregistration;
C:\Program Files\dotnet\sdk\10.0.103\Sdks\Microsoft.NET.Sdk\targets\Microsoft.NET.Sdk.targets(204,5): message :       GenerateSerializationAssemblies;
C:\Program Files\dotnet\sdk\10.0.103\Sdks\Microsoft.NET.Sdk\targets\Microsoft.NET.Sdk.targets(204,5): message :       CreateSatelliteAssemblies;
C:\Program Files\dotnet\sdk\10.0.103\Sdks\Microsoft.NET.Sdk\targets\Microsoft.NET.Sdk.targets(204,5): message :       GenerateManifests;
C:\Program Files\dotnet\sdk\10.0.103\Sdks\Microsoft.NET.Sdk\targets\Microsoft.NET.Sdk.targets(204,5): message :       GetTargetPath;
C:\Program Files\dotnet\sdk\10.0.103\Sdks\Microsoft.NET.Sdk\targets\Microsoft.NET.Sdk.targets(204,5): message :       PrepareForRun;
C:\Program Files\dotnet\sdk\10.0.103\Sdks\Microsoft.NET.Sdk\targets\Microsoft.NET.Sdk.targets(204,5): message :       UnmanagedRegistration;
C:\Program Files\dotnet\sdk\10.0.103\Sdks\Microsoft.NET.Sdk\targets\Microsoft.NET.Sdk.targets(204,5): message :       IncrementalClean;
C:\Program Files\dotnet\sdk\10.0.103\Sdks\Microsoft.NET.Sdk\targets\Microsoft.NET.Sdk.targets(204,5): message :       PostBuildEvent
C:\Program Files\dotnet\sdk\10.0.103\Sdks\Microsoft.NET.Sdk\targets\Microsoft.NET.Sdk.targets(204,5): message :     ;
C:\Program Files\dotnet\sdk\10.0.103\Sdks\Microsoft.NET.Sdk\targets\Microsoft.NET.Sdk.targets(204,5): message :       GenerateBuildDependencyFile;
C:\Program Files\dotnet\sdk\10.0.103\Sdks\Microsoft.NET.Sdk\targets\Microsoft.NET.Sdk.targets(204,5): message :       GenerateBuildRuntimeConfigurationFiles
C:\Program Files\dotnet\sdk\10.0.103\Sdks\Microsoft.NET.Sdk\targets\Microsoft.NET.Sdk.targets(204,5): message :     " (previous value: "
C:\Program Files\dotnet\sdk\10.0.103\Sdks\Microsoft.NET.Sdk\targets\Microsoft.NET.Sdk.targets(204,5): message :       BuildOnlySettings;
C:\Program Files\dotnet\sdk\10.0.103\Sdks\Microsoft.NET.Sdk\targets\Microsoft.NET.Sdk.targets(204,5): message :       PrepareForBuild;
C:\Program Files\dotnet\sdk\10.0.103\Sdks\Microsoft.NET.Sdk\targets\Microsoft.NET.Sdk.targets(204,5): message :       PreBuildEvent;
C:\Program Files\dotnet\sdk\10.0.103\Sdks\Microsoft.NET.Sdk\targets\Microsoft.NET.Sdk.targets(204,5): message :       ResolveReferences;
C:\Program Files\dotnet\sdk\10.0.103\Sdks\Microsoft.NET.Sdk\targets\Microsoft.NET.Sdk.targets(204,5): message :       PrepareResources;
C:\Program Files\dotnet\sdk\10.0.103\Sdks\Microsoft.NET.Sdk\targets\Microsoft.NET.Sdk.targets(204,5): message :       ResolveKeySource;
C:\Program Files\dotnet\sdk\10.0.103\Sdks\Microsoft.NET.Sdk\targets\Microsoft.NET.Sdk.targets(204,5): message :       Compile;
C:\Program Files\dotnet\sdk\10.0.103\Sdks\Microsoft.NET.Sdk\targets\Microsoft.NET.Sdk.targets(204,5): message :       ExportWindowsMDFile;
C:\Program Files\dotnet\sdk\10.0.103\Sdks\Microsoft.NET.Sdk\targets\Microsoft.NET.Sdk.targets(204,5): message :       UnmanagedUnregistration;
C:\Program Files\dotnet\sdk\10.0.103\Sdks\Microsoft.NET.Sdk\targets\Microsoft.NET.Sdk.targets(204,5): message :       GenerateSerializationAssemblies;
C:\Program Files\dotnet\sdk\10.0.103\Sdks\Microsoft.NET.Sdk\targets\Microsoft.NET.Sdk.targets(204,5): message :       CreateSatelliteAssemblies;
C:\Program Files\dotnet\sdk\10.0.103\Sdks\Microsoft.NET.Sdk\targets\Microsoft.NET.Sdk.targets(204,5): message :       GenerateManifests;
C:\Program Files\dotnet\sdk\10.0.103\Sdks\Microsoft.NET.Sdk\targets\Microsoft.NET.Sdk.targets(204,5): message :       GetTargetPath;
C:\Program Files\dotnet\sdk\10.0.103\Sdks\Microsoft.NET.Sdk\targets\Microsoft.NET.Sdk.targets(204,5): message :       PrepareForRun;
C:\Program Files\dotnet\sdk\10.0.103\Sdks\Microsoft.NET.Sdk\targets\Microsoft.NET.Sdk.targets(204,5): message :       UnmanagedRegistration;
C:\Program Files\dotnet\sdk\10.0.103\Sdks\Microsoft.NET.Sdk\targets\Microsoft.NET.Sdk.targets(204,5): message :       IncrementalClean;
C:\Program Files\dotnet\sdk\10.0.103\Sdks\Microsoft.NET.Sdk\targets\Microsoft.NET.Sdk.targets(204,5): message :       PostBuildEvent
C:\Program Files\dotnet\sdk\10.0.103\Sdks\Microsoft.NET.Sdk\targets\Microsoft.NET.Sdk.targets(204,5): message :     ") at C:\Program Files\dotnet\sdk\10.0.103\Sdks\Microsoft.NET.Sdk\targets\Microsoft.NET.Sdk.targets (204,5)
   3:6>Task "AllowEmptyTelemetry"
     0>C:\Program Files\dotnet\sdk\10.0.103\Sdks\Microsoft.NET.Sdk\targets\Microsoft.NET.Sdk.targets(213,5): message : Property reassignment: $(CoreCleanDependsOn)="
C:\Program Files\dotnet\sdk\10.0.103\Sdks\Microsoft.NET.Sdk\targets\Microsoft.NET.Sdk.targets(213,5): message :       _SdkBeforeClean;
C:\Program Files\dotnet\sdk\10.0.103\Sdks\Microsoft.NET.Sdk\targets\Microsoft.NET.Sdk.targets(213,5): message :       
C:\Program Files\dotnet\sdk\10.0.103\Sdks\Microsoft.NET.Sdk\targets\Microsoft.NET.Sdk.targets(213,5): message :     " (previous value: "") at C:\Program Files\dotnet\sdk\10.0.103\Sdks\Microsoft.NET.Sdk\targets\Microsoft.NET.Sdk.targets (213,5)
       C:\Program Files\dotnet\sdk\10.0.103\Sdks\Microsoft.NET.Sdk\targets\Microsoft.NET.Sdk.targets(220,5): message : Property reassignment: $(RebuildDependsOn)="
       C:\Program Files\dotnet\sdk\10.0.103\Sdks\Microsoft.NET.Sdk\targets\Microsoft.NET.Sdk.targets(220,5): message :       _SdkBeforeRebuild;
       C:\Program Files\dotnet\sdk\10.0.103\Sdks\Microsoft.NET.Sdk\targets\Microsoft.NET.Sdk.targets(220,5): message :       
       C:\Program Files\dotnet\sdk\10.0.103\Sdks\Microsoft.NET.Sdk\targets\Microsoft.NET.Sdk.targets(220,5): message :       BeforeRebuild;
       C:\Program Files\dotnet\sdk\10.0.103\Sdks\Microsoft.NET.Sdk\targets\Microsoft.NET.Sdk.targets(220,5): message :       Clean;
       C:\Program Files\dotnet\sdk\10.0.103\Sdks\Microsoft.NET.Sdk\targets\Microsoft.NET.Sdk.targets(220,5): message :       Build;
       C:\Program Files\dotnet\sdk\10.0.103\Sdks\Microsoft.NET.Sdk\targets\Microsoft.NET.Sdk.targets(220,5): message :       AfterRebuild;
       C:\Program Files\dotnet\sdk\10.0.103\Sdks\Microsoft.NET.Sdk\targets\Microsoft.NET.Sdk.targets(220,5): message :     
       C:\Program Files\dotnet\sdk\10.0.103\Sdks\Microsoft.NET.Sdk\targets\Microsoft.NET.Sdk.targets(220,5): message :     " (previous value: "
       C:\Program Files\dotnet\sdk\10.0.103\Sdks\Microsoft.NET.Sdk\targets\Microsoft.NET.Sdk.targets(220,5): message :       BeforeRebuild;
       C:\Program Files\dotnet\sdk\10.0.103\Sdks\Microsoft.NET.Sdk\targets\Microsoft.NET.Sdk.targets(220,5): message :       Clean;
       C:\Program Files\dotnet\sdk\10.0.103\Sdks\Microsoft.NET.Sdk\targets\Microsoft.NET.Sdk.targets(220,5): message :       Build;
       C:\Program Files\dotnet\sdk\10.0.103\Sdks\Microsoft.NET.Sdk\targets\Microsoft.NET.Sdk.targets(220,5): message :       AfterRebuild;
       C:\Program Files\dotnet\sdk\10.0.103\Sdks\Microsoft.NET.Sdk\targets\Microsoft.NET.Sdk.targets(220,5): message :     ") at C:\Program Files\dotnet\sdk\10.0.103\Sdks\Microsoft.NET.Sdk\targets\Microsoft.NET.Sdk.targets (220,5)
       C:\Program Files\dotnet\sdk\10.0.103\Sdks\Microsoft.NET.Sdk\targets\Microsoft.NET.Sdk.targets(799,5): message : Property reassignment: $(CompileDependsOn)="
       C:\Program Files\dotnet\sdk\10.0.103\Sdks\Microsoft.NET.Sdk\targets\Microsoft.NET.Sdk.targets(799,5): message :       
       C:\Program Files\dotnet\sdk\10.0.103\Sdks\Microsoft.NET.Sdk\targets\Microsoft.NET.Sdk.targets(799,5): message :       ResolveReferences;
       C:\Program Files\dotnet\sdk\10.0.103\Sdks\Microsoft.NET.Sdk\targets\Microsoft.NET.Sdk.targets(799,5): message :       ResolveKeySource;
       C:\Program Files\dotnet\sdk\10.0.103\Sdks\Microsoft.NET.Sdk\targets\Microsoft.NET.Sdk.targets(799,5): message :       SetWin32ManifestProperties;
       C:\Program Files\dotnet\sdk\10.0.103\Sdks\Microsoft.NET.Sdk\targets\Microsoft.NET.Sdk.targets(799,5): message :       _SetPreferNativeArm64Win32ManifestProperties;
       C:\Program Files\dotnet\sdk\10.0.103\Sdks\Microsoft.NET.Sdk\targets\Microsoft.NET.Sdk.targets(799,5): message :       FindReferenceAssembliesForReferences;
       C:\Program Files\dotnet\sdk\10.0.103\Sdks\Microsoft.NET.Sdk\targets\Microsoft.NET.Sdk.targets(799,5): message :       _GenerateCompileInputs;
       C:\Program Files\dotnet\sdk\10.0.103\Sdks\Microsoft.NET.Sdk\targets\Microsoft.NET.Sdk.targets(799,5): message :       BeforeCompile;
       C:\Program Files\dotnet\sdk\10.0.103\Sdks\Microsoft.NET.Sdk\targets\Microsoft.NET.Sdk.targets(799,5): message :       _TimeStampBeforeCompile;
       C:\Program Files\dotnet\sdk\10.0.103\Sdks\Microsoft.NET.Sdk\targets\Microsoft.NET.Sdk.targets(799,5): message :       _GenerateCompileDependencyCache;
       C:\Program Files\dotnet\sdk\10.0.103\Sdks\Microsoft.NET.Sdk\targets\Microsoft.NET.Sdk.targets(799,5): message :       CoreCompile;
       C:\Program Files\dotnet\sdk\10.0.103\Sdks\Microsoft.NET.Sdk\targets\Microsoft.NET.Sdk.targets(799,5): message :       _TimeStampAfterCompile;
       C:\Program Files\dotnet\sdk\10.0.103\Sdks\Microsoft.NET.Sdk\targets\Microsoft.NET.Sdk.targets(799,5): message :       AfterCompile;
       C:\Program Files\dotnet\sdk\10.0.103\Sdks\Microsoft.NET.Sdk\targets\Microsoft.NET.Sdk.targets(799,5): message :     ;
       C:\Program Files\dotnet\sdk\10.0.103\Sdks\Microsoft.NET.Sdk\targets\Microsoft.NET.Sdk.targets(799,5): message :       _CreateAppHost;
       C:\Program Files\dotnet\sdk\10.0.103\Sdks\Microsoft.NET.Sdk\targets\Microsoft.NET.Sdk.targets(799,5): message :       _CreateComHost;
       C:\Program Files\dotnet\sdk\10.0.103\Sdks\Microsoft.NET.Sdk\targets\Microsoft.NET.Sdk.targets(799,5): message :       _GetIjwHostPaths;
       C:\Program Files\dotnet\sdk\10.0.103\Sdks\Microsoft.NET.Sdk\targets\Microsoft.NET.Sdk.targets(799,5): message :     " (previous value: "
       C:\Program Files\dotnet\sdk\10.0.103\Sdks\Microsoft.NET.Sdk\targets\Microsoft.NET.Sdk.targets(799,5): message :       ResolveReferences;
       C:\Program Files\dotnet\sdk\10.0.103\Sdks\Microsoft.NET.Sdk\targets\Microsoft.NET.Sdk.targets(799,5): message :       ResolveKeySource;
       C:\Program Files\dotnet\sdk\10.0.103\Sdks\Microsoft.NET.Sdk\targets\Microsoft.NET.Sdk.targets(799,5): message :       SetWin32ManifestProperties;
       C:\Program Files\dotnet\sdk\10.0.103\Sdks\Microsoft.NET.Sdk\targets\Microsoft.NET.Sdk.targets(799,5): message :       _SetPreferNativeArm64Win32ManifestProperties;
       C:\Program Files\dotnet\sdk\10.0.103\Sdks\Microsoft.NET.Sdk\targets\Microsoft.NET.Sdk.targets(799,5): message :       FindReferenceAssembliesForReferences;
       C:\Program Files\dotnet\sdk\10.0.103\Sdks\Microsoft.NET.Sdk\targets\Microsoft.NET.Sdk.targets(799,5): message :       _GenerateCompileInputs;
       C:\Program Files\dotnet\sdk\10.0.103\Sdks\Microsoft.NET.Sdk\targets\Microsoft.NET.Sdk.targets(799,5): message :       BeforeCompile;
       C:\Program Files\dotnet\sdk\10.0.103\Sdks\Microsoft.NET.Sdk\targets\Microsoft.NET.Sdk.targets(799,5): message :       _TimeStampBeforeCompile;
       C:\Program Files\dotnet\sdk\10.0.103\Sdks\Microsoft.NET.Sdk\targets\Microsoft.NET.Sdk.targets(799,5): message :       _GenerateCompileDependencyCache;
       C:\Program Files\dotnet\sdk\10.0.103\Sdks\Microsoft.NET.Sdk\targets\Microsoft.NET.Sdk.targets(799,5): message :       CoreCompile;
       C:\Program Files\dotnet\sdk\10.0.103\Sdks\Microsoft.NET.Sdk\targets\Microsoft.NET.Sdk.targets(799,5): message :       _TimeStampAfterCompile;
       C:\Program Files\dotnet\sdk\10.0.103\Sdks\Microsoft.NET.Sdk\targets\Microsoft.NET.Sdk.targets(799,5): message :       AfterCompile;
       C:\Program Files\dotnet\sdk\10.0.103\Sdks\Microsoft.NET.Sdk\targets\Microsoft.NET.Sdk.targets(799,5): message :     ") at C:\Program Files\dotnet\sdk\10.0.103\Sdks\Microsoft.NET.Sdk\targets\Microsoft.NET.Sdk.targets (799,5)
   3:6>Done executing task "AllowEmptyTelemetry".
   3:6>Done building target "_CollectTargetFrameworkForTelemetry" in project "TicketConsolidator.UnitTests.csproj".
     0>C:\Program Files\dotnet\sdk\10.0.103\Sdks\Microsoft.NET.Sdk\targets\Microsoft.NET.Sdk.targets(1131,5): message : Property reassignment: $(CreateSatelliteAssembliesDependsOn)="
C:\Program Files\dotnet\sdk\10.0.103\Sdks\Microsoft.NET.Sdk\targets\Microsoft.NET.Sdk.targets(1131,5): message :       
C:\Program Files\dotnet\sdk\10.0.103\Sdks\Microsoft.NET.Sdk\targets\Microsoft.NET.Sdk.targets(1131,5): message :       ;
C:\Program Files\dotnet\sdk\10.0.103\Sdks\Microsoft.NET.Sdk\targets\Microsoft.NET.Sdk.targets(1131,5): message :       _GenerateSatelliteAssemblyInputs;
C:\Program Files\dotnet\sdk\10.0.103\Sdks\Microsoft.NET.Sdk\targets\Microsoft.NET.Sdk.targets(1131,5): message :       ComputeIntermediateSatelliteAssemblies;
C:\Program Files\dotnet\sdk\10.0.103\Sdks\Microsoft.NET.Sdk\targets\Microsoft.NET.Sdk.targets(1131,5): message :       GenerateSatelliteAssemblies
C:\Program Files\dotnet\sdk\10.0.103\Sdks\Microsoft.NET.Sdk\targets\Microsoft.NET.Sdk.targets(1131,5): message :     ;
C:\Program Files\dotnet\sdk\10.0.103\Sdks\Microsoft.NET.Sdk\targets\Microsoft.NET.Sdk.targets(1131,5): message :       CoreGenerateSatelliteAssemblies
C:\Program Files\dotnet\sdk\10.0.103\Sdks\Microsoft.NET.Sdk\targets\Microsoft.NET.Sdk.targets(1131,5): message :     " (previous value: "
C:\Program Files\dotnet\sdk\10.0.103\Sdks\Microsoft.NET.Sdk\targets\Microsoft.NET.Sdk.targets(1131,5): message :       ;
C:\Program Files\dotnet\sdk\10.0.103\Sdks\Microsoft.NET.Sdk\targets\Microsoft.NET.Sdk.targets(1131,5): message :       _GenerateSatelliteAssemblyInputs;
C:\Program Files\dotnet\sdk\10.0.103\Sdks\Microsoft.NET.Sdk\targets\Microsoft.NET.Sdk.targets(1131,5): message :       ComputeIntermediateSatelliteAssemblies;
C:\Program Files\dotnet\sdk\10.0.103\Sdks\Microsoft.NET.Sdk\targets\Microsoft.NET.Sdk.targets(1131,5): message :       GenerateSatelliteAssemblies
C:\Program Files\dotnet\sdk\10.0.103\Sdks\Microsoft.NET.Sdk\targets\Microsoft.NET.Sdk.targets(1131,5): message :     ") at C:\Program Files\dotnet\sdk\10.0.103\Sdks\Microsoft.NET.Sdk\targets\Microsoft.NET.Sdk.targets (1131,5)
   3:6>Target "_CheckForUnsupportedTargetPlatformIdentifier" in file "C:\Program Files\dotnet\sdk\10.0.103\Sdks\Microsoft.NET.Sdk\targets\Microsoft.NET.TargetFrameworkInference.targets" from project "c:\Apps\TicketConsolidator\tests\TicketConsolidator.UnitTests\TicketConsolidator.UnitTests.csproj" (target "_CheckForInvalidConfigurationAndPlatform" depends on it):
   3:6>Done building target "_CheckForUnsupportedTargetPlatformIdentifier" in project "TicketConsolidator.UnitTests.csproj".
     0>C:\Program Files\dotnet\sdk\10.0.103\Sdks\Microsoft.SourceLink.GitLab\build\Microsoft.SourceLink.GitLab.targets(12,5): message : Property reassignment: $(SourceLinkUrlInitializerTargets)=";_InitializeGitHubSourceLinkUrl;_InitializeGitLabSourceLinkUrl" (previous value: ";_InitializeGitHubSourceLinkUrl") at C:\Program Files\dotnet\sdk\10.0.103\Sdks\Microsoft.SourceLink.GitLab\build\Microsoft.SourceLink.GitLab.targets (12,5)
   3:6>Target "_CheckForUnsupportedNETCoreVersion" in file "C:\Program Files\dotnet\sdk\10.0.103\Sdks\Microsoft.NET.Sdk\targets\Microsoft.NET.TargetFrameworkInference.targets" from project "c:\Apps\TicketConsolidator\tests\TicketConsolidator.UnitTests\TicketConsolidator.UnitTests.csproj" (target "_CheckForInvalidConfigurationAndPlatform" depends on it):
   3:6>Done building target "_CheckForUnsupportedNETCoreVersion" in project "TicketConsolidator.UnitTests.csproj".
     0>C:\Program Files\dotnet\sdk\10.0.103\Sdks\Microsoft.SourceLink.GitLab\build\Microsoft.SourceLink.GitLab.targets(13,5): message : Property reassignment: $(SourceControlManagerUrlTranslationTargets)=";TranslateGitHubUrlsInSourceControlInformation;TranslateGitLabUrlsInSourceControlInformation" (previous value: ";TranslateGitHubUrlsInSourceControlInformation") at C:\Program Files\dotnet\sdk\10.0.103\Sdks\Microsoft.SourceLink.GitLab\build\Microsoft.SourceLink.GitLab.targets (13,5)
   3:6>Target "_CheckForUnsupportedCppNETCoreVersion" in file "C:\Program Files\dotnet\sdk\10.0.103\Sdks\Microsoft.NET.Sdk\targets\Microsoft.NET.TargetFrameworkInference.targets" from project "c:\Apps\TicketConsolidator\tests\TicketConsolidator.UnitTests\TicketConsolidator.UnitTests.csproj" (target "_CheckForInvalidConfigurationAndPlatform" depends on it):
   3:6>Done building target "_CheckForUnsupportedCppNETCoreVersion" in project "TicketConsolidator.UnitTests.csproj".
   3:6>Target "_CheckForSupportedOSPlatformVersionHigherThanTargetPlatformVersion" in file "C:\Program Files\dotnet\sdk\10.0.103\Sdks\Microsoft.NET.Sdk\targets\Microsoft.NET.TargetFrameworkInference.targets" from project "c:\Apps\TicketConsolidator\tests\TicketConsolidator.UnitTests\TicketConsolidator.UnitTests.csproj" (target "_CheckForInvalidConfigurationAndPlatform" depends on it):
   3:6>Done building target "_CheckForSupportedOSPlatformVersionHigherThanTargetPlatformVersion" in project "TicketConsolidator.UnitTests.csproj".
     0>C:\Program Files\dotnet\sdk\10.0.103\Sdks\Microsoft.SourceLink.AzureRepos.Git\build\Microsoft.SourceLink.AzureRepos.Git.targets(12,5): message : Property reassignment: $(SourceLinkUrlInitializerTargets)=";_InitializeGitHubSourceLinkUrl;_InitializeGitLabSourceLinkUrl;_InitializeAzureReposGitSourceLinkUrl" (previous value: ";_InitializeGitHubSourceLinkUrl;_InitializeGitLabSourceLinkUrl") at C:\Program Files\dotnet\sdk\10.0.103\Sdks\Microsoft.SourceLink.AzureRepos.Git\build\Microsoft.SourceLink.AzureRepos.Git.targets (12,5)
   3:6>Target "_NormalizeTargetPlatformVersion" in file "C:\Program Files\dotnet\sdk\10.0.103\Sdks\Microsoft.NET.Sdk\targets\Microsoft.NET.TargetFrameworkInference.targets" from project "c:\Apps\TicketConsolidator\tests\TicketConsolidator.UnitTests\TicketConsolidator.UnitTests.csproj" (target "_CheckForInvalidTargetPlatformVersion" depends on it):
   3:6>Done building target "_NormalizeTargetPlatformVersion" in project "TicketConsolidator.UnitTests.csproj".
     0>C:\Program Files\dotnet\sdk\10.0.103\Sdks\Microsoft.SourceLink.AzureRepos.Git\build\Microsoft.SourceLink.AzureRepos.Git.targets(13,5): message : Property reassignment: $(SourceControlManagerUrlTranslationTargets)=";TranslateGitHubUrlsInSourceControlInformation;TranslateGitLabUrlsInSourceControlInformation;TranslateAzureReposGitUrlsInSourceControlInformation" (previous value: ";TranslateGitHubUrlsInSourceControlInformation;TranslateGitLabUrlsInSourceControlInformation") at C:\Program Files\dotnet\sdk\10.0.103\Sdks\Microsoft.SourceLink.AzureRepos.Git\build\Microsoft.SourceLink.AzureRepos.Git.targets (13,5)
       C:\Program Files\dotnet\sdk\10.0.103\Sdks\Microsoft.SourceLink.Bitbucket.Git\build\Microsoft.SourceLink.Bitbucket.Git.targets(12,5): message : Property reassignment: $(SourceLinkUrlInitializerTargets)=";_InitializeGitHubSourceLinkUrl;_InitializeGitLabSourceLinkUrl;_InitializeAzureReposGitSourceLinkUrl;_InitializeBitbucketGitSourceLinkUrl" (previous value: ";_InitializeGitHubSourceLinkUrl;_InitializeGitLabSourceLinkUrl;_InitializeAzureReposGitSourceLinkUrl") at C:\Program Files\dotnet\sdk\10.0.103\Sdks\Microsoft.SourceLink.Bitbucket.Git\build\Microsoft.SourceLink.Bitbucket.Git.targets (12,5)
   1:2>Project "c:\Apps\TicketConsolidator\TicketConsolidator.sln" (1:2) is building "c:\Apps\TicketConsolidator\src\TicketConsolidator.Infrastructure\TicketConsolidator.Infrastructure.csproj" (4:9) on node 2 (default targets).
   4:9>Target "NETStandardCompatError_Microsoft_Extensions_Configuration_Binder" in file "C:\Users\krish.maniar.ATPL-LAP-723\.nuget\packages\microsoft.extensions.configuration.binder\10.0.1\buildTransitive\netstandard2.0\Microsoft.Extensions.Configuration.Binder.targets" from project "c:\Apps\TicketConsolidator\src\TicketConsolidator.Infrastructure\TicketConsolidator.Infrastructure.csproj" (entry point):
   4:9>Done building target "NETStandardCompatError_Microsoft_Extensions_Configuration_Binder" in project "TicketConsolidator.Infrastructure.csproj".
   3:6>Target "_CheckForInvalidTargetPlatformVersion" in file "C:\Program Files\dotnet\sdk\10.0.103\Sdks\Microsoft.NET.Sdk\targets\Microsoft.NET.TargetFrameworkInference.targets" from project "c:\Apps\TicketConsolidator\tests\TicketConsolidator.UnitTests\TicketConsolidator.UnitTests.csproj" (target "_CheckForInvalidConfigurationAndPlatform" depends on it):
   3:6>Done building target "_CheckForInvalidTargetPlatformVersion" in project "TicketConsolidator.UnitTests.csproj".
   4:9>Target "_CollectTargetFrameworkForTelemetry" in file "C:\Program Files\dotnet\sdk\10.0.103\Sdks\Microsoft.NET.Sdk\targets\Microsoft.NET.TargetFrameworkInference.targets" from project "c:\Apps\TicketConsolidator\src\TicketConsolidator.Infrastructure\TicketConsolidator.Infrastructure.csproj" (target "_CheckForInvalidConfigurationAndPlatform" depends on it):
   4:9>Using "AllowEmptyTelemetry" task from assembly "C:\Program Files\dotnet\sdk\10.0.103\Sdks\Microsoft.NET.Sdk\targets\..\tools\net10.0\Microsoft.NET.Build.Tasks.dll".
     0>C:\Program Files\dotnet\sdk\10.0.103\Sdks\Microsoft.SourceLink.Bitbucket.Git\build\Microsoft.SourceLink.Bitbucket.Git.targets(13,5): message : Property reassignment: $(SourceControlManagerUrlTranslationTargets)=";TranslateGitHubUrlsInSourceControlInformation;TranslateGitLabUrlsInSourceControlInformation;TranslateAzureReposGitUrlsInSourceControlInformation;TranslateBitbucketGitUrlsInSourceControlInformation" (previous value: ";TranslateGitHubUrlsInSourceControlInformation;TranslateGitLabUrlsInSourceControlInformation;TranslateAzureReposGitUrlsInSourceControlInformation") at C:\Program Files\dotnet\sdk\10.0.103\Sdks\Microsoft.SourceLink.Bitbucket.Git\build\Microsoft.SourceLink.Bitbucket.Git.targets (13,5)
   4:9>Task "AllowEmptyTelemetry"
     0>C:\Program Files\dotnet\sdk\10.0.103\Sdks\Microsoft.NET.Sdk\targets\Microsoft.NET.DesignerSupport.targets(21,5): message : Property reassignment: $(DesignerRuntimeImplementationProjectOutputGroupDependsOn)="
C:\Program Files\dotnet\sdk\10.0.103\Sdks\Microsoft.NET.Sdk\targets\Microsoft.NET.DesignerSupport.targets(21,5): message :       
C:\Program Files\dotnet\sdk\10.0.103\Sdks\Microsoft.NET.Sdk\targets\Microsoft.NET.DesignerSupport.targets(21,5): message :       ;
C:\Program Files\dotnet\sdk\10.0.103\Sdks\Microsoft.NET.Sdk\targets\Microsoft.NET.DesignerSupport.targets(21,5): message :       
C:\Program Files\dotnet\sdk\10.0.103\Sdks\Microsoft.NET.Sdk\targets\Microsoft.NET.DesignerSupport.targets(21,5): message :       ;
C:\Program Files\dotnet\sdk\10.0.103\Sdks\Microsoft.NET.Sdk\targets\Microsoft.NET.DesignerSupport.targets(21,5): message :       BuildOnlySettings;
C:\Program Files\dotnet\sdk\10.0.103\Sdks\Microsoft.NET.Sdk\targets\Microsoft.NET.DesignerSupport.targets(21,5): message :       PrepareForBuild;
C:\Program Files\dotnet\sdk\10.0.103\Sdks\Microsoft.NET.Sdk\targets\Microsoft.NET.DesignerSupport.targets(21,5): message :       AssignTargetPaths;
C:\Program Files\dotnet\sdk\10.0.103\Sdks\Microsoft.NET.Sdk\targets\Microsoft.NET.DesignerSupport.targets(21,5): message :       ResolveReferences
C:\Program Files\dotnet\sdk\10.0.103\Sdks\Microsoft.NET.Sdk\targets\Microsoft.NET.DesignerSupport.targets(21,5): message :     
C:\Program Files\dotnet\sdk\10.0.103\Sdks\Microsoft.NET.Sdk\targets\Microsoft.NET.DesignerSupport.targets(21,5): message :     ;
C:\Program Files\dotnet\sdk\10.0.103\Sdks\Microsoft.NET.Sdk\targets\Microsoft.NET.DesignerSupport.targets(21,5): message :       _GenerateDesignerDepsFile;
C:\Program Files\dotnet\sdk\10.0.103\Sdks\Microsoft.NET.Sdk\targets\Microsoft.NET.DesignerSupport.targets(21,5): message :       _GenerateDesignerRuntimeConfigFile;
C:\Program Files\dotnet\sdk\10.0.103\Sdks\Microsoft.NET.Sdk\targets\Microsoft.NET.DesignerSupport.targets(21,5): message :       GetCopyToOutputDirectoryItems;
C:\Program Files\dotnet\sdk\10.0.103\Sdks\Microsoft.NET.Sdk\targets\Microsoft.NET.DesignerSupport.targets(21,5): message :       _GatherDesignerShadowCopyFiles;
C:\Program Files\dotnet\sdk\10.0.103\Sdks\Microsoft.NET.Sdk\targets\Microsoft.NET.DesignerSupport.targets(21,5): message :     " (previous value: "
C:\Program Files\dotnet\sdk\10.0.103\Sdks\Microsoft.NET.Sdk\targets\Microsoft.NET.DesignerSupport.targets(21,5): message :       ;
C:\Program Files\dotnet\sdk\10.0.103\Sdks\Microsoft.NET.Sdk\targets\Microsoft.NET.DesignerSupport.targets(21,5): message :       
C:\Program Files\dotnet\sdk\10.0.103\Sdks\Microsoft.NET.Sdk\targets\Microsoft.NET.DesignerSupport.targets(21,5): message :       ;
C:\Program Files\dotnet\sdk\10.0.103\Sdks\Microsoft.NET.Sdk\targets\Microsoft.NET.DesignerSupport.targets(21,5): message :       BuildOnlySettings;
C:\Program Files\dotnet\sdk\10.0.103\Sdks\Microsoft.NET.Sdk\targets\Microsoft.NET.DesignerSupport.targets(21,5): message :       PrepareForBuild;
C:\Program Files\dotnet\sdk\10.0.103\Sdks\Microsoft.NET.Sdk\targets\Microsoft.NET.DesignerSupport.targets(21,5): message :       AssignTargetPaths;
C:\Program Files\dotnet\sdk\10.0.103\Sdks\Microsoft.NET.Sdk\targets\Microsoft.NET.DesignerSupport.targets(21,5): message :       ResolveReferences
C:\Program Files\dotnet\sdk\10.0.103\Sdks\Microsoft.NET.Sdk\targets\Microsoft.NET.DesignerSupport.targets(21,5): message :     
C:\Program Files\dotnet\sdk\10.0.103\Sdks\Microsoft.NET.Sdk\targets\Microsoft.NET.DesignerSupport.targets(21,5): message :     ") at C:\Program Files\dotnet\sdk\10.0.103\Sdks\Microsoft.NET.Sdk\targets\Microsoft.NET.DesignerSupport.targets (21,5)
   4:9>Done executing task "AllowEmptyTelemetry".
   4:9>Done building target "_CollectTargetFrameworkForTelemetry" in project "TicketConsolidator.Infrastructure.csproj".
   3:6>Target "_CheckForUnsupportedArtifactsPath" in file "C:\Program Files\dotnet\sdk\10.0.103\Sdks\Microsoft.NET.Sdk\targets\Microsoft.NET.DefaultOutputPaths.targets" from project "c:\Apps\TicketConsolidator\tests\TicketConsolidator.UnitTests\TicketConsolidator.UnitTests.csproj" (target "_CheckForInvalidConfigurationAndPlatform" depends on it):
   3:6>Done building target "_CheckForUnsupportedArtifactsPath" in project "TicketConsolidator.UnitTests.csproj".
   4:9>Target "_CheckForUnsupportedTargetPlatformIdentifier" in file "C:\Program Files\dotnet\sdk\10.0.103\Sdks\Microsoft.NET.Sdk\targets\Microsoft.NET.TargetFrameworkInference.targets" from project "c:\Apps\TicketConsolidator\src\TicketConsolidator.Infrastructure\TicketConsolidator.Infrastructure.csproj" (target "_CheckForInvalidConfigurationAndPlatform" depends on it):
   4:9>Done building target "_CheckForUnsupportedTargetPlatformIdentifier" in project "TicketConsolidator.Infrastructure.csproj".
     0>C:\Program Files\dotnet\sdk\10.0.103\Sdks\Microsoft.NET.Sdk\targets\Microsoft.NET.Sdk.CSharp.targets(31,5): message : Property reassignment: $(DefineConstants)="TRACE;DEBUG" (previous value: "TRACE") at C:\Program Files\dotnet\sdk\10.0.103\Sdks\Microsoft.NET.Sdk\targets\Microsoft.NET.Sdk.CSharp.targets (31,5)
   4:9>Target "_CheckForUnsupportedNETCoreVersion" in file "C:\Program Files\dotnet\sdk\10.0.103\Sdks\Microsoft.NET.Sdk\targets\Microsoft.NET.TargetFrameworkInference.targets" from project "c:\Apps\TicketConsolidator\src\TicketConsolidator.Infrastructure\TicketConsolidator.Infrastructure.csproj" (target "_CheckForInvalidConfigurationAndPlatform" depends on it):
   4:9>Done building target "_CheckForUnsupportedNETCoreVersion" in project "TicketConsolidator.Infrastructure.csproj".
   4:9>Target "_CheckForUnsupportedCppNETCoreVersion" in file "C:\Program Files\dotnet\sdk\10.0.103\Sdks\Microsoft.NET.Sdk\targets\Microsoft.NET.TargetFrameworkInference.targets" from project "c:\Apps\TicketConsolidator\src\TicketConsolidator.Infrastructure\TicketConsolidator.Infrastructure.csproj" (target "_CheckForInvalidConfigurationAndPlatform" depends on it):
   4:9>Done building target "_CheckForUnsupportedCppNETCoreVersion" in project "TicketConsolidator.Infrastructure.csproj".
     0>C:\Program Files\dotnet\sdk\10.0.103\Sdks\Microsoft.NET.Sdk\targets\Microsoft.NET.Sdk.CSharp.targets(45,5): message : Property reassignment: $(WarningsAsErrors)=";NU1605;SYSLIB0011" (previous value: ";NU1605") at C:\Program Files\dotnet\sdk\10.0.103\Sdks\Microsoft.NET.Sdk\targets\Microsoft.NET.Sdk.CSharp.targets (45,5)
       C:\Program Files\dotnet\sdk\10.0.103\Sdks\Microsoft.NET.Sdk\targets\Microsoft.NET.Windows.targets(49,5): message : Property reassignment: $(TargetPlatformVersion)="7.0" (previous value: "") at C:\Program Files\dotnet\sdk\10.0.103\Sdks\Microsoft.NET.Sdk\targets\Microsoft.NET.Windows.targets (49,5)
   3:6>Target "_CheckRIDAsserts" in file "C:\Program Files\dotnet\sdk\10.0.103\Sdks\Microsoft.NET.Sdk\targets\Microsoft.NET.RuntimeIdentifierInference.targets" from project "c:\Apps\TicketConsolidator\tests\TicketConsolidator.UnitTests\TicketConsolidator.UnitTests.csproj" (target "_CheckForUnsupportedAppHostUsage" depends on it):
   3:6>Done building target "_CheckRIDAsserts" in project "TicketConsolidator.UnitTests.csproj".
   4:9>Target "_CheckForSupportedOSPlatformVersionHigherThanTargetPlatformVersion" in file "C:\Program Files\dotnet\sdk\10.0.103\Sdks\Microsoft.NET.Sdk\targets\Microsoft.NET.TargetFrameworkInference.targets" from project "c:\Apps\TicketConsolidator\src\TicketConsolidator.Infrastructure\TicketConsolidator.Infrastructure.csproj" (target "_CheckForInvalidConfigurationAndPlatform" depends on it):
   4:9>Done building target "_CheckForSupportedOSPlatformVersionHigherThanTargetPlatformVersion" in project "TicketConsolidator.Infrastructure.csproj".
     0>C:\Program Files\dotnet\sdk\10.0.103\Sdks\Microsoft.NET.Sdk\targets\Microsoft.NET.Windows.targets(50,5): message : Property reassignment: $(EffectiveTargetPlatformVersion)="7.0" (previous value: "") at C:\Program Files\dotnet\sdk\10.0.103\Sdks\Microsoft.NET.Sdk\targets\Microsoft.NET.Windows.targets (50,5)
   3:6>Target "_CheckForUnsupportedAppHostUsage" in file "C:\Program Files\dotnet\sdk\10.0.103\Sdks\Microsoft.NET.Sdk\targets\Microsoft.NET.RuntimeIdentifierInference.targets" from project "c:\Apps\TicketConsolidator\tests\TicketConsolidator.UnitTests\TicketConsolidator.UnitTests.csproj" (target "_CheckForInvalidConfigurationAndPlatform" depends on it):
   3:6>Done building target "_CheckForUnsupportedAppHostUsage" in project "TicketConsolidator.UnitTests.csproj".
     0>C:\Program Files\dotnet\sdk\10.0.103\Sdks\Microsoft.NET.Sdk\targets\Microsoft.NET.Windows.targets(60,5): message : Property reassignment: $(SupportedOSPlatformVersion)="7.0" (previous value: "") at C:\Program Files\dotnet\sdk\10.0.103\Sdks\Microsoft.NET.Sdk\targets\Microsoft.NET.Windows.targets (60,5)
   4:9>Target "_NormalizeTargetPlatformVersion" in file "C:\Program Files\dotnet\sdk\10.0.103\Sdks\Microsoft.NET.Sdk\targets\Microsoft.NET.TargetFrameworkInference.targets" from project "c:\Apps\TicketConsolidator\src\TicketConsolidator.Infrastructure\TicketConsolidator.Infrastructure.csproj" (target "_CheckForInvalidTargetPlatformVersion" depends on it):
   4:9>Done building target "_NormalizeTargetPlatformVersion" in project "TicketConsolidator.Infrastructure.csproj".
   3:6>Target "_CheckForUnsupportedHostingUsage" in file "C:\Program Files\dotnet\sdk\10.0.103\Sdks\Microsoft.NET.Sdk\targets\Microsoft.NET.RuntimeIdentifierInference.targets" from project "c:\Apps\TicketConsolidator\tests\TicketConsolidator.UnitTests\TicketConsolidator.UnitTests.csproj" (target "_CheckForInvalidConfigurationAndPlatform" depends on it):
   3:6>Done building target "_CheckForUnsupportedHostingUsage" in project "TicketConsolidator.UnitTests.csproj".
     0>C:\Program Files\dotnet\sdk\10.0.103\Sdks\Microsoft.NET.Sdk\targets\Microsoft.NET.Windows.targets(61,5): message : Property reassignment: $(TargetPlatformMinVersion)="7.0" (previous value: "") at C:\Program Files\dotnet\sdk\10.0.103\Sdks\Microsoft.NET.Sdk\targets\Microsoft.NET.Windows.targets (61,5)
   4:9>Target "_CheckForInvalidTargetPlatformVersion" in file "C:\Program Files\dotnet\sdk\10.0.103\Sdks\Microsoft.NET.Sdk\targets\Microsoft.NET.TargetFrameworkInference.targets" from project "c:\Apps\TicketConsolidator\src\TicketConsolidator.Infrastructure\TicketConsolidator.Infrastructure.csproj" (target "_CheckForInvalidConfigurationAndPlatform" depends on it):
   4:9>Done building target "_CheckForInvalidTargetPlatformVersion" in project "TicketConsolidator.Infrastructure.csproj".
   3:6>Target "_CheckAndUnsetUnsupportedPrefer32Bit" in file "C:\Program Files\dotnet\sdk\10.0.103\Sdks\Microsoft.NET.Sdk\targets\Microsoft.NET.RuntimeIdentifierInference.targets" from project "c:\Apps\TicketConsolidator\tests\TicketConsolidator.UnitTests\TicketConsolidator.UnitTests.csproj" (target "_CheckForInvalidConfigurationAndPlatform" depends on it):
   3:6>Done building target "_CheckAndUnsetUnsupportedPrefer32Bit" in project "TicketConsolidator.UnitTests.csproj".
     0>C:\Program Files\dotnet\sdk\10.0.103\Sdks\Microsoft.NET.Sdk\targets\Microsoft.NET.Windows.targets(239,5): message : Property reassignment: $(_RunCsWinRTGeneratorPropertyInputsCachePath)="c:\Apps\TicketConsolidator\src\TicketConsolidator.UI\obj\Debug\net10.0-windows\TicketConsolidator.UI.cswinrtgen.cache" (previous value: "obj\Debug\net10.0-windows\TicketConsolidator.UI.cswinrtgen.cache") at C:\Program Files\dotnet\sdk\10.0.103\Sdks\Microsoft.NET.Sdk\targets\Microsoft.NET.Windows.targets (239,5)
   4:9>Target "_CheckForUnsupportedArtifactsPath" in file "C:\Program Files\dotnet\sdk\10.0.103\Sdks\Microsoft.NET.Sdk\targets\Microsoft.NET.DefaultOutputPaths.targets" from project "c:\Apps\TicketConsolidator\src\TicketConsolidator.Infrastructure\TicketConsolidator.Infrastructure.csproj" (target "_CheckForInvalidConfigurationAndPlatform" depends on it):
   4:9>Done building target "_CheckForUnsupportedArtifactsPath" in project "TicketConsolidator.Infrastructure.csproj".
     0>C:\Program Files\dotnet\sdk\10.0.103\Sdks\Microsoft.NET.Sdk\targets\Microsoft.NET.Sdk.targets(1497,5): message : Property reassignment: $(TargetPlatformDisplayName)="Windows 7.0" (previous value: "Windows ") at C:\Program Files\dotnet\sdk\10.0.103\Sdks\Microsoft.NET.Sdk\targets\Microsoft.NET.Sdk.targets (1497,5)
   3:6>Target "_CheckForLanguageAndFeatureCombinationSupport" in file "C:\Program Files\dotnet\sdk\10.0.103\Sdks\Microsoft.NET.Sdk\targets\Microsoft.NET.RuntimeIdentifierInference.targets" from project "c:\Apps\TicketConsolidator\tests\TicketConsolidator.UnitTests\TicketConsolidator.UnitTests.csproj" (target "_CheckForInvalidConfigurationAndPlatform" depends on it):
   3:6>Done building target "_CheckForLanguageAndFeatureCombinationSupport" in project "TicketConsolidator.UnitTests.csproj".
     0>C:\Program Files\dotnet\sdk\10.0.103\Sdks\Microsoft.NET.Sdk.WindowsDesktop\targets\Microsoft.NET.Sdk.WindowsDesktop.targets(51,5): message : Property reassignment: $(_TargetFrameworkVersionValue)="10.0" (previous value: "0.0") at C:\Program Files\dotnet\sdk\10.0.103\Sdks\Microsoft.NET.Sdk.WindowsDesktop\targets\Microsoft.NET.Sdk.WindowsDesktop.targets (51,5)
   4:9>Target "_CheckForUnsupportedHostingUsage" in file "C:\Program Files\dotnet\sdk\10.0.103\Sdks\Microsoft.NET.Sdk\targets\Microsoft.NET.RuntimeIdentifierInference.targets" from project "c:\Apps\TicketConsolidator\src\TicketConsolidator.Infrastructure\TicketConsolidator.Infrastructure.csproj" (target "_CheckForInvalidConfigurationAndPlatform" depends on it):
   4:9>Done building target "_CheckForUnsupportedHostingUsage" in project "TicketConsolidator.Infrastructure.csproj".
     0>C:\Program Files\dotnet\sdk\10.0.103\Sdks\Microsoft.NET.Sdk.WindowsDesktop\targets\Microsoft.WinFX.targets(61,7): message : Property reassignment: $(PrepareResourceNamesDependsOn)="
C:\Program Files\dotnet\sdk\10.0.103\Sdks\Microsoft.NET.Sdk.WindowsDesktop\targets\Microsoft.WinFX.targets(61,7): message :                     AssignWinFXEmbeddedResource;
C:\Program Files\dotnet\sdk\10.0.103\Sdks\Microsoft.NET.Sdk.WindowsDesktop\targets\Microsoft.WinFX.targets(61,7): message :                     
C:\Program Files\dotnet\sdk\10.0.103\Sdks\Microsoft.NET.Sdk.WindowsDesktop\targets\Microsoft.WinFX.targets(61,7): message :       AssignTargetPaths;
C:\Program Files\dotnet\sdk\10.0.103\Sdks\Microsoft.NET.Sdk.WindowsDesktop\targets\Microsoft.WinFX.targets(61,7): message :       SplitResourcesByCulture;
C:\Program Files\dotnet\sdk\10.0.103\Sdks\Microsoft.NET.Sdk.WindowsDesktop\targets\Microsoft.WinFX.targets(61,7): message :       CreateManifestResourceNames;
C:\Program Files\dotnet\sdk\10.0.103\Sdks\Microsoft.NET.Sdk.WindowsDesktop\targets\Microsoft.WinFX.targets(61,7): message :       CreateCustomManifestResourceNames
C:\Program Files\dotnet\sdk\10.0.103\Sdks\Microsoft.NET.Sdk.WindowsDesktop\targets\Microsoft.WinFX.targets(61,7): message :     
C:\Program Files\dotnet\sdk\10.0.103\Sdks\Microsoft.NET.Sdk.WindowsDesktop\targets\Microsoft.WinFX.targets(61,7): message :       " (previous value: "
C:\Program Files\dotnet\sdk\10.0.103\Sdks\Microsoft.NET.Sdk.WindowsDesktop\targets\Microsoft.WinFX.targets(61,7): message :       AssignTargetPaths;
C:\Program Files\dotnet\sdk\10.0.103\Sdks\Microsoft.NET.Sdk.WindowsDesktop\targets\Microsoft.WinFX.targets(61,7): message :       SplitResourcesByCulture;
C:\Program Files\dotnet\sdk\10.0.103\Sdks\Microsoft.NET.Sdk.WindowsDesktop\targets\Microsoft.WinFX.targets(61,7): message :       CreateManifestResourceNames;
C:\Program Files\dotnet\sdk\10.0.103\Sdks\Microsoft.NET.Sdk.WindowsDesktop\targets\Microsoft.WinFX.targets(61,7): message :       CreateCustomManifestResourceNames
C:\Program Files\dotnet\sdk\10.0.103\Sdks\Microsoft.NET.Sdk.WindowsDesktop\targets\Microsoft.WinFX.targets(61,7): message :     ") at C:\Program Files\dotnet\sdk\10.0.103\Sdks\Microsoft.NET.Sdk.WindowsDesktop\targets\Microsoft.WinFX.targets (61,7)
       Overriding target "ResolveFrameworkReferences" in project "C:\Program Files\dotnet\sdk\10.0.103\Microsoft.Common.CurrentVersion.targets" with target "ResolveFrameworkReferences" from project "C:\Program Files\dotnet\sdk\10.0.103\Sdks\Microsoft.NET.Sdk\targets\Microsoft.NET.Sdk.FrameworkReferenceResolution.targets".
   3:6>Target "UpdateAspNetToFrameworkReference" in file "C:\Program Files\dotnet\sdk\10.0.103\Sdks\Microsoft.NET.Sdk\targets\Microsoft.NET.Sdk.DefaultItems.Shared.targets" from project "c:\Apps\TicketConsolidator\tests\TicketConsolidator.UnitTests\TicketConsolidator.UnitTests.csproj" (target "ApplyImplicitVersions" depends on it):
   3:6>Using "CheckIfPackageReferenceShouldBeFrameworkReference" task from assembly "C:\Program Files\dotnet\sdk\10.0.103\Sdks\Microsoft.NET.Sdk\targets\..\tools\net10.0\Microsoft.NET.Build.Tasks.dll".
   4:9>Target "_CheckAndUnsetUnsupportedPrefer32Bit" in file "C:\Program Files\dotnet\sdk\10.0.103\Sdks\Microsoft.NET.Sdk\targets\Microsoft.NET.RuntimeIdentifierInference.targets" from project "c:\Apps\TicketConsolidator\src\TicketConsolidator.Infrastructure\TicketConsolidator.Infrastructure.csproj" (target "_CheckForInvalidConfigurationAndPlatform" depends on it):
   4:9>Done building target "_CheckAndUnsetUnsupportedPrefer32Bit" in project "TicketConsolidator.Infrastructure.csproj".
     0>C:\Program Files\dotnet\sdk\10.0.103\Sdks\Microsoft.NET.Sdk.WindowsDesktop\targets\Microsoft.WinFX.targets(69,7): message : Property reassignment: $(PrepareResourcesDependsOn)="
C:\Program Files\dotnet\sdk\10.0.103\Sdks\Microsoft.NET.Sdk.WindowsDesktop\targets\Microsoft.WinFX.targets(69,7): message :                 MarkupCompilePass1;
C:\Program Files\dotnet\sdk\10.0.103\Sdks\Microsoft.NET.Sdk.WindowsDesktop\targets\Microsoft.WinFX.targets(69,7): message :                 AfterMarkupCompilePass1;
C:\Program Files\dotnet\sdk\10.0.103\Sdks\Microsoft.NET.Sdk.WindowsDesktop\targets\Microsoft.WinFX.targets(69,7): message :                 MarkupCompilePass2ForMainAssembly;
C:\Program Files\dotnet\sdk\10.0.103\Sdks\Microsoft.NET.Sdk.WindowsDesktop\targets\Microsoft.WinFX.targets(69,7): message :                 FileClassification;
C:\Program Files\dotnet\sdk\10.0.103\Sdks\Microsoft.NET.Sdk.WindowsDesktop\targets\Microsoft.WinFX.targets(69,7): message :                 MainResourcesGeneration;
C:\Program Files\dotnet\sdk\10.0.103\Sdks\Microsoft.NET.Sdk.WindowsDesktop\targets\Microsoft.WinFX.targets(69,7): message :                 
C:\Program Files\dotnet\sdk\10.0.103\Sdks\Microsoft.NET.Sdk.WindowsDesktop\targets\Microsoft.WinFX.targets(69,7): message :       ResolvePackageDependenciesForBuild;
C:\Program Files\dotnet\sdk\10.0.103\Sdks\Microsoft.NET.Sdk.WindowsDesktop\targets\Microsoft.WinFX.targets(69,7): message :       _HandlePackageFileConflicts;
C:\Program Files\dotnet\sdk\10.0.103\Sdks\Microsoft.NET.Sdk.WindowsDesktop\targets\Microsoft.WinFX.targets(69,7): message :       
C:\Program Files\dotnet\sdk\10.0.103\Sdks\Microsoft.NET.Sdk.WindowsDesktop\targets\Microsoft.WinFX.targets(69,7): message :       ;
C:\Program Files\dotnet\sdk\10.0.103\Sdks\Microsoft.NET.Sdk.WindowsDesktop\targets\Microsoft.WinFX.targets(69,7): message :       PrepareResourceNames;
C:\Program Files\dotnet\sdk\10.0.103\Sdks\Microsoft.NET.Sdk.WindowsDesktop\targets\Microsoft.WinFX.targets(69,7): message :       ResGen;
C:\Program Files\dotnet\sdk\10.0.103\Sdks\Microsoft.NET.Sdk.WindowsDesktop\targets\Microsoft.WinFX.targets(69,7): message :       CompileLicxFiles
C:\Program Files\dotnet\sdk\10.0.103\Sdks\Microsoft.NET.Sdk.WindowsDesktop\targets\Microsoft.WinFX.targets(69,7): message :     
C:\Program Files\dotnet\sdk\10.0.103\Sdks\Microsoft.NET.Sdk.WindowsDesktop\targets\Microsoft.WinFX.targets(69,7): message :     
C:\Program Files\dotnet\sdk\10.0.103\Sdks\Microsoft.NET.Sdk.WindowsDesktop\targets\Microsoft.WinFX.targets(69,7): message :       " (previous value: "
C:\Program Files\dotnet\sdk\10.0.103\Sdks\Microsoft.NET.Sdk.WindowsDesktop\targets\Microsoft.WinFX.targets(69,7): message :       ResolvePackageDependenciesForBuild;
C:\Program Files\dotnet\sdk\10.0.103\Sdks\Microsoft.NET.Sdk.WindowsDesktop\targets\Microsoft.WinFX.targets(69,7): message :       _HandlePackageFileConflicts;
C:\Program Files\dotnet\sdk\10.0.103\Sdks\Microsoft.NET.Sdk.WindowsDesktop\targets\Microsoft.WinFX.targets(69,7): message :       
C:\Program Files\dotnet\sdk\10.0.103\Sdks\Microsoft.NET.Sdk.WindowsDesktop\targets\Microsoft.WinFX.targets(69,7): message :       ;
C:\Program Files\dotnet\sdk\10.0.103\Sdks\Microsoft.NET.Sdk.WindowsDesktop\targets\Microsoft.WinFX.targets(69,7): message :       PrepareResourceNames;
C:\Program Files\dotnet\sdk\10.0.103\Sdks\Microsoft.NET.Sdk.WindowsDesktop\targets\Microsoft.WinFX.targets(69,7): message :       ResGen;
C:\Program Files\dotnet\sdk\10.0.103\Sdks\Microsoft.NET.Sdk.WindowsDesktop\targets\Microsoft.WinFX.targets(69,7): message :       CompileLicxFiles
C:\Program Files\dotnet\sdk\10.0.103\Sdks\Microsoft.NET.Sdk.WindowsDesktop\targets\Microsoft.WinFX.targets(69,7): message :     
C:\Program Files\dotnet\sdk\10.0.103\Sdks\Microsoft.NET.Sdk.WindowsDesktop\targets\Microsoft.WinFX.targets(69,7): message :     ") at C:\Program Files\dotnet\sdk\10.0.103\Sdks\Microsoft.NET.Sdk.WindowsDesktop\targets\Microsoft.WinFX.targets (69,7)
   3:6>Task "CheckIfPackageReferenceShouldBeFrameworkReference"
       Done executing task "CheckIfPackageReferenceShouldBeFrameworkReference".
     0>C:\Program Files\dotnet\sdk\10.0.103\Sdks\Microsoft.NET.Sdk.WindowsDesktop\targets\Microsoft.WinFX.targets(136,5): message : Property reassignment: $(CompileDependsOn)="
C:\Program Files\dotnet\sdk\10.0.103\Sdks\Microsoft.NET.Sdk.WindowsDesktop\targets\Microsoft.WinFX.targets(136,5): message :         
C:\Program Files\dotnet\sdk\10.0.103\Sdks\Microsoft.NET.Sdk.WindowsDesktop\targets\Microsoft.WinFX.targets(136,5): message :       
C:\Program Files\dotnet\sdk\10.0.103\Sdks\Microsoft.NET.Sdk.WindowsDesktop\targets\Microsoft.WinFX.targets(136,5): message :       ResolveReferences;
C:\Program Files\dotnet\sdk\10.0.103\Sdks\Microsoft.NET.Sdk.WindowsDesktop\targets\Microsoft.WinFX.targets(136,5): message :       ResolveKeySource;
C:\Program Files\dotnet\sdk\10.0.103\Sdks\Microsoft.NET.Sdk.WindowsDesktop\targets\Microsoft.WinFX.targets(136,5): message :       SetWin32ManifestProperties;
C:\Program Files\dotnet\sdk\10.0.103\Sdks\Microsoft.NET.Sdk.WindowsDesktop\targets\Microsoft.WinFX.targets(136,5): message :       _SetPreferNativeArm64Win32ManifestProperties;
C:\Program Files\dotnet\sdk\10.0.103\Sdks\Microsoft.NET.Sdk.WindowsDesktop\targets\Microsoft.WinFX.targets(136,5): message :       FindReferenceAssembliesForReferences;
C:\Program Files\dotnet\sdk\10.0.103\Sdks\Microsoft.NET.Sdk.WindowsDesktop\targets\Microsoft.WinFX.targets(136,5): message :       _GenerateCompileInputs;
C:\Program Files\dotnet\sdk\10.0.103\Sdks\Microsoft.NET.Sdk.WindowsDesktop\targets\Microsoft.WinFX.targets(136,5): message :       BeforeCompile;
C:\Program Files\dotnet\sdk\10.0.103\Sdks\Microsoft.NET.Sdk.WindowsDesktop\targets\Microsoft.WinFX.targets(136,5): message :       _TimeStampBeforeCompile;
C:\Program Files\dotnet\sdk\10.0.103\Sdks\Microsoft.NET.Sdk.WindowsDesktop\targets\Microsoft.WinFX.targets(136,5): message :       _GenerateCompileDependencyCache;
C:\Program Files\dotnet\sdk\10.0.103\Sdks\Microsoft.NET.Sdk.WindowsDesktop\targets\Microsoft.WinFX.targets(136,5): message :       CoreCompile;
C:\Program Files\dotnet\sdk\10.0.103\Sdks\Microsoft.NET.Sdk.WindowsDesktop\targets\Microsoft.WinFX.targets(136,5): message :       _TimeStampAfterCompile;
C:\Program Files\dotnet\sdk\10.0.103\Sdks\Microsoft.NET.Sdk.WindowsDesktop\targets\Microsoft.WinFX.targets(136,5): message :       AfterCompile;
C:\Program Files\dotnet\sdk\10.0.103\Sdks\Microsoft.NET.Sdk.WindowsDesktop\targets\Microsoft.WinFX.targets(136,5): message :     ;
C:\Program Files\dotnet\sdk\10.0.103\Sdks\Microsoft.NET.Sdk.WindowsDesktop\targets\Microsoft.WinFX.targets(136,5): message :       _CreateAppHost;
C:\Program Files\dotnet\sdk\10.0.103\Sdks\Microsoft.NET.Sdk.WindowsDesktop\targets\Microsoft.WinFX.targets(136,5): message :       _CreateComHost;
C:\Program Files\dotnet\sdk\10.0.103\Sdks\Microsoft.NET.Sdk.WindowsDesktop\targets\Microsoft.WinFX.targets(136,5): message :       _GetIjwHostPaths;
C:\Program Files\dotnet\sdk\10.0.103\Sdks\Microsoft.NET.Sdk.WindowsDesktop\targets\Microsoft.WinFX.targets(136,5): message :     ;
C:\Program Files\dotnet\sdk\10.0.103\Sdks\Microsoft.NET.Sdk.WindowsDesktop\targets\Microsoft.WinFX.targets(136,5): message :         _AfterCompileWinFXInternal
C:\Program Files\dotnet\sdk\10.0.103\Sdks\Microsoft.NET.Sdk.WindowsDesktop\targets\Microsoft.WinFX.targets(136,5): message :     " (previous value: "
C:\Program Files\dotnet\sdk\10.0.103\Sdks\Microsoft.NET.Sdk.WindowsDesktop\targets\Microsoft.WinFX.targets(136,5): message :       
C:\Program Files\dotnet\sdk\10.0.103\Sdks\Microsoft.NET.Sdk.WindowsDesktop\targets\Microsoft.WinFX.targets(136,5): message :       ResolveReferences;
C:\Program Files\dotnet\sdk\10.0.103\Sdks\Microsoft.NET.Sdk.WindowsDesktop\targets\Microsoft.WinFX.targets(136,5): message :       ResolveKeySource;
C:\Program Files\dotnet\sdk\10.0.103\Sdks\Microsoft.NET.Sdk.WindowsDesktop\targets\Microsoft.WinFX.targets(136,5): message :       SetWin32ManifestProperties;
C:\Program Files\dotnet\sdk\10.0.103\Sdks\Microsoft.NET.Sdk.WindowsDesktop\targets\Microsoft.WinFX.targets(136,5): message :       _SetPreferNativeArm64Win32ManifestProperties;
C:\Program Files\dotnet\sdk\10.0.103\Sdks\Microsoft.NET.Sdk.WindowsDesktop\targets\Microsoft.WinFX.targets(136,5): message :       FindReferenceAssembliesForReferences;
C:\Program Files\dotnet\sdk\10.0.103\Sdks\Microsoft.NET.Sdk.WindowsDesktop\targets\Microsoft.WinFX.targets(136,5): message :       _GenerateCompileInputs;
C:\Program Files\dotnet\sdk\10.0.103\Sdks\Microsoft.NET.Sdk.WindowsDesktop\targets\Microsoft.WinFX.targets(136,5): message :       BeforeCompile;
C:\Program Files\dotnet\sdk\10.0.103\Sdks\Microsoft.NET.Sdk.WindowsDesktop\targets\Microsoft.WinFX.targets(136,5): message :       _TimeStampBeforeCompile;
C:\Program Files\dotnet\sdk\10.0.103\Sdks\Microsoft.NET.Sdk.WindowsDesktop\targets\Microsoft.WinFX.targets(136,5): message :       _GenerateCompileDependencyCache;
C:\Program Files\dotnet\sdk\10.0.103\Sdks\Microsoft.NET.Sdk.WindowsDesktop\targets\Microsoft.WinFX.targets(136,5): message :       CoreCompile;
C:\Program Files\dotnet\sdk\10.0.103\Sdks\Microsoft.NET.Sdk.WindowsDesktop\targets\Microsoft.WinFX.targets(136,5): message :       _TimeStampAfterCompile;
C:\Program Files\dotnet\sdk\10.0.103\Sdks\Microsoft.NET.Sdk.WindowsDesktop\targets\Microsoft.WinFX.targets(136,5): message :       AfterCompile;
C:\Program Files\dotnet\sdk\10.0.103\Sdks\Microsoft.NET.Sdk.WindowsDesktop\targets\Microsoft.WinFX.targets(136,5): message :     ;
C:\Program Files\dotnet\sdk\10.0.103\Sdks\Microsoft.NET.Sdk.WindowsDesktop\targets\Microsoft.WinFX.targets(136,5): message :       _CreateAppHost;
C:\Program Files\dotnet\sdk\10.0.103\Sdks\Microsoft.NET.Sdk.WindowsDesktop\targets\Microsoft.WinFX.targets(136,5): message :       _CreateComHost;
C:\Program Files\dotnet\sdk\10.0.103\Sdks\Microsoft.NET.Sdk.WindowsDesktop\targets\Microsoft.WinFX.targets(136,5): message :       _GetIjwHostPaths;
C:\Program Files\dotnet\sdk\10.0.103\Sdks\Microsoft.NET.Sdk.WindowsDesktop\targets\Microsoft.WinFX.targets(136,5): message :     ") at C:\Program Files\dotnet\sdk\10.0.103\Sdks\Microsoft.NET.Sdk.WindowsDesktop\targets\Microsoft.WinFX.targets (136,5)
   4:9>Target "_CheckForLanguageAndFeatureCombinationSupport" in file "C:\Program Files\dotnet\sdk\10.0.103\Sdks\Microsoft.NET.Sdk\targets\Microsoft.NET.RuntimeIdentifierInference.targets" from project "c:\Apps\TicketConsolidator\src\TicketConsolidator.Infrastructure\TicketConsolidator.Infrastructure.csproj" (target "_CheckForInvalidConfigurationAndPlatform" depends on it):
   4:9>Done building target "_CheckForLanguageAndFeatureCombinationSupport" in project "TicketConsolidator.Infrastructure.csproj".
   3:6>Task "CheckIfPackageReferenceShouldBeFrameworkReference"
     0>C:\Program Files\dotnet\sdk\10.0.103\Sdks\Microsoft.NET.Sdk.WindowsDesktop\targets\Microsoft.WinFX.targets(803,9): message : Property reassignment: $(PublishBuildDependsOn)="
C:\Program Files\dotnet\sdk\10.0.103\Sdks\Microsoft.NET.Sdk.WindowsDesktop\targets\Microsoft.WinFX.targets(803,9): message :             BuildOnlySettings;
C:\Program Files\dotnet\sdk\10.0.103\Sdks\Microsoft.NET.Sdk.WindowsDesktop\targets\Microsoft.WinFX.targets(803,9): message :             PrepareForBuild;
C:\Program Files\dotnet\sdk\10.0.103\Sdks\Microsoft.NET.Sdk.WindowsDesktop\targets\Microsoft.WinFX.targets(803,9): message :             ResolveReferences;
C:\Program Files\dotnet\sdk\10.0.103\Sdks\Microsoft.NET.Sdk.WindowsDesktop\targets\Microsoft.WinFX.targets(803,9): message :             PrepareResources;
C:\Program Files\dotnet\sdk\10.0.103\Sdks\Microsoft.NET.Sdk.WindowsDesktop\targets\Microsoft.WinFX.targets(803,9): message :             ResolveKeySource;
C:\Program Files\dotnet\sdk\10.0.103\Sdks\Microsoft.NET.Sdk.WindowsDesktop\targets\Microsoft.WinFX.targets(803,9): message :             PrepareResourcesForSatelliteAssemblies;
C:\Program Files\dotnet\sdk\10.0.103\Sdks\Microsoft.NET.Sdk.WindowsDesktop\targets\Microsoft.WinFX.targets(803,9): message :             GenerateSerializationAssemblies;
C:\Program Files\dotnet\sdk\10.0.103\Sdks\Microsoft.NET.Sdk.WindowsDesktop\targets\Microsoft.WinFX.targets(803,9): message :             CreateSatelliteAssemblies;
C:\Program Files\dotnet\sdk\10.0.103\Sdks\Microsoft.NET.Sdk.WindowsDesktop\targets\Microsoft.WinFX.targets(803,9): message :         " (previous value: "
C:\Program Files\dotnet\sdk\10.0.103\Sdks\Microsoft.NET.Sdk.WindowsDesktop\targets\Microsoft.WinFX.targets(803,9): message :       BuildOnlySettings;
C:\Program Files\dotnet\sdk\10.0.103\Sdks\Microsoft.NET.Sdk.WindowsDesktop\targets\Microsoft.WinFX.targets(803,9): message :       PrepareForBuild;
C:\Program Files\dotnet\sdk\10.0.103\Sdks\Microsoft.NET.Sdk.WindowsDesktop\targets\Microsoft.WinFX.targets(803,9): message :       ResolveReferences;
C:\Program Files\dotnet\sdk\10.0.103\Sdks\Microsoft.NET.Sdk.WindowsDesktop\targets\Microsoft.WinFX.targets(803,9): message :       PrepareResources;
C:\Program Files\dotnet\sdk\10.0.103\Sdks\Microsoft.NET.Sdk.WindowsDesktop\targets\Microsoft.WinFX.targets(803,9): message :       ResolveKeySource;
C:\Program Files\dotnet\sdk\10.0.103\Sdks\Microsoft.NET.Sdk.WindowsDesktop\targets\Microsoft.WinFX.targets(803,9): message :       GenerateSerializationAssemblies;
C:\Program Files\dotnet\sdk\10.0.103\Sdks\Microsoft.NET.Sdk.WindowsDesktop\targets\Microsoft.WinFX.targets(803,9): message :       CreateSatelliteAssemblies;
C:\Program Files\dotnet\sdk\10.0.103\Sdks\Microsoft.NET.Sdk.WindowsDesktop\targets\Microsoft.WinFX.targets(803,9): message :     ") at C:\Program Files\dotnet\sdk\10.0.103\Sdks\Microsoft.NET.Sdk.WindowsDesktop\targets\Microsoft.WinFX.targets (803,9)
   4:9>Target "UpdateAspNetToFrameworkReference" in file "C:\Program Files\dotnet\sdk\10.0.103\Sdks\Microsoft.NET.Sdk\targets\Microsoft.NET.Sdk.DefaultItems.Shared.targets" from project "c:\Apps\TicketConsolidator\src\TicketConsolidator.Infrastructure\TicketConsolidator.Infrastructure.csproj" (target "ApplyImplicitVersions" depends on it):
   4:9>Using "CheckIfPackageReferenceShouldBeFrameworkReference" task from assembly "C:\Program Files\dotnet\sdk\10.0.103\Sdks\Microsoft.NET.Sdk\targets\..\tools\net10.0\Microsoft.NET.Build.Tasks.dll".
   3:6>Done executing task "CheckIfPackageReferenceShouldBeFrameworkReference".
     0>C:\Program Files\dotnet\sdk\10.0.103\NuGet.Build.Tasks.Pack.targets(34,5): message : Property reassignment: $(PackageDescription)="Package Description" (previous value: "") at C:\Program Files\dotnet\sdk\10.0.103\NuGet.Build.Tasks.Pack.targets (34,5)
   3:6>Done building target "UpdateAspNetToFrameworkReference" in project "TicketConsolidator.UnitTests.csproj".
     0>C:\Program Files\dotnet\sdk\10.0.103\NuGet.Build.Tasks.Pack.targets(59,5): message : Property reassignment: $(GenerateNuspecDependsOn)="Build;_LoadPackInputItems; _GetTargetFrameworksOutput; _WalkEachTargetPerFramework; _GetPackageFiles; " (previous value: "_LoadPackInputItems; _GetTargetFrameworksOutput; _WalkEachTargetPerFramework; _GetPackageFiles; ") at C:\Program Files\dotnet\sdk\10.0.103\NuGet.Build.Tasks.Pack.targets (59,5)
   4:9>Task "CheckIfPackageReferenceShouldBeFrameworkReference"
     0>C:\Program Files\dotnet\sdk\10.0.103\Sdks\Microsoft.NET.Sdk\Sdk\Sdk.targets(59,5): message : Property reassignment: $(_IsNotSetContainersTargetsDir)="true" (previous value: "false") at C:\Program Files\dotnet\sdk\10.0.103\Sdks\Microsoft.NET.Sdk\Sdk\Sdk.targets (59,5)
   3:6>Target "CheckForImplicitPackageReferenceOverrides" in file "C:\Program Files\dotnet\sdk\10.0.103\Sdks\Microsoft.NET.Sdk\targets\Microsoft.NET.Sdk.DefaultItems.Shared.targets" from project "c:\Apps\TicketConsolidator\tests\TicketConsolidator.UnitTests\TicketConsolidator.UnitTests.csproj" (target "ApplyImplicitVersions" depends on it):
   3:6>Using "CheckForImplicitPackageReferenceOverrides" task from assembly "C:\Program Files\dotnet\sdk\10.0.103\Sdks\Microsoft.NET.Sdk\targets\..\tools\net10.0\Microsoft.NET.Build.Tasks.dll".
     0>C:\Program Files\dotnet\sdk\10.0.103\Containers\build\Microsoft.NET.Build.Containers.targets(5,5): message : Property reassignment: $(_IsSDKContainerAllowedVersion)="true" (previous value: "false") at C:\Program Files\dotnet\sdk\10.0.103\Containers\build\Microsoft.NET.Build.Containers.targets (5,5)
   4:9>Done executing task "CheckIfPackageReferenceShouldBeFrameworkReference".
     0>C:\Program Files\dotnet\sdk\10.0.103\Containers\build\Microsoft.NET.Build.Containers.targets(15,5): message : Property reassignment: $(_ContainerIsTargetingNet8TFM)="true" (previous value: "false") at C:\Program Files\dotnet\sdk\10.0.103\Containers\build\Microsoft.NET.Build.Containers.targets (15,5)
   4:9>Task "CheckIfPackageReferenceShouldBeFrameworkReference"
   3:6>Task "CheckForImplicitPackageReferenceOverrides"
   4:9>Done executing task "CheckIfPackageReferenceShouldBeFrameworkReference".
   3:6>Done executing task "CheckForImplicitPackageReferenceOverrides".
   4:9>Done building target "UpdateAspNetToFrameworkReference" in project "TicketConsolidator.Infrastructure.csproj".
   3:6>Done building target "CheckForImplicitPackageReferenceOverrides" in project "TicketConsolidator.UnitTests.csproj".
   4:9>Target "CheckForImplicitPackageReferenceOverrides" in file "C:\Program Files\dotnet\sdk\10.0.103\Sdks\Microsoft.NET.Sdk\targets\Microsoft.NET.Sdk.DefaultItems.Shared.targets" from project "c:\Apps\TicketConsolidator\src\TicketConsolidator.Infrastructure\TicketConsolidator.Infrastructure.csproj" (target "ApplyImplicitVersions" depends on it):
   4:9>Using "CheckForImplicitPackageReferenceOverrides" task from assembly "C:\Program Files\dotnet\sdk\10.0.103\Sdks\Microsoft.NET.Sdk\targets\..\tools\net10.0\Microsoft.NET.Build.Tasks.dll".
       Task "CheckForImplicitPackageReferenceOverrides"
   3:6>Target "ApplyImplicitVersions" in file "C:\Program Files\dotnet\sdk\10.0.103\Sdks\Microsoft.NET.Sdk\targets\Microsoft.NET.Sdk.DefaultItems.Shared.targets" from project "c:\Apps\TicketConsolidator\tests\TicketConsolidator.UnitTests\TicketConsolidator.UnitTests.csproj" (target "CollectPackageReferences" depends on it):
   3:6>Using "ApplyImplicitVersions" task from assembly "C:\Program Files\dotnet\sdk\10.0.103\Sdks\Microsoft.NET.Sdk\targets\..\tools\net10.0\Microsoft.NET.Build.Tasks.dll".
   4:9>Done executing task "CheckForImplicitPackageReferenceOverrides".
   3:6>Task "ApplyImplicitVersions"
   4:9>Done building target "CheckForImplicitPackageReferenceOverrides" in project "TicketConsolidator.Infrastructure.csproj".
   3:6>Done executing task "ApplyImplicitVersions".
   3:6>Done building target "ApplyImplicitVersions" in project "TicketConsolidator.UnitTests.csproj".
   4:9>Target "ApplyImplicitVersions" in file "C:\Program Files\dotnet\sdk\10.0.103\Sdks\Microsoft.NET.Sdk\targets\Microsoft.NET.Sdk.DefaultItems.Shared.targets" from project "c:\Apps\TicketConsolidator\src\TicketConsolidator.Infrastructure\TicketConsolidator.Infrastructure.csproj" (target "CollectPackageReferences" depends on it):
   4:9>Using "ApplyImplicitVersions" task from assembly "C:\Program Files\dotnet\sdk\10.0.103\Sdks\Microsoft.NET.Sdk\targets\..\tools\net10.0\Microsoft.NET.Build.Tasks.dll".
   3:6>Target "CheckForImplicitPackageReferenceOverrides" skipped. Previously built successfully.
   4:9>Task "ApplyImplicitVersions"
       Done executing task "ApplyImplicitVersions".
   3:6>Target "AddWindowsSdkKnownFrameworkReferences" in file "C:\Program Files\dotnet\sdk\10.0.103\Sdks\Microsoft.NET.Sdk\targets\Microsoft.NET.Sdk.FrameworkReferenceResolution.targets" from project "c:\Apps\TicketConsolidator\tests\TicketConsolidator.UnitTests\TicketConsolidator.UnitTests.csproj" (target "ProcessFrameworkReferences" depends on it):
   3:6>Using "CreateWindowsSdkKnownFrameworkReferences" task from assembly "C:\Program Files\dotnet\sdk\10.0.103\Sdks\Microsoft.NET.Sdk\targets\..\tools\net10.0\Microsoft.NET.Build.Tasks.dll".
   4:9>Done building target "ApplyImplicitVersions" in project "TicketConsolidator.Infrastructure.csproj".
   3:6>Task "CreateWindowsSdkKnownFrameworkReferences"
   4:9>Target "CheckForImplicitPackageReferenceOverrides" skipped. Previously built successfully.
   3:6>Done executing task "CreateWindowsSdkKnownFrameworkReferences".
   4:9>Target "AddWindowsSdkKnownFrameworkReferences" in file "C:\Program Files\dotnet\sdk\10.0.103\Sdks\Microsoft.NET.Sdk\targets\Microsoft.NET.Sdk.FrameworkReferenceResolution.targets" from project "c:\Apps\TicketConsolidator\src\TicketConsolidator.Infrastructure\TicketConsolidator.Infrastructure.csproj" (target "ProcessFrameworkReferences" depends on it):
   4:9>Using "CreateWindowsSdkKnownFrameworkReferences" task from assembly "C:\Program Files\dotnet\sdk\10.0.103\Sdks\Microsoft.NET.Sdk\targets\..\tools\net10.0\Microsoft.NET.Build.Tasks.dll".
       Task "CreateWindowsSdkKnownFrameworkReferences"
       Done executing task "CreateWindowsSdkKnownFrameworkReferences".
   4:9>Done building target "AddWindowsSdkKnownFrameworkReferences" in project "TicketConsolidator.Infrastructure.csproj".
   4:9>Target "_ComputeToolPackInputsToProcessFrameworkReferences" in file "C:\Program Files\dotnet\sdk\10.0.103\Sdks\Microsoft.NET.Sdk\targets\Microsoft.NET.Publish.targets" from project "c:\Apps\TicketConsolidator\src\TicketConsolidator.Infrastructure\TicketConsolidator.Infrastructure.csproj" (target "ProcessFrameworkReferences" depends on it):
   4:9>Done building target "_ComputeToolPackInputsToProcessFrameworkReferences" in project "TicketConsolidator.Infrastructure.csproj".
   4:9>Target "ProcessFrameworkReferences" in file "C:\Program Files\dotnet\sdk\10.0.103\Sdks\Microsoft.NET.Sdk\targets\Microsoft.NET.Sdk.FrameworkReferenceResolution.targets" from project "c:\Apps\TicketConsolidator\src\TicketConsolidator.Infrastructure\TicketConsolidator.Infrastructure.csproj" (target "CollectPackageReferences" depends on it):
       Using "CheckForDuplicateFrameworkReferences" task from assembly "C:\Program Files\dotnet\sdk\10.0.103\Sdks\Microsoft.NET.Sdk\targets\..\tools\net10.0\Microsoft.NET.Build.Tasks.dll".
       Task "CheckForDuplicateFrameworkReferences"
       Done executing task "CheckForDuplicateFrameworkReferences".
       Using "ProcessFrameworkReferences" task from assembly "C:\Program Files\dotnet\sdk\10.0.103\Sdks\Microsoft.NET.Sdk\targets\..\tools\net10.0\Microsoft.NET.Build.Tasks.dll".
       Task "ProcessFrameworkReferences"
   3:6>Done building target "AddWindowsSdkKnownFrameworkReferences" in project "TicketConsolidator.UnitTests.csproj".
   3:6>Target "_ComputeToolPackInputsToProcessFrameworkReferences" in file "C:\Program Files\dotnet\sdk\10.0.103\Sdks\Microsoft.NET.Sdk\targets\Microsoft.NET.Publish.targets" from project "c:\Apps\TicketConsolidator\tests\TicketConsolidator.UnitTests\TicketConsolidator.UnitTests.csproj" (target "ProcessFrameworkReferences" depends on it):
   3:6>Done building target "_ComputeToolPackInputsToProcessFrameworkReferences" in project "TicketConsolidator.UnitTests.csproj".
     0>Overriding target "GenerateSupportedTargetFrameworkAlias" in project "C:\Program Files\dotnet\sdk\10.0.103\Microsoft.Common.CurrentVersion.targets" with target "GenerateSupportedTargetFrameworkAlias" from project "C:\Program Files\dotnet\sdk\10.0.103\Sdks\Microsoft.NET.Sdk\targets\Microsoft.NET.Sdk.targets".
   3:6>Target "ProcessFrameworkReferences" in file "C:\Program Files\dotnet\sdk\10.0.103\Sdks\Microsoft.NET.Sdk\targets\Microsoft.NET.Sdk.FrameworkReferenceResolution.targets" from project "c:\Apps\TicketConsolidator\tests\TicketConsolidator.UnitTests\TicketConsolidator.UnitTests.csproj" (target "CollectPackageReferences" depends on it):
   3:6>Using "CheckForDuplicateFrameworkReferences" task from assembly "C:\Program Files\dotnet\sdk\10.0.103\Sdks\Microsoft.NET.Sdk\targets\..\tools\net10.0\Microsoft.NET.Build.Tasks.dll".
       Task "CheckForDuplicateFrameworkReferences"
     0>Overriding target "GetReferenceAssemblyPaths" in project "C:\Program Files\dotnet\sdk\10.0.103\Microsoft.Common.CurrentVersion.targets" with target "GetReferenceAssemblyPaths" from project "C:\Program Files\dotnet\sdk\10.0.103\Sdks\Microsoft.NET.Sdk\targets\Microsoft.NET.DisableStandardFrameworkResolution.targets".
       Overriding target "GetFrameworkPaths" in project "C:\Program Files\dotnet\sdk\10.0.103\Microsoft.Common.CurrentVersion.targets" with target "GetFrameworkPaths" from project "C:\Program Files\dotnet\sdk\10.0.103\Sdks\Microsoft.NET.Sdk\targets\Microsoft.NET.DisableStandardFrameworkResolution.targets".
       Overriding target "DesignerRuntimeImplementationProjectOutputGroup" in project "C:\Program Files\dotnet\sdk\10.0.103\Microsoft.Common.CurrentVersion.targets" with target "DesignerRuntimeImplementationProjectOutputGroup" from project "C:\Program Files\dotnet\sdk\10.0.103\Sdks\Microsoft.NET.Sdk\targets\Microsoft.NET.DesignerSupport.targets".
       Overriding target "Publish" in project "C:\Program Files\dotnet\sdk\10.0.103\Microsoft.Common.CurrentVersion.targets" with target "Publish" from project "C:\Program Files\dotnet\sdk\10.0.103\Sdks\Microsoft.NET.Sdk\targets\Microsoft.NET.Publish.targets".
       Overriding target "ResolveReadyToRunCompilers" in project "C:\Program Files\dotnet\sdk\10.0.103\Sdks\Microsoft.NET.Sdk\targets\Microsoft.NET.CrossGen.targets" with target "ResolveReadyToRunCompilers" from project "C:\Program Files\dotnet\sdk\10.0.103\Sdks\Microsoft.NET.Sdk\targets\Microsoft.NET.Publish.targets".
       Overriding target "GetCopyToPublishDirectoryItems" in project "C:\Program Files\dotnet\sdk\10.0.103\Microsoft.Common.CurrentVersion.targets" with target "GetCopyToPublishDirectoryItems" from project "C:\Program Files\dotnet\sdk\10.0.103\Sdks\Microsoft.NET.Sdk\targets\Microsoft.NET.Publish.targets".
       Overriding target "Run" in project "C:\Program Files\dotnet\sdk\10.0.103\Microsoft.Common.CurrentVersion.targets" with target "Run" from project "C:\Program Files\dotnet\sdk\10.0.103\Sdks\Microsoft.NET.Sdk\targets\Microsoft.NET.Sdk.targets".
   3:6>Done executing task "CheckForDuplicateFrameworkReferences".
       Using "ProcessFrameworkReferences" task from assembly "C:\Program Files\dotnet\sdk\10.0.103\Sdks\Microsoft.NET.Sdk\targets\..\tools\net10.0\Microsoft.NET.Build.Tasks.dll".
       Task "ProcessFrameworkReferences"
     0>The "DefaultSdkResolver" resolver attempted to resolve the SDK "Microsoft.NET.SDK.WorkloadAutoImportPropsLocator".
Warnings: null
Errors: MSB4276: The default SDK resolver failed to resolve SDK "Microsoft.NET.SDK.WorkloadAutoImportPropsLocator" because directory "C:\Program Files\dotnet\sdk\10.0.103\Sdks\Microsoft.NET.SDK.WorkloadAutoImportPropsLocator\Sdk" did not exist.
   4:9>ProcessFrameworkReferences:
         Found 2 known framework references for target framework .NETCoreApp
         Found 5 known runtime packs for target framework .NETCoreApp
         Selected Microsoft.NETCore.App with RIDs 'linux-arm;linux-arm64;linux-musl-arm64;linux-musl-x64;linux-x64;osx-x64;tizen.4.0.0-armel;tizen.5.0.0-armel;win-arm64;win-x64;win-x86;linux-musl-arm;osx-arm64;linux-s390x;linux-loongarch64;linux-bionic-arm;linux-bionic-arm64;linux-bionic-x64;linux-bionic-x86;linux-ppc64le;freebsd-x64;freebsd-arm64;linux-riscv64;linux-musl-riscv64;linux-musl-loongarch64;android-arm64;android-x64'
         Selected targeting pack 'Microsoft.NETCore.App@10.0.3'
         Added runtime framework 'Microsoft.NETCore.App@10.0.0'
         Selected Microsoft.WindowsDesktop.App with RIDs 'win-x64;win-x86;win-arm64'
         Selected targeting pack 'Microsoft.WindowsDesktop.App@10.0.3'
         Added runtime framework 'Microsoft.WindowsDesktop.App@10.0.0'
         Selected Microsoft.WindowsDesktop.App with RIDs 'win-x64;win-x86;win-arm64'
         Selected targeting pack 'Microsoft.WindowsDesktop.App.WPF@10.0.3'
         Added runtime framework 'Microsoft.WindowsDesktop.App@10.0.0'
         Selected Microsoft.WindowsDesktop.App with RIDs 'win-x64;win-x86;win-arm64'
   1:2>Project "c:\Apps\TicketConsolidator\TicketConsolidator.sln" (1:2) is building "c:\Apps\TicketConsolidator\src\TicketConsolidator.Application\TicketConsolidator.Application.csproj" (2:9) on node 3 (default targets).
   2:9>Target "_CollectTargetFrameworkForTelemetry" in file "C:\Program Files\dotnet\sdk\10.0.103\Sdks\Microsoft.NET.Sdk\targets\Microsoft.NET.TargetFrameworkInference.targets" from project "c:\Apps\TicketConsolidator\src\TicketConsolidator.Application\TicketConsolidator.Application.csproj" (target "_CheckForInvalidConfigurationAndPlatform" depends on it):
   2:9>Using "AllowEmptyTelemetry" task from assembly "C:\Program Files\dotnet\sdk\10.0.103\Sdks\Microsoft.NET.Sdk\targets\..\tools\net10.0\Microsoft.NET.Build.Tasks.dll".
   4:9>ProcessFrameworkReferences:
         Selected targeting pack 'Microsoft.WindowsDesktop.App.WindowsForms@10.0.3'
         Added runtime framework 'Microsoft.WindowsDesktop.App@10.0.0'
   2:9>Task "AllowEmptyTelemetry"
   4:9>ProcessFrameworkReferences:
         Selected Microsoft.AspNetCore.App with RIDs 'win-x64;win-x86;osx-x64;linux-musl-x64;linux-musl-arm64;linux-x64;linux-arm;linux-arm64;linux-musl-arm;win-arm64;osx-arm64;linux-s390x;linux-loongarch64;linux-ppc64le;freebsd-x64;freebsd-arm64;linux-riscv64;linux-musl-riscv64;linux-loongarch64;linux-musl-loongarch64'
   2:9>Done executing task "AllowEmptyTelemetry".
   4:9>ProcessFrameworkReferences:
         Selected targeting pack 'Microsoft.AspNetCore.App@10.0.3'
   2:9>Done building target "_CollectTargetFrameworkForTelemetry" in project "TicketConsolidator.Application.csproj".
   4:9>ProcessFrameworkReferences:
         Added runtime framework 'Microsoft.AspNetCore.App@10.0.0'
       Done executing task "ProcessFrameworkReferences".
   2:9>Target "_CheckForUnsupportedNETCoreVersion" in file "C:\Program Files\dotnet\sdk\10.0.103\Sdks\Microsoft.NET.Sdk\targets\Microsoft.NET.TargetFrameworkInference.targets" from project "c:\Apps\TicketConsolidator\src\TicketConsolidator.Application\TicketConsolidator.Application.csproj" (target "_CheckForInvalidConfigurationAndPlatform" depends on it):
   2:9>Done building target "_CheckForUnsupportedNETCoreVersion" in project "TicketConsolidator.Application.csproj".
   4:9>ProcessFrameworkReferences:
       Using "ResolveAppHosts" task from assembly "C:\Program Files\dotnet\sdk\10.0.103\Sdks\Microsoft.NET.Sdk\targets\..\tools\net10.0\Microsoft.NET.Build.Tasks.dll".
       Task "ResolveAppHosts"
   2:9>Target "_CheckForUnsupportedCppNETCoreVersion" in file "C:\Program Files\dotnet\sdk\10.0.103\Sdks\Microsoft.NET.Sdk\targets\Microsoft.NET.TargetFrameworkInference.targets" from project "c:\Apps\TicketConsolidator\src\TicketConsolidator.Application\TicketConsolidator.Application.csproj" (target "_CheckForInvalidConfigurationAndPlatform" depends on it):
   2:9>Done building target "_CheckForUnsupportedCppNETCoreVersion" in project "TicketConsolidator.Application.csproj".
   4:9>Done executing task "ResolveAppHosts".
   4:9>Done building target "ProcessFrameworkReferences" in project "TicketConsolidator.Infrastructure.csproj".
   2:9>Target "_CheckForUnsupportedArtifactsPath" in file "C:\Program Files\dotnet\sdk\10.0.103\Sdks\Microsoft.NET.Sdk\targets\Microsoft.NET.DefaultOutputPaths.targets" from project "c:\Apps\TicketConsolidator\src\TicketConsolidator.Application\TicketConsolidator.Application.csproj" (target "_CheckForInvalidConfigurationAndPlatform" depends on it):
   2:9>Done building target "_CheckForUnsupportedArtifactsPath" in project "TicketConsolidator.Application.csproj".
   4:9>Target "_CheckForObsoleteDotNetCliToolReferences" in file "C:\Program Files\dotnet\sdk\10.0.103\Sdks\Microsoft.NET.Sdk\targets\Microsoft.NET.ObsoleteReferences.targets" from project "c:\Apps\TicketConsolidator\src\TicketConsolidator.Infrastructure\TicketConsolidator.Infrastructure.csproj" (target "CollectPackageReferences" depends on it):
   4:9>Done building target "_CheckForObsoleteDotNetCliToolReferences" in project "TicketConsolidator.Infrastructure.csproj".
   2:9>Target "_CheckForUnsupportedHostingUsage" in file "C:\Program Files\dotnet\sdk\10.0.103\Sdks\Microsoft.NET.Sdk\targets\Microsoft.NET.RuntimeIdentifierInference.targets" from project "c:\Apps\TicketConsolidator\src\TicketConsolidator.Application\TicketConsolidator.Application.csproj" (target "_CheckForInvalidConfigurationAndPlatform" depends on it):
   2:9>Done building target "_CheckForUnsupportedHostingUsage" in project "TicketConsolidator.Application.csproj".
   2:9>Target "_CheckAndUnsetUnsupportedPrefer32Bit" in file "C:\Program Files\dotnet\sdk\10.0.103\Sdks\Microsoft.NET.Sdk\targets\Microsoft.NET.RuntimeIdentifierInference.targets" from project "c:\Apps\TicketConsolidator\src\TicketConsolidator.Application\TicketConsolidator.Application.csproj" (target "_CheckForInvalidConfigurationAndPlatform" depends on it):
   2:9>Done building target "_CheckAndUnsetUnsupportedPrefer32Bit" in project "TicketConsolidator.Application.csproj".
   4:9>Target "CollectPackageReferences" in file "C:\Program Files\dotnet\sdk\10.0.103\NuGet.targets" from project "c:\Apps\TicketConsolidator\src\TicketConsolidator.Infrastructure\TicketConsolidator.Infrastructure.csproj" (target "_GetRestoreProjectStyle" depends on it):
   4:9>Using "CheckForDuplicateNuGetItemsTask" task from assembly "C:\Program Files\dotnet\sdk\10.0.103\NuGet.Build.Tasks.dll".
   2:9>Target "_CheckForLanguageAndFeatureCombinationSupport" in file "C:\Program Files\dotnet\sdk\10.0.103\Sdks\Microsoft.NET.Sdk\targets\Microsoft.NET.RuntimeIdentifierInference.targets" from project "c:\Apps\TicketConsolidator\src\TicketConsolidator.Application\TicketConsolidator.Application.csproj" (target "_CheckForInvalidConfigurationAndPlatform" depends on it):
   2:9>Done building target "_CheckForLanguageAndFeatureCombinationSupport" in project "TicketConsolidator.Application.csproj".
   2:9>Target "CheckForImplicitPackageReferenceOverrides" in file "C:\Program Files\dotnet\sdk\10.0.103\Sdks\Microsoft.NET.Sdk\targets\Microsoft.NET.Sdk.DefaultItems.Shared.targets" from project "c:\Apps\TicketConsolidator\src\TicketConsolidator.Application\TicketConsolidator.Application.csproj" (target "CollectPackageReferences" depends on it):
       Using "CheckForImplicitPackageReferenceOverrides" task from assembly "C:\Program Files\dotnet\sdk\10.0.103\Sdks\Microsoft.NET.Sdk\targets\..\tools\net10.0\Microsoft.NET.Build.Tasks.dll".
       Task "CheckForImplicitPackageReferenceOverrides"
       Done executing task "CheckForImplicitPackageReferenceOverrides".
   2:9>Done building target "CheckForImplicitPackageReferenceOverrides" in project "TicketConsolidator.Application.csproj".
   4:9>Task "CheckForDuplicateNuGetItemsTask"
   2:9>Target "_ComputeToolPackInputsToProcessFrameworkReferences" in file "C:\Program Files\dotnet\sdk\10.0.103\Sdks\Microsoft.NET.Sdk\targets\Microsoft.NET.Publish.targets" from project "c:\Apps\TicketConsolidator\src\TicketConsolidator.Application\TicketConsolidator.Application.csproj" (target "ProcessFrameworkReferences" depends on it):
   2:9>Done building target "_ComputeToolPackInputsToProcessFrameworkReferences" in project "TicketConsolidator.Application.csproj".
   2:9>Target "ProcessFrameworkReferences" in file "C:\Program Files\dotnet\sdk\10.0.103\Sdks\Microsoft.NET.Sdk\targets\Microsoft.NET.Sdk.FrameworkReferenceResolution.targets" from project "c:\Apps\TicketConsolidator\src\TicketConsolidator.Application\TicketConsolidator.Application.csproj" (target "CollectPackageReferences" depends on it):
       Using "CheckForDuplicateFrameworkReferences" task from assembly "C:\Program Files\dotnet\sdk\10.0.103\Sdks\Microsoft.NET.Sdk\targets\..\tools\net10.0\Microsoft.NET.Build.Tasks.dll".
       Task "CheckForDuplicateFrameworkReferences"
       Done executing task "CheckForDuplicateFrameworkReferences".
   4:9>Done executing task "CheckForDuplicateNuGetItemsTask".
   2:9>ProcessFrameworkReferences:
       Using "ProcessFrameworkReferences" task from assembly "C:\Program Files\dotnet\sdk\10.0.103\Sdks\Microsoft.NET.Sdk\targets\..\tools\net10.0\Microsoft.NET.Build.Tasks.dll".
   4:9>Done building target "CollectPackageReferences" in project "TicketConsolidator.Infrastructure.csproj".
   2:9>Task "ProcessFrameworkReferences"
   4:9>Target "_GetRestoreProjectStyle" in file "C:\Program Files\dotnet\sdk\10.0.103\NuGet.targets" from project "c:\Apps\TicketConsolidator\src\TicketConsolidator.Infrastructure\TicketConsolidator.Infrastructure.csproj" (target "EnableIntermediateOutputPathMismatchWarning" depends on it):
   4:9>Using "GetRestoreProjectStyleTask" task from assembly "C:\Program Files\dotnet\sdk\10.0.103\NuGet.Build.Tasks.dll".
       Task "GetRestoreProjectStyleTask"
       Done executing task "GetRestoreProjectStyleTask".
   2:9>ProcessFrameworkReferences:
         Found 1 known framework references for target framework .NETCoreApp
   4:9>Done building target "_GetRestoreProjectStyle" in project "TicketConsolidator.Infrastructure.csproj".
   2:9>ProcessFrameworkReferences:
         Found 5 known runtime packs for target framework .NETCoreApp
   4:9>Target "EnableIntermediateOutputPathMismatchWarning" in file "C:\Program Files\dotnet\sdk\10.0.103\NuGet.targets" from project "c:\Apps\TicketConsolidator\src\TicketConsolidator.Infrastructure\TicketConsolidator.Infrastructure.csproj" (target "_CheckForInvalidConfigurationAndPlatform" depends on it):
   4:9>Done building target "EnableIntermediateOutputPathMismatchWarning" in project "TicketConsolidator.Infrastructure.csproj".
   2:9>ProcessFrameworkReferences:
         Selected Microsoft.NETCore.App with RIDs 'linux-arm;linux-arm64;linux-musl-arm64;linux-musl-x64;linux-x64;osx-x64;tizen.4.0.0-armel;tizen.5.0.0-armel;win-arm64;win-x64;win-x86;linux-musl-arm;osx-arm64;linux-s390x;linux-loongarch64;linux-bionic-arm;linux-bionic-arm64;linux-bionic-x64;linux-bionic-x86;linux-ppc64le;freebsd-x64;freebsd-arm64;linux-riscv64;linux-musl-riscv64;linux-musl-loongarch64;android-arm64;android-x64'
   4:9>Target "ApplyImplicitVersions" skipped. Previously built successfully.
   2:9>ProcessFrameworkReferences:
         Selected targeting pack 'Microsoft.NETCore.App@10.0.3'
         Added runtime framework 'Microsoft.NETCore.App@10.0.0'
   4:9>Target "CheckForImplicitPackageReferenceOverrides" skipped. Previously built successfully.
   2:9>ProcessFrameworkReferences:
         Selected Microsoft.WindowsDesktop.App with RIDs 'win-x64;win-x86;win-arm64'
         Selected targeting pack 'Microsoft.WindowsDesktop.App@10.0.3'
         Added runtime framework 'Microsoft.WindowsDesktop.App@10.0.0'
   4:9>Target "CheckForDuplicateItems" in file "C:\Program Files\dotnet\sdk\10.0.103\Sdks\Microsoft.NET.Sdk\targets\Microsoft.NET.Sdk.DefaultItems.Shared.targets" from project "c:\Apps\TicketConsolidator\src\TicketConsolidator.Infrastructure\TicketConsolidator.Infrastructure.csproj" (target "_CheckForInvalidConfigurationAndPlatform" depends on it):
   4:9>Using "CheckForDuplicateItems" task from assembly "C:\Program Files\dotnet\sdk\10.0.103\Sdks\Microsoft.NET.Sdk\targets\..\tools\net10.0\Microsoft.NET.Build.Tasks.dll".
   2:9>ProcessFrameworkReferences:
         Selected Microsoft.WindowsDesktop.App with RIDs 'win-x64;win-x86;win-arm64'
   4:9>Task "CheckForDuplicateItems"
   2:9>ProcessFrameworkReferences:
         Selected targeting pack 'Microsoft.WindowsDesktop.App.WPF@10.0.3'
   4:9>Done executing task "CheckForDuplicateItems".
     0>Overriding target "ResolveFrameworkReferences" in project "C:\Program Files\dotnet\sdk\10.0.103\Microsoft.Common.CurrentVersion.targets" with target "ResolveFrameworkReferences" from project "C:\Program Files\dotnet\sdk\10.0.103\Sdks\Microsoft.NET.Sdk\targets\Microsoft.NET.Sdk.FrameworkReferenceResolution.targets".
   2:9>ProcessFrameworkReferences:
         Added runtime framework 'Microsoft.WindowsDesktop.App@10.0.0'
   3:6>ProcessFrameworkReferences:
         Found 1 known framework references for target framework .NETCoreApp
   4:9>Task "CheckForDuplicateItems"
     0>Overriding target "GenerateSupportedTargetFrameworkAlias" in project "C:\Program Files\dotnet\sdk\10.0.103\Microsoft.Common.CurrentVersion.targets" with target "GenerateSupportedTargetFrameworkAlias" from project "C:\Program Files\dotnet\sdk\10.0.103\Sdks\Microsoft.NET.Sdk\targets\Microsoft.NET.Sdk.targets".
   2:9>ProcessFrameworkReferences:
         Selected Microsoft.WindowsDesktop.App with RIDs 'win-x64;win-x86;win-arm64'
   3:6>ProcessFrameworkReferences:
         Found 5 known runtime packs for target framework .NETCoreApp
   2:9>ProcessFrameworkReferences:
         Selected targeting pack 'Microsoft.WindowsDesktop.App.WindowsForms@10.0.3'
   3:6>ProcessFrameworkReferences:
         Selected Microsoft.NETCore.App with RIDs 'linux-arm;linux-arm64;linux-musl-arm64;linux-musl-x64;linux-x64;osx-x64;tizen.4.0.0-armel;tizen.5.0.0-armel;win-arm64;win-x64;win-x86;linux-musl-arm;osx-arm64;linux-s390x;linux-loongarch64;linux-bionic-arm;linux-bionic-arm64;linux-bionic-x64;linux-bionic-x86;linux-ppc64le;freebsd-x64;freebsd-arm64;linux-riscv64;linux-musl-riscv64;linux-musl-loongarch64;android-arm64;android-x64'
     0>Overriding target "GetReferenceAssemblyPaths" in project "C:\Program Files\dotnet\sdk\10.0.103\Microsoft.Common.CurrentVersion.targets" with target "GetReferenceAssemblyPaths" from project "C:\Program Files\dotnet\sdk\10.0.103\Sdks\Microsoft.NET.Sdk\targets\Microsoft.NET.DisableStandardFrameworkResolution.targets".
   2:9>ProcessFrameworkReferences:
         Added runtime framework 'Microsoft.WindowsDesktop.App@10.0.0'
   3:6>ProcessFrameworkReferences:
         Selected targeting pack 'Microsoft.NETCore.App@10.0.3'
   2:9>ProcessFrameworkReferences:
         Selected Microsoft.AspNetCore.App with RIDs 'win-x64;win-x86;osx-x64;linux-musl-x64;linux-musl-arm64;linux-x64;linux-arm;linux-arm64;linux-musl-arm;win-arm64;osx-arm64;linux-s390x;linux-loongarch64;linux-ppc64le;freebsd-x64;freebsd-arm64;linux-riscv64;linux-musl-riscv64;linux-loongarch64;linux-musl-loongarch64'
     0>Overriding target "GetFrameworkPaths" in project "C:\Program Files\dotnet\sdk\10.0.103\Microsoft.Common.CurrentVersion.targets" with target "GetFrameworkPaths" from project "C:\Program Files\dotnet\sdk\10.0.103\Sdks\Microsoft.NET.Sdk\targets\Microsoft.NET.DisableStandardFrameworkResolution.targets".
   3:6>ProcessFrameworkReferences:
         Added runtime framework 'Microsoft.NETCore.App@10.0.0'
   2:9>ProcessFrameworkReferences:
         Selected targeting pack 'Microsoft.AspNetCore.App@10.0.3'
     0>Overriding target "DesignerRuntimeImplementationProjectOutputGroup" in project "C:\Program Files\dotnet\sdk\10.0.103\Microsoft.Common.CurrentVersion.targets" with target "DesignerRuntimeImplementationProjectOutputGroup" from project "C:\Program Files\dotnet\sdk\10.0.103\Sdks\Microsoft.NET.Sdk\targets\Microsoft.NET.DesignerSupport.targets".
   3:6>ProcessFrameworkReferences:
         Selected Microsoft.WindowsDesktop.App with RIDs 'win-x64;win-x86;win-arm64'
   2:9>ProcessFrameworkReferences:
         Added runtime framework 'Microsoft.AspNetCore.App@10.0.0'
   3:6>ProcessFrameworkReferences:
         Selected targeting pack 'Microsoft.WindowsDesktop.App@10.0.3'
     0>Overriding target "Publish" in project "C:\Program Files\dotnet\sdk\10.0.103\Microsoft.Common.CurrentVersion.targets" with target "Publish" from project "C:\Program Files\dotnet\sdk\10.0.103\Sdks\Microsoft.NET.Sdk\targets\Microsoft.NET.Publish.targets".
   3:6>ProcessFrameworkReferences:
         Added runtime framework 'Microsoft.WindowsDesktop.App@10.0.0'
     0>Overriding target "ResolveReadyToRunCompilers" in project "C:\Program Files\dotnet\sdk\10.0.103\Sdks\Microsoft.NET.Sdk\targets\Microsoft.NET.CrossGen.targets" with target "ResolveReadyToRunCompilers" from project "C:\Program Files\dotnet\sdk\10.0.103\Sdks\Microsoft.NET.Sdk\targets\Microsoft.NET.Publish.targets".
   3:6>ProcessFrameworkReferences:
         Selected Microsoft.WindowsDesktop.App with RIDs 'win-x64;win-x86;win-arm64'
         Selected targeting pack 'Microsoft.WindowsDesktop.App.WPF@10.0.3'
     0>Overriding target "GetCopyToPublishDirectoryItems" in project "C:\Program Files\dotnet\sdk\10.0.103\Microsoft.Common.CurrentVersion.targets" with target "GetCopyToPublishDirectoryItems" from project "C:\Program Files\dotnet\sdk\10.0.103\Sdks\Microsoft.NET.Sdk\targets\Microsoft.NET.Publish.targets".
   3:6>ProcessFrameworkReferences:
         Added runtime framework 'Microsoft.WindowsDesktop.App@10.0.0'
     0>Overriding target "Run" in project "C:\Program Files\dotnet\sdk\10.0.103\Microsoft.Common.CurrentVersion.targets" with target "Run" from project "C:\Program Files\dotnet\sdk\10.0.103\Sdks\Microsoft.NET.Sdk\targets\Microsoft.NET.Sdk.targets".
   3:6>ProcessFrameworkReferences:
         Selected Microsoft.WindowsDesktop.App with RIDs 'win-x64;win-x86;win-arm64'
     0>Overriding target "SatelliteDllsProjectOutputGroup" in project "C:\Program Files\dotnet\sdk\10.0.103\Microsoft.Common.CurrentVersion.targets" with target "SatelliteDllsProjectOutputGroup" from project "C:\Program Files\dotnet\sdk\10.0.103\Sdks\Microsoft.NET.Sdk.WindowsDesktop\targets\Microsoft.WinFX.targets".
       The target "ResolveNuGetPackageAssets" listed in an AfterTargets attribute at "C:\Users\krish.maniar.ATPL-LAP-723\.nuget\packages\microsoft.extensions.configuration.binder\10.0.1\buildTransitive\netstandard2.0\Microsoft.Extensions.Configuration.Binder.targets (9,13)" does not exist in the project, and will be ignored.
   3:6>ProcessFrameworkReferences:
         Selected targeting pack 'Microsoft.WindowsDesktop.App.WindowsForms@10.0.3'
         Added runtime framework 'Microsoft.WindowsDesktop.App@10.0.0'
         Selected Microsoft.AspNetCore.App with RIDs 'win-x64;win-x86;osx-x64;linux-musl-x64;linux-musl-arm64;linux-x64;linux-arm;linux-arm64;linux-musl-arm;win-arm64;osx-arm64;linux-s390x;linux-loongarch64;linux-ppc64le;freebsd-x64;freebsd-arm64;linux-riscv64;linux-musl-riscv64;linux-loongarch64;linux-musl-loongarch64'
   4:9>Done executing task "CheckForDuplicateItems".
   3:6>ProcessFrameworkReferences:
         Selected targeting pack 'Microsoft.AspNetCore.App@10.0.3'
         Added runtime framework 'Microsoft.AspNetCore.App@10.0.0'
   4:9>Task "CheckForDuplicateItems"
   2:9>Done executing task "ProcessFrameworkReferences".
       Using "ResolveAppHosts" task from assembly "C:\Program Files\dotnet\sdk\10.0.103\Sdks\Microsoft.NET.Sdk\targets\..\tools\net10.0\Microsoft.NET.Build.Tasks.dll".
       Task "ResolveAppHosts"
   4:9>Done executing task "CheckForDuplicateItems".
   3:6>Done executing task "ProcessFrameworkReferences".
   4:9>Done building target "CheckForDuplicateItems" in project "TicketConsolidator.Infrastructure.csproj".
   3:6>ProcessFrameworkReferences:
       Using "ResolveAppHosts" task from assembly "C:\Program Files\dotnet\sdk\10.0.103\Sdks\Microsoft.NET.Sdk\targets\..\tools\net10.0\Microsoft.NET.Build.Tasks.dll".
       Task "ResolveAppHosts"
   2:9>Done executing task "ResolveAppHosts".
   4:9>Target "_CheckForInvalidWindowsDesktopTargetingConfiguration" in file "C:\Program Files\dotnet\sdk\10.0.103\Sdks\Microsoft.NET.Sdk\targets\Microsoft.NET.Sdk.DefaultItems.targets" from project "c:\Apps\TicketConsolidator\src\TicketConsolidator.Infrastructure\TicketConsolidator.Infrastructure.csproj" (target "_CheckForInvalidConfigurationAndPlatform" depends on it):
   4:9>Done building target "_CheckForInvalidWindowsDesktopTargetingConfiguration" in project "TicketConsolidator.Infrastructure.csproj".
   2:9>Done building target "ProcessFrameworkReferences" in project "TicketConsolidator.Application.csproj".
   4:9>Target "ProcessFrameworkReferences" skipped. Previously built successfully.
     0>Overriding target "ResolveFrameworkReferences" in project "C:\Program Files\dotnet\sdk\10.0.103\Microsoft.Common.CurrentVersion.targets" with target "ResolveFrameworkReferences" from project "C:\Program Files\dotnet\sdk\10.0.103\Sdks\Microsoft.NET.Sdk\targets\Microsoft.NET.Sdk.FrameworkReferenceResolution.targets".
   2:9>Target "_CheckForObsoleteDotNetCliToolReferences" in file "C:\Program Files\dotnet\sdk\10.0.103\Sdks\Microsoft.NET.Sdk\targets\Microsoft.NET.ObsoleteReferences.targets" from project "c:\Apps\TicketConsolidator\src\TicketConsolidator.Application\TicketConsolidator.Application.csproj" (target "CollectPackageReferences" depends on it):
   2:9>Done building target "_CheckForObsoleteDotNetCliToolReferences" in project "TicketConsolidator.Application.csproj".
   4:9>Target "CheckForDuplicateItems" skipped. Previously built successfully.
     0>Overriding target "GenerateSupportedTargetFrameworkAlias" in project "C:\Program Files\dotnet\sdk\10.0.103\Microsoft.Common.CurrentVersion.targets" with target "GenerateSupportedTargetFrameworkAlias" from project "C:\Program Files\dotnet\sdk\10.0.103\Sdks\Microsoft.NET.Sdk\targets\Microsoft.NET.Sdk.targets".
   2:9>Target "CollectPackageReferences" in file "C:\Program Files\dotnet\sdk\10.0.103\NuGet.targets" from project "c:\Apps\TicketConsolidator\src\TicketConsolidator.Application\TicketConsolidator.Application.csproj" (target "_GetRestoreProjectStyle" depends on it):
   2:9>Using "CheckForDuplicateNuGetItemsTask" task from assembly "C:\Program Files\dotnet\sdk\10.0.103\NuGet.Build.Tasks.dll".
   4:9>Target "CheckForDuplicatePageItems" in file "C:\Program Files\dotnet\sdk\10.0.103\Sdks\Microsoft.NET.Sdk.WindowsDesktop\targets\Microsoft.NET.Sdk.WindowsDesktop.targets" from project "c:\Apps\TicketConsolidator\src\TicketConsolidator.Infrastructure\TicketConsolidator.Infrastructure.csproj" (target "_CheckForInvalidConfigurationAndPlatform" depends on it):
   4:9>Task "CheckForDuplicateItems"
   2:9>Task "CheckForDuplicateNuGetItemsTask"
   4:9>Done executing task "CheckForDuplicateItems".
     0>Overriding target "GetReferenceAssemblyPaths" in project "C:\Program Files\dotnet\sdk\10.0.103\Microsoft.Common.CurrentVersion.targets" with target "GetReferenceAssemblyPaths" from project "C:\Program Files\dotnet\sdk\10.0.103\Sdks\Microsoft.NET.Sdk\targets\Microsoft.NET.DisableStandardFrameworkResolution.targets".
   2:9>Done executing task "CheckForDuplicateNuGetItemsTask".
   4:9>Done building target "CheckForDuplicatePageItems" in project "TicketConsolidator.Infrastructure.csproj".
     0>Overriding target "GetFrameworkPaths" in project "C:\Program Files\dotnet\sdk\10.0.103\Microsoft.Common.CurrentVersion.targets" with target "GetFrameworkPaths" from project "C:\Program Files\dotnet\sdk\10.0.103\Sdks\Microsoft.NET.Sdk\targets\Microsoft.NET.DisableStandardFrameworkResolution.targets".
   2:9>Done building target "CollectPackageReferences" in project "TicketConsolidator.Application.csproj".
     0>Overriding target "DesignerRuntimeImplementationProjectOutputGroup" in project "C:\Program Files\dotnet\sdk\10.0.103\Microsoft.Common.CurrentVersion.targets" with target "DesignerRuntimeImplementationProjectOutputGroup" from project "C:\Program Files\dotnet\sdk\10.0.103\Sdks\Microsoft.NET.Sdk\targets\Microsoft.NET.DesignerSupport.targets".
   3:6>Done executing task "ResolveAppHosts".
     0>Overriding target "Publish" in project "C:\Program Files\dotnet\sdk\10.0.103\Microsoft.Common.CurrentVersion.targets" with target "Publish" from project "C:\Program Files\dotnet\sdk\10.0.103\Sdks\Microsoft.NET.Sdk\targets\Microsoft.NET.Publish.targets".
       Overriding target "ResolveReadyToRunCompilers" in project "C:\Program Files\dotnet\sdk\10.0.103\Sdks\Microsoft.NET.Sdk\targets\Microsoft.NET.CrossGen.targets" with target "ResolveReadyToRunCompilers" from project "C:\Program Files\dotnet\sdk\10.0.103\Sdks\Microsoft.NET.Sdk\targets\Microsoft.NET.Publish.targets".
       Overriding target "GetCopyToPublishDirectoryItems" in project "C:\Program Files\dotnet\sdk\10.0.103\Microsoft.Common.CurrentVersion.targets" with target "GetCopyToPublishDirectoryItems" from project "C:\Program Files\dotnet\sdk\10.0.103\Sdks\Microsoft.NET.Sdk\targets\Microsoft.NET.Publish.targets".
       Overriding target "Run" in project "C:\Program Files\dotnet\sdk\10.0.103\Microsoft.Common.CurrentVersion.targets" with target "Run" from project "C:\Program Files\dotnet\sdk\10.0.103\Sdks\Microsoft.NET.Sdk\targets\Microsoft.NET.Sdk.targets".
       Overriding target "BeforePublish" in project "C:\Program Files\dotnet\sdk\10.0.103\Microsoft.Common.CurrentVersion.targets" with target "BeforePublish" from project "C:\Program Files\dotnet\sdk\10.0.103\Sdks\Microsoft.NET.Sdk.Publish\targets\Microsoft.NET.Sdk.Publish.targets".
   3:6>Done building target "ProcessFrameworkReferences" in project "TicketConsolidator.UnitTests.csproj".
   4:9>Target "_WindowsDesktopFrameworkRequiresUseWpfOrUseWindowsForms" in file "C:\Program Files\dotnet\sdk\10.0.103\Sdks\Microsoft.NET.Sdk.WindowsDesktop\targets\Microsoft.NET.Sdk.WindowsDesktop.targets" from project "c:\Apps\TicketConsolidator\src\TicketConsolidator.Infrastructure\TicketConsolidator.Infrastructure.csproj" (target "_CheckForInvalidConfigurationAndPlatform" depends on it):
   4:9>Done building target "_WindowsDesktopFrameworkRequiresUseWpfOrUseWindowsForms" in project "TicketConsolidator.Infrastructure.csproj".
     0>Overriding target "AfterPublish" in project "C:\Program Files\dotnet\sdk\10.0.103\Microsoft.Common.CurrentVersion.targets" with target "AfterPublish" from project "C:\Program Files\dotnet\sdk\10.0.103\Sdks\Microsoft.NET.Sdk.Publish\targets\Microsoft.NET.Sdk.Publish.targets".
   2:9>Target "_GetRestoreProjectStyle" in file "C:\Program Files\dotnet\sdk\10.0.103\NuGet.targets" from project "c:\Apps\TicketConsolidator\src\TicketConsolidator.Application\TicketConsolidator.Application.csproj" (target "EnableIntermediateOutputPathMismatchWarning" depends on it):
   2:9>Using "GetRestoreProjectStyleTask" task from assembly "C:\Program Files\dotnet\sdk\10.0.103\NuGet.Build.Tasks.dll".
     0>The target "CollectUpToDateCheckInputDesignTime" listed in a BeforeTargets attribute at "C:\Program Files\dotnet\sdk\10.0.103\Sdks\Microsoft.NET.Sdk.StaticWebAssets\targets\Microsoft.NET.Sdk.StaticWebAssets.ScopedCss.targets (171,5)" does not exist in the project, and will be ignored.
       The target "CollectUpToDateCheckBuiltDesignTime" listed in a BeforeTargets attribute at "C:\Program Files\dotnet\sdk\10.0.103\Sdks\Microsoft.NET.Sdk.StaticWebAssets\targets\Microsoft.NET.Sdk.StaticWebAssets.ScopedCss.targets (171,5)" does not exist in the project, and will be ignored.
       The target "RazorGenerateComponentDeclaration" listed in an AfterTargets attribute at "C:\Program Files\dotnet\sdk\10.0.103\Sdks\Microsoft.NET.Sdk.Razor\targets\Microsoft.NET.Sdk.Razor.DesignTime.targets (55,53)" does not exist in the project, and will be ignored.
   2:9>Task "GetRestoreProjectStyleTask"
   3:6>Target "_CheckForObsoleteDotNetCliToolReferences" in file "C:\Program Files\dotnet\sdk\10.0.103\Sdks\Microsoft.NET.Sdk\targets\Microsoft.NET.ObsoleteReferences.targets" from project "c:\Apps\TicketConsolidator\tests\TicketConsolidator.UnitTests\TicketConsolidator.UnitTests.csproj" (target "CollectPackageReferences" depends on it):
   3:6>Done building target "_CheckForObsoleteDotNetCliToolReferences" in project "TicketConsolidator.UnitTests.csproj".
   2:9>Done executing task "GetRestoreProjectStyleTask".
   4:9>Target "_CheckForInvalidConfigurationAndPlatform" in file "C:\Program Files\dotnet\sdk\10.0.103\Microsoft.Common.CurrentVersion.targets" from project "c:\Apps\TicketConsolidator\src\TicketConsolidator.Infrastructure\TicketConsolidator.Infrastructure.csproj" (target "BeforeBuild" depends on it):
   4:9>Task "Message"
   2:9>Done building target "_GetRestoreProjectStyle" in project "TicketConsolidator.Application.csproj".
   3:6>Target "CollectPackageReferences" in file "C:\Program Files\dotnet\sdk\10.0.103\NuGet.targets" from project "c:\Apps\TicketConsolidator\tests\TicketConsolidator.UnitTests\TicketConsolidator.UnitTests.csproj" (target "_GetRestoreProjectStyle" depends on it):
   3:6>Using "CheckForDuplicateNuGetItemsTask" task from assembly "C:\Program Files\dotnet\sdk\10.0.103\NuGet.Build.Tasks.dll".
   2:9>Target "EnableIntermediateOutputPathMismatchWarning" in file "C:\Program Files\dotnet\sdk\10.0.103\NuGet.targets" from project "c:\Apps\TicketConsolidator\src\TicketConsolidator.Application\TicketConsolidator.Application.csproj" (target "_CheckForInvalidConfigurationAndPlatform" depends on it):
   2:9>Done building target "EnableIntermediateOutputPathMismatchWarning" in project "TicketConsolidator.Application.csproj".
   3:6>Task "CheckForDuplicateNuGetItemsTask"
   2:9>Target "CheckForImplicitPackageReferenceOverrides" skipped. Previously built successfully.
   3:6>Done executing task "CheckForDuplicateNuGetItemsTask".
   3:6>Done building target "CollectPackageReferences" in project "TicketConsolidator.UnitTests.csproj".
   2:9>Target "CheckForDuplicateItems" in file "C:\Program Files\dotnet\sdk\10.0.103\Sdks\Microsoft.NET.Sdk\targets\Microsoft.NET.Sdk.DefaultItems.Shared.targets" from project "c:\Apps\TicketConsolidator\src\TicketConsolidator.Application\TicketConsolidator.Application.csproj" (target "_CheckForInvalidConfigurationAndPlatform" depends on it):
   2:9>Using "CheckForDuplicateItems" task from assembly "C:\Program Files\dotnet\sdk\10.0.103\Sdks\Microsoft.NET.Sdk\targets\..\tools\net10.0\Microsoft.NET.Build.Tasks.dll".
       Task "CheckForDuplicateItems"
   3:6>Target "_GetRestoreProjectStyle" in file "C:\Program Files\dotnet\sdk\10.0.103\NuGet.targets" from project "c:\Apps\TicketConsolidator\tests\TicketConsolidator.UnitTests\TicketConsolidator.UnitTests.csproj" (target "EnableIntermediateOutputPathMismatchWarning" depends on it):
   3:6>Using "GetRestoreProjectStyleTask" task from assembly "C:\Program Files\dotnet\sdk\10.0.103\NuGet.Build.Tasks.dll".
   2:9>Done executing task "CheckForDuplicateItems".
   3:6>Task "GetRestoreProjectStyleTask"
   2:9>Task "CheckForDuplicateItems"
   3:6>Done executing task "GetRestoreProjectStyleTask".
   2:9>Done executing task "CheckForDuplicateItems".
   3:6>Done building target "_GetRestoreProjectStyle" in project "TicketConsolidator.UnitTests.csproj".
   2:9>Task "CheckForDuplicateItems"
       Done executing task "CheckForDuplicateItems".
   2:9>Done building target "CheckForDuplicateItems" in project "TicketConsolidator.Application.csproj".
   3:6>Target "EnableIntermediateOutputPathMismatchWarning" in file "C:\Program Files\dotnet\sdk\10.0.103\NuGet.targets" from project "c:\Apps\TicketConsolidator\tests\TicketConsolidator.UnitTests\TicketConsolidator.UnitTests.csproj" (target "_CheckForInvalidConfigurationAndPlatform" depends on it):
   3:6>Done building target "EnableIntermediateOutputPathMismatchWarning" in project "TicketConsolidator.UnitTests.csproj".
   2:9>Target "ProcessFrameworkReferences" skipped. Previously built successfully.
   3:6>Target "ApplyImplicitVersions" skipped. Previously built successfully.
       Target "CheckForImplicitPackageReferenceOverrides" skipped. Previously built successfully.
   2:9>Target "_CheckForInvalidConfigurationAndPlatform" in file "C:\Program Files\dotnet\sdk\10.0.103\Microsoft.Common.CurrentVersion.targets" from project "c:\Apps\TicketConsolidator\src\TicketConsolidator.Application\TicketConsolidator.Application.csproj" (target "BeforeBuild" depends on it):
   2:9>Task "Message"
         Configuration=Debug
   3:6>Target "CheckForDuplicateItems" in file "C:\Program Files\dotnet\sdk\10.0.103\Sdks\Microsoft.NET.Sdk\targets\Microsoft.NET.Sdk.DefaultItems.Shared.targets" from project "c:\Apps\TicketConsolidator\tests\TicketConsolidator.UnitTests\TicketConsolidator.UnitTests.csproj" (target "_CheckForInvalidConfigurationAndPlatform" depends on it):
   3:6>Using "CheckForDuplicateItems" task from assembly "C:\Program Files\dotnet\sdk\10.0.103\Sdks\Microsoft.NET.Sdk\targets\..\tools\net10.0\Microsoft.NET.Build.Tasks.dll".
   2:9>Done executing task "Message".
   3:6>Task "CheckForDuplicateItems"
   2:9>Task "Message"
   3:6>Done executing task "CheckForDuplicateItems".
   2:9>_CheckForInvalidConfigurationAndPlatform:
         Platform=AnyCPU
   3:6>Task "CheckForDuplicateItems"
   2:9>Done executing task "Message".
   2:9>Done building target "_CheckForInvalidConfigurationAndPlatform" in project "TicketConsolidator.Application.csproj".
   3:6>Done executing task "CheckForDuplicateItems".
       Task "CheckForDuplicateItems"
   2:9>Target "ValidateCommandLineProperties" in file "C:\Program Files\dotnet\sdk\10.0.103\Sdks\Microsoft.NET.Sdk\targets\Microsoft.NET.Sdk.targets" from project "c:\Apps\TicketConsolidator\src\TicketConsolidator.Application\TicketConsolidator.Application.csproj" (target "BeforeBuild" depends on it):
   2:9>Done building target "ValidateCommandLineProperties" in project "TicketConsolidator.Application.csproj".
   3:6>Done executing task "CheckForDuplicateItems".
   3:6>Done building target "CheckForDuplicateItems" in project "TicketConsolidator.UnitTests.csproj".
   2:9>Target "BeforeBuild" in file "C:\Program Files\dotnet\sdk\10.0.103\Microsoft.Common.CurrentVersion.targets" from project "c:\Apps\TicketConsolidator\src\TicketConsolidator.Application\TicketConsolidator.Application.csproj" (target "Build" depends on it):
   2:9>Done building target "BeforeBuild" in project "TicketConsolidator.Application.csproj".
   3:6>Target "ProcessFrameworkReferences" skipped. Previously built successfully.
   3:6>Target "_CheckForInvalidConfigurationAndPlatform" in file "C:\Program Files\dotnet\sdk\10.0.103\Microsoft.Common.CurrentVersion.targets" from project "c:\Apps\TicketConsolidator\tests\TicketConsolidator.UnitTests\TicketConsolidator.UnitTests.csproj" (target "BeforeBuild" depends on it):
       Task "Message"
         Configuration=Debug
       Done executing task "Message".
   2:9>Target "BuildOnlySettings" in file "C:\Program Files\dotnet\sdk\10.0.103\Microsoft.Common.CurrentVersion.targets" from project "c:\Apps\TicketConsolidator\src\TicketConsolidator.Application\TicketConsolidator.Application.csproj" (target "CoreBuild" depends on it):
   2:9>C:\Program Files\dotnet\sdk\10.0.103\Microsoft.Common.CurrentVersion.targets(1168,7): message : Property reassignment: $(BuildingProject)="true" (previous value: "false") at C:\Program Files\dotnet\sdk\10.0.103\Microsoft.Common.CurrentVersion.targets (1168,7) [c:\Apps\TicketConsolidator\src\TicketConsolidator.Application\TicketConsolidator.Application.csproj]
   3:6>Task "Message"
   2:9>Done building target "BuildOnlySettings" in project "TicketConsolidator.Application.csproj".
   3:6>_CheckForInvalidConfigurationAndPlatform:
         Platform=AnyCPU
       Done executing task "Message".
   2:9>Target "GetFrameworkPaths" in file "C:\Program Files\dotnet\sdk\10.0.103\Sdks\Microsoft.NET.Sdk\targets\Microsoft.NET.DisableStandardFrameworkResolution.targets" from project "c:\Apps\TicketConsolidator\src\TicketConsolidator.Application\TicketConsolidator.Application.csproj" (target "PrepareForBuild" depends on it):
   2:9>Done building target "GetFrameworkPaths" in project "TicketConsolidator.Application.csproj".
   3:6>Done building target "_CheckForInvalidConfigurationAndPlatform" in project "TicketConsolidator.UnitTests.csproj".
     0>The SDK "Microsoft.NET.SDK.WorkloadAutoImportPropsLocator" was successfully resolved by the "Microsoft.DotNet.MSBuildWorkloadSdkResolver" resolver to location "C:\Program Files\dotnet\packs\Microsoft.Android.Sdk.Windows\36.1.2\Sdk" and version "null".
   2:9>Target "GetReferenceAssemblyPaths" in file "C:\Program Files\dotnet\sdk\10.0.103\Sdks\Microsoft.NET.Sdk\targets\Microsoft.NET.DisableStandardFrameworkResolution.targets" from project "c:\Apps\TicketConsolidator\src\TicketConsolidator.Application\TicketConsolidator.Application.csproj" (target "PrepareForBuild" depends on it):
   2:9>Done building target "GetReferenceAssemblyPaths" in project "TicketConsolidator.Application.csproj".
   1:2>Project "c:\Apps\TicketConsolidator\TicketConsolidator.sln" (1:2) is building "c:\Apps\TicketConsolidator\src\TicketConsolidator.Web\TicketConsolidator.Web.csproj" (6:6) on node 6 (default targets).
   6:6>Target "_CollectTargetFrameworkForTelemetry" in file "C:\Program Files\dotnet\sdk\10.0.103\Sdks\Microsoft.NET.Sdk\targets\Microsoft.NET.TargetFrameworkInference.targets" from project "c:\Apps\TicketConsolidator\src\TicketConsolidator.Web\TicketConsolidator.Web.csproj" (target "_CheckForInvalidConfigurationAndPlatform" depends on it):
   6:6>Using "AllowEmptyTelemetry" task from assembly "C:\Program Files\dotnet\sdk\10.0.103\Sdks\Microsoft.NET.Sdk\targets\..\tools\net10.0\Microsoft.NET.Build.Tasks.dll".
   3:6>Target "ValidateCommandLineProperties" in file "C:\Program Files\dotnet\sdk\10.0.103\Sdks\Microsoft.NET.Sdk\targets\Microsoft.NET.Sdk.targets" from project "c:\Apps\TicketConsolidator\tests\TicketConsolidator.UnitTests\TicketConsolidator.UnitTests.csproj" (target "BeforeBuild" depends on it):
   3:6>Done building target "ValidateCommandLineProperties" in project "TicketConsolidator.UnitTests.csproj".
   3:6>Target "BeforeBuild" in file "C:\Program Files\dotnet\sdk\10.0.103\Microsoft.Common.CurrentVersion.targets" from project "c:\Apps\TicketConsolidator\tests\TicketConsolidator.UnitTests\TicketConsolidator.UnitTests.csproj" (target "Build" depends on it):
   3:6>Done building target "BeforeBuild" in project "TicketConsolidator.UnitTests.csproj".
   2:9>Target "PrepareForBuild" in file "C:\Program Files\dotnet\sdk\10.0.103\Microsoft.Common.CurrentVersion.targets" from project "c:\Apps\TicketConsolidator\src\TicketConsolidator.Application\TicketConsolidator.Application.csproj" (target "CoreBuild" depends on it):
   2:9>Using "FindAppConfigFile" task from assembly "Microsoft.Build.Tasks.Core, Version=15.1.0.0, Culture=neutral, PublicKeyToken=b03f5f7f11d50a3a".
   6:6>Task "AllowEmptyTelemetry"
   2:9>Task "FindAppConfigFile"
   3:6>Target "BuildOnlySettings" in file "C:\Program Files\dotnet\sdk\10.0.103\Microsoft.Common.CurrentVersion.targets" from project "c:\Apps\TicketConsolidator\tests\TicketConsolidator.UnitTests\TicketConsolidator.UnitTests.csproj" (target "CoreBuild" depends on it):
   3:6>C:\Program Files\dotnet\sdk\10.0.103\Microsoft.Common.CurrentVersion.targets(1168,7): message : Property reassignment: $(BuildingProject)="true" (previous value: "false") at C:\Program Files\dotnet\sdk\10.0.103\Microsoft.Common.CurrentVersion.targets (1168,7) [c:\Apps\TicketConsolidator\tests\TicketConsolidator.UnitTests\TicketConsolidator.UnitTests.csproj]
   2:9>Done executing task "FindAppConfigFile".
       Using "MakeDir" task from assembly "Microsoft.Build.Tasks.Core, Version=15.1.0.0, Culture=neutral, PublicKeyToken=b03f5f7f11d50a3a".
   3:6>Done building target "BuildOnlySettings" in project "TicketConsolidator.UnitTests.csproj".
   2:9>Task "MakeDir"
       Done executing task "MakeDir".
   3:6>Target "GetFrameworkPaths" in file "C:\Program Files\dotnet\sdk\10.0.103\Sdks\Microsoft.NET.Sdk\targets\Microsoft.NET.DisableStandardFrameworkResolution.targets" from project "c:\Apps\TicketConsolidator\tests\TicketConsolidator.UnitTests\TicketConsolidator.UnitTests.csproj" (target "PrepareForBuild" depends on it):
   3:6>Done building target "GetFrameworkPaths" in project "TicketConsolidator.UnitTests.csproj".
   4:9>_CheckForInvalidConfigurationAndPlatform:
         Configuration=Debug
   2:9>Done building target "PrepareForBuild" in project "TicketConsolidator.Application.csproj".
   4:9>Done executing task "Message".
   6:6>Done executing task "AllowEmptyTelemetry".
   2:9>Target "GenerateTargetFrameworkDefineConstants" in file "C:\Program Files\dotnet\sdk\10.0.103\Sdks\Microsoft.NET.Sdk\targets\Microsoft.NET.Sdk.BeforeCommon.targets" from project "c:\Apps\TicketConsolidator\src\TicketConsolidator.Application\TicketConsolidator.Application.csproj" (target "AddImplicitDefineConstants" depends on it):
   2:9>Done building target "GenerateTargetFrameworkDefineConstants" in project "TicketConsolidator.Application.csproj".
   3:6>Target "GetReferenceAssemblyPaths" in file "C:\Program Files\dotnet\sdk\10.0.103\Sdks\Microsoft.NET.Sdk\targets\Microsoft.NET.DisableStandardFrameworkResolution.targets" from project "c:\Apps\TicketConsolidator\tests\TicketConsolidator.UnitTests\TicketConsolidator.UnitTests.csproj" (target "PrepareForBuild" depends on it):
   3:6>Done building target "GetReferenceAssemblyPaths" in project "TicketConsolidator.UnitTests.csproj".
   4:9>Task "Message"
   6:6>Done building target "_CollectTargetFrameworkForTelemetry" in project "TicketConsolidator.Web.csproj".
   4:9>_CheckForInvalidConfigurationAndPlatform:
         Platform=AnyCPU
   2:9>Target "GenerateNETCompatibleDefineConstants" in file "C:\Program Files\dotnet\sdk\10.0.103\Sdks\Microsoft.NET.Sdk\targets\Microsoft.NET.Sdk.BeforeCommon.targets" from project "c:\Apps\TicketConsolidator\src\TicketConsolidator.Application\TicketConsolidator.Application.csproj" (target "AddImplicitDefineConstants" depends on it):
   2:9>Done building target "GenerateNETCompatibleDefineConstants" in project "TicketConsolidator.Application.csproj".
   3:6>Target "PrepareForBuild" in file "C:\Program Files\dotnet\sdk\10.0.103\Microsoft.Common.CurrentVersion.targets" from project "c:\Apps\TicketConsolidator\tests\TicketConsolidator.UnitTests\TicketConsolidator.UnitTests.csproj" (target "CoreBuild" depends on it):
   3:6>Using "FindAppConfigFile" task from assembly "Microsoft.Build.Tasks.Core, Version=15.1.0.0, Culture=neutral, PublicKeyToken=b03f5f7f11d50a3a".
   2:9>Target "AddImplicitDefineConstants" in file "C:\Program Files\dotnet\sdk\10.0.103\Sdks\Microsoft.NET.Sdk\targets\Microsoft.NET.Sdk.BeforeCommon.targets" from project "c:\Apps\TicketConsolidator\src\TicketConsolidator.Application\TicketConsolidator.Application.csproj" (target "CoreBuild" depends on it):
   2:9>C:\Program Files\dotnet\sdk\10.0.103\Sdks\Microsoft.NET.Sdk\targets\Microsoft.NET.Sdk.BeforeCommon.targets(295,7): message : Property reassignment: $(DefineConstants)="TRACE;DEBUG;NET;NET10_0;NETCOREAPP;NET5_0_OR_GREATER;NET6_0_OR_GREATER;NET7_0_OR_GREATER;NET8_0_OR_GREATER;NET9_0_OR_GREATER;NET10_0_OR_GREATER;NETCOREAPP1_0_OR_GREATER;NETCOREAPP1_1_OR_GREATER;NETCOREAPP2_0_OR_GREATER;NETCOREAPP2_1_OR_GREATER;NETCOREAPP2_2_OR_GREATER;NETCOREAPP3_0_OR_GREATER;NETCOREAPP3_1_OR_GREATER" (previous value: "TRACE;DEBUG") at C:\Program Files\dotnet\sdk\10.0.103\Sdks\Microsoft.NET.Sdk\targets\Microsoft.NET.Sdk.BeforeCommon.targets (295,7) [c:\Apps\TicketConsolidator\src\TicketConsolidator.Application\TicketConsolidator.Application.csproj]
   4:9>Done executing task "Message".
   1:2>Project "c:\Apps\TicketConsolidator\TicketConsolidator.sln" (1:2) is building "c:\Apps\TicketConsolidator\src\TicketConsolidator.UI\TicketConsolidator.UI.csproj" (5:6) on node 4 (default targets).
   5:6>Target "NETStandardCompatError_Microsoft_Extensions_Configuration_Binder" in file "C:\Users\krish.maniar.ATPL-LAP-723\.nuget\packages\microsoft.extensions.configuration.binder\10.0.1\buildTransitive\netstandard2.0\Microsoft.Extensions.Configuration.Binder.targets" from project "c:\Apps\TicketConsolidator\src\TicketConsolidator.UI\TicketConsolidator.UI.csproj" (entry point):
   5:6>Done building target "NETStandardCompatError_Microsoft_Extensions_Configuration_Binder" in project "TicketConsolidator.UI.csproj".
   2:9>Done building target "AddImplicitDefineConstants" in project "TicketConsolidator.Application.csproj".
   3:6>Task "FindAppConfigFile"
   2:9>Target "GenerateGlobalUsings" in file "C:\Program Files\dotnet\sdk\10.0.103\Sdks\Microsoft.NET.Sdk\targets\Microsoft.NET.GenerateGlobalUsings.targets" from project "c:\Apps\TicketConsolidator\src\TicketConsolidator.Application\TicketConsolidator.Application.csproj" (target "CoreBuild" depends on it):
   2:9>Using "GenerateGlobalUsings" task from assembly "C:\Program Files\dotnet\sdk\10.0.103\Sdks\Microsoft.NET.Sdk\targets\..\tools\net10.0\Microsoft.NET.Build.Tasks.dll".
   4:9>Done building target "_CheckForInvalidConfigurationAndPlatform" in project "TicketConsolidator.Infrastructure.csproj".
   3:6>Done executing task "FindAppConfigFile".
   6:6>Target "_CheckForUnsupportedTargetPlatformIdentifier" in file "C:\Program Files\dotnet\sdk\10.0.103\Sdks\Microsoft.NET.Sdk\targets\Microsoft.NET.TargetFrameworkInference.targets" from project "c:\Apps\TicketConsolidator\src\TicketConsolidator.Web\TicketConsolidator.Web.csproj" (target "_CheckForInvalidConfigurationAndPlatform" depends on it):
   6:6>Done building target "_CheckForUnsupportedTargetPlatformIdentifier" in project "TicketConsolidator.Web.csproj".
   2:9>Task "GenerateGlobalUsings"
   6:6>Target "_CheckForUnsupportedNETCoreVersion" in file "C:\Program Files\dotnet\sdk\10.0.103\Sdks\Microsoft.NET.Sdk\targets\Microsoft.NET.TargetFrameworkInference.targets" from project "c:\Apps\TicketConsolidator\src\TicketConsolidator.Web\TicketConsolidator.Web.csproj" (target "_CheckForInvalidConfigurationAndPlatform" depends on it):
   6:6>Done building target "_CheckForUnsupportedNETCoreVersion" in project "TicketConsolidator.Web.csproj".
   2:9>Done executing task "GenerateGlobalUsings".
   3:6>PrepareForBuild:
       Using "MakeDir" task from assembly "Microsoft.Build.Tasks.Core, Version=15.1.0.0, Culture=neutral, PublicKeyToken=b03f5f7f11d50a3a".
   4:9>Target "ValidateCommandLineProperties" in file "C:\Program Files\dotnet\sdk\10.0.103\Sdks\Microsoft.NET.Sdk\targets\Microsoft.NET.Sdk.targets" from project "c:\Apps\TicketConsolidator\src\TicketConsolidator.Infrastructure\TicketConsolidator.Infrastructure.csproj" (target "BeforeBuild" depends on it):
   4:9>Done building target "ValidateCommandLineProperties" in project "TicketConsolidator.Infrastructure.csproj".
   3:6>Task "MakeDir"
       Done executing task "MakeDir".
   3:6>Done building target "PrepareForBuild" in project "TicketConsolidator.UnitTests.csproj".
   4:9>Target "BeforeBuild" in file "C:\Program Files\dotnet\sdk\10.0.103\Microsoft.Common.CurrentVersion.targets" from project "c:\Apps\TicketConsolidator\src\TicketConsolidator.Infrastructure\TicketConsolidator.Infrastructure.csproj" (target "Build" depends on it):
   4:9>Done building target "BeforeBuild" in project "TicketConsolidator.Infrastructure.csproj".
   2:9>GenerateGlobalUsings:
       Using "WriteLinesToFile" task from assembly "Microsoft.Build.Tasks.Core, Version=15.1.0.0, Culture=neutral, PublicKeyToken=b03f5f7f11d50a3a".
       Task "WriteLinesToFile"
   3:6>Target "GenerateTargetFrameworkDefineConstants" in file "C:\Program Files\dotnet\sdk\10.0.103\Sdks\Microsoft.NET.Sdk\targets\Microsoft.NET.Sdk.BeforeCommon.targets" from project "c:\Apps\TicketConsolidator\tests\TicketConsolidator.UnitTests\TicketConsolidator.UnitTests.csproj" (target "AddImplicitDefineConstants" depends on it):
   3:6>Done building target "GenerateTargetFrameworkDefineConstants" in project "TicketConsolidator.UnitTests.csproj".
   2:9>GenerateGlobalUsings:
         Skipping write to file "obj\Debug\net10.0\TicketConsolidator.Application.GlobalUsings.g.cs" because content would not change.
   4:9>Target "BuildOnlySettings" in file "C:\Program Files\dotnet\sdk\10.0.103\Microsoft.Common.CurrentVersion.targets" from project "c:\Apps\TicketConsolidator\src\TicketConsolidator.Infrastructure\TicketConsolidator.Infrastructure.csproj" (target "CoreBuild" depends on it):
   4:9>C:\Program Files\dotnet\sdk\10.0.103\Microsoft.Common.CurrentVersion.targets(1168,7): message : Property reassignment: $(BuildingProject)="true" (previous value: "false") at C:\Program Files\dotnet\sdk\10.0.103\Microsoft.Common.CurrentVersion.targets (1168,7) [c:\Apps\TicketConsolidator\src\TicketConsolidator.Infrastructure\TicketConsolidator.Infrastructure.csproj]
   4:9>Done building target "BuildOnlySettings" in project "TicketConsolidator.Infrastructure.csproj".
   2:9>Done executing task "WriteLinesToFile".
   5:6>Target "_CollectTargetFrameworkForTelemetry" in file "C:\Program Files\dotnet\sdk\10.0.103\Sdks\Microsoft.NET.Sdk\targets\Microsoft.NET.TargetFrameworkInference.targets" from project "c:\Apps\TicketConsolidator\src\TicketConsolidator.UI\TicketConsolidator.UI.csproj" (target "_CheckForInvalidConfigurationAndPlatform" depends on it):
   5:6>Using "AllowEmptyTelemetry" task from assembly "C:\Program Files\dotnet\sdk\10.0.103\Sdks\Microsoft.NET.Sdk\targets\..\tools\net10.0\Microsoft.NET.Build.Tasks.dll".
   3:6>Target "GenerateTargetPlatformDefineConstants" in file "C:\Program Files\dotnet\sdk\10.0.103\Sdks\Microsoft.NET.Sdk\targets\Microsoft.NET.Sdk.BeforeCommon.targets" from project "c:\Apps\TicketConsolidator\tests\TicketConsolidator.UnitTests\TicketConsolidator.UnitTests.csproj" (target "AddImplicitDefineConstants" depends on it):
   3:6>Done building target "GenerateTargetPlatformDefineConstants" in project "TicketConsolidator.UnitTests.csproj".
   2:9>Done building target "GenerateGlobalUsings" in project "TicketConsolidator.Application.csproj".
   4:9>Target "GetFrameworkPaths" in file "C:\Program Files\dotnet\sdk\10.0.103\Sdks\Microsoft.NET.Sdk\targets\Microsoft.NET.DisableStandardFrameworkResolution.targets" from project "c:\Apps\TicketConsolidator\src\TicketConsolidator.Infrastructure\TicketConsolidator.Infrastructure.csproj" (target "PrepareForBuild" depends on it):
   4:9>Done building target "GetFrameworkPaths" in project "TicketConsolidator.Infrastructure.csproj".
   2:9>Target "BeforeResolveReferences" in file "C:\Program Files\dotnet\sdk\10.0.103\Microsoft.Common.CurrentVersion.targets" from project "c:\Apps\TicketConsolidator\src\TicketConsolidator.Application\TicketConsolidator.Application.csproj" (target "ResolveReferences" depends on it):
   2:9>Done building target "BeforeResolveReferences" in project "TicketConsolidator.Application.csproj".
   6:6>Target "_CheckForUnsupportedCppNETCoreVersion" in file "C:\Program Files\dotnet\sdk\10.0.103\Sdks\Microsoft.NET.Sdk\targets\Microsoft.NET.TargetFrameworkInference.targets" from project "c:\Apps\TicketConsolidator\src\TicketConsolidator.Web\TicketConsolidator.Web.csproj" (target "_CheckForInvalidConfigurationAndPlatform" depends on it):
   6:6>Done building target "_CheckForUnsupportedCppNETCoreVersion" in project "TicketConsolidator.Web.csproj".
   5:6>Task "AllowEmptyTelemetry"
   3:6>Target "GenerateNETCompatibleDefineConstants" in file "C:\Program Files\dotnet\sdk\10.0.103\Sdks\Microsoft.NET.Sdk\targets\Microsoft.NET.Sdk.BeforeCommon.targets" from project "c:\Apps\TicketConsolidator\tests\TicketConsolidator.UnitTests\TicketConsolidator.UnitTests.csproj" (target "AddImplicitDefineConstants" depends on it):
   3:6>Done building target "GenerateNETCompatibleDefineConstants" in project "TicketConsolidator.UnitTests.csproj".
   4:9>Target "GetReferenceAssemblyPaths" in file "C:\Program Files\dotnet\sdk\10.0.103\Sdks\Microsoft.NET.Sdk\targets\Microsoft.NET.DisableStandardFrameworkResolution.targets" from project "c:\Apps\TicketConsolidator\src\TicketConsolidator.Infrastructure\TicketConsolidator.Infrastructure.csproj" (target "PrepareForBuild" depends on it):
   4:9>Done building target "GetReferenceAssemblyPaths" in project "TicketConsolidator.Infrastructure.csproj".
   2:9>Target "IgnoreJavaScriptOutputAssembly" in file "C:\Program Files\dotnet\sdk\10.0.103\Microsoft.Common.CurrentVersion.targets" from project "c:\Apps\TicketConsolidator\src\TicketConsolidator.Application\TicketConsolidator.Application.csproj" (target "AssignProjectConfiguration" depends on it):
   2:9>Done building target "IgnoreJavaScriptOutputAssembly" in project "TicketConsolidator.Application.csproj".
   6:6>Target "_CheckForSupportedOSPlatformVersionHigherThanTargetPlatformVersion" in file "C:\Program Files\dotnet\sdk\10.0.103\Sdks\Microsoft.NET.Sdk\targets\Microsoft.NET.TargetFrameworkInference.targets" from project "c:\Apps\TicketConsolidator\src\TicketConsolidator.Web\TicketConsolidator.Web.csproj" (target "_CheckForInvalidConfigurationAndPlatform" depends on it):
   6:6>Done building target "_CheckForSupportedOSPlatformVersionHigherThanTargetPlatformVersion" in project "TicketConsolidator.Web.csproj".
   3:6>Target "GeneratePlatformCompatibleDefineConstants" in file "C:\Program Files\dotnet\sdk\10.0.103\Sdks\Microsoft.NET.Sdk\targets\Microsoft.NET.Sdk.BeforeCommon.targets" from project "c:\Apps\TicketConsolidator\tests\TicketConsolidator.UnitTests\TicketConsolidator.UnitTests.csproj" (target "AddImplicitDefineConstants" depends on it):
   3:6>Done building target "GeneratePlatformCompatibleDefineConstants" in project "TicketConsolidator.UnitTests.csproj".
   5:6>Done executing task "AllowEmptyTelemetry".
   4:9>Target "PrepareForBuild" in file "C:\Program Files\dotnet\sdk\10.0.103\Microsoft.Common.CurrentVersion.targets" from project "c:\Apps\TicketConsolidator\src\TicketConsolidator.Infrastructure\TicketConsolidator.Infrastructure.csproj" (target "CoreBuild" depends on it):
   4:9>Using "FindAppConfigFile" task from assembly "Microsoft.Build.Tasks.Core, Version=15.1.0.0, Culture=neutral, PublicKeyToken=b03f5f7f11d50a3a".
   2:9>Target "ProcessFrameworkReferences" skipped. Previously built successfully.
   5:6>Done building target "_CollectTargetFrameworkForTelemetry" in project "TicketConsolidator.UI.csproj".
   4:9>Task "FindAppConfigFile"
   3:6>Target "AddImplicitDefineConstants" in file "C:\Program Files\dotnet\sdk\10.0.103\Sdks\Microsoft.NET.Sdk\targets\Microsoft.NET.Sdk.BeforeCommon.targets" from project "c:\Apps\TicketConsolidator\tests\TicketConsolidator.UnitTests\TicketConsolidator.UnitTests.csproj" (target "CoreBuild" depends on it):
   3:6>C:\Program Files\dotnet\sdk\10.0.103\Sdks\Microsoft.NET.Sdk\targets\Microsoft.NET.Sdk.BeforeCommon.targets(295,7): message : Property reassignment: $(DefineConstants)="TRACE;DEBUG;NET;NET10_0;NETCOREAPP;WINDOWS;WINDOWS7_0;NET5_0_OR_GREATER;NET6_0_OR_GREATER;NET7_0_OR_GREATER;NET8_0_OR_GREATER;NET9_0_OR_GREATER;NET10_0_OR_GREATER;NETCOREAPP1_0_OR_GREATER;NETCOREAPP1_1_OR_GREATER;NETCOREAPP2_0_OR_GREATER;NETCOREAPP2_1_OR_GREATER;NETCOREAPP2_2_OR_GREATER;NETCOREAPP3_0_OR_GREATER;NETCOREAPP3_1_OR_GREATER;WINDOWS7_0_OR_GREATER" (previous value: "TRACE;DEBUG") at C:\Program Files\dotnet\sdk\10.0.103\Sdks\Microsoft.NET.Sdk\targets\Microsoft.NET.Sdk.BeforeCommon.targets (295,7) [c:\Apps\TicketConsolidator\tests\TicketConsolidator.UnitTests\TicketConsolidator.UnitTests.csproj]
   2:9>Target "_DefaultMicrosoftNETPlatformLibrary" in file "C:\Program Files\dotnet\sdk\10.0.103\Sdks\Microsoft.NET.Sdk\targets\Microsoft.NET.Sdk.Shared.targets" from project "c:\Apps\TicketConsolidator\src\TicketConsolidator.Application\TicketConsolidator.Application.csproj" (target "ResolvePackageAssets" depends on it):
   2:9>Done building target "_DefaultMicrosoftNETPlatformLibrary" in project "TicketConsolidator.Application.csproj".
   3:6>Done building target "AddImplicitDefineConstants" in project "TicketConsolidator.UnitTests.csproj".
   4:9>Done executing task "FindAppConfigFile".
   5:6>Target "_CheckForUnsupportedTargetPlatformIdentifier" in file "C:\Program Files\dotnet\sdk\10.0.103\Sdks\Microsoft.NET.Sdk\targets\Microsoft.NET.TargetFrameworkInference.targets" from project "c:\Apps\TicketConsolidator\src\TicketConsolidator.UI\TicketConsolidator.UI.csproj" (target "_CheckForInvalidConfigurationAndPlatform" depends on it):
   5:6>Done building target "_CheckForUnsupportedTargetPlatformIdentifier" in project "TicketConsolidator.UI.csproj".
   2:9>Target "_ComputePackageReferencePublish" in file "C:\Program Files\dotnet\sdk\10.0.103\Sdks\Microsoft.NET.Sdk\targets\Microsoft.NET.Sdk.Shared.targets" from project "c:\Apps\TicketConsolidator\src\TicketConsolidator.Application\TicketConsolidator.Application.csproj" (target "ResolvePackageAssets" depends on it):
   2:9>Done building target "_ComputePackageReferencePublish" in project "TicketConsolidator.Application.csproj".
   4:9>PrepareForBuild:
       Using "MakeDir" task from assembly "Microsoft.Build.Tasks.Core, Version=15.1.0.0, Culture=neutral, PublicKeyToken=b03f5f7f11d50a3a".
       Task "MakeDir"
   2:9>Target "ResolvePackageAssets" in file "C:\Program Files\dotnet\sdk\10.0.103\Sdks\Microsoft.NET.Sdk\targets\Microsoft.PackageDependencyResolution.targets" from project "c:\Apps\TicketConsolidator\src\TicketConsolidator.Application\TicketConsolidator.Application.csproj" (target "ResolveLockFileReferences" depends on it):
   2:9>Using "ResolvePackageAssets" task from assembly "C:\Program Files\dotnet\sdk\10.0.103\Sdks\Microsoft.NET.Sdk\targets\..\tools\net10.0\Microsoft.NET.Build.Tasks.dll".
   5:6>Target "_CheckForUnsupportedNETCoreVersion" in file "C:\Program Files\dotnet\sdk\10.0.103\Sdks\Microsoft.NET.Sdk\targets\Microsoft.NET.TargetFrameworkInference.targets" from project "c:\Apps\TicketConsolidator\src\TicketConsolidator.UI\TicketConsolidator.UI.csproj" (target "_CheckForInvalidConfigurationAndPlatform" depends on it):
   5:6>Done building target "_CheckForUnsupportedNETCoreVersion" in project "TicketConsolidator.UI.csproj".
   4:9>Done executing task "MakeDir".
   3:6>Target "GenerateGlobalUsings" in file "C:\Program Files\dotnet\sdk\10.0.103\Sdks\Microsoft.NET.Sdk\targets\Microsoft.NET.GenerateGlobalUsings.targets" from project "c:\Apps\TicketConsolidator\tests\TicketConsolidator.UnitTests\TicketConsolidator.UnitTests.csproj" (target "CoreBuild" depends on it):
   3:6>Using "GenerateGlobalUsings" task from assembly "C:\Program Files\dotnet\sdk\10.0.103\Sdks\Microsoft.NET.Sdk\targets\..\tools\net10.0\Microsoft.NET.Build.Tasks.dll".
   4:9>Done building target "PrepareForBuild" in project "TicketConsolidator.Infrastructure.csproj".
   5:6>Target "_CheckForUnsupportedCppNETCoreVersion" in file "C:\Program Files\dotnet\sdk\10.0.103\Sdks\Microsoft.NET.Sdk\targets\Microsoft.NET.TargetFrameworkInference.targets" from project "c:\Apps\TicketConsolidator\src\TicketConsolidator.UI\TicketConsolidator.UI.csproj" (target "_CheckForInvalidConfigurationAndPlatform" depends on it):
   5:6>Done building target "_CheckForUnsupportedCppNETCoreVersion" in project "TicketConsolidator.UI.csproj".
   2:9>Task "ResolvePackageAssets"
   3:6>Task "GenerateGlobalUsings"
       Done executing task "GenerateGlobalUsings".
   5:6>Target "_CheckForSupportedOSPlatformVersionHigherThanTargetPlatformVersion" in file "C:\Program Files\dotnet\sdk\10.0.103\Sdks\Microsoft.NET.Sdk\targets\Microsoft.NET.TargetFrameworkInference.targets" from project "c:\Apps\TicketConsolidator\src\TicketConsolidator.UI\TicketConsolidator.UI.csproj" (target "_CheckForInvalidConfigurationAndPlatform" depends on it):
   5:6>Done building target "_CheckForSupportedOSPlatformVersionHigherThanTargetPlatformVersion" in project "TicketConsolidator.UI.csproj".
   4:9>Target "GenerateTargetFrameworkDefineConstants" in file "C:\Program Files\dotnet\sdk\10.0.103\Sdks\Microsoft.NET.Sdk\targets\Microsoft.NET.Sdk.BeforeCommon.targets" from project "c:\Apps\TicketConsolidator\src\TicketConsolidator.Infrastructure\TicketConsolidator.Infrastructure.csproj" (target "AddImplicitDefineConstants" depends on it):
   4:9>Done building target "GenerateTargetFrameworkDefineConstants" in project "TicketConsolidator.Infrastructure.csproj".
   2:9>Done executing task "ResolvePackageAssets".
   3:6>GenerateGlobalUsings:
       Using "WriteLinesToFile" task from assembly "Microsoft.Build.Tasks.Core, Version=15.1.0.0, Culture=neutral, PublicKeyToken=b03f5f7f11d50a3a".
   2:9>Done building target "ResolvePackageAssets" in project "TicketConsolidator.Application.csproj".
   3:6>Task "WriteLinesToFile"
         Skipping write to file "obj\Debug\net10.0-windows\TicketConsolidator.UnitTests.GlobalUsings.g.cs" because content would not change.
   5:6>Target "_NormalizeTargetPlatformVersion" in file "C:\Program Files\dotnet\sdk\10.0.103\Sdks\Microsoft.NET.Sdk\targets\Microsoft.NET.TargetFrameworkInference.targets" from project "c:\Apps\TicketConsolidator\src\TicketConsolidator.UI\TicketConsolidator.UI.csproj" (target "_CheckForInvalidTargetPlatformVersion" depends on it):
   5:6>Done building target "_NormalizeTargetPlatformVersion" in project "TicketConsolidator.UI.csproj".
   2:9>Target "ResolveLockFileReferences" in file "C:\Program Files\dotnet\sdk\10.0.103\Sdks\Microsoft.NET.Sdk\targets\Microsoft.PackageDependencyResolution.targets" from project "c:\Apps\TicketConsolidator\src\TicketConsolidator.Application\TicketConsolidator.Application.csproj" (target "ResolvePackageDependenciesForBuild" depends on it):
   2:9>Using "JoinItems" task from assembly "C:\Program Files\dotnet\sdk\10.0.103\Sdks\Microsoft.NET.Sdk\targets\..\tools\net10.0\Microsoft.NET.Build.Tasks.dll".
   4:9>Target "GenerateTargetPlatformDefineConstants" in file "C:\Program Files\dotnet\sdk\10.0.103\Sdks\Microsoft.NET.Sdk\targets\Microsoft.NET.Sdk.BeforeCommon.targets" from project "c:\Apps\TicketConsolidator\src\TicketConsolidator.Infrastructure\TicketConsolidator.Infrastructure.csproj" (target "AddImplicitDefineConstants" depends on it):
   4:9>Done building target "GenerateTargetPlatformDefineConstants" in project "TicketConsolidator.Infrastructure.csproj".
   3:6>Done executing task "WriteLinesToFile".
   2:9>Task "JoinItems"
   5:6>Target "_CheckForInvalidTargetPlatformVersion" in file "C:\Program Files\dotnet\sdk\10.0.103\Sdks\Microsoft.NET.Sdk\targets\Microsoft.NET.TargetFrameworkInference.targets" from project "c:\Apps\TicketConsolidator\src\TicketConsolidator.UI\TicketConsolidator.UI.csproj" (target "_CheckForInvalidConfigurationAndPlatform" depends on it):
   5:6>Done building target "_CheckForInvalidTargetPlatformVersion" in project "TicketConsolidator.UI.csproj".
   3:6>Done building target "GenerateGlobalUsings" in project "TicketConsolidator.UnitTests.csproj".
   4:9>Target "GenerateNETCompatibleDefineConstants" in file "C:\Program Files\dotnet\sdk\10.0.103\Sdks\Microsoft.NET.Sdk\targets\Microsoft.NET.Sdk.BeforeCommon.targets" from project "c:\Apps\TicketConsolidator\src\TicketConsolidator.Infrastructure\TicketConsolidator.Infrastructure.csproj" (target "AddImplicitDefineConstants" depends on it):
   4:9>Done building target "GenerateNETCompatibleDefineConstants" in project "TicketConsolidator.Infrastructure.csproj".
   4:9>Target "GeneratePlatformCompatibleDefineConstants" in file "C:\Program Files\dotnet\sdk\10.0.103\Sdks\Microsoft.NET.Sdk\targets\Microsoft.NET.Sdk.BeforeCommon.targets" from project "c:\Apps\TicketConsolidator\src\TicketConsolidator.Infrastructure\TicketConsolidator.Infrastructure.csproj" (target "AddImplicitDefineConstants" depends on it):
   4:9>Done building target "GeneratePlatformCompatibleDefineConstants" in project "TicketConsolidator.Infrastructure.csproj".
   3:6>Target "BeforeResolveReferences" in file "C:\Program Files\dotnet\sdk\10.0.103\Microsoft.Common.CurrentVersion.targets" from project "c:\Apps\TicketConsolidator\tests\TicketConsolidator.UnitTests\TicketConsolidator.UnitTests.csproj" (target "ResolveReferences" depends on it):
   3:6>Done building target "BeforeResolveReferences" in project "TicketConsolidator.UnitTests.csproj".
   5:6>Target "_CheckForUnsupportedArtifactsPath" in file "C:\Program Files\dotnet\sdk\10.0.103\Sdks\Microsoft.NET.Sdk\targets\Microsoft.NET.DefaultOutputPaths.targets" from project "c:\Apps\TicketConsolidator\src\TicketConsolidator.UI\TicketConsolidator.UI.csproj" (target "_CheckForInvalidConfigurationAndPlatform" depends on it):
   5:6>Done building target "_CheckForUnsupportedArtifactsPath" in project "TicketConsolidator.UI.csproj".
   2:9>Done executing task "JoinItems".
   4:9>Target "AddImplicitDefineConstants" in file "C:\Program Files\dotnet\sdk\10.0.103\Sdks\Microsoft.NET.Sdk\targets\Microsoft.NET.Sdk.BeforeCommon.targets" from project "c:\Apps\TicketConsolidator\src\TicketConsolidator.Infrastructure\TicketConsolidator.Infrastructure.csproj" (target "CoreBuild" depends on it):
   4:9>C:\Program Files\dotnet\sdk\10.0.103\Sdks\Microsoft.NET.Sdk\targets\Microsoft.NET.Sdk.BeforeCommon.targets(295,7): message : Property reassignment: $(DefineConstants)="TRACE;DEBUG;NET;NET10_0;NETCOREAPP;WINDOWS;WINDOWS7_0;NET5_0_OR_GREATER;NET6_0_OR_GREATER;NET7_0_OR_GREATER;NET8_0_OR_GREATER;NET9_0_OR_GREATER;NET10_0_OR_GREATER;NETCOREAPP3_0_OR_GREATER;NETCOREAPP3_1_OR_GREATER;WINDOWS7_0_OR_GREATER" (previous value: "TRACE;DEBUG") at C:\Program Files\dotnet\sdk\10.0.103\Sdks\Microsoft.NET.Sdk\targets\Microsoft.NET.Sdk.BeforeCommon.targets (295,7) [c:\Apps\TicketConsolidator\src\TicketConsolidator.Infrastructure\TicketConsolidator.Infrastructure.csproj]
   3:6>Target "IgnoreJavaScriptOutputAssembly" in file "C:\Program Files\dotnet\sdk\10.0.103\Microsoft.Common.CurrentVersion.targets" from project "c:\Apps\TicketConsolidator\tests\TicketConsolidator.UnitTests\TicketConsolidator.UnitTests.csproj" (target "AssignProjectConfiguration" depends on it):
   3:6>Done building target "IgnoreJavaScriptOutputAssembly" in project "TicketConsolidator.UnitTests.csproj".
   2:9>Done building target "ResolveLockFileReferences" in project "TicketConsolidator.Application.csproj".
   4:9>Done building target "AddImplicitDefineConstants" in project "TicketConsolidator.Infrastructure.csproj".
   5:6>Target "_CheckRIDAsserts" in file "C:\Program Files\dotnet\sdk\10.0.103\Sdks\Microsoft.NET.Sdk\targets\Microsoft.NET.RuntimeIdentifierInference.targets" from project "c:\Apps\TicketConsolidator\src\TicketConsolidator.UI\TicketConsolidator.UI.csproj" (target "_CheckForUnsupportedAppHostUsage" depends on it):
   5:6>Done building target "_CheckRIDAsserts" in project "TicketConsolidator.UI.csproj".
   3:6>Target "ProcessFrameworkReferences" skipped. Previously built successfully.
   2:9>Target "ResolvePackageAssets" skipped. Previously built successfully.
   2:9>Target "ResolveLockFileAnalyzers" in file "C:\Program Files\dotnet\sdk\10.0.103\Sdks\Microsoft.NET.Sdk\targets\Microsoft.PackageDependencyResolution.targets" from project "c:\Apps\TicketConsolidator\src\TicketConsolidator.Application\TicketConsolidator.Application.csproj" (target "ResolvePackageDependenciesForBuild" depends on it):
   2:9>Done building target "ResolveLockFileAnalyzers" in project "TicketConsolidator.Application.csproj".
   5:6>Target "_CheckForUnsupportedAppHostUsage" in file "C:\Program Files\dotnet\sdk\10.0.103\Sdks\Microsoft.NET.Sdk\targets\Microsoft.NET.RuntimeIdentifierInference.targets" from project "c:\Apps\TicketConsolidator\src\TicketConsolidator.UI\TicketConsolidator.UI.csproj" (target "_CheckForInvalidConfigurationAndPlatform" depends on it):
   5:6>Done building target "_CheckForUnsupportedAppHostUsage" in project "TicketConsolidator.UI.csproj".
   4:9>Target "GenerateGlobalUsings" in file "C:\Program Files\dotnet\sdk\10.0.103\Sdks\Microsoft.NET.Sdk\targets\Microsoft.NET.GenerateGlobalUsings.targets" from project "c:\Apps\TicketConsolidator\src\TicketConsolidator.Infrastructure\TicketConsolidator.Infrastructure.csproj" (target "CoreBuild" depends on it):
   4:9>Using "GenerateGlobalUsings" task from assembly "C:\Program Files\dotnet\sdk\10.0.103\Sdks\Microsoft.NET.Sdk\targets\..\tools\net10.0\Microsoft.NET.Build.Tasks.dll".
   3:6>Target "_DefaultMicrosoftNETPlatformLibrary" in file "C:\Program Files\dotnet\sdk\10.0.103\Sdks\Microsoft.NET.Sdk\targets\Microsoft.NET.Sdk.Shared.targets" from project "c:\Apps\TicketConsolidator\tests\TicketConsolidator.UnitTests\TicketConsolidator.UnitTests.csproj" (target "ResolvePackageAssets" depends on it):
   3:6>Done building target "_DefaultMicrosoftNETPlatformLibrary" in project "TicketConsolidator.UnitTests.csproj".
   2:9>Target "ResolvePackageAssets" skipped. Previously built successfully.
   4:9>Task "GenerateGlobalUsings"
   3:6>Target "_ComputePackageReferencePublish" in file "C:\Program Files\dotnet\sdk\10.0.103\Sdks\Microsoft.NET.Sdk\targets\Microsoft.NET.Sdk.Shared.targets" from project "c:\Apps\TicketConsolidator\tests\TicketConsolidator.UnitTests\TicketConsolidator.UnitTests.csproj" (target "ResolvePackageAssets" depends on it):
   3:6>Done building target "_ComputePackageReferencePublish" in project "TicketConsolidator.UnitTests.csproj".
   5:6>Target "_CheckForUnsupportedHostingUsage" in file "C:\Program Files\dotnet\sdk\10.0.103\Sdks\Microsoft.NET.Sdk\targets\Microsoft.NET.RuntimeIdentifierInference.targets" from project "c:\Apps\TicketConsolidator\src\TicketConsolidator.UI\TicketConsolidator.UI.csproj" (target "_CheckForInvalidConfigurationAndPlatform" depends on it):
   5:6>Done building target "_CheckForUnsupportedHostingUsage" in project "TicketConsolidator.UI.csproj".
   2:9>Target "ResolveLockFileCopyLocalFiles" in file "C:\Program Files\dotnet\sdk\10.0.103\Sdks\Microsoft.NET.Sdk\targets\Microsoft.PackageDependencyResolution.targets" from project "c:\Apps\TicketConsolidator\src\TicketConsolidator.Application\TicketConsolidator.Application.csproj" (target "ResolvePackageDependenciesForBuild" depends on it):
   2:9>Done building target "ResolveLockFileCopyLocalFiles" in project "TicketConsolidator.Application.csproj".
   4:9>Done executing task "GenerateGlobalUsings".
   3:6>Target "ResolvePackageAssets" in file "C:\Program Files\dotnet\sdk\10.0.103\Sdks\Microsoft.NET.Sdk\targets\Microsoft.PackageDependencyResolution.targets" from project "c:\Apps\TicketConsolidator\tests\TicketConsolidator.UnitTests\TicketConsolidator.UnitTests.csproj" (target "ResolveLockFileReferences" depends on it):
   3:6>Using "ResolvePackageAssets" task from assembly "C:\Program Files\dotnet\sdk\10.0.103\Sdks\Microsoft.NET.Sdk\targets\..\tools\net10.0\Microsoft.NET.Build.Tasks.dll".
   2:9>Target "ResolvePackageAssets" skipped. Previously built successfully.
   4:9>GenerateGlobalUsings:
       Using "WriteLinesToFile" task from assembly "Microsoft.Build.Tasks.Core, Version=15.1.0.0, Culture=neutral, PublicKeyToken=b03f5f7f11d50a3a".
   3:6>Task "ResolvePackageAssets"
   5:6>Target "_CheckAndUnsetUnsupportedPrefer32Bit" in file "C:\Program Files\dotnet\sdk\10.0.103\Sdks\Microsoft.NET.Sdk\targets\Microsoft.NET.RuntimeIdentifierInference.targets" from project "c:\Apps\TicketConsolidator\src\TicketConsolidator.UI\TicketConsolidator.UI.csproj" (target "_CheckForInvalidConfigurationAndPlatform" depends on it):
   5:6>Done building target "_CheckAndUnsetUnsupportedPrefer32Bit" in project "TicketConsolidator.UI.csproj".
   4:9>Task "WriteLinesToFile"
   3:6>Done executing task "ResolvePackageAssets".
   2:9>Target "IncludeTransitiveProjectReferences" in file "C:\Program Files\dotnet\sdk\10.0.103\Sdks\Microsoft.NET.Sdk\targets\Microsoft.PackageDependencyResolution.targets" from project "c:\Apps\TicketConsolidator\src\TicketConsolidator.Application\TicketConsolidator.Application.csproj" (target "ResolvePackageDependenciesForBuild" depends on it):
   2:9>Done building target "IncludeTransitiveProjectReferences" in project "TicketConsolidator.Application.csproj".
   3:6>Done building target "ResolvePackageAssets" in project "TicketConsolidator.UnitTests.csproj".
   4:9>GenerateGlobalUsings:
         Skipping write to file "obj\Debug\net10.0-windows\TicketConsolidator.Infrastructure.GlobalUsings.g.cs" because content would not change.
   5:6>Target "_CheckForLanguageAndFeatureCombinationSupport" in file "C:\Program Files\dotnet\sdk\10.0.103\Sdks\Microsoft.NET.Sdk\targets\Microsoft.NET.RuntimeIdentifierInference.targets" from project "c:\Apps\TicketConsolidator\src\TicketConsolidator.UI\TicketConsolidator.UI.csproj" (target "_CheckForInvalidConfigurationAndPlatform" depends on it):
   5:6>Done building target "_CheckForLanguageAndFeatureCombinationSupport" in project "TicketConsolidator.UI.csproj".
   4:9>Done executing task "WriteLinesToFile".
   2:9>Target "ResolvePackageDependenciesForBuild" in file "C:\Program Files\dotnet\sdk\10.0.103\Sdks\Microsoft.NET.Sdk\targets\Microsoft.PackageDependencyResolution.targets" from project "c:\Apps\TicketConsolidator\src\TicketConsolidator.Application\TicketConsolidator.Application.csproj" (target "AssignProjectConfiguration" depends on it):
   2:9>Done building target "ResolvePackageDependenciesForBuild" in project "TicketConsolidator.Application.csproj".
   4:9>Done building target "GenerateGlobalUsings" in project "TicketConsolidator.Infrastructure.csproj".
   3:6>Target "AddTransitiveFrameworkReferences" in file "C:\Program Files\dotnet\sdk\10.0.103\Sdks\Microsoft.NET.Sdk\targets\Microsoft.NET.Sdk.FrameworkReferenceResolution.targets" from project "c:\Apps\TicketConsolidator\tests\TicketConsolidator.UnitTests\TicketConsolidator.UnitTests.csproj" (target "ResolveLockFileReferences" depends on it):
   3:6>Done building target "AddTransitiveFrameworkReferences" in project "TicketConsolidator.UnitTests.csproj".
   5:6>Target "UpdateAspNetToFrameworkReference" in file "C:\Program Files\dotnet\sdk\10.0.103\Sdks\Microsoft.NET.Sdk\targets\Microsoft.NET.Sdk.DefaultItems.Shared.targets" from project "c:\Apps\TicketConsolidator\src\TicketConsolidator.UI\TicketConsolidator.UI.csproj" (target "ApplyImplicitVersions" depends on it):
   5:6>Using "CheckIfPackageReferenceShouldBeFrameworkReference" task from assembly "C:\Program Files\dotnet\sdk\10.0.103\Sdks\Microsoft.NET.Sdk\targets\..\tools\net10.0\Microsoft.NET.Build.Tasks.dll".
   2:9>Target "AssignProjectConfiguration" in file "C:\Program Files\dotnet\sdk\10.0.103\Microsoft.Common.CurrentVersion.targets" from project "c:\Apps\TicketConsolidator\src\TicketConsolidator.Application\TicketConsolidator.Application.csproj" (target "ResolveReferences" depends on it):
   2:9>Using "AssignProjectConfiguration" task from assembly "Microsoft.Build.Tasks.Core, Version=15.1.0.0, Culture=neutral, PublicKeyToken=b03f5f7f11d50a3a".
   5:6>Task "CheckIfPackageReferenceShouldBeFrameworkReference"
   2:9>Task "AssignProjectConfiguration"
   5:6>Done executing task "CheckIfPackageReferenceShouldBeFrameworkReference".
   3:6>Target "_CheckForTransitiveWindowsSDKFullDependencies" in file "C:\Program Files\dotnet\sdk\10.0.103\Sdks\Microsoft.NET.Sdk\targets\Microsoft.NET.Windows.targets" from project "c:\Apps\TicketConsolidator\tests\TicketConsolidator.UnitTests\TicketConsolidator.UnitTests.csproj" (target "ResolveLockFileReferences" depends on it):
   3:6>Done building target "_CheckForTransitiveWindowsSDKFullDependencies" in project "TicketConsolidator.UnitTests.csproj".
   2:9>AssignProjectConfiguration:
         Project reference "..\TicketConsolidator.Domain\TicketConsolidator.Domain.csproj" has been assigned the "Debug|AnyCPU" configuration.
   5:6>Task "CheckIfPackageReferenceShouldBeFrameworkReference"
   2:9>Done executing task "AssignProjectConfiguration".
   5:6>Done executing task "CheckIfPackageReferenceShouldBeFrameworkReference".
   2:9>Done building target "AssignProjectConfiguration" in project "TicketConsolidator.Application.csproj".
   5:6>Done building target "UpdateAspNetToFrameworkReference" in project "TicketConsolidator.UI.csproj".
   2:9>Target "AssignProjectConfiguration" skipped. Previously built successfully.
   6:6>Target "_NormalizeTargetPlatformVersion" in file "C:\Program Files\dotnet\sdk\10.0.103\Sdks\Microsoft.NET.Sdk\targets\Microsoft.NET.TargetFrameworkInference.targets" from project "c:\Apps\TicketConsolidator\src\TicketConsolidator.Web\TicketConsolidator.Web.csproj" (target "_CheckForInvalidTargetPlatformVersion" depends on it):
   6:6>Done building target "_NormalizeTargetPlatformVersion" in project "TicketConsolidator.Web.csproj".
   2:9>Target "_SplitProjectReferencesByFileExistence" in file "C:\Program Files\dotnet\sdk\10.0.103\Microsoft.Common.CurrentVersion.targets" from project "c:\Apps\TicketConsolidator\src\TicketConsolidator.Application\TicketConsolidator.Application.csproj" (target "PrepareProjectReferences" depends on it):
   2:9>Done building target "_SplitProjectReferencesByFileExistence" in project "TicketConsolidator.Application.csproj".
   5:6>Target "CheckForImplicitPackageReferenceOverrides" in file "C:\Program Files\dotnet\sdk\10.0.103\Sdks\Microsoft.NET.Sdk\targets\Microsoft.NET.Sdk.DefaultItems.Shared.targets" from project "c:\Apps\TicketConsolidator\src\TicketConsolidator.UI\TicketConsolidator.UI.csproj" (target "ApplyImplicitVersions" depends on it):
   5:6>Using "CheckForImplicitPackageReferenceOverrides" task from assembly "C:\Program Files\dotnet\sdk\10.0.103\Sdks\Microsoft.NET.Sdk\targets\..\tools\net10.0\Microsoft.NET.Build.Tasks.dll".
   6:6>Target "_CheckForInvalidTargetPlatformVersion" in file "C:\Program Files\dotnet\sdk\10.0.103\Sdks\Microsoft.NET.Sdk\targets\Microsoft.NET.TargetFrameworkInference.targets" from project "c:\Apps\TicketConsolidator\src\TicketConsolidator.Web\TicketConsolidator.Web.csproj" (target "_CheckForInvalidConfigurationAndPlatform" depends on it):
   6:6>Done building target "_CheckForInvalidTargetPlatformVersion" in project "TicketConsolidator.Web.csproj".
   5:6>Task "CheckForImplicitPackageReferenceOverrides"
       Done executing task "CheckForImplicitPackageReferenceOverrides".
   2:9>Target "_AddOutputPathToGlobalPropertiesToRemove" in file "C:\Program Files\dotnet\sdk\10.0.103\Microsoft.Common.CurrentVersion.targets" from project "c:\Apps\TicketConsolidator\src\TicketConsolidator.Application\TicketConsolidator.Application.csproj" (target "_GetProjectReferenceTargetFrameworkProperties" depends on it):
   2:9>Done building target "_AddOutputPathToGlobalPropertiesToRemove" in project "TicketConsolidator.Application.csproj".
   4:9>Target "BeforeResolveReferences" in file "C:\Program Files\dotnet\sdk\10.0.103\Microsoft.Common.CurrentVersion.targets" from project "c:\Apps\TicketConsolidator\src\TicketConsolidator.Infrastructure\TicketConsolidator.Infrastructure.csproj" (target "ResolveReferences" depends on it):
   4:9>Done building target "BeforeResolveReferences" in project "TicketConsolidator.Infrastructure.csproj".
   5:6>Done building target "CheckForImplicitPackageReferenceOverrides" in project "TicketConsolidator.UI.csproj".
   6:6>Target "_CheckForUnsupportedArtifactsPath" in file "C:\Program Files\dotnet\sdk\10.0.103\Sdks\Microsoft.NET.Sdk\targets\Microsoft.NET.DefaultOutputPaths.targets" from project "c:\Apps\TicketConsolidator\src\TicketConsolidator.Web\TicketConsolidator.Web.csproj" (target "_CheckForInvalidConfigurationAndPlatform" depends on it):
   6:6>Done building target "_CheckForUnsupportedArtifactsPath" in project "TicketConsolidator.Web.csproj".
   2:9>Target "_GetProjectReferenceTargetFrameworkProperties" in file "C:\Program Files\dotnet\sdk\10.0.103\Microsoft.Common.CurrentVersion.targets" from project "c:\Apps\TicketConsolidator\src\TicketConsolidator.Application\TicketConsolidator.Application.csproj" (target "PrepareProjectReferences" depends on it):
   2:9>Task "MSBuild"
   4:9>Target "IgnoreJavaScriptOutputAssembly" in file "C:\Program Files\dotnet\sdk\10.0.103\Microsoft.Common.CurrentVersion.targets" from project "c:\Apps\TicketConsolidator\src\TicketConsolidator.Infrastructure\TicketConsolidator.Infrastructure.csproj" (target "AssignProjectConfiguration" depends on it):
   4:9>Done building target "IgnoreJavaScriptOutputAssembly" in project "TicketConsolidator.Infrastructure.csproj".
   2:9>_GetProjectReferenceTargetFrameworkProperties:
         Global Properties:
           Configuration=Debug
           Platform=AnyCPU
   6:6>Target "_CheckRIDAsserts" in file "C:\Program Files\dotnet\sdk\10.0.103\Sdks\Microsoft.NET.Sdk\targets\Microsoft.NET.RuntimeIdentifierInference.targets" from project "c:\Apps\TicketConsolidator\src\TicketConsolidator.Web\TicketConsolidator.Web.csproj" (target "_CheckForUnsupportedAppHostUsage" depends on it):
   6:6>Done building target "_CheckRIDAsserts" in project "TicketConsolidator.Web.csproj".
   2:9>_GetProjectReferenceTargetFrameworkProperties:
         Removing Properties:
           TargetFramework
   5:6>Target "ApplyImplicitVersions" in file "C:\Program Files\dotnet\sdk\10.0.103\Sdks\Microsoft.NET.Sdk\targets\Microsoft.NET.Sdk.DefaultItems.Shared.targets" from project "c:\Apps\TicketConsolidator\src\TicketConsolidator.UI\TicketConsolidator.UI.csproj" (target "CollectPackageReferences" depends on it):
   5:6>Using "ApplyImplicitVersions" task from assembly "C:\Program Files\dotnet\sdk\10.0.103\Sdks\Microsoft.NET.Sdk\targets\..\tools\net10.0\Microsoft.NET.Build.Tasks.dll".
   2:9>_GetProjectReferenceTargetFrameworkProperties:
           RuntimeIdentifier
   5:6>Task "ApplyImplicitVersions"
       Done executing task "ApplyImplicitVersions".
   2:9>_GetProjectReferenceTargetFrameworkProperties:
           SelfContained
   5:6>Done building target "ApplyImplicitVersions" in project "TicketConsolidator.UI.csproj".
   6:6>Target "_CheckForUnsupportedAppHostUsage" in file "C:\Program Files\dotnet\sdk\10.0.103\Sdks\Microsoft.NET.Sdk\targets\Microsoft.NET.RuntimeIdentifierInference.targets" from project "c:\Apps\TicketConsolidator\src\TicketConsolidator.Web\TicketConsolidator.Web.csproj" (target "_CheckForInvalidConfigurationAndPlatform" depends on it):
   6:6>Done building target "_CheckForUnsupportedAppHostUsage" in project "TicketConsolidator.Web.csproj".
   5:6>Target "CheckForImplicitPackageReferenceOverrides" skipped. Previously built successfully.
   5:6>Target "AddWindowsSdkKnownFrameworkReferences" in file "C:\Program Files\dotnet\sdk\10.0.103\Sdks\Microsoft.NET.Sdk\targets\Microsoft.NET.Sdk.FrameworkReferenceResolution.targets" from project "c:\Apps\TicketConsolidator\src\TicketConsolidator.UI\TicketConsolidator.UI.csproj" (target "ProcessFrameworkReferences" depends on it):
       Using "CreateWindowsSdkKnownFrameworkReferences" task from assembly "C:\Program Files\dotnet\sdk\10.0.103\Sdks\Microsoft.NET.Sdk\targets\..\tools\net10.0\Microsoft.NET.Build.Tasks.dll".
   6:6>Target "_CheckForUnsupportedHostingUsage" in file "C:\Program Files\dotnet\sdk\10.0.103\Sdks\Microsoft.NET.Sdk\targets\Microsoft.NET.RuntimeIdentifierInference.targets" from project "c:\Apps\TicketConsolidator\src\TicketConsolidator.Web\TicketConsolidator.Web.csproj" (target "_CheckForInvalidConfigurationAndPlatform" depends on it):
   6:6>Done building target "_CheckForUnsupportedHostingUsage" in project "TicketConsolidator.Web.csproj".
   5:6>Task "CreateWindowsSdkKnownFrameworkReferences"
   6:6>Target "_CheckAndUnsetUnsupportedPrefer32Bit" in file "C:\Program Files\dotnet\sdk\10.0.103\Sdks\Microsoft.NET.Sdk\targets\Microsoft.NET.RuntimeIdentifierInference.targets" from project "c:\Apps\TicketConsolidator\src\TicketConsolidator.Web\TicketConsolidator.Web.csproj" (target "_CheckForInvalidConfigurationAndPlatform" depends on it):
   6:6>Done building target "_CheckAndUnsetUnsupportedPrefer32Bit" in project "TicketConsolidator.Web.csproj".
   6:6>Target "_CheckForLanguageAndFeatureCombinationSupport" in file "C:\Program Files\dotnet\sdk\10.0.103\Sdks\Microsoft.NET.Sdk\targets\Microsoft.NET.RuntimeIdentifierInference.targets" from project "c:\Apps\TicketConsolidator\src\TicketConsolidator.Web\TicketConsolidator.Web.csproj" (target "_CheckForInvalidConfigurationAndPlatform" depends on it):
   6:6>Done building target "_CheckForLanguageAndFeatureCombinationSupport" in project "TicketConsolidator.Web.csproj".
   6:6>Target "CheckForImplicitPackageReferenceOverrides" in file "C:\Program Files\dotnet\sdk\10.0.103\Sdks\Microsoft.NET.Sdk\targets\Microsoft.NET.Sdk.DefaultItems.Shared.targets" from project "c:\Apps\TicketConsolidator\src\TicketConsolidator.Web\TicketConsolidator.Web.csproj" (target "CollectPackageReferences" depends on it):
       Using "CheckForImplicitPackageReferenceOverrides" task from assembly "C:\Program Files\dotnet\sdk\10.0.103\Sdks\Microsoft.NET.Sdk\targets\..\tools\net10.0\Microsoft.NET.Build.Tasks.dll".
       Task "CheckForImplicitPackageReferenceOverrides"
       Done executing task "CheckForImplicitPackageReferenceOverrides".
   6:6>Done building target "CheckForImplicitPackageReferenceOverrides" in project "TicketConsolidator.Web.csproj".
   6:6>Target "AddWindowsSdkKnownFrameworkReferences" in file "C:\Program Files\dotnet\sdk\10.0.103\Sdks\Microsoft.NET.Sdk\targets\Microsoft.NET.Sdk.FrameworkReferenceResolution.targets" from project "c:\Apps\TicketConsolidator\src\TicketConsolidator.Web\TicketConsolidator.Web.csproj" (target "ProcessFrameworkReferences" depends on it):
       Using "CreateWindowsSdkKnownFrameworkReferences" task from assembly "C:\Program Files\dotnet\sdk\10.0.103\Sdks\Microsoft.NET.Sdk\targets\..\tools\net10.0\Microsoft.NET.Build.Tasks.dll".
       Task "CreateWindowsSdkKnownFrameworkReferences"
       Done executing task "CreateWindowsSdkKnownFrameworkReferences".
   6:6>Done building target "AddWindowsSdkKnownFrameworkReferences" in project "TicketConsolidator.Web.csproj".
   6:6>Target "_ComputeToolPackInputsToProcessFrameworkReferences" in file "C:\Program Files\dotnet\sdk\10.0.103\Sdks\Microsoft.NET.Sdk\targets\Microsoft.NET.Publish.targets" from project "c:\Apps\TicketConsolidator\src\TicketConsolidator.Web\TicketConsolidator.Web.csproj" (target "ProcessFrameworkReferences" depends on it):
   6:6>Done building target "_ComputeToolPackInputsToProcessFrameworkReferences" in project "TicketConsolidator.Web.csproj".
   6:6>Target "ResolveRequiredWebAssets" in file "C:\Program Files\dotnet\sdk\10.0.103\Sdks\Microsoft.NET.Sdk.Web.ProjectSystem\targets\Microsoft.NET.Sdk.Web.ProjectSystem.targets" from project "c:\Apps\TicketConsolidator\src\TicketConsolidator.Web\TicketConsolidator.Web.csproj" (target "ProcessFrameworkReferences" depends on it):
   6:6>Done building target "ResolveRequiredWebAssets" in project "TicketConsolidator.Web.csproj".
   6:6>Target "ProcessFrameworkReferences" in file "C:\Program Files\dotnet\sdk\10.0.103\Sdks\Microsoft.NET.Sdk\targets\Microsoft.NET.Sdk.FrameworkReferenceResolution.targets" from project "c:\Apps\TicketConsolidator\src\TicketConsolidator.Web\TicketConsolidator.Web.csproj" (target "CollectPackageReferences" depends on it):
       Using "CheckForDuplicateFrameworkReferences" task from assembly "C:\Program Files\dotnet\sdk\10.0.103\Sdks\Microsoft.NET.Sdk\targets\..\tools\net10.0\Microsoft.NET.Build.Tasks.dll".
       Task "CheckForDuplicateFrameworkReferences"
       Done executing task "CheckForDuplicateFrameworkReferences".
       Using "ProcessFrameworkReferences" task from assembly "C:\Program Files\dotnet\sdk\10.0.103\Sdks\Microsoft.NET.Sdk\targets\..\tools\net10.0\Microsoft.NET.Build.Tasks.dll".
       Task "ProcessFrameworkReferences"
   4:9>Target "ProcessFrameworkReferences" skipped. Previously built successfully.
   4:9>Target "_DefaultMicrosoftNETPlatformLibrary" in file "C:\Program Files\dotnet\sdk\10.0.103\Sdks\Microsoft.NET.Sdk\targets\Microsoft.NET.Sdk.Shared.targets" from project "c:\Apps\TicketConsolidator\src\TicketConsolidator.Infrastructure\TicketConsolidator.Infrastructure.csproj" (target "ResolvePackageAssets" depends on it):
   4:9>Done building target "_DefaultMicrosoftNETPlatformLibrary" in project "TicketConsolidator.Infrastructure.csproj".
   5:6>Done executing task "CreateWindowsSdkKnownFrameworkReferences".
   6:6>ProcessFrameworkReferences:
         Found 2 known framework references for target framework .NETCoreApp
   5:6>Done building target "AddWindowsSdkKnownFrameworkReferences" in project "TicketConsolidator.UI.csproj".
   6:6>ProcessFrameworkReferences:
         Found 5 known runtime packs for target framework .NETCoreApp
         Selected Microsoft.NETCore.App with RIDs 'linux-arm;linux-arm64;linux-musl-arm64;linux-musl-x64;linux-x64;osx-x64;tizen.4.0.0-armel;tizen.5.0.0-armel;win-arm64;win-x64;win-x86;linux-musl-arm;osx-arm64;linux-s390x;linux-loongarch64;linux-bionic-arm;linux-bionic-arm64;linux-bionic-x64;linux-bionic-x86;linux-ppc64le;freebsd-x64;freebsd-arm64;linux-riscv64;linux-musl-riscv64;linux-musl-loongarch64;android-arm64;android-x64'
   5:6>Target "_ComputeToolPackInputsToProcessFrameworkReferences" in file "C:\Program Files\dotnet\sdk\10.0.103\Sdks\Microsoft.NET.Sdk\targets\Microsoft.NET.Publish.targets" from project "c:\Apps\TicketConsolidator\src\TicketConsolidator.UI\TicketConsolidator.UI.csproj" (target "ProcessFrameworkReferences" depends on it):
   5:6>Done building target "_ComputeToolPackInputsToProcessFrameworkReferences" in project "TicketConsolidator.UI.csproj".
   6:6>ProcessFrameworkReferences:
         Selected targeting pack 'Microsoft.NETCore.App@10.0.3'
   5:6>Target "ProcessFrameworkReferences" in file "C:\Program Files\dotnet\sdk\10.0.103\Sdks\Microsoft.NET.Sdk\targets\Microsoft.NET.Sdk.FrameworkReferenceResolution.targets" from project "c:\Apps\TicketConsolidator\src\TicketConsolidator.UI\TicketConsolidator.UI.csproj" (target "CollectPackageReferences" depends on it):
   5:6>Using "CheckForDuplicateFrameworkReferences" task from assembly "C:\Program Files\dotnet\sdk\10.0.103\Sdks\Microsoft.NET.Sdk\targets\..\tools\net10.0\Microsoft.NET.Build.Tasks.dll".
   4:9>Target "_ComputePackageReferencePublish" in file "C:\Program Files\dotnet\sdk\10.0.103\Sdks\Microsoft.NET.Sdk\targets\Microsoft.NET.Sdk.Shared.targets" from project "c:\Apps\TicketConsolidator\src\TicketConsolidator.Infrastructure\TicketConsolidator.Infrastructure.csproj" (target "ResolvePackageAssets" depends on it):
   4:9>Done building target "_ComputePackageReferencePublish" in project "TicketConsolidator.Infrastructure.csproj".
   6:6>ProcessFrameworkReferences:
         Added runtime framework 'Microsoft.NETCore.App@10.0.0'
   3:6>Target "ResolveLockFileReferences" in file "C:\Program Files\dotnet\sdk\10.0.103\Sdks\Microsoft.NET.Sdk\targets\Microsoft.PackageDependencyResolution.targets" from project "c:\Apps\TicketConsolidator\tests\TicketConsolidator.UnitTests\TicketConsolidator.UnitTests.csproj" (target "ResolvePackageDependenciesForBuild" depends on it):
   3:6>Using "JoinItems" task from assembly "C:\Program Files\dotnet\sdk\10.0.103\Sdks\Microsoft.NET.Sdk\targets\..\tools\net10.0\Microsoft.NET.Build.Tasks.dll".
   5:6>Task "CheckForDuplicateFrameworkReferences"
   6:6>ProcessFrameworkReferences:
         Selected Microsoft.WindowsDesktop.App with RIDs 'win-x64;win-x86;win-arm64'
   5:6>Done executing task "CheckForDuplicateFrameworkReferences".
   6:6>ProcessFrameworkReferences:
         Selected targeting pack 'Microsoft.WindowsDesktop.App@10.0.3'
   5:6>ProcessFrameworkReferences:
       Using "ProcessFrameworkReferences" task from assembly "C:\Program Files\dotnet\sdk\10.0.103\Sdks\Microsoft.NET.Sdk\targets\..\tools\net10.0\Microsoft.NET.Build.Tasks.dll".
   6:6>ProcessFrameworkReferences:
         Added runtime framework 'Microsoft.WindowsDesktop.App@10.0.0'
   5:6>Task "ProcessFrameworkReferences"
   6:6>ProcessFrameworkReferences:
         Selected Microsoft.WindowsDesktop.App with RIDs 'win-x64;win-x86;win-arm64'
   3:6>Task "JoinItems"
   6:6>ProcessFrameworkReferences:
         Selected targeting pack 'Microsoft.WindowsDesktop.App.WPF@10.0.3'
   3:6>Done executing task "JoinItems".
   6:6>ProcessFrameworkReferences:
         Added runtime framework 'Microsoft.WindowsDesktop.App@10.0.0'
   3:6>Done building target "ResolveLockFileReferences" in project "TicketConsolidator.UnitTests.csproj".
   6:6>ProcessFrameworkReferences:
         Selected Microsoft.WindowsDesktop.App with RIDs 'win-x64;win-x86;win-arm64'
   4:9>Target "ResolvePackageAssets" in file "C:\Program Files\dotnet\sdk\10.0.103\Sdks\Microsoft.NET.Sdk\targets\Microsoft.PackageDependencyResolution.targets" from project "c:\Apps\TicketConsolidator\src\TicketConsolidator.Infrastructure\TicketConsolidator.Infrastructure.csproj" (target "ResolveLockFileReferences" depends on it):
   4:9>Using "ResolvePackageAssets" task from assembly "C:\Program Files\dotnet\sdk\10.0.103\Sdks\Microsoft.NET.Sdk\targets\..\tools\net10.0\Microsoft.NET.Build.Tasks.dll".
   3:6>Target "ResolvePackageAssets" skipped. Previously built successfully.
   6:6>ProcessFrameworkReferences:
         Selected targeting pack 'Microsoft.WindowsDesktop.App.WindowsForms@10.0.3'
         Added runtime framework 'Microsoft.WindowsDesktop.App@10.0.0'
   4:9>Task "ResolvePackageAssets"
   6:6>ProcessFrameworkReferences:
         Selected Microsoft.AspNetCore.App with RIDs 'win-x64;win-x86;osx-x64;linux-musl-x64;linux-musl-arm64;linux-x64;linux-arm;linux-arm64;linux-musl-arm;win-arm64;osx-arm64;linux-s390x;linux-loongarch64;linux-ppc64le;freebsd-x64;freebsd-arm64;linux-riscv64;linux-musl-riscv64;linux-loongarch64;linux-musl-loongarch64'
   3:6>Target "ResolveLockFileAnalyzers" in file "C:\Program Files\dotnet\sdk\10.0.103\Sdks\Microsoft.NET.Sdk\targets\Microsoft.PackageDependencyResolution.targets" from project "c:\Apps\TicketConsolidator\tests\TicketConsolidator.UnitTests\TicketConsolidator.UnitTests.csproj" (target "ResolvePackageDependenciesForBuild" depends on it):
   3:6>Done building target "ResolveLockFileAnalyzers" in project "TicketConsolidator.UnitTests.csproj".
   6:6>ProcessFrameworkReferences:
         Selected targeting pack 'Microsoft.AspNetCore.App@10.0.3'
   3:6>Target "ResolvePackageAssets" skipped. Previously built successfully.
   4:9>c:\Apps\TicketConsolidator\src\TicketConsolidator.Infrastructure\TicketConsolidator.Infrastructure.csproj : warning NU1510: PackageReference System.Security.Cryptography.ProtectedData will not be pruned. Consider removing this package from your dependencies, as it is likely unnecessary.
   6:6>ProcessFrameworkReferences:
         Added runtime framework 'Microsoft.AspNetCore.App@10.0.0'
   4:9>Done executing task "ResolvePackageAssets".
   3:6>Target "ResolveLockFileCopyLocalFiles" in file "C:\Program Files\dotnet\sdk\10.0.103\Sdks\Microsoft.NET.Sdk\targets\Microsoft.PackageDependencyResolution.targets" from project "c:\Apps\TicketConsolidator\tests\TicketConsolidator.UnitTests\TicketConsolidator.UnitTests.csproj" (target "ResolvePackageDependenciesForBuild" depends on it):
   3:6>Done building target "ResolveLockFileCopyLocalFiles" in project "TicketConsolidator.UnitTests.csproj".
   6:6>ProcessFrameworkReferences:
         Adding tool pack AspNetCore for runtime 10.0
   3:6>Target "ResolvePackageAssets" skipped. Previously built successfully.
   4:9>Done building target "ResolvePackageAssets" in project "TicketConsolidator.Infrastructure.csproj".
   6:6>ProcessFrameworkReferences:
         Found AspNetCore pack 'Microsoft.AspNetCore.App.Internal.Assets@10.0.3'
         Added Microsoft.AspNetCore.App.Internal.Assets@10.0.3 for build-time targets
   3:6>Target "IncludeTransitiveProjectReferences" in file "C:\Program Files\dotnet\sdk\10.0.103\Sdks\Microsoft.NET.Sdk\targets\Microsoft.PackageDependencyResolution.targets" from project "c:\Apps\TicketConsolidator\tests\TicketConsolidator.UnitTests\TicketConsolidator.UnitTests.csproj" (target "ResolvePackageDependenciesForBuild" depends on it):
   3:6>Done building target "IncludeTransitiveProjectReferences" in project "TicketConsolidator.UnitTests.csproj".
   4:9>Target "ResolveLockFileReferences" in file "C:\Program Files\dotnet\sdk\10.0.103\Sdks\Microsoft.NET.Sdk\targets\Microsoft.PackageDependencyResolution.targets" from project "c:\Apps\TicketConsolidator\src\TicketConsolidator.Infrastructure\TicketConsolidator.Infrastructure.csproj" (target "ResolvePackageDependenciesForBuild" depends on it):
   4:9>Using "JoinItems" task from assembly "C:\Program Files\dotnet\sdk\10.0.103\Sdks\Microsoft.NET.Sdk\targets\..\tools\net10.0\Microsoft.NET.Build.Tasks.dll".
       Task "JoinItems"
   3:6>Target "ResolvePackageDependenciesForBuild" in file "C:\Program Files\dotnet\sdk\10.0.103\Sdks\Microsoft.NET.Sdk\targets\Microsoft.PackageDependencyResolution.targets" from project "c:\Apps\TicketConsolidator\tests\TicketConsolidator.UnitTests\TicketConsolidator.UnitTests.csproj" (target "AssignProjectConfiguration" depends on it):
   3:6>Done building target "ResolvePackageDependenciesForBuild" in project "TicketConsolidator.UnitTests.csproj".
   6:6>Done executing task "ProcessFrameworkReferences".
   4:9>Done executing task "JoinItems".
   3:6>Target "_Microsoft_Extensions_Configuration_Binder_RemoveAnalyzer" in file "C:\Users\krish.maniar.ATPL-LAP-723\.nuget\packages\microsoft.extensions.configuration.binder\10.0.1\buildTransitive\netstandard2.0\Microsoft.Extensions.Configuration.Binder.targets" from project "c:\Apps\TicketConsolidator\tests\TicketConsolidator.UnitTests\TicketConsolidator.UnitTests.csproj" (target "AssignProjectConfiguration" depends on it):
   3:6>Done building target "_Microsoft_Extensions_Configuration_Binder_RemoveAnalyzer" in project "TicketConsolidator.UnitTests.csproj".
   4:9>Done building target "ResolveLockFileReferences" in project "TicketConsolidator.Infrastructure.csproj".
       Target "ResolvePackageAssets" skipped. Previously built successfully.
   3:6>Target "AssignProjectConfiguration" in file "C:\Program Files\dotnet\sdk\10.0.103\Microsoft.Common.CurrentVersion.targets" from project "c:\Apps\TicketConsolidator\tests\TicketConsolidator.UnitTests\TicketConsolidator.UnitTests.csproj" (target "ResolveReferences" depends on it):
   3:6>Using "AssignProjectConfiguration" task from assembly "Microsoft.Build.Tasks.Core, Version=15.1.0.0, Culture=neutral, PublicKeyToken=b03f5f7f11d50a3a".
       Task "AssignProjectConfiguration"
   4:9>Target "ResolveLockFileAnalyzers" in file "C:\Program Files\dotnet\sdk\10.0.103\Sdks\Microsoft.NET.Sdk\targets\Microsoft.PackageDependencyResolution.targets" from project "c:\Apps\TicketConsolidator\src\TicketConsolidator.Infrastructure\TicketConsolidator.Infrastructure.csproj" (target "ResolvePackageDependenciesForBuild" depends on it):
   4:9>Done building target "ResolveLockFileAnalyzers" in project "TicketConsolidator.Infrastructure.csproj".
       Target "ResolvePackageAssets" skipped. Previously built successfully.
   4:9>Target "ResolveLockFileCopyLocalFiles" in file "C:\Program Files\dotnet\sdk\10.0.103\Sdks\Microsoft.NET.Sdk\targets\Microsoft.PackageDependencyResolution.targets" from project "c:\Apps\TicketConsolidator\src\TicketConsolidator.Infrastructure\TicketConsolidator.Infrastructure.csproj" (target "ResolvePackageDependenciesForBuild" depends on it):
   4:9>Done building target "ResolveLockFileCopyLocalFiles" in project "TicketConsolidator.Infrastructure.csproj".
       Target "ResolvePackageAssets" skipped. Previously built successfully.
   4:9>Target "IncludeTransitiveProjectReferences" in file "C:\Program Files\dotnet\sdk\10.0.103\Sdks\Microsoft.NET.Sdk\targets\Microsoft.PackageDependencyResolution.targets" from project "c:\Apps\TicketConsolidator\src\TicketConsolidator.Infrastructure\TicketConsolidator.Infrastructure.csproj" (target "ResolvePackageDependenciesForBuild" depends on it):
   4:9>Done building target "IncludeTransitiveProjectReferences" in project "TicketConsolidator.Infrastructure.csproj".
   6:6>ProcessFrameworkReferences:
       Using "ResolveAppHosts" task from assembly "C:\Program Files\dotnet\sdk\10.0.103\Sdks\Microsoft.NET.Sdk\targets\..\tools\net10.0\Microsoft.NET.Build.Tasks.dll".
   4:9>Target "ResolvePackageDependenciesForBuild" in file "C:\Program Files\dotnet\sdk\10.0.103\Sdks\Microsoft.NET.Sdk\targets\Microsoft.PackageDependencyResolution.targets" from project "c:\Apps\TicketConsolidator\src\TicketConsolidator.Infrastructure\TicketConsolidator.Infrastructure.csproj" (target "AssignProjectConfiguration" depends on it):
   4:9>Done building target "ResolvePackageDependenciesForBuild" in project "TicketConsolidator.Infrastructure.csproj".
   4:9>Target "_Microsoft_Extensions_Configuration_Binder_RemoveAnalyzer" in file "C:\Users\krish.maniar.ATPL-LAP-723\.nuget\packages\microsoft.extensions.configuration.binder\10.0.1\buildTransitive\netstandard2.0\Microsoft.Extensions.Configuration.Binder.targets" from project "c:\Apps\TicketConsolidator\src\TicketConsolidator.Infrastructure\TicketConsolidator.Infrastructure.csproj" (target "AssignProjectConfiguration" depends on it):
   4:9>Done building target "_Microsoft_Extensions_Configuration_Binder_RemoveAnalyzer" in project "TicketConsolidator.Infrastructure.csproj".
   4:9>Target "AssignProjectConfiguration" in file "C:\Program Files\dotnet\sdk\10.0.103\Microsoft.Common.CurrentVersion.targets" from project "c:\Apps\TicketConsolidator\src\TicketConsolidator.Infrastructure\TicketConsolidator.Infrastructure.csproj" (target "ResolveReferences" depends on it):
       Using "AssignProjectConfiguration" task from assembly "Microsoft.Build.Tasks.Core, Version=15.1.0.0, Culture=neutral, PublicKeyToken=b03f5f7f11d50a3a".
       Task "AssignProjectConfiguration"
         Project reference "..\TicketConsolidator.Application\TicketConsolidator.Application.csproj" has been assigned the "Debug|AnyCPU" configuration.
         Project reference "..\TicketConsolidator.Domain\TicketConsolidator.Domain.csproj" has been assigned the "Debug|AnyCPU" configuration.
   6:6>Task "ResolveAppHosts"
   3:6>AssignProjectConfiguration:
         Project reference "..\..\src\TicketConsolidator.Domain\TicketConsolidator.Domain.csproj" has been assigned the "Debug|AnyCPU" configuration.
   4:9>Done executing task "AssignProjectConfiguration".
   4:9>Done building target "AssignProjectConfiguration" in project "TicketConsolidator.Infrastructure.csproj".
   3:6>AssignProjectConfiguration:
         Project reference "..\..\src\TicketConsolidator.Application\TicketConsolidator.Application.csproj" has been assigned the "Debug|AnyCPU" configuration.
   4:9>Target "AssignProjectConfiguration" skipped. Previously built successfully.
   3:6>AssignProjectConfiguration:
         Project reference "..\..\src\TicketConsolidator.Infrastructure\TicketConsolidator.Infrastructure.csproj" has been assigned the "Debug|AnyCPU" configuration.
   4:9>Target "_SplitProjectReferencesByFileExistence" in file "C:\Program Files\dotnet\sdk\10.0.103\Microsoft.Common.CurrentVersion.targets" from project "c:\Apps\TicketConsolidator\src\TicketConsolidator.Infrastructure\TicketConsolidator.Infrastructure.csproj" (target "PrepareProjectReferences" depends on it):
   4:9>Done building target "_SplitProjectReferencesByFileExistence" in project "TicketConsolidator.Infrastructure.csproj".
   3:6>Done executing task "AssignProjectConfiguration".
   4:9>Target "_AddOutputPathToGlobalPropertiesToRemove" in file "C:\Program Files\dotnet\sdk\10.0.103\Microsoft.Common.CurrentVersion.targets" from project "c:\Apps\TicketConsolidator\src\TicketConsolidator.Infrastructure\TicketConsolidator.Infrastructure.csproj" (target "_GetProjectReferenceTargetFrameworkProperties" depends on it):
   4:9>Done building target "_AddOutputPathToGlobalPropertiesToRemove" in project "TicketConsolidator.Infrastructure.csproj".
   3:6>Done building target "AssignProjectConfiguration" in project "TicketConsolidator.UnitTests.csproj".
       Target "AssignProjectConfiguration" skipped. Previously built successfully.
   4:9>Target "_GetProjectReferenceTargetFrameworkProperties" in file "C:\Program Files\dotnet\sdk\10.0.103\Microsoft.Common.CurrentVersion.targets" from project "c:\Apps\TicketConsolidator\src\TicketConsolidator.Infrastructure\TicketConsolidator.Infrastructure.csproj" (target "PrepareProjectReferences" depends on it):
   4:9>Task "MSBuild"
         Global Properties:
           Configuration=Debug
           Platform=AnyCPU
         Removing Properties:
           TargetFramework
           RuntimeIdentifier
           SelfContained
   3:6>Target "_SplitProjectReferencesByFileExistence" in file "C:\Program Files\dotnet\sdk\10.0.103\Microsoft.Common.CurrentVersion.targets" from project "c:\Apps\TicketConsolidator\tests\TicketConsolidator.UnitTests\TicketConsolidator.UnitTests.csproj" (target "PrepareProjectReferences" depends on it):
   3:6>Done building target "_SplitProjectReferencesByFileExistence" in project "TicketConsolidator.UnitTests.csproj".
   3:6>Target "_AddOutputPathToGlobalPropertiesToRemove" in file "C:\Program Files\dotnet\sdk\10.0.103\Microsoft.Common.CurrentVersion.targets" from project "c:\Apps\TicketConsolidator\tests\TicketConsolidator.UnitTests\TicketConsolidator.UnitTests.csproj" (target "_GetProjectReferenceTargetFrameworkProperties" depends on it):
   3:6>Done building target "_AddOutputPathToGlobalPropertiesToRemove" in project "TicketConsolidator.UnitTests.csproj".
   3:6>Target "_GetProjectReferenceTargetFrameworkProperties" in file "C:\Program Files\dotnet\sdk\10.0.103\Microsoft.Common.CurrentVersion.targets" from project "c:\Apps\TicketConsolidator\tests\TicketConsolidator.UnitTests\TicketConsolidator.UnitTests.csproj" (target "PrepareProjectReferences" depends on it):
       Task "MSBuild"
         Global Properties:
           Configuration=Debug
           Platform=AnyCPU
         Removing Properties:
           TargetFramework
           RuntimeIdentifier
           SelfContained
   5:6>ProcessFrameworkReferences:
         Found 2 known framework references for target framework .NETCoreApp
         Found 5 known runtime packs for target framework .NETCoreApp
   4:9>Project "c:\Apps\TicketConsolidator\src\TicketConsolidator.Infrastructure\TicketConsolidator.Infrastructure.csproj" (4:9) is building "c:\Apps\TicketConsolidator\src\TicketConsolidator.Application\TicketConsolidator.Application.csproj" (2:10) on node 3 (GetTargetFrameworks target(s)).
  2:10>Target "_CalculateIsVSTestTestProject" in file "C:\Program Files\dotnet\sdk\10.0.103\Sdks\Microsoft.NET.Sdk\targets\Microsoft.NET.Sdk.targets" from project "c:\Apps\TicketConsolidator\src\TicketConsolidator.Application\TicketConsolidator.Application.csproj" (target "GetTargetFrameworksWithPlatformForSingleTargetFramework" depends on it):
  2:10>Done building target "_CalculateIsVSTestTestProject" in project "TicketConsolidator.Application.csproj".
   5:6>ProcessFrameworkReferences:
         Selected Microsoft.NETCore.App with RIDs 'linux-arm;linux-arm64;linux-musl-arm64;linux-musl-x64;linux-x64;osx-x64;tizen.4.0.0-armel;tizen.5.0.0-armel;win-arm64;win-x64;win-x86;linux-musl-arm;osx-arm64;linux-s390x;linux-loongarch64;linux-bionic-arm;linux-bionic-arm64;linux-bionic-x64;linux-bionic-x86;linux-ppc64le;freebsd-x64;freebsd-arm64;linux-riscv64;linux-musl-riscv64;linux-musl-loongarch64;android-arm64;android-x64'
         Selected targeting pack 'Microsoft.NETCore.App@10.0.3'
         Added runtime framework 'Microsoft.NETCore.App@10.0.0'
         Selected Microsoft.WindowsDesktop.App with RIDs 'win-x64;win-x86;win-arm64'
   6:6>Done executing task "ResolveAppHosts".
   5:6>ProcessFrameworkReferences:
         Selected targeting pack 'Microsoft.WindowsDesktop.App@10.0.3'
  2:10>Target "GetTargetFrameworksWithPlatformForSingleTargetFramework" in file "C:\Program Files\dotnet\sdk\10.0.103\Microsoft.Common.CurrentVersion.targets" from project "c:\Apps\TicketConsolidator\src\TicketConsolidator.Application\TicketConsolidator.Application.csproj" (target "GetTargetFrameworks" depends on it):
  2:10>Using "CombineTargetFrameworkInfoProperties" task from assembly "Microsoft.Build.Tasks.Core, Version=15.1.0.0, Culture=neutral, PublicKeyToken=b03f5f7f11d50a3a".
       Task "CombineTargetFrameworkInfoProperties"
   6:6>Done building target "ProcessFrameworkReferences" in project "TicketConsolidator.Web.csproj".
   5:6>ProcessFrameworkReferences:
         Added runtime framework 'Microsoft.WindowsDesktop.App@10.0.0'
   6:6>Target "_CheckForObsoleteDotNetCliToolReferences" in file "C:\Program Files\dotnet\sdk\10.0.103\Sdks\Microsoft.NET.Sdk\targets\Microsoft.NET.ObsoleteReferences.targets" from project "c:\Apps\TicketConsolidator\src\TicketConsolidator.Web\TicketConsolidator.Web.csproj" (target "CollectPackageReferences" depends on it):
   6:6>Done building target "_CheckForObsoleteDotNetCliToolReferences" in project "TicketConsolidator.Web.csproj".
   5:6>ProcessFrameworkReferences:
         Selected Microsoft.WindowsDesktop.App with RIDs 'win-x64;win-x86;win-arm64'
         Selected targeting pack 'Microsoft.WindowsDesktop.App.WPF@10.0.3'
         Added runtime framework 'Microsoft.WindowsDesktop.App@10.0.0'
   6:6>Target "CollectPackageReferences" in file "C:\Program Files\dotnet\sdk\10.0.103\NuGet.targets" from project "c:\Apps\TicketConsolidator\src\TicketConsolidator.Web\TicketConsolidator.Web.csproj" (target "_GetRestoreProjectStyle" depends on it):
   6:6>Using "CheckForDuplicateNuGetItemsTask" task from assembly "C:\Program Files\dotnet\sdk\10.0.103\NuGet.Build.Tasks.dll".
   5:6>ProcessFrameworkReferences:
         Selected Microsoft.WindowsDesktop.App with RIDs 'win-x64;win-x86;win-arm64'
         Selected targeting pack 'Microsoft.WindowsDesktop.App.WindowsForms@10.0.3'
   6:6>Task "CheckForDuplicateNuGetItemsTask"
   5:6>ProcessFrameworkReferences:
         Added runtime framework 'Microsoft.WindowsDesktop.App@10.0.0'
   6:6>Done executing task "CheckForDuplicateNuGetItemsTask".
   6:6>Done building target "CollectPackageReferences" in project "TicketConsolidator.Web.csproj".
   5:6>ProcessFrameworkReferences:
         Selected Microsoft.AspNetCore.App with RIDs 'win-x64;win-x86;osx-x64;linux-musl-x64;linux-musl-arm64;linux-x64;linux-arm;linux-arm64;linux-musl-arm;win-arm64;osx-arm64;linux-s390x;linux-loongarch64;linux-ppc64le;freebsd-x64;freebsd-arm64;linux-riscv64;linux-musl-riscv64;linux-loongarch64;linux-musl-loongarch64'
   3:6>Project "c:\Apps\TicketConsolidator\tests\TicketConsolidator.UnitTests\TicketConsolidator.UnitTests.csproj" (3:6) is building "c:\Apps\TicketConsolidator\src\TicketConsolidator.Infrastructure\TicketConsolidator.Infrastructure.csproj" (4:10) on node 2 (GetTargetFrameworks target(s)).
  4:10>Target "NETStandardCompatError_Microsoft_Extensions_Configuration_Binder" skipped. Previously built successfully.
   6:6>Target "_GetRestoreProjectStyle" in file "C:\Program Files\dotnet\sdk\10.0.103\NuGet.targets" from project "c:\Apps\TicketConsolidator\src\TicketConsolidator.Web\TicketConsolidator.Web.csproj" (target "EnableIntermediateOutputPathMismatchWarning" depends on it):
   6:6>Using "GetRestoreProjectStyleTask" task from assembly "C:\Program Files\dotnet\sdk\10.0.103\NuGet.Build.Tasks.dll".
   5:6>ProcessFrameworkReferences:
         Selected targeting pack 'Microsoft.AspNetCore.App@10.0.3'
   6:6>Task "GetRestoreProjectStyleTask"
  4:10>Target "_CalculateIsVSTestTestProject" in file "C:\Program Files\dotnet\sdk\10.0.103\Sdks\Microsoft.NET.Sdk\targets\Microsoft.NET.Sdk.targets" from project "c:\Apps\TicketConsolidator\src\TicketConsolidator.Infrastructure\TicketConsolidator.Infrastructure.csproj" (target "GetTargetFrameworksWithPlatformForSingleTargetFramework" depends on it):
  4:10>Done building target "_CalculateIsVSTestTestProject" in project "TicketConsolidator.Infrastructure.csproj".
   5:6>ProcessFrameworkReferences:
         Added runtime framework 'Microsoft.AspNetCore.App@10.0.0'
  4:10>Target "GetTargetFrameworksWithPlatformForSingleTargetFramework" in file "C:\Program Files\dotnet\sdk\10.0.103\Microsoft.Common.CurrentVersion.targets" from project "c:\Apps\TicketConsolidator\src\TicketConsolidator.Infrastructure\TicketConsolidator.Infrastructure.csproj" (target "GetTargetFrameworks" depends on it):
  4:10>Using "CombineTargetFrameworkInfoProperties" task from assembly "Microsoft.Build.Tasks.Core, Version=15.1.0.0, Culture=neutral, PublicKeyToken=b03f5f7f11d50a3a".
   5:6>Done executing task "ProcessFrameworkReferences".
  4:10>Task "CombineTargetFrameworkInfoProperties"
   5:6>ProcessFrameworkReferences:
       Using "ResolveAppHosts" task from assembly "C:\Program Files\dotnet\sdk\10.0.103\Sdks\Microsoft.NET.Sdk\targets\..\tools\net10.0\Microsoft.NET.Build.Tasks.dll".
   6:6>Done executing task "GetRestoreProjectStyleTask".
   5:6>Task "ResolveAppHosts"
   6:6>Done building target "_GetRestoreProjectStyle" in project "TicketConsolidator.Web.csproj".
  2:10>Done executing task "CombineTargetFrameworkInfoProperties".
     0>The "Configuration" property is a global property, and cannot be modified.
       The "Platform" property is a global property, and cannot be modified.
  2:10>Done building target "GetTargetFrameworksWithPlatformForSingleTargetFramework" in project "TicketConsolidator.Application.csproj".
   6:6>Target "EnableIntermediateOutputPathMismatchWarning" in file "C:\Program Files\dotnet\sdk\10.0.103\NuGet.targets" from project "c:\Apps\TicketConsolidator\src\TicketConsolidator.Web\TicketConsolidator.Web.csproj" (target "_CheckForInvalidConfigurationAndPlatform" depends on it):
   6:6>Done building target "EnableIntermediateOutputPathMismatchWarning" in project "TicketConsolidator.Web.csproj".
   6:6>Target "UpdateAspNetToFrameworkReference" in file "C:\Program Files\dotnet\sdk\10.0.103\Sdks\Microsoft.NET.Sdk\targets\Microsoft.NET.Sdk.DefaultItems.Shared.targets" from project "c:\Apps\TicketConsolidator\src\TicketConsolidator.Web\TicketConsolidator.Web.csproj" (target "ApplyImplicitVersions" depends on it):
       Using "CheckIfPackageReferenceShouldBeFrameworkReference" task from assembly "C:\Program Files\dotnet\sdk\10.0.103\Sdks\Microsoft.NET.Sdk\targets\..\tools\net10.0\Microsoft.NET.Build.Tasks.dll".
  2:10>Target "GetTargetFrameworks" in file "C:\Program Files\dotnet\sdk\10.0.103\Microsoft.Common.CurrentVersion.targets" from project "c:\Apps\TicketConsolidator\src\TicketConsolidator.Application\TicketConsolidator.Application.csproj" (entry point):
  2:10>Using "CombineXmlElements" task from assembly "Microsoft.Build.Tasks.Core, Version=15.1.0.0, Culture=neutral, PublicKeyToken=b03f5f7f11d50a3a".
   6:6>Task "CheckIfPackageReferenceShouldBeFrameworkReference"
  2:10>Task "CombineXmlElements"
   6:6>Done executing task "CheckIfPackageReferenceShouldBeFrameworkReference".
  2:10>Done executing task "CombineXmlElements".
   6:6>Task "CheckIfPackageReferenceShouldBeFrameworkReference"
  2:10>Done building target "GetTargetFrameworks" in project "TicketConsolidator.Application.csproj".
   6:6>Done executing task "CheckIfPackageReferenceShouldBeFrameworkReference".
   6:6>Done building target "UpdateAspNetToFrameworkReference" in project "TicketConsolidator.Web.csproj".
       Target "CheckForImplicitPackageReferenceOverrides" skipped. Previously built successfully.
  2:10>Done Building Project "c:\Apps\TicketConsolidator\src\TicketConsolidator.Application\TicketConsolidator.Application.csproj" (GetTargetFrameworks target(s)).
     0>C:\Program Files\dotnet\sdk\10.0.103\Sdks\Microsoft.NET.Sdk\targets\Microsoft.NET.Sdk.ImportPublishProfile.targets(28,5): message : Property reassignment: $(PublishProfileImported)="false" (previous value: "true") at C:\Program Files\dotnet\sdk\10.0.103\Sdks\Microsoft.NET.Sdk\targets\Microsoft.NET.Sdk.ImportPublishProfile.targets (28,5)
   6:6>Target "ApplyImplicitVersions" in file "C:\Program Files\dotnet\sdk\10.0.103\Sdks\Microsoft.NET.Sdk\targets\Microsoft.NET.Sdk.DefaultItems.Shared.targets" from project "c:\Apps\TicketConsolidator\src\TicketConsolidator.Web\TicketConsolidator.Web.csproj" (target "_CheckForInvalidConfigurationAndPlatform" depends on it):
   6:6>Using "ApplyImplicitVersions" task from assembly "C:\Program Files\dotnet\sdk\10.0.103\Sdks\Microsoft.NET.Sdk\targets\..\tools\net10.0\Microsoft.NET.Build.Tasks.dll".
       Task "ApplyImplicitVersions"
       Done executing task "ApplyImplicitVersions".
  4:10>Done executing task "CombineTargetFrameworkInfoProperties".
   6:6>Done building target "ApplyImplicitVersions" in project "TicketConsolidator.Web.csproj".
       Target "CheckForImplicitPackageReferenceOverrides" skipped. Previously built successfully.
  4:10>Done building target "GetTargetFrameworksWithPlatformForSingleTargetFramework" in project "TicketConsolidator.Infrastructure.csproj".
   6:6>Target "CheckForDuplicateItems" in file "C:\Program Files\dotnet\sdk\10.0.103\Sdks\Microsoft.NET.Sdk\targets\Microsoft.NET.Sdk.DefaultItems.Shared.targets" from project "c:\Apps\TicketConsolidator\src\TicketConsolidator.Web\TicketConsolidator.Web.csproj" (target "_CheckForInvalidConfigurationAndPlatform" depends on it):
   6:6>Using "CheckForDuplicateItems" task from assembly "C:\Program Files\dotnet\sdk\10.0.103\Sdks\Microsoft.NET.Sdk\targets\..\tools\net10.0\Microsoft.NET.Build.Tasks.dll".
       Task "CheckForDuplicateItems"
   3:6>Project "c:\Apps\TicketConsolidator\tests\TicketConsolidator.UnitTests\TicketConsolidator.UnitTests.csproj" (3:6) is building "c:\Apps\TicketConsolidator\src\TicketConsolidator.Application\TicketConsolidator.Application.csproj" (2:11) on node 3 (GetTargetFrameworks target(s)).
  2:11>Target "GetTargetFrameworks" skipped. Previously built successfully.
  2:11>Done Building Project "c:\Apps\TicketConsolidator\src\TicketConsolidator.Application\TicketConsolidator.Application.csproj" (GetTargetFrameworks target(s)).
   6:6>Done executing task "CheckForDuplicateItems".
       Task "CheckForDuplicateItems"
  4:10>Target "GetTargetFrameworks" in file "C:\Program Files\dotnet\sdk\10.0.103\Microsoft.Common.CurrentVersion.targets" from project "c:\Apps\TicketConsolidator\src\TicketConsolidator.Infrastructure\TicketConsolidator.Infrastructure.csproj" (entry point):
  4:10>Using "CombineXmlElements" task from assembly "Microsoft.Build.Tasks.Core, Version=15.1.0.0, Culture=neutral, PublicKeyToken=b03f5f7f11d50a3a".
       Task "CombineXmlElements"
   5:6>Done executing task "ResolveAppHosts".
   5:6>Done building target "ProcessFrameworkReferences" in project "TicketConsolidator.UI.csproj".
  4:10>Done executing task "CombineXmlElements".
   5:6>Target "_CheckForObsoleteDotNetCliToolReferences" in file "C:\Program Files\dotnet\sdk\10.0.103\Sdks\Microsoft.NET.Sdk\targets\Microsoft.NET.ObsoleteReferences.targets" from project "c:\Apps\TicketConsolidator\src\TicketConsolidator.UI\TicketConsolidator.UI.csproj" (target "CollectPackageReferences" depends on it):
   5:6>Done building target "_CheckForObsoleteDotNetCliToolReferences" in project "TicketConsolidator.UI.csproj".
  4:10>Done building target "GetTargetFrameworks" in project "TicketConsolidator.Infrastructure.csproj".
  4:10>Done Building Project "c:\Apps\TicketConsolidator\src\TicketConsolidator.Infrastructure\TicketConsolidator.Infrastructure.csproj" (GetTargetFrameworks target(s)).
   5:6>Target "CollectPackageReferences" in file "C:\Program Files\dotnet\sdk\10.0.103\NuGet.targets" from project "c:\Apps\TicketConsolidator\src\TicketConsolidator.UI\TicketConsolidator.UI.csproj" (target "_GetRestoreProjectStyle" depends on it):
   5:6>Using "CheckForDuplicateNuGetItemsTask" task from assembly "C:\Program Files\dotnet\sdk\10.0.103\NuGet.Build.Tasks.dll".
     0>C:\Program Files\dotnet\sdk\10.0.103\Sdks\Microsoft.NET.Sdk\targets\Microsoft.NET.TargetFrameworkInference.targets(81,5): message : Property reassignment: $(TargetPlatformVersion)="" (previous value: "0.0") at C:\Program Files\dotnet\sdk\10.0.103\Sdks\Microsoft.NET.Sdk\targets\Microsoft.NET.TargetFrameworkInference.targets (81,5)
   6:6>Done executing task "CheckForDuplicateItems".
   5:6>Task "CheckForDuplicateNuGetItemsTask"
       Done executing task "CheckForDuplicateNuGetItemsTask".
   5:6>Done building target "CollectPackageReferences" in project "TicketConsolidator.UI.csproj".
   5:6>Target "_GetRestoreProjectStyle" in file "C:\Program Files\dotnet\sdk\10.0.103\NuGet.targets" from project "c:\Apps\TicketConsolidator\src\TicketConsolidator.UI\TicketConsolidator.UI.csproj" (target "EnableIntermediateOutputPathMismatchWarning" depends on it):
       Using "GetRestoreProjectStyleTask" task from assembly "C:\Program Files\dotnet\sdk\10.0.103\NuGet.Build.Tasks.dll".
   6:6>Task "CheckForDuplicateItems"
   5:6>Task "GetRestoreProjectStyleTask"
       Done executing task "GetRestoreProjectStyleTask".
   6:6>Done executing task "CheckForDuplicateItems".
   5:6>Done building target "_GetRestoreProjectStyle" in project "TicketConsolidator.UI.csproj".
   6:6>Done building target "CheckForDuplicateItems" in project "TicketConsolidator.Web.csproj".
     0>C:\Program Files\dotnet\sdk\10.0.103\Sdks\Microsoft.NET.Sdk\targets\Microsoft.NET.DefaultOutputPaths.targets(127,5): message : Property reassignment: $(DefaultItemExcludes)=";bin\Debug\/**;obj\Debug\/**" (previous value: ";bin\Debug\/**") at C:\Program Files\dotnet\sdk\10.0.103\Sdks\Microsoft.NET.Sdk\targets\Microsoft.NET.DefaultOutputPaths.targets (127,5)
       C:\Program Files\dotnet\sdk\10.0.103\Sdks\Microsoft.NET.Sdk\targets\Microsoft.NET.DefaultOutputPaths.targets(142,5): message : Property reassignment: $(OutputPath)="bin\Debug\net10.0\" (previous value: "bin\Debug\") at C:\Program Files\dotnet\sdk\10.0.103\Sdks\Microsoft.NET.Sdk\targets\Microsoft.NET.DefaultOutputPaths.targets (142,5)
       C:\Program Files\dotnet\sdk\10.0.103\Sdks\Microsoft.NET.Sdk\targets\Microsoft.NET.DefaultOutputPaths.targets(147,5): message : Property reassignment: $(IntermediateOutputPath)="obj\Debug\net10.0\" (previous value: "obj\Debug\") at C:\Program Files\dotnet\sdk\10.0.103\Sdks\Microsoft.NET.Sdk\targets\Microsoft.NET.DefaultOutputPaths.targets (147,5)
   6:6>Target "ProcessFrameworkReferences" skipped. Previously built successfully.
   5:6>Target "EnableIntermediateOutputPathMismatchWarning" in file "C:\Program Files\dotnet\sdk\10.0.103\NuGet.targets" from project "c:\Apps\TicketConsolidator\src\TicketConsolidator.UI\TicketConsolidator.UI.csproj" (target "_CheckForInvalidConfigurationAndPlatform" depends on it):
   5:6>Done building target "EnableIntermediateOutputPathMismatchWarning" in project "TicketConsolidator.UI.csproj".
   6:6>Target "_CheckForInvalidConfigurationAndPlatform" in file "C:\Program Files\dotnet\sdk\10.0.103\Microsoft.Common.CurrentVersion.targets" from project "c:\Apps\TicketConsolidator\src\TicketConsolidator.Web\TicketConsolidator.Web.csproj" (target "BeforeBuild" depends on it):
   6:6>Task "Message"
   5:6>Target "ApplyImplicitVersions" skipped. Previously built successfully.
   6:6>_CheckForInvalidConfigurationAndPlatform:
         Configuration=Debug
   5:6>Target "CheckForImplicitPackageReferenceOverrides" skipped. Previously built successfully.
   6:6>Done executing task "Message".
       Task "Message"
   5:6>Target "CheckForDuplicateItems" in file "C:\Program Files\dotnet\sdk\10.0.103\Sdks\Microsoft.NET.Sdk\targets\Microsoft.NET.Sdk.DefaultItems.Shared.targets" from project "c:\Apps\TicketConsolidator\src\TicketConsolidator.UI\TicketConsolidator.UI.csproj" (target "_CheckForInvalidConfigurationAndPlatform" depends on it):
   5:6>Using "CheckForDuplicateItems" task from assembly "C:\Program Files\dotnet\sdk\10.0.103\Sdks\Microsoft.NET.Sdk\targets\..\tools\net10.0\Microsoft.NET.Build.Tasks.dll".
   6:6>_CheckForInvalidConfigurationAndPlatform:
         Platform=AnyCPU
       Done executing task "Message".
   5:6>Task "CheckForDuplicateItems"
   6:6>Done building target "_CheckForInvalidConfigurationAndPlatform" in project "TicketConsolidator.Web.csproj".
   5:6>Done executing task "CheckForDuplicateItems".
       Task "CheckForDuplicateItems"
   6:6>Target "ValidateCommandLineProperties" in file "C:\Program Files\dotnet\sdk\10.0.103\Sdks\Microsoft.NET.Sdk\targets\Microsoft.NET.Sdk.targets" from project "c:\Apps\TicketConsolidator\src\TicketConsolidator.Web\TicketConsolidator.Web.csproj" (target "BeforeBuild" depends on it):
   6:6>Done building target "ValidateCommandLineProperties" in project "TicketConsolidator.Web.csproj".
   6:6>Target "BeforeBuild" in file "C:\Program Files\dotnet\sdk\10.0.103\Microsoft.Common.CurrentVersion.targets" from project "c:\Apps\TicketConsolidator\src\TicketConsolidator.Web\TicketConsolidator.Web.csproj" (target "Build" depends on it):
   6:6>Done building target "BeforeBuild" in project "TicketConsolidator.Web.csproj".
     0>The "DefaultSdkResolver" resolver attempted to resolve the SDK "Microsoft.NET.SDK.WorkloadManifestTargetsLocator".
Warnings: null
Errors: MSB4276: The default SDK resolver failed to resolve SDK "Microsoft.NET.SDK.WorkloadManifestTargetsLocator" because directory "C:\Program Files\dotnet\sdk\10.0.103\Sdks\Microsoft.NET.SDK.WorkloadManifestTargetsLocator\Sdk" did not exist.
   6:6>Target "BuildOnlySettings" in file "C:\Program Files\dotnet\sdk\10.0.103\Microsoft.Common.CurrentVersion.targets" from project "c:\Apps\TicketConsolidator\src\TicketConsolidator.Web\TicketConsolidator.Web.csproj" (target "CoreBuild" depends on it):
   6:6>C:\Program Files\dotnet\sdk\10.0.103\Microsoft.Common.CurrentVersion.targets(1168,7): message : Property reassignment: $(BuildingProject)="true" (previous value: "false") at C:\Program Files\dotnet\sdk\10.0.103\Microsoft.Common.CurrentVersion.targets (1168,7) [c:\Apps\TicketConsolidator\src\TicketConsolidator.Web\TicketConsolidator.Web.csproj]
   6:6>Done building target "BuildOnlySettings" in project "TicketConsolidator.Web.csproj".
   6:6>Target "GetFrameworkPaths" in file "C:\Program Files\dotnet\sdk\10.0.103\Sdks\Microsoft.NET.Sdk\targets\Microsoft.NET.DisableStandardFrameworkResolution.targets" from project "c:\Apps\TicketConsolidator\src\TicketConsolidator.Web\TicketConsolidator.Web.csproj" (target "PrepareForBuild" depends on it):
   6:6>Done building target "GetFrameworkPaths" in project "TicketConsolidator.Web.csproj".
   6:6>Target "GetReferenceAssemblyPaths" in file "C:\Program Files\dotnet\sdk\10.0.103\Sdks\Microsoft.NET.Sdk\targets\Microsoft.NET.DisableStandardFrameworkResolution.targets" from project "c:\Apps\TicketConsolidator\src\TicketConsolidator.Web\TicketConsolidator.Web.csproj" (target "PrepareForBuild" depends on it):
   6:6>Done building target "GetReferenceAssemblyPaths" in project "TicketConsolidator.Web.csproj".
   6:6>Target "ResolveRazorGenerateInputs" in file "C:\Program Files\dotnet\sdk\10.0.103\Sdks\Microsoft.NET.Sdk.Razor\targets\Sdk.Razor.CurrentVersion.targets" from project "c:\Apps\TicketConsolidator\src\TicketConsolidator.Web\TicketConsolidator.Web.csproj" (target "PrepareForBuild" depends on it):
   6:6>Done building target "ResolveRazorGenerateInputs" in project "TicketConsolidator.Web.csproj".
   6:6>Target "PrepareForBuild" in file "C:\Program Files\dotnet\sdk\10.0.103\Microsoft.Common.CurrentVersion.targets" from project "c:\Apps\TicketConsolidator\src\TicketConsolidator.Web\TicketConsolidator.Web.csproj" (target "CoreBuild" depends on it):
       Using "FindAppConfigFile" task from assembly "Microsoft.Build.Tasks.Core, Version=15.1.0.0, Culture=neutral, PublicKeyToken=b03f5f7f11d50a3a".
       Task "FindAppConfigFile"
   5:6>Done executing task "CheckForDuplicateItems".
       Task "CheckForDuplicateItems"
   6:6>Done executing task "FindAppConfigFile".
   5:6>Done executing task "CheckForDuplicateItems".
   6:6>PrepareForBuild:
       Using "MakeDir" task from assembly "Microsoft.Build.Tasks.Core, Version=15.1.0.0, Culture=neutral, PublicKeyToken=b03f5f7f11d50a3a".
   5:6>Done building target "CheckForDuplicateItems" in project "TicketConsolidator.UI.csproj".
   6:6>Task "MakeDir"
   5:6>Target "_CheckForInvalidWindowsDesktopTargetingConfiguration" in file "C:\Program Files\dotnet\sdk\10.0.103\Sdks\Microsoft.NET.Sdk\targets\Microsoft.NET.Sdk.DefaultItems.targets" from project "c:\Apps\TicketConsolidator\src\TicketConsolidator.UI\TicketConsolidator.UI.csproj" (target "_CheckForInvalidConfigurationAndPlatform" depends on it):
   5:6>Done building target "_CheckForInvalidWindowsDesktopTargetingConfiguration" in project "TicketConsolidator.UI.csproj".
   6:6>Done executing task "MakeDir".
   5:6>Target "ProcessFrameworkReferences" skipped. Previously built successfully.
   6:6>Done building target "PrepareForBuild" in project "TicketConsolidator.Web.csproj".
     0>The SDK "Microsoft.NET.SDK.WorkloadManifestTargetsLocator" was successfully resolved by the "Microsoft.DotNet.MSBuildWorkloadSdkResolver" resolver to location "C:\Program Files\dotnet\sdk-manifests\10.0.100\microsoft.net.sdk.android\36.1.2" and version "null".
   5:6>Target "CheckForDuplicateItems" skipped. Previously built successfully.
   6:6>Target "GenerateTargetFrameworkDefineConstants" in file "C:\Program Files\dotnet\sdk\10.0.103\Sdks\Microsoft.NET.Sdk\targets\Microsoft.NET.Sdk.BeforeCommon.targets" from project "c:\Apps\TicketConsolidator\src\TicketConsolidator.Web\TicketConsolidator.Web.csproj" (target "AddImplicitDefineConstants" depends on it):
   6:6>Done building target "GenerateTargetFrameworkDefineConstants" in project "TicketConsolidator.Web.csproj".
   5:6>Target "CheckForDuplicatePageItems" in file "C:\Program Files\dotnet\sdk\10.0.103\Sdks\Microsoft.NET.Sdk.WindowsDesktop\targets\Microsoft.NET.Sdk.WindowsDesktop.targets" from project "c:\Apps\TicketConsolidator\src\TicketConsolidator.UI\TicketConsolidator.UI.csproj" (target "_CheckForInvalidConfigurationAndPlatform" depends on it):
   5:6>Task "CheckForDuplicateItems"
   6:6>Target "GenerateTargetPlatformDefineConstants" in file "C:\Program Files\dotnet\sdk\10.0.103\Sdks\Microsoft.NET.Sdk\targets\Microsoft.NET.Sdk.BeforeCommon.targets" from project "c:\Apps\TicketConsolidator\src\TicketConsolidator.Web\TicketConsolidator.Web.csproj" (target "AddImplicitDefineConstants" depends on it):
   6:6>Done building target "GenerateTargetPlatformDefineConstants" in project "TicketConsolidator.Web.csproj".
   5:6>Done executing task "CheckForDuplicateItems".
   5:6>Done building target "CheckForDuplicatePageItems" in project "TicketConsolidator.UI.csproj".
   6:6>Target "GenerateNETCompatibleDefineConstants" in file "C:\Program Files\dotnet\sdk\10.0.103\Sdks\Microsoft.NET.Sdk\targets\Microsoft.NET.Sdk.BeforeCommon.targets" from project "c:\Apps\TicketConsolidator\src\TicketConsolidator.Web\TicketConsolidator.Web.csproj" (target "AddImplicitDefineConstants" depends on it):
   6:6>Done building target "GenerateNETCompatibleDefineConstants" in project "TicketConsolidator.Web.csproj".
   5:6>Target "_WindowsDesktopFrameworkRequiresUseWpfOrUseWindowsForms" in file "C:\Program Files\dotnet\sdk\10.0.103\Sdks\Microsoft.NET.Sdk.WindowsDesktop\targets\Microsoft.NET.Sdk.WindowsDesktop.targets" from project "c:\Apps\TicketConsolidator\src\TicketConsolidator.UI\TicketConsolidator.UI.csproj" (target "_CheckForInvalidConfigurationAndPlatform" depends on it):
   5:6>Done building target "_WindowsDesktopFrameworkRequiresUseWpfOrUseWindowsForms" in project "TicketConsolidator.UI.csproj".
   6:6>Target "GeneratePlatformCompatibleDefineConstants" in file "C:\Program Files\dotnet\sdk\10.0.103\Sdks\Microsoft.NET.Sdk\targets\Microsoft.NET.Sdk.BeforeCommon.targets" from project "c:\Apps\TicketConsolidator\src\TicketConsolidator.Web\TicketConsolidator.Web.csproj" (target "AddImplicitDefineConstants" depends on it):
   6:6>Done building target "GeneratePlatformCompatibleDefineConstants" in project "TicketConsolidator.Web.csproj".
   5:6>Target "_CheckForInvalidConfigurationAndPlatform" in file "C:\Program Files\dotnet\sdk\10.0.103\Microsoft.Common.CurrentVersion.targets" from project "c:\Apps\TicketConsolidator\src\TicketConsolidator.UI\TicketConsolidator.UI.csproj" (target "BeforeBuild" depends on it):
   5:6>Task "Message"
         Configuration=Debug
       Done executing task "Message".
       Task "Message"
         Platform=AnyCPU
       Done executing task "Message".
   5:6>Done building target "_CheckForInvalidConfigurationAndPlatform" in project "TicketConsolidator.UI.csproj".
   5:6>Target "ValidateCommandLineProperties" in file "C:\Program Files\dotnet\sdk\10.0.103\Sdks\Microsoft.NET.Sdk\targets\Microsoft.NET.Sdk.targets" from project "c:\Apps\TicketConsolidator\src\TicketConsolidator.UI\TicketConsolidator.UI.csproj" (target "BeforeBuild" depends on it):
   5:6>Done building target "ValidateCommandLineProperties" in project "TicketConsolidator.UI.csproj".
   5:6>Target "BeforeBuild" in file "C:\Program Files\dotnet\sdk\10.0.103\Microsoft.Common.CurrentVersion.targets" from project "c:\Apps\TicketConsolidator\src\TicketConsolidator.UI\TicketConsolidator.UI.csproj" (target "Build" depends on it):
   5:6>Done building target "BeforeBuild" in project "TicketConsolidator.UI.csproj".
   5:6>Target "BuildOnlySettings" in file "C:\Program Files\dotnet\sdk\10.0.103\Microsoft.Common.CurrentVersion.targets" from project "c:\Apps\TicketConsolidator\src\TicketConsolidator.UI\TicketConsolidator.UI.csproj" (target "CoreBuild" depends on it):
       C:\Program Files\dotnet\sdk\10.0.103\Microsoft.Common.CurrentVersion.targets(1168,7): message : Property reassignment: $(BuildingProject)="true" (previous value: "false") at C:\Program Files\dotnet\sdk\10.0.103\Microsoft.Common.CurrentVersion.targets (1168,7) [c:\Apps\TicketConsolidator\src\TicketConsolidator.UI\TicketConsolidator.UI.csproj]
   5:6>Done building target "BuildOnlySettings" in project "TicketConsolidator.UI.csproj".
   5:6>Target "GetFrameworkPaths" in file "C:\Program Files\dotnet\sdk\10.0.103\Sdks\Microsoft.NET.Sdk\targets\Microsoft.NET.DisableStandardFrameworkResolution.targets" from project "c:\Apps\TicketConsolidator\src\TicketConsolidator.UI\TicketConsolidator.UI.csproj" (target "PrepareForBuild" depends on it):
   5:6>Done building target "GetFrameworkPaths" in project "TicketConsolidator.UI.csproj".
   6:6>Target "AddImplicitDefineConstants" in file "C:\Program Files\dotnet\sdk\10.0.103\Sdks\Microsoft.NET.Sdk\targets\Microsoft.NET.Sdk.BeforeCommon.targets" from project "c:\Apps\TicketConsolidator\src\TicketConsolidator.Web\TicketConsolidator.Web.csproj" (target "CoreBuild" depends on it):
   6:6>C:\Program Files\dotnet\sdk\10.0.103\Sdks\Microsoft.NET.Sdk\targets\Microsoft.NET.Sdk.BeforeCommon.targets(295,7): message : Property reassignment: $(DefineConstants)="TRACE;DEBUG;NET;NET10_0;NETCOREAPP;WINDOWS;WINDOWS7_0;NET5_0_OR_GREATER;NET6_0_OR_GREATER;NET7_0_OR_GREATER;NET8_0_OR_GREATER;NET9_0_OR_GREATER;NET10_0_OR_GREATER;NETCOREAPP1_0_OR_GREATER;NETCOREAPP1_1_OR_GREATER;NETCOREAPP2_0_OR_GREATER;NETCOREAPP2_1_OR_GREATER;NETCOREAPP2_2_OR_GREATER;NETCOREAPP3_0_OR_GREATER;NETCOREAPP3_1_OR_GREATER;WINDOWS7_0_OR_GREATER" (previous value: "TRACE;DEBUG") at C:\Program Files\dotnet\sdk\10.0.103\Sdks\Microsoft.NET.Sdk\targets\Microsoft.NET.Sdk.BeforeCommon.targets (295,7) [c:\Apps\TicketConsolidator\src\TicketConsolidator.Web\TicketConsolidator.Web.csproj]
   5:6>Target "GetReferenceAssemblyPaths" in file "C:\Program Files\dotnet\sdk\10.0.103\Sdks\Microsoft.NET.Sdk\targets\Microsoft.NET.DisableStandardFrameworkResolution.targets" from project "c:\Apps\TicketConsolidator\src\TicketConsolidator.UI\TicketConsolidator.UI.csproj" (target "PrepareForBuild" depends on it):
   5:6>Done building target "GetReferenceAssemblyPaths" in project "TicketConsolidator.UI.csproj".
   6:6>Done building target "AddImplicitDefineConstants" in project "TicketConsolidator.Web.csproj".
   5:6>Target "PrepareForBuild" in file "C:\Program Files\dotnet\sdk\10.0.103\Microsoft.Common.CurrentVersion.targets" from project "c:\Apps\TicketConsolidator\src\TicketConsolidator.UI\TicketConsolidator.UI.csproj" (target "CoreBuild" depends on it):
   5:6>Using "FindAppConfigFile" task from assembly "Microsoft.Build.Tasks.Core, Version=15.1.0.0, Culture=neutral, PublicKeyToken=b03f5f7f11d50a3a".
   6:6>Target "ResolveRazorComponentInputs" in file "C:\Program Files\dotnet\sdk\10.0.103\Sdks\Microsoft.NET.Sdk.Razor\targets\Sdk.Razor.CurrentVersion.targets" from project "c:\Apps\TicketConsolidator\src\TicketConsolidator.Web\TicketConsolidator.Web.csproj" (target "_AddEmbeddedValidationAttribute" depends on it):
   6:6>Done building target "ResolveRazorComponentInputs" in project "TicketConsolidator.Web.csproj".
   5:6>Task "FindAppConfigFile"
       Done executing task "FindAppConfigFile".
   6:6>Target "ResolveRazorGenerateInputs" skipped. Previously built successfully.
   5:6>PrepareForBuild:
       Using "MakeDir" task from assembly "Microsoft.Build.Tasks.Core, Version=15.1.0.0, Culture=neutral, PublicKeyToken=b03f5f7f11d50a3a".
       Task "MakeDir"
   6:6>Target "_AddEmbeddedValidationAttribute" in file "C:\Program Files\dotnet\sdk\10.0.103\Sdks\Microsoft.NET.Sdk.Razor\targets\Sdk.Razor.CurrentVersion.targets" from project "c:\Apps\TicketConsolidator\src\TicketConsolidator.Web\TicketConsolidator.Web.csproj" (target "GenerateGlobalUsings" depends on it):
   6:6>Using "WriteLinesToFile" task from assembly "Microsoft.Build.Tasks.Core, Version=15.1.0.0, Culture=neutral, PublicKeyToken=b03f5f7f11d50a3a".
       Task "WriteLinesToFile"
         Skipping write to file "obj\Debug\net10.0-windows\EmbeddedAttribute.cs" because content would not change.
   5:6>Done executing task "MakeDir".
   6:6>Done executing task "WriteLinesToFile".
       Task "WriteLinesToFile"
   5:6>Done building target "PrepareForBuild" in project "TicketConsolidator.UI.csproj".
   5:6>Target "GenerateTargetFrameworkDefineConstants" in file "C:\Program Files\dotnet\sdk\10.0.103\Sdks\Microsoft.NET.Sdk\targets\Microsoft.NET.Sdk.BeforeCommon.targets" from project "c:\Apps\TicketConsolidator\src\TicketConsolidator.UI\TicketConsolidator.UI.csproj" (target "AddImplicitDefineConstants" depends on it):
   5:6>Done building target "GenerateTargetFrameworkDefineConstants" in project "TicketConsolidator.UI.csproj".
   5:6>Target "GenerateTargetPlatformDefineConstants" in file "C:\Program Files\dotnet\sdk\10.0.103\Sdks\Microsoft.NET.Sdk\targets\Microsoft.NET.Sdk.BeforeCommon.targets" from project "c:\Apps\TicketConsolidator\src\TicketConsolidator.UI\TicketConsolidator.UI.csproj" (target "AddImplicitDefineConstants" depends on it):
   5:6>Done building target "GenerateTargetPlatformDefineConstants" in project "TicketConsolidator.UI.csproj".
   6:6>_AddEmbeddedValidationAttribute:
         Skipping write to file "obj\Debug\net10.0-windows\ValidatableTypeAttribute.cs" because content would not change.
       Done executing task "WriteLinesToFile".
   6:6>Done building target "_AddEmbeddedValidationAttribute" in project "TicketConsolidator.Web.csproj".
   6:6>Target "BeforeResolveReferences" in file "C:\Program Files\dotnet\sdk\10.0.103\Microsoft.Common.CurrentVersion.targets" from project "c:\Apps\TicketConsolidator\src\TicketConsolidator.Web\TicketConsolidator.Web.csproj" (target "ResolveReferences" depends on it):
   6:6>Done building target "BeforeResolveReferences" in project "TicketConsolidator.Web.csproj".
   6:6>Target "IgnoreJavaScriptOutputAssembly" in file "C:\Program Files\dotnet\sdk\10.0.103\Microsoft.Common.CurrentVersion.targets" from project "c:\Apps\TicketConsolidator\src\TicketConsolidator.Web\TicketConsolidator.Web.csproj" (target "AssignProjectConfiguration" depends on it):
   6:6>Done building target "IgnoreJavaScriptOutputAssembly" in project "TicketConsolidator.Web.csproj".
       Target "ProcessFrameworkReferences" skipped. Previously built successfully.
   5:6>Target "GenerateNETCompatibleDefineConstants" in file "C:\Program Files\dotnet\sdk\10.0.103\Sdks\Microsoft.NET.Sdk\targets\Microsoft.NET.Sdk.BeforeCommon.targets" from project "c:\Apps\TicketConsolidator\src\TicketConsolidator.UI\TicketConsolidator.UI.csproj" (target "AddImplicitDefineConstants" depends on it):
   5:6>Done building target "GenerateNETCompatibleDefineConstants" in project "TicketConsolidator.UI.csproj".
   6:6>Target "_DefaultMicrosoftNETPlatformLibrary" in file "C:\Program Files\dotnet\sdk\10.0.103\Sdks\Microsoft.NET.Sdk\targets\Microsoft.NET.Sdk.Shared.targets" from project "c:\Apps\TicketConsolidator\src\TicketConsolidator.Web\TicketConsolidator.Web.csproj" (target "ResolvePackageAssets" depends on it):
   6:6>Done building target "_DefaultMicrosoftNETPlatformLibrary" in project "TicketConsolidator.Web.csproj".
   6:6>Target "_ComputePackageReferencePublish" in file "C:\Program Files\dotnet\sdk\10.0.103\Sdks\Microsoft.NET.Sdk\targets\Microsoft.NET.Sdk.Shared.targets" from project "c:\Apps\TicketConsolidator\src\TicketConsolidator.Web\TicketConsolidator.Web.csproj" (target "ResolvePackageAssets" depends on it):
   6:6>Done building target "_ComputePackageReferencePublish" in project "TicketConsolidator.Web.csproj".
   6:6>Target "ResolvePackageAssets" in file "C:\Program Files\dotnet\sdk\10.0.103\Sdks\Microsoft.NET.Sdk\targets\Microsoft.PackageDependencyResolution.targets" from project "c:\Apps\TicketConsolidator\src\TicketConsolidator.Web\TicketConsolidator.Web.csproj" (target "ResolveLockFileReferences" depends on it):
       Using "ResolvePackageAssets" task from assembly "C:\Program Files\dotnet\sdk\10.0.103\Sdks\Microsoft.NET.Sdk\targets\..\tools\net10.0\Microsoft.NET.Build.Tasks.dll".
       Task "ResolvePackageAssets"
       Done executing task "ResolvePackageAssets".
   6:6>Done building target "ResolvePackageAssets" in project "TicketConsolidator.Web.csproj".
   5:6>Target "GeneratePlatformCompatibleDefineConstants" in file "C:\Program Files\dotnet\sdk\10.0.103\Sdks\Microsoft.NET.Sdk\targets\Microsoft.NET.Sdk.BeforeCommon.targets" from project "c:\Apps\TicketConsolidator\src\TicketConsolidator.UI\TicketConsolidator.UI.csproj" (target "AddImplicitDefineConstants" depends on it):
   5:6>Done building target "GeneratePlatformCompatibleDefineConstants" in project "TicketConsolidator.UI.csproj".
   6:6>Target "AddTransitiveFrameworkReferences" in file "C:\Program Files\dotnet\sdk\10.0.103\Sdks\Microsoft.NET.Sdk\targets\Microsoft.NET.Sdk.FrameworkReferenceResolution.targets" from project "c:\Apps\TicketConsolidator\src\TicketConsolidator.Web\TicketConsolidator.Web.csproj" (target "ResolveLockFileReferences" depends on it):
   6:6>Done building target "AddTransitiveFrameworkReferences" in project "TicketConsolidator.Web.csproj".
   6:6>Target "_CheckForTransitiveWindowsSDKFullDependencies" in file "C:\Program Files\dotnet\sdk\10.0.103\Sdks\Microsoft.NET.Sdk\targets\Microsoft.NET.Windows.targets" from project "c:\Apps\TicketConsolidator\src\TicketConsolidator.Web\TicketConsolidator.Web.csproj" (target "ResolveLockFileReferences" depends on it):
   6:6>Done building target "_CheckForTransitiveWindowsSDKFullDependencies" in project "TicketConsolidator.Web.csproj".
   5:6>Target "AddImplicitDefineConstants" in file "C:\Program Files\dotnet\sdk\10.0.103\Sdks\Microsoft.NET.Sdk\targets\Microsoft.NET.Sdk.BeforeCommon.targets" from project "c:\Apps\TicketConsolidator\src\TicketConsolidator.UI\TicketConsolidator.UI.csproj" (target "CoreBuild" depends on it):
   5:6>C:\Program Files\dotnet\sdk\10.0.103\Sdks\Microsoft.NET.Sdk\targets\Microsoft.NET.Sdk.BeforeCommon.targets(295,7): message : Property reassignment: $(DefineConstants)="TRACE;DEBUG;NET;NET10_0;NETCOREAPP;WINDOWS;WINDOWS7_0;NET5_0_OR_GREATER;NET6_0_OR_GREATER;NET7_0_OR_GREATER;NET8_0_OR_GREATER;NET9_0_OR_GREATER;NET10_0_OR_GREATER;NETCOREAPP3_0_OR_GREATER;NETCOREAPP3_1_OR_GREATER;WINDOWS7_0_OR_GREATER" (previous value: "TRACE;DEBUG") at C:\Program Files\dotnet\sdk\10.0.103\Sdks\Microsoft.NET.Sdk\targets\Microsoft.NET.Sdk.BeforeCommon.targets (295,7) [c:\Apps\TicketConsolidator\src\TicketConsolidator.UI\TicketConsolidator.UI.csproj]
   6:6>Target "ResolveLockFileReferences" in file "C:\Program Files\dotnet\sdk\10.0.103\Sdks\Microsoft.NET.Sdk\targets\Microsoft.PackageDependencyResolution.targets" from project "c:\Apps\TicketConsolidator\src\TicketConsolidator.Web\TicketConsolidator.Web.csproj" (target "ResolvePackageDependenciesForBuild" depends on it):
   6:6>Using "JoinItems" task from assembly "C:\Program Files\dotnet\sdk\10.0.103\Sdks\Microsoft.NET.Sdk\targets\..\tools\net10.0\Microsoft.NET.Build.Tasks.dll".
   5:6>Done building target "AddImplicitDefineConstants" in project "TicketConsolidator.UI.csproj".
   6:6>Task "JoinItems"
       Done executing task "JoinItems".
   6:6>Done building target "ResolveLockFileReferences" in project "TicketConsolidator.Web.csproj".
       Target "ResolvePackageAssets" skipped. Previously built successfully.
   6:6>Target "ResolveLockFileAnalyzers" in file "C:\Program Files\dotnet\sdk\10.0.103\Sdks\Microsoft.NET.Sdk\targets\Microsoft.PackageDependencyResolution.targets" from project "c:\Apps\TicketConsolidator\src\TicketConsolidator.Web\TicketConsolidator.Web.csproj" (target "ResolvePackageDependenciesForBuild" depends on it):
   6:6>Done building target "ResolveLockFileAnalyzers" in project "TicketConsolidator.Web.csproj".
       Target "ResolvePackageAssets" skipped. Previously built successfully.
   5:6>Target "GenerateGlobalUsings" in file "C:\Program Files\dotnet\sdk\10.0.103\Sdks\Microsoft.NET.Sdk\targets\Microsoft.NET.GenerateGlobalUsings.targets" from project "c:\Apps\TicketConsolidator\src\TicketConsolidator.UI\TicketConsolidator.UI.csproj" (target "CoreBuild" depends on it):
   5:6>Using "GenerateGlobalUsings" task from assembly "C:\Program Files\dotnet\sdk\10.0.103\Sdks\Microsoft.NET.Sdk\targets\..\tools\net10.0\Microsoft.NET.Build.Tasks.dll".
   6:6>Target "ResolveLockFileCopyLocalFiles" in file "C:\Program Files\dotnet\sdk\10.0.103\Sdks\Microsoft.NET.Sdk\targets\Microsoft.PackageDependencyResolution.targets" from project "c:\Apps\TicketConsolidator\src\TicketConsolidator.Web\TicketConsolidator.Web.csproj" (target "ResolvePackageDependenciesForBuild" depends on it):
   6:6>Done building target "ResolveLockFileCopyLocalFiles" in project "TicketConsolidator.Web.csproj".
   5:6>Task "GenerateGlobalUsings"
   6:6>Target "ResolvePackageAssets" skipped. Previously built successfully.
   5:6>Done executing task "GenerateGlobalUsings".
   6:6>Target "IncludeTransitiveProjectReferences" in file "C:\Program Files\dotnet\sdk\10.0.103\Sdks\Microsoft.NET.Sdk\targets\Microsoft.PackageDependencyResolution.targets" from project "c:\Apps\TicketConsolidator\src\TicketConsolidator.Web\TicketConsolidator.Web.csproj" (target "ResolvePackageDependenciesForBuild" depends on it):
   6:6>Done building target "IncludeTransitiveProjectReferences" in project "TicketConsolidator.Web.csproj".
   5:6>GenerateGlobalUsings:
       Using "WriteLinesToFile" task from assembly "Microsoft.Build.Tasks.Core, Version=15.1.0.0, Culture=neutral, PublicKeyToken=b03f5f7f11d50a3a".
       Task "WriteLinesToFile"
   6:6>Target "ResolvePackageDependenciesForBuild" in file "C:\Program Files\dotnet\sdk\10.0.103\Sdks\Microsoft.NET.Sdk\targets\Microsoft.PackageDependencyResolution.targets" from project "c:\Apps\TicketConsolidator\src\TicketConsolidator.Web\TicketConsolidator.Web.csproj" (target "AssignProjectConfiguration" depends on it):
   6:6>Done building target "ResolvePackageDependenciesForBuild" in project "TicketConsolidator.Web.csproj".
   6:6>Target "AssignProjectConfiguration" in file "C:\Program Files\dotnet\sdk\10.0.103\Microsoft.Common.CurrentVersion.targets" from project "c:\Apps\TicketConsolidator\src\TicketConsolidator.Web\TicketConsolidator.Web.csproj" (target "ResolveReferences" depends on it):
       Using "AssignProjectConfiguration" task from assembly "Microsoft.Build.Tasks.Core, Version=15.1.0.0, Culture=neutral, PublicKeyToken=b03f5f7f11d50a3a".
       Task "AssignProjectConfiguration"
   5:6>GenerateGlobalUsings:
         Skipping write to file "obj\Debug\net10.0-windows\TicketConsolidator.UI.GlobalUsings.g.cs" because content would not change.
       Done executing task "WriteLinesToFile".
   5:6>Done building target "GenerateGlobalUsings" in project "TicketConsolidator.UI.csproj".
   5:6>Target "BeforeResolveReferences" in file "C:\Program Files\dotnet\sdk\10.0.103\Microsoft.Common.CurrentVersion.targets" from project "c:\Apps\TicketConsolidator\src\TicketConsolidator.UI\TicketConsolidator.UI.csproj" (target "ResolveReferences" depends on it):
   5:6>Done building target "BeforeResolveReferences" in project "TicketConsolidator.UI.csproj".
   5:6>Target "IgnoreJavaScriptOutputAssembly" in file "C:\Program Files\dotnet\sdk\10.0.103\Microsoft.Common.CurrentVersion.targets" from project "c:\Apps\TicketConsolidator\src\TicketConsolidator.UI\TicketConsolidator.UI.csproj" (target "AssignProjectConfiguration" depends on it):
   5:6>Done building target "IgnoreJavaScriptOutputAssembly" in project "TicketConsolidator.UI.csproj".
       Target "ProcessFrameworkReferences" skipped. Previously built successfully.
   5:6>Target "_DefaultMicrosoftNETPlatformLibrary" in file "C:\Program Files\dotnet\sdk\10.0.103\Sdks\Microsoft.NET.Sdk\targets\Microsoft.NET.Sdk.Shared.targets" from project "c:\Apps\TicketConsolidator\src\TicketConsolidator.UI\TicketConsolidator.UI.csproj" (target "ResolvePackageAssets" depends on it):
   5:6>Done building target "_DefaultMicrosoftNETPlatformLibrary" in project "TicketConsolidator.UI.csproj".
   5:6>Target "_ComputePackageReferencePublish" in file "C:\Program Files\dotnet\sdk\10.0.103\Sdks\Microsoft.NET.Sdk\targets\Microsoft.NET.Sdk.Shared.targets" from project "c:\Apps\TicketConsolidator\src\TicketConsolidator.UI\TicketConsolidator.UI.csproj" (target "ResolvePackageAssets" depends on it):
   5:6>Done building target "_ComputePackageReferencePublish" in project "TicketConsolidator.UI.csproj".
   5:6>Target "ResolvePackageAssets" in file "C:\Program Files\dotnet\sdk\10.0.103\Sdks\Microsoft.NET.Sdk\targets\Microsoft.PackageDependencyResolution.targets" from project "c:\Apps\TicketConsolidator\src\TicketConsolidator.UI\TicketConsolidator.UI.csproj" (target "ResolveLockFileReferences" depends on it):
       Using "ResolvePackageAssets" task from assembly "C:\Program Files\dotnet\sdk\10.0.103\Sdks\Microsoft.NET.Sdk\targets\..\tools\net10.0\Microsoft.NET.Build.Tasks.dll".
       Task "ResolvePackageAssets"
   6:6>AssignProjectConfiguration:
         Project reference "..\TicketConsolidator.Domain\TicketConsolidator.Domain.csproj" has been assigned the "Debug|AnyCPU" configuration.
         Project reference "..\TicketConsolidator.Infrastructure\TicketConsolidator.Infrastructure.csproj" has been assigned the "Debug|AnyCPU" configuration.
         Project reference "..\TicketConsolidator.Application\TicketConsolidator.Application.csproj" has been assigned the "Debug|AnyCPU" configuration.
       Done executing task "AssignProjectConfiguration".
   6:6>Done building target "AssignProjectConfiguration" in project "TicketConsolidator.Web.csproj".
       Target "AssignProjectConfiguration" skipped. Previously built successfully.
   5:6>Done executing task "ResolvePackageAssets".
   5:6>Done building target "ResolvePackageAssets" in project "TicketConsolidator.UI.csproj".
   6:6>Target "_SplitProjectReferencesByFileExistence" in file "C:\Program Files\dotnet\sdk\10.0.103\Microsoft.Common.CurrentVersion.targets" from project "c:\Apps\TicketConsolidator\src\TicketConsolidator.Web\TicketConsolidator.Web.csproj" (target "PrepareProjectReferences" depends on it):
   6:6>Done building target "_SplitProjectReferencesByFileExistence" in project "TicketConsolidator.Web.csproj".
   5:6>Target "AddTransitiveFrameworkReferences" in file "C:\Program Files\dotnet\sdk\10.0.103\Sdks\Microsoft.NET.Sdk\targets\Microsoft.NET.Sdk.FrameworkReferenceResolution.targets" from project "c:\Apps\TicketConsolidator\src\TicketConsolidator.UI\TicketConsolidator.UI.csproj" (target "ResolveLockFileReferences" depends on it):
   5:6>Done building target "AddTransitiveFrameworkReferences" in project "TicketConsolidator.UI.csproj".
   6:6>Target "_AddOutputPathToGlobalPropertiesToRemove" in file "C:\Program Files\dotnet\sdk\10.0.103\Microsoft.Common.CurrentVersion.targets" from project "c:\Apps\TicketConsolidator\src\TicketConsolidator.Web\TicketConsolidator.Web.csproj" (target "_GetProjectReferenceTargetFrameworkProperties" depends on it):
   6:6>Done building target "_AddOutputPathToGlobalPropertiesToRemove" in project "TicketConsolidator.Web.csproj".
   5:6>Target "_CheckForTransitiveWindowsSDKFullDependencies" in file "C:\Program Files\dotnet\sdk\10.0.103\Sdks\Microsoft.NET.Sdk\targets\Microsoft.NET.Windows.targets" from project "c:\Apps\TicketConsolidator\src\TicketConsolidator.UI\TicketConsolidator.UI.csproj" (target "ResolveLockFileReferences" depends on it):
   5:6>Done building target "_CheckForTransitiveWindowsSDKFullDependencies" in project "TicketConsolidator.UI.csproj".
   6:6>Target "_GetProjectReferenceTargetFrameworkProperties" in file "C:\Program Files\dotnet\sdk\10.0.103\Microsoft.Common.CurrentVersion.targets" from project "c:\Apps\TicketConsolidator\src\TicketConsolidator.Web\TicketConsolidator.Web.csproj" (target "PrepareProjectReferences" depends on it):
   6:6>Task "MSBuild"
   5:6>Target "ResolveLockFileReferences" in file "C:\Program Files\dotnet\sdk\10.0.103\Sdks\Microsoft.NET.Sdk\targets\Microsoft.PackageDependencyResolution.targets" from project "c:\Apps\TicketConsolidator\src\TicketConsolidator.UI\TicketConsolidator.UI.csproj" (target "ResolvePackageDependenciesForBuild" depends on it):
   5:6>Using "JoinItems" task from assembly "C:\Program Files\dotnet\sdk\10.0.103\Sdks\Microsoft.NET.Sdk\targets\..\tools\net10.0\Microsoft.NET.Build.Tasks.dll".
     0>C:\Program Files\dotnet\sdk\10.0.103\Sdks\Microsoft.NET.Sdk\targets\Microsoft.NET.Sdk.BeforeCommon.targets(371,5): message : Property reassignment: $(RoslynTargetsPath)="C:\Program Files\dotnet\sdk\10.0.103\Sdks\Microsoft.NET.Sdk\targets\..\..\..\Roslyn" (previous value: "C:\Program Files\dotnet\sdk\10.0.103\Roslyn") at C:\Program Files\dotnet\sdk\10.0.103\Sdks\Microsoft.NET.Sdk\targets\Microsoft.NET.Sdk.BeforeCommon.targets (371,5)
   5:6>Task "JoinItems"
   6:6>_GetProjectReferenceTargetFrameworkProperties:
         Global Properties:
           Configuration=Debug
           Platform=AnyCPU
         Removing Properties:
           WebPublishProfileFile
           TargetFramework
           RuntimeIdentifier
           SelfContained
   5:6>Done executing task "JoinItems".
   5:6>Done building target "ResolveLockFileReferences" in project "TicketConsolidator.UI.csproj".
       Target "ResolvePackageAssets" skipped. Previously built successfully.
   5:6>Target "ResolveLockFileAnalyzers" in file "C:\Program Files\dotnet\sdk\10.0.103\Sdks\Microsoft.NET.Sdk\targets\Microsoft.PackageDependencyResolution.targets" from project "c:\Apps\TicketConsolidator\src\TicketConsolidator.UI\TicketConsolidator.UI.csproj" (target "ResolvePackageDependenciesForBuild" depends on it):
   5:6>Done building target "ResolveLockFileAnalyzers" in project "TicketConsolidator.UI.csproj".
       Target "ResolvePackageAssets" skipped. Previously built successfully.
   5:6>Target "ResolveLockFileCopyLocalFiles" in file "C:\Program Files\dotnet\sdk\10.0.103\Sdks\Microsoft.NET.Sdk\targets\Microsoft.PackageDependencyResolution.targets" from project "c:\Apps\TicketConsolidator\src\TicketConsolidator.UI\TicketConsolidator.UI.csproj" (target "ResolvePackageDependenciesForBuild" depends on it):
   5:6>Done building target "ResolveLockFileCopyLocalFiles" in project "TicketConsolidator.UI.csproj".
       Target "ResolvePackageAssets" skipped. Previously built successfully.
   6:6>Project "c:\Apps\TicketConsolidator\src\TicketConsolidator.Web\TicketConsolidator.Web.csproj" (6:6) is building "c:\Apps\TicketConsolidator\src\TicketConsolidator.Infrastructure\TicketConsolidator.Infrastructure.csproj" (4:11) on node 2 (GetTargetFrameworks target(s)).
  4:11>Target "NETStandardCompatError_Microsoft_Extensions_Configuration_Binder" skipped. Previously built successfully.
       Target "GetTargetFrameworks" skipped. Previously built successfully.
  4:11>Done Building Project "c:\Apps\TicketConsolidator\src\TicketConsolidator.Infrastructure\TicketConsolidator.Infrastructure.csproj" (GetTargetFrameworks target(s)).
   6:6>Project "c:\Apps\TicketConsolidator\src\TicketConsolidator.Web\TicketConsolidator.Web.csproj" (6:6) is building "c:\Apps\TicketConsolidator\src\TicketConsolidator.Application\TicketConsolidator.Application.csproj" (2:12) on node 3 (GetTargetFrameworks target(s)).
  2:12>Target "GetTargetFrameworks" skipped. Previously built successfully.
  2:12>Done Building Project "c:\Apps\TicketConsolidator\src\TicketConsolidator.Application\TicketConsolidator.Application.csproj" (GetTargetFrameworks target(s)).
   5:6>Target "IncludeTransitiveProjectReferences" in file "C:\Program Files\dotnet\sdk\10.0.103\Sdks\Microsoft.NET.Sdk\targets\Microsoft.PackageDependencyResolution.targets" from project "c:\Apps\TicketConsolidator\src\TicketConsolidator.UI\TicketConsolidator.UI.csproj" (target "ResolvePackageDependenciesForBuild" depends on it):
   5:6>Done building target "IncludeTransitiveProjectReferences" in project "TicketConsolidator.UI.csproj".
   5:6>Target "ResolvePackageDependenciesForBuild" in file "C:\Program Files\dotnet\sdk\10.0.103\Sdks\Microsoft.NET.Sdk\targets\Microsoft.PackageDependencyResolution.targets" from project "c:\Apps\TicketConsolidator\src\TicketConsolidator.UI\TicketConsolidator.UI.csproj" (target "AssignProjectConfiguration" depends on it):
   5:6>Done building target "ResolvePackageDependenciesForBuild" in project "TicketConsolidator.UI.csproj".
   5:6>Target "_Microsoft_Extensions_Configuration_Binder_RemoveAnalyzer" in file "C:\Users\krish.maniar.ATPL-LAP-723\.nuget\packages\microsoft.extensions.configuration.binder\10.0.1\buildTransitive\netstandard2.0\Microsoft.Extensions.Configuration.Binder.targets" from project "c:\Apps\TicketConsolidator\src\TicketConsolidator.UI\TicketConsolidator.UI.csproj" (target "AssignProjectConfiguration" depends on it):
   5:6>Done building target "_Microsoft_Extensions_Configuration_Binder_RemoveAnalyzer" in project "TicketConsolidator.UI.csproj".
   5:6>Target "AssignProjectConfiguration" in file "C:\Program Files\dotnet\sdk\10.0.103\Microsoft.Common.CurrentVersion.targets" from project "c:\Apps\TicketConsolidator\src\TicketConsolidator.UI\TicketConsolidator.UI.csproj" (target "ResolveReferences" depends on it):
       Using "AssignProjectConfiguration" task from assembly "Microsoft.Build.Tasks.Core, Version=15.1.0.0, Culture=neutral, PublicKeyToken=b03f5f7f11d50a3a".
       Task "AssignProjectConfiguration"
         Project reference "..\TicketConsolidator.Application\TicketConsolidator.Application.csproj" has been assigned the "Debug|AnyCPU" configuration.
         Project reference "..\TicketConsolidator.Infrastructure\TicketConsolidator.Infrastructure.csproj" has been assigned the "Debug|AnyCPU" configuration.
         Project reference "..\TicketConsolidator.Domain\TicketConsolidator.Domain.csproj" has been assigned the "Debug|AnyCPU" configuration.
       Done executing task "AssignProjectConfiguration".
   5:6>Done building target "AssignProjectConfiguration" in project "TicketConsolidator.UI.csproj".
       Target "AssignProjectConfiguration" skipped. Previously built successfully.
   5:6>Target "_SplitProjectReferencesByFileExistence" in file "C:\Program Files\dotnet\sdk\10.0.103\Microsoft.Common.CurrentVersion.targets" from project "c:\Apps\TicketConsolidator\src\TicketConsolidator.UI\TicketConsolidator.UI.csproj" (target "PrepareProjectReferences" depends on it):
   5:6>Done building target "_SplitProjectReferencesByFileExistence" in project "TicketConsolidator.UI.csproj".
   5:6>Target "_AddOutputPathToGlobalPropertiesToRemove" in file "C:\Program Files\dotnet\sdk\10.0.103\Microsoft.Common.CurrentVersion.targets" from project "c:\Apps\TicketConsolidator\src\TicketConsolidator.UI\TicketConsolidator.UI.csproj" (target "_GetProjectReferenceTargetFrameworkProperties" depends on it):
   5:6>Done building target "_AddOutputPathToGlobalPropertiesToRemove" in project "TicketConsolidator.UI.csproj".
   5:6>Target "_GetProjectReferenceTargetFrameworkProperties" in file "C:\Program Files\dotnet\sdk\10.0.103\Microsoft.Common.CurrentVersion.targets" from project "c:\Apps\TicketConsolidator\src\TicketConsolidator.UI\TicketConsolidator.UI.csproj" (target "PrepareProjectReferences" depends on it):
       Task "MSBuild"
     0>C:\Program Files\dotnet\sdk\10.0.103\Roslyn\Microsoft.Managed.Core.targets(6,5): message : Property reassignment: $(_BuildTasksDirectory)="C:\Program Files\dotnet\sdk\10.0.103\Sdks\Microsoft.NET.Sdk\targets\..\..\..\Roslyn\" (previous value: "C:\Program Files\dotnet\sdk\10.0.103\Roslyn\") at C:\Program Files\dotnet\sdk\10.0.103\Roslyn\Microsoft.Managed.Core.targets (6,5)
   5:6>_GetProjectReferenceTargetFrameworkProperties:
         Global Properties:
           Configuration=Debug
           Platform=AnyCPU
         Removing Properties:
           TargetFramework
           RuntimeIdentifier
           SelfContained
     0>C:\Program Files\dotnet\sdk\10.0.103\Roslyn\Microsoft.CSharp.Core.targets(200,5): message : Property reassignment: $(CommandLineArgsForDesignTimeEvaluation)="-langversion:14.0 -define:TRACE" (previous value: "-langversion:14.0") at C:\Program Files\dotnet\sdk\10.0.103\Roslyn\Microsoft.CSharp.Core.targets (200,5)
   5:6>Project "c:\Apps\TicketConsolidator\src\TicketConsolidator.UI\TicketConsolidator.UI.csproj" (5:6) is building "c:\Apps\TicketConsolidator\src\TicketConsolidator.Application\TicketConsolidator.Application.csproj" (2:13) on node 3 (GetTargetFrameworks target(s)).
  2:13>Target "GetTargetFrameworks" skipped. Previously built successfully.
  2:13>Done Building Project "c:\Apps\TicketConsolidator\src\TicketConsolidator.Application\TicketConsolidator.Application.csproj" (GetTargetFrameworks target(s)).
   5:6>Project "c:\Apps\TicketConsolidator\src\TicketConsolidator.UI\TicketConsolidator.UI.csproj" (5:6) is building "c:\Apps\TicketConsolidator\src\TicketConsolidator.Infrastructure\TicketConsolidator.Infrastructure.csproj" (4:12) on node 2 (GetTargetFrameworks target(s)).
  4:12>Target "NETStandardCompatError_Microsoft_Extensions_Configuration_Binder" skipped. Previously built successfully.
       Target "GetTargetFrameworks" skipped. Previously built successfully.
  4:12>Done Building Project "c:\Apps\TicketConsolidator\src\TicketConsolidator.Infrastructure\TicketConsolidator.Infrastructure.csproj" (GetTargetFrameworks target(s)).
     0>The "Platform" property is a global property, and cannot be modified.
       The "Configuration" property is a global property, and cannot be modified.
       C:\Program Files\dotnet\sdk\10.0.103\Microsoft.Common.CurrentVersion.targets(175,5): message : Property reassignment: $(_DebugSymbolsProduced)="true" (previous value: "false") at C:\Program Files\dotnet\sdk\10.0.103\Microsoft.Common.CurrentVersion.targets (175,5)
       C:\Program Files\dotnet\sdk\10.0.103\Microsoft.Common.CurrentVersion.targets(185,5): message : Property reassignment: $(_DocumentationFileProduced)="false" (previous value: "true") at C:\Program Files\dotnet\sdk\10.0.103\Microsoft.Common.CurrentVersion.targets (185,5)
       The "SolutionName" property is a global property, and cannot be modified.
       The "SolutionFileName" property is a global property, and cannot be modified.
       The "SolutionPath" property is a global property, and cannot be modified.
       The "SolutionDir" property is a global property, and cannot be modified.
       The "SolutionExt" property is a global property, and cannot be modified.
       C:\Program Files\dotnet\sdk\10.0.103\Microsoft.Common.CurrentVersion.targets(392,5): message : Property reassignment: $(MSBuildCopyMarkerName)="TicketCo.5E21C0D4" (previous value: "TicketConsolidator.Domain.csproj") at C:\Program Files\dotnet\sdk\10.0.103\Microsoft.Common.CurrentVersion.targets (392,5)
       C:\Program Files\dotnet\sdk\10.0.103\Microsoft.Common.CurrentVersion.targets(393,5): message : Property reassignment: $(MSBuildCopyMarkerName)="TicketCo.5E21C0D4.Up2Date" (previous value: "TicketCo.5E21C0D4") at C:\Program Files\dotnet\sdk\10.0.103\Microsoft.Common.CurrentVersion.targets (393,5)
       C:\Program Files\dotnet\sdk\10.0.103\Microsoft.Common.CurrentVersion.targets(541,5): message : Property reassignment: $(ProcessorArchitecture)="msil" (previous value: "") at C:\Program Files\dotnet\sdk\10.0.103\Microsoft.Common.CurrentVersion.targets (541,5)
       C:\Program Files\dotnet\sdk\10.0.103\Microsoft.Common.CurrentVersion.targets(580,5): message : Property reassignment: $(DelaySign)="" (previous value: "false") at C:\Program Files\dotnet\sdk\10.0.103\Microsoft.Common.CurrentVersion.targets (580,5)
       C:\Program Files\dotnet\sdk\10.0.103\Microsoft.Common.CurrentVersion.targets(2606,5): message : Property 'LOCALAPPDATA' with value 'C:\Users\krish.maniar.ATPL-LAP-723\AppData\Local' expanded from the environment.
       C:\Program Files\dotnet\sdk\10.0.103\Microsoft.Common.CurrentVersion.targets(3934,5): message : Property reassignment: $(_SGenGenerateSerializationAssembliesConfig)="Auto" (previous value: "") at C:\Program Files\dotnet\sdk\10.0.103\Microsoft.Common.CurrentVersion.targets (3934,5)
       C:\Program Files\dotnet\sdk\10.0.103\Microsoft.Common.CurrentVersion.targets(3935,5): message : Property reassignment: $(_SGenGenerateSerializationAssembliesConfig)="Off" (previous value: "Auto") at C:\Program Files\dotnet\sdk\10.0.103\Microsoft.Common.CurrentVersion.targets (3935,5)
       C:\Program Files\dotnet\sdk\10.0.103\Microsoft.Common.CurrentVersion.targets(5146,5): message : Property reassignment: $(_TargetsThatPrepareProjectReferences)="
       C:\Program Files\dotnet\sdk\10.0.103\Microsoft.Common.CurrentVersion.targets(5146,5): message :       AssignProjectConfiguration;
       C:\Program Files\dotnet\sdk\10.0.103\Microsoft.Common.CurrentVersion.targets(5146,5): message :       _SplitProjectReferencesByFileExistence
       C:\Program Files\dotnet\sdk\10.0.103\Microsoft.Common.CurrentVersion.targets(5146,5): message :     " (previous value: "_SplitProjectReferencesByFileExistence") at C:\Program Files\dotnet\sdk\10.0.103\Microsoft.Common.CurrentVersion.targets (5146,5)
       C:\Program Files\dotnet\sdk\10.0.103\Microsoft.Common.CurrentVersion.targets(6959,5): message : Property 'MSBuildExtensionsPath32' with value 'C:\Program Files\dotnet\sdk\10.0.103' expanded from the environment.
       The "NuGetInteractive" property is a global property, and cannot be modified.
       C:\Program Files\dotnet\sdk\10.0.103\Sdks\Microsoft.NET.Sdk\targets\Microsoft.PackageDependencyResolution.targets(29,5): message : Property reassignment: $(ProjectAssetsCacheFile)="c:\Apps\TicketConsolidator\src\TicketConsolidator.Domain\obj\Debug\net10.0\TicketConsolidator.Domain.assets.cache" (previous value: "obj\Debug\net10.0\TicketConsolidator.Domain.assets.cache") at C:\Program Files\dotnet\sdk\10.0.103\Sdks\Microsoft.NET.Sdk\targets\Microsoft.PackageDependencyResolution.targets (29,5)
       C:\Program Files\dotnet\sdk\10.0.103\Sdks\Microsoft.NET.Sdk\targets\Microsoft.PackageDependencyResolution.targets(80,5): message : Property reassignment: $(ResolveAssemblyReferencesDependsOn)="
       C:\Program Files\dotnet\sdk\10.0.103\Sdks\Microsoft.NET.Sdk\targets\Microsoft.PackageDependencyResolution.targets(80,5): message :       
       C:\Program Files\dotnet\sdk\10.0.103\Sdks\Microsoft.NET.Sdk\targets\Microsoft.PackageDependencyResolution.targets(80,5): message :       ResolveProjectReferences;
       C:\Program Files\dotnet\sdk\10.0.103\Sdks\Microsoft.NET.Sdk\targets\Microsoft.PackageDependencyResolution.targets(80,5): message :       FindInvalidProjectReferences;
       C:\Program Files\dotnet\sdk\10.0.103\Sdks\Microsoft.NET.Sdk\targets\Microsoft.PackageDependencyResolution.targets(80,5): message :       GetFrameworkPaths;
       C:\Program Files\dotnet\sdk\10.0.103\Sdks\Microsoft.NET.Sdk\targets\Microsoft.PackageDependencyResolution.targets(80,5): message :       GetReferenceAssemblyPaths;
       C:\Program Files\dotnet\sdk\10.0.103\Sdks\Microsoft.NET.Sdk\targets\Microsoft.PackageDependencyResolution.targets(80,5): message :       PrepareForBuild;
       C:\Program Files\dotnet\sdk\10.0.103\Sdks\Microsoft.NET.Sdk\targets\Microsoft.PackageDependencyResolution.targets(80,5): message :       ResolveSDKReferences;
       C:\Program Files\dotnet\sdk\10.0.103\Sdks\Microsoft.NET.Sdk\targets\Microsoft.PackageDependencyResolution.targets(80,5): message :       ExpandSDKReferences;
       C:\Program Files\dotnet\sdk\10.0.103\Sdks\Microsoft.NET.Sdk\targets\Microsoft.PackageDependencyResolution.targets(80,5): message :     ;
       C:\Program Files\dotnet\sdk\10.0.103\Sdks\Microsoft.NET.Sdk\targets\Microsoft.PackageDependencyResolution.targets(80,5): message :       ResolvePackageDependenciesForBuild;
       C:\Program Files\dotnet\sdk\10.0.103\Sdks\Microsoft.NET.Sdk\targets\Microsoft.PackageDependencyResolution.targets(80,5): message :       _HandlePackageFileConflicts;
       C:\Program Files\dotnet\sdk\10.0.103\Sdks\Microsoft.NET.Sdk\targets\Microsoft.PackageDependencyResolution.targets(80,5): message :     " (previous value: "
       C:\Program Files\dotnet\sdk\10.0.103\Sdks\Microsoft.NET.Sdk\targets\Microsoft.PackageDependencyResolution.targets(80,5): message :       ResolveProjectReferences;
       C:\Program Files\dotnet\sdk\10.0.103\Sdks\Microsoft.NET.Sdk\targets\Microsoft.PackageDependencyResolution.targets(80,5): message :       FindInvalidProjectReferences;
       C:\Program Files\dotnet\sdk\10.0.103\Sdks\Microsoft.NET.Sdk\targets\Microsoft.PackageDependencyResolution.targets(80,5): message :       GetFrameworkPaths;
       C:\Program Files\dotnet\sdk\10.0.103\Sdks\Microsoft.NET.Sdk\targets\Microsoft.PackageDependencyResolution.targets(80,5): message :       GetReferenceAssemblyPaths;
       C:\Program Files\dotnet\sdk\10.0.103\Sdks\Microsoft.NET.Sdk\targets\Microsoft.PackageDependencyResolution.targets(80,5): message :       PrepareForBuild;
       C:\Program Files\dotnet\sdk\10.0.103\Sdks\Microsoft.NET.Sdk\targets\Microsoft.PackageDependencyResolution.targets(80,5): message :       ResolveSDKReferences;
       C:\Program Files\dotnet\sdk\10.0.103\Sdks\Microsoft.NET.Sdk\targets\Microsoft.PackageDependencyResolution.targets(80,5): message :       ExpandSDKReferences;
       C:\Program Files\dotnet\sdk\10.0.103\Sdks\Microsoft.NET.Sdk\targets\Microsoft.PackageDependencyResolution.targets(80,5): message :     ") at C:\Program Files\dotnet\sdk\10.0.103\Sdks\Microsoft.NET.Sdk\targets\Microsoft.PackageDependencyResolution.targets (80,5)
       C:\Program Files\dotnet\sdk\10.0.103\Sdks\Microsoft.NET.Sdk\targets\Microsoft.PackageDependencyResolution.targets(86,5): message : Property reassignment: $(PrepareResourcesDependsOn)="
       C:\Program Files\dotnet\sdk\10.0.103\Sdks\Microsoft.NET.Sdk\targets\Microsoft.PackageDependencyResolution.targets(86,5): message :       ResolvePackageDependenciesForBuild;
       C:\Program Files\dotnet\sdk\10.0.103\Sdks\Microsoft.NET.Sdk\targets\Microsoft.PackageDependencyResolution.targets(86,5): message :       _HandlePackageFileConflicts;
       C:\Program Files\dotnet\sdk\10.0.103\Sdks\Microsoft.NET.Sdk\targets\Microsoft.PackageDependencyResolution.targets(86,5): message :       
       C:\Program Files\dotnet\sdk\10.0.103\Sdks\Microsoft.NET.Sdk\targets\Microsoft.PackageDependencyResolution.targets(86,5): message :       ;
       C:\Program Files\dotnet\sdk\10.0.103\Sdks\Microsoft.NET.Sdk\targets\Microsoft.PackageDependencyResolution.targets(86,5): message :       PrepareResourceNames;
       C:\Program Files\dotnet\sdk\10.0.103\Sdks\Microsoft.NET.Sdk\targets\Microsoft.PackageDependencyResolution.targets(86,5): message :       ResGen;
       C:\Program Files\dotnet\sdk\10.0.103\Sdks\Microsoft.NET.Sdk\targets\Microsoft.PackageDependencyResolution.targets(86,5): message :       CompileLicxFiles
       C:\Program Files\dotnet\sdk\10.0.103\Sdks\Microsoft.NET.Sdk\targets\Microsoft.PackageDependencyResolution.targets(86,5): message :     
       C:\Program Files\dotnet\sdk\10.0.103\Sdks\Microsoft.NET.Sdk\targets\Microsoft.PackageDependencyResolution.targets(86,5): message :     " (previous value: "
       C:\Program Files\dotnet\sdk\10.0.103\Sdks\Microsoft.NET.Sdk\targets\Microsoft.PackageDependencyResolution.targets(86,5): message :       ;
       C:\Program Files\dotnet\sdk\10.0.103\Sdks\Microsoft.NET.Sdk\targets\Microsoft.PackageDependencyResolution.targets(86,5): message :       PrepareResourceNames;
       C:\Program Files\dotnet\sdk\10.0.103\Sdks\Microsoft.NET.Sdk\targets\Microsoft.PackageDependencyResolution.targets(86,5): message :       ResGen;
       C:\Program Files\dotnet\sdk\10.0.103\Sdks\Microsoft.NET.Sdk\targets\Microsoft.PackageDependencyResolution.targets(86,5): message :       CompileLicxFiles
       C:\Program Files\dotnet\sdk\10.0.103\Sdks\Microsoft.NET.Sdk\targets\Microsoft.PackageDependencyResolution.targets(86,5): message :     ") at C:\Program Files\dotnet\sdk\10.0.103\Sdks\Microsoft.NET.Sdk\targets\Microsoft.PackageDependencyResolution.targets (86,5)
       C:\Program Files\dotnet\sdk\10.0.103\Sdks\Microsoft.NET.Sdk\targets\Microsoft.NET.Sdk.DefaultItems.targets(35,5): message : Property reassignment: $(DefaultItemExcludes)=";bin\Debug\/**;obj\Debug\/**;bin\/**" (previous value: ";bin\Debug\/**;obj\Debug\/**") at C:\Program Files\dotnet\sdk\10.0.103\Sdks\Microsoft.NET.Sdk\targets\Microsoft.NET.Sdk.DefaultItems.targets (35,5)
       C:\Program Files\dotnet\sdk\10.0.103\Sdks\Microsoft.NET.Sdk\targets\Microsoft.NET.Sdk.DefaultItems.targets(37,5): message : Property reassignment: $(DefaultItemExcludes)=";bin\Debug\/**;obj\Debug\/**;bin\/**;obj\/**" (previous value: ";bin\Debug\/**;obj\Debug\/**;bin\/**") at C:\Program Files\dotnet\sdk\10.0.103\Sdks\Microsoft.NET.Sdk\targets\Microsoft.NET.Sdk.DefaultItems.targets (37,5)
       C:\Program Files\dotnet\sdk\10.0.103\Sdks\Microsoft.NET.Sdk\targets\Microsoft.NET.Sdk.DefaultItems.targets(40,5): message : Property reassignment: $(DefaultItemExcludes)=";bin\Debug\/**;obj\Debug\/**;bin\/**;obj\/**;**/*.user" (previous value: ";bin\Debug\/**;obj\Debug\/**;bin\/**;obj\/**") at C:\Program Files\dotnet\sdk\10.0.103\Sdks\Microsoft.NET.Sdk\targets\Microsoft.NET.Sdk.DefaultItems.targets (40,5)
       C:\Program Files\dotnet\sdk\10.0.103\Sdks\Microsoft.NET.Sdk\targets\Microsoft.NET.Sdk.DefaultItems.targets(41,5): message : Property reassignment: $(DefaultItemExcludes)=";bin\Debug\/**;obj\Debug\/**;bin\/**;obj\/**;**/*.user;**/*.*proj" (previous value: ";bin\Debug\/**;obj\Debug\/**;bin\/**;obj\/**;**/*.user") at C:\Program Files\dotnet\sdk\10.0.103\Sdks\Microsoft.NET.Sdk\targets\Microsoft.NET.Sdk.DefaultItems.targets (41,5)
       C:\Program Files\dotnet\sdk\10.0.103\Sdks\Microsoft.NET.Sdk\targets\Microsoft.NET.Sdk.DefaultItems.targets(42,5): message : Property reassignment: $(DefaultItemExcludes)=";bin\Debug\/**;obj\Debug\/**;bin\/**;obj\/**;**/*.user;**/*.*proj;**/*.sln" (previous value: ";bin\Debug\/**;obj\Debug\/**;bin\/**;obj\/**;**/*.user;**/*.*proj") at C:\Program Files\dotnet\sdk\10.0.103\Sdks\Microsoft.NET.Sdk\targets\Microsoft.NET.Sdk.DefaultItems.targets (42,5)
       C:\Program Files\dotnet\sdk\10.0.103\Sdks\Microsoft.NET.Sdk\targets\Microsoft.NET.Sdk.DefaultItems.targets(43,5): message : Property reassignment: $(DefaultItemExcludes)=";bin\Debug\/**;obj\Debug\/**;bin\/**;obj\/**;**/*.user;**/*.*proj;**/*.sln;**/*.slnx" (previous value: ";bin\Debug\/**;obj\Debug\/**;bin\/**;obj\/**;**/*.user;**/*.*proj;**/*.sln") at C:\Program Files\dotnet\sdk\10.0.103\Sdks\Microsoft.NET.Sdk\targets\Microsoft.NET.Sdk.DefaultItems.targets (43,5)
       C:\Program Files\dotnet\sdk\10.0.103\Sdks\Microsoft.NET.Sdk\targets\Microsoft.NET.Sdk.DefaultItems.targets(44,5): message : Property reassignment: $(DefaultItemExcludes)=";bin\Debug\/**;obj\Debug\/**;bin\/**;obj\/**;**/*.user;**/*.*proj;**/*.sln;**/*.slnx;**/*.vssscc" (previous value: ";bin\Debug\/**;obj\Debug\/**;bin\/**;obj\/**;**/*.user;**/*.*proj;**/*.sln;**/*.slnx") at C:\Program Files\dotnet\sdk\10.0.103\Sdks\Microsoft.NET.Sdk\targets\Microsoft.NET.Sdk.DefaultItems.targets (44,5)
       C:\Program Files\dotnet\sdk\10.0.103\Sdks\Microsoft.NET.Sdk\targets\Microsoft.NET.Sdk.DefaultItems.targets(45,5): message : Property reassignment: $(DefaultItemExcludes)=";bin\Debug\/**;obj\Debug\/**;bin\/**;obj\/**;**/*.user;**/*.*proj;**/*.sln;**/*.slnx;**/*.vssscc;**/.DS_Store" (previous value: ";bin\Debug\/**;obj\Debug\/**;bin\/**;obj\/**;**/*.user;**/*.*proj;**/*.sln;**/*.slnx;**/*.vssscc") at C:\Program Files\dotnet\sdk\10.0.103\Sdks\Microsoft.NET.Sdk\targets\Microsoft.NET.Sdk.DefaultItems.targets (45,5)
       C:\Program Files\dotnet\sdk\10.0.103\Sdks\Microsoft.NET.Sdk\targets\Microsoft.NET.Sdk.FrameworkReferenceResolution.targets(14,5): message : Property reassignment: $(ResolveAssemblyReferencesDependsOn)="
       C:\Program Files\dotnet\sdk\10.0.103\Sdks\Microsoft.NET.Sdk\targets\Microsoft.NET.Sdk.FrameworkReferenceResolution.targets(14,5): message :       
       C:\Program Files\dotnet\sdk\10.0.103\Sdks\Microsoft.NET.Sdk\targets\Microsoft.NET.Sdk.FrameworkReferenceResolution.targets(14,5): message :       
       C:\Program Files\dotnet\sdk\10.0.103\Sdks\Microsoft.NET.Sdk\targets\Microsoft.NET.Sdk.FrameworkReferenceResolution.targets(14,5): message :       ResolveProjectReferences;
       C:\Program Files\dotnet\sdk\10.0.103\Sdks\Microsoft.NET.Sdk\targets\Microsoft.NET.Sdk.FrameworkReferenceResolution.targets(14,5): message :       FindInvalidProjectReferences;
       C:\Program Files\dotnet\sdk\10.0.103\Sdks\Microsoft.NET.Sdk\targets\Microsoft.NET.Sdk.FrameworkReferenceResolution.targets(14,5): message :       GetFrameworkPaths;
       C:\Program Files\dotnet\sdk\10.0.103\Sdks\Microsoft.NET.Sdk\targets\Microsoft.NET.Sdk.FrameworkReferenceResolution.targets(14,5): message :       GetReferenceAssemblyPaths;
       C:\Program Files\dotnet\sdk\10.0.103\Sdks\Microsoft.NET.Sdk\targets\Microsoft.NET.Sdk.FrameworkReferenceResolution.targets(14,5): message :       PrepareForBuild;
       C:\Program Files\dotnet\sdk\10.0.103\Sdks\Microsoft.NET.Sdk\targets\Microsoft.NET.Sdk.FrameworkReferenceResolution.targets(14,5): message :       ResolveSDKReferences;
       C:\Program Files\dotnet\sdk\10.0.103\Sdks\Microsoft.NET.Sdk\targets\Microsoft.NET.Sdk.FrameworkReferenceResolution.targets(14,5): message :       ExpandSDKReferences;
       C:\Program Files\dotnet\sdk\10.0.103\Sdks\Microsoft.NET.Sdk\targets\Microsoft.NET.Sdk.FrameworkReferenceResolution.targets(14,5): message :     ;
       C:\Program Files\dotnet\sdk\10.0.103\Sdks\Microsoft.NET.Sdk\targets\Microsoft.NET.Sdk.FrameworkReferenceResolution.targets(14,5): message :       ResolvePackageDependenciesForBuild;
       C:\Program Files\dotnet\sdk\10.0.103\Sdks\Microsoft.NET.Sdk\targets\Microsoft.NET.Sdk.FrameworkReferenceResolution.targets(14,5): message :       _HandlePackageFileConflicts;
       C:\Program Files\dotnet\sdk\10.0.103\Sdks\Microsoft.NET.Sdk\targets\Microsoft.NET.Sdk.FrameworkReferenceResolution.targets(14,5): message :     ;
       C:\Program Files\dotnet\sdk\10.0.103\Sdks\Microsoft.NET.Sdk\targets\Microsoft.NET.Sdk.FrameworkReferenceResolution.targets(14,5): message :       ResolveTargetingPackAssets;
       C:\Program Files\dotnet\sdk\10.0.103\Sdks\Microsoft.NET.Sdk\targets\Microsoft.NET.Sdk.FrameworkReferenceResolution.targets(14,5): message :     " (previous value: "
       C:\Program Files\dotnet\sdk\10.0.103\Sdks\Microsoft.NET.Sdk\targets\Microsoft.NET.Sdk.FrameworkReferenceResolution.targets(14,5): message :       
       C:\Program Files\dotnet\sdk\10.0.103\Sdks\Microsoft.NET.Sdk\targets\Microsoft.NET.Sdk.FrameworkReferenceResolution.targets(14,5): message :       ResolveProjectReferences;
       C:\Program Files\dotnet\sdk\10.0.103\Sdks\Microsoft.NET.Sdk\targets\Microsoft.NET.Sdk.FrameworkReferenceResolution.targets(14,5): message :       FindInvalidProjectReferences;
       C:\Program Files\dotnet\sdk\10.0.103\Sdks\Microsoft.NET.Sdk\targets\Microsoft.NET.Sdk.FrameworkReferenceResolution.targets(14,5): message :       GetFrameworkPaths;
       C:\Program Files\dotnet\sdk\10.0.103\Sdks\Microsoft.NET.Sdk\targets\Microsoft.NET.Sdk.FrameworkReferenceResolution.targets(14,5): message :       GetReferenceAssemblyPaths;
       C:\Program Files\dotnet\sdk\10.0.103\Sdks\Microsoft.NET.Sdk\targets\Microsoft.NET.Sdk.FrameworkReferenceResolution.targets(14,5): message :       PrepareForBuild;
       C:\Program Files\dotnet\sdk\10.0.103\Sdks\Microsoft.NET.Sdk\targets\Microsoft.NET.Sdk.FrameworkReferenceResolution.targets(14,5): message :       ResolveSDKReferences;
       C:\Program Files\dotnet\sdk\10.0.103\Sdks\Microsoft.NET.Sdk\targets\Microsoft.NET.Sdk.FrameworkReferenceResolution.targets(14,5): message :       ExpandSDKReferences;
       C:\Program Files\dotnet\sdk\10.0.103\Sdks\Microsoft.NET.Sdk\targets\Microsoft.NET.Sdk.FrameworkReferenceResolution.targets(14,5): message :     ;
       C:\Program Files\dotnet\sdk\10.0.103\Sdks\Microsoft.NET.Sdk\targets\Microsoft.NET.Sdk.FrameworkReferenceResolution.targets(14,5): message :       ResolvePackageDependenciesForBuild;
       C:\Program Files\dotnet\sdk\10.0.103\Sdks\Microsoft.NET.Sdk\targets\Microsoft.NET.Sdk.FrameworkReferenceResolution.targets(14,5): message :       _HandlePackageFileConflicts;
       C:\Program Files\dotnet\sdk\10.0.103\Sdks\Microsoft.NET.Sdk\targets\Microsoft.NET.Sdk.FrameworkReferenceResolution.targets(14,5): message :     ") at C:\Program Files\dotnet\sdk\10.0.103\Sdks\Microsoft.NET.Sdk\targets\Microsoft.NET.Sdk.FrameworkReferenceResolution.targets (14,5)
       C:\Program Files\dotnet\sdk\10.0.103\Sdks\Microsoft.NET.Sdk\targets\Microsoft.NET.Sdk.targets(44,5): message : Property reassignment: $(_GenerateRuntimeConfigurationPropertyInputsCache)="c:\Apps\TicketConsolidator\src\TicketConsolidator.Domain\obj\Debug\net10.0\TicketConsolidator.Domain.genruntimeconfig.cache" (previous value: "obj\Debug\net10.0\TicketConsolidator.Domain.genruntimeconfig.cache") at C:\Program Files\dotnet\sdk\10.0.103\Sdks\Microsoft.NET.Sdk\targets\Microsoft.NET.Sdk.targets (44,5)
       C:\Program Files\dotnet\sdk\10.0.103\Sdks\Microsoft.NET.Sdk\targets\Microsoft.NET.Sdk.targets(46,5): message : Property reassignment: $(_GeneratePublishDependencyFilePropertyInputsCache)="c:\Apps\TicketConsolidator\src\TicketConsolidator.Domain\obj\Debug\net10.0\TicketConsolidator.Domain.genpublishdeps.cache" (previous value: "obj\Debug\net10.0\TicketConsolidator.Domain.genpublishdeps.cache") at C:\Program Files\dotnet\sdk\10.0.103\Sdks\Microsoft.NET.Sdk\targets\Microsoft.NET.Sdk.targets (46,5)
       C:\Program Files\dotnet\sdk\10.0.103\Sdks\Microsoft.NET.Sdk\targets\Microsoft.NET.Sdk.targets(48,5): message : Property reassignment: $(_GenerateSingleFileBundlePropertyInputsCache)="c:\Apps\TicketConsolidator\src\TicketConsolidator.Domain\obj\Debug\net10.0\TicketConsolidator.Domain.genbundle.cache" (previous value: "obj\Debug\net10.0\TicketConsolidator.Domain.genbundle.cache") at C:\Program Files\dotnet\sdk\10.0.103\Sdks\Microsoft.NET.Sdk\targets\Microsoft.NET.Sdk.targets (48,5)
       C:\Program Files\dotnet\sdk\10.0.103\Sdks\Microsoft.NET.Sdk\targets\Microsoft.NET.Sdk.targets(81,5): message : Property reassignment: $(GenerateRuntimeConfigDevFile)="false" (previous value: "true") at C:\Program Files\dotnet\sdk\10.0.103\Sdks\Microsoft.NET.Sdk\targets\Microsoft.NET.Sdk.targets (81,5)
       C:\Program Files\dotnet\sdk\10.0.103\Sdks\Microsoft.NET.Sdk\targets\Microsoft.NET.Sdk.targets(98,5): message : Property reassignment: $(_DefaultUserProfileRuntimeStorePath)="C:\Users\krish.maniar.ATPL-LAP-723" (previous value: "") at C:\Program Files\dotnet\sdk\10.0.103\Sdks\Microsoft.NET.Sdk\targets\Microsoft.NET.Sdk.targets (98,5)
       C:\Program Files\dotnet\sdk\10.0.103\Sdks\Microsoft.NET.Sdk\targets\Microsoft.NET.Sdk.targets(99,5): message : Property reassignment: $(_DefaultUserProfileRuntimeStorePath)="C:\Users\krish.maniar.ATPL-LAP-723\.dotnet\store" (previous value: "C:\Users\krish.maniar.ATPL-LAP-723") at C:\Program Files\dotnet\sdk\10.0.103\Sdks\Microsoft.NET.Sdk\targets\Microsoft.NET.Sdk.targets (99,5)
       C:\Program Files\dotnet\sdk\10.0.103\Sdks\Microsoft.NET.Sdk\targets\Microsoft.NET.Sdk.targets(144,5): message : Property reassignment: $(AvailablePlatforms)="Any CPU,x86,x64,ARM32" (previous value: "Any CPU,x86,x64") at C:\Program Files\dotnet\sdk\10.0.103\Sdks\Microsoft.NET.Sdk\targets\Microsoft.NET.Sdk.targets (144,5)
       C:\Program Files\dotnet\sdk\10.0.103\Sdks\Microsoft.NET.Sdk\targets\Microsoft.NET.Sdk.targets(148,5): message : Property reassignment: $(AvailablePlatforms)="Any CPU,x86,x64,ARM32,ARM64" (previous value: "Any CPU,x86,x64,ARM32") at C:\Program Files\dotnet\sdk\10.0.103\Sdks\Microsoft.NET.Sdk\targets\Microsoft.NET.Sdk.targets (148,5)
       C:\Program Files\dotnet\sdk\10.0.103\Sdks\Microsoft.NET.Sdk\targets\Microsoft.NET.Sdk.targets(204,5): message : Property reassignment: $(CoreBuildDependsOn)="
       C:\Program Files\dotnet\sdk\10.0.103\Sdks\Microsoft.NET.Sdk\targets\Microsoft.NET.Sdk.targets(204,5): message :       _CheckForBuildWithNoBuild;
       C:\Program Files\dotnet\sdk\10.0.103\Sdks\Microsoft.NET.Sdk\targets\Microsoft.NET.Sdk.targets(204,5): message :       
       C:\Program Files\dotnet\sdk\10.0.103\Sdks\Microsoft.NET.Sdk\targets\Microsoft.NET.Sdk.targets(204,5): message :       BuildOnlySettings;
       C:\Program Files\dotnet\sdk\10.0.103\Sdks\Microsoft.NET.Sdk\targets\Microsoft.NET.Sdk.targets(204,5): message :       PrepareForBuild;
       C:\Program Files\dotnet\sdk\10.0.103\Sdks\Microsoft.NET.Sdk\targets\Microsoft.NET.Sdk.targets(204,5): message :       PreBuildEvent;
       C:\Program Files\dotnet\sdk\10.0.103\Sdks\Microsoft.NET.Sdk\targets\Microsoft.NET.Sdk.targets(204,5): message :       ResolveReferences;
       C:\Program Files\dotnet\sdk\10.0.103\Sdks\Microsoft.NET.Sdk\targets\Microsoft.NET.Sdk.targets(204,5): message :       PrepareResources;
       C:\Program Files\dotnet\sdk\10.0.103\Sdks\Microsoft.NET.Sdk\targets\Microsoft.NET.Sdk.targets(204,5): message :       ResolveKeySource;
       C:\Program Files\dotnet\sdk\10.0.103\Sdks\Microsoft.NET.Sdk\targets\Microsoft.NET.Sdk.targets(204,5): message :       Compile;
       C:\Program Files\dotnet\sdk\10.0.103\Sdks\Microsoft.NET.Sdk\targets\Microsoft.NET.Sdk.targets(204,5): message :       ExportWindowsMDFile;
       C:\Program Files\dotnet\sdk\10.0.103\Sdks\Microsoft.NET.Sdk\targets\Microsoft.NET.Sdk.targets(204,5): message :       UnmanagedUnregistration;
       C:\Program Files\dotnet\sdk\10.0.103\Sdks\Microsoft.NET.Sdk\targets\Microsoft.NET.Sdk.targets(204,5): message :       GenerateSerializationAssemblies;
       C:\Program Files\dotnet\sdk\10.0.103\Sdks\Microsoft.NET.Sdk\targets\Microsoft.NET.Sdk.targets(204,5): message :       CreateSatelliteAssemblies;
       C:\Program Files\dotnet\sdk\10.0.103\Sdks\Microsoft.NET.Sdk\targets\Microsoft.NET.Sdk.targets(204,5): message :       GenerateManifests;
       C:\Program Files\dotnet\sdk\10.0.103\Sdks\Microsoft.NET.Sdk\targets\Microsoft.NET.Sdk.targets(204,5): message :       GetTargetPath;
       C:\Program Files\dotnet\sdk\10.0.103\Sdks\Microsoft.NET.Sdk\targets\Microsoft.NET.Sdk.targets(204,5): message :       PrepareForRun;
       C:\Program Files\dotnet\sdk\10.0.103\Sdks\Microsoft.NET.Sdk\targets\Microsoft.NET.Sdk.targets(204,5): message :       UnmanagedRegistration;
       C:\Program Files\dotnet\sdk\10.0.103\Sdks\Microsoft.NET.Sdk\targets\Microsoft.NET.Sdk.targets(204,5): message :       IncrementalClean;
       C:\Program Files\dotnet\sdk\10.0.103\Sdks\Microsoft.NET.Sdk\targets\Microsoft.NET.Sdk.targets(204,5): message :       PostBuildEvent
       C:\Program Files\dotnet\sdk\10.0.103\Sdks\Microsoft.NET.Sdk\targets\Microsoft.NET.Sdk.targets(204,5): message :     ;
       C:\Program Files\dotnet\sdk\10.0.103\Sdks\Microsoft.NET.Sdk\targets\Microsoft.NET.Sdk.targets(204,5): message :       GenerateBuildDependencyFile;
       C:\Program Files\dotnet\sdk\10.0.103\Sdks\Microsoft.NET.Sdk\targets\Microsoft.NET.Sdk.targets(204,5): message :       GenerateBuildRuntimeConfigurationFiles
       C:\Program Files\dotnet\sdk\10.0.103\Sdks\Microsoft.NET.Sdk\targets\Microsoft.NET.Sdk.targets(204,5): message :     " (previous value: "
       C:\Program Files\dotnet\sdk\10.0.103\Sdks\Microsoft.NET.Sdk\targets\Microsoft.NET.Sdk.targets(204,5): message :       BuildOnlySettings;
       C:\Program Files\dotnet\sdk\10.0.103\Sdks\Microsoft.NET.Sdk\targets\Microsoft.NET.Sdk.targets(204,5): message :       PrepareForBuild;
       C:\Program Files\dotnet\sdk\10.0.103\Sdks\Microsoft.NET.Sdk\targets\Microsoft.NET.Sdk.targets(204,5): message :       PreBuildEvent;
       C:\Program Files\dotnet\sdk\10.0.103\Sdks\Microsoft.NET.Sdk\targets\Microsoft.NET.Sdk.targets(204,5): message :       ResolveReferences;
       C:\Program Files\dotnet\sdk\10.0.103\Sdks\Microsoft.NET.Sdk\targets\Microsoft.NET.Sdk.targets(204,5): message :       PrepareResources;
       C:\Program Files\dotnet\sdk\10.0.103\Sdks\Microsoft.NET.Sdk\targets\Microsoft.NET.Sdk.targets(204,5): message :       ResolveKeySource;
       C:\Program Files\dotnet\sdk\10.0.103\Sdks\Microsoft.NET.Sdk\targets\Microsoft.NET.Sdk.targets(204,5): message :       Compile;
       C:\Program Files\dotnet\sdk\10.0.103\Sdks\Microsoft.NET.Sdk\targets\Microsoft.NET.Sdk.targets(204,5): message :       ExportWindowsMDFile;
       C:\Program Files\dotnet\sdk\10.0.103\Sdks\Microsoft.NET.Sdk\targets\Microsoft.NET.Sdk.targets(204,5): message :       UnmanagedUnregistration;
       C:\Program Files\dotnet\sdk\10.0.103\Sdks\Microsoft.NET.Sdk\targets\Microsoft.NET.Sdk.targets(204,5): message :       GenerateSerializationAssemblies;
       C:\Program Files\dotnet\sdk\10.0.103\Sdks\Microsoft.NET.Sdk\targets\Microsoft.NET.Sdk.targets(204,5): message :       CreateSatelliteAssemblies;
       C:\Program Files\dotnet\sdk\10.0.103\Sdks\Microsoft.NET.Sdk\targets\Microsoft.NET.Sdk.targets(204,5): message :       GenerateManifests;
       C:\Program Files\dotnet\sdk\10.0.103\Sdks\Microsoft.NET.Sdk\targets\Microsoft.NET.Sdk.targets(204,5): message :       GetTargetPath;
       C:\Program Files\dotnet\sdk\10.0.103\Sdks\Microsoft.NET.Sdk\targets\Microsoft.NET.Sdk.targets(204,5): message :       PrepareForRun;
       C:\Program Files\dotnet\sdk\10.0.103\Sdks\Microsoft.NET.Sdk\targets\Microsoft.NET.Sdk.targets(204,5): message :       UnmanagedRegistration;
       C:\Program Files\dotnet\sdk\10.0.103\Sdks\Microsoft.NET.Sdk\targets\Microsoft.NET.Sdk.targets(204,5): message :       IncrementalClean;
       C:\Program Files\dotnet\sdk\10.0.103\Sdks\Microsoft.NET.Sdk\targets\Microsoft.NET.Sdk.targets(204,5): message :       PostBuildEvent
       C:\Program Files\dotnet\sdk\10.0.103\Sdks\Microsoft.NET.Sdk\targets\Microsoft.NET.Sdk.targets(204,5): message :     ") at C:\Program Files\dotnet\sdk\10.0.103\Sdks\Microsoft.NET.Sdk\targets\Microsoft.NET.Sdk.targets (204,5)
       C:\Program Files\dotnet\sdk\10.0.103\Sdks\Microsoft.NET.Sdk\targets\Microsoft.NET.Sdk.targets(213,5): message : Property reassignment: $(CoreCleanDependsOn)="
       C:\Program Files\dotnet\sdk\10.0.103\Sdks\Microsoft.NET.Sdk\targets\Microsoft.NET.Sdk.targets(213,5): message :       _SdkBeforeClean;
       C:\Program Files\dotnet\sdk\10.0.103\Sdks\Microsoft.NET.Sdk\targets\Microsoft.NET.Sdk.targets(213,5): message :       
       C:\Program Files\dotnet\sdk\10.0.103\Sdks\Microsoft.NET.Sdk\targets\Microsoft.NET.Sdk.targets(213,5): message :     " (previous value: "") at C:\Program Files\dotnet\sdk\10.0.103\Sdks\Microsoft.NET.Sdk\targets\Microsoft.NET.Sdk.targets (213,5)
       C:\Program Files\dotnet\sdk\10.0.103\Sdks\Microsoft.NET.Sdk\targets\Microsoft.NET.Sdk.targets(220,5): message : Property reassignment: $(RebuildDependsOn)="
       C:\Program Files\dotnet\sdk\10.0.103\Sdks\Microsoft.NET.Sdk\targets\Microsoft.NET.Sdk.targets(220,5): message :       _SdkBeforeRebuild;
       C:\Program Files\dotnet\sdk\10.0.103\Sdks\Microsoft.NET.Sdk\targets\Microsoft.NET.Sdk.targets(220,5): message :       
       C:\Program Files\dotnet\sdk\10.0.103\Sdks\Microsoft.NET.Sdk\targets\Microsoft.NET.Sdk.targets(220,5): message :       BeforeRebuild;
       C:\Program Files\dotnet\sdk\10.0.103\Sdks\Microsoft.NET.Sdk\targets\Microsoft.NET.Sdk.targets(220,5): message :       Clean;
       C:\Program Files\dotnet\sdk\10.0.103\Sdks\Microsoft.NET.Sdk\targets\Microsoft.NET.Sdk.targets(220,5): message :       Build;
       C:\Program Files\dotnet\sdk\10.0.103\Sdks\Microsoft.NET.Sdk\targets\Microsoft.NET.Sdk.targets(220,5): message :       AfterRebuild;
       C:\Program Files\dotnet\sdk\10.0.103\Sdks\Microsoft.NET.Sdk\targets\Microsoft.NET.Sdk.targets(220,5): message :     
       C:\Program Files\dotnet\sdk\10.0.103\Sdks\Microsoft.NET.Sdk\targets\Microsoft.NET.Sdk.targets(220,5): message :     " (previous value: "
       C:\Program Files\dotnet\sdk\10.0.103\Sdks\Microsoft.NET.Sdk\targets\Microsoft.NET.Sdk.targets(220,5): message :       BeforeRebuild;
       C:\Program Files\dotnet\sdk\10.0.103\Sdks\Microsoft.NET.Sdk\targets\Microsoft.NET.Sdk.targets(220,5): message :       Clean;
       C:\Program Files\dotnet\sdk\10.0.103\Sdks\Microsoft.NET.Sdk\targets\Microsoft.NET.Sdk.targets(220,5): message :       Build;
       C:\Program Files\dotnet\sdk\10.0.103\Sdks\Microsoft.NET.Sdk\targets\Microsoft.NET.Sdk.targets(220,5): message :       AfterRebuild;
       C:\Program Files\dotnet\sdk\10.0.103\Sdks\Microsoft.NET.Sdk\targets\Microsoft.NET.Sdk.targets(220,5): message :     ") at C:\Program Files\dotnet\sdk\10.0.103\Sdks\Microsoft.NET.Sdk\targets\Microsoft.NET.Sdk.targets (220,5)
       C:\Program Files\dotnet\sdk\10.0.103\Sdks\Microsoft.NET.Sdk\targets\Microsoft.NET.Sdk.targets(799,5): message : Property reassignment: $(CompileDependsOn)="
       C:\Program Files\dotnet\sdk\10.0.103\Sdks\Microsoft.NET.Sdk\targets\Microsoft.NET.Sdk.targets(799,5): message :       
       C:\Program Files\dotnet\sdk\10.0.103\Sdks\Microsoft.NET.Sdk\targets\Microsoft.NET.Sdk.targets(799,5): message :       ResolveReferences;
       C:\Program Files\dotnet\sdk\10.0.103\Sdks\Microsoft.NET.Sdk\targets\Microsoft.NET.Sdk.targets(799,5): message :       ResolveKeySource;
       C:\Program Files\dotnet\sdk\10.0.103\Sdks\Microsoft.NET.Sdk\targets\Microsoft.NET.Sdk.targets(799,5): message :       SetWin32ManifestProperties;
       C:\Program Files\dotnet\sdk\10.0.103\Sdks\Microsoft.NET.Sdk\targets\Microsoft.NET.Sdk.targets(799,5): message :       _SetPreferNativeArm64Win32ManifestProperties;
       C:\Program Files\dotnet\sdk\10.0.103\Sdks\Microsoft.NET.Sdk\targets\Microsoft.NET.Sdk.targets(799,5): message :       FindReferenceAssembliesForReferences;
       C:\Program Files\dotnet\sdk\10.0.103\Sdks\Microsoft.NET.Sdk\targets\Microsoft.NET.Sdk.targets(799,5): message :       _GenerateCompileInputs;
       C:\Program Files\dotnet\sdk\10.0.103\Sdks\Microsoft.NET.Sdk\targets\Microsoft.NET.Sdk.targets(799,5): message :       BeforeCompile;
       C:\Program Files\dotnet\sdk\10.0.103\Sdks\Microsoft.NET.Sdk\targets\Microsoft.NET.Sdk.targets(799,5): message :       _TimeStampBeforeCompile;
       C:\Program Files\dotnet\sdk\10.0.103\Sdks\Microsoft.NET.Sdk\targets\Microsoft.NET.Sdk.targets(799,5): message :       _GenerateCompileDependencyCache;
       C:\Program Files\dotnet\sdk\10.0.103\Sdks\Microsoft.NET.Sdk\targets\Microsoft.NET.Sdk.targets(799,5): message :       CoreCompile;
       C:\Program Files\dotnet\sdk\10.0.103\Sdks\Microsoft.NET.Sdk\targets\Microsoft.NET.Sdk.targets(799,5): message :       _TimeStampAfterCompile;
       C:\Program Files\dotnet\sdk\10.0.103\Sdks\Microsoft.NET.Sdk\targets\Microsoft.NET.Sdk.targets(799,5): message :       AfterCompile;
       C:\Program Files\dotnet\sdk\10.0.103\Sdks\Microsoft.NET.Sdk\targets\Microsoft.NET.Sdk.targets(799,5): message :     ;
       C:\Program Files\dotnet\sdk\10.0.103\Sdks\Microsoft.NET.Sdk\targets\Microsoft.NET.Sdk.targets(799,5): message :       _CreateAppHost;
       C:\Program Files\dotnet\sdk\10.0.103\Sdks\Microsoft.NET.Sdk\targets\Microsoft.NET.Sdk.targets(799,5): message :       _CreateComHost;
       C:\Program Files\dotnet\sdk\10.0.103\Sdks\Microsoft.NET.Sdk\targets\Microsoft.NET.Sdk.targets(799,5): message :       _GetIjwHostPaths;
       C:\Program Files\dotnet\sdk\10.0.103\Sdks\Microsoft.NET.Sdk\targets\Microsoft.NET.Sdk.targets(799,5): message :     " (previous value: "
       C:\Program Files\dotnet\sdk\10.0.103\Sdks\Microsoft.NET.Sdk\targets\Microsoft.NET.Sdk.targets(799,5): message :       ResolveReferences;
       C:\Program Files\dotnet\sdk\10.0.103\Sdks\Microsoft.NET.Sdk\targets\Microsoft.NET.Sdk.targets(799,5): message :       ResolveKeySource;
       C:\Program Files\dotnet\sdk\10.0.103\Sdks\Microsoft.NET.Sdk\targets\Microsoft.NET.Sdk.targets(799,5): message :       SetWin32ManifestProperties;
       C:\Program Files\dotnet\sdk\10.0.103\Sdks\Microsoft.NET.Sdk\targets\Microsoft.NET.Sdk.targets(799,5): message :       _SetPreferNativeArm64Win32ManifestProperties;
       C:\Program Files\dotnet\sdk\10.0.103\Sdks\Microsoft.NET.Sdk\targets\Microsoft.NET.Sdk.targets(799,5): message :       FindReferenceAssembliesForReferences;
       C:\Program Files\dotnet\sdk\10.0.103\Sdks\Microsoft.NET.Sdk\targets\Microsoft.NET.Sdk.targets(799,5): message :       _GenerateCompileInputs;
       C:\Program Files\dotnet\sdk\10.0.103\Sdks\Microsoft.NET.Sdk\targets\Microsoft.NET.Sdk.targets(799,5): message :       BeforeCompile;
       C:\Program Files\dotnet\sdk\10.0.103\Sdks\Microsoft.NET.Sdk\targets\Microsoft.NET.Sdk.targets(799,5): message :       _TimeStampBeforeCompile;
       C:\Program Files\dotnet\sdk\10.0.103\Sdks\Microsoft.NET.Sdk\targets\Microsoft.NET.Sdk.targets(799,5): message :       _GenerateCompileDependencyCache;
       C:\Program Files\dotnet\sdk\10.0.103\Sdks\Microsoft.NET.Sdk\targets\Microsoft.NET.Sdk.targets(799,5): message :       CoreCompile;
       C:\Program Files\dotnet\sdk\10.0.103\Sdks\Microsoft.NET.Sdk\targets\Microsoft.NET.Sdk.targets(799,5): message :       _TimeStampAfterCompile;
       C:\Program Files\dotnet\sdk\10.0.103\Sdks\Microsoft.NET.Sdk\targets\Microsoft.NET.Sdk.targets(799,5): message :       AfterCompile;
       C:\Program Files\dotnet\sdk\10.0.103\Sdks\Microsoft.NET.Sdk\targets\Microsoft.NET.Sdk.targets(799,5): message :     ") at C:\Program Files\dotnet\sdk\10.0.103\Sdks\Microsoft.NET.Sdk\targets\Microsoft.NET.Sdk.targets (799,5)
       C:\Program Files\dotnet\sdk\10.0.103\Sdks\Microsoft.NET.Sdk\targets\Microsoft.NET.Sdk.targets(1131,5): message : Property reassignment: $(CreateSatelliteAssembliesDependsOn)="
       C:\Program Files\dotnet\sdk\10.0.103\Sdks\Microsoft.NET.Sdk\targets\Microsoft.NET.Sdk.targets(1131,5): message :       
       C:\Program Files\dotnet\sdk\10.0.103\Sdks\Microsoft.NET.Sdk\targets\Microsoft.NET.Sdk.targets(1131,5): message :       ;
       C:\Program Files\dotnet\sdk\10.0.103\Sdks\Microsoft.NET.Sdk\targets\Microsoft.NET.Sdk.targets(1131,5): message :       _GenerateSatelliteAssemblyInputs;
       C:\Program Files\dotnet\sdk\10.0.103\Sdks\Microsoft.NET.Sdk\targets\Microsoft.NET.Sdk.targets(1131,5): message :       ComputeIntermediateSatelliteAssemblies;
       C:\Program Files\dotnet\sdk\10.0.103\Sdks\Microsoft.NET.Sdk\targets\Microsoft.NET.Sdk.targets(1131,5): message :       GenerateSatelliteAssemblies
       C:\Program Files\dotnet\sdk\10.0.103\Sdks\Microsoft.NET.Sdk\targets\Microsoft.NET.Sdk.targets(1131,5): message :     ;
       C:\Program Files\dotnet\sdk\10.0.103\Sdks\Microsoft.NET.Sdk\targets\Microsoft.NET.Sdk.targets(1131,5): message :       CoreGenerateSatelliteAssemblies
       C:\Program Files\dotnet\sdk\10.0.103\Sdks\Microsoft.NET.Sdk\targets\Microsoft.NET.Sdk.targets(1131,5): message :     " (previous value: "
       C:\Program Files\dotnet\sdk\10.0.103\Sdks\Microsoft.NET.Sdk\targets\Microsoft.NET.Sdk.targets(1131,5): message :       ;
       C:\Program Files\dotnet\sdk\10.0.103\Sdks\Microsoft.NET.Sdk\targets\Microsoft.NET.Sdk.targets(1131,5): message :       _GenerateSatelliteAssemblyInputs;
       C:\Program Files\dotnet\sdk\10.0.103\Sdks\Microsoft.NET.Sdk\targets\Microsoft.NET.Sdk.targets(1131,5): message :       ComputeIntermediateSatelliteAssemblies;
       C:\Program Files\dotnet\sdk\10.0.103\Sdks\Microsoft.NET.Sdk\targets\Microsoft.NET.Sdk.targets(1131,5): message :       GenerateSatelliteAssemblies
       C:\Program Files\dotnet\sdk\10.0.103\Sdks\Microsoft.NET.Sdk\targets\Microsoft.NET.Sdk.targets(1131,5): message :     ") at C:\Program Files\dotnet\sdk\10.0.103\Sdks\Microsoft.NET.Sdk\targets\Microsoft.NET.Sdk.targets (1131,5)
       C:\Program Files\dotnet\sdk\10.0.103\Sdks\Microsoft.SourceLink.GitLab\build\Microsoft.SourceLink.GitLab.targets(12,5): message : Property reassignment: $(SourceLinkUrlInitializerTargets)=";_InitializeGitHubSourceLinkUrl;_InitializeGitLabSourceLinkUrl" (previous value: ";_InitializeGitHubSourceLinkUrl") at C:\Program Files\dotnet\sdk\10.0.103\Sdks\Microsoft.SourceLink.GitLab\build\Microsoft.SourceLink.GitLab.targets (12,5)
       C:\Program Files\dotnet\sdk\10.0.103\Sdks\Microsoft.SourceLink.GitLab\build\Microsoft.SourceLink.GitLab.targets(13,5): message : Property reassignment: $(SourceControlManagerUrlTranslationTargets)=";TranslateGitHubUrlsInSourceControlInformation;TranslateGitLabUrlsInSourceControlInformation" (previous value: ";TranslateGitHubUrlsInSourceControlInformation") at C:\Program Files\dotnet\sdk\10.0.103\Sdks\Microsoft.SourceLink.GitLab\build\Microsoft.SourceLink.GitLab.targets (13,5)
       C:\Program Files\dotnet\sdk\10.0.103\Sdks\Microsoft.SourceLink.AzureRepos.Git\build\Microsoft.SourceLink.AzureRepos.Git.targets(12,5): message : Property reassignment: $(SourceLinkUrlInitializerTargets)=";_InitializeGitHubSourceLinkUrl;_InitializeGitLabSourceLinkUrl;_InitializeAzureReposGitSourceLinkUrl" (previous value: ";_InitializeGitHubSourceLinkUrl;_InitializeGitLabSourceLinkUrl") at C:\Program Files\dotnet\sdk\10.0.103\Sdks\Microsoft.SourceLink.AzureRepos.Git\build\Microsoft.SourceLink.AzureRepos.Git.targets (12,5)
       C:\Program Files\dotnet\sdk\10.0.103\Sdks\Microsoft.SourceLink.AzureRepos.Git\build\Microsoft.SourceLink.AzureRepos.Git.targets(13,5): message : Property reassignment: $(SourceControlManagerUrlTranslationTargets)=";TranslateGitHubUrlsInSourceControlInformation;TranslateGitLabUrlsInSourceControlInformation;TranslateAzureReposGitUrlsInSourceControlInformation" (previous value: ";TranslateGitHubUrlsInSourceControlInformation;TranslateGitLabUrlsInSourceControlInformation") at C:\Program Files\dotnet\sdk\10.0.103\Sdks\Microsoft.SourceLink.AzureRepos.Git\build\Microsoft.SourceLink.AzureRepos.Git.targets (13,5)
       C:\Program Files\dotnet\sdk\10.0.103\Sdks\Microsoft.SourceLink.Bitbucket.Git\build\Microsoft.SourceLink.Bitbucket.Git.targets(12,5): message : Property reassignment: $(SourceLinkUrlInitializerTargets)=";_InitializeGitHubSourceLinkUrl;_InitializeGitLabSourceLinkUrl;_InitializeAzureReposGitSourceLinkUrl;_InitializeBitbucketGitSourceLinkUrl" (previous value: ";_InitializeGitHubSourceLinkUrl;_InitializeGitLabSourceLinkUrl;_InitializeAzureReposGitSourceLinkUrl") at C:\Program Files\dotnet\sdk\10.0.103\Sdks\Microsoft.SourceLink.Bitbucket.Git\build\Microsoft.SourceLink.Bitbucket.Git.targets (12,5)
       C:\Program Files\dotnet\sdk\10.0.103\Sdks\Microsoft.SourceLink.Bitbucket.Git\build\Microsoft.SourceLink.Bitbucket.Git.targets(13,5): message : Property reassignment: $(SourceControlManagerUrlTranslationTargets)=";TranslateGitHubUrlsInSourceControlInformation;TranslateGitLabUrlsInSourceControlInformation;TranslateAzureReposGitUrlsInSourceControlInformation;TranslateBitbucketGitUrlsInSourceControlInformation" (previous value: ";TranslateGitHubUrlsInSourceControlInformation;TranslateGitLabUrlsInSourceControlInformation;TranslateAzureReposGitUrlsInSourceControlInformation") at C:\Program Files\dotnet\sdk\10.0.103\Sdks\Microsoft.SourceLink.Bitbucket.Git\build\Microsoft.SourceLink.Bitbucket.Git.targets (13,5)
       C:\Program Files\dotnet\sdk\10.0.103\Sdks\Microsoft.NET.Sdk\targets\Microsoft.NET.DesignerSupport.targets(21,5): message : Property reassignment: $(DesignerRuntimeImplementationProjectOutputGroupDependsOn)="
       C:\Program Files\dotnet\sdk\10.0.103\Sdks\Microsoft.NET.Sdk\targets\Microsoft.NET.DesignerSupport.targets(21,5): message :       
       C:\Program Files\dotnet\sdk\10.0.103\Sdks\Microsoft.NET.Sdk\targets\Microsoft.NET.DesignerSupport.targets(21,5): message :       ;
       C:\Program Files\dotnet\sdk\10.0.103\Sdks\Microsoft.NET.Sdk\targets\Microsoft.NET.DesignerSupport.targets(21,5): message :       
       C:\Program Files\dotnet\sdk\10.0.103\Sdks\Microsoft.NET.Sdk\targets\Microsoft.NET.DesignerSupport.targets(21,5): message :       ;
       C:\Program Files\dotnet\sdk\10.0.103\Sdks\Microsoft.NET.Sdk\targets\Microsoft.NET.DesignerSupport.targets(21,5): message :       BuildOnlySettings;
       C:\Program Files\dotnet\sdk\10.0.103\Sdks\Microsoft.NET.Sdk\targets\Microsoft.NET.DesignerSupport.targets(21,5): message :       PrepareForBuild;
       C:\Program Files\dotnet\sdk\10.0.103\Sdks\Microsoft.NET.Sdk\targets\Microsoft.NET.DesignerSupport.targets(21,5): message :       AssignTargetPaths;
       C:\Program Files\dotnet\sdk\10.0.103\Sdks\Microsoft.NET.Sdk\targets\Microsoft.NET.DesignerSupport.targets(21,5): message :       ResolveReferences
       C:\Program Files\dotnet\sdk\10.0.103\Sdks\Microsoft.NET.Sdk\targets\Microsoft.NET.DesignerSupport.targets(21,5): message :     
       C:\Program Files\dotnet\sdk\10.0.103\Sdks\Microsoft.NET.Sdk\targets\Microsoft.NET.DesignerSupport.targets(21,5): message :     ;
       C:\Program Files\dotnet\sdk\10.0.103\Sdks\Microsoft.NET.Sdk\targets\Microsoft.NET.DesignerSupport.targets(21,5): message :       _GenerateDesignerDepsFile;
       C:\Program Files\dotnet\sdk\10.0.103\Sdks\Microsoft.NET.Sdk\targets\Microsoft.NET.DesignerSupport.targets(21,5): message :       _GenerateDesignerRuntimeConfigFile;
       C:\Program Files\dotnet\sdk\10.0.103\Sdks\Microsoft.NET.Sdk\targets\Microsoft.NET.DesignerSupport.targets(21,5): message :       GetCopyToOutputDirectoryItems;
       C:\Program Files\dotnet\sdk\10.0.103\Sdks\Microsoft.NET.Sdk\targets\Microsoft.NET.DesignerSupport.targets(21,5): message :       _GatherDesignerShadowCopyFiles;
       C:\Program Files\dotnet\sdk\10.0.103\Sdks\Microsoft.NET.Sdk\targets\Microsoft.NET.DesignerSupport.targets(21,5): message :     " (previous value: "
       C:\Program Files\dotnet\sdk\10.0.103\Sdks\Microsoft.NET.Sdk\targets\Microsoft.NET.DesignerSupport.targets(21,5): message :       ;
       C:\Program Files\dotnet\sdk\10.0.103\Sdks\Microsoft.NET.Sdk\targets\Microsoft.NET.DesignerSupport.targets(21,5): message :       
       C:\Program Files\dotnet\sdk\10.0.103\Sdks\Microsoft.NET.Sdk\targets\Microsoft.NET.DesignerSupport.targets(21,5): message :       ;
       C:\Program Files\dotnet\sdk\10.0.103\Sdks\Microsoft.NET.Sdk\targets\Microsoft.NET.DesignerSupport.targets(21,5): message :       BuildOnlySettings;
       C:\Program Files\dotnet\sdk\10.0.103\Sdks\Microsoft.NET.Sdk\targets\Microsoft.NET.DesignerSupport.targets(21,5): message :       PrepareForBuild;
       C:\Program Files\dotnet\sdk\10.0.103\Sdks\Microsoft.NET.Sdk\targets\Microsoft.NET.DesignerSupport.targets(21,5): message :       AssignTargetPaths;
       C:\Program Files\dotnet\sdk\10.0.103\Sdks\Microsoft.NET.Sdk\targets\Microsoft.NET.DesignerSupport.targets(21,5): message :       ResolveReferences
       C:\Program Files\dotnet\sdk\10.0.103\Sdks\Microsoft.NET.Sdk\targets\Microsoft.NET.DesignerSupport.targets(21,5): message :     
       C:\Program Files\dotnet\sdk\10.0.103\Sdks\Microsoft.NET.Sdk\targets\Microsoft.NET.DesignerSupport.targets(21,5): message :     ") at C:\Program Files\dotnet\sdk\10.0.103\Sdks\Microsoft.NET.Sdk\targets\Microsoft.NET.DesignerSupport.targets (21,5)
       C:\Program Files\dotnet\sdk\10.0.103\Sdks\Microsoft.NET.Sdk\targets\Microsoft.NET.Sdk.CSharp.targets(31,5): message : Property reassignment: $(DefineConstants)="TRACE;DEBUG" (previous value: "TRACE") at C:\Program Files\dotnet\sdk\10.0.103\Sdks\Microsoft.NET.Sdk\targets\Microsoft.NET.Sdk.CSharp.targets (31,5)
       C:\Program Files\dotnet\sdk\10.0.103\Sdks\Microsoft.NET.Sdk\targets\Microsoft.NET.Sdk.CSharp.targets(45,5): message : Property reassignment: $(WarningsAsErrors)=";NU1605;SYSLIB0011" (previous value: ";NU1605") at C:\Program Files\dotnet\sdk\10.0.103\Sdks\Microsoft.NET.Sdk\targets\Microsoft.NET.Sdk.CSharp.targets (45,5)
       C:\Program Files\dotnet\sdk\10.0.103\NuGet.Build.Tasks.Pack.targets(34,5): message : Property reassignment: $(PackageDescription)="Package Description" (previous value: "") at C:\Program Files\dotnet\sdk\10.0.103\NuGet.Build.Tasks.Pack.targets (34,5)
       C:\Program Files\dotnet\sdk\10.0.103\NuGet.Build.Tasks.Pack.targets(59,5): message : Property reassignment: $(GenerateNuspecDependsOn)="Build;_LoadPackInputItems; _GetTargetFrameworksOutput; _WalkEachTargetPerFramework; _GetPackageFiles; " (previous value: "_LoadPackInputItems; _GetTargetFrameworksOutput; _WalkEachTargetPerFramework; _GetPackageFiles; ") at C:\Program Files\dotnet\sdk\10.0.103\NuGet.Build.Tasks.Pack.targets (59,5)
       C:\Program Files\dotnet\sdk\10.0.103\Sdks\Microsoft.NET.Sdk\Sdk\Sdk.targets(59,5): message : Property reassignment: $(_IsNotSetContainersTargetsDir)="true" (previous value: "false") at C:\Program Files\dotnet\sdk\10.0.103\Sdks\Microsoft.NET.Sdk\Sdk\Sdk.targets (59,5)
       C:\Program Files\dotnet\sdk\10.0.103\Containers\build\Microsoft.NET.Build.Containers.targets(5,5): message : Property reassignment: $(_IsSDKContainerAllowedVersion)="true" (previous value: "false") at C:\Program Files\dotnet\sdk\10.0.103\Containers\build\Microsoft.NET.Build.Containers.targets (5,5)
       C:\Program Files\dotnet\sdk\10.0.103\Containers\build\Microsoft.NET.Build.Containers.targets(15,5): message : Property reassignment: $(_ContainerIsTargetingNet8TFM)="true" (previous value: "false") at C:\Program Files\dotnet\sdk\10.0.103\Containers\build\Microsoft.NET.Build.Containers.targets (15,5)
       Overriding target "ResolveFrameworkReferences" in project "C:\Program Files\dotnet\sdk\10.0.103\Microsoft.Common.CurrentVersion.targets" with target "ResolveFrameworkReferences" from project "C:\Program Files\dotnet\sdk\10.0.103\Sdks\Microsoft.NET.Sdk\targets\Microsoft.NET.Sdk.FrameworkReferenceResolution.targets".
       Overriding target "GenerateSupportedTargetFrameworkAlias" in project "C:\Program Files\dotnet\sdk\10.0.103\Microsoft.Common.CurrentVersion.targets" with target "GenerateSupportedTargetFrameworkAlias" from project "C:\Program Files\dotnet\sdk\10.0.103\Sdks\Microsoft.NET.Sdk\targets\Microsoft.NET.Sdk.targets".
       Overriding target "GetReferenceAssemblyPaths" in project "C:\Program Files\dotnet\sdk\10.0.103\Microsoft.Common.CurrentVersion.targets" with target "GetReferenceAssemblyPaths" from project "C:\Program Files\dotnet\sdk\10.0.103\Sdks\Microsoft.NET.Sdk\targets\Microsoft.NET.DisableStandardFrameworkResolution.targets".
       Overriding target "GetFrameworkPaths" in project "C:\Program Files\dotnet\sdk\10.0.103\Microsoft.Common.CurrentVersion.targets" with target "GetFrameworkPaths" from project "C:\Program Files\dotnet\sdk\10.0.103\Sdks\Microsoft.NET.Sdk\targets\Microsoft.NET.DisableStandardFrameworkResolution.targets".
       Overriding target "DesignerRuntimeImplementationProjectOutputGroup" in project "C:\Program Files\dotnet\sdk\10.0.103\Microsoft.Common.CurrentVersion.targets" with target "DesignerRuntimeImplementationProjectOutputGroup" from project "C:\Program Files\dotnet\sdk\10.0.103\Sdks\Microsoft.NET.Sdk\targets\Microsoft.NET.DesignerSupport.targets".
       Overriding target "Publish" in project "C:\Program Files\dotnet\sdk\10.0.103\Microsoft.Common.CurrentVersion.targets" with target "Publish" from project "C:\Program Files\dotnet\sdk\10.0.103\Sdks\Microsoft.NET.Sdk\targets\Microsoft.NET.Publish.targets".
       Overriding target "ResolveReadyToRunCompilers" in project "C:\Program Files\dotnet\sdk\10.0.103\Sdks\Microsoft.NET.Sdk\targets\Microsoft.NET.CrossGen.targets" with target "ResolveReadyToRunCompilers" from project "C:\Program Files\dotnet\sdk\10.0.103\Sdks\Microsoft.NET.Sdk\targets\Microsoft.NET.Publish.targets".
       Overriding target "GetCopyToPublishDirectoryItems" in project "C:\Program Files\dotnet\sdk\10.0.103\Microsoft.Common.CurrentVersion.targets" with target "GetCopyToPublishDirectoryItems" from project "C:\Program Files\dotnet\sdk\10.0.103\Sdks\Microsoft.NET.Sdk\targets\Microsoft.NET.Publish.targets".
       Overriding target "Run" in project "C:\Program Files\dotnet\sdk\10.0.103\Microsoft.Common.CurrentVersion.targets" with target "Run" from project "C:\Program Files\dotnet\sdk\10.0.103\Sdks\Microsoft.NET.Sdk\targets\Microsoft.NET.Sdk.targets".
   1:2>Project "c:\Apps\TicketConsolidator\TicketConsolidator.sln" (1:2) is building "c:\Apps\TicketConsolidator\src\TicketConsolidator.Domain\TicketConsolidator.Domain.csproj" (7:10) on node 1 (default targets).
  7:10>Target "_CollectTargetFrameworkForTelemetry" in file "C:\Program Files\dotnet\sdk\10.0.103\Sdks\Microsoft.NET.Sdk\targets\Microsoft.NET.TargetFrameworkInference.targets" from project "c:\Apps\TicketConsolidator\src\TicketConsolidator.Domain\TicketConsolidator.Domain.csproj" (target "_CheckForInvalidConfigurationAndPlatform" depends on it):
  7:10>Using "AllowEmptyTelemetry" task from assembly "C:\Program Files\dotnet\sdk\10.0.103\Sdks\Microsoft.NET.Sdk\targets\..\tools\net10.0\Microsoft.NET.Build.Tasks.dll".
       Task "AllowEmptyTelemetry"
       Done executing task "AllowEmptyTelemetry".
  7:10>Done building target "_CollectTargetFrameworkForTelemetry" in project "TicketConsolidator.Domain.csproj".
  7:10>Target "_CheckForUnsupportedNETCoreVersion" in file "C:\Program Files\dotnet\sdk\10.0.103\Sdks\Microsoft.NET.Sdk\targets\Microsoft.NET.TargetFrameworkInference.targets" from project "c:\Apps\TicketConsolidator\src\TicketConsolidator.Domain\TicketConsolidator.Domain.csproj" (target "_CheckForInvalidConfigurationAndPlatform" depends on it):
  7:10>Done building target "_CheckForUnsupportedNETCoreVersion" in project "TicketConsolidator.Domain.csproj".
  7:10>Target "_CheckForUnsupportedCppNETCoreVersion" in file "C:\Program Files\dotnet\sdk\10.0.103\Sdks\Microsoft.NET.Sdk\targets\Microsoft.NET.TargetFrameworkInference.targets" from project "c:\Apps\TicketConsolidator\src\TicketConsolidator.Domain\TicketConsolidator.Domain.csproj" (target "_CheckForInvalidConfigurationAndPlatform" depends on it):
  7:10>Done building target "_CheckForUnsupportedCppNETCoreVersion" in project "TicketConsolidator.Domain.csproj".
  7:10>Target "_CheckForUnsupportedArtifactsPath" in file "C:\Program Files\dotnet\sdk\10.0.103\Sdks\Microsoft.NET.Sdk\targets\Microsoft.NET.DefaultOutputPaths.targets" from project "c:\Apps\TicketConsolidator\src\TicketConsolidator.Domain\TicketConsolidator.Domain.csproj" (target "_CheckForInvalidConfigurationAndPlatform" depends on it):
  7:10>Done building target "_CheckForUnsupportedArtifactsPath" in project "TicketConsolidator.Domain.csproj".
  7:10>Target "_CheckForUnsupportedHostingUsage" in file "C:\Program Files\dotnet\sdk\10.0.103\Sdks\Microsoft.NET.Sdk\targets\Microsoft.NET.RuntimeIdentifierInference.targets" from project "c:\Apps\TicketConsolidator\src\TicketConsolidator.Domain\TicketConsolidator.Domain.csproj" (target "_CheckForInvalidConfigurationAndPlatform" depends on it):
  7:10>Done building target "_CheckForUnsupportedHostingUsage" in project "TicketConsolidator.Domain.csproj".
  7:10>Target "_CheckAndUnsetUnsupportedPrefer32Bit" in file "C:\Program Files\dotnet\sdk\10.0.103\Sdks\Microsoft.NET.Sdk\targets\Microsoft.NET.RuntimeIdentifierInference.targets" from project "c:\Apps\TicketConsolidator\src\TicketConsolidator.Domain\TicketConsolidator.Domain.csproj" (target "_CheckForInvalidConfigurationAndPlatform" depends on it):
  7:10>Done building target "_CheckAndUnsetUnsupportedPrefer32Bit" in project "TicketConsolidator.Domain.csproj".
  7:10>Target "_CheckForLanguageAndFeatureCombinationSupport" in file "C:\Program Files\dotnet\sdk\10.0.103\Sdks\Microsoft.NET.Sdk\targets\Microsoft.NET.RuntimeIdentifierInference.targets" from project "c:\Apps\TicketConsolidator\src\TicketConsolidator.Domain\TicketConsolidator.Domain.csproj" (target "_CheckForInvalidConfigurationAndPlatform" depends on it):
  7:10>Done building target "_CheckForLanguageAndFeatureCombinationSupport" in project "TicketConsolidator.Domain.csproj".
  7:10>Target "CheckForImplicitPackageReferenceOverrides" in file "C:\Program Files\dotnet\sdk\10.0.103\Sdks\Microsoft.NET.Sdk\targets\Microsoft.NET.Sdk.DefaultItems.Shared.targets" from project "c:\Apps\TicketConsolidator\src\TicketConsolidator.Domain\TicketConsolidator.Domain.csproj" (target "CollectPackageReferences" depends on it):
       Using "CheckForImplicitPackageReferenceOverrides" task from assembly "C:\Program Files\dotnet\sdk\10.0.103\Sdks\Microsoft.NET.Sdk\targets\..\tools\net10.0\Microsoft.NET.Build.Tasks.dll".
       Task "CheckForImplicitPackageReferenceOverrides"
       Done executing task "CheckForImplicitPackageReferenceOverrides".
  7:10>Done building target "CheckForImplicitPackageReferenceOverrides" in project "TicketConsolidator.Domain.csproj".
  7:10>Target "_ComputeToolPackInputsToProcessFrameworkReferences" in file "C:\Program Files\dotnet\sdk\10.0.103\Sdks\Microsoft.NET.Sdk\targets\Microsoft.NET.Publish.targets" from project "c:\Apps\TicketConsolidator\src\TicketConsolidator.Domain\TicketConsolidator.Domain.csproj" (target "ProcessFrameworkReferences" depends on it):
  7:10>Done building target "_ComputeToolPackInputsToProcessFrameworkReferences" in project "TicketConsolidator.Domain.csproj".
  7:10>Target "ProcessFrameworkReferences" in file "C:\Program Files\dotnet\sdk\10.0.103\Sdks\Microsoft.NET.Sdk\targets\Microsoft.NET.Sdk.FrameworkReferenceResolution.targets" from project "c:\Apps\TicketConsolidator\src\TicketConsolidator.Domain\TicketConsolidator.Domain.csproj" (target "CollectPackageReferences" depends on it):
       Using "CheckForDuplicateFrameworkReferences" task from assembly "C:\Program Files\dotnet\sdk\10.0.103\Sdks\Microsoft.NET.Sdk\targets\..\tools\net10.0\Microsoft.NET.Build.Tasks.dll".
       Task "CheckForDuplicateFrameworkReferences"
       Done executing task "CheckForDuplicateFrameworkReferences".
       Using "ProcessFrameworkReferences" task from assembly "C:\Program Files\dotnet\sdk\10.0.103\Sdks\Microsoft.NET.Sdk\targets\..\tools\net10.0\Microsoft.NET.Build.Tasks.dll".
       Task "ProcessFrameworkReferences"
         Found 1 known framework references for target framework .NETCoreApp
         Found 5 known runtime packs for target framework .NETCoreApp
         Selected Microsoft.NETCore.App with RIDs 'linux-arm;linux-arm64;linux-musl-arm64;linux-musl-x64;linux-x64;osx-x64;tizen.4.0.0-armel;tizen.5.0.0-armel;win-arm64;win-x64;win-x86;linux-musl-arm;osx-arm64;linux-s390x;linux-loongarch64;linux-bionic-arm;linux-bionic-arm64;linux-bionic-x64;linux-bionic-x86;linux-ppc64le;freebsd-x64;freebsd-arm64;linux-riscv64;linux-musl-riscv64;linux-musl-loongarch64;android-arm64;android-x64'
         Selected targeting pack 'Microsoft.NETCore.App@10.0.3'
         Added runtime framework 'Microsoft.NETCore.App@10.0.0'
         Selected Microsoft.WindowsDesktop.App with RIDs 'win-x64;win-x86;win-arm64'
         Selected targeting pack 'Microsoft.WindowsDesktop.App@10.0.3'
         Added runtime framework 'Microsoft.WindowsDesktop.App@10.0.0'
         Selected Microsoft.WindowsDesktop.App with RIDs 'win-x64;win-x86;win-arm64'
         Selected targeting pack 'Microsoft.WindowsDesktop.App.WPF@10.0.3'
         Added runtime framework 'Microsoft.WindowsDesktop.App@10.0.0'
         Selected Microsoft.WindowsDesktop.App with RIDs 'win-x64;win-x86;win-arm64'
         Selected targeting pack 'Microsoft.WindowsDesktop.App.WindowsForms@10.0.3'
         Added runtime framework 'Microsoft.WindowsDesktop.App@10.0.0'
         Selected Microsoft.AspNetCore.App with RIDs 'win-x64;win-x86;osx-x64;linux-musl-x64;linux-musl-arm64;linux-x64;linux-arm;linux-arm64;linux-musl-arm;win-arm64;osx-arm64;linux-s390x;linux-loongarch64;linux-ppc64le;freebsd-x64;freebsd-arm64;linux-riscv64;linux-musl-riscv64;linux-loongarch64;linux-musl-loongarch64'
         Selected targeting pack 'Microsoft.AspNetCore.App@10.0.3'
         Added runtime framework 'Microsoft.AspNetCore.App@10.0.0'
       Done executing task "ProcessFrameworkReferences".
       Using "ResolveAppHosts" task from assembly "C:\Program Files\dotnet\sdk\10.0.103\Sdks\Microsoft.NET.Sdk\targets\..\tools\net10.0\Microsoft.NET.Build.Tasks.dll".
       Task "ResolveAppHosts"
       Done executing task "ResolveAppHosts".
  7:10>Done building target "ProcessFrameworkReferences" in project "TicketConsolidator.Domain.csproj".
  7:10>Target "_CheckForObsoleteDotNetCliToolReferences" in file "C:\Program Files\dotnet\sdk\10.0.103\Sdks\Microsoft.NET.Sdk\targets\Microsoft.NET.ObsoleteReferences.targets" from project "c:\Apps\TicketConsolidator\src\TicketConsolidator.Domain\TicketConsolidator.Domain.csproj" (target "CollectPackageReferences" depends on it):
  7:10>Done building target "_CheckForObsoleteDotNetCliToolReferences" in project "TicketConsolidator.Domain.csproj".
  7:10>Target "CollectPackageReferences" in file "C:\Program Files\dotnet\sdk\10.0.103\NuGet.targets" from project "c:\Apps\TicketConsolidator\src\TicketConsolidator.Domain\TicketConsolidator.Domain.csproj" (target "_GetRestoreProjectStyle" depends on it):
       Using "CheckForDuplicateNuGetItemsTask" task from assembly "C:\Program Files\dotnet\sdk\10.0.103\NuGet.Build.Tasks.dll".
       Task "CheckForDuplicateNuGetItemsTask"
       Done executing task "CheckForDuplicateNuGetItemsTask".
  7:10>Done building target "CollectPackageReferences" in project "TicketConsolidator.Domain.csproj".
  7:10>Target "_GetRestoreProjectStyle" in file "C:\Program Files\dotnet\sdk\10.0.103\NuGet.targets" from project "c:\Apps\TicketConsolidator\src\TicketConsolidator.Domain\TicketConsolidator.Domain.csproj" (target "EnableIntermediateOutputPathMismatchWarning" depends on it):
       Using "GetRestoreProjectStyleTask" task from assembly "C:\Program Files\dotnet\sdk\10.0.103\NuGet.Build.Tasks.dll".
       Task "GetRestoreProjectStyleTask"
       Done executing task "GetRestoreProjectStyleTask".
  7:10>Done building target "_GetRestoreProjectStyle" in project "TicketConsolidator.Domain.csproj".
  7:10>Target "EnableIntermediateOutputPathMismatchWarning" in file "C:\Program Files\dotnet\sdk\10.0.103\NuGet.targets" from project "c:\Apps\TicketConsolidator\src\TicketConsolidator.Domain\TicketConsolidator.Domain.csproj" (target "_CheckForInvalidConfigurationAndPlatform" depends on it):
  7:10>Done building target "EnableIntermediateOutputPathMismatchWarning" in project "TicketConsolidator.Domain.csproj".
       Target "CheckForImplicitPackageReferenceOverrides" skipped. Previously built successfully.
  7:10>Target "CheckForDuplicateItems" in file "C:\Program Files\dotnet\sdk\10.0.103\Sdks\Microsoft.NET.Sdk\targets\Microsoft.NET.Sdk.DefaultItems.Shared.targets" from project "c:\Apps\TicketConsolidator\src\TicketConsolidator.Domain\TicketConsolidator.Domain.csproj" (target "_CheckForInvalidConfigurationAndPlatform" depends on it):
       Using "CheckForDuplicateItems" task from assembly "C:\Program Files\dotnet\sdk\10.0.103\Sdks\Microsoft.NET.Sdk\targets\..\tools\net10.0\Microsoft.NET.Build.Tasks.dll".
       Task "CheckForDuplicateItems"
       Done executing task "CheckForDuplicateItems".
       Task "CheckForDuplicateItems"
       Done executing task "CheckForDuplicateItems".
       Task "CheckForDuplicateItems"
       Done executing task "CheckForDuplicateItems".
  7:10>Done building target "CheckForDuplicateItems" in project "TicketConsolidator.Domain.csproj".
       Target "ProcessFrameworkReferences" skipped. Previously built successfully.
  7:10>Target "_CheckForInvalidConfigurationAndPlatform" in file "C:\Program Files\dotnet\sdk\10.0.103\Microsoft.Common.CurrentVersion.targets" from project "c:\Apps\TicketConsolidator\src\TicketConsolidator.Domain\TicketConsolidator.Domain.csproj" (target "BeforeBuild" depends on it):
       Task "Message"
         Configuration=Debug
       Done executing task "Message".
       Task "Message"
         Platform=AnyCPU
       Done executing task "Message".
  7:10>Done building target "_CheckForInvalidConfigurationAndPlatform" in project "TicketConsolidator.Domain.csproj".
  7:10>Target "ValidateCommandLineProperties" in file "C:\Program Files\dotnet\sdk\10.0.103\Sdks\Microsoft.NET.Sdk\targets\Microsoft.NET.Sdk.targets" from project "c:\Apps\TicketConsolidator\src\TicketConsolidator.Domain\TicketConsolidator.Domain.csproj" (target "BeforeBuild" depends on it):
  7:10>Done building target "ValidateCommandLineProperties" in project "TicketConsolidator.Domain.csproj".
  7:10>Target "BeforeBuild" in file "C:\Program Files\dotnet\sdk\10.0.103\Microsoft.Common.CurrentVersion.targets" from project "c:\Apps\TicketConsolidator\src\TicketConsolidator.Domain\TicketConsolidator.Domain.csproj" (target "Build" depends on it):
  7:10>Done building target "BeforeBuild" in project "TicketConsolidator.Domain.csproj".
  7:10>Target "BuildOnlySettings" in file "C:\Program Files\dotnet\sdk\10.0.103\Microsoft.Common.CurrentVersion.targets" from project "c:\Apps\TicketConsolidator\src\TicketConsolidator.Domain\TicketConsolidator.Domain.csproj" (target "CoreBuild" depends on it):
       C:\Program Files\dotnet\sdk\10.0.103\Microsoft.Common.CurrentVersion.targets(1168,7): message : Property reassignment: $(BuildingProject)="true" (previous value: "false") at C:\Program Files\dotnet\sdk\10.0.103\Microsoft.Common.CurrentVersion.targets (1168,7) [c:\Apps\TicketConsolidator\src\TicketConsolidator.Domain\TicketConsolidator.Domain.csproj]
  7:10>Done building target "BuildOnlySettings" in project "TicketConsolidator.Domain.csproj".
  7:10>Target "GetFrameworkPaths" in file "C:\Program Files\dotnet\sdk\10.0.103\Sdks\Microsoft.NET.Sdk\targets\Microsoft.NET.DisableStandardFrameworkResolution.targets" from project "c:\Apps\TicketConsolidator\src\TicketConsolidator.Domain\TicketConsolidator.Domain.csproj" (target "PrepareForBuild" depends on it):
  7:10>Done building target "GetFrameworkPaths" in project "TicketConsolidator.Domain.csproj".
  7:10>Target "GetReferenceAssemblyPaths" in file "C:\Program Files\dotnet\sdk\10.0.103\Sdks\Microsoft.NET.Sdk\targets\Microsoft.NET.DisableStandardFrameworkResolution.targets" from project "c:\Apps\TicketConsolidator\src\TicketConsolidator.Domain\TicketConsolidator.Domain.csproj" (target "PrepareForBuild" depends on it):
  7:10>Done building target "GetReferenceAssemblyPaths" in project "TicketConsolidator.Domain.csproj".
  7:10>Target "PrepareForBuild" in file "C:\Program Files\dotnet\sdk\10.0.103\Microsoft.Common.CurrentVersion.targets" from project "c:\Apps\TicketConsolidator\src\TicketConsolidator.Domain\TicketConsolidator.Domain.csproj" (target "CoreBuild" depends on it):
       Using "FindAppConfigFile" task from assembly "Microsoft.Build.Tasks.Core, Version=15.1.0.0, Culture=neutral, PublicKeyToken=b03f5f7f11d50a3a".
       Task "FindAppConfigFile"
       Done executing task "FindAppConfigFile".
       Using "MakeDir" task from assembly "Microsoft.Build.Tasks.Core, Version=15.1.0.0, Culture=neutral, PublicKeyToken=b03f5f7f11d50a3a".
       Task "MakeDir"
       Done executing task "MakeDir".
  7:10>Done building target "PrepareForBuild" in project "TicketConsolidator.Domain.csproj".
  7:10>Target "GenerateTargetFrameworkDefineConstants" in file "C:\Program Files\dotnet\sdk\10.0.103\Sdks\Microsoft.NET.Sdk\targets\Microsoft.NET.Sdk.BeforeCommon.targets" from project "c:\Apps\TicketConsolidator\src\TicketConsolidator.Domain\TicketConsolidator.Domain.csproj" (target "AddImplicitDefineConstants" depends on it):
  7:10>Done building target "GenerateTargetFrameworkDefineConstants" in project "TicketConsolidator.Domain.csproj".
  7:10>Target "GenerateNETCompatibleDefineConstants" in file "C:\Program Files\dotnet\sdk\10.0.103\Sdks\Microsoft.NET.Sdk\targets\Microsoft.NET.Sdk.BeforeCommon.targets" from project "c:\Apps\TicketConsolidator\src\TicketConsolidator.Domain\TicketConsolidator.Domain.csproj" (target "AddImplicitDefineConstants" depends on it):
  7:10>Done building target "GenerateNETCompatibleDefineConstants" in project "TicketConsolidator.Domain.csproj".
  7:10>Target "AddImplicitDefineConstants" in file "C:\Program Files\dotnet\sdk\10.0.103\Sdks\Microsoft.NET.Sdk\targets\Microsoft.NET.Sdk.BeforeCommon.targets" from project "c:\Apps\TicketConsolidator\src\TicketConsolidator.Domain\TicketConsolidator.Domain.csproj" (target "CoreBuild" depends on it):
       C:\Program Files\dotnet\sdk\10.0.103\Sdks\Microsoft.NET.Sdk\targets\Microsoft.NET.Sdk.BeforeCommon.targets(295,7): message : Property reassignment: $(DefineConstants)="TRACE;DEBUG;NET;NET10_0;NETCOREAPP;NET5_0_OR_GREATER;NET6_0_OR_GREATER;NET7_0_OR_GREATER;NET8_0_OR_GREATER;NET9_0_OR_GREATER;NET10_0_OR_GREATER;NETCOREAPP1_0_OR_GREATER;NETCOREAPP1_1_OR_GREATER;NETCOREAPP2_0_OR_GREATER;NETCOREAPP2_1_OR_GREATER;NETCOREAPP2_2_OR_GREATER;NETCOREAPP3_0_OR_GREATER;NETCOREAPP3_1_OR_GREATER" (previous value: "TRACE;DEBUG") at C:\Program Files\dotnet\sdk\10.0.103\Sdks\Microsoft.NET.Sdk\targets\Microsoft.NET.Sdk.BeforeCommon.targets (295,7) [c:\Apps\TicketConsolidator\src\TicketConsolidator.Domain\TicketConsolidator.Domain.csproj]
  7:10>Done building target "AddImplicitDefineConstants" in project "TicketConsolidator.Domain.csproj".
  7:10>Target "GenerateGlobalUsings" in file "C:\Program Files\dotnet\sdk\10.0.103\Sdks\Microsoft.NET.Sdk\targets\Microsoft.NET.GenerateGlobalUsings.targets" from project "c:\Apps\TicketConsolidator\src\TicketConsolidator.Domain\TicketConsolidator.Domain.csproj" (target "CoreBuild" depends on it):
       Using "GenerateGlobalUsings" task from assembly "C:\Program Files\dotnet\sdk\10.0.103\Sdks\Microsoft.NET.Sdk\targets\..\tools\net10.0\Microsoft.NET.Build.Tasks.dll".
       Task "GenerateGlobalUsings"
       Done executing task "GenerateGlobalUsings".
       Using "WriteLinesToFile" task from assembly "Microsoft.Build.Tasks.Core, Version=15.1.0.0, Culture=neutral, PublicKeyToken=b03f5f7f11d50a3a".
       Task "WriteLinesToFile"
         Skipping write to file "obj\Debug\net10.0\TicketConsolidator.Domain.GlobalUsings.g.cs" because content would not change.
       Done executing task "WriteLinesToFile".
  7:10>Done building target "GenerateGlobalUsings" in project "TicketConsolidator.Domain.csproj".
  7:10>Target "BeforeResolveReferences" in file "C:\Program Files\dotnet\sdk\10.0.103\Microsoft.Common.CurrentVersion.targets" from project "c:\Apps\TicketConsolidator\src\TicketConsolidator.Domain\TicketConsolidator.Domain.csproj" (target "ResolveReferences" depends on it):
  7:10>Done building target "BeforeResolveReferences" in project "TicketConsolidator.Domain.csproj".
  7:10>Target "IgnoreJavaScriptOutputAssembly" in file "C:\Program Files\dotnet\sdk\10.0.103\Microsoft.Common.CurrentVersion.targets" from project "c:\Apps\TicketConsolidator\src\TicketConsolidator.Domain\TicketConsolidator.Domain.csproj" (target "AssignProjectConfiguration" depends on it):
  7:10>Done building target "IgnoreJavaScriptOutputAssembly" in project "TicketConsolidator.Domain.csproj".
       Target "ProcessFrameworkReferences" skipped. Previously built successfully.
  7:10>Target "_DefaultMicrosoftNETPlatformLibrary" in file "C:\Program Files\dotnet\sdk\10.0.103\Sdks\Microsoft.NET.Sdk\targets\Microsoft.NET.Sdk.Shared.targets" from project "c:\Apps\TicketConsolidator\src\TicketConsolidator.Domain\TicketConsolidator.Domain.csproj" (target "ResolvePackageAssets" depends on it):
  7:10>Done building target "_DefaultMicrosoftNETPlatformLibrary" in project "TicketConsolidator.Domain.csproj".
  7:10>Target "_ComputePackageReferencePublish" in file "C:\Program Files\dotnet\sdk\10.0.103\Sdks\Microsoft.NET.Sdk\targets\Microsoft.NET.Sdk.Shared.targets" from project "c:\Apps\TicketConsolidator\src\TicketConsolidator.Domain\TicketConsolidator.Domain.csproj" (target "ResolvePackageAssets" depends on it):
  7:10>Done building target "_ComputePackageReferencePublish" in project "TicketConsolidator.Domain.csproj".
  7:10>Target "ResolvePackageAssets" in file "C:\Program Files\dotnet\sdk\10.0.103\Sdks\Microsoft.NET.Sdk\targets\Microsoft.PackageDependencyResolution.targets" from project "c:\Apps\TicketConsolidator\src\TicketConsolidator.Domain\TicketConsolidator.Domain.csproj" (target "ResolveLockFileReferences" depends on it):
       Using "ResolvePackageAssets" task from assembly "C:\Program Files\dotnet\sdk\10.0.103\Sdks\Microsoft.NET.Sdk\targets\..\tools\net10.0\Microsoft.NET.Build.Tasks.dll".
       Task "ResolvePackageAssets"
       Done executing task "ResolvePackageAssets".
  7:10>Done building target "ResolvePackageAssets" in project "TicketConsolidator.Domain.csproj".
  7:10>Target "ResolveLockFileReferences" in file "C:\Program Files\dotnet\sdk\10.0.103\Sdks\Microsoft.NET.Sdk\targets\Microsoft.PackageDependencyResolution.targets" from project "c:\Apps\TicketConsolidator\src\TicketConsolidator.Domain\TicketConsolidator.Domain.csproj" (target "ResolvePackageDependenciesForBuild" depends on it):
       Using "JoinItems" task from assembly "C:\Program Files\dotnet\sdk\10.0.103\Sdks\Microsoft.NET.Sdk\targets\..\tools\net10.0\Microsoft.NET.Build.Tasks.dll".
       Task "JoinItems"
       Done executing task "JoinItems".
  7:10>Done building target "ResolveLockFileReferences" in project "TicketConsolidator.Domain.csproj".
       Target "ResolvePackageAssets" skipped. Previously built successfully.
  7:10>Target "ResolveLockFileAnalyzers" in file "C:\Program Files\dotnet\sdk\10.0.103\Sdks\Microsoft.NET.Sdk\targets\Microsoft.PackageDependencyResolution.targets" from project "c:\Apps\TicketConsolidator\src\TicketConsolidator.Domain\TicketConsolidator.Domain.csproj" (target "ResolvePackageDependenciesForBuild" depends on it):
  7:10>Done building target "ResolveLockFileAnalyzers" in project "TicketConsolidator.Domain.csproj".
       Target "ResolvePackageAssets" skipped. Previously built successfully.
  7:10>Target "ResolveLockFileCopyLocalFiles" in file "C:\Program Files\dotnet\sdk\10.0.103\Sdks\Microsoft.NET.Sdk\targets\Microsoft.PackageDependencyResolution.targets" from project "c:\Apps\TicketConsolidator\src\TicketConsolidator.Domain\TicketConsolidator.Domain.csproj" (target "ResolvePackageDependenciesForBuild" depends on it):
  7:10>Done building target "ResolveLockFileCopyLocalFiles" in project "TicketConsolidator.Domain.csproj".
       Target "ResolvePackageAssets" skipped. Previously built successfully.
  7:10>Target "IncludeTransitiveProjectReferences" in file "C:\Program Files\dotnet\sdk\10.0.103\Sdks\Microsoft.NET.Sdk\targets\Microsoft.PackageDependencyResolution.targets" from project "c:\Apps\TicketConsolidator\src\TicketConsolidator.Domain\TicketConsolidator.Domain.csproj" (target "ResolvePackageDependenciesForBuild" depends on it):
  7:10>Done building target "IncludeTransitiveProjectReferences" in project "TicketConsolidator.Domain.csproj".
  7:10>Target "ResolvePackageDependenciesForBuild" in file "C:\Program Files\dotnet\sdk\10.0.103\Sdks\Microsoft.NET.Sdk\targets\Microsoft.PackageDependencyResolution.targets" from project "c:\Apps\TicketConsolidator\src\TicketConsolidator.Domain\TicketConsolidator.Domain.csproj" (target "AssignProjectConfiguration" depends on it):
  7:10>Done building target "ResolvePackageDependenciesForBuild" in project "TicketConsolidator.Domain.csproj".
  7:10>Target "AssignProjectConfiguration" in file "C:\Program Files\dotnet\sdk\10.0.103\Microsoft.Common.CurrentVersion.targets" from project "c:\Apps\TicketConsolidator\src\TicketConsolidator.Domain\TicketConsolidator.Domain.csproj" (target "ResolveReferences" depends on it):
       Using "AssignProjectConfiguration" task from assembly "Microsoft.Build.Tasks.Core, Version=15.1.0.0, Culture=neutral, PublicKeyToken=b03f5f7f11d50a3a".
       Task "AssignProjectConfiguration"
       Done executing task "AssignProjectConfiguration".
  7:10>Done building target "AssignProjectConfiguration" in project "TicketConsolidator.Domain.csproj".
       Target "AssignProjectConfiguration" skipped. Previously built successfully.
  7:10>Target "_SplitProjectReferencesByFileExistence" in file "C:\Program Files\dotnet\sdk\10.0.103\Microsoft.Common.CurrentVersion.targets" from project "c:\Apps\TicketConsolidator\src\TicketConsolidator.Domain\TicketConsolidator.Domain.csproj" (target "PrepareProjectReferences" depends on it):
  7:10>Done building target "_SplitProjectReferencesByFileExistence" in project "TicketConsolidator.Domain.csproj".
  7:10>Target "_AddOutputPathToGlobalPropertiesToRemove" in file "C:\Program Files\dotnet\sdk\10.0.103\Microsoft.Common.CurrentVersion.targets" from project "c:\Apps\TicketConsolidator\src\TicketConsolidator.Domain\TicketConsolidator.Domain.csproj" (target "_GetProjectReferenceTargetFrameworkProperties" depends on it):
  7:10>Done building target "_AddOutputPathToGlobalPropertiesToRemove" in project "TicketConsolidator.Domain.csproj".
  7:10>Target "_GetProjectReferenceTargetFrameworkProperties" in file "C:\Program Files\dotnet\sdk\10.0.103\Microsoft.Common.CurrentVersion.targets" from project "c:\Apps\TicketConsolidator\src\TicketConsolidator.Domain\TicketConsolidator.Domain.csproj" (target "PrepareProjectReferences" depends on it):
       Task "MSBuild"
       Done executing task "MSBuild".
       Using "SetRidAgnosticValueForProjects" task from assembly "Microsoft.Build.Tasks.Core, Version=15.1.0.0, Culture=neutral, PublicKeyToken=b03f5f7f11d50a3a".
       Task "SetRidAgnosticValueForProjects"
       Done executing task "SetRidAgnosticValueForProjects".
  7:10>Done building target "_GetProjectReferenceTargetFrameworkProperties" in project "TicketConsolidator.Domain.csproj".
  7:10>Target "_CalculateIsVSTestTestProject" in file "C:\Program Files\dotnet\sdk\10.0.103\Sdks\Microsoft.NET.Sdk\targets\Microsoft.NET.Sdk.targets" from project "c:\Apps\TicketConsolidator\src\TicketConsolidator.Domain\TicketConsolidator.Domain.csproj" (target "ValidateExecutableReferences" depends on it):
  7:10>Done building target "_CalculateIsVSTestTestProject" in project "TicketConsolidator.Domain.csproj".
  7:10>Target "ValidateExecutableReferences" in file "C:\Program Files\dotnet\sdk\10.0.103\Sdks\Microsoft.NET.Sdk\targets\Microsoft.NET.Sdk.targets" from project "c:\Apps\TicketConsolidator\src\TicketConsolidator.Domain\TicketConsolidator.Domain.csproj" (target "PrepareProjectReferences" depends on it):
       Using "ValidateExecutableReferences" task from assembly "C:\Program Files\dotnet\sdk\10.0.103\Sdks\Microsoft.NET.Sdk\targets\..\tools\net10.0\Microsoft.NET.Build.Tasks.dll".
       Task "ValidateExecutableReferences"
       Done executing task "ValidateExecutableReferences".
  7:10>Done building target "ValidateExecutableReferences" in project "TicketConsolidator.Domain.csproj".
  7:10>Target "PrepareProjectReferences" in file "C:\Program Files\dotnet\sdk\10.0.103\Microsoft.Common.CurrentVersion.targets" from project "c:\Apps\TicketConsolidator\src\TicketConsolidator.Domain\TicketConsolidator.Domain.csproj" (target "ResolveProjectReferences" depends on it):
  7:10>Done building target "PrepareProjectReferences" in project "TicketConsolidator.Domain.csproj".
  7:10>Target "ResolveProjectReferences" in file "C:\Program Files\dotnet\sdk\10.0.103\Microsoft.Common.CurrentVersion.targets" from project "c:\Apps\TicketConsolidator\src\TicketConsolidator.Domain\TicketConsolidator.Domain.csproj" (target "ResolveReferences" depends on it):
  7:10>Done building target "ResolveProjectReferences" in project "TicketConsolidator.Domain.csproj".
       Target "ResolveProjectReferences" skipped. Previously built successfully.
       Target "GetFrameworkPaths" skipped. Previously built successfully.
       Target "GetReferenceAssemblyPaths" skipped. Previously built successfully.
       Target "PrepareForBuild" skipped. Previously built successfully.
  7:10>Target "ResolveSDKReferences" in file "C:\Program Files\dotnet\sdk\10.0.103\Microsoft.Common.CurrentVersion.targets" from project "c:\Apps\TicketConsolidator\src\TicketConsolidator.Domain\TicketConsolidator.Domain.csproj" (target "ResolveAssemblyReferences" depends on it):
  7:10>Done building target "ResolveSDKReferences" in project "TicketConsolidator.Domain.csproj".
       Target "ResolveSDKReferences" skipped. Previously built successfully.
  7:10>Target "ExpandSDKReferences" in file "C:\Program Files\dotnet\sdk\10.0.103\Microsoft.Common.CurrentVersion.targets" from project "c:\Apps\TicketConsolidator\src\TicketConsolidator.Domain\TicketConsolidator.Domain.csproj" (target "ResolveAssemblyReferences" depends on it):
  7:10>Done building target "ExpandSDKReferences" in project "TicketConsolidator.Domain.csproj".
       Target "ResolvePackageDependenciesForBuild" skipped. Previously built successfully.
       Target "GetFrameworkPaths" skipped. Previously built successfully.
       Target "GetReferenceAssemblyPaths" skipped. Previously built successfully.
       Target "ProcessFrameworkReferences" skipped. Previously built successfully.
       Target "ResolvePackageAssets" skipped. Previously built successfully.
  7:10>Target "ResolveFrameworkReferences" in file "C:\Program Files\dotnet\sdk\10.0.103\Sdks\Microsoft.NET.Sdk\targets\Microsoft.NET.Sdk.FrameworkReferenceResolution.targets" from project "c:\Apps\TicketConsolidator\src\TicketConsolidator.Domain\TicketConsolidator.Domain.csproj" (target "ResolveTargetingPackAssets" depends on it):
       Using "GetPackageDirectory" task from assembly "C:\Program Files\dotnet\sdk\10.0.103\Sdks\Microsoft.NET.Sdk\targets\..\tools\net10.0\Microsoft.NET.Build.Tasks.dll".
       Task "GetPackageDirectory"
       Done executing task "GetPackageDirectory".
       Task "GetPackageDirectory"
       Done executing task "GetPackageDirectory".
       Task "GetPackageDirectory"
       Done executing task "GetPackageDirectory".
       Task "GetPackageDirectory"
       Done executing task "GetPackageDirectory".
       Task "GetPackageDirectory"
       Done executing task "GetPackageDirectory".
       Task "GetPackageDirectory"
       Done executing task "GetPackageDirectory".
       Task "GetPackageDirectory"
       Done executing task "GetPackageDirectory".
       Task "GetPackageDirectory"
       Done executing task "GetPackageDirectory".
       Task "GetPackageDirectory"
       Done executing task "GetPackageDirectory".
       Task "GetPackageDirectory"
       Done executing task "GetPackageDirectory".
       Using "ResolveFrameworkReferences" task from assembly "C:\Program Files\dotnet\sdk\10.0.103\Sdks\Microsoft.NET.Sdk\targets\..\tools\net10.0\Microsoft.NET.Build.Tasks.dll".
       Task "ResolveFrameworkReferences"
       Done executing task "ResolveFrameworkReferences".
  7:10>Done building target "ResolveFrameworkReferences" in project "TicketConsolidator.Domain.csproj".
  7:10>Target "ResolveTargetingPackAssets" in file "C:\Program Files\dotnet\sdk\10.0.103\Sdks\Microsoft.NET.Sdk\targets\Microsoft.NET.Sdk.FrameworkReferenceResolution.targets" from project "c:\Apps\TicketConsolidator\src\TicketConsolidator.Domain\TicketConsolidator.Domain.csproj" (target "_HandlePackageFileConflicts" depends on it):
       Using "ResolveTargetingPackAssets" task from assembly "C:\Program Files\dotnet\sdk\10.0.103\Sdks\Microsoft.NET.Sdk\targets\..\tools\net10.0\Microsoft.NET.Build.Tasks.dll".
       Task "ResolveTargetingPackAssets"
       Done executing task "ResolveTargetingPackAssets".
  7:10>Done building target "ResolveTargetingPackAssets" in project "TicketConsolidator.Domain.csproj".
  7:10>Target "ResolveOffByDefaultAnalyzers" in file "C:\Program Files\dotnet\sdk\10.0.103\Sdks\Microsoft.NET.Sdk\targets\Microsoft.NET.Sdk.FrameworkReferenceResolution.targets" from project "c:\Apps\TicketConsolidator\src\TicketConsolidator.Domain\TicketConsolidator.Domain.csproj" (target "_HandlePackageFileConflicts" depends on it):
  7:10>Done building target "ResolveOffByDefaultAnalyzers" in project "TicketConsolidator.Domain.csproj".
  7:10>Target "_HandlePackageFileConflicts" in file "C:\Program Files\dotnet\sdk\10.0.103\Sdks\Microsoft.NET.Sdk\targets\Microsoft.NET.ConflictResolution.targets" from project "c:\Apps\TicketConsolidator\src\TicketConsolidator.Domain\TicketConsolidator.Domain.csproj" (target "ResolveAssemblyReferences" depends on it):
       Using "ResolvePackageFileConflicts" task from assembly "C:\Program Files\dotnet\sdk\10.0.103\Sdks\Microsoft.NET.Sdk\targets\..\tools\net10.0\Microsoft.NET.Build.Tasks.dll".
       Task "ResolvePackageFileConflicts"
         Encountered conflict between 'Platform:mscorlib.dll' and 'Platform:mscorlib.dll'. Could not determine winner due to equal file and assembly versions.
         Encountered conflict between 'Platform:Microsoft.VisualBasic.dll' and 'Platform:Microsoft.VisualBasic.dll'. Could not determine winner due to equal file and assembly versions.
         Encountered conflict between 'Platform:System.dll' and 'Platform:System.dll'. Could not determine winner due to equal file and assembly versions.
         Encountered conflict between 'Platform:System.ComponentModel.DataAnnotations.dll' and 'Platform:System.ComponentModel.DataAnnotations.dll'. Could not determine winner due to equal file and assembly versions.
         Encountered conflict between 'Platform:System.Configuration.dll' and 'Platform:System.Configuration.dll'. Could not determine winner due to equal file and assembly versions.
         Encountered conflict between 'Platform:System.Core.dll' and 'Platform:System.Core.dll'. Could not determine winner due to equal file and assembly versions.
         Encountered conflict between 'Platform:System.Data.dll' and 'Platform:System.Data.dll'. Could not determine winner due to equal file and assembly versions.
         Encountered conflict between 'Platform:System.Drawing.dll' and 'Platform:System.Drawing.dll'. Could not determine winner due to equal file and assembly versions.
         Encountered conflict between 'Platform:System.IO.Compression.FileSystem.dll' and 'Platform:System.IO.Compression.FileSystem.dll'. Could not determine winner due to equal file and assembly versions.
         Encountered conflict between 'Platform:System.Net.dll' and 'Platform:System.Net.dll'. Could not determine winner due to equal file and assembly versions.
         Encountered conflict between 'Platform:System.Numerics.dll' and 'Platform:System.Numerics.dll'. Could not determine winner due to equal file and assembly versions.
         Encountered conflict between 'Platform:System.Runtime.Serialization.dll' and 'Platform:System.Runtime.Serialization.dll'. Could not determine winner due to equal file and assembly versions.
         Encountered conflict between 'Platform:System.Security.dll' and 'Platform:System.Security.dll'. Could not determine winner due to equal file and assembly versions.
         Encountered conflict between 'Platform:System.ServiceProcess.dll' and 'Platform:System.ServiceProcess.dll'. Could not determine winner due to equal file and assembly versions.
         Encountered conflict between 'Platform:System.ServiceModel.Web.dll' and 'Platform:System.ServiceModel.Web.dll'. Could not determine winner due to equal file and assembly versions.
         Encountered conflict between 'Platform:System.Transactions.dll' and 'Platform:System.Transactions.dll'. Could not determine winner due to equal file and assembly versions.
         Encountered conflict between 'Platform:System.Web.dll' and 'Platform:System.Web.dll'. Could not determine winner due to equal file and assembly versions.
         Encountered conflict between 'Platform:System.Windows.dll' and 'Platform:System.Windows.dll'. Could not determine winner due to equal file and assembly versions.
         Encountered conflict between 'Platform:System.Xml.dll' and 'Platform:System.Xml.dll'. Could not determine winner due to equal file and assembly versions.
         Encountered conflict between 'Platform:System.Xml.Serialization.dll' and 'Platform:System.Xml.Serialization.dll'. Could not determine winner due to equal file and assembly versions.
         Encountered conflict between 'Platform:System.Xml.Linq.dll' and 'Platform:System.Xml.Linq.dll'. Could not determine winner due to equal file and assembly versions.
         Encountered conflict between 'Platform:WindowsBase.dll' and 'Platform:WindowsBase.dll'. Could not determine winner due to equal file and assembly versions.
         Encountered conflict between 'Platform:netstandard.dll' and 'Platform:netstandard.dll'. Could not determine winner due to equal file and assembly versions.
         Encountered conflict between 'Platform:System.Private.CoreLib.dll' and 'Platform:System.Private.CoreLib.dll'. Could not determine winner due to equal file and assembly versions.
         Encountered conflict between 'Platform:System.Private.DataContractSerialization.dll' and 'Platform:System.Private.DataContractSerialization.dll'. Could not determine winner due to equal file and assembly versions.
         Encountered conflict between 'Platform:System.Private.Uri.dll' and 'Platform:System.Private.Uri.dll'. Could not determine winner due to equal file and assembly versions.
         Encountered conflict between 'Platform:System.Private.Xml.dll' and 'Platform:System.Private.Xml.dll'. Could not determine winner due to equal file and assembly versions.
         Encountered conflict between 'Platform:System.Private.Xml.Linq.dll' and 'Platform:System.Private.Xml.Linq.dll'. Could not determine winner due to equal file and assembly versions.
         Encountered conflict between 'Platform:mscordaccore_amd64_amd64_10.0.326.7603.dll' and 'Platform:mscordaccore_amd64_amd64_10.0.326.7603.dll'. Could not determine winner due to equal file and assembly versions.
       Done executing task "ResolvePackageFileConflicts".
  7:10>Done building target "_HandlePackageFileConflicts" in project "TicketConsolidator.Domain.csproj".
       Target "ResolveTargetingPackAssets" skipped. Previously built successfully.
  7:10>Target "ResolveAssemblyReferences" in file "C:\Program Files\dotnet\sdk\10.0.103\Microsoft.Common.CurrentVersion.targets" from project "c:\Apps\TicketConsolidator\src\TicketConsolidator.Domain\TicketConsolidator.Domain.csproj" (target "ResolveReferences" depends on it):
       Using "ResolveAssemblyReference" task from assembly "Microsoft.Build.Tasks.Core, Version=15.1.0.0, Culture=neutral, PublicKeyToken=b03f5f7f11d50a3a".
       Task "ResolveAssemblyReference"
         TargetFrameworkMoniker:
             .NETCoreApp,Version=v10.0
         TargetFrameworkMonikerDisplayName:
             .NET 10.0
         TargetedRuntimeVersion:
             
         Assemblies:
             C:\Program Files\dotnet\packs\Microsoft.NETCore.App.Ref\10.0.3\ref/net10.0/Microsoft.CSharp.dll
                 Private = 'false'
             C:\Program Files\dotnet\packs\Microsoft.NETCore.App.Ref\10.0.3\ref/net10.0/Microsoft.VisualBasic.Core.dll
                 Private = 'false'
             C:\Program Files\dotnet\packs\Microsoft.NETCore.App.Ref\10.0.3\ref/net10.0/Microsoft.VisualBasic.dll
                 Private = 'false'
             C:\Program Files\dotnet\packs\Microsoft.NETCore.App.Ref\10.0.3\ref/net10.0/Microsoft.Win32.Primitives.dll
                 Private = 'false'
             C:\Program Files\dotnet\packs\Microsoft.NETCore.App.Ref\10.0.3\ref/net10.0/Microsoft.Win32.Registry.dll
                 Private = 'false'
             C:\Program Files\dotnet\packs\Microsoft.NETCore.App.Ref\10.0.3\ref/net10.0/System.AppContext.dll
                 Private = 'false'
             C:\Program Files\dotnet\packs\Microsoft.NETCore.App.Ref\10.0.3\ref/net10.0/System.Buffers.dll
                 Private = 'false'
             C:\Program Files\dotnet\packs\Microsoft.NETCore.App.Ref\10.0.3\ref/net10.0/System.Collections.Concurrent.dll
                 Private = 'false'
             C:\Program Files\dotnet\packs\Microsoft.NETCore.App.Ref\10.0.3\ref/net10.0/System.Collections.Immutable.dll
                 Private = 'false'
             C:\Program Files\dotnet\packs\Microsoft.NETCore.App.Ref\10.0.3\ref/net10.0/System.Collections.NonGeneric.dll
                 Private = 'false'
             C:\Program Files\dotnet\packs\Microsoft.NETCore.App.Ref\10.0.3\ref/net10.0/System.Collections.Specialized.dll
                 Private = 'false'
             C:\Program Files\dotnet\packs\Microsoft.NETCore.App.Ref\10.0.3\ref/net10.0/System.Collections.dll
                 Private = 'false'
             C:\Program Files\dotnet\packs\Microsoft.NETCore.App.Ref\10.0.3\ref/net10.0/System.ComponentModel.Annotations.dll
                 Private = 'false'
             C:\Program Files\dotnet\packs\Microsoft.NETCore.App.Ref\10.0.3\ref/net10.0/System.ComponentModel.DataAnnotations.dll
                 Private = 'false'
             C:\Program Files\dotnet\packs\Microsoft.NETCore.App.Ref\10.0.3\ref/net10.0/System.ComponentModel.EventBasedAsync.dll
                 Private = 'false'
             C:\Program Files\dotnet\packs\Microsoft.NETCore.App.Ref\10.0.3\ref/net10.0/System.ComponentModel.Primitives.dll
                 Private = 'false'
             C:\Program Files\dotnet\packs\Microsoft.NETCore.App.Ref\10.0.3\ref/net10.0/System.ComponentModel.TypeConverter.dll
                 Private = 'false'
             C:\Program Files\dotnet\packs\Microsoft.NETCore.App.Ref\10.0.3\ref/net10.0/System.ComponentModel.dll
                 Private = 'false'
             C:\Program Files\dotnet\packs\Microsoft.NETCore.App.Ref\10.0.3\ref/net10.0/System.Configuration.dll
                 Private = 'false'
             C:\Program Files\dotnet\packs\Microsoft.NETCore.App.Ref\10.0.3\ref/net10.0/System.Console.dll
                 Private = 'false'
             C:\Program Files\dotnet\packs\Microsoft.NETCore.App.Ref\10.0.3\ref/net10.0/System.Core.dll
                 Private = 'false'
             C:\Program Files\dotnet\packs\Microsoft.NETCore.App.Ref\10.0.3\ref/net10.0/System.Data.Common.dll
                 Private = 'false'
             C:\Program Files\dotnet\packs\Microsoft.NETCore.App.Ref\10.0.3\ref/net10.0/System.Data.DataSetExtensions.dll
                 Private = 'false'
             C:\Program Files\dotnet\packs\Microsoft.NETCore.App.Ref\10.0.3\ref/net10.0/System.Data.dll
                 Private = 'false'
             C:\Program Files\dotnet\packs\Microsoft.NETCore.App.Ref\10.0.3\ref/net10.0/System.Diagnostics.Contracts.dll
                 Private = 'false'
             C:\Program Files\dotnet\packs\Microsoft.NETCore.App.Ref\10.0.3\ref/net10.0/System.Diagnostics.Debug.dll
                 Private = 'false'
             C:\Program Files\dotnet\packs\Microsoft.NETCore.App.Ref\10.0.3\ref/net10.0/System.Diagnostics.DiagnosticSource.dll
                 Private = 'false'
             C:\Program Files\dotnet\packs\Microsoft.NETCore.App.Ref\10.0.3\ref/net10.0/System.Diagnostics.FileVersionInfo.dll
                 Private = 'false'
             C:\Program Files\dotnet\packs\Microsoft.NETCore.App.Ref\10.0.3\ref/net10.0/System.Diagnostics.Process.dll
                 Private = 'false'
             C:\Program Files\dotnet\packs\Microsoft.NETCore.App.Ref\10.0.3\ref/net10.0/System.Diagnostics.StackTrace.dll
                 Private = 'false'
             C:\Program Files\dotnet\packs\Microsoft.NETCore.App.Ref\10.0.3\ref/net10.0/System.Diagnostics.TextWriterTraceListener.dll
                 Private = 'false'
             C:\Program Files\dotnet\packs\Microsoft.NETCore.App.Ref\10.0.3\ref/net10.0/System.Diagnostics.Tools.dll
                 Private = 'false'
             C:\Program Files\dotnet\packs\Microsoft.NETCore.App.Ref\10.0.3\ref/net10.0/System.Diagnostics.TraceSource.dll
                 Private = 'false'
             C:\Program Files\dotnet\packs\Microsoft.NETCore.App.Ref\10.0.3\ref/net10.0/System.Diagnostics.Tracing.dll
                 Private = 'false'
             C:\Program Files\dotnet\packs\Microsoft.NETCore.App.Ref\10.0.3\ref/net10.0/System.Drawing.Primitives.dll
                 Private = 'false'
             C:\Program Files\dotnet\packs\Microsoft.NETCore.App.Ref\10.0.3\ref/net10.0/System.Drawing.dll
                 Private = 'false'
             C:\Program Files\dotnet\packs\Microsoft.NETCore.App.Ref\10.0.3\ref/net10.0/System.Dynamic.Runtime.dll
                 Private = 'false'
             C:\Program Files\dotnet\packs\Microsoft.NETCore.App.Ref\10.0.3\ref/net10.0/System.Formats.Asn1.dll
                 Private = 'false'
             C:\Program Files\dotnet\packs\Microsoft.NETCore.App.Ref\10.0.3\ref/net10.0/System.Formats.Tar.dll
                 Private = 'false'
             C:\Program Files\dotnet\packs\Microsoft.NETCore.App.Ref\10.0.3\ref/net10.0/System.Globalization.Calendars.dll
                 Private = 'false'
             C:\Program Files\dotnet\packs\Microsoft.NETCore.App.Ref\10.0.3\ref/net10.0/System.Globalization.Extensions.dll
                 Private = 'false'
             C:\Program Files\dotnet\packs\Microsoft.NETCore.App.Ref\10.0.3\ref/net10.0/System.Globalization.dll
                 Private = 'false'
             C:\Program Files\dotnet\packs\Microsoft.NETCore.App.Ref\10.0.3\ref/net10.0/System.IO.Compression.Brotli.dll
                 Private = 'false'
             C:\Program Files\dotnet\packs\Microsoft.NETCore.App.Ref\10.0.3\ref/net10.0/System.IO.Compression.FileSystem.dll
                 Private = 'false'
             C:\Program Files\dotnet\packs\Microsoft.NETCore.App.Ref\10.0.3\ref/net10.0/System.IO.Compression.ZipFile.dll
                 Private = 'false'
             C:\Program Files\dotnet\packs\Microsoft.NETCore.App.Ref\10.0.3\ref/net10.0/System.IO.Compression.dll
                 Private = 'false'
             C:\Program Files\dotnet\packs\Microsoft.NETCore.App.Ref\10.0.3\ref/net10.0/System.IO.FileSystem.AccessControl.dll
                 Private = 'false'
             C:\Program Files\dotnet\packs\Microsoft.NETCore.App.Ref\10.0.3\ref/net10.0/System.IO.FileSystem.DriveInfo.dll
                 Private = 'false'
             C:\Program Files\dotnet\packs\Microsoft.NETCore.App.Ref\10.0.3\ref/net10.0/System.IO.FileSystem.Primitives.dll
                 Private = 'false'
             C:\Program Files\dotnet\packs\Microsoft.NETCore.App.Ref\10.0.3\ref/net10.0/System.IO.FileSystem.Watcher.dll
                 Private = 'false'
             C:\Program Files\dotnet\packs\Microsoft.NETCore.App.Ref\10.0.3\ref/net10.0/System.IO.FileSystem.dll
                 Private = 'false'
             C:\Program Files\dotnet\packs\Microsoft.NETCore.App.Ref\10.0.3\ref/net10.0/System.IO.IsolatedStorage.dll
                 Private = 'false'
             C:\Program Files\dotnet\packs\Microsoft.NETCore.App.Ref\10.0.3\ref/net10.0/System.IO.MemoryMappedFiles.dll
                 Private = 'false'
             C:\Program Files\dotnet\packs\Microsoft.NETCore.App.Ref\10.0.3\ref/net10.0/System.IO.Pipelines.dll
                 Private = 'false'
             C:\Program Files\dotnet\packs\Microsoft.NETCore.App.Ref\10.0.3\ref/net10.0/System.IO.Pipes.AccessControl.dll
                 Private = 'false'
             C:\Program Files\dotnet\packs\Microsoft.NETCore.App.Ref\10.0.3\ref/net10.0/System.IO.Pipes.dll
                 Private = 'false'
             C:\Program Files\dotnet\packs\Microsoft.NETCore.App.Ref\10.0.3\ref/net10.0/System.IO.UnmanagedMemoryStream.dll
                 Private = 'false'
             C:\Program Files\dotnet\packs\Microsoft.NETCore.App.Ref\10.0.3\ref/net10.0/System.IO.dll
                 Private = 'false'
             C:\Program Files\dotnet\packs\Microsoft.NETCore.App.Ref\10.0.3\ref/net10.0/System.Linq.AsyncEnumerable.dll
                 Private = 'false'
             C:\Program Files\dotnet\packs\Microsoft.NETCore.App.Ref\10.0.3\ref/net10.0/System.Linq.Expressions.dll
                 Private = 'false'
             C:\Program Files\dotnet\packs\Microsoft.NETCore.App.Ref\10.0.3\ref/net10.0/System.Linq.Parallel.dll
                 Private = 'false'
             C:\Program Files\dotnet\packs\Microsoft.NETCore.App.Ref\10.0.3\ref/net10.0/System.Linq.Queryable.dll
                 Private = 'false'
             C:\Program Files\dotnet\packs\Microsoft.NETCore.App.Ref\10.0.3\ref/net10.0/System.Linq.dll
                 Private = 'false'
             C:\Program Files\dotnet\packs\Microsoft.NETCore.App.Ref\10.0.3\ref/net10.0/System.Memory.dll
                 Private = 'false'
             C:\Program Files\dotnet\packs\Microsoft.NETCore.App.Ref\10.0.3\ref/net10.0/System.Net.Http.Json.dll
                 Private = 'false'
             C:\Program Files\dotnet\packs\Microsoft.NETCore.App.Ref\10.0.3\ref/net10.0/System.Net.Http.dll
                 Private = 'false'
             C:\Program Files\dotnet\packs\Microsoft.NETCore.App.Ref\10.0.3\ref/net10.0/System.Net.HttpListener.dll
                 Private = 'false'
             C:\Program Files\dotnet\packs\Microsoft.NETCore.App.Ref\10.0.3\ref/net10.0/System.Net.Mail.dll
                 Private = 'false'
             C:\Program Files\dotnet\packs\Microsoft.NETCore.App.Ref\10.0.3\ref/net10.0/System.Net.NameResolution.dll
                 Private = 'false'
             C:\Program Files\dotnet\packs\Microsoft.NETCore.App.Ref\10.0.3\ref/net10.0/System.Net.NetworkInformation.dll
                 Private = 'false'
             C:\Program Files\dotnet\packs\Microsoft.NETCore.App.Ref\10.0.3\ref/net10.0/System.Net.Ping.dll
                 Private = 'false'
             C:\Program Files\dotnet\packs\Microsoft.NETCore.App.Ref\10.0.3\ref/net10.0/System.Net.Primitives.dll
                 Private = 'false'
             C:\Program Files\dotnet\packs\Microsoft.NETCore.App.Ref\10.0.3\ref/net10.0/System.Net.Quic.dll
                 Private = 'false'
             C:\Program Files\dotnet\packs\Microsoft.NETCore.App.Ref\10.0.3\ref/net10.0/System.Net.Requests.dll
                 Private = 'false'
             C:\Program Files\dotnet\packs\Microsoft.NETCore.App.Ref\10.0.3\ref/net10.0/System.Net.Security.dll
                 Private = 'false'
             C:\Program Files\dotnet\packs\Microsoft.NETCore.App.Ref\10.0.3\ref/net10.0/System.Net.ServerSentEvents.dll
                 Private = 'false'
             C:\Program Files\dotnet\packs\Microsoft.NETCore.App.Ref\10.0.3\ref/net10.0/System.Net.ServicePoint.dll
                 Private = 'false'
             C:\Program Files\dotnet\packs\Microsoft.NETCore.App.Ref\10.0.3\ref/net10.0/System.Net.Sockets.dll
                 Private = 'false'
             C:\Program Files\dotnet\packs\Microsoft.NETCore.App.Ref\10.0.3\ref/net10.0/System.Net.WebClient.dll
                 Private = 'false'
             C:\Program Files\dotnet\packs\Microsoft.NETCore.App.Ref\10.0.3\ref/net10.0/System.Net.WebHeaderCollection.dll
                 Private = 'false'
             C:\Program Files\dotnet\packs\Microsoft.NETCore.App.Ref\10.0.3\ref/net10.0/System.Net.WebProxy.dll
                 Private = 'false'
             C:\Program Files\dotnet\packs\Microsoft.NETCore.App.Ref\10.0.3\ref/net10.0/System.Net.WebSockets.Client.dll
                 Private = 'false'
             C:\Program Files\dotnet\packs\Microsoft.NETCore.App.Ref\10.0.3\ref/net10.0/System.Net.WebSockets.dll
                 Private = 'false'
             C:\Program Files\dotnet\packs\Microsoft.NETCore.App.Ref\10.0.3\ref/net10.0/System.Net.dll
                 Private = 'false'
             C:\Program Files\dotnet\packs\Microsoft.NETCore.App.Ref\10.0.3\ref/net10.0/System.Numerics.Vectors.dll
                 Private = 'false'
             C:\Program Files\dotnet\packs\Microsoft.NETCore.App.Ref\10.0.3\ref/net10.0/System.Numerics.dll
                 Private = 'false'
             C:\Program Files\dotnet\packs\Microsoft.NETCore.App.Ref\10.0.3\ref/net10.0/System.ObjectModel.dll
                 Private = 'false'
             C:\Program Files\dotnet\packs\Microsoft.NETCore.App.Ref\10.0.3\ref/net10.0/System.Reflection.DispatchProxy.dll
                 Private = 'false'
             C:\Program Files\dotnet\packs\Microsoft.NETCore.App.Ref\10.0.3\ref/net10.0/System.Reflection.Emit.ILGeneration.dll
                 Private = 'false'
             C:\Program Files\dotnet\packs\Microsoft.NETCore.App.Ref\10.0.3\ref/net10.0/System.Reflection.Emit.Lightweight.dll
                 Private = 'false'
             C:\Program Files\dotnet\packs\Microsoft.NETCore.App.Ref\10.0.3\ref/net10.0/System.Reflection.Emit.dll
                 Private = 'false'
             C:\Program Files\dotnet\packs\Microsoft.NETCore.App.Ref\10.0.3\ref/net10.0/System.Reflection.Extensions.dll
                 Private = 'false'
             C:\Program Files\dotnet\packs\Microsoft.NETCore.App.Ref\10.0.3\ref/net10.0/System.Reflection.Metadata.dll
                 Private = 'false'
             C:\Program Files\dotnet\packs\Microsoft.NETCore.App.Ref\10.0.3\ref/net10.0/System.Reflection.Primitives.dll
                 Private = 'false'
             C:\Program Files\dotnet\packs\Microsoft.NETCore.App.Ref\10.0.3\ref/net10.0/System.Reflection.TypeExtensions.dll
                 Private = 'false'
             C:\Program Files\dotnet\packs\Microsoft.NETCore.App.Ref\10.0.3\ref/net10.0/System.Reflection.dll
                 Private = 'false'
             C:\Program Files\dotnet\packs\Microsoft.NETCore.App.Ref\10.0.3\ref/net10.0/System.Resources.Reader.dll
                 Private = 'false'
             C:\Program Files\dotnet\packs\Microsoft.NETCore.App.Ref\10.0.3\ref/net10.0/System.Resources.ResourceManager.dll
                 Private = 'false'
             C:\Program Files\dotnet\packs\Microsoft.NETCore.App.Ref\10.0.3\ref/net10.0/System.Resources.Writer.dll
                 Private = 'false'
             C:\Program Files\dotnet\packs\Microsoft.NETCore.App.Ref\10.0.3\ref/net10.0/System.Runtime.CompilerServices.Unsafe.dll
                 Private = 'false'
             C:\Program Files\dotnet\packs\Microsoft.NETCore.App.Ref\10.0.3\ref/net10.0/System.Runtime.CompilerServices.VisualC.dll
                 Private = 'false'
             C:\Program Files\dotnet\packs\Microsoft.NETCore.App.Ref\10.0.3\ref/net10.0/System.Runtime.Extensions.dll
                 Private = 'false'
             C:\Program Files\dotnet\packs\Microsoft.NETCore.App.Ref\10.0.3\ref/net10.0/System.Runtime.Handles.dll
                 Private = 'false'
             C:\Program Files\dotnet\packs\Microsoft.NETCore.App.Ref\10.0.3\ref/net10.0/System.Runtime.InteropServices.JavaScript.dll
                 Private = 'false'
             C:\Program Files\dotnet\packs\Microsoft.NETCore.App.Ref\10.0.3\ref/net10.0/System.Runtime.InteropServices.RuntimeInformation.dll
                 Private = 'false'
             C:\Program Files\dotnet\packs\Microsoft.NETCore.App.Ref\10.0.3\ref/net10.0/System.Runtime.InteropServices.dll
                 Private = 'false'
             C:\Program Files\dotnet\packs\Microsoft.NETCore.App.Ref\10.0.3\ref/net10.0/System.Runtime.Intrinsics.dll
                 Private = 'false'
             C:\Program Files\dotnet\packs\Microsoft.NETCore.App.Ref\10.0.3\ref/net10.0/System.Runtime.Loader.dll
                 Private = 'false'
             C:\Program Files\dotnet\packs\Microsoft.NETCore.App.Ref\10.0.3\ref/net10.0/System.Runtime.Numerics.dll
                 Private = 'false'
             C:\Program Files\dotnet\packs\Microsoft.NETCore.App.Ref\10.0.3\ref/net10.0/System.Runtime.Serialization.Formatters.dll
                 Private = 'false'
             C:\Program Files\dotnet\packs\Microsoft.NETCore.App.Ref\10.0.3\ref/net10.0/System.Runtime.Serialization.Json.dll
                 Private = 'false'
             C:\Program Files\dotnet\packs\Microsoft.NETCore.App.Ref\10.0.3\ref/net10.0/System.Runtime.Serialization.Primitives.dll
                 Private = 'false'
             C:\Program Files\dotnet\packs\Microsoft.NETCore.App.Ref\10.0.3\ref/net10.0/System.Runtime.Serialization.Xml.dll
                 Private = 'false'
             C:\Program Files\dotnet\packs\Microsoft.NETCore.App.Ref\10.0.3\ref/net10.0/System.Runtime.Serialization.dll
                 Private = 'false'
             C:\Program Files\dotnet\packs\Microsoft.NETCore.App.Ref\10.0.3\ref/net10.0/System.Runtime.dll
                 Private = 'false'
             C:\Program Files\dotnet\packs\Microsoft.NETCore.App.Ref\10.0.3\ref/net10.0/System.Security.AccessControl.dll
                 Private = 'false'
             C:\Program Files\dotnet\packs\Microsoft.NETCore.App.Ref\10.0.3\ref/net10.0/System.Security.Claims.dll
                 Private = 'false'
             C:\Program Files\dotnet\packs\Microsoft.NETCore.App.Ref\10.0.3\ref/net10.0/System.Security.Cryptography.Algorithms.dll
                 Private = 'false'
             C:\Program Files\dotnet\packs\Microsoft.NETCore.App.Ref\10.0.3\ref/net10.0/System.Security.Cryptography.Cng.dll
                 Private = 'false'
             C:\Program Files\dotnet\packs\Microsoft.NETCore.App.Ref\10.0.3\ref/net10.0/System.Security.Cryptography.Csp.dll
                 Private = 'false'
             C:\Program Files\dotnet\packs\Microsoft.NETCore.App.Ref\10.0.3\ref/net10.0/System.Security.Cryptography.Encoding.dll
                 Private = 'false'
             C:\Program Files\dotnet\packs\Microsoft.NETCore.App.Ref\10.0.3\ref/net10.0/System.Security.Cryptography.OpenSsl.dll
                 Private = 'false'
             C:\Program Files\dotnet\packs\Microsoft.NETCore.App.Ref\10.0.3\ref/net10.0/System.Security.Cryptography.Primitives.dll
                 Private = 'false'
             C:\Program Files\dotnet\packs\Microsoft.NETCore.App.Ref\10.0.3\ref/net10.0/System.Security.Cryptography.X509Certificates.dll
                 Private = 'false'
             C:\Program Files\dotnet\packs\Microsoft.NETCore.App.Ref\10.0.3\ref/net10.0/System.Security.Cryptography.dll
                 Private = 'false'
             C:\Program Files\dotnet\packs\Microsoft.NETCore.App.Ref\10.0.3\ref/net10.0/System.Security.Principal.Windows.dll
                 Private = 'false'
             C:\Program Files\dotnet\packs\Microsoft.NETCore.App.Ref\10.0.3\ref/net10.0/System.Security.Principal.dll
                 Private = 'false'
             C:\Program Files\dotnet\packs\Microsoft.NETCore.App.Ref\10.0.3\ref/net10.0/System.Security.SecureString.dll
                 Private = 'false'
             C:\Program Files\dotnet\packs\Microsoft.NETCore.App.Ref\10.0.3\ref/net10.0/System.Security.dll
                 Private = 'false'
             C:\Program Files\dotnet\packs\Microsoft.NETCore.App.Ref\10.0.3\ref/net10.0/System.ServiceModel.Web.dll
                 Private = 'false'
             C:\Program Files\dotnet\packs\Microsoft.NETCore.App.Ref\10.0.3\ref/net10.0/System.ServiceProcess.dll
                 Private = 'false'
             C:\Program Files\dotnet\packs\Microsoft.NETCore.App.Ref\10.0.3\ref/net10.0/System.Text.Encoding.CodePages.dll
                 Private = 'false'
             C:\Program Files\dotnet\packs\Microsoft.NETCore.App.Ref\10.0.3\ref/net10.0/System.Text.Encoding.Extensions.dll
                 Private = 'false'
             C:\Program Files\dotnet\packs\Microsoft.NETCore.App.Ref\10.0.3\ref/net10.0/System.Text.Encoding.dll
                 Private = 'false'
             C:\Program Files\dotnet\packs\Microsoft.NETCore.App.Ref\10.0.3\ref/net10.0/System.Text.Encodings.Web.dll
                 Private = 'false'
             C:\Program Files\dotnet\packs\Microsoft.NETCore.App.Ref\10.0.3\ref/net10.0/System.Text.Json.dll
                 Private = 'false'
             C:\Program Files\dotnet\packs\Microsoft.NETCore.App.Ref\10.0.3\ref/net10.0/System.Text.RegularExpressions.dll
                 Private = 'false'
             C:\Program Files\dotnet\packs\Microsoft.NETCore.App.Ref\10.0.3\ref/net10.0/System.Threading.AccessControl.dll
                 Private = 'false'
             C:\Program Files\dotnet\packs\Microsoft.NETCore.App.Ref\10.0.3\ref/net10.0/System.Threading.Channels.dll
                 Private = 'false'
             C:\Program Files\dotnet\packs\Microsoft.NETCore.App.Ref\10.0.3\ref/net10.0/System.Threading.Overlapped.dll
                 Private = 'false'
             C:\Program Files\dotnet\packs\Microsoft.NETCore.App.Ref\10.0.3\ref/net10.0/System.Threading.Tasks.Dataflow.dll
                 Private = 'false'
             C:\Program Files\dotnet\packs\Microsoft.NETCore.App.Ref\10.0.3\ref/net10.0/System.Threading.Tasks.Extensions.dll
                 Private = 'false'
             C:\Program Files\dotnet\packs\Microsoft.NETCore.App.Ref\10.0.3\ref/net10.0/System.Threading.Tasks.Parallel.dll
                 Private = 'false'
             C:\Program Files\dotnet\packs\Microsoft.NETCore.App.Ref\10.0.3\ref/net10.0/System.Threading.Tasks.dll
                 Private = 'false'
             C:\Program Files\dotnet\packs\Microsoft.NETCore.App.Ref\10.0.3\ref/net10.0/System.Threading.Thread.dll
                 Private = 'false'
             C:\Program Files\dotnet\packs\Microsoft.NETCore.App.Ref\10.0.3\ref/net10.0/System.Threading.ThreadPool.dll
                 Private = 'false'
             C:\Program Files\dotnet\packs\Microsoft.NETCore.App.Ref\10.0.3\ref/net10.0/System.Threading.Timer.dll
                 Private = 'false'
             C:\Program Files\dotnet\packs\Microsoft.NETCore.App.Ref\10.0.3\ref/net10.0/System.Threading.dll
                 Private = 'false'
             C:\Program Files\dotnet\packs\Microsoft.NETCore.App.Ref\10.0.3\ref/net10.0/System.Transactions.Local.dll
                 Private = 'false'
             C:\Program Files\dotnet\packs\Microsoft.NETCore.App.Ref\10.0.3\ref/net10.0/System.Transactions.dll
                 Private = 'false'
             C:\Program Files\dotnet\packs\Microsoft.NETCore.App.Ref\10.0.3\ref/net10.0/System.ValueTuple.dll
                 Private = 'false'
             C:\Program Files\dotnet\packs\Microsoft.NETCore.App.Ref\10.0.3\ref/net10.0/System.Web.HttpUtility.dll
                 Private = 'false'
             C:\Program Files\dotnet\packs\Microsoft.NETCore.App.Ref\10.0.3\ref/net10.0/System.Web.dll
                 Private = 'false'
             C:\Program Files\dotnet\packs\Microsoft.NETCore.App.Ref\10.0.3\ref/net10.0/System.Windows.dll
                 Private = 'false'
             C:\Program Files\dotnet\packs\Microsoft.NETCore.App.Ref\10.0.3\ref/net10.0/System.Xml.Linq.dll
                 Private = 'false'
             C:\Program Files\dotnet\packs\Microsoft.NETCore.App.Ref\10.0.3\ref/net10.0/System.Xml.ReaderWriter.dll
                 Private = 'false'
             C:\Program Files\dotnet\packs\Microsoft.NETCore.App.Ref\10.0.3\ref/net10.0/System.Xml.Serialization.dll
                 Private = 'false'
             C:\Program Files\dotnet\packs\Microsoft.NETCore.App.Ref\10.0.3\ref/net10.0/System.Xml.XDocument.dll
                 Private = 'false'
             C:\Program Files\dotnet\packs\Microsoft.NETCore.App.Ref\10.0.3\ref/net10.0/System.Xml.XPath.XDocument.dll
                 Private = 'false'
             C:\Program Files\dotnet\packs\Microsoft.NETCore.App.Ref\10.0.3\ref/net10.0/System.Xml.XPath.dll
                 Private = 'false'
             C:\Program Files\dotnet\packs\Microsoft.NETCore.App.Ref\10.0.3\ref/net10.0/System.Xml.XmlDocument.dll
                 Private = 'false'
             C:\Program Files\dotnet\packs\Microsoft.NETCore.App.Ref\10.0.3\ref/net10.0/System.Xml.XmlSerializer.dll
                 Private = 'false'
             C:\Program Files\dotnet\packs\Microsoft.NETCore.App.Ref\10.0.3\ref/net10.0/System.Xml.dll
                 Private = 'false'
             C:\Program Files\dotnet\packs\Microsoft.NETCore.App.Ref\10.0.3\ref/net10.0/System.dll
                 Private = 'false'
             C:\Program Files\dotnet\packs\Microsoft.NETCore.App.Ref\10.0.3\ref/net10.0/WindowsBase.dll
                 Private = 'false'
             C:\Program Files\dotnet\packs\Microsoft.NETCore.App.Ref\10.0.3\ref/net10.0/mscorlib.dll
                 Private = 'false'
             C:\Program Files\dotnet\packs\Microsoft.NETCore.App.Ref\10.0.3\ref/net10.0/netstandard.dll
                 Private = 'false'
         AssemblyFiles:
         CandidateAssemblyFiles:
         TargetFrameworkDirectories:
             
         NonCultureResourceDirectories:
             
         InstalledAssemblyTables:
         IgnoreInstalledAssemblyTable:
             False
         SearchPaths:
             {CandidateAssemblyFiles}
             {HintPathFromItem}
             {TargetFrameworkDirectory}
             {RawFileName}
         AllowedAssemblyExtensions:
             .winmd
             .dll
             .exe
         AllowedRelatedFileExtensions:
             .pdb
             .xml
             .pri
             .dll.config
             .exe.config
         AppConfigFile:
             
         AutoUnify:
             True
         EnableCustomCulture:
             False
         EnableCustomCulture:
             False
         CopyLocalDependenciesWhenParentReferenceInGac:
             True
         FindDependencies:
             True
         TargetProcessorArchitecture:
             msil
         StateFile:
             obj\Debug\net10.0\TicketConsolidator.Domain.csproj.AssemblyReference.cache
         InstalledAssemblySubsetTables:
         IgnoreInstalledAssemblySubsetTable:
             False
         TargetFrameworkSubsets:
         FullTargetFrameworkSubsetNames:
             Full
         ProfileName:
             
         FullFrameworkFolders:
         LatestTargetFrameworkDirectories:
         ProfileTablesLocation:
         Primary reference "Microsoft.CSharp, Version=10.0.0.0, Culture=neutral, PublicKeyToken=b03f5f7f11d50a3a".
             Resolved file path is "C:\Program Files\dotnet\packs\Microsoft.NETCore.App.Ref\10.0.3\ref\net10.0\Microsoft.CSharp.dll".
             Reference found at search path location "{RawFileName}".
             This reference is not "CopyLocal" because at least one source item had "Private" set to "false" and no source items had "Private" set to "true".
         Primary reference "Microsoft.VisualBasic.Core, Version=15.0.0.0, Culture=neutral, PublicKeyToken=b03f5f7f11d50a3a".
             Resolved file path is "C:\Program Files\dotnet\packs\Microsoft.NETCore.App.Ref\10.0.3\ref\net10.0\Microsoft.VisualBasic.Core.dll".
             Reference found at search path location "{RawFileName}".
             This reference is not "CopyLocal" because at least one source item had "Private" set to "false" and no source items had "Private" set to "true".
         Primary reference "Microsoft.VisualBasic, Version=10.0.0.0, Culture=neutral, PublicKeyToken=b03f5f7f11d50a3a".
             Resolved file path is "C:\Program Files\dotnet\packs\Microsoft.NETCore.App.Ref\10.0.3\ref\net10.0\Microsoft.VisualBasic.dll".
             Reference found at search path location "{RawFileName}".
             This reference is not "CopyLocal" because at least one source item had "Private" set to "false" and no source items had "Private" set to "true".
         Primary reference "Microsoft.Win32.Primitives, Version=10.0.0.0, Culture=neutral, PublicKeyToken=b03f5f7f11d50a3a".
             Resolved file path is "C:\Program Files\dotnet\packs\Microsoft.NETCore.App.Ref\10.0.3\ref\net10.0\Microsoft.Win32.Primitives.dll".
             Reference found at search path location "{RawFileName}".
             This reference is not "CopyLocal" because at least one source item had "Private" set to "false" and no source items had "Private" set to "true".
         Primary reference "Microsoft.Win32.Registry, Version=10.0.0.0, Culture=neutral, PublicKeyToken=b03f5f7f11d50a3a".
             Resolved file path is "C:\Program Files\dotnet\packs\Microsoft.NETCore.App.Ref\10.0.3\ref\net10.0\Microsoft.Win32.Registry.dll".
             Reference found at search path location "{RawFileName}".
             This reference is not "CopyLocal" because at least one source item had "Private" set to "false" and no source items had "Private" set to "true".
         Primary reference "System.AppContext, Version=10.0.0.0, Culture=neutral, PublicKeyToken=b03f5f7f11d50a3a".
             Resolved file path is "C:\Program Files\dotnet\packs\Microsoft.NETCore.App.Ref\10.0.3\ref\net10.0\System.AppContext.dll".
             Reference found at search path location "{RawFileName}".
             This reference is not "CopyLocal" because at least one source item had "Private" set to "false" and no source items had "Private" set to "true".
         Primary reference "System.Buffers, Version=10.0.0.0, Culture=neutral, PublicKeyToken=cc7b13ffcd2ddd51".
             Resolved file path is "C:\Program Files\dotnet\packs\Microsoft.NETCore.App.Ref\10.0.3\ref\net10.0\System.Buffers.dll".
             Reference found at search path location "{RawFileName}".
             This reference is not "CopyLocal" because at least one source item had "Private" set to "false" and no source items had "Private" set to "true".
         Primary reference "System.Collections.Concurrent, Version=10.0.0.0, Culture=neutral, PublicKeyToken=b03f5f7f11d50a3a".
             Resolved file path is "C:\Program Files\dotnet\packs\Microsoft.NETCore.App.Ref\10.0.3\ref\net10.0\System.Collections.Concurrent.dll".
             Reference found at search path location "{RawFileName}".
             This reference is not "CopyLocal" because at least one source item had "Private" set to "false" and no source items had "Private" set to "true".
         Primary reference "System.Collections.Immutable, Version=10.0.0.0, Culture=neutral, PublicKeyToken=b03f5f7f11d50a3a".
             Resolved file path is "C:\Program Files\dotnet\packs\Microsoft.NETCore.App.Ref\10.0.3\ref\net10.0\System.Collections.Immutable.dll".
             Reference found at search path location "{RawFileName}".
             This reference is not "CopyLocal" because at least one source item had "Private" set to "false" and no source items had "Private" set to "true".
         Primary reference "System.Collections.NonGeneric, Version=10.0.0.0, Culture=neutral, PublicKeyToken=b03f5f7f11d50a3a".
             Resolved file path is "C:\Program Files\dotnet\packs\Microsoft.NETCore.App.Ref\10.0.3\ref\net10.0\System.Collections.NonGeneric.dll".
             Reference found at search path location "{RawFileName}".
             This reference is not "CopyLocal" because at least one source item had "Private" set to "false" and no source items had "Private" set to "true".
         Primary reference "System.Collections.Specialized, Version=10.0.0.0, Culture=neutral, PublicKeyToken=b03f5f7f11d50a3a".
             Resolved file path is "C:\Program Files\dotnet\packs\Microsoft.NETCore.App.Ref\10.0.3\ref\net10.0\System.Collections.Specialized.dll".
             Reference found at search path location "{RawFileName}".
             This reference is not "CopyLocal" because at least one source item had "Private" set to "false" and no source items had "Private" set to "true".
         Primary reference "System.Collections, Version=10.0.0.0, Culture=neutral, PublicKeyToken=b03f5f7f11d50a3a".
             Resolved file path is "C:\Program Files\dotnet\packs\Microsoft.NETCore.App.Ref\10.0.3\ref\net10.0\System.Collections.dll".
             Reference found at search path location "{RawFileName}".
             This reference is not "CopyLocal" because at least one source item had "Private" set to "false" and no source items had "Private" set to "true".
         Primary reference "System.ComponentModel.Annotations, Version=10.0.0.0, Culture=neutral, PublicKeyToken=b03f5f7f11d50a3a".
             Resolved file path is "C:\Program Files\dotnet\packs\Microsoft.NETCore.App.Ref\10.0.3\ref\net10.0\System.ComponentModel.Annotations.dll".
             Reference found at search path location "{RawFileName}".
             This reference is not "CopyLocal" because at least one source item had "Private" set to "false" and no source items had "Private" set to "true".
         Primary reference "System.ComponentModel.DataAnnotations, Version=4.0.0.0, Culture=neutral, PublicKeyToken=31bf3856ad364e35".
             Resolved file path is "C:\Program Files\dotnet\packs\Microsoft.NETCore.App.Ref\10.0.3\ref\net10.0\System.ComponentModel.DataAnnotations.dll".
             Reference found at search path location "{RawFileName}".
             This reference is not "CopyLocal" because at least one source item had "Private" set to "false" and no source items had "Private" set to "true".
         Primary reference "System.ComponentModel.EventBasedAsync, Version=10.0.0.0, Culture=neutral, PublicKeyToken=b03f5f7f11d50a3a".
             Resolved file path is "C:\Program Files\dotnet\packs\Microsoft.NETCore.App.Ref\10.0.3\ref\net10.0\System.ComponentModel.EventBasedAsync.dll".
             Reference found at search path location "{RawFileName}".
             This reference is not "CopyLocal" because at least one source item had "Private" set to "false" and no source items had "Private" set to "true".
         Primary reference "System.ComponentModel.Primitives, Version=10.0.0.0, Culture=neutral, PublicKeyToken=b03f5f7f11d50a3a".
             Resolved file path is "C:\Program Files\dotnet\packs\Microsoft.NETCore.App.Ref\10.0.3\ref\net10.0\System.ComponentModel.Primitives.dll".
             Reference found at search path location "{RawFileName}".
             This reference is not "CopyLocal" because at least one source item had "Private" set to "false" and no source items had "Private" set to "true".
         Primary reference "System.ComponentModel.TypeConverter, Version=10.0.0.0, Culture=neutral, PublicKeyToken=b03f5f7f11d50a3a".
             Resolved file path is "C:\Program Files\dotnet\packs\Microsoft.NETCore.App.Ref\10.0.3\ref\net10.0\System.ComponentModel.TypeConverter.dll".
             Reference found at search path location "{RawFileName}".
             This reference is not "CopyLocal" because at least one source item had "Private" set to "false" and no source items had "Private" set to "true".
         Primary reference "System.ComponentModel, Version=10.0.0.0, Culture=neutral, PublicKeyToken=b03f5f7f11d50a3a".
             Resolved file path is "C:\Program Files\dotnet\packs\Microsoft.NETCore.App.Ref\10.0.3\ref\net10.0\System.ComponentModel.dll".
             Reference found at search path location "{RawFileName}".
             This reference is not "CopyLocal" because at least one source item had "Private" set to "false" and no source items had "Private" set to "true".
         Primary reference "System.Configuration, Version=4.0.0.0, Culture=neutral, PublicKeyToken=b03f5f7f11d50a3a".
             Resolved file path is "C:\Program Files\dotnet\packs\Microsoft.NETCore.App.Ref\10.0.3\ref\net10.0\System.Configuration.dll".
             Reference found at search path location "{RawFileName}".
             This reference is not "CopyLocal" because at least one source item had "Private" set to "false" and no source items had "Private" set to "true".
         Primary reference "System.Console, Version=10.0.0.0, Culture=neutral, PublicKeyToken=b03f5f7f11d50a3a".
             Resolved file path is "C:\Program Files\dotnet\packs\Microsoft.NETCore.App.Ref\10.0.3\ref\net10.0\System.Console.dll".
             Reference found at search path location "{RawFileName}".
             This reference is not "CopyLocal" because at least one source item had "Private" set to "false" and no source items had "Private" set to "true".
         Primary reference "System.Core, Version=4.0.0.0, Culture=neutral, PublicKeyToken=b77a5c561934e089".
             Resolved file path is "C:\Program Files\dotnet\packs\Microsoft.NETCore.App.Ref\10.0.3\ref\net10.0\System.Core.dll".
             Reference found at search path location "{RawFileName}".
             This reference is not "CopyLocal" because at least one source item had "Private" set to "false" and no source items had "Private" set to "true".
         Primary reference "System.Data.Common, Version=10.0.0.0, Culture=neutral, PublicKeyToken=b03f5f7f11d50a3a".
             Resolved file path is "C:\Program Files\dotnet\packs\Microsoft.NETCore.App.Ref\10.0.3\ref\net10.0\System.Data.Common.dll".
             Reference found at search path location "{RawFileName}".
             This reference is not "CopyLocal" because at least one source item had "Private" set to "false" and no source items had "Private" set to "true".
         Primary reference "System.Data.DataSetExtensions, Version=10.0.0.0, Culture=neutral, PublicKeyToken=b77a5c561934e089".
             Resolved file path is "C:\Program Files\dotnet\packs\Microsoft.NETCore.App.Ref\10.0.3\ref\net10.0\System.Data.DataSetExtensions.dll".
             Reference found at search path location "{RawFileName}".
             This reference is not "CopyLocal" because at least one source item had "Private" set to "false" and no source items had "Private" set to "true".
         Primary reference "System.Data, Version=4.0.0.0, Culture=neutral, PublicKeyToken=b77a5c561934e089".
             Resolved file path is "C:\Program Files\dotnet\packs\Microsoft.NETCore.App.Ref\10.0.3\ref\net10.0\System.Data.dll".
             Reference found at search path location "{RawFileName}".
             This reference is not "CopyLocal" because at least one source item had "Private" set to "false" and no source items had "Private" set to "true".
         Primary reference "System.Diagnostics.Contracts, Version=10.0.0.0, Culture=neutral, PublicKeyToken=b03f5f7f11d50a3a".
             Resolved file path is "C:\Program Files\dotnet\packs\Microsoft.NETCore.App.Ref\10.0.3\ref\net10.0\System.Diagnostics.Contracts.dll".
             Reference found at search path location "{RawFileName}".
             This reference is not "CopyLocal" because at least one source item had "Private" set to "false" and no source items had "Private" set to "true".
         Primary reference "System.Diagnostics.Debug, Version=10.0.0.0, Culture=neutral, PublicKeyToken=b03f5f7f11d50a3a".
             Resolved file path is "C:\Program Files\dotnet\packs\Microsoft.NETCore.App.Ref\10.0.3\ref\net10.0\System.Diagnostics.Debug.dll".
             Reference found at search path location "{RawFileName}".
             This reference is not "CopyLocal" because at least one source item had "Private" set to "false" and no source items had "Private" set to "true".
         Primary reference "System.Diagnostics.DiagnosticSource, Version=10.0.0.0, Culture=neutral, PublicKeyToken=cc7b13ffcd2ddd51".
             Resolved file path is "C:\Program Files\dotnet\packs\Microsoft.NETCore.App.Ref\10.0.3\ref\net10.0\System.Diagnostics.DiagnosticSource.dll".
             Reference found at search path location "{RawFileName}".
             This reference is not "CopyLocal" because at least one source item had "Private" set to "false" and no source items had "Private" set to "true".
         Primary reference "System.Diagnostics.FileVersionInfo, Version=10.0.0.0, Culture=neutral, PublicKeyToken=b03f5f7f11d50a3a".
             Resolved file path is "C:\Program Files\dotnet\packs\Microsoft.NETCore.App.Ref\10.0.3\ref\net10.0\System.Diagnostics.FileVersionInfo.dll".
             Reference found at search path location "{RawFileName}".
             This reference is not "CopyLocal" because at least one source item had "Private" set to "false" and no source items had "Private" set to "true".
         Primary reference "System.Diagnostics.Process, Version=10.0.0.0, Culture=neutral, PublicKeyToken=b03f5f7f11d50a3a".
             Resolved file path is "C:\Program Files\dotnet\packs\Microsoft.NETCore.App.Ref\10.0.3\ref\net10.0\System.Diagnostics.Process.dll".
             Reference found at search path location "{RawFileName}".
             This reference is not "CopyLocal" because at least one source item had "Private" set to "false" and no source items had "Private" set to "true".
         Primary reference "System.Diagnostics.StackTrace, Version=10.0.0.0, Culture=neutral, PublicKeyToken=b03f5f7f11d50a3a".
             Resolved file path is "C:\Program Files\dotnet\packs\Microsoft.NETCore.App.Ref\10.0.3\ref\net10.0\System.Diagnostics.StackTrace.dll".
             Reference found at search path location "{RawFileName}".
             This reference is not "CopyLocal" because at least one source item had "Private" set to "false" and no source items had "Private" set to "true".
         Primary reference "System.Diagnostics.TextWriterTraceListener, Version=10.0.0.0, Culture=neutral, PublicKeyToken=b03f5f7f11d50a3a".
             Resolved file path is "C:\Program Files\dotnet\packs\Microsoft.NETCore.App.Ref\10.0.3\ref\net10.0\System.Diagnostics.TextWriterTraceListener.dll".
             Reference found at search path location "{RawFileName}".
             This reference is not "CopyLocal" because at least one source item had "Private" set to "false" and no source items had "Private" set to "true".
         Primary reference "System.Diagnostics.Tools, Version=10.0.0.0, Culture=neutral, PublicKeyToken=b03f5f7f11d50a3a".
             Resolved file path is "C:\Program Files\dotnet\packs\Microsoft.NETCore.App.Ref\10.0.3\ref\net10.0\System.Diagnostics.Tools.dll".
             Reference found at search path location "{RawFileName}".
             This reference is not "CopyLocal" because at least one source item had "Private" set to "false" and no source items had "Private" set to "true".
         Primary reference "System.Diagnostics.TraceSource, Version=10.0.0.0, Culture=neutral, PublicKeyToken=b03f5f7f11d50a3a".
             Resolved file path is "C:\Program Files\dotnet\packs\Microsoft.NETCore.App.Ref\10.0.3\ref\net10.0\System.Diagnostics.TraceSource.dll".
             Reference found at search path location "{RawFileName}".
             This reference is not "CopyLocal" because at least one source item had "Private" set to "false" and no source items had "Private" set to "true".
         Primary reference "System.Diagnostics.Tracing, Version=10.0.0.0, Culture=neutral, PublicKeyToken=b03f5f7f11d50a3a".
             Resolved file path is "C:\Program Files\dotnet\packs\Microsoft.NETCore.App.Ref\10.0.3\ref\net10.0\System.Diagnostics.Tracing.dll".
             Reference found at search path location "{RawFileName}".
             This reference is not "CopyLocal" because at least one source item had "Private" set to "false" and no source items had "Private" set to "true".
         Primary reference "System.Drawing.Primitives, Version=10.0.0.0, Culture=neutral, PublicKeyToken=b03f5f7f11d50a3a".
             Resolved file path is "C:\Program Files\dotnet\packs\Microsoft.NETCore.App.Ref\10.0.3\ref\net10.0\System.Drawing.Primitives.dll".
             Reference found at search path location "{RawFileName}".
             This reference is not "CopyLocal" because at least one source item had "Private" set to "false" and no source items had "Private" set to "true".
         Primary reference "System.Drawing, Version=4.0.0.0, Culture=neutral, PublicKeyToken=b03f5f7f11d50a3a".
             Resolved file path is "C:\Program Files\dotnet\packs\Microsoft.NETCore.App.Ref\10.0.3\ref\net10.0\System.Drawing.dll".
             Reference found at search path location "{RawFileName}".
             This reference is not "CopyLocal" because at least one source item had "Private" set to "false" and no source items had "Private" set to "true".
         Primary reference "System.Dynamic.Runtime, Version=10.0.0.0, Culture=neutral, PublicKeyToken=b03f5f7f11d50a3a".
             Resolved file path is "C:\Program Files\dotnet\packs\Microsoft.NETCore.App.Ref\10.0.3\ref\net10.0\System.Dynamic.Runtime.dll".
             Reference found at search path location "{RawFileName}".
             This reference is not "CopyLocal" because at least one source item had "Private" set to "false" and no source items had "Private" set to "true".
         Primary reference "System.Formats.Asn1, Version=10.0.0.0, Culture=neutral, PublicKeyToken=cc7b13ffcd2ddd51".
             Resolved file path is "C:\Program Files\dotnet\packs\Microsoft.NETCore.App.Ref\10.0.3\ref\net10.0\System.Formats.Asn1.dll".
             Reference found at search path location "{RawFileName}".
             This reference is not "CopyLocal" because at least one source item had "Private" set to "false" and no source items had "Private" set to "true".
         Primary reference "System.Formats.Tar, Version=10.0.0.0, Culture=neutral, PublicKeyToken=cc7b13ffcd2ddd51".
             Resolved file path is "C:\Program Files\dotnet\packs\Microsoft.NETCore.App.Ref\10.0.3\ref\net10.0\System.Formats.Tar.dll".
             Reference found at search path location "{RawFileName}".
             This reference is not "CopyLocal" because at least one source item had "Private" set to "false" and no source items had "Private" set to "true".
         Primary reference "System.Globalization.Calendars, Version=10.0.0.0, Culture=neutral, PublicKeyToken=b03f5f7f11d50a3a".
             Resolved file path is "C:\Program Files\dotnet\packs\Microsoft.NETCore.App.Ref\10.0.3\ref\net10.0\System.Globalization.Calendars.dll".
             Reference found at search path location "{RawFileName}".
             This reference is not "CopyLocal" because at least one source item had "Private" set to "false" and no source items had "Private" set to "true".
         Primary reference "System.Globalization.Extensions, Version=10.0.0.0, Culture=neutral, PublicKeyToken=b03f5f7f11d50a3a".
             Resolved file path is "C:\Program Files\dotnet\packs\Microsoft.NETCore.App.Ref\10.0.3\ref\net10.0\System.Globalization.Extensions.dll".
             Reference found at search path location "{RawFileName}".
             This reference is not "CopyLocal" because at least one source item had "Private" set to "false" and no source items had "Private" set to "true".
         Primary reference "System.Globalization, Version=10.0.0.0, Culture=neutral, PublicKeyToken=b03f5f7f11d50a3a".
             Resolved file path is "C:\Program Files\dotnet\packs\Microsoft.NETCore.App.Ref\10.0.3\ref\net10.0\System.Globalization.dll".
             Reference found at search path location "{RawFileName}".
             This reference is not "CopyLocal" because at least one source item had "Private" set to "false" and no source items had "Private" set to "true".
         Primary reference "System.IO.Compression.Brotli, Version=10.0.0.0, Culture=neutral, PublicKeyToken=b77a5c561934e089".
             Resolved file path is "C:\Program Files\dotnet\packs\Microsoft.NETCore.App.Ref\10.0.3\ref\net10.0\System.IO.Compression.Brotli.dll".
             Reference found at search path location "{RawFileName}".
             This reference is not "CopyLocal" because at least one source item had "Private" set to "false" and no source items had "Private" set to "true".
         Primary reference "System.IO.Compression.FileSystem, Version=4.0.0.0, Culture=neutral, PublicKeyToken=b77a5c561934e089".
             Resolved file path is "C:\Program Files\dotnet\packs\Microsoft.NETCore.App.Ref\10.0.3\ref\net10.0\System.IO.Compression.FileSystem.dll".
             Reference found at search path location "{RawFileName}".
             This reference is not "CopyLocal" because at least one source item had "Private" set to "false" and no source items had "Private" set to "true".
         Primary reference "System.IO.Compression.ZipFile, Version=10.0.0.0, Culture=neutral, PublicKeyToken=b77a5c561934e089".
             Resolved file path is "C:\Program Files\dotnet\packs\Microsoft.NETCore.App.Ref\10.0.3\ref\net10.0\System.IO.Compression.ZipFile.dll".
             Reference found at search path location "{RawFileName}".
             This reference is not "CopyLocal" because at least one source item had "Private" set to "false" and no source items had "Private" set to "true".
         Primary reference "System.IO.Compression, Version=10.0.0.0, Culture=neutral, PublicKeyToken=b77a5c561934e089".
             Resolved file path is "C:\Program Files\dotnet\packs\Microsoft.NETCore.App.Ref\10.0.3\ref\net10.0\System.IO.Compression.dll".
             Reference found at search path location "{RawFileName}".
             This reference is not "CopyLocal" because at least one source item had "Private" set to "false" and no source items had "Private" set to "true".
         Primary reference "System.IO.FileSystem.AccessControl, Version=10.0.0.0, Culture=neutral, PublicKeyToken=b03f5f7f11d50a3a".
             Resolved file path is "C:\Program Files\dotnet\packs\Microsoft.NETCore.App.Ref\10.0.3\ref\net10.0\System.IO.FileSystem.AccessControl.dll".
             Reference found at search path location "{RawFileName}".
             This reference is not "CopyLocal" because at least one source item had "Private" set to "false" and no source items had "Private" set to "true".
         Primary reference "System.IO.FileSystem.DriveInfo, Version=10.0.0.0, Culture=neutral, PublicKeyToken=b03f5f7f11d50a3a".
             Resolved file path is "C:\Program Files\dotnet\packs\Microsoft.NETCore.App.Ref\10.0.3\ref\net10.0\System.IO.FileSystem.DriveInfo.dll".
             Reference found at search path location "{RawFileName}".
             This reference is not "CopyLocal" because at least one source item had "Private" set to "false" and no source items had "Private" set to "true".
         Primary reference "System.IO.FileSystem.Primitives, Version=10.0.0.0, Culture=neutral, PublicKeyToken=b03f5f7f11d50a3a".
             Resolved file path is "C:\Program Files\dotnet\packs\Microsoft.NETCore.App.Ref\10.0.3\ref\net10.0\System.IO.FileSystem.Primitives.dll".
             Reference found at search path location "{RawFileName}".
             This reference is not "CopyLocal" because at least one source item had "Private" set to "false" and no source items had "Private" set to "true".
         Primary reference "System.IO.FileSystem.Watcher, Version=10.0.0.0, Culture=neutral, PublicKeyToken=b03f5f7f11d50a3a".
             Resolved file path is "C:\Program Files\dotnet\packs\Microsoft.NETCore.App.Ref\10.0.3\ref\net10.0\System.IO.FileSystem.Watcher.dll".
             Reference found at search path location "{RawFileName}".
             This reference is not "CopyLocal" because at least one source item had "Private" set to "false" and no source items had "Private" set to "true".
         Primary reference "System.IO.FileSystem, Version=10.0.0.0, Culture=neutral, PublicKeyToken=b03f5f7f11d50a3a".
             Resolved file path is "C:\Program Files\dotnet\packs\Microsoft.NETCore.App.Ref\10.0.3\ref\net10.0\System.IO.FileSystem.dll".
             Reference found at search path location "{RawFileName}".
             This reference is not "CopyLocal" because at least one source item had "Private" set to "false" and no source items had "Private" set to "true".
         Primary reference "System.IO.IsolatedStorage, Version=10.0.0.0, Culture=neutral, PublicKeyToken=b03f5f7f11d50a3a".
             Resolved file path is "C:\Program Files\dotnet\packs\Microsoft.NETCore.App.Ref\10.0.3\ref\net10.0\System.IO.IsolatedStorage.dll".
             Reference found at search path location "{RawFileName}".
             This reference is not "CopyLocal" because at least one source item had "Private" set to "false" and no source items had "Private" set to "true".
         Primary reference "System.IO.MemoryMappedFiles, Version=10.0.0.0, Culture=neutral, PublicKeyToken=b03f5f7f11d50a3a".
             Resolved file path is "C:\Program Files\dotnet\packs\Microsoft.NETCore.App.Ref\10.0.3\ref\net10.0\System.IO.MemoryMappedFiles.dll".
             Reference found at search path location "{RawFileName}".
             This reference is not "CopyLocal" because at least one source item had "Private" set to "false" and no source items had "Private" set to "true".
         Primary reference "System.IO.Pipelines, Version=10.0.0.0, Culture=neutral, PublicKeyToken=cc7b13ffcd2ddd51".
             Resolved file path is "C:\Program Files\dotnet\packs\Microsoft.NETCore.App.Ref\10.0.3\ref\net10.0\System.IO.Pipelines.dll".
             Reference found at search path location "{RawFileName}".
             This reference is not "CopyLocal" because at least one source item had "Private" set to "false" and no source items had "Private" set to "true".
         Primary reference "System.IO.Pipes.AccessControl, Version=10.0.0.0, Culture=neutral, PublicKeyToken=b03f5f7f11d50a3a".
             Resolved file path is "C:\Program Files\dotnet\packs\Microsoft.NETCore.App.Ref\10.0.3\ref\net10.0\System.IO.Pipes.AccessControl.dll".
             Reference found at search path location "{RawFileName}".
             This reference is not "CopyLocal" because at least one source item had "Private" set to "false" and no source items had "Private" set to "true".
         Primary reference "System.IO.Pipes, Version=10.0.0.0, Culture=neutral, PublicKeyToken=b03f5f7f11d50a3a".
             Resolved file path is "C:\Program Files\dotnet\packs\Microsoft.NETCore.App.Ref\10.0.3\ref\net10.0\System.IO.Pipes.dll".
             Reference found at search path location "{RawFileName}".
             This reference is not "CopyLocal" because at least one source item had "Private" set to "false" and no source items had "Private" set to "true".
         Primary reference "System.IO.UnmanagedMemoryStream, Version=10.0.0.0, Culture=neutral, PublicKeyToken=b03f5f7f11d50a3a".
             Resolved file path is "C:\Program Files\dotnet\packs\Microsoft.NETCore.App.Ref\10.0.3\ref\net10.0\System.IO.UnmanagedMemoryStream.dll".
             Reference found at search path location "{RawFileName}".
             This reference is not "CopyLocal" because at least one source item had "Private" set to "false" and no source items had "Private" set to "true".
         Primary reference "System.IO, Version=10.0.0.0, Culture=neutral, PublicKeyToken=b03f5f7f11d50a3a".
             Resolved file path is "C:\Program Files\dotnet\packs\Microsoft.NETCore.App.Ref\10.0.3\ref\net10.0\System.IO.dll".
             Reference found at search path location "{RawFileName}".
             This reference is not "CopyLocal" because at least one source item had "Private" set to "false" and no source items had "Private" set to "true".
         Primary reference "System.Linq.AsyncEnumerable, Version=10.0.0.0, Culture=neutral, PublicKeyToken=b03f5f7f11d50a3a".
             Resolved file path is "C:\Program Files\dotnet\packs\Microsoft.NETCore.App.Ref\10.0.3\ref\net10.0\System.Linq.AsyncEnumerable.dll".
             Reference found at search path location "{RawFileName}".
             This reference is not "CopyLocal" because at least one source item had "Private" set to "false" and no source items had "Private" set to "true".
         Primary reference "System.Linq.Expressions, Version=10.0.0.0, Culture=neutral, PublicKeyToken=b03f5f7f11d50a3a".
             Resolved file path is "C:\Program Files\dotnet\packs\Microsoft.NETCore.App.Ref\10.0.3\ref\net10.0\System.Linq.Expressions.dll".
             Reference found at search path location "{RawFileName}".
             This reference is not "CopyLocal" because at least one source item had "Private" set to "false" and no source items had "Private" set to "true".
         Primary reference "System.Linq.Parallel, Version=10.0.0.0, Culture=neutral, PublicKeyToken=b03f5f7f11d50a3a".
             Resolved file path is "C:\Program Files\dotnet\packs\Microsoft.NETCore.App.Ref\10.0.3\ref\net10.0\System.Linq.Parallel.dll".
             Reference found at search path location "{RawFileName}".
             This reference is not "CopyLocal" because at least one source item had "Private" set to "false" and no source items had "Private" set to "true".
         Primary reference "System.Linq.Queryable, Version=10.0.0.0, Culture=neutral, PublicKeyToken=b03f5f7f11d50a3a".
             Resolved file path is "C:\Program Files\dotnet\packs\Microsoft.NETCore.App.Ref\10.0.3\ref\net10.0\System.Linq.Queryable.dll".
             Reference found at search path location "{RawFileName}".
             This reference is not "CopyLocal" because at least one source item had "Private" set to "false" and no source items had "Private" set to "true".
         Primary reference "System.Linq, Version=10.0.0.0, Culture=neutral, PublicKeyToken=b03f5f7f11d50a3a".
             Resolved file path is "C:\Program Files\dotnet\packs\Microsoft.NETCore.App.Ref\10.0.3\ref\net10.0\System.Linq.dll".
             Reference found at search path location "{RawFileName}".
             This reference is not "CopyLocal" because at least one source item had "Private" set to "false" and no source items had "Private" set to "true".
         Primary reference "System.Memory, Version=10.0.0.0, Culture=neutral, PublicKeyToken=cc7b13ffcd2ddd51".
             Resolved file path is "C:\Program Files\dotnet\packs\Microsoft.NETCore.App.Ref\10.0.3\ref\net10.0\System.Memory.dll".
             Reference found at search path location "{RawFileName}".
             This reference is not "CopyLocal" because at least one source item had "Private" set to "false" and no source items had "Private" set to "true".
         Primary reference "System.Net.Http.Json, Version=10.0.0.0, Culture=neutral, PublicKeyToken=cc7b13ffcd2ddd51".
             Resolved file path is "C:\Program Files\dotnet\packs\Microsoft.NETCore.App.Ref\10.0.3\ref\net10.0\System.Net.Http.Json.dll".
             Reference found at search path location "{RawFileName}".
             This reference is not "CopyLocal" because at least one source item had "Private" set to "false" and no source items had "Private" set to "true".
         Primary reference "System.Net.Http, Version=10.0.0.0, Culture=neutral, PublicKeyToken=b03f5f7f11d50a3a".
             Resolved file path is "C:\Program Files\dotnet\packs\Microsoft.NETCore.App.Ref\10.0.3\ref\net10.0\System.Net.Http.dll".
             Reference found at search path location "{RawFileName}".
             This reference is not "CopyLocal" because at least one source item had "Private" set to "false" and no source items had "Private" set to "true".
         Primary reference "System.Net.HttpListener, Version=10.0.0.0, Culture=neutral, PublicKeyToken=cc7b13ffcd2ddd51".
             Resolved file path is "C:\Program Files\dotnet\packs\Microsoft.NETCore.App.Ref\10.0.3\ref\net10.0\System.Net.HttpListener.dll".
             Reference found at search path location "{RawFileName}".
             This reference is not "CopyLocal" because at least one source item had "Private" set to "false" and no source items had "Private" set to "true".
         Primary reference "System.Net.Mail, Version=10.0.0.0, Culture=neutral, PublicKeyToken=cc7b13ffcd2ddd51".
             Resolved file path is "C:\Program Files\dotnet\packs\Microsoft.NETCore.App.Ref\10.0.3\ref\net10.0\System.Net.Mail.dll".
             Reference found at search path location "{RawFileName}".
             This reference is not "CopyLocal" because at least one source item had "Private" set to "false" and no source items had "Private" set to "true".
         Primary reference "System.Net.NameResolution, Version=10.0.0.0, Culture=neutral, PublicKeyToken=b03f5f7f11d50a3a".
             Resolved file path is "C:\Program Files\dotnet\packs\Microsoft.NETCore.App.Ref\10.0.3\ref\net10.0\System.Net.NameResolution.dll".
             Reference found at search path location "{RawFileName}".
             This reference is not "CopyLocal" because at least one source item had "Private" set to "false" and no source items had "Private" set to "true".
         Primary reference "System.Net.NetworkInformation, Version=10.0.0.0, Culture=neutral, PublicKeyToken=b03f5f7f11d50a3a".
             Resolved file path is "C:\Program Files\dotnet\packs\Microsoft.NETCore.App.Ref\10.0.3\ref\net10.0\System.Net.NetworkInformation.dll".
             Reference found at search path location "{RawFileName}".
             This reference is not "CopyLocal" because at least one source item had "Private" set to "false" and no source items had "Private" set to "true".
         Primary reference "System.Net.Ping, Version=10.0.0.0, Culture=neutral, PublicKeyToken=b03f5f7f11d50a3a".
             Resolved file path is "C:\Program Files\dotnet\packs\Microsoft.NETCore.App.Ref\10.0.3\ref\net10.0\System.Net.Ping.dll".
             Reference found at search path location "{RawFileName}".
             This reference is not "CopyLocal" because at least one source item had "Private" set to "false" and no source items had "Private" set to "true".
         Primary reference "System.Net.Primitives, Version=10.0.0.0, Culture=neutral, PublicKeyToken=b03f5f7f11d50a3a".
             Resolved file path is "C:\Program Files\dotnet\packs\Microsoft.NETCore.App.Ref\10.0.3\ref\net10.0\System.Net.Primitives.dll".
             Reference found at search path location "{RawFileName}".
             This reference is not "CopyLocal" because at least one source item had "Private" set to "false" and no source items had "Private" set to "true".
         Primary reference "System.Net.Quic, Version=10.0.0.0, Culture=neutral, PublicKeyToken=b03f5f7f11d50a3a".
             Resolved file path is "C:\Program Files\dotnet\packs\Microsoft.NETCore.App.Ref\10.0.3\ref\net10.0\System.Net.Quic.dll".
             Reference found at search path location "{RawFileName}".
             This reference is not "CopyLocal" because at least one source item had "Private" set to "false" and no source items had "Private" set to "true".
         Primary reference "System.Net.Requests, Version=10.0.0.0, Culture=neutral, PublicKeyToken=b03f5f7f11d50a3a".
             Resolved file path is "C:\Program Files\dotnet\packs\Microsoft.NETCore.App.Ref\10.0.3\ref\net10.0\System.Net.Requests.dll".
             Reference found at search path location "{RawFileName}".
             This reference is not "CopyLocal" because at least one source item had "Private" set to "false" and no source items had "Private" set to "true".
         Primary reference "System.Net.Security, Version=10.0.0.0, Culture=neutral, PublicKeyToken=b03f5f7f11d50a3a".
             Resolved file path is "C:\Program Files\dotnet\packs\Microsoft.NETCore.App.Ref\10.0.3\ref\net10.0\System.Net.Security.dll".
             Reference found at search path location "{RawFileName}".
             This reference is not "CopyLocal" because at least one source item had "Private" set to "false" and no source items had "Private" set to "true".
         Primary reference "System.Net.ServerSentEvents, Version=10.0.0.0, Culture=neutral, PublicKeyToken=cc7b13ffcd2ddd51".
             Resolved file path is "C:\Program Files\dotnet\packs\Microsoft.NETCore.App.Ref\10.0.3\ref\net10.0\System.Net.ServerSentEvents.dll".
             Reference found at search path location "{RawFileName}".
             This reference is not "CopyLocal" because at least one source item had "Private" set to "false" and no source items had "Private" set to "true".
         Primary reference "System.Net.ServicePoint, Version=10.0.0.0, Culture=neutral, PublicKeyToken=cc7b13ffcd2ddd51".
             Resolved file path is "C:\Program Files\dotnet\packs\Microsoft.NETCore.App.Ref\10.0.3\ref\net10.0\System.Net.ServicePoint.dll".
             Reference found at search path location "{RawFileName}".
             This reference is not "CopyLocal" because at least one source item had "Private" set to "false" and no source items had "Private" set to "true".
         Primary reference "System.Net.Sockets, Version=10.0.0.0, Culture=neutral, PublicKeyToken=b03f5f7f11d50a3a".
             Resolved file path is "C:\Program Files\dotnet\packs\Microsoft.NETCore.App.Ref\10.0.3\ref\net10.0\System.Net.Sockets.dll".
             Reference found at search path location "{RawFileName}".
             This reference is not "CopyLocal" because at least one source item had "Private" set to "false" and no source items had "Private" set to "true".
         Primary reference "System.Net.WebClient, Version=10.0.0.0, Culture=neutral, PublicKeyToken=cc7b13ffcd2ddd51".
             Resolved file path is "C:\Program Files\dotnet\packs\Microsoft.NETCore.App.Ref\10.0.3\ref\net10.0\System.Net.WebClient.dll".
             Reference found at search path location "{RawFileName}".
             This reference is not "CopyLocal" because at least one source item had "Private" set to "false" and no source items had "Private" set to "true".
         Primary reference "System.Net.WebHeaderCollection, Version=10.0.0.0, Culture=neutral, PublicKeyToken=b03f5f7f11d50a3a".
             Resolved file path is "C:\Program Files\dotnet\packs\Microsoft.NETCore.App.Ref\10.0.3\ref\net10.0\System.Net.WebHeaderCollection.dll".
             Reference found at search path location "{RawFileName}".
             This reference is not "CopyLocal" because at least one source item had "Private" set to "false" and no source items had "Private" set to "true".
         Primary reference "System.Net.WebProxy, Version=10.0.0.0, Culture=neutral, PublicKeyToken=cc7b13ffcd2ddd51".
             Resolved file path is "C:\Program Files\dotnet\packs\Microsoft.NETCore.App.Ref\10.0.3\ref\net10.0\System.Net.WebProxy.dll".
             Reference found at search path location "{RawFileName}".
             This reference is not "CopyLocal" because at least one source item had "Private" set to "false" and no source items had "Private" set to "true".
         Primary reference "System.Net.WebSockets.Client, Version=10.0.0.0, Culture=neutral, PublicKeyToken=b03f5f7f11d50a3a".
             Resolved file path is "C:\Program Files\dotnet\packs\Microsoft.NETCore.App.Ref\10.0.3\ref\net10.0\System.Net.WebSockets.Client.dll".
             Reference found at search path location "{RawFileName}".
             This reference is not "CopyLocal" because at least one source item had "Private" set to "false" and no source items had "Private" set to "true".
         Primary reference "System.Net.WebSockets, Version=10.0.0.0, Culture=neutral, PublicKeyToken=b03f5f7f11d50a3a".
             Resolved file path is "C:\Program Files\dotnet\packs\Microsoft.NETCore.App.Ref\10.0.3\ref\net10.0\System.Net.WebSockets.dll".
             Reference found at search path location "{RawFileName}".
             This reference is not "CopyLocal" because at least one source item had "Private" set to "false" and no source items had "Private" set to "true".
         Primary reference "System.Net, Version=4.0.0.0, Culture=neutral, PublicKeyToken=b03f5f7f11d50a3a".
             Resolved file path is "C:\Program Files\dotnet\packs\Microsoft.NETCore.App.Ref\10.0.3\ref\net10.0\System.Net.dll".
             Reference found at search path location "{RawFileName}".
             This reference is not "CopyLocal" because at least one source item had "Private" set to "false" and no source items had "Private" set to "true".
         Primary reference "System.Numerics.Vectors, Version=10.0.0.0, Culture=neutral, PublicKeyToken=b03f5f7f11d50a3a".
             Resolved file path is "C:\Program Files\dotnet\packs\Microsoft.NETCore.App.Ref\10.0.3\ref\net10.0\System.Numerics.Vectors.dll".
             Reference found at search path location "{RawFileName}".
             This reference is not "CopyLocal" because at least one source item had "Private" set to "false" and no source items had "Private" set to "true".
         Primary reference "System.Numerics, Version=4.0.0.0, Culture=neutral, PublicKeyToken=b77a5c561934e089".
             Resolved file path is "C:\Program Files\dotnet\packs\Microsoft.NETCore.App.Ref\10.0.3\ref\net10.0\System.Numerics.dll".
             Reference found at search path location "{RawFileName}".
             This reference is not "CopyLocal" because at least one source item had "Private" set to "false" and no source items had "Private" set to "true".
         Primary reference "System.ObjectModel, Version=10.0.0.0, Culture=neutral, PublicKeyToken=b03f5f7f11d50a3a".
             Resolved file path is "C:\Program Files\dotnet\packs\Microsoft.NETCore.App.Ref\10.0.3\ref\net10.0\System.ObjectModel.dll".
             Reference found at search path location "{RawFileName}".
             This reference is not "CopyLocal" because at least one source item had "Private" set to "false" and no source items had "Private" set to "true".
         Primary reference "System.Reflection.DispatchProxy, Version=10.0.0.0, Culture=neutral, PublicKeyToken=b03f5f7f11d50a3a".
             Resolved file path is "C:\Program Files\dotnet\packs\Microsoft.NETCore.App.Ref\10.0.3\ref\net10.0\System.Reflection.DispatchProxy.dll".
             Reference found at search path location "{RawFileName}".
             This reference is not "CopyLocal" because at least one source item had "Private" set to "false" and no source items had "Private" set to "true".
         Primary reference "System.Reflection.Emit.ILGeneration, Version=10.0.0.0, Culture=neutral, PublicKeyToken=b03f5f7f11d50a3a".
             Resolved file path is "C:\Program Files\dotnet\packs\Microsoft.NETCore.App.Ref\10.0.3\ref\net10.0\System.Reflection.Emit.ILGeneration.dll".
             Reference found at search path location "{RawFileName}".
             This reference is not "CopyLocal" because at least one source item had "Private" set to "false" and no source items had "Private" set to "true".
         Primary reference "System.Reflection.Emit.Lightweight, Version=10.0.0.0, Culture=neutral, PublicKeyToken=b03f5f7f11d50a3a".
             Resolved file path is "C:\Program Files\dotnet\packs\Microsoft.NETCore.App.Ref\10.0.3\ref\net10.0\System.Reflection.Emit.Lightweight.dll".
             Reference found at search path location "{RawFileName}".
             This reference is not "CopyLocal" because at least one source item had "Private" set to "false" and no source items had "Private" set to "true".
         Primary reference "System.Reflection.Emit, Version=10.0.0.0, Culture=neutral, PublicKeyToken=b03f5f7f11d50a3a".
             Resolved file path is "C:\Program Files\dotnet\packs\Microsoft.NETCore.App.Ref\10.0.3\ref\net10.0\System.Reflection.Emit.dll".
             Reference found at search path location "{RawFileName}".
             This reference is not "CopyLocal" because at least one source item had "Private" set to "false" and no source items had "Private" set to "true".
         Primary reference "System.Reflection.Extensions, Version=10.0.0.0, Culture=neutral, PublicKeyToken=b03f5f7f11d50a3a".
             Resolved file path is "C:\Program Files\dotnet\packs\Microsoft.NETCore.App.Ref\10.0.3\ref\net10.0\System.Reflection.Extensions.dll".
             Reference found at search path location "{RawFileName}".
             This reference is not "CopyLocal" because at least one source item had "Private" set to "false" and no source items had "Private" set to "true".
         Primary reference "System.Reflection.Metadata, Version=10.0.0.0, Culture=neutral, PublicKeyToken=b03f5f7f11d50a3a".
             Resolved file path is "C:\Program Files\dotnet\packs\Microsoft.NETCore.App.Ref\10.0.3\ref\net10.0\System.Reflection.Metadata.dll".
             Reference found at search path location "{RawFileName}".
             This reference is not "CopyLocal" because at least one source item had "Private" set to "false" and no source items had "Private" set to "true".
         Primary reference "System.Reflection.Primitives, Version=10.0.0.0, Culture=neutral, PublicKeyToken=b03f5f7f11d50a3a".
             Resolved file path is "C:\Program Files\dotnet\packs\Microsoft.NETCore.App.Ref\10.0.3\ref\net10.0\System.Reflection.Primitives.dll".
             Reference found at search path location "{RawFileName}".
             This reference is not "CopyLocal" because at least one source item had "Private" set to "false" and no source items had "Private" set to "true".
         Primary reference "System.Reflection.TypeExtensions, Version=10.0.0.0, Culture=neutral, PublicKeyToken=b03f5f7f11d50a3a".
             Resolved file path is "C:\Program Files\dotnet\packs\Microsoft.NETCore.App.Ref\10.0.3\ref\net10.0\System.Reflection.TypeExtensions.dll".
             Reference found at search path location "{RawFileName}".
             This reference is not "CopyLocal" because at least one source item had "Private" set to "false" and no source items had "Private" set to "true".
         Primary reference "System.Reflection, Version=10.0.0.0, Culture=neutral, PublicKeyToken=b03f5f7f11d50a3a".
             Resolved file path is "C:\Program Files\dotnet\packs\Microsoft.NETCore.App.Ref\10.0.3\ref\net10.0\System.Reflection.dll".
             Reference found at search path location "{RawFileName}".
             This reference is not "CopyLocal" because at least one source item had "Private" set to "false" and no source items had "Private" set to "true".
         Primary reference "System.Resources.Reader, Version=10.0.0.0, Culture=neutral, PublicKeyToken=b03f5f7f11d50a3a".
             Resolved file path is "C:\Program Files\dotnet\packs\Microsoft.NETCore.App.Ref\10.0.3\ref\net10.0\System.Resources.Reader.dll".
             Reference found at search path location "{RawFileName}".
             This reference is not "CopyLocal" because at least one source item had "Private" set to "false" and no source items had "Private" set to "true".
         Primary reference "System.Resources.ResourceManager, Version=10.0.0.0, Culture=neutral, PublicKeyToken=b03f5f7f11d50a3a".
             Resolved file path is "C:\Program Files\dotnet\packs\Microsoft.NETCore.App.Ref\10.0.3\ref\net10.0\System.Resources.ResourceManager.dll".
             Reference found at search path location "{RawFileName}".
             This reference is not "CopyLocal" because at least one source item had "Private" set to "false" and no source items had "Private" set to "true".
         Primary reference "System.Resources.Writer, Version=10.0.0.0, Culture=neutral, PublicKeyToken=b03f5f7f11d50a3a".
             Resolved file path is "C:\Program Files\dotnet\packs\Microsoft.NETCore.App.Ref\10.0.3\ref\net10.0\System.Resources.Writer.dll".
             Reference found at search path location "{RawFileName}".
             This reference is not "CopyLocal" because at least one source item had "Private" set to "false" and no source items had "Private" set to "true".
         Primary reference "System.Runtime.CompilerServices.Unsafe, Version=10.0.0.0, Culture=neutral, PublicKeyToken=b03f5f7f11d50a3a".
             Resolved file path is "C:\Program Files\dotnet\packs\Microsoft.NETCore.App.Ref\10.0.3\ref\net10.0\System.Runtime.CompilerServices.Unsafe.dll".
             Reference found at search path location "{RawFileName}".
             This reference is not "CopyLocal" because at least one source item had "Private" set to "false" and no source items had "Private" set to "true".
         Primary reference "System.Runtime.CompilerServices.VisualC, Version=10.0.0.0, Culture=neutral, PublicKeyToken=b03f5f7f11d50a3a".
             Resolved file path is "C:\Program Files\dotnet\packs\Microsoft.NETCore.App.Ref\10.0.3\ref\net10.0\System.Runtime.CompilerServices.VisualC.dll".
             Reference found at search path location "{RawFileName}".
             This reference is not "CopyLocal" because at least one source item had "Private" set to "false" and no source items had "Private" set to "true".
         Primary reference "System.Runtime.Extensions, Version=10.0.0.0, Culture=neutral, PublicKeyToken=b03f5f7f11d50a3a".
             Resolved file path is "C:\Program Files\dotnet\packs\Microsoft.NETCore.App.Ref\10.0.3\ref\net10.0\System.Runtime.Extensions.dll".
             Reference found at search path location "{RawFileName}".
             This reference is not "CopyLocal" because at least one source item had "Private" set to "false" and no source items had "Private" set to "true".
         Primary reference "System.Runtime.Handles, Version=10.0.0.0, Culture=neutral, PublicKeyToken=b03f5f7f11d50a3a".
             Resolved file path is "C:\Program Files\dotnet\packs\Microsoft.NETCore.App.Ref\10.0.3\ref\net10.0\System.Runtime.Handles.dll".
             Reference found at search path location "{RawFileName}".
             This reference is not "CopyLocal" because at least one source item had "Private" set to "false" and no source items had "Private" set to "true".
         Primary reference "System.Runtime.InteropServices.JavaScript, Version=10.0.0.0, Culture=neutral, PublicKeyToken=b03f5f7f11d50a3a".
             Resolved file path is "C:\Program Files\dotnet\packs\Microsoft.NETCore.App.Ref\10.0.3\ref\net10.0\System.Runtime.InteropServices.JavaScript.dll".
             Reference found at search path location "{RawFileName}".
             This reference is not "CopyLocal" because at least one source item had "Private" set to "false" and no source items had "Private" set to "true".
         Primary reference "System.Runtime.InteropServices.RuntimeInformation, Version=10.0.0.0, Culture=neutral, PublicKeyToken=b03f5f7f11d50a3a".
             Resolved file path is "C:\Program Files\dotnet\packs\Microsoft.NETCore.App.Ref\10.0.3\ref\net10.0\System.Runtime.InteropServices.RuntimeInformation.dll".
             Reference found at search path location "{RawFileName}".
             This reference is not "CopyLocal" because at least one source item had "Private" set to "false" and no source items had "Private" set to "true".
         Primary reference "System.Runtime.InteropServices, Version=10.0.0.0, Culture=neutral, PublicKeyToken=b03f5f7f11d50a3a".
             Resolved file path is "C:\Program Files\dotnet\packs\Microsoft.NETCore.App.Ref\10.0.3\ref\net10.0\System.Runtime.InteropServices.dll".
             Reference found at search path location "{RawFileName}".
             This reference is not "CopyLocal" because at least one source item had "Private" set to "false" and no source items had "Private" set to "true".
         Primary reference "System.Runtime.Intrinsics, Version=10.0.0.0, Culture=neutral, PublicKeyToken=cc7b13ffcd2ddd51".
             Resolved file path is "C:\Program Files\dotnet\packs\Microsoft.NETCore.App.Ref\10.0.3\ref\net10.0\System.Runtime.Intrinsics.dll".
             Reference found at search path location "{RawFileName}".
             This reference is not "CopyLocal" because at least one source item had "Private" set to "false" and no source items had "Private" set to "true".
         Primary reference "System.Runtime.Loader, Version=10.0.0.0, Culture=neutral, PublicKeyToken=b03f5f7f11d50a3a".
             Resolved file path is "C:\Program Files\dotnet\packs\Microsoft.NETCore.App.Ref\10.0.3\ref\net10.0\System.Runtime.Loader.dll".
             Reference found at search path location "{RawFileName}".
             This reference is not "CopyLocal" because at least one source item had "Private" set to "false" and no source items had "Private" set to "true".
         Primary reference "System.Runtime.Numerics, Version=10.0.0.0, Culture=neutral, PublicKeyToken=b03f5f7f11d50a3a".
             Resolved file path is "C:\Program Files\dotnet\packs\Microsoft.NETCore.App.Ref\10.0.3\ref\net10.0\System.Runtime.Numerics.dll".
             Reference found at search path location "{RawFileName}".
             This reference is not "CopyLocal" because at least one source item had "Private" set to "false" and no source items had "Private" set to "true".
         Primary reference "System.Runtime.Serialization.Formatters, Version=8.1.0.0, Culture=neutral, PublicKeyToken=b03f5f7f11d50a3a".
             Resolved file path is "C:\Program Files\dotnet\packs\Microsoft.NETCore.App.Ref\10.0.3\ref\net10.0\System.Runtime.Serialization.Formatters.dll".
             Reference found at search path location "{RawFileName}".
             This reference is not "CopyLocal" because at least one source item had "Private" set to "false" and no source items had "Private" set to "true".
         Primary reference "System.Runtime.Serialization.Json, Version=10.0.0.0, Culture=neutral, PublicKeyToken=b03f5f7f11d50a3a".
             Resolved file path is "C:\Program Files\dotnet\packs\Microsoft.NETCore.App.Ref\10.0.3\ref\net10.0\System.Runtime.Serialization.Json.dll".
             Reference found at search path location "{RawFileName}".
             This reference is not "CopyLocal" because at least one source item had "Private" set to "false" and no source items had "Private" set to "true".
         Primary reference "System.Runtime.Serialization.Primitives, Version=10.0.0.0, Culture=neutral, PublicKeyToken=b03f5f7f11d50a3a".
             Resolved file path is "C:\Program Files\dotnet\packs\Microsoft.NETCore.App.Ref\10.0.3\ref\net10.0\System.Runtime.Serialization.Primitives.dll".
             Reference found at search path location "{RawFileName}".
             This reference is not "CopyLocal" because at least one source item had "Private" set to "false" and no source items had "Private" set to "true".
         Primary reference "System.Runtime.Serialization.Xml, Version=10.0.0.0, Culture=neutral, PublicKeyToken=b03f5f7f11d50a3a".
             Resolved file path is "C:\Program Files\dotnet\packs\Microsoft.NETCore.App.Ref\10.0.3\ref\net10.0\System.Runtime.Serialization.Xml.dll".
             Reference found at search path location "{RawFileName}".
             This reference is not "CopyLocal" because at least one source item had "Private" set to "false" and no source items had "Private" set to "true".
         Primary reference "System.Runtime.Serialization, Version=4.0.0.0, Culture=neutral, PublicKeyToken=b77a5c561934e089".
             Resolved file path is "C:\Program Files\dotnet\packs\Microsoft.NETCore.App.Ref\10.0.3\ref\net10.0\System.Runtime.Serialization.dll".
             Reference found at search path location "{RawFileName}".
             This reference is not "CopyLocal" because at least one source item had "Private" set to "false" and no source items had "Private" set to "true".
         Primary reference "System.Runtime, Version=10.0.0.0, Culture=neutral, PublicKeyToken=b03f5f7f11d50a3a".
             Resolved file path is "C:\Program Files\dotnet\packs\Microsoft.NETCore.App.Ref\10.0.3\ref\net10.0\System.Runtime.dll".
             Reference found at search path location "{RawFileName}".
             This reference is not "CopyLocal" because at least one source item had "Private" set to "false" and no source items had "Private" set to "true".
         Primary reference "System.Security.AccessControl, Version=10.0.0.0, Culture=neutral, PublicKeyToken=b03f5f7f11d50a3a".
             Resolved file path is "C:\Program Files\dotnet\packs\Microsoft.NETCore.App.Ref\10.0.3\ref\net10.0\System.Security.AccessControl.dll".
             Reference found at search path location "{RawFileName}".
             This reference is not "CopyLocal" because at least one source item had "Private" set to "false" and no source items had "Private" set to "true".
         Primary reference "System.Security.Claims, Version=10.0.0.0, Culture=neutral, PublicKeyToken=b03f5f7f11d50a3a".
             Resolved file path is "C:\Program Files\dotnet\packs\Microsoft.NETCore.App.Ref\10.0.3\ref\net10.0\System.Security.Claims.dll".
             Reference found at search path location "{RawFileName}".
             This reference is not "CopyLocal" because at least one source item had "Private" set to "false" and no source items had "Private" set to "true".
         Primary reference "System.Security.Cryptography.Algorithms, Version=10.0.0.0, Culture=neutral, PublicKeyToken=b03f5f7f11d50a3a".
             Resolved file path is "C:\Program Files\dotnet\packs\Microsoft.NETCore.App.Ref\10.0.3\ref\net10.0\System.Security.Cryptography.Algorithms.dll".
             Reference found at search path location "{RawFileName}".
             This reference is not "CopyLocal" because at least one source item had "Private" set to "false" and no source items had "Private" set to "true".
         Primary reference "System.Security.Cryptography.Cng, Version=10.0.0.0, Culture=neutral, PublicKeyToken=b03f5f7f11d50a3a".
             Resolved file path is "C:\Program Files\dotnet\packs\Microsoft.NETCore.App.Ref\10.0.3\ref\net10.0\System.Security.Cryptography.Cng.dll".
             Reference found at search path location "{RawFileName}".
             This reference is not "CopyLocal" because at least one source item had "Private" set to "false" and no source items had "Private" set to "true".
         Primary reference "System.Security.Cryptography.Csp, Version=10.0.0.0, Culture=neutral, PublicKeyToken=b03f5f7f11d50a3a".
             Resolved file path is "C:\Program Files\dotnet\packs\Microsoft.NETCore.App.Ref\10.0.3\ref\net10.0\System.Security.Cryptography.Csp.dll".
             Reference found at search path location "{RawFileName}".
             This reference is not "CopyLocal" because at least one source item had "Private" set to "false" and no source items had "Private" set to "true".
         Primary reference "System.Security.Cryptography.Encoding, Version=10.0.0.0, Culture=neutral, PublicKeyToken=b03f5f7f11d50a3a".
             Resolved file path is "C:\Program Files\dotnet\packs\Microsoft.NETCore.App.Ref\10.0.3\ref\net10.0\System.Security.Cryptography.Encoding.dll".
             Reference found at search path location "{RawFileName}".
             This reference is not "CopyLocal" because at least one source item had "Private" set to "false" and no source items had "Private" set to "true".
         Primary reference "System.Security.Cryptography.OpenSsl, Version=10.0.0.0, Culture=neutral, PublicKeyToken=b03f5f7f11d50a3a".
             Resolved file path is "C:\Program Files\dotnet\packs\Microsoft.NETCore.App.Ref\10.0.3\ref\net10.0\System.Security.Cryptography.OpenSsl.dll".
             Reference found at search path location "{RawFileName}".
             This reference is not "CopyLocal" because at least one source item had "Private" set to "false" and no source items had "Private" set to "true".
         Primary reference "System.Security.Cryptography.Primitives, Version=10.0.0.0, Culture=neutral, PublicKeyToken=b03f5f7f11d50a3a".
             Resolved file path is "C:\Program Files\dotnet\packs\Microsoft.NETCore.App.Ref\10.0.3\ref\net10.0\System.Security.Cryptography.Primitives.dll".
             Reference found at search path location "{RawFileName}".
             This reference is not "CopyLocal" because at least one source item had "Private" set to "false" and no source items had "Private" set to "true".
         Primary reference "System.Security.Cryptography.X509Certificates, Version=10.0.0.0, Culture=neutral, PublicKeyToken=b03f5f7f11d50a3a".
             Resolved file path is "C:\Program Files\dotnet\packs\Microsoft.NETCore.App.Ref\10.0.3\ref\net10.0\System.Security.Cryptography.X509Certificates.dll".
             Reference found at search path location "{RawFileName}".
             This reference is not "CopyLocal" because at least one source item had "Private" set to "false" and no source items had "Private" set to "true".
         Primary reference "System.Security.Cryptography, Version=10.0.0.0, Culture=neutral, PublicKeyToken=b03f5f7f11d50a3a".
             Resolved file path is "C:\Program Files\dotnet\packs\Microsoft.NETCore.App.Ref\10.0.3\ref\net10.0\System.Security.Cryptography.dll".
             Reference found at search path location "{RawFileName}".
             This reference is not "CopyLocal" because at least one source item had "Private" set to "false" and no source items had "Private" set to "true".
         Primary reference "System.Security.Principal.Windows, Version=10.0.0.0, Culture=neutral, PublicKeyToken=b03f5f7f11d50a3a".
             Resolved file path is "C:\Program Files\dotnet\packs\Microsoft.NETCore.App.Ref\10.0.3\ref\net10.0\System.Security.Principal.Windows.dll".
             Reference found at search path location "{RawFileName}".
             This reference is not "CopyLocal" because at least one source item had "Private" set to "false" and no source items had "Private" set to "true".
         Primary reference "System.Security.Principal, Version=10.0.0.0, Culture=neutral, PublicKeyToken=b03f5f7f11d50a3a".
             Resolved file path is "C:\Program Files\dotnet\packs\Microsoft.NETCore.App.Ref\10.0.3\ref\net10.0\System.Security.Principal.dll".
             Reference found at search path location "{RawFileName}".
             This reference is not "CopyLocal" because at least one source item had "Private" set to "false" and no source items had "Private" set to "true".
         Primary reference "System.Security.SecureString, Version=10.0.0.0, Culture=neutral, PublicKeyToken=b03f5f7f11d50a3a".
             Resolved file path is "C:\Program Files\dotnet\packs\Microsoft.NETCore.App.Ref\10.0.3\ref\net10.0\System.Security.SecureString.dll".
             Reference found at search path location "{RawFileName}".
             This reference is not "CopyLocal" because at least one source item had "Private" set to "false" and no source items had "Private" set to "true".
         Primary reference "System.Security, Version=4.0.0.0, Culture=neutral, PublicKeyToken=b03f5f7f11d50a3a".
             Resolved file path is "C:\Program Files\dotnet\packs\Microsoft.NETCore.App.Ref\10.0.3\ref\net10.0\System.Security.dll".
             Reference found at search path location "{RawFileName}".
             This reference is not "CopyLocal" because at least one source item had "Private" set to "false" and no source items had "Private" set to "true".
         Primary reference "System.ServiceModel.Web, Version=4.0.0.0, Culture=neutral, PublicKeyToken=31bf3856ad364e35".
             Resolved file path is "C:\Program Files\dotnet\packs\Microsoft.NETCore.App.Ref\10.0.3\ref\net10.0\System.ServiceModel.Web.dll".
             Reference found at search path location "{RawFileName}".
             This reference is not "CopyLocal" because at least one source item had "Private" set to "false" and no source items had "Private" set to "true".
         Primary reference "System.ServiceProcess, Version=4.0.0.0, Culture=neutral, PublicKeyToken=b03f5f7f11d50a3a".
             Resolved file path is "C:\Program Files\dotnet\packs\Microsoft.NETCore.App.Ref\10.0.3\ref\net10.0\System.ServiceProcess.dll".
             Reference found at search path location "{RawFileName}".
             This reference is not "CopyLocal" because at least one source item had "Private" set to "false" and no source items had "Private" set to "true".
         Primary reference "System.Text.Encoding.CodePages, Version=10.0.0.0, Culture=neutral, PublicKeyToken=b03f5f7f11d50a3a".
             Resolved file path is "C:\Program Files\dotnet\packs\Microsoft.NETCore.App.Ref\10.0.3\ref\net10.0\System.Text.Encoding.CodePages.dll".
             Reference found at search path location "{RawFileName}".
             This reference is not "CopyLocal" because at least one source item had "Private" set to "false" and no source items had "Private" set to "true".
         Primary reference "System.Text.Encoding.Extensions, Version=10.0.0.0, Culture=neutral, PublicKeyToken=b03f5f7f11d50a3a".
             Resolved file path is "C:\Program Files\dotnet\packs\Microsoft.NETCore.App.Ref\10.0.3\ref\net10.0\System.Text.Encoding.Extensions.dll".
             Reference found at search path location "{RawFileName}".
             This reference is not "CopyLocal" because at least one source item had "Private" set to "false" and no source items had "Private" set to "true".
         Primary reference "System.Text.Encoding, Version=10.0.0.0, Culture=neutral, PublicKeyToken=b03f5f7f11d50a3a".
             Resolved file path is "C:\Program Files\dotnet\packs\Microsoft.NETCore.App.Ref\10.0.3\ref\net10.0\System.Text.Encoding.dll".
             Reference found at search path location "{RawFileName}".
             This reference is not "CopyLocal" because at least one source item had "Private" set to "false" and no source items had "Private" set to "true".
         Primary reference "System.Text.Encodings.Web, Version=10.0.0.0, Culture=neutral, PublicKeyToken=cc7b13ffcd2ddd51".
             Resolved file path is "C:\Program Files\dotnet\packs\Microsoft.NETCore.App.Ref\10.0.3\ref\net10.0\System.Text.Encodings.Web.dll".
             Reference found at search path location "{RawFileName}".
             This reference is not "CopyLocal" because at least one source item had "Private" set to "false" and no source items had "Private" set to "true".
         Primary reference "System.Text.Json, Version=10.0.0.0, Culture=neutral, PublicKeyToken=cc7b13ffcd2ddd51".
             Resolved file path is "C:\Program Files\dotnet\packs\Microsoft.NETCore.App.Ref\10.0.3\ref\net10.0\System.Text.Json.dll".
             Reference found at search path location "{RawFileName}".
             This reference is not "CopyLocal" because at least one source item had "Private" set to "false" and no source items had "Private" set to "true".
         Primary reference "System.Text.RegularExpressions, Version=10.0.0.0, Culture=neutral, PublicKeyToken=b03f5f7f11d50a3a".
             Resolved file path is "C:\Program Files\dotnet\packs\Microsoft.NETCore.App.Ref\10.0.3\ref\net10.0\System.Text.RegularExpressions.dll".
             Reference found at search path location "{RawFileName}".
             This reference is not "CopyLocal" because at least one source item had "Private" set to "false" and no source items had "Private" set to "true".
         Primary reference "System.Threading.AccessControl, Version=10.0.0.0, Culture=neutral, PublicKeyToken=b03f5f7f11d50a3a".
             Resolved file path is "C:\Program Files\dotnet\packs\Microsoft.NETCore.App.Ref\10.0.3\ref\net10.0\System.Threading.AccessControl.dll".
             Reference found at search path location "{RawFileName}".
             This reference is not "CopyLocal" because at least one source item had "Private" set to "false" and no source items had "Private" set to "true".
         Primary reference "System.Threading.Channels, Version=10.0.0.0, Culture=neutral, PublicKeyToken=cc7b13ffcd2ddd51".
             Resolved file path is "C:\Program Files\dotnet\packs\Microsoft.NETCore.App.Ref\10.0.3\ref\net10.0\System.Threading.Channels.dll".
             Reference found at search path location "{RawFileName}".
             This reference is not "CopyLocal" because at least one source item had "Private" set to "false" and no source items had "Private" set to "true".
         Primary reference "System.Threading.Overlapped, Version=10.0.0.0, Culture=neutral, PublicKeyToken=b03f5f7f11d50a3a".
             Resolved file path is "C:\Program Files\dotnet\packs\Microsoft.NETCore.App.Ref\10.0.3\ref\net10.0\System.Threading.Overlapped.dll".
             Reference found at search path location "{RawFileName}".
             This reference is not "CopyLocal" because at least one source item had "Private" set to "false" and no source items had "Private" set to "true".
         Primary reference "System.Threading.Tasks.Dataflow, Version=10.0.0.0, Culture=neutral, PublicKeyToken=b03f5f7f11d50a3a".
             Resolved file path is "C:\Program Files\dotnet\packs\Microsoft.NETCore.App.Ref\10.0.3\ref\net10.0\System.Threading.Tasks.Dataflow.dll".
             Reference found at search path location "{RawFileName}".
             This reference is not "CopyLocal" because at least one source item had "Private" set to "false" and no source items had "Private" set to "true".
         Primary reference "System.Threading.Tasks.Extensions, Version=10.0.0.0, Culture=neutral, PublicKeyToken=cc7b13ffcd2ddd51".
             Resolved file path is "C:\Program Files\dotnet\packs\Microsoft.NETCore.App.Ref\10.0.3\ref\net10.0\System.Threading.Tasks.Extensions.dll".
             Reference found at search path location "{RawFileName}".
             This reference is not "CopyLocal" because at least one source item had "Private" set to "false" and no source items had "Private" set to "true".
         Primary reference "System.Threading.Tasks.Parallel, Version=10.0.0.0, Culture=neutral, PublicKeyToken=b03f5f7f11d50a3a".
             Resolved file path is "C:\Program Files\dotnet\packs\Microsoft.NETCore.App.Ref\10.0.3\ref\net10.0\System.Threading.Tasks.Parallel.dll".
             Reference found at search path location "{RawFileName}".
             This reference is not "CopyLocal" because at least one source item had "Private" set to "false" and no source items had "Private" set to "true".
         Primary reference "System.Threading.Tasks, Version=10.0.0.0, Culture=neutral, PublicKeyToken=b03f5f7f11d50a3a".
             Resolved file path is "C:\Program Files\dotnet\packs\Microsoft.NETCore.App.Ref\10.0.3\ref\net10.0\System.Threading.Tasks.dll".
             Reference found at search path location "{RawFileName}".
             This reference is not "CopyLocal" because at least one source item had "Private" set to "false" and no source items had "Private" set to "true".
         Primary reference "System.Threading.Thread, Version=10.0.0.0, Culture=neutral, PublicKeyToken=b03f5f7f11d50a3a".
             Resolved file path is "C:\Program Files\dotnet\packs\Microsoft.NETCore.App.Ref\10.0.3\ref\net10.0\System.Threading.Thread.dll".
             Reference found at search path location "{RawFileName}".
             This reference is not "CopyLocal" because at least one source item had "Private" set to "false" and no source items had "Private" set to "true".
         Primary reference "System.Threading.ThreadPool, Version=10.0.0.0, Culture=neutral, PublicKeyToken=b03f5f7f11d50a3a".
             Resolved file path is "C:\Program Files\dotnet\packs\Microsoft.NETCore.App.Ref\10.0.3\ref\net10.0\System.Threading.ThreadPool.dll".
             Reference found at search path location "{RawFileName}".
             This reference is not "CopyLocal" because at least one source item had "Private" set to "false" and no source items had "Private" set to "true".
         Primary reference "System.Threading.Timer, Version=10.0.0.0, Culture=neutral, PublicKeyToken=b03f5f7f11d50a3a".
             Resolved file path is "C:\Program Files\dotnet\packs\Microsoft.NETCore.App.Ref\10.0.3\ref\net10.0\System.Threading.Timer.dll".
             Reference found at search path location "{RawFileName}".
             This reference is not "CopyLocal" because at least one source item had "Private" set to "false" and no source items had "Private" set to "true".
         Primary reference "System.Threading, Version=10.0.0.0, Culture=neutral, PublicKeyToken=b03f5f7f11d50a3a".
             Resolved file path is "C:\Program Files\dotnet\packs\Microsoft.NETCore.App.Ref\10.0.3\ref\net10.0\System.Threading.dll".
             Reference found at search path location "{RawFileName}".
             This reference is not "CopyLocal" because at least one source item had "Private" set to "false" and no source items had "Private" set to "true".
         Primary reference "System.Transactions.Local, Version=10.0.0.0, Culture=neutral, PublicKeyToken=cc7b13ffcd2ddd51".
             Resolved file path is "C:\Program Files\dotnet\packs\Microsoft.NETCore.App.Ref\10.0.3\ref\net10.0\System.Transactions.Local.dll".
             Reference found at search path location "{RawFileName}".
             This reference is not "CopyLocal" because at least one source item had "Private" set to "false" and no source items had "Private" set to "true".
         Primary reference "System.Transactions, Version=4.0.0.0, Culture=neutral, PublicKeyToken=b77a5c561934e089".
             Resolved file path is "C:\Program Files\dotnet\packs\Microsoft.NETCore.App.Ref\10.0.3\ref\net10.0\System.Transactions.dll".
             Reference found at search path location "{RawFileName}".
             This reference is not "CopyLocal" because at least one source item had "Private" set to "false" and no source items had "Private" set to "true".
         Primary reference "System.ValueTuple, Version=10.0.0.0, Culture=neutral, PublicKeyToken=cc7b13ffcd2ddd51".
             Resolved file path is "C:\Program Files\dotnet\packs\Microsoft.NETCore.App.Ref\10.0.3\ref\net10.0\System.ValueTuple.dll".
             Reference found at search path location "{RawFileName}".
             This reference is not "CopyLocal" because at least one source item had "Private" set to "false" and no source items had "Private" set to "true".
         Primary reference "System.Web.HttpUtility, Version=10.0.0.0, Culture=neutral, PublicKeyToken=cc7b13ffcd2ddd51".
             Resolved file path is "C:\Program Files\dotnet\packs\Microsoft.NETCore.App.Ref\10.0.3\ref\net10.0\System.Web.HttpUtility.dll".
             Reference found at search path location "{RawFileName}".
             This reference is not "CopyLocal" because at least one source item had "Private" set to "false" and no source items had "Private" set to "true".
         Primary reference "System.Web, Version=4.0.0.0, Culture=neutral, PublicKeyToken=b03f5f7f11d50a3a".
             Resolved file path is "C:\Program Files\dotnet\packs\Microsoft.NETCore.App.Ref\10.0.3\ref\net10.0\System.Web.dll".
             Reference found at search path location "{RawFileName}".
             This reference is not "CopyLocal" because at least one source item had "Private" set to "false" and no source items had "Private" set to "true".
         Primary reference "System.Windows, Version=4.0.0.0, Culture=neutral, PublicKeyToken=b03f5f7f11d50a3a".
             Resolved file path is "C:\Program Files\dotnet\packs\Microsoft.NETCore.App.Ref\10.0.3\ref\net10.0\System.Windows.dll".
             Reference found at search path location "{RawFileName}".
             This reference is not "CopyLocal" because at least one source item had "Private" set to "false" and no source items had "Private" set to "true".
         Primary reference "System.Xml.Linq, Version=4.0.0.0, Culture=neutral, PublicKeyToken=b77a5c561934e089".
             Resolved file path is "C:\Program Files\dotnet\packs\Microsoft.NETCore.App.Ref\10.0.3\ref\net10.0\System.Xml.Linq.dll".
             Reference found at search path location "{RawFileName}".
             This reference is not "CopyLocal" because at least one source item had "Private" set to "false" and no source items had "Private" set to "true".
         Primary reference "System.Xml.ReaderWriter, Version=10.0.0.0, Culture=neutral, PublicKeyToken=b03f5f7f11d50a3a".
             Resolved file path is "C:\Program Files\dotnet\packs\Microsoft.NETCore.App.Ref\10.0.3\ref\net10.0\System.Xml.ReaderWriter.dll".
             Reference found at search path location "{RawFileName}".
             This reference is not "CopyLocal" because at least one source item had "Private" set to "false" and no source items had "Private" set to "true".
         Primary reference "System.Xml.Serialization, Version=4.0.0.0, Culture=neutral, PublicKeyToken=b77a5c561934e089".
             Resolved file path is "C:\Program Files\dotnet\packs\Microsoft.NETCore.App.Ref\10.0.3\ref\net10.0\System.Xml.Serialization.dll".
             Reference found at search path location "{RawFileName}".
             This reference is not "CopyLocal" because at least one source item had "Private" set to "false" and no source items had "Private" set to "true".
         Primary reference "System.Xml.XDocument, Version=10.0.0.0, Culture=neutral, PublicKeyToken=b03f5f7f11d50a3a".
             Resolved file path is "C:\Program Files\dotnet\packs\Microsoft.NETCore.App.Ref\10.0.3\ref\net10.0\System.Xml.XDocument.dll".
             Reference found at search path location "{RawFileName}".
             This reference is not "CopyLocal" because at least one source item had "Private" set to "false" and no source items had "Private" set to "true".
         Primary reference "System.Xml.XPath.XDocument, Version=10.0.0.0, Culture=neutral, PublicKeyToken=b03f5f7f11d50a3a".
             Resolved file path is "C:\Program Files\dotnet\packs\Microsoft.NETCore.App.Ref\10.0.3\ref\net10.0\System.Xml.XPath.XDocument.dll".
             Reference found at search path location "{RawFileName}".
             This reference is not "CopyLocal" because at least one source item had "Private" set to "false" and no source items had "Private" set to "true".
         Primary reference "System.Xml.XPath, Version=10.0.0.0, Culture=neutral, PublicKeyToken=b03f5f7f11d50a3a".
             Resolved file path is "C:\Program Files\dotnet\packs\Microsoft.NETCore.App.Ref\10.0.3\ref\net10.0\System.Xml.XPath.dll".
             Reference found at search path location "{RawFileName}".
             This reference is not "CopyLocal" because at least one source item had "Private" set to "false" and no source items had "Private" set to "true".
         Primary reference "System.Xml.XmlDocument, Version=10.0.0.0, Culture=neutral, PublicKeyToken=b03f5f7f11d50a3a".
             Resolved file path is "C:\Program Files\dotnet\packs\Microsoft.NETCore.App.Ref\10.0.3\ref\net10.0\System.Xml.XmlDocument.dll".
             Reference found at search path location "{RawFileName}".
             This reference is not "CopyLocal" because at least one source item had "Private" set to "false" and no source items had "Private" set to "true".
         Primary reference "System.Xml.XmlSerializer, Version=10.0.0.0, Culture=neutral, PublicKeyToken=b03f5f7f11d50a3a".
             Resolved file path is "C:\Program Files\dotnet\packs\Microsoft.NETCore.App.Ref\10.0.3\ref\net10.0\System.Xml.XmlSerializer.dll".
             Reference found at search path location "{RawFileName}".
             This reference is not "CopyLocal" because at least one source item had "Private" set to "false" and no source items had "Private" set to "true".
         Primary reference "System.Xml, Version=4.0.0.0, Culture=neutral, PublicKeyToken=b77a5c561934e089".
             Resolved file path is "C:\Program Files\dotnet\packs\Microsoft.NETCore.App.Ref\10.0.3\ref\net10.0\System.Xml.dll".
             Reference found at search path location "{RawFileName}".
             This reference is not "CopyLocal" because at least one source item had "Private" set to "false" and no source items had "Private" set to "true".
         Primary reference "System, Version=4.0.0.0, Culture=neutral, PublicKeyToken=b77a5c561934e089".
             Resolved file path is "C:\Program Files\dotnet\packs\Microsoft.NETCore.App.Ref\10.0.3\ref\net10.0\System.dll".
             Reference found at search path location "{RawFileName}".
             This reference is not "CopyLocal" because at least one source item had "Private" set to "false" and no source items had "Private" set to "true".
         Primary reference "WindowsBase, Version=4.0.0.0, Culture=neutral, PublicKeyToken=31bf3856ad364e35".
             Resolved file path is "C:\Program Files\dotnet\packs\Microsoft.NETCore.App.Ref\10.0.3\ref\net10.0\WindowsBase.dll".
             Reference found at search path location "{RawFileName}".
             This reference is not "CopyLocal" because at least one source item had "Private" set to "false" and no source items had "Private" set to "true".
         Primary reference "mscorlib, Version=4.0.0.0, Culture=neutral, PublicKeyToken=b77a5c561934e089".
             Resolved file path is "C:\Program Files\dotnet\packs\Microsoft.NETCore.App.Ref\10.0.3\ref\net10.0\mscorlib.dll".
             Reference found at search path location "{RawFileName}".
             This reference is not "CopyLocal" because at least one source item had "Private" set to "false" and no source items had "Private" set to "true".
         Primary reference "netstandard, Version=2.1.0.0, Culture=neutral, PublicKeyToken=cc7b13ffcd2ddd51".
             Resolved file path is "C:\Program Files\dotnet\packs\Microsoft.NETCore.App.Ref\10.0.3\ref\net10.0\netstandard.dll".
             Reference found at search path location "{RawFileName}".
             This reference is not "CopyLocal" because at least one source item had "Private" set to "false" and no source items had "Private" set to "true".
       Done executing task "ResolveAssemblyReference".
  7:10>Done building target "ResolveAssemblyReferences" in project "TicketConsolidator.Domain.csproj".
  7:10>Target "AfterResolveReferences" in file "C:\Program Files\dotnet\sdk\10.0.103\Microsoft.Common.CurrentVersion.targets" from project "c:\Apps\TicketConsolidator\src\TicketConsolidator.Domain\TicketConsolidator.Domain.csproj" (target "ResolveReferences" depends on it):
  7:10>Done building target "AfterResolveReferences" in project "TicketConsolidator.Domain.csproj".
  7:10>Target "ResolveReferences" in file "C:\Program Files\dotnet\sdk\10.0.103\Microsoft.Common.CurrentVersion.targets" from project "c:\Apps\TicketConsolidator\src\TicketConsolidator.Domain\TicketConsolidator.Domain.csproj" (target "_BlockWinMDsOnUnsupportedTFMs" depends on it):
  7:10>Done building target "ResolveReferences" in project "TicketConsolidator.Domain.csproj".
  7:10>Target "_BlockWinMDsOnUnsupportedTFMs" in file "C:\Program Files\dotnet\sdk\10.0.103\Sdks\Microsoft.NET.Sdk\targets\Microsoft.NET.Sdk.targets" from project "c:\Apps\TicketConsolidator\src\TicketConsolidator.Domain\TicketConsolidator.Domain.csproj" (target "CoreBuild" depends on it):
       Using "CheckForUnsupportedWinMDReferences" task from assembly "C:\Program Files\dotnet\sdk\10.0.103\Sdks\Microsoft.NET.Sdk\targets\..\tools\net10.0\Microsoft.NET.Build.Tasks.dll".
       Task "CheckForUnsupportedWinMDReferences"
       Done executing task "CheckForUnsupportedWinMDReferences".
  7:10>Done building target "_BlockWinMDsOnUnsupportedTFMs" in project "TicketConsolidator.Domain.csproj".
       Target "ResolveReferences" skipped. Previously built successfully.
       Target "ResolvePackageDependenciesForBuild" skipped. Previously built successfully.
       Target "_HandlePackageFileConflicts" skipped. Previously built successfully.
  7:10>Target "CopyAdditionalFiles" in file "C:\Program Files\dotnet\sdk\10.0.103\Roslyn\Microsoft.Managed.Core.targets" from project "c:\Apps\TicketConsolidator\src\TicketConsolidator.Domain\TicketConsolidator.Domain.csproj" (target "AssignTargetPaths" depends on it):
  7:10>Done building target "CopyAdditionalFiles" in project "TicketConsolidator.Domain.csproj".
  7:10>Target "_ComputeNETCoreBuildOutputFiles" in file "C:\Program Files\dotnet\sdk\10.0.103\Sdks\Microsoft.NET.Sdk\targets\Microsoft.NET.Sdk.targets" from project "c:\Apps\TicketConsolidator\src\TicketConsolidator.Domain\TicketConsolidator.Domain.csproj" (target "AssignTargetPaths" depends on it):
  7:10>Done building target "_ComputeNETCoreBuildOutputFiles" in project "TicketConsolidator.Domain.csproj".
  7:10>Target "AssignTargetPaths" in file "C:\Program Files\dotnet\sdk\10.0.103\Microsoft.Common.CurrentVersion.targets" from project "c:\Apps\TicketConsolidator\src\TicketConsolidator.Domain\TicketConsolidator.Domain.csproj" (target "PrepareResourceNames" depends on it):
       Using "AssignTargetPath" task from assembly "Microsoft.Build.Tasks.Core, Version=15.1.0.0, Culture=neutral, PublicKeyToken=b03f5f7f11d50a3a".
       Task "AssignTargetPath"
       Done executing task "AssignTargetPath".
       Task "AssignTargetPath"
       Done executing task "AssignTargetPath".
       Task "AssignTargetPath"
       Done executing task "AssignTargetPath".
       Task "AssignTargetPath"
       Done executing task "AssignTargetPath".
  7:10>Done building target "AssignTargetPaths" in project "TicketConsolidator.Domain.csproj".
       Target "AssignTargetPaths" skipped. Previously built successfully.
  7:10>Target "SplitResourcesByCulture" in file "C:\Program Files\dotnet\sdk\10.0.103\Microsoft.Common.CurrentVersion.targets" from project "c:\Apps\TicketConsolidator\src\TicketConsolidator.Domain\TicketConsolidator.Domain.csproj" (target "PrepareResourceNames" depends on it):
       Using "AssignCulture" task from assembly "Microsoft.Build.Tasks.Core, Version=15.1.0.0, Culture=neutral, PublicKeyToken=b03f5f7f11d50a3a".
       Task "AssignCulture"
       Done executing task "AssignCulture".
  7:10>Done building target "SplitResourcesByCulture" in project "TicketConsolidator.Domain.csproj".
  7:10>Target "CreateCustomManifestResourceNames" in file "C:\Program Files\dotnet\sdk\10.0.103\Microsoft.Common.CurrentVersion.targets" from project "c:\Apps\TicketConsolidator\src\TicketConsolidator.Domain\TicketConsolidator.Domain.csproj" (target "PrepareResourceNames" depends on it):
  7:10>Done building target "CreateCustomManifestResourceNames" in project "TicketConsolidator.Domain.csproj".
  7:10>Target "PrepareResourceNames" in file "C:\Program Files\dotnet\sdk\10.0.103\Microsoft.Common.CurrentVersion.targets" from project "c:\Apps\TicketConsolidator\src\TicketConsolidator.Domain\TicketConsolidator.Domain.csproj" (target "PrepareResources" depends on it):
  7:10>Done building target "PrepareResourceNames" in project "TicketConsolidator.Domain.csproj".
       Target "ResolveAssemblyReferences" skipped. Previously built successfully.
       Target "SplitResourcesByCulture" skipped. Previously built successfully.
  7:10>Target "BeforeResGen" in file "C:\Program Files\dotnet\sdk\10.0.103\Microsoft.Common.CurrentVersion.targets" from project "c:\Apps\TicketConsolidator\src\TicketConsolidator.Domain\TicketConsolidator.Domain.csproj" (target "ResGen" depends on it):
  7:10>Done building target "BeforeResGen" in project "TicketConsolidator.Domain.csproj".
       Target "ResolveReferences" skipped. Previously built successfully.
  7:10>Target "FindReferenceAssembliesForReferences" in file "C:\Program Files\dotnet\sdk\10.0.103\Microsoft.Common.CurrentVersion.targets" from project "c:\Apps\TicketConsolidator\src\TicketConsolidator.Domain\TicketConsolidator.Domain.csproj" (target "CoreResGen" depends on it):
  7:10>Done building target "FindReferenceAssembliesForReferences" in project "TicketConsolidator.Domain.csproj".
  7:10>Target "CoreResGen" in file "C:\Program Files\dotnet\sdk\10.0.103\Microsoft.Common.CurrentVersion.targets" from project "c:\Apps\TicketConsolidator\src\TicketConsolidator.Domain\TicketConsolidator.Domain.csproj" (target "ResGen" depends on it):
  7:10>Done building target "CoreResGen" in project "TicketConsolidator.Domain.csproj".
  7:10>Target "AfterResGen" in file "C:\Program Files\dotnet\sdk\10.0.103\Microsoft.Common.CurrentVersion.targets" from project "c:\Apps\TicketConsolidator\src\TicketConsolidator.Domain\TicketConsolidator.Domain.csproj" (target "ResGen" depends on it):
  7:10>Done building target "AfterResGen" in project "TicketConsolidator.Domain.csproj".
  7:10>Target "ResGen" in file "C:\Program Files\dotnet\sdk\10.0.103\Microsoft.Common.CurrentVersion.targets" from project "c:\Apps\TicketConsolidator\src\TicketConsolidator.Domain\TicketConsolidator.Domain.csproj" (target "PrepareResources" depends on it):
  7:10>Done building target "ResGen" in project "TicketConsolidator.Domain.csproj".
  7:10>Target "PrepareResources" in file "C:\Program Files\dotnet\sdk\10.0.103\Microsoft.Common.CurrentVersion.targets" from project "c:\Apps\TicketConsolidator\src\TicketConsolidator.Domain\TicketConsolidator.Domain.csproj" (target "CoreBuild" depends on it):
  7:10>Done building target "PrepareResources" in project "TicketConsolidator.Domain.csproj".
       Target "ResolveReferences" skipped. Previously built successfully.
  7:10>Target "_SetEmbeddedWin32ManifestProperties" in file "C:\Program Files\dotnet\sdk\10.0.103\Microsoft.Common.CurrentVersion.targets" from project "c:\Apps\TicketConsolidator\src\TicketConsolidator.Domain\TicketConsolidator.Domain.csproj" (target "SetWin32ManifestProperties" depends on it):
       Using "GetFrameworkPath" task from assembly "Microsoft.Build.Tasks.Core, Version=15.1.0.0, Culture=neutral, PublicKeyToken=b03f5f7f11d50a3a".
       Task "GetFrameworkPath"
       Done executing task "GetFrameworkPath".
  7:10>Done building target "_SetEmbeddedWin32ManifestProperties" in project "TicketConsolidator.Domain.csproj".
  7:10>Target "SetWin32ManifestProperties" in file "C:\Program Files\dotnet\sdk\10.0.103\Microsoft.Common.CurrentVersion.targets" from project "c:\Apps\TicketConsolidator\src\TicketConsolidator.Domain\TicketConsolidator.Domain.csproj" (target "Compile" depends on it):
  7:10>Done building target "SetWin32ManifestProperties" in project "TicketConsolidator.Domain.csproj".
       Target "FindReferenceAssembliesForReferences" skipped. Previously built successfully.
  7:10>Target "_GenerateCompileInputs" in file "C:\Program Files\dotnet\sdk\10.0.103\Microsoft.Common.CurrentVersion.targets" from project "c:\Apps\TicketConsolidator\src\TicketConsolidator.Domain\TicketConsolidator.Domain.csproj" (target "Compile" depends on it):
  7:10>Done building target "_GenerateCompileInputs" in project "TicketConsolidator.Domain.csproj".
       Target "PrepareForBuild" skipped. Previously built successfully.
  7:10>Target "GenerateMSBuildEditorConfigFileShouldRun" in file "C:\Program Files\dotnet\sdk\10.0.103\Roslyn\Microsoft.Managed.Core.targets" from project "c:\Apps\TicketConsolidator\src\TicketConsolidator.Domain\TicketConsolidator.Domain.csproj" (target "GenerateMSBuildEditorConfigFile" depends on it):
  7:10>Done building target "GenerateMSBuildEditorConfigFileShouldRun" in project "TicketConsolidator.Domain.csproj".
  7:10>Target "AddGlobalAnalyzerConfigForPackage_MicrosoftCodeAnalysisCSharpCodeStyle" in file "C:\Program Files\dotnet\sdk\10.0.103\Sdks\Microsoft.NET.Sdk\codestyle\cs\build\Microsoft.CodeAnalysis.CSharp.CodeStyle.targets" from project "c:\Apps\TicketConsolidator\src\TicketConsolidator.Domain\TicketConsolidator.Domain.csproj" (target "GenerateMSBuildEditorConfigFileCore" depends on it):
  7:10>Done building target "AddGlobalAnalyzerConfigForPackage_MicrosoftCodeAnalysisCSharpCodeStyle" in project "TicketConsolidator.Domain.csproj".
  7:10>Target "GenerateMSBuildEditorConfigFileCore" in file "C:\Program Files\dotnet\sdk\10.0.103\Roslyn\Microsoft.Managed.Core.targets" from project "c:\Apps\TicketConsolidator\src\TicketConsolidator.Domain\TicketConsolidator.Domain.csproj" (target "GenerateMSBuildEditorConfigFile" depends on it):
       Building target "GenerateMSBuildEditorConfigFileCore" completely.
       No input files were specified.
       Using "GenerateMSBuildEditorConfig" task from assembly "C:\Program Files\dotnet\sdk\10.0.103\Sdks\Microsoft.NET.Sdk\targets\..\..\..\Roslyn\Microsoft.Build.Tasks.CodeAnalysis.dll".
       Task "GenerateMSBuildEditorConfig"
       Done executing task "GenerateMSBuildEditorConfig".
  7:10>Done building target "GenerateMSBuildEditorConfigFileCore" in project "TicketConsolidator.Domain.csproj".
  7:10>Target "GenerateMSBuildEditorConfigFile" in file "C:\Program Files\dotnet\sdk\10.0.103\Roslyn\Microsoft.Managed.Core.targets" from project "c:\Apps\TicketConsolidator\src\TicketConsolidator.Domain\TicketConsolidator.Domain.csproj" (target "BeforeCompile" depends on it):
  7:10>Done building target "GenerateMSBuildEditorConfigFile" in project "TicketConsolidator.Domain.csproj".
       Target "PrepareForBuild" skipped. Previously built successfully.
       Target "GetReferenceAssemblyPaths" skipped. Previously built successfully.
  7:10>Target "_SetTargetFrameworkMonikerAttribute" in file "C:\Program Files\dotnet\sdk\10.0.103\Microsoft.CSharp.CurrentVersion.targets" from project "c:\Apps\TicketConsolidator\src\TicketConsolidator.Domain\TicketConsolidator.Domain.csproj" (target "GenerateTargetFrameworkMonikerAttribute" depends on it):
  7:10>Done building target "_SetTargetFrameworkMonikerAttribute" in project "TicketConsolidator.Domain.csproj".
  7:10>Target "GenerateTargetFrameworkMonikerAttribute" in file "C:\Program Files\dotnet\sdk\10.0.103\Microsoft.Common.CurrentVersion.targets" from project "c:\Apps\TicketConsolidator\src\TicketConsolidator.Domain\TicketConsolidator.Domain.csproj" (target "BeforeCompile" depends on it):
       Skipping target "GenerateTargetFrameworkMonikerAttribute" because all output files are up-to-date with respect to the input files.
       Input files: C:\Program Files\dotnet\sdk\10.0.103\Microsoft.Common.targets
       Output files: obj\Debug\net10.0\.NETCoreApp,Version=v10.0.AssemblyAttributes.cs
  7:10>Done building target "GenerateTargetFrameworkMonikerAttribute" in project "TicketConsolidator.Domain.csproj".
       Target "PrepareForBuild" skipped. Previously built successfully.
  7:10>Target "GetAssemblyVersion" in file "C:\Program Files\dotnet\sdk\10.0.103\Sdks\Microsoft.NET.Sdk\targets\Microsoft.NET.GenerateAssemblyInfo.targets" from project "c:\Apps\TicketConsolidator\src\TicketConsolidator.Domain\TicketConsolidator.Domain.csproj" (target "GetAssemblyAttributes" depends on it):
  7:10>Done building target "GetAssemblyVersion" in project "TicketConsolidator.Domain.csproj".
  7:10>Target "InitializeSourceControlInformationFromSourceControlManager" in file "C:\Program Files\dotnet\sdk\10.0.103\Sdks\Microsoft.Build.Tasks.Git\build\Microsoft.Build.Tasks.Git.targets" from project "c:\Apps\TicketConsolidator\src\TicketConsolidator.Domain\TicketConsolidator.Domain.csproj" (target "_InitializeSourceControlInformationFromSourceControlManager" depends on it):
       Using "Microsoft.Build.Tasks.Git.LocateRepository" task from assembly "C:\Program Files\dotnet\sdk\10.0.103\Sdks\Microsoft.Build.Tasks.Git\build\..\tools\net\Microsoft.Build.Tasks.Git.dll".
       Task "Microsoft.Build.Tasks.Git.LocateRepository"
         SourceLink: Repository instance not found in cache: '*:c:\Apps\TicketConsolidator\.git'
       Done executing task "Microsoft.Build.Tasks.Git.LocateRepository".
  7:10>Done building target "InitializeSourceControlInformationFromSourceControlManager" in project "TicketConsolidator.Domain.csproj".
  7:10>Target "_SourceLinkHasSingleProvider" in file "C:\Program Files\dotnet\sdk\10.0.103\Sdks\Microsoft.SourceLink.Common\build\InitializeSourceControlInformation.targets" from project "c:\Apps\TicketConsolidator\src\TicketConsolidator.Domain\TicketConsolidator.Domain.csproj" (target "_InitializeSourceControlInformationFromSourceControlManager" depends on it):
       Assembly loaded during TaskRun: Microsoft.SourceLink.Common, Version=10.0.14.7603, Culture=neutral, PublicKeyToken=31bf3856ad364e35 (location: C:\Program Files\dotnet\sdk\10.0.103\Sdks\Microsoft.SourceLink.Common\tools\net\Microsoft.SourceLink.Common.dll, MVID: 390b9e9c-19e1-474f-88ad-4e0ebb843a0f, AssemblyLoadContext: MSBuild plugin C:\Program Files\dotnet\sdk\10.0.103\Sdks\Microsoft.SourceLink.Common\tools\net\Microsoft.SourceLink.Common.dll)
       Using "Microsoft.SourceLink.Common.SourceLinkHasSingleProvider" task from assembly "C:\Program Files\dotnet\sdk\10.0.103\Sdks\Microsoft.SourceLink.Common\build\..\tools\net\Microsoft.SourceLink.Common.dll".
       Task "Microsoft.SourceLink.Common.SourceLinkHasSingleProvider"
       Done executing task "Microsoft.SourceLink.Common.SourceLinkHasSingleProvider".
  7:10>Done building target "_SourceLinkHasSingleProvider" in project "TicketConsolidator.Domain.csproj".
  7:10>Target "TranslateGitHubUrlsInSourceControlInformation" in file "C:\Program Files\dotnet\sdk\10.0.103\Sdks\Microsoft.SourceLink.GitHub\build\Microsoft.SourceLink.GitHub.targets" from project "c:\Apps\TicketConsolidator\src\TicketConsolidator.Domain\TicketConsolidator.Domain.csproj" (target "_InitializeSourceControlInformationFromSourceControlManager" depends on it):
       Assembly loaded during TaskRun: Microsoft.SourceLink.GitHub, Version=10.0.14.7603, Culture=neutral, PublicKeyToken=31bf3856ad364e35 (location: C:\Program Files\dotnet\sdk\10.0.103\Sdks\Microsoft.SourceLink.GitHub\tools\net\Microsoft.SourceLink.GitHub.dll, MVID: 154e1d95-e49c-4e86-9757-5a642a8077fb, AssemblyLoadContext: MSBuild plugin C:\Program Files\dotnet\sdk\10.0.103\Sdks\Microsoft.SourceLink.GitHub\tools\net\Microsoft.SourceLink.GitHub.dll)
       Using "Microsoft.SourceLink.GitHub.TranslateRepositoryUrls" task from assembly "C:\Program Files\dotnet\sdk\10.0.103\Sdks\Microsoft.SourceLink.GitHub\build\..\tools\net\Microsoft.SourceLink.GitHub.dll".
       Task "Microsoft.SourceLink.GitHub.TranslateRepositoryUrls"
       Done executing task "Microsoft.SourceLink.GitHub.TranslateRepositoryUrls".
  7:10>Done building target "TranslateGitHubUrlsInSourceControlInformation" in project "TicketConsolidator.Domain.csproj".
  7:10>Target "TranslateGitLabUrlsInSourceControlInformation" in file "C:\Program Files\dotnet\sdk\10.0.103\Sdks\Microsoft.SourceLink.GitLab\build\Microsoft.SourceLink.GitLab.targets" from project "c:\Apps\TicketConsolidator\src\TicketConsolidator.Domain\TicketConsolidator.Domain.csproj" (target "_InitializeSourceControlInformationFromSourceControlManager" depends on it):
       Assembly loaded during TaskRun: Microsoft.SourceLink.GitLab, Version=10.0.14.7603, Culture=neutral, PublicKeyToken=31bf3856ad364e35 (location: C:\Program Files\dotnet\sdk\10.0.103\Sdks\Microsoft.SourceLink.GitLab\tools\net\Microsoft.SourceLink.GitLab.dll, MVID: 6ea7c74f-7bc0-4879-82f0-55d62d4449b2, AssemblyLoadContext: MSBuild plugin C:\Program Files\dotnet\sdk\10.0.103\Sdks\Microsoft.SourceLink.GitLab\tools\net\Microsoft.SourceLink.GitLab.dll)
       Using "Microsoft.SourceLink.GitLab.TranslateRepositoryUrls" task from assembly "C:\Program Files\dotnet\sdk\10.0.103\Sdks\Microsoft.SourceLink.GitLab\build\..\tools\net\Microsoft.SourceLink.GitLab.dll".
       Task "Microsoft.SourceLink.GitLab.TranslateRepositoryUrls"
       Done executing task "Microsoft.SourceLink.GitLab.TranslateRepositoryUrls".
  7:10>Done building target "TranslateGitLabUrlsInSourceControlInformation" in project "TicketConsolidator.Domain.csproj".
  7:10>Target "TranslateAzureReposGitUrlsInSourceControlInformation" in file "C:\Program Files\dotnet\sdk\10.0.103\Sdks\Microsoft.SourceLink.AzureRepos.Git\build\Microsoft.SourceLink.AzureRepos.Git.targets" from project "c:\Apps\TicketConsolidator\src\TicketConsolidator.Domain\TicketConsolidator.Domain.csproj" (target "_InitializeSourceControlInformationFromSourceControlManager" depends on it):
       Assembly loaded during TaskRun: Microsoft.SourceLink.AzureRepos.Git, Version=10.0.14.7603, Culture=neutral, PublicKeyToken=31bf3856ad364e35 (location: C:\Program Files\dotnet\sdk\10.0.103\Sdks\Microsoft.SourceLink.AzureRepos.Git\tools\net\Microsoft.SourceLink.AzureRepos.Git.dll, MVID: 22a23f50-b695-4967-8cb6-3ca10cc761c7, AssemblyLoadContext: MSBuild plugin C:\Program Files\dotnet\sdk\10.0.103\Sdks\Microsoft.SourceLink.AzureRepos.Git\tools\net\Microsoft.SourceLink.AzureRepos.Git.dll)
       Using "Microsoft.SourceLink.AzureRepos.Git.TranslateRepositoryUrls" task from assembly "C:\Program Files\dotnet\sdk\10.0.103\Sdks\Microsoft.SourceLink.AzureRepos.Git\build\..\tools\net\Microsoft.SourceLink.AzureRepos.Git.dll".
       Task "Microsoft.SourceLink.AzureRepos.Git.TranslateRepositoryUrls"
       Done executing task "Microsoft.SourceLink.AzureRepos.Git.TranslateRepositoryUrls".
  7:10>Done building target "TranslateAzureReposGitUrlsInSourceControlInformation" in project "TicketConsolidator.Domain.csproj".
  7:10>Target "TranslateBitbucketGitUrlsInSourceControlInformation" in file "C:\Program Files\dotnet\sdk\10.0.103\Sdks\Microsoft.SourceLink.Bitbucket.Git\build\Microsoft.SourceLink.Bitbucket.Git.targets" from project "c:\Apps\TicketConsolidator\src\TicketConsolidator.Domain\TicketConsolidator.Domain.csproj" (target "_InitializeSourceControlInformationFromSourceControlManager" depends on it):
       Assembly loaded during TaskRun: Microsoft.SourceLink.Bitbucket.Git, Version=10.0.14.7603, Culture=neutral, PublicKeyToken=31bf3856ad364e35 (location: C:\Program Files\dotnet\sdk\10.0.103\Sdks\Microsoft.SourceLink.Bitbucket.Git\tools\net\Microsoft.SourceLink.Bitbucket.Git.dll, MVID: 290f90d9-d33d-43ee-afe3-b9f31804edd9, AssemblyLoadContext: MSBuild plugin C:\Program Files\dotnet\sdk\10.0.103\Sdks\Microsoft.SourceLink.Bitbucket.Git\tools\net\Microsoft.SourceLink.Bitbucket.Git.dll)
       Using "Microsoft.SourceLink.Bitbucket.Git.TranslateRepositoryUrls" task from assembly "C:\Program Files\dotnet\sdk\10.0.103\Sdks\Microsoft.SourceLink.Bitbucket.Git\build\..\tools\net\Microsoft.SourceLink.Bitbucket.Git.dll".
       Task "Microsoft.SourceLink.Bitbucket.Git.TranslateRepositoryUrls"
       Done executing task "Microsoft.SourceLink.Bitbucket.Git.TranslateRepositoryUrls".
  7:10>Done building target "TranslateBitbucketGitUrlsInSourceControlInformation" in project "TicketConsolidator.Domain.csproj".
  7:10>Target "SourceControlManagerPublishTranslatedUrls" in file "C:\Program Files\dotnet\sdk\10.0.103\Sdks\Microsoft.SourceLink.Common\build\InitializeSourceControlInformation.targets" from project "c:\Apps\TicketConsolidator\src\TicketConsolidator.Domain\TicketConsolidator.Domain.csproj" (target "_InitializeSourceControlInformationFromSourceControlManager" depends on it):
  7:10>Done building target "SourceControlManagerPublishTranslatedUrls" in project "TicketConsolidator.Domain.csproj".
  7:10>Target "_InitializeSourceControlInformationFromSourceControlManager" in file "C:\Program Files\dotnet\sdk\10.0.103\Sdks\Microsoft.SourceLink.Common\build\InitializeSourceControlInformation.targets" from project "c:\Apps\TicketConsolidator\src\TicketConsolidator.Domain\TicketConsolidator.Domain.csproj" (target "InitializeSourceControlInformation" depends on it):
  7:10>Done building target "_InitializeSourceControlInformationFromSourceControlManager" in project "TicketConsolidator.Domain.csproj".
  7:10>Target "InitializeSourceControlInformation" in file "C:\Program Files\dotnet\sdk\10.0.103\Microsoft.Common.CurrentVersion.targets" from project "c:\Apps\TicketConsolidator\src\TicketConsolidator.Domain\TicketConsolidator.Domain.csproj" (target "GetAssemblyAttributes" depends on it):
  7:10>Done building target "InitializeSourceControlInformation" in project "TicketConsolidator.Domain.csproj".
       Target "GetAssemblyVersion" skipped. Previously built successfully.
       Target "InitializeSourceControlInformation" skipped. Previously built successfully.
  7:10>Target "AddSourceRevisionToInformationalVersion" in file "C:\Program Files\dotnet\sdk\10.0.103\Sdks\Microsoft.NET.Sdk\targets\Microsoft.NET.GenerateAssemblyInfo.targets" from project "c:\Apps\TicketConsolidator\src\TicketConsolidator.Domain\TicketConsolidator.Domain.csproj" (target "GetAssemblyAttributes" depends on it):
       C:\Program Files\dotnet\sdk\10.0.103\Sdks\Microsoft.NET.Sdk\targets\Microsoft.NET.GenerateAssemblyInfo.targets(70,7): message : Property reassignment: $(InformationalVersion)="1.0.0.0+fbfcdd5225fd150fadeb804e73797ac5c1514175" (previous value: "1.0.0.0") at C:\Program Files\dotnet\sdk\10.0.103\Sdks\Microsoft.NET.Sdk\targets\Microsoft.NET.GenerateAssemblyInfo.targets (70,7) [c:\Apps\TicketConsolidator\src\TicketConsolidator.Domain\TicketConsolidator.Domain.csproj]
  7:10>Done building target "AddSourceRevisionToInformationalVersion" in project "TicketConsolidator.Domain.csproj".
  7:10>Target "GetAssemblyAttributes" in file "C:\Program Files\dotnet\sdk\10.0.103\Sdks\Microsoft.NET.Sdk\targets\Microsoft.NET.GenerateAssemblyInfo.targets" from project "c:\Apps\TicketConsolidator\src\TicketConsolidator.Domain\TicketConsolidator.Domain.csproj" (target "CreateGeneratedAssemblyInfoInputsCacheFile" depends on it):
  7:10>Done building target "GetAssemblyAttributes" in project "TicketConsolidator.Domain.csproj".
  7:10>Target "CreateGeneratedAssemblyInfoInputsCacheFile" in file "C:\Program Files\dotnet\sdk\10.0.103\Sdks\Microsoft.NET.Sdk\targets\Microsoft.NET.GenerateAssemblyInfo.targets" from project "c:\Apps\TicketConsolidator\src\TicketConsolidator.Domain\TicketConsolidator.Domain.csproj" (target "CoreGenerateAssemblyInfo" depends on it):
       Using "Hash" task from assembly "Microsoft.Build.Tasks.Core, Version=15.1.0.0, Culture=neutral, PublicKeyToken=b03f5f7f11d50a3a".
       Task "Hash"
       Done executing task "Hash".
       Task "WriteLinesToFile"
         Skipping write to file "obj\Debug\net10.0\TicketConsolidator.Domain.AssemblyInfoInputs.cache" because content would not change.
       Done executing task "WriteLinesToFile".
  7:10>Done building target "CreateGeneratedAssemblyInfoInputsCacheFile" in project "TicketConsolidator.Domain.csproj".
  7:10>Target "CoreGenerateAssemblyInfo" in file "C:\Program Files\dotnet\sdk\10.0.103\Sdks\Microsoft.NET.Sdk\targets\Microsoft.NET.GenerateAssemblyInfo.targets" from project "c:\Apps\TicketConsolidator\src\TicketConsolidator.Domain\TicketConsolidator.Domain.csproj" (target "GenerateAssemblyInfo" depends on it):
       Skipping target "CoreGenerateAssemblyInfo" because all output files are up-to-date with respect to the input files.
       Input files: obj\Debug\net10.0\TicketConsolidator.Domain.AssemblyInfoInputs.cache
       Output files: obj\Debug\net10.0\TicketConsolidator.Domain.AssemblyInfo.cs
  7:10>Done building target "CoreGenerateAssemblyInfo" in project "TicketConsolidator.Domain.csproj".
  7:10>Target "GenerateAssemblyInfo" in file "C:\Program Files\dotnet\sdk\10.0.103\Sdks\Microsoft.NET.Sdk\targets\Microsoft.NET.GenerateAssemblyInfo.targets" from project "c:\Apps\TicketConsolidator\src\TicketConsolidator.Domain\TicketConsolidator.Domain.csproj" (target "BeforeCompile" depends on it):
  7:10>Done building target "GenerateAssemblyInfo" in project "TicketConsolidator.Domain.csproj".
  7:10>Target "BeforeCompile" in file "C:\Program Files\dotnet\sdk\10.0.103\Microsoft.Common.CurrentVersion.targets" from project "c:\Apps\TicketConsolidator\src\TicketConsolidator.Domain\TicketConsolidator.Domain.csproj" (target "Compile" depends on it):
  7:10>Done building target "BeforeCompile" in project "TicketConsolidator.Domain.csproj".
       Target "ResolveAssemblyReferences" skipped. Previously built successfully.
       Target "_GenerateCompileInputs" skipped. Previously built successfully.
  7:10>Target "_GenerateCompileDependencyCache" in file "C:\Program Files\dotnet\sdk\10.0.103\Microsoft.Common.CurrentVersion.targets" from project "c:\Apps\TicketConsolidator\src\TicketConsolidator.Domain\TicketConsolidator.Domain.csproj" (target "Compile" depends on it):
       Task "Hash"
       Done executing task "Hash".
       Task "WriteLinesToFile"
         Skipping write to file "obj\Debug\net10.0\TicketConsolidator.Domain.csproj.CoreCompileInputs.cache" because content would not change.
       Done executing task "WriteLinesToFile".
  7:10>Done building target "_GenerateCompileDependencyCache" in project "TicketConsolidator.Domain.csproj".
  7:10>Target "_BeforeVBCSCoreCompile" in file "C:\Program Files\dotnet\sdk\10.0.103\Roslyn\Microsoft.Managed.Core.targets" from project "c:\Apps\TicketConsolidator\src\TicketConsolidator.Domain\TicketConsolidator.Domain.csproj" (target "CoreCompile" depends on it):
  7:10>Done building target "_BeforeVBCSCoreCompile" in project "TicketConsolidator.Domain.csproj".
  7:10>Target "_ComputeSkipAnalyzers" in file "C:\Program Files\dotnet\sdk\10.0.103\Roslyn\Microsoft.Managed.Core.targets" from project "c:\Apps\TicketConsolidator\src\TicketConsolidator.Domain\TicketConsolidator.Domain.csproj" (target "CoreCompile" depends on it):
  7:10>Done building target "_ComputeSkipAnalyzers" in project "TicketConsolidator.Domain.csproj".
       Target "BeforeCompile" skipped. Previously built successfully.
       Target "InitializeSourceControlInformationFromSourceControlManager" skipped. Previously built successfully.
  7:10>Target "SetEmbeddedFilesFromSourceControlManagerUntrackedFiles" in file "C:\Program Files\dotnet\sdk\10.0.103\Sdks\Microsoft.Build.Tasks.Git\build\Microsoft.Build.Tasks.Git.targets" from project "c:\Apps\TicketConsolidator\src\TicketConsolidator.Domain\TicketConsolidator.Domain.csproj" (target "_SetEmbeddedFilesFromSourceControlManagerUntrackedFiles" depends on it):
       Using "Microsoft.Build.Tasks.Git.GetUntrackedFiles" task from assembly "C:\Program Files\dotnet\sdk\10.0.103\Sdks\Microsoft.Build.Tasks.Git\build\..\tools\net\Microsoft.Build.Tasks.Git.dll".
       Task "Microsoft.Build.Tasks.Git.GetUntrackedFiles"
         SourceLink: Reusing cached git repository information.
       Done executing task "Microsoft.Build.Tasks.Git.GetUntrackedFiles".
  7:10>Done building target "SetEmbeddedFilesFromSourceControlManagerUntrackedFiles" in project "TicketConsolidator.Domain.csproj".
  7:10>Target "_SetEmbeddedFilesFromSourceControlManagerUntrackedFiles" in file "C:\Program Files\dotnet\sdk\10.0.103\Sdks\Microsoft.SourceLink.Common\build\Microsoft.SourceLink.Common.targets" from project "c:\Apps\TicketConsolidator\src\TicketConsolidator.Domain\TicketConsolidator.Domain.csproj" (target "CoreCompile" depends on it):
  7:10>Done building target "_SetEmbeddedFilesFromSourceControlManagerUntrackedFiles" in project "TicketConsolidator.Domain.csproj".
       Target "InitializeSourceControlInformation" skipped. Previously built successfully.
  7:10>Target "_SetSourceLinkFilePath" in file "C:\Program Files\dotnet\sdk\10.0.103\Sdks\Microsoft.SourceLink.Common\build\Microsoft.SourceLink.Common.targets" from project "c:\Apps\TicketConsolidator\src\TicketConsolidator.Domain\TicketConsolidator.Domain.csproj" (target "_GenerateSourceLinkFile" depends on it):
  7:10>Done building target "_SetSourceLinkFilePath" in project "TicketConsolidator.Domain.csproj".
       Target "InitializeSourceControlInformation" skipped. Previously built successfully.
  7:10>Target "_InitializeSourceRootMappedPathsFromSourceControl" in file "C:\Program Files\dotnet\sdk\10.0.103\Roslyn\Microsoft.Managed.Core.targets" from project "c:\Apps\TicketConsolidator\src\TicketConsolidator.Domain\TicketConsolidator.Domain.csproj" (target "InitializeSourceRootMappedPaths" depends on it):
  7:10>Done building target "_InitializeSourceRootMappedPathsFromSourceControl" in project "TicketConsolidator.Domain.csproj".
  7:10>Target "InitializeSourceRootMappedPaths" in file "C:\Program Files\dotnet\sdk\10.0.103\Roslyn\Microsoft.Managed.Core.targets" from project "c:\Apps\TicketConsolidator\src\TicketConsolidator.Domain\TicketConsolidator.Domain.csproj" (target "_InitializeSourceRootMappedPathsOpt" depends on it):
       Using "Microsoft.CodeAnalysis.BuildTasks.MapSourceRoots" task from assembly "C:\Program Files\dotnet\sdk\10.0.103\Sdks\Microsoft.NET.Sdk\targets\..\..\..\Roslyn\Microsoft.Build.Tasks.CodeAnalysis.dll".
       Task "Microsoft.CodeAnalysis.BuildTasks.MapSourceRoots"
       Done executing task "Microsoft.CodeAnalysis.BuildTasks.MapSourceRoots".
  7:10>Done building target "InitializeSourceRootMappedPaths" in project "TicketConsolidator.Domain.csproj".
  7:10>Target "_InitializeSourceRootMappedPathsOpt" in file "C:\Program Files\dotnet\sdk\10.0.103\Sdks\Microsoft.SourceLink.Common\build\Microsoft.SourceLink.Common.targets" from project "c:\Apps\TicketConsolidator\src\TicketConsolidator.Domain\TicketConsolidator.Domain.csproj" (target "_GenerateSourceLinkFile" depends on it):
  7:10>Done building target "_InitializeSourceRootMappedPathsOpt" in project "TicketConsolidator.Domain.csproj".
  7:10>Target "_InitializeGitHubSourceLinkUrl" in file "C:\Program Files\dotnet\sdk\10.0.103\Sdks\Microsoft.SourceLink.GitHub\build\Microsoft.SourceLink.GitHub.targets" from project "c:\Apps\TicketConsolidator\src\TicketConsolidator.Domain\TicketConsolidator.Domain.csproj" (target "_GenerateSourceLinkFile" depends on it):
       Building target "_InitializeGitHubSourceLinkUrl" completely.
       No input files were specified.
       Using "Microsoft.SourceLink.GitHub.GetSourceLinkUrl" task from assembly "C:\Program Files\dotnet\sdk\10.0.103\Sdks\Microsoft.SourceLink.GitHub\build\..\tools\net\Microsoft.SourceLink.GitHub.dll".
       Task "Microsoft.SourceLink.GitHub.GetSourceLinkUrl"
       Done executing task "Microsoft.SourceLink.GitHub.GetSourceLinkUrl".
  7:10>Done building target "_InitializeGitHubSourceLinkUrl" in project "TicketConsolidator.Domain.csproj".
  7:10>Target "_InitializeGitHubSourceLinkUrl" in file "C:\Program Files\dotnet\sdk\10.0.103\Sdks\Microsoft.SourceLink.GitHub\build\Microsoft.SourceLink.GitHub.targets" from project "c:\Apps\TicketConsolidator\src\TicketConsolidator.Domain\TicketConsolidator.Domain.csproj" (target "_GenerateSourceLinkFile" depends on it):
       Building target "_InitializeGitHubSourceLinkUrl" completely.
       No input files were specified.
       Task "Microsoft.SourceLink.GitHub.GetSourceLinkUrl"
       Done executing task "Microsoft.SourceLink.GitHub.GetSourceLinkUrl".
  7:10>Done building target "_InitializeGitHubSourceLinkUrl" in project "TicketConsolidator.Domain.csproj".
  7:10>Target "_InitializeGitHubSourceLinkUrl" in file "C:\Program Files\dotnet\sdk\10.0.103\Sdks\Microsoft.SourceLink.GitHub\build\Microsoft.SourceLink.GitHub.targets" from project "c:\Apps\TicketConsolidator\src\TicketConsolidator.Domain\TicketConsolidator.Domain.csproj" (target "_GenerateSourceLinkFile" depends on it):
       Building target "_InitializeGitHubSourceLinkUrl" completely.
       No input files were specified.
       Task "Microsoft.SourceLink.GitHub.GetSourceLinkUrl"
       Done executing task "Microsoft.SourceLink.GitHub.GetSourceLinkUrl".
  7:10>Done building target "_InitializeGitHubSourceLinkUrl" in project "TicketConsolidator.Domain.csproj".
  7:10>Target "_InitializeGitLabSourceLinkUrl" in file "C:\Program Files\dotnet\sdk\10.0.103\Sdks\Microsoft.SourceLink.GitLab\build\Microsoft.SourceLink.GitLab.targets" from project "c:\Apps\TicketConsolidator\src\TicketConsolidator.Domain\TicketConsolidator.Domain.csproj" (target "_GenerateSourceLinkFile" depends on it):
       Building target "_InitializeGitLabSourceLinkUrl" completely.
       No input files were specified.
       Using "Microsoft.SourceLink.GitLab.GetSourceLinkUrl" task from assembly "C:\Program Files\dotnet\sdk\10.0.103\Sdks\Microsoft.SourceLink.GitLab\build\..\tools\net\Microsoft.SourceLink.GitLab.dll".
       Task "Microsoft.SourceLink.GitLab.GetSourceLinkUrl"
       C:\Program Files\dotnet\sdk\10.0.103\Sdks\Microsoft.SourceLink.GitLab\build\Microsoft.SourceLink.GitLab.targets(37,7): message : Property reassignment: $(_SourceLinkUrlToUpdate)="N/A" (previous value: "https://raw.githubusercontent.com/JeetVegad/TicketConsolidator/fbfcdd5225fd150fadeb804e73797ac5c1514175/*") at C:\Program Files\dotnet\sdk\10.0.103\Sdks\Microsoft.SourceLink.GitLab\build\Microsoft.SourceLink.GitLab.targets (37,7) [c:\Apps\TicketConsolidator\src\TicketConsolidator.Domain\TicketConsolidator.Domain.csproj]
       Done executing task "Microsoft.SourceLink.GitLab.GetSourceLinkUrl".
  7:10>Done building target "_InitializeGitLabSourceLinkUrl" in project "TicketConsolidator.Domain.csproj".
  7:10>Target "_InitializeGitLabSourceLinkUrl" in file "C:\Program Files\dotnet\sdk\10.0.103\Sdks\Microsoft.SourceLink.GitLab\build\Microsoft.SourceLink.GitLab.targets" from project "c:\Apps\TicketConsolidator\src\TicketConsolidator.Domain\TicketConsolidator.Domain.csproj" (target "_GenerateSourceLinkFile" depends on it):
       Building target "_InitializeGitLabSourceLinkUrl" completely.
       No input files were specified.
       Task "Microsoft.SourceLink.GitLab.GetSourceLinkUrl"
       C:\Program Files\dotnet\sdk\10.0.103\Sdks\Microsoft.SourceLink.GitLab\build\Microsoft.SourceLink.GitLab.targets(37,7): message : Property reassignment: $(_SourceLinkUrlToUpdate)="N/A" (previous value: "https://raw.githubusercontent.com/JeetVegad/TicketConsolidator/fbfcdd5225fd150fadeb804e73797ac5c1514175/*") at C:\Program Files\dotnet\sdk\10.0.103\Sdks\Microsoft.SourceLink.GitLab\build\Microsoft.SourceLink.GitLab.targets (37,7) [c:\Apps\TicketConsolidator\src\TicketConsolidator.Domain\TicketConsolidator.Domain.csproj]
       Done executing task "Microsoft.SourceLink.GitLab.GetSourceLinkUrl".
  7:10>Done building target "_InitializeGitLabSourceLinkUrl" in project "TicketConsolidator.Domain.csproj".
  7:10>Target "_InitializeGitLabSourceLinkUrl" in file "C:\Program Files\dotnet\sdk\10.0.103\Sdks\Microsoft.SourceLink.GitLab\build\Microsoft.SourceLink.GitLab.targets" from project "c:\Apps\TicketConsolidator\src\TicketConsolidator.Domain\TicketConsolidator.Domain.csproj" (target "_GenerateSourceLinkFile" depends on it):
       Building target "_InitializeGitLabSourceLinkUrl" completely.
       No input files were specified.
       Task "Microsoft.SourceLink.GitLab.GetSourceLinkUrl"
       C:\Program Files\dotnet\sdk\10.0.103\Sdks\Microsoft.SourceLink.GitLab\build\Microsoft.SourceLink.GitLab.targets(37,7): message : Property reassignment: $(_SourceLinkUrlToUpdate)="N/A" (previous value: "https://raw.githubusercontent.com/JeetVegad/TicketConsolidator/fbfcdd5225fd150fadeb804e73797ac5c1514175/*") at C:\Program Files\dotnet\sdk\10.0.103\Sdks\Microsoft.SourceLink.GitLab\build\Microsoft.SourceLink.GitLab.targets (37,7) [c:\Apps\TicketConsolidator\src\TicketConsolidator.Domain\TicketConsolidator.Domain.csproj]
       Done executing task "Microsoft.SourceLink.GitLab.GetSourceLinkUrl".
  7:10>Done building target "_InitializeGitLabSourceLinkUrl" in project "TicketConsolidator.Domain.csproj".
  7:10>Target "_InitializeAzureReposGitSourceLinkUrl" in file "C:\Program Files\dotnet\sdk\10.0.103\Sdks\Microsoft.SourceLink.AzureRepos.Git\build\Microsoft.SourceLink.AzureRepos.Git.targets" from project "c:\Apps\TicketConsolidator\src\TicketConsolidator.Domain\TicketConsolidator.Domain.csproj" (target "_GenerateSourceLinkFile" depends on it):
       Building target "_InitializeAzureReposGitSourceLinkUrl" completely.
       No input files were specified.
       Using "Microsoft.SourceLink.AzureRepos.Git.GetSourceLinkUrl" task from assembly "C:\Program Files\dotnet\sdk\10.0.103\Sdks\Microsoft.SourceLink.AzureRepos.Git\build\..\tools\net\Microsoft.SourceLink.AzureRepos.Git.dll".
       Task "Microsoft.SourceLink.AzureRepos.Git.GetSourceLinkUrl"
       Done executing task "Microsoft.SourceLink.AzureRepos.Git.GetSourceLinkUrl".
  7:10>Done building target "_InitializeAzureReposGitSourceLinkUrl" in project "TicketConsolidator.Domain.csproj".
  7:10>Target "_InitializeAzureReposGitSourceLinkUrl" in file "C:\Program Files\dotnet\sdk\10.0.103\Sdks\Microsoft.SourceLink.AzureRepos.Git\build\Microsoft.SourceLink.AzureRepos.Git.targets" from project "c:\Apps\TicketConsolidator\src\TicketConsolidator.Domain\TicketConsolidator.Domain.csproj" (target "_GenerateSourceLinkFile" depends on it):
       Building target "_InitializeAzureReposGitSourceLinkUrl" completely.
       No input files were specified.
       Task "Microsoft.SourceLink.AzureRepos.Git.GetSourceLinkUrl"
       Done executing task "Microsoft.SourceLink.AzureRepos.Git.GetSourceLinkUrl".
  7:10>Done building target "_InitializeAzureReposGitSourceLinkUrl" in project "TicketConsolidator.Domain.csproj".
  7:10>Target "_InitializeAzureReposGitSourceLinkUrl" in file "C:\Program Files\dotnet\sdk\10.0.103\Sdks\Microsoft.SourceLink.AzureRepos.Git\build\Microsoft.SourceLink.AzureRepos.Git.targets" from project "c:\Apps\TicketConsolidator\src\TicketConsolidator.Domain\TicketConsolidator.Domain.csproj" (target "_GenerateSourceLinkFile" depends on it):
       Building target "_InitializeAzureReposGitSourceLinkUrl" completely.
       No input files were specified.
       Task "Microsoft.SourceLink.AzureRepos.Git.GetSourceLinkUrl"
       Done executing task "Microsoft.SourceLink.AzureRepos.Git.GetSourceLinkUrl".
  7:10>Done building target "_InitializeAzureReposGitSourceLinkUrl" in project "TicketConsolidator.Domain.csproj".
  7:10>Target "_InitializeBitbucketGitSourceLinkUrl" in file "C:\Program Files\dotnet\sdk\10.0.103\Sdks\Microsoft.SourceLink.Bitbucket.Git\build\Microsoft.SourceLink.Bitbucket.Git.targets" from project "c:\Apps\TicketConsolidator\src\TicketConsolidator.Domain\TicketConsolidator.Domain.csproj" (target "_GenerateSourceLinkFile" depends on it):
       Building target "_InitializeBitbucketGitSourceLinkUrl" completely.
       No input files were specified.
       Using "Microsoft.SourceLink.Bitbucket.Git.GetSourceLinkUrl" task from assembly "C:\Program Files\dotnet\sdk\10.0.103\Sdks\Microsoft.SourceLink.Bitbucket.Git\build\..\tools\net\Microsoft.SourceLink.Bitbucket.Git.dll".
       Task "Microsoft.SourceLink.Bitbucket.Git.GetSourceLinkUrl"
       Done executing task "Microsoft.SourceLink.Bitbucket.Git.GetSourceLinkUrl".
  7:10>Done building target "_InitializeBitbucketGitSourceLinkUrl" in project "TicketConsolidator.Domain.csproj".
  7:10>Target "_InitializeBitbucketGitSourceLinkUrl" in file "C:\Program Files\dotnet\sdk\10.0.103\Sdks\Microsoft.SourceLink.Bitbucket.Git\build\Microsoft.SourceLink.Bitbucket.Git.targets" from project "c:\Apps\TicketConsolidator\src\TicketConsolidator.Domain\TicketConsolidator.Domain.csproj" (target "_GenerateSourceLinkFile" depends on it):
       Building target "_InitializeBitbucketGitSourceLinkUrl" completely.
       No input files were specified.
       Task "Microsoft.SourceLink.Bitbucket.Git.GetSourceLinkUrl"
       Done executing task "Microsoft.SourceLink.Bitbucket.Git.GetSourceLinkUrl".
  7:10>Done building target "_InitializeBitbucketGitSourceLinkUrl" in project "TicketConsolidator.Domain.csproj".
  7:10>Target "_InitializeBitbucketGitSourceLinkUrl" in file "C:\Program Files\dotnet\sdk\10.0.103\Sdks\Microsoft.SourceLink.Bitbucket.Git\build\Microsoft.SourceLink.Bitbucket.Git.targets" from project "c:\Apps\TicketConsolidator\src\TicketConsolidator.Domain\TicketConsolidator.Domain.csproj" (target "_GenerateSourceLinkFile" depends on it):
       Building target "_InitializeBitbucketGitSourceLinkUrl" completely.
       No input files were specified.
       Task "Microsoft.SourceLink.Bitbucket.Git.GetSourceLinkUrl"
       Done executing task "Microsoft.SourceLink.Bitbucket.Git.GetSourceLinkUrl".
  7:10>Done building target "_InitializeBitbucketGitSourceLinkUrl" in project "TicketConsolidator.Domain.csproj".
  7:10>Target "_GenerateSourceLinkFile" in file "C:\Program Files\dotnet\sdk\10.0.103\Sdks\Microsoft.SourceLink.Common\build\Microsoft.SourceLink.Common.targets" from project "c:\Apps\TicketConsolidator\src\TicketConsolidator.Domain\TicketConsolidator.Domain.csproj" (target "GenerateSourceLinkFile" depends on it):
       Building target "_GenerateSourceLinkFile" completely.
       No input files were specified.
       Using "Microsoft.SourceLink.Common.GenerateSourceLinkFile" task from assembly "C:\Program Files\dotnet\sdk\10.0.103\Sdks\Microsoft.SourceLink.Common\build\..\tools\net\Microsoft.SourceLink.Common.dll".
       Task "Microsoft.SourceLink.Common.GenerateSourceLinkFile"
         Source Link file 'obj\Debug\net10.0\TicketConsolidator.Domain.sourcelink.json' is up-to-date.
       Done executing task "Microsoft.SourceLink.Common.GenerateSourceLinkFile".
  7:10>Done building target "_GenerateSourceLinkFile" in project "TicketConsolidator.Domain.csproj".
  7:10>Target "GenerateSourceLinkFile" in file "C:\Program Files\dotnet\sdk\10.0.103\Sdks\Microsoft.SourceLink.Common\build\Microsoft.SourceLink.Common.targets" from project "c:\Apps\TicketConsolidator\src\TicketConsolidator.Domain\TicketConsolidator.Domain.csproj" (target "CoreCompile" depends on it):
  7:10>Done building target "GenerateSourceLinkFile" in project "TicketConsolidator.Domain.csproj".
  7:10>Target "AddGlobalAnalyzerConfigForPackage_MicrosoftCodeAnalysisNetAnalyzers" in file "C:\Program Files\dotnet\sdk\10.0.103\Sdks\Microsoft.NET.Sdk\analyzers\build\Microsoft.CodeAnalysis.NetAnalyzers.targets" from project "c:\Apps\TicketConsolidator\src\TicketConsolidator.Domain\TicketConsolidator.Domain.csproj" (target "CoreCompile" depends on it):
  7:10>Done building target "AddGlobalAnalyzerConfigForPackage_MicrosoftCodeAnalysisNetAnalyzers" in project "TicketConsolidator.Domain.csproj".
  7:10>Target "CoreCompile" in file "C:\Program Files\dotnet\sdk\10.0.103\Roslyn\Microsoft.CSharp.Core.targets" from project "c:\Apps\TicketConsolidator\src\TicketConsolidator.Domain\TicketConsolidator.Domain.csproj" (target "Compile" depends on it):
       Skipping target "CoreCompile" because all output files are up-to-date with respect to the input files.
       Input files: 
           obj\Debug\net10.0\TicketConsolidator.Domain.GlobalUsings.g.cs
           obj\Debug\net10.0\.NETCoreApp,Version=v10.0.AssemblyAttributes.cs
           obj\Debug\net10.0\TicketConsolidator.Domain.AssemblyInfo.cs
           C:\Program Files\dotnet\packs\Microsoft.NETCore.App.Ref\10.0.3\ref\net10.0\Microsoft.CSharp.dll
           C:\Program Files\dotnet\packs\Microsoft.NETCore.App.Ref\10.0.3\ref\net10.0\Microsoft.VisualBasic.Core.dll
           C:\Program Files\dotnet\packs\Microsoft.NETCore.App.Ref\10.0.3\ref\net10.0\Microsoft.VisualBasic.dll
           C:\Program Files\dotnet\packs\Microsoft.NETCore.App.Ref\10.0.3\ref\net10.0\Microsoft.Win32.Primitives.dll
           C:\Program Files\dotnet\packs\Microsoft.NETCore.App.Ref\10.0.3\ref\net10.0\Microsoft.Win32.Registry.dll
           C:\Program Files\dotnet\packs\Microsoft.NETCore.App.Ref\10.0.3\ref\net10.0\mscorlib.dll
           C:\Program Files\dotnet\packs\Microsoft.NETCore.App.Ref\10.0.3\ref\net10.0\netstandard.dll
           C:\Program Files\dotnet\packs\Microsoft.NETCore.App.Ref\10.0.3\ref\net10.0\System.AppContext.dll
           C:\Program Files\dotnet\packs\Microsoft.NETCore.App.Ref\10.0.3\ref\net10.0\System.Buffers.dll
           C:\Program Files\dotnet\packs\Microsoft.NETCore.App.Ref\10.0.3\ref\net10.0\System.Collections.Concurrent.dll
           C:\Program Files\dotnet\packs\Microsoft.NETCore.App.Ref\10.0.3\ref\net10.0\System.Collections.dll
           C:\Program Files\dotnet\packs\Microsoft.NETCore.App.Ref\10.0.3\ref\net10.0\System.Collections.Immutable.dll
           C:\Program Files\dotnet\packs\Microsoft.NETCore.App.Ref\10.0.3\ref\net10.0\System.Collections.NonGeneric.dll
           C:\Program Files\dotnet\packs\Microsoft.NETCore.App.Ref\10.0.3\ref\net10.0\System.Collections.Specialized.dll
           C:\Program Files\dotnet\packs\Microsoft.NETCore.App.Ref\10.0.3\ref\net10.0\System.ComponentModel.Annotations.dll
           C:\Program Files\dotnet\packs\Microsoft.NETCore.App.Ref\10.0.3\ref\net10.0\System.ComponentModel.DataAnnotations.dll
           C:\Program Files\dotnet\packs\Microsoft.NETCore.App.Ref\10.0.3\ref\net10.0\System.ComponentModel.dll
           C:\Program Files\dotnet\packs\Microsoft.NETCore.App.Ref\10.0.3\ref\net10.0\System.ComponentModel.EventBasedAsync.dll
           C:\Program Files\dotnet\packs\Microsoft.NETCore.App.Ref\10.0.3\ref\net10.0\System.ComponentModel.Primitives.dll
           C:\Program Files\dotnet\packs\Microsoft.NETCore.App.Ref\10.0.3\ref\net10.0\System.ComponentModel.TypeConverter.dll
           C:\Program Files\dotnet\packs\Microsoft.NETCore.App.Ref\10.0.3\ref\net10.0\System.Configuration.dll
           C:\Program Files\dotnet\packs\Microsoft.NETCore.App.Ref\10.0.3\ref\net10.0\System.Console.dll
           C:\Program Files\dotnet\packs\Microsoft.NETCore.App.Ref\10.0.3\ref\net10.0\System.Core.dll
           C:\Program Files\dotnet\packs\Microsoft.NETCore.App.Ref\10.0.3\ref\net10.0\System.Data.Common.dll
           C:\Program Files\dotnet\packs\Microsoft.NETCore.App.Ref\10.0.3\ref\net10.0\System.Data.DataSetExtensions.dll
           C:\Program Files\dotnet\packs\Microsoft.NETCore.App.Ref\10.0.3\ref\net10.0\System.Data.dll
           C:\Program Files\dotnet\packs\Microsoft.NETCore.App.Ref\10.0.3\ref\net10.0\System.Diagnostics.Contracts.dll
           C:\Program Files\dotnet\packs\Microsoft.NETCore.App.Ref\10.0.3\ref\net10.0\System.Diagnostics.Debug.dll
           C:\Program Files\dotnet\packs\Microsoft.NETCore.App.Ref\10.0.3\ref\net10.0\System.Diagnostics.DiagnosticSource.dll
           C:\Program Files\dotnet\packs\Microsoft.NETCore.App.Ref\10.0.3\ref\net10.0\System.Diagnostics.FileVersionInfo.dll
           C:\Program Files\dotnet\packs\Microsoft.NETCore.App.Ref\10.0.3\ref\net10.0\System.Diagnostics.Process.dll
           C:\Program Files\dotnet\packs\Microsoft.NETCore.App.Ref\10.0.3\ref\net10.0\System.Diagnostics.StackTrace.dll
           C:\Program Files\dotnet\packs\Microsoft.NETCore.App.Ref\10.0.3\ref\net10.0\System.Diagnostics.TextWriterTraceListener.dll
           C:\Program Files\dotnet\packs\Microsoft.NETCore.App.Ref\10.0.3\ref\net10.0\System.Diagnostics.Tools.dll
           C:\Program Files\dotnet\packs\Microsoft.NETCore.App.Ref\10.0.3\ref\net10.0\System.Diagnostics.TraceSource.dll
           C:\Program Files\dotnet\packs\Microsoft.NETCore.App.Ref\10.0.3\ref\net10.0\System.Diagnostics.Tracing.dll
           C:\Program Files\dotnet\packs\Microsoft.NETCore.App.Ref\10.0.3\ref\net10.0\System.dll
           C:\Program Files\dotnet\packs\Microsoft.NETCore.App.Ref\10.0.3\ref\net10.0\System.Drawing.dll
           C:\Program Files\dotnet\packs\Microsoft.NETCore.App.Ref\10.0.3\ref\net10.0\System.Drawing.Primitives.dll
           C:\Program Files\dotnet\packs\Microsoft.NETCore.App.Ref\10.0.3\ref\net10.0\System.Dynamic.Runtime.dll
           C:\Program Files\dotnet\packs\Microsoft.NETCore.App.Ref\10.0.3\ref\net10.0\System.Formats.Asn1.dll
           C:\Program Files\dotnet\packs\Microsoft.NETCore.App.Ref\10.0.3\ref\net10.0\System.Formats.Tar.dll
           C:\Program Files\dotnet\packs\Microsoft.NETCore.App.Ref\10.0.3\ref\net10.0\System.Globalization.Calendars.dll
           C:\Program Files\dotnet\packs\Microsoft.NETCore.App.Ref\10.0.3\ref\net10.0\System.Globalization.dll
           C:\Program Files\dotnet\packs\Microsoft.NETCore.App.Ref\10.0.3\ref\net10.0\System.Globalization.Extensions.dll
           C:\Program Files\dotnet\packs\Microsoft.NETCore.App.Ref\10.0.3\ref\net10.0\System.IO.Compression.Brotli.dll
           C:\Program Files\dotnet\packs\Microsoft.NETCore.App.Ref\10.0.3\ref\net10.0\System.IO.Compression.dll
           C:\Program Files\dotnet\packs\Microsoft.NETCore.App.Ref\10.0.3\ref\net10.0\System.IO.Compression.FileSystem.dll
           C:\Program Files\dotnet\packs\Microsoft.NETCore.App.Ref\10.0.3\ref\net10.0\System.IO.Compression.ZipFile.dll
           C:\Program Files\dotnet\packs\Microsoft.NETCore.App.Ref\10.0.3\ref\net10.0\System.IO.dll
           C:\Program Files\dotnet\packs\Microsoft.NETCore.App.Ref\10.0.3\ref\net10.0\System.IO.FileSystem.AccessControl.dll
           C:\Program Files\dotnet\packs\Microsoft.NETCore.App.Ref\10.0.3\ref\net10.0\System.IO.FileSystem.dll
           C:\Program Files\dotnet\packs\Microsoft.NETCore.App.Ref\10.0.3\ref\net10.0\System.IO.FileSystem.DriveInfo.dll
           C:\Program Files\dotnet\packs\Microsoft.NETCore.App.Ref\10.0.3\ref\net10.0\System.IO.FileSystem.Primitives.dll
           C:\Program Files\dotnet\packs\Microsoft.NETCore.App.Ref\10.0.3\ref\net10.0\System.IO.FileSystem.Watcher.dll
           C:\Program Files\dotnet\packs\Microsoft.NETCore.App.Ref\10.0.3\ref\net10.0\System.IO.IsolatedStorage.dll
           C:\Program Files\dotnet\packs\Microsoft.NETCore.App.Ref\10.0.3\ref\net10.0\System.IO.MemoryMappedFiles.dll
           C:\Program Files\dotnet\packs\Microsoft.NETCore.App.Ref\10.0.3\ref\net10.0\System.IO.Pipelines.dll
           C:\Program Files\dotnet\packs\Microsoft.NETCore.App.Ref\10.0.3\ref\net10.0\System.IO.Pipes.AccessControl.dll
           C:\Program Files\dotnet\packs\Microsoft.NETCore.App.Ref\10.0.3\ref\net10.0\System.IO.Pipes.dll
           C:\Program Files\dotnet\packs\Microsoft.NETCore.App.Ref\10.0.3\ref\net10.0\System.IO.UnmanagedMemoryStream.dll
           C:\Program Files\dotnet\packs\Microsoft.NETCore.App.Ref\10.0.3\ref\net10.0\System.Linq.AsyncEnumerable.dll
           C:\Program Files\dotnet\packs\Microsoft.NETCore.App.Ref\10.0.3\ref\net10.0\System.Linq.dll
           C:\Program Files\dotnet\packs\Microsoft.NETCore.App.Ref\10.0.3\ref\net10.0\System.Linq.Expressions.dll
           C:\Program Files\dotnet\packs\Microsoft.NETCore.App.Ref\10.0.3\ref\net10.0\System.Linq.Parallel.dll
           C:\Program Files\dotnet\packs\Microsoft.NETCore.App.Ref\10.0.3\ref\net10.0\System.Linq.Queryable.dll
           C:\Program Files\dotnet\packs\Microsoft.NETCore.App.Ref\10.0.3\ref\net10.0\System.Memory.dll
           C:\Program Files\dotnet\packs\Microsoft.NETCore.App.Ref\10.0.3\ref\net10.0\System.Net.dll
           C:\Program Files\dotnet\packs\Microsoft.NETCore.App.Ref\10.0.3\ref\net10.0\System.Net.Http.dll
           C:\Program Files\dotnet\packs\Microsoft.NETCore.App.Ref\10.0.3\ref\net10.0\System.Net.Http.Json.dll
           C:\Program Files\dotnet\packs\Microsoft.NETCore.App.Ref\10.0.3\ref\net10.0\System.Net.HttpListener.dll
           C:\Program Files\dotnet\packs\Microsoft.NETCore.App.Ref\10.0.3\ref\net10.0\System.Net.Mail.dll
           C:\Program Files\dotnet\packs\Microsoft.NETCore.App.Ref\10.0.3\ref\net10.0\System.Net.NameResolution.dll
           C:\Program Files\dotnet\packs\Microsoft.NETCore.App.Ref\10.0.3\ref\net10.0\System.Net.NetworkInformation.dll
           C:\Program Files\dotnet\packs\Microsoft.NETCore.App.Ref\10.0.3\ref\net10.0\System.Net.Ping.dll
           C:\Program Files\dotnet\packs\Microsoft.NETCore.App.Ref\10.0.3\ref\net10.0\System.Net.Primitives.dll
           C:\Program Files\dotnet\packs\Microsoft.NETCore.App.Ref\10.0.3\ref\net10.0\System.Net.Quic.dll
           C:\Program Files\dotnet\packs\Microsoft.NETCore.App.Ref\10.0.3\ref\net10.0\System.Net.Requests.dll
           C:\Program Files\dotnet\packs\Microsoft.NETCore.App.Ref\10.0.3\ref\net10.0\System.Net.Security.dll
           C:\Program Files\dotnet\packs\Microsoft.NETCore.App.Ref\10.0.3\ref\net10.0\System.Net.ServerSentEvents.dll
           C:\Program Files\dotnet\packs\Microsoft.NETCore.App.Ref\10.0.3\ref\net10.0\System.Net.ServicePoint.dll
           C:\Program Files\dotnet\packs\Microsoft.NETCore.App.Ref\10.0.3\ref\net10.0\System.Net.Sockets.dll
           C:\Program Files\dotnet\packs\Microsoft.NETCore.App.Ref\10.0.3\ref\net10.0\System.Net.WebClient.dll
           C:\Program Files\dotnet\packs\Microsoft.NETCore.App.Ref\10.0.3\ref\net10.0\System.Net.WebHeaderCollection.dll
           C:\Program Files\dotnet\packs\Microsoft.NETCore.App.Ref\10.0.3\ref\net10.0\System.Net.WebProxy.dll
           C:\Program Files\dotnet\packs\Microsoft.NETCore.App.Ref\10.0.3\ref\net10.0\System.Net.WebSockets.Client.dll
           C:\Program Files\dotnet\packs\Microsoft.NETCore.App.Ref\10.0.3\ref\net10.0\System.Net.WebSockets.dll
           C:\Program Files\dotnet\packs\Microsoft.NETCore.App.Ref\10.0.3\ref\net10.0\System.Numerics.dll
           C:\Program Files\dotnet\packs\Microsoft.NETCore.App.Ref\10.0.3\ref\net10.0\System.Numerics.Vectors.dll
           C:\Program Files\dotnet\packs\Microsoft.NETCore.App.Ref\10.0.3\ref\net10.0\System.ObjectModel.dll
           C:\Program Files\dotnet\packs\Microsoft.NETCore.App.Ref\10.0.3\ref\net10.0\System.Reflection.DispatchProxy.dll
           C:\Program Files\dotnet\packs\Microsoft.NETCore.App.Ref\10.0.3\ref\net10.0\System.Reflection.dll
           C:\Program Files\dotnet\packs\Microsoft.NETCore.App.Ref\10.0.3\ref\net10.0\System.Reflection.Emit.dll
           C:\Program Files\dotnet\packs\Microsoft.NETCore.App.Ref\10.0.3\ref\net10.0\System.Reflection.Emit.ILGeneration.dll
           C:\Program Files\dotnet\packs\Microsoft.NETCore.App.Ref\10.0.3\ref\net10.0\System.Reflection.Emit.Lightweight.dll
           C:\Program Files\dotnet\packs\Microsoft.NETCore.App.Ref\10.0.3\ref\net10.0\System.Reflection.Extensions.dll
           C:\Program Files\dotnet\packs\Microsoft.NETCore.App.Ref\10.0.3\ref\net10.0\System.Reflection.Metadata.dll
           C:\Program Files\dotnet\packs\Microsoft.NETCore.App.Ref\10.0.3\ref\net10.0\System.Reflection.Primitives.dll
           C:\Program Files\dotnet\packs\Microsoft.NETCore.App.Ref\10.0.3\ref\net10.0\System.Reflection.TypeExtensions.dll
           C:\Program Files\dotnet\packs\Microsoft.NETCore.App.Ref\10.0.3\ref\net10.0\System.Resources.Reader.dll
           C:\Program Files\dotnet\packs\Microsoft.NETCore.App.Ref\10.0.3\ref\net10.0\System.Resources.ResourceManager.dll
           C:\Program Files\dotnet\packs\Microsoft.NETCore.App.Ref\10.0.3\ref\net10.0\System.Resources.Writer.dll
           C:\Program Files\dotnet\packs\Microsoft.NETCore.App.Ref\10.0.3\ref\net10.0\System.Runtime.CompilerServices.Unsafe.dll
           C:\Program Files\dotnet\packs\Microsoft.NETCore.App.Ref\10.0.3\ref\net10.0\System.Runtime.CompilerServices.VisualC.dll
           C:\Program Files\dotnet\packs\Microsoft.NETCore.App.Ref\10.0.3\ref\net10.0\System.Runtime.dll
           C:\Program Files\dotnet\packs\Microsoft.NETCore.App.Ref\10.0.3\ref\net10.0\System.Runtime.Extensions.dll
           C:\Program Files\dotnet\packs\Microsoft.NETCore.App.Ref\10.0.3\ref\net10.0\System.Runtime.Handles.dll
           C:\Program Files\dotnet\packs\Microsoft.NETCore.App.Ref\10.0.3\ref\net10.0\System.Runtime.InteropServices.dll
           C:\Program Files\dotnet\packs\Microsoft.NETCore.App.Ref\10.0.3\ref\net10.0\System.Runtime.InteropServices.JavaScript.dll
           C:\Program Files\dotnet\packs\Microsoft.NETCore.App.Ref\10.0.3\ref\net10.0\System.Runtime.InteropServices.RuntimeInformation.dll
           C:\Program Files\dotnet\packs\Microsoft.NETCore.App.Ref\10.0.3\ref\net10.0\System.Runtime.Intrinsics.dll
           C:\Program Files\dotnet\packs\Microsoft.NETCore.App.Ref\10.0.3\ref\net10.0\System.Runtime.Loader.dll
           C:\Program Files\dotnet\packs\Microsoft.NETCore.App.Ref\10.0.3\ref\net10.0\System.Runtime.Numerics.dll
           C:\Program Files\dotnet\packs\Microsoft.NETCore.App.Ref\10.0.3\ref\net10.0\System.Runtime.Serialization.dll
           C:\Program Files\dotnet\packs\Microsoft.NETCore.App.Ref\10.0.3\ref\net10.0\System.Runtime.Serialization.Formatters.dll
           C:\Program Files\dotnet\packs\Microsoft.NETCore.App.Ref\10.0.3\ref\net10.0\System.Runtime.Serialization.Json.dll
           C:\Program Files\dotnet\packs\Microsoft.NETCore.App.Ref\10.0.3\ref\net10.0\System.Runtime.Serialization.Primitives.dll
           C:\Program Files\dotnet\packs\Microsoft.NETCore.App.Ref\10.0.3\ref\net10.0\System.Runtime.Serialization.Xml.dll
           C:\Program Files\dotnet\packs\Microsoft.NETCore.App.Ref\10.0.3\ref\net10.0\System.Security.AccessControl.dll
           C:\Program Files\dotnet\packs\Microsoft.NETCore.App.Ref\10.0.3\ref\net10.0\System.Security.Claims.dll
           C:\Program Files\dotnet\packs\Microsoft.NETCore.App.Ref\10.0.3\ref\net10.0\System.Security.Cryptography.Algorithms.dll
           C:\Program Files\dotnet\packs\Microsoft.NETCore.App.Ref\10.0.3\ref\net10.0\System.Security.Cryptography.Cng.dll
           C:\Program Files\dotnet\packs\Microsoft.NETCore.App.Ref\10.0.3\ref\net10.0\System.Security.Cryptography.Csp.dll
           C:\Program Files\dotnet\packs\Microsoft.NETCore.App.Ref\10.0.3\ref\net10.0\System.Security.Cryptography.dll
           C:\Program Files\dotnet\packs\Microsoft.NETCore.App.Ref\10.0.3\ref\net10.0\System.Security.Cryptography.Encoding.dll
           C:\Program Files\dotnet\packs\Microsoft.NETCore.App.Ref\10.0.3\ref\net10.0\System.Security.Cryptography.OpenSsl.dll
           C:\Program Files\dotnet\packs\Microsoft.NETCore.App.Ref\10.0.3\ref\net10.0\System.Security.Cryptography.Primitives.dll
           C:\Program Files\dotnet\packs\Microsoft.NETCore.App.Ref\10.0.3\ref\net10.0\System.Security.Cryptography.X509Certificates.dll
           C:\Program Files\dotnet\packs\Microsoft.NETCore.App.Ref\10.0.3\ref\net10.0\System.Security.dll
           C:\Program Files\dotnet\packs\Microsoft.NETCore.App.Ref\10.0.3\ref\net10.0\System.Security.Principal.dll
           C:\Program Files\dotnet\packs\Microsoft.NETCore.App.Ref\10.0.3\ref\net10.0\System.Security.Principal.Windows.dll
           C:\Program Files\dotnet\packs\Microsoft.NETCore.App.Ref\10.0.3\ref\net10.0\System.Security.SecureString.dll
           C:\Program Files\dotnet\packs\Microsoft.NETCore.App.Ref\10.0.3\ref\net10.0\System.ServiceModel.Web.dll
           C:\Program Files\dotnet\packs\Microsoft.NETCore.App.Ref\10.0.3\ref\net10.0\System.ServiceProcess.dll
           C:\Program Files\dotnet\packs\Microsoft.NETCore.App.Ref\10.0.3\ref\net10.0\System.Text.Encoding.CodePages.dll
           C:\Program Files\dotnet\packs\Microsoft.NETCore.App.Ref\10.0.3\ref\net10.0\System.Text.Encoding.dll
           C:\Program Files\dotnet\packs\Microsoft.NETCore.App.Ref\10.0.3\ref\net10.0\System.Text.Encoding.Extensions.dll
           C:\Program Files\dotnet\packs\Microsoft.NETCore.App.Ref\10.0.3\ref\net10.0\System.Text.Encodings.Web.dll
           C:\Program Files\dotnet\packs\Microsoft.NETCore.App.Ref\10.0.3\ref\net10.0\System.Text.Json.dll
           C:\Program Files\dotnet\packs\Microsoft.NETCore.App.Ref\10.0.3\ref\net10.0\System.Text.RegularExpressions.dll
           C:\Program Files\dotnet\packs\Microsoft.NETCore.App.Ref\10.0.3\ref\net10.0\System.Threading.AccessControl.dll
           C:\Program Files\dotnet\packs\Microsoft.NETCore.App.Ref\10.0.3\ref\net10.0\System.Threading.Channels.dll
           C:\Program Files\dotnet\packs\Microsoft.NETCore.App.Ref\10.0.3\ref\net10.0\System.Threading.dll
           C:\Program Files\dotnet\packs\Microsoft.NETCore.App.Ref\10.0.3\ref\net10.0\System.Threading.Overlapped.dll
           C:\Program Files\dotnet\packs\Microsoft.NETCore.App.Ref\10.0.3\ref\net10.0\System.Threading.Tasks.Dataflow.dll
           C:\Program Files\dotnet\packs\Microsoft.NETCore.App.Ref\10.0.3\ref\net10.0\System.Threading.Tasks.dll
           C:\Program Files\dotnet\packs\Microsoft.NETCore.App.Ref\10.0.3\ref\net10.0\System.Threading.Tasks.Extensions.dll
           C:\Program Files\dotnet\packs\Microsoft.NETCore.App.Ref\10.0.3\ref\net10.0\System.Threading.Tasks.Parallel.dll
           C:\Program Files\dotnet\packs\Microsoft.NETCore.App.Ref\10.0.3\ref\net10.0\System.Threading.Thread.dll
           C:\Program Files\dotnet\packs\Microsoft.NETCore.App.Ref\10.0.3\ref\net10.0\System.Threading.ThreadPool.dll
           C:\Program Files\dotnet\packs\Microsoft.NETCore.App.Ref\10.0.3\ref\net10.0\System.Threading.Timer.dll
           C:\Program Files\dotnet\packs\Microsoft.NETCore.App.Ref\10.0.3\ref\net10.0\System.Transactions.dll
           C:\Program Files\dotnet\packs\Microsoft.NETCore.App.Ref\10.0.3\ref\net10.0\System.Transactions.Local.dll
           C:\Program Files\dotnet\packs\Microsoft.NETCore.App.Ref\10.0.3\ref\net10.0\System.ValueTuple.dll
           C:\Program Files\dotnet\packs\Microsoft.NETCore.App.Ref\10.0.3\ref\net10.0\System.Web.dll
           C:\Program Files\dotnet\packs\Microsoft.NETCore.App.Ref\10.0.3\ref\net10.0\System.Web.HttpUtility.dll
           C:\Program Files\dotnet\packs\Microsoft.NETCore.App.Ref\10.0.3\ref\net10.0\System.Windows.dll
           C:\Program Files\dotnet\packs\Microsoft.NETCore.App.Ref\10.0.3\ref\net10.0\System.Xml.dll
           C:\Program Files\dotnet\packs\Microsoft.NETCore.App.Ref\10.0.3\ref\net10.0\System.Xml.Linq.dll
           C:\Program Files\dotnet\packs\Microsoft.NETCore.App.Ref\10.0.3\ref\net10.0\System.Xml.ReaderWriter.dll
           C:\Program Files\dotnet\packs\Microsoft.NETCore.App.Ref\10.0.3\ref\net10.0\System.Xml.Serialization.dll
           C:\Program Files\dotnet\packs\Microsoft.NETCore.App.Ref\10.0.3\ref\net10.0\System.Xml.XDocument.dll
           C:\Program Files\dotnet\packs\Microsoft.NETCore.App.Ref\10.0.3\ref\net10.0\System.Xml.XmlDocument.dll
           C:\Program Files\dotnet\packs\Microsoft.NETCore.App.Ref\10.0.3\ref\net10.0\System.Xml.XmlSerializer.dll
           C:\Program Files\dotnet\packs\Microsoft.NETCore.App.Ref\10.0.3\ref\net10.0\System.Xml.XPath.dll
           C:\Program Files\dotnet\packs\Microsoft.NETCore.App.Ref\10.0.3\ref\net10.0\System.Xml.XPath.XDocument.dll
           C:\Program Files\dotnet\packs\Microsoft.NETCore.App.Ref\10.0.3\ref\net10.0\WindowsBase.dll
           obj\Debug\net10.0\TicketConsolidator.Domain.csproj.CoreCompileInputs.cache
           obj\Debug\net10.0\TicketConsolidator.Domain.csproj.BuildWithSkipAnalyzers
           C:\Program Files\dotnet\sdk\10.0.103\Sdks\Microsoft.NET.Sdk\targets\..\analyzers\Microsoft.CodeAnalysis.CSharp.NetAnalyzers.dll
           C:\Program Files\dotnet\sdk\10.0.103\Sdks\Microsoft.NET.Sdk\targets\..\analyzers\Microsoft.CodeAnalysis.NetAnalyzers.dll
           C:\Program Files\dotnet\packs\Microsoft.NETCore.App.Ref\10.0.3\analyzers/dotnet/cs/Microsoft.Interop.ComInterfaceGenerator.dll
           C:\Program Files\dotnet\packs\Microsoft.NETCore.App.Ref\10.0.3\analyzers/dotnet/cs/Microsoft.Interop.JavaScript.JSImportGenerator.dll
           C:\Program Files\dotnet\packs\Microsoft.NETCore.App.Ref\10.0.3\analyzers/dotnet/cs/Microsoft.Interop.LibraryImportGenerator.dll
           C:\Program Files\dotnet\packs\Microsoft.NETCore.App.Ref\10.0.3\analyzers/dotnet/cs/Microsoft.Interop.SourceGeneration.dll
           C:\Program Files\dotnet\packs\Microsoft.NETCore.App.Ref\10.0.3\analyzers/dotnet/cs/System.Text.Json.SourceGeneration.dll
           C:\Program Files\dotnet\packs\Microsoft.NETCore.App.Ref\10.0.3\analyzers/dotnet/cs/System.Text.RegularExpressions.Generator.dll
           obj\Debug\net10.0\TicketConsolidator.Domain.GeneratedMSBuildEditorConfig.editorconfig
           C:\Program Files\dotnet\sdk\10.0.103\Sdks\Microsoft.NET.Sdk\analyzers\build\config\analysislevel_10_default.globalconfig
           c:\Apps\TicketConsolidator\src\TicketConsolidator.Domain\obj\TicketConsolidator.Domain.csproj.nuget.g.props
           C:\Program Files\dotnet\sdk\10.0.103\Current\Microsoft.Common.targets\ImportAfter\Microsoft.TestPlatform.ImportAfter.targets
           obj\Debug\net10.0\TicketConsolidator.Domain.sourcelink.json
       Output files: 
           obj\Debug\net10.0\TicketConsolidator.Domain.dll
           obj\Debug\net10.0\refint\TicketConsolidator.Domain.dll
           obj\Debug\net10.0\TicketConsolidator.Domain.pdb
       C:\Program Files\dotnet\sdk\10.0.103\Roslyn\Microsoft.CSharp.Core.targets(66,7): message : Property reassignment: $(NoWarn)="1701;1702;1701;1702" (previous value: "1701;1702") at C:\Program Files\dotnet\sdk\10.0.103\Roslyn\Microsoft.CSharp.Core.targets (66,7) [c:\Apps\TicketConsolidator\src\TicketConsolidator.Domain\TicketConsolidator.Domain.csproj]
  7:10>Done building target "CoreCompile" in project "TicketConsolidator.Domain.csproj".
  7:10>Target "AfterCompile" in file "C:\Program Files\dotnet\sdk\10.0.103\Microsoft.Common.CurrentVersion.targets" from project "c:\Apps\TicketConsolidator\src\TicketConsolidator.Domain\TicketConsolidator.Domain.csproj" (target "Compile" depends on it):
  7:10>Done building target "AfterCompile" in project "TicketConsolidator.Domain.csproj".
  7:10>Target "Compile" in file "C:\Program Files\dotnet\sdk\10.0.103\Microsoft.Common.CurrentVersion.targets" from project "c:\Apps\TicketConsolidator\src\TicketConsolidator.Domain\TicketConsolidator.Domain.csproj" (target "CoreBuild" depends on it):
  7:10>Done building target "Compile" in project "TicketConsolidator.Domain.csproj".
  7:10>Target "_GenerateSatelliteAssemblyInputs" in file "C:\Program Files\dotnet\sdk\10.0.103\Microsoft.Common.CurrentVersion.targets" from project "c:\Apps\TicketConsolidator\src\TicketConsolidator.Domain\TicketConsolidator.Domain.csproj" (target "CreateSatelliteAssemblies" depends on it):
  7:10>Done building target "_GenerateSatelliteAssemblyInputs" in project "TicketConsolidator.Domain.csproj".
  7:10>Target "CreateSatelliteAssemblies" in file "C:\Program Files\dotnet\sdk\10.0.103\Microsoft.Common.CurrentVersion.targets" from project "c:\Apps\TicketConsolidator\src\TicketConsolidator.Domain\TicketConsolidator.Domain.csproj" (target "CoreBuild" depends on it):
  7:10>Done building target "CreateSatelliteAssemblies" in project "TicketConsolidator.Domain.csproj".
  7:10>Target "GetTargetPathWithTargetPlatformMoniker" in file "C:\Program Files\dotnet\sdk\10.0.103\Microsoft.Common.CurrentVersion.targets" from project "c:\Apps\TicketConsolidator\src\TicketConsolidator.Domain\TicketConsolidator.Domain.csproj" (target "GetTargetPath" depends on it):
  7:10>Done building target "GetTargetPathWithTargetPlatformMoniker" in project "TicketConsolidator.Domain.csproj".
  7:10>Target "GetTargetPath" in file "C:\Program Files\dotnet\sdk\10.0.103\Microsoft.Common.CurrentVersion.targets" from project "c:\Apps\TicketConsolidator\src\TicketConsolidator.Domain\TicketConsolidator.Domain.csproj" (target "CoreBuild" depends on it):
  7:10>Done building target "GetTargetPath" in project "TicketConsolidator.Domain.csproj".
       Target "AssignTargetPaths" skipped. Previously built successfully.
       Target "AssignProjectConfiguration" skipped. Previously built successfully.
       Target "_SplitProjectReferencesByFileExistence" skipped. Previously built successfully.
       Target "_GetProjectReferenceTargetFrameworkProperties" skipped. Previously built successfully.
  7:10>Target "_PopulateCommonStateForGetCopyToOutputDirectoryItems" in file "C:\Program Files\dotnet\sdk\10.0.103\Microsoft.Common.CurrentVersion.targets" from project "c:\Apps\TicketConsolidator\src\TicketConsolidator.Domain\TicketConsolidator.Domain.csproj" (target "GetCopyToOutputDirectoryItems" depends on it):
  7:10>Done building target "_PopulateCommonStateForGetCopyToOutputDirectoryItems" in project "TicketConsolidator.Domain.csproj".
  7:10>Target "GetCopyToOutputDirectoryItems" in file "C:\Program Files\dotnet\sdk\10.0.103\Microsoft.Common.CurrentVersion.targets" from project "c:\Apps\TicketConsolidator\src\TicketConsolidator.Domain\TicketConsolidator.Domain.csproj" (target "_CopySourceItemsToOutputDirectory" depends on it):
       Using "CallTarget" task from assembly "Microsoft.Build.Tasks.Core, Version=15.1.0.0, Culture=neutral, PublicKeyToken=b03f5f7f11d50a3a".
       Task "CallTarget"
       Target "_PopulateCommonStateForGetCopyToOutputDirectoryItems" skipped. Previously built successfully.
       Target "_AddOutputPathToGlobalPropertiesToRemove" skipped. Previously built successfully.
  7:10>Target "_GetCopyToOutputDirectoryItemsFromTransitiveProjectReferences" in file "C:\Program Files\dotnet\sdk\10.0.103\Microsoft.Common.CurrentVersion.targets" from project "c:\Apps\TicketConsolidator\src\TicketConsolidator.Domain\TicketConsolidator.Domain.csproj" (target "GetCopyToOutputDirectoryItems" depends on it):
       Task "AssignTargetPath"
       Done executing task "AssignTargetPath".
  7:10>Done building target "_GetCopyToOutputDirectoryItemsFromTransitiveProjectReferences" in project "TicketConsolidator.Domain.csproj".
       Done executing task "CallTarget".
       Task "CallTarget"
       Target "AssignTargetPaths" skipped. Previously built successfully.
       Target "_PopulateCommonStateForGetCopyToOutputDirectoryItems" skipped. Previously built successfully.
  7:10>Target "_GetCopyToOutputDirectoryItemsFromThisProject" in file "C:\Program Files\dotnet\sdk\10.0.103\Microsoft.Common.CurrentVersion.targets" from project "c:\Apps\TicketConsolidator\src\TicketConsolidator.Domain\TicketConsolidator.Domain.csproj" (target "GetCopyToOutputDirectoryItems" depends on it):
       Task "AssignTargetPath"
       Done executing task "AssignTargetPath".
  7:10>Done building target "_GetCopyToOutputDirectoryItemsFromThisProject" in project "TicketConsolidator.Domain.csproj".
       Done executing task "CallTarget".
  7:10>Done building target "GetCopyToOutputDirectoryItems" in project "TicketConsolidator.Domain.csproj".
  7:10>Target "_CopySourceItemsToOutputDirectory" in file "C:\Program Files\dotnet\sdk\10.0.103\Microsoft.Common.CurrentVersion.targets" from project "c:\Apps\TicketConsolidator\src\TicketConsolidator.Domain\TicketConsolidator.Domain.csproj" (target "CopyFilesToOutputDirectory" depends on it):
  7:10>Done building target "_CopySourceItemsToOutputDirectory" in project "TicketConsolidator.Domain.csproj".
  7:10>Target "_CheckForCompileOutputs" in file "C:\Program Files\dotnet\sdk\10.0.103\Microsoft.Common.CurrentVersion.targets" from project "c:\Apps\TicketConsolidator\src\TicketConsolidator.Domain\TicketConsolidator.Domain.csproj" (target "CopyFilesToOutputDirectory" depends on it):
  7:10>Done building target "_CheckForCompileOutputs" in project "TicketConsolidator.Domain.csproj".
       Target "_DefaultMicrosoftNETPlatformLibrary" skipped. Previously built successfully.
       Target "_HandlePackageFileConflicts" skipped. Previously built successfully.
       Target "ResolveAssemblyReferences" skipped. Previously built successfully.
  7:10>Target "_ComputeReferenceAssemblies" in file "C:\Program Files\dotnet\sdk\10.0.103\Sdks\Microsoft.NET.Sdk\targets\Microsoft.NET.Sdk.targets" from project "c:\Apps\TicketConsolidator\src\TicketConsolidator.Domain\TicketConsolidator.Domain.csproj" (target "GenerateBuildDependencyFile" depends on it):
  7:10>Done building target "_ComputeReferenceAssemblies" in project "TicketConsolidator.Domain.csproj".
  7:10>Target "_ComputeUserRuntimeAssemblies" in file "C:\Program Files\dotnet\sdk\10.0.103\Sdks\Microsoft.NET.Sdk\targets\Microsoft.NET.Sdk.targets" from project "c:\Apps\TicketConsolidator\src\TicketConsolidator.Domain\TicketConsolidator.Domain.csproj" (target "GenerateBuildDependencyFile" depends on it):
  7:10>Done building target "_ComputeUserRuntimeAssemblies" in project "TicketConsolidator.Domain.csproj".
       Target "_ComputePackageReferencePublish" skipped. Previously built successfully.
  7:10>Target "GenerateBuildDependencyFile" in file "C:\Program Files\dotnet\sdk\10.0.103\Sdks\Microsoft.NET.Sdk\targets\Microsoft.NET.Sdk.targets" from project "c:\Apps\TicketConsolidator\src\TicketConsolidator.Domain\TicketConsolidator.Domain.csproj" (target "CopyFilesToOutputDirectory" depends on it):
       Skipping target "GenerateBuildDependencyFile" because all output files are up-to-date with respect to the input files.
       Input files: 
           c:\Apps\TicketConsolidator\src\TicketConsolidator.Domain\obj\project.assets.json
           c:\Apps\TicketConsolidator\src\TicketConsolidator.Domain\obj\Debug\net10.0\TicketConsolidator.Domain.assets.cache
           c:\Apps\TicketConsolidator\src\TicketConsolidator.Domain\obj\TicketConsolidator.Domain.csproj.nuget.g.props
           C:\Program Files\dotnet\sdk\10.0.103\Current\Microsoft.Common.targets\ImportAfter\Microsoft.TestPlatform.ImportAfter.targets
       Output files: c:\Apps\TicketConsolidator\src\TicketConsolidator.Domain\bin\Debug\net10.0\TicketConsolidator.Domain.deps.json
  7:10>Done building target "GenerateBuildDependencyFile" in project "TicketConsolidator.Domain.csproj".
  7:10>Target "CopyFilesToOutputDirectory" in file "C:\Program Files\dotnet\sdk\10.0.103\Microsoft.Common.CurrentVersion.targets" from project "c:\Apps\TicketConsolidator\src\TicketConsolidator.Domain\TicketConsolidator.Domain.csproj" (target "PrepareForRun" depends on it):
       Using "Copy" task from assembly "Microsoft.Build.Tasks.Core, Version=15.1.0.0, Culture=neutral, PublicKeyToken=b03f5f7f11d50a3a".
       Task "Copy"
         Did not copy from file "obj\Debug\net10.0\TicketConsolidator.Domain.dll" to file "bin\Debug\net10.0\TicketConsolidator.Domain.dll" because the "SkipUnchangedFiles" parameter was set to "true" in the project and the files' sizes and timestamps match.
       Done executing task "Copy".
       Using "CopyRefAssembly" task from assembly "C:\Program Files\dotnet\sdk\10.0.103\Sdks\Microsoft.NET.Sdk\targets\..\..\..\Roslyn\Microsoft.Build.Tasks.CodeAnalysis.dll".
       Task "CopyRefAssembly"
         Reference assembly "c:\Apps\TicketConsolidator\src\TicketConsolidator.Domain\obj\Debug\net10.0\ref\TicketConsolidator.Domain.dll" already has latest information. Leaving it untouched.
       Done executing task "CopyRefAssembly".
       Task "Message"
         TicketConsolidator.Domain -> c:\Apps\TicketConsolidator\src\TicketConsolidator.Domain\bin\Debug\net10.0\TicketConsolidator.Domain.dll
       Done executing task "Message".
       Task "Copy"
         Did not copy from file "obj\Debug\net10.0\TicketConsolidator.Domain.pdb" to file "bin\Debug\net10.0\TicketConsolidator.Domain.pdb" because the "SkipUnchangedFiles" parameter was set to "true" in the project and the files' sizes and timestamps match.
       Done executing task "Copy".
  7:10>Done building target "CopyFilesToOutputDirectory" in project "TicketConsolidator.Domain.csproj".
  7:10>Target "PrepareForRun" in file "C:\Program Files\dotnet\sdk\10.0.103\Microsoft.Common.CurrentVersion.targets" from project "c:\Apps\TicketConsolidator\src\TicketConsolidator.Domain\TicketConsolidator.Domain.csproj" (target "CoreBuild" depends on it):
  7:10>Done building target "PrepareForRun" in project "TicketConsolidator.Domain.csproj".
       Target "_CheckForCompileOutputs" skipped. Previously built successfully.
  7:10>Target "_CleanGetCurrentAndPriorFileWrites" in file "C:\Program Files\dotnet\sdk\10.0.103\Microsoft.Common.CurrentVersion.targets" from project "c:\Apps\TicketConsolidator\src\TicketConsolidator.Domain\TicketConsolidator.Domain.csproj" (target "IncrementalClean" depends on it):
       Using "ReadLinesFromFile" task from assembly "Microsoft.Build.Tasks.Core, Version=15.1.0.0, Culture=neutral, PublicKeyToken=b03f5f7f11d50a3a".
       Task "ReadLinesFromFile"
       Done executing task "ReadLinesFromFile".
       Task "ConvertToAbsolutePath"
       Done executing task "ConvertToAbsolutePath".
       Using "FindUnderPath" task from assembly "Microsoft.Build.Tasks.Core, Version=15.1.0.0, Culture=neutral, PublicKeyToken=b03f5f7f11d50a3a".
       Task "FindUnderPath"
         Comparison path is "c:\Apps\TicketConsolidator\src\TicketConsolidator.Domain".
       Done executing task "FindUnderPath".
       Task "FindUnderPath"
         Comparison path is "bin\Debug\net10.0\".
       Done executing task "FindUnderPath".
       Task "FindUnderPath"
         Comparison path is "obj\Debug\net10.0\".
       Done executing task "FindUnderPath".
       Task "RemoveDuplicates"
       Done executing task "RemoveDuplicates".
  7:10>Done building target "_CleanGetCurrentAndPriorFileWrites" in project "TicketConsolidator.Domain.csproj".
  7:10>Target "IncrementalClean" in file "C:\Program Files\dotnet\sdk\10.0.103\Microsoft.Common.CurrentVersion.targets" from project "c:\Apps\TicketConsolidator\src\TicketConsolidator.Domain\TicketConsolidator.Domain.csproj" (target "CoreBuild" depends on it):
       Task "FindUnderPath"
         Comparison path is "bin\Debug\net10.0\".
       Done executing task "FindUnderPath".
       Task "FindUnderPath"
         Comparison path is "obj\Debug\net10.0\".
       Done executing task "FindUnderPath".
       Using "Delete" task from assembly "Microsoft.Build.Tasks.Core, Version=15.1.0.0, Culture=neutral, PublicKeyToken=b03f5f7f11d50a3a".
       Task "Delete"
       Done executing task "Delete".
       Task "RemoveDuplicates"
       Done executing task "RemoveDuplicates".
  7:10>Done building target "IncrementalClean" in project "TicketConsolidator.Domain.csproj".
       Target "GenerateBuildDependencyFile" skipped. Previously built successfully.
  7:10>Target "CoreBuild" in file "C:\Program Files\dotnet\sdk\10.0.103\Microsoft.Common.CurrentVersion.targets" from project "c:\Apps\TicketConsolidator\src\TicketConsolidator.Domain\TicketConsolidator.Domain.csproj" (target "Build" depends on it):
  7:10>Done building target "CoreBuild" in project "TicketConsolidator.Domain.csproj".
  7:10>Target "AfterBuild" in file "C:\Program Files\dotnet\sdk\10.0.103\Microsoft.Common.CurrentVersion.targets" from project "c:\Apps\TicketConsolidator\src\TicketConsolidator.Domain\TicketConsolidator.Domain.csproj" (target "Build" depends on it):
  7:10>Done building target "AfterBuild" in project "TicketConsolidator.Domain.csproj".
       Target "_CheckForInvalidConfigurationAndPlatform" skipped. Previously built successfully.
       Target "_CheckForInvalidConfigurationAndPlatform" skipped. Previously built successfully.
  7:10>Target "Build" in file "C:\Program Files\dotnet\sdk\10.0.103\Microsoft.Common.CurrentVersion.targets" from project "c:\Apps\TicketConsolidator\src\TicketConsolidator.Domain\TicketConsolidator.Domain.csproj" (entry point):
  7:10>Done building target "Build" in project "TicketConsolidator.Domain.csproj".
  7:10>Target "_CheckContainersPackage" in file "C:\Program Files\dotnet\sdk\10.0.103\Containers\build\Microsoft.NET.Build.Containers.targets" from project "c:\Apps\TicketConsolidator\src\TicketConsolidator.Domain\TicketConsolidator.Domain.csproj" (entry point):
  7:10>Done building target "_CheckContainersPackage" in project "TicketConsolidator.Domain.csproj".
  7:10>Done Building Project "c:\Apps\TicketConsolidator\src\TicketConsolidator.Domain\TicketConsolidator.Domain.csproj" (default targets).
   5:6>Project "c:\Apps\TicketConsolidator\src\TicketConsolidator.UI\TicketConsolidator.UI.csproj" (5:6) is building "c:\Apps\TicketConsolidator\src\TicketConsolidator.Domain\TicketConsolidator.Domain.csproj" (7:11) on node 1 (GetTargetFrameworks target(s)).
  7:11>Target "GetTargetFrameworksWithPlatformForSingleTargetFramework" in file "C:\Program Files\dotnet\sdk\10.0.103\Microsoft.Common.CurrentVersion.targets" from project "c:\Apps\TicketConsolidator\src\TicketConsolidator.Domain\TicketConsolidator.Domain.csproj" (target "GetTargetFrameworks" depends on it):
  7:11>Using "CombineTargetFrameworkInfoProperties" task from assembly "Microsoft.Build.Tasks.Core, Version=15.1.0.0, Culture=neutral, PublicKeyToken=b03f5f7f11d50a3a".
       Task "CombineTargetFrameworkInfoProperties"
       Done executing task "CombineTargetFrameworkInfoProperties".
  7:11>Done building target "GetTargetFrameworksWithPlatformForSingleTargetFramework" in project "TicketConsolidator.Domain.csproj".
  7:11>Target "GetTargetFrameworks" in file "C:\Program Files\dotnet\sdk\10.0.103\Microsoft.Common.CurrentVersion.targets" from project "c:\Apps\TicketConsolidator\src\TicketConsolidator.Domain\TicketConsolidator.Domain.csproj" (entry point):
       Using "CombineXmlElements" task from assembly "Microsoft.Build.Tasks.Core, Version=15.1.0.0, Culture=neutral, PublicKeyToken=b03f5f7f11d50a3a".
       Task "CombineXmlElements"
       Done executing task "CombineXmlElements".
  7:11>Done building target "GetTargetFrameworks" in project "TicketConsolidator.Domain.csproj".
  7:11>Done Building Project "c:\Apps\TicketConsolidator\src\TicketConsolidator.Domain\TicketConsolidator.Domain.csproj" (GetTargetFrameworks target(s)).
   6:6>Project "c:\Apps\TicketConsolidator\src\TicketConsolidator.Web\TicketConsolidator.Web.csproj" (6:6) is building "c:\Apps\TicketConsolidator\src\TicketConsolidator.Domain\TicketConsolidator.Domain.csproj" (7:12) on node 1 (GetTargetFrameworks target(s)).
  7:12>Target "GetTargetFrameworks" skipped. Previously built successfully.
  7:12>Done Building Project "c:\Apps\TicketConsolidator\src\TicketConsolidator.Domain\TicketConsolidator.Domain.csproj" (GetTargetFrameworks target(s)).
   3:6>Project "c:\Apps\TicketConsolidator\tests\TicketConsolidator.UnitTests\TicketConsolidator.UnitTests.csproj" (3:6) is building "c:\Apps\TicketConsolidator\src\TicketConsolidator.Domain\TicketConsolidator.Domain.csproj" (7:13) on node 1 (GetTargetFrameworks target(s)).
  7:13>Target "GetTargetFrameworks" skipped. Previously built successfully.
  7:13>Done Building Project "c:\Apps\TicketConsolidator\src\TicketConsolidator.Domain\TicketConsolidator.Domain.csproj" (GetTargetFrameworks target(s)).
   4:9>Project "c:\Apps\TicketConsolidator\src\TicketConsolidator.Infrastructure\TicketConsolidator.Infrastructure.csproj" (4:9) is building "c:\Apps\TicketConsolidator\src\TicketConsolidator.Domain\TicketConsolidator.Domain.csproj" (7:14) on node 1 (GetTargetFrameworks target(s)).
  7:14>Target "GetTargetFrameworks" skipped. Previously built successfully.
  7:14>Done Building Project "c:\Apps\TicketConsolidator\src\TicketConsolidator.Domain\TicketConsolidator.Domain.csproj" (GetTargetFrameworks target(s)).
   2:9>Project "c:\Apps\TicketConsolidator\src\TicketConsolidator.Application\TicketConsolidator.Application.csproj" (2:9) is building "c:\Apps\TicketConsolidator\src\TicketConsolidator.Domain\TicketConsolidator.Domain.csproj" (7:15) on node 1 (GetTargetFrameworks target(s)).
  7:15>Target "GetTargetFrameworks" skipped. Previously built successfully.
  7:15>Done Building Project "c:\Apps\TicketConsolidator\src\TicketConsolidator.Domain\TicketConsolidator.Domain.csproj" (GetTargetFrameworks target(s)).
   2:9>Done executing task "MSBuild".
   4:9>Done executing task "MSBuild".
   3:6>Done executing task "MSBuild".
   6:6>Done executing task "MSBuild".
   2:9>_GetProjectReferenceTargetFrameworkProperties:
       Using "GetReferenceNearestTargetFrameworkTask" task from assembly "C:\Program Files\dotnet\sdk\10.0.103\NuGet.Build.Tasks.dll".
   5:6>Done executing task "MSBuild".
   6:6>_GetProjectReferenceTargetFrameworkProperties:
       Using "GetReferenceNearestTargetFrameworkTask" task from assembly "C:\Program Files\dotnet\sdk\10.0.103\NuGet.Build.Tasks.dll".
       Task "GetReferenceNearestTargetFrameworkTask"
   4:9>_GetProjectReferenceTargetFrameworkProperties:
       Using "GetReferenceNearestTargetFrameworkTask" task from assembly "C:\Program Files\dotnet\sdk\10.0.103\NuGet.Build.Tasks.dll".
   3:6>_GetProjectReferenceTargetFrameworkProperties:
       Using "GetReferenceNearestTargetFrameworkTask" task from assembly "C:\Program Files\dotnet\sdk\10.0.103\NuGet.Build.Tasks.dll".
   2:9>Task "GetReferenceNearestTargetFrameworkTask"
   5:6>_GetProjectReferenceTargetFrameworkProperties:
       Using "GetReferenceNearestTargetFrameworkTask" task from assembly "C:\Program Files\dotnet\sdk\10.0.103\NuGet.Build.Tasks.dll".
   4:9>Task "GetReferenceNearestTargetFrameworkTask"
   5:6>Task "GetReferenceNearestTargetFrameworkTask"
   6:6>Done executing task "GetReferenceNearestTargetFrameworkTask".
       Using "SetRidAgnosticValueForProjects" task from assembly "Microsoft.Build.Tasks.Core, Version=15.1.0.0, Culture=neutral, PublicKeyToken=b03f5f7f11d50a3a".
   2:9>Done executing task "GetReferenceNearestTargetFrameworkTask".
   6:6>Task "SetRidAgnosticValueForProjects"
   3:6>Task "GetReferenceNearestTargetFrameworkTask"
   6:6>Done executing task "SetRidAgnosticValueForProjects".
   4:9>Done executing task "GetReferenceNearestTargetFrameworkTask".
   2:9>_GetProjectReferenceTargetFrameworkProperties:
       Using "SetRidAgnosticValueForProjects" task from assembly "Microsoft.Build.Tasks.Core, Version=15.1.0.0, Culture=neutral, PublicKeyToken=b03f5f7f11d50a3a".
   4:9>_GetProjectReferenceTargetFrameworkProperties:
       Using "SetRidAgnosticValueForProjects" task from assembly "Microsoft.Build.Tasks.Core, Version=15.1.0.0, Culture=neutral, PublicKeyToken=b03f5f7f11d50a3a".
   3:6>Done executing task "GetReferenceNearestTargetFrameworkTask".
   2:9>Task "SetRidAgnosticValueForProjects"
   3:6>_GetProjectReferenceTargetFrameworkProperties:
       Using "SetRidAgnosticValueForProjects" task from assembly "Microsoft.Build.Tasks.Core, Version=15.1.0.0, Culture=neutral, PublicKeyToken=b03f5f7f11d50a3a".
   4:9>Task "SetRidAgnosticValueForProjects"
   2:9>Done executing task "SetRidAgnosticValueForProjects".
   4:9>Done executing task "SetRidAgnosticValueForProjects".
   3:6>Task "SetRidAgnosticValueForProjects"
   2:9>Done building target "_GetProjectReferenceTargetFrameworkProperties" in project "TicketConsolidator.Application.csproj".
   4:9>Done building target "_GetProjectReferenceTargetFrameworkProperties" in project "TicketConsolidator.Infrastructure.csproj".
   3:6>Done executing task "SetRidAgnosticValueForProjects".
   4:9>Target "_CalculateIsVSTestTestProject" skipped. Previously built successfully.
   3:6>Done building target "_GetProjectReferenceTargetFrameworkProperties" in project "TicketConsolidator.UnitTests.csproj".
   2:9>Target "_CalculateIsVSTestTestProject" skipped. Previously built successfully.
   2:9>Target "ValidateExecutableReferences" in file "C:\Program Files\dotnet\sdk\10.0.103\Sdks\Microsoft.NET.Sdk\targets\Microsoft.NET.Sdk.targets" from project "c:\Apps\TicketConsolidator\src\TicketConsolidator.Application\TicketConsolidator.Application.csproj" (target "PrepareProjectReferences" depends on it):
       Using "ValidateExecutableReferences" task from assembly "C:\Program Files\dotnet\sdk\10.0.103\Sdks\Microsoft.NET.Sdk\targets\..\tools\net10.0\Microsoft.NET.Build.Tasks.dll".
   3:6>Target "_CalculateIsVSTestTestProject" in file "C:\Program Files\dotnet\sdk\10.0.103\Sdks\Microsoft.NET.Sdk\targets\Microsoft.NET.Sdk.targets" from project "c:\Apps\TicketConsolidator\tests\TicketConsolidator.UnitTests\TicketConsolidator.UnitTests.csproj" (target "ValidateExecutableReferences" depends on it):
   3:6>Done building target "_CalculateIsVSTestTestProject" in project "TicketConsolidator.UnitTests.csproj".
   6:6>Done building target "_GetProjectReferenceTargetFrameworkProperties" in project "TicketConsolidator.Web.csproj".
   2:9>Task "ValidateExecutableReferences"
   4:9>Target "ValidateExecutableReferences" in file "C:\Program Files\dotnet\sdk\10.0.103\Sdks\Microsoft.NET.Sdk\targets\Microsoft.NET.Sdk.targets" from project "c:\Apps\TicketConsolidator\src\TicketConsolidator.Infrastructure\TicketConsolidator.Infrastructure.csproj" (target "PrepareProjectReferences" depends on it):
   4:9>Using "ValidateExecutableReferences" task from assembly "C:\Program Files\dotnet\sdk\10.0.103\Sdks\Microsoft.NET.Sdk\targets\..\tools\net10.0\Microsoft.NET.Build.Tasks.dll".
   3:6>Target "ValidateExecutableReferences" in file "C:\Program Files\dotnet\sdk\10.0.103\Sdks\Microsoft.NET.Sdk\targets\Microsoft.NET.Sdk.targets" from project "c:\Apps\TicketConsolidator\tests\TicketConsolidator.UnitTests\TicketConsolidator.UnitTests.csproj" (target "PrepareProjectReferences" depends on it):
   3:6>Done building target "ValidateExecutableReferences" in project "TicketConsolidator.UnitTests.csproj".
   2:9>Done executing task "ValidateExecutableReferences".
   6:6>Target "_CalculateIsVSTestTestProject" in file "C:\Program Files\dotnet\sdk\10.0.103\Sdks\Microsoft.NET.Sdk\targets\Microsoft.NET.Sdk.targets" from project "c:\Apps\TicketConsolidator\src\TicketConsolidator.Web\TicketConsolidator.Web.csproj" (target "ValidateExecutableReferences" depends on it):
   6:6>Done building target "_CalculateIsVSTestTestProject" in project "TicketConsolidator.Web.csproj".
   4:9>Task "ValidateExecutableReferences"
   2:9>Done building target "ValidateExecutableReferences" in project "TicketConsolidator.Application.csproj".
   6:6>Target "ValidateExecutableReferences" in file "C:\Program Files\dotnet\sdk\10.0.103\Sdks\Microsoft.NET.Sdk\targets\Microsoft.NET.Sdk.targets" from project "c:\Apps\TicketConsolidator\src\TicketConsolidator.Web\TicketConsolidator.Web.csproj" (target "PrepareProjectReferences" depends on it):
   6:6>Using "ValidateExecutableReferences" task from assembly "C:\Program Files\dotnet\sdk\10.0.103\Sdks\Microsoft.NET.Sdk\targets\..\tools\net10.0\Microsoft.NET.Build.Tasks.dll".
       Task "ValidateExecutableReferences"
   3:6>Target "PrepareProjectReferences" in file "C:\Program Files\dotnet\sdk\10.0.103\Microsoft.Common.CurrentVersion.targets" from project "c:\Apps\TicketConsolidator\tests\TicketConsolidator.UnitTests\TicketConsolidator.UnitTests.csproj" (target "ResolveProjectReferences" depends on it):
   3:6>Done building target "PrepareProjectReferences" in project "TicketConsolidator.UnitTests.csproj".
   4:9>Done executing task "ValidateExecutableReferences".
   4:9>Done building target "ValidateExecutableReferences" in project "TicketConsolidator.Infrastructure.csproj".
   6:6>Done executing task "ValidateExecutableReferences".
   2:9>Target "PrepareProjectReferences" in file "C:\Program Files\dotnet\sdk\10.0.103\Microsoft.Common.CurrentVersion.targets" from project "c:\Apps\TicketConsolidator\src\TicketConsolidator.Application\TicketConsolidator.Application.csproj" (target "ResolveProjectReferences" depends on it):
   2:9>Done building target "PrepareProjectReferences" in project "TicketConsolidator.Application.csproj".
   6:6>Done building target "ValidateExecutableReferences" in project "TicketConsolidator.Web.csproj".
   3:6>Target "ResolveProjectReferences" in file "C:\Program Files\dotnet\sdk\10.0.103\Microsoft.Common.CurrentVersion.targets" from project "c:\Apps\TicketConsolidator\tests\TicketConsolidator.UnitTests\TicketConsolidator.UnitTests.csproj" (target "ResolveReferences" depends on it):
   3:6>Task "MSBuild"
   6:6>Target "PrepareProjectReferences" in file "C:\Program Files\dotnet\sdk\10.0.103\Microsoft.Common.CurrentVersion.targets" from project "c:\Apps\TicketConsolidator\src\TicketConsolidator.Web\TicketConsolidator.Web.csproj" (target "ResolveProjectReferences" depends on it):
   6:6>Done building target "PrepareProjectReferences" in project "TicketConsolidator.Web.csproj".
   6:6>Target "ResolveProjectReferences" in file "C:\Program Files\dotnet\sdk\10.0.103\Microsoft.Common.CurrentVersion.targets" from project "c:\Apps\TicketConsolidator\src\TicketConsolidator.Web\TicketConsolidator.Web.csproj" (target "ResolveReferences" depends on it):
       Task "MSBuild"
   4:9>Target "PrepareProjectReferences" in file "C:\Program Files\dotnet\sdk\10.0.103\Microsoft.Common.CurrentVersion.targets" from project "c:\Apps\TicketConsolidator\src\TicketConsolidator.Infrastructure\TicketConsolidator.Infrastructure.csproj" (target "ResolveProjectReferences" depends on it):
   4:9>Done building target "PrepareProjectReferences" in project "TicketConsolidator.Infrastructure.csproj".
   2:9>Target "ResolveProjectReferences" in file "C:\Program Files\dotnet\sdk\10.0.103\Microsoft.Common.CurrentVersion.targets" from project "c:\Apps\TicketConsolidator\src\TicketConsolidator.Application\TicketConsolidator.Application.csproj" (target "ResolveReferences" depends on it):
   2:9>Task "MSBuild"
   3:6>ResolveProjectReferences:
         Global Properties:
   6:6>ResolveProjectReferences:
         Global Properties:
           Configuration=Debug
           Platform=AnyCPU
         Removing Properties:
           WebPublishProfileFile
   4:9>Target "ResolveProjectReferences" in file "C:\Program Files\dotnet\sdk\10.0.103\Microsoft.Common.CurrentVersion.targets" from project "c:\Apps\TicketConsolidator\src\TicketConsolidator.Infrastructure\TicketConsolidator.Infrastructure.csproj" (target "ResolveReferences" depends on it):
   4:9>Task "MSBuild"
   6:6>ResolveProjectReferences:
         Removing Properties for project "..\TicketConsolidator.Domain\TicketConsolidator.Domain.csproj":
           TargetFramework
   2:9>ResolveProjectReferences:
         Global Properties:
   3:6>ResolveProjectReferences:
           Configuration=Debug
   6:6>ResolveProjectReferences:
           RuntimeIdentifier
           SelfContained
         Removing Properties for project "..\TicketConsolidator.Infrastructure\TicketConsolidator.Infrastructure.csproj":
   2:9>ResolveProjectReferences:
           Configuration=Debug
   4:9>ResolveProjectReferences:
         Global Properties:
   3:6>ResolveProjectReferences:
           Platform=AnyCPU
   6:6>ResolveProjectReferences:
           TargetFramework
           RuntimeIdentifier
   4:9>ResolveProjectReferences:
           Configuration=Debug
   2:9>ResolveProjectReferences:
           Platform=AnyCPU
   3:6>ResolveProjectReferences:
         Removing Properties for project "..\..\src\TicketConsolidator.Domain\TicketConsolidator.Domain.csproj":
   6:6>ResolveProjectReferences:
           SelfContained
   4:9>ResolveProjectReferences:
           Platform=AnyCPU
   6:6>ResolveProjectReferences:
         Removing Properties for project "..\TicketConsolidator.Application\TicketConsolidator.Application.csproj":
   2:9>ResolveProjectReferences:
         Removing Properties for project "..\TicketConsolidator.Domain\TicketConsolidator.Domain.csproj":
   3:6>ResolveProjectReferences:
           TargetFramework
   6:6>ResolveProjectReferences:
           TargetFramework
   4:9>ResolveProjectReferences:
         Removing Properties for project "..\TicketConsolidator.Application\TicketConsolidator.Application.csproj":
   6:6>ResolveProjectReferences:
           RuntimeIdentifier
   2:9>ResolveProjectReferences:
           TargetFramework
   6:6>ResolveProjectReferences:
           SelfContained
   3:6>ResolveProjectReferences:
           RuntimeIdentifier
   4:9>ResolveProjectReferences:
           TargetFramework
   6:6>Project "c:\Apps\TicketConsolidator\src\TicketConsolidator.Web\TicketConsolidator.Web.csproj" (6:6) is building "c:\Apps\TicketConsolidator\src\TicketConsolidator.Domain\TicketConsolidator.Domain.csproj" (7:16) on node 1 (default targets).
  7:16>Target "Build" skipped. Previously built successfully.
  7:16>Done Building Project "c:\Apps\TicketConsolidator\src\TicketConsolidator.Domain\TicketConsolidator.Domain.csproj" (default targets).
   2:9>ResolveProjectReferences:
           RuntimeIdentifier
   3:6>ResolveProjectReferences:
           SelfContained
   4:9>ResolveProjectReferences:
           RuntimeIdentifier
   3:6>ResolveProjectReferences:
         Removing Properties for project "..\..\src\TicketConsolidator.Application\TicketConsolidator.Application.csproj":
   4:9>ResolveProjectReferences:
           SelfContained
         Removing Properties for project "..\TicketConsolidator.Domain\TicketConsolidator.Domain.csproj":
   3:6>ResolveProjectReferences:
           TargetFramework
   4:9>ResolveProjectReferences:
           TargetFramework
   3:6>ResolveProjectReferences:
           RuntimeIdentifier
   4:9>ResolveProjectReferences:
           RuntimeIdentifier
   3:6>ResolveProjectReferences:
           SelfContained
   2:9>ResolveProjectReferences:
           SelfContained
   4:9>ResolveProjectReferences:
           SelfContained
   3:6>ResolveProjectReferences:
         Removing Properties for project "..\..\src\TicketConsolidator.Infrastructure\TicketConsolidator.Infrastructure.csproj":
   2:9>Project "c:\Apps\TicketConsolidator\src\TicketConsolidator.Application\TicketConsolidator.Application.csproj" (2:9) is building "c:\Apps\TicketConsolidator\src\TicketConsolidator.Domain\TicketConsolidator.Domain.csproj" (7:17) on node 1 (default targets).
  7:17>Target "Build" skipped. Previously built successfully.
  7:17>Done Building Project "c:\Apps\TicketConsolidator\src\TicketConsolidator.Domain\TicketConsolidator.Domain.csproj" (default targets).
   3:6>ResolveProjectReferences:
           TargetFramework
           RuntimeIdentifier
   4:9>Project "c:\Apps\TicketConsolidator\src\TicketConsolidator.Infrastructure\TicketConsolidator.Infrastructure.csproj" (4:9) is building "c:\Apps\TicketConsolidator\src\TicketConsolidator.Domain\TicketConsolidator.Domain.csproj" (7:18) on node 1 (default targets).
  7:18>Target "Build" skipped. Previously built successfully.
  7:18>Done Building Project "c:\Apps\TicketConsolidator\src\TicketConsolidator.Domain\TicketConsolidator.Domain.csproj" (default targets).
   3:6>ResolveProjectReferences:
           SelfContained
   3:6>Project "c:\Apps\TicketConsolidator\tests\TicketConsolidator.UnitTests\TicketConsolidator.UnitTests.csproj" (3:6) is building "c:\Apps\TicketConsolidator\src\TicketConsolidator.Domain\TicketConsolidator.Domain.csproj" (7:19) on node 1 (default targets).
  7:19>Target "Build" skipped. Previously built successfully.
  7:19>Done Building Project "c:\Apps\TicketConsolidator\src\TicketConsolidator.Domain\TicketConsolidator.Domain.csproj" (default targets).
   2:9>Done executing task "MSBuild".
       Task "MSBuild"
         Global Properties:
           Configuration=Debug
           Platform=AnyCPU
         Removing Properties for project "..\TicketConsolidator.Domain\TicketConsolidator.Domain.csproj":
           TargetFramework
           RuntimeIdentifier
   5:6>Done executing task "GetReferenceNearestTargetFrameworkTask".
   2:9>ResolveProjectReferences:
           SelfContained
   5:6>_GetProjectReferenceTargetFrameworkProperties:
       Using "SetRidAgnosticValueForProjects" task from assembly "Microsoft.Build.Tasks.Core, Version=15.1.0.0, Culture=neutral, PublicKeyToken=b03f5f7f11d50a3a".
       Task "SetRidAgnosticValueForProjects"
       Done executing task "SetRidAgnosticValueForProjects".
   2:9>Project "c:\Apps\TicketConsolidator\src\TicketConsolidator.Application\TicketConsolidator.Application.csproj" (2:9) is building "c:\Apps\TicketConsolidator\src\TicketConsolidator.Domain\TicketConsolidator.Domain.csproj" (7:20) on node 1 (GetNativeManifest target(s)).
  7:20>Target "GetNativeManifest" in file "C:\Program Files\dotnet\sdk\10.0.103\Microsoft.Common.CurrentVersion.targets" from project "c:\Apps\TicketConsolidator\src\TicketConsolidator.Domain\TicketConsolidator.Domain.csproj" (entry point):
  7:20>Done building target "GetNativeManifest" in project "TicketConsolidator.Domain.csproj".
  7:20>Done Building Project "c:\Apps\TicketConsolidator\src\TicketConsolidator.Domain\TicketConsolidator.Domain.csproj" (GetNativeManifest target(s)).
   5:6>Done building target "_GetProjectReferenceTargetFrameworkProperties" in project "TicketConsolidator.UI.csproj".
   5:6>Target "_CalculateIsVSTestTestProject" in file "C:\Program Files\dotnet\sdk\10.0.103\Sdks\Microsoft.NET.Sdk\targets\Microsoft.NET.Sdk.targets" from project "c:\Apps\TicketConsolidator\src\TicketConsolidator.UI\TicketConsolidator.UI.csproj" (target "ValidateExecutableReferences" depends on it):
   5:6>Done building target "_CalculateIsVSTestTestProject" in project "TicketConsolidator.UI.csproj".
   5:6>Target "ValidateExecutableReferences" in file "C:\Program Files\dotnet\sdk\10.0.103\Sdks\Microsoft.NET.Sdk\targets\Microsoft.NET.Sdk.targets" from project "c:\Apps\TicketConsolidator\src\TicketConsolidator.UI\TicketConsolidator.UI.csproj" (target "PrepareProjectReferences" depends on it):
       Using "ValidateExecutableReferences" task from assembly "C:\Program Files\dotnet\sdk\10.0.103\Sdks\Microsoft.NET.Sdk\targets\..\tools\net10.0\Microsoft.NET.Build.Tasks.dll".
       Task "ValidateExecutableReferences"
   2:9>Done executing task "MSBuild".
   2:9>Done building target "ResolveProjectReferences" in project "TicketConsolidator.Application.csproj".
   5:6>Done executing task "ValidateExecutableReferences".
   2:9>Target "ResolveProjectReferences" skipped. Previously built successfully.
   5:6>Done building target "ValidateExecutableReferences" in project "TicketConsolidator.UI.csproj".
   2:9>Target "GetFrameworkPaths" skipped. Previously built successfully.
       Target "GetReferenceAssemblyPaths" skipped. Previously built successfully.
       Target "PrepareForBuild" skipped. Previously built successfully.
   5:6>Target "PrepareProjectReferences" in file "C:\Program Files\dotnet\sdk\10.0.103\Microsoft.Common.CurrentVersion.targets" from project "c:\Apps\TicketConsolidator\src\TicketConsolidator.UI\TicketConsolidator.UI.csproj" (target "ResolveProjectReferences" depends on it):
   5:6>Done building target "PrepareProjectReferences" in project "TicketConsolidator.UI.csproj".
   2:9>Target "ResolveSDKReferences" in file "C:\Program Files\dotnet\sdk\10.0.103\Microsoft.Common.CurrentVersion.targets" from project "c:\Apps\TicketConsolidator\src\TicketConsolidator.Application\TicketConsolidator.Application.csproj" (target "ResolveAssemblyReferences" depends on it):
   2:9>Done building target "ResolveSDKReferences" in project "TicketConsolidator.Application.csproj".
   5:6>Target "ResolveProjectReferences" in file "C:\Program Files\dotnet\sdk\10.0.103\Microsoft.Common.CurrentVersion.targets" from project "c:\Apps\TicketConsolidator\src\TicketConsolidator.UI\TicketConsolidator.UI.csproj" (target "ResolveReferences" depends on it):
   5:6>Task "MSBuild"
   2:9>Target "ResolveSDKReferences" skipped. Previously built successfully.
   2:9>Target "ExpandSDKReferences" in file "C:\Program Files\dotnet\sdk\10.0.103\Microsoft.Common.CurrentVersion.targets" from project "c:\Apps\TicketConsolidator\src\TicketConsolidator.Application\TicketConsolidator.Application.csproj" (target "ResolveAssemblyReferences" depends on it):
   2:9>Done building target "ExpandSDKReferences" in project "TicketConsolidator.Application.csproj".
       Target "ResolvePackageDependenciesForBuild" skipped. Previously built successfully.
       Target "GetFrameworkPaths" skipped. Previously built successfully.
       Target "GetReferenceAssemblyPaths" skipped. Previously built successfully.
       Target "ProcessFrameworkReferences" skipped. Previously built successfully.
       Target "ResolvePackageAssets" skipped. Previously built successfully.
   2:9>Target "ResolveFrameworkReferences" in file "C:\Program Files\dotnet\sdk\10.0.103\Sdks\Microsoft.NET.Sdk\targets\Microsoft.NET.Sdk.FrameworkReferenceResolution.targets" from project "c:\Apps\TicketConsolidator\src\TicketConsolidator.Application\TicketConsolidator.Application.csproj" (target "ResolveTargetingPackAssets" depends on it):
       Using "GetPackageDirectory" task from assembly "C:\Program Files\dotnet\sdk\10.0.103\Sdks\Microsoft.NET.Sdk\targets\..\tools\net10.0\Microsoft.NET.Build.Tasks.dll".
   5:6>ResolveProjectReferences:
         Global Properties:
   2:9>Task "GetPackageDirectory"
   5:6>ResolveProjectReferences:
           Configuration=Debug
   2:9>Done executing task "GetPackageDirectory".
   5:6>ResolveProjectReferences:
           Platform=AnyCPU
   2:9>Task "GetPackageDirectory"
   5:6>ResolveProjectReferences:
         Removing Properties for project "..\TicketConsolidator.Application\TicketConsolidator.Application.csproj":
           TargetFramework
           RuntimeIdentifier
   2:9>Done executing task "GetPackageDirectory".
   5:6>ResolveProjectReferences:
           SelfContained
   2:9>Task "GetPackageDirectory"
   5:6>ResolveProjectReferences:
         Removing Properties for project "..\TicketConsolidator.Infrastructure\TicketConsolidator.Infrastructure.csproj":
           TargetFramework
           RuntimeIdentifier
           SelfContained
   2:9>Done executing task "GetPackageDirectory".
   5:6>ResolveProjectReferences:
         Removing Properties for project "..\TicketConsolidator.Domain\TicketConsolidator.Domain.csproj":
   2:9>Task "GetPackageDirectory"
   5:6>ResolveProjectReferences:
           TargetFramework
   2:9>Done executing task "GetPackageDirectory".
       Task "GetPackageDirectory"
   5:6>ResolveProjectReferences:
           RuntimeIdentifier
           SelfContained
   2:9>Done executing task "GetPackageDirectory".
       Task "GetPackageDirectory"
       Done executing task "GetPackageDirectory".
   5:6>Project "c:\Apps\TicketConsolidator\src\TicketConsolidator.UI\TicketConsolidator.UI.csproj" (5:6) is building "c:\Apps\TicketConsolidator\src\TicketConsolidator.Domain\TicketConsolidator.Domain.csproj" (7:21) on node 1 (default targets).
  7:21>Target "Build" skipped. Previously built successfully.
  7:21>Done Building Project "c:\Apps\TicketConsolidator\src\TicketConsolidator.Domain\TicketConsolidator.Domain.csproj" (default targets).
   2:9>Task "GetPackageDirectory"
       Done executing task "GetPackageDirectory".
       Task "GetPackageDirectory"
       Done executing task "GetPackageDirectory".
       Task "GetPackageDirectory"
       Done executing task "GetPackageDirectory".
       Task "GetPackageDirectory"
       Done executing task "GetPackageDirectory".
       Using "ResolveFrameworkReferences" task from assembly "C:\Program Files\dotnet\sdk\10.0.103\Sdks\Microsoft.NET.Sdk\targets\..\tools\net10.0\Microsoft.NET.Build.Tasks.dll".
       Task "ResolveFrameworkReferences"
       Done executing task "ResolveFrameworkReferences".
   2:9>Done building target "ResolveFrameworkReferences" in project "TicketConsolidator.Application.csproj".
   2:9>Target "ResolveTargetingPackAssets" in file "C:\Program Files\dotnet\sdk\10.0.103\Sdks\Microsoft.NET.Sdk\targets\Microsoft.NET.Sdk.FrameworkReferenceResolution.targets" from project "c:\Apps\TicketConsolidator\src\TicketConsolidator.Application\TicketConsolidator.Application.csproj" (target "_HandlePackageFileConflicts" depends on it):
       Using "ResolveTargetingPackAssets" task from assembly "C:\Program Files\dotnet\sdk\10.0.103\Sdks\Microsoft.NET.Sdk\targets\..\tools\net10.0\Microsoft.NET.Build.Tasks.dll".
       Task "ResolveTargetingPackAssets"
       Done executing task "ResolveTargetingPackAssets".
   2:9>Done building target "ResolveTargetingPackAssets" in project "TicketConsolidator.Application.csproj".
   2:9>Target "ResolveOffByDefaultAnalyzers" in file "C:\Program Files\dotnet\sdk\10.0.103\Sdks\Microsoft.NET.Sdk\targets\Microsoft.NET.Sdk.FrameworkReferenceResolution.targets" from project "c:\Apps\TicketConsolidator\src\TicketConsolidator.Application\TicketConsolidator.Application.csproj" (target "_HandlePackageFileConflicts" depends on it):
   2:9>Done building target "ResolveOffByDefaultAnalyzers" in project "TicketConsolidator.Application.csproj".
   2:9>Target "_HandlePackageFileConflicts" in file "C:\Program Files\dotnet\sdk\10.0.103\Sdks\Microsoft.NET.Sdk\targets\Microsoft.NET.ConflictResolution.targets" from project "c:\Apps\TicketConsolidator\src\TicketConsolidator.Application\TicketConsolidator.Application.csproj" (target "ResolveAssemblyReferences" depends on it):
       Using "ResolvePackageFileConflicts" task from assembly "C:\Program Files\dotnet\sdk\10.0.103\Sdks\Microsoft.NET.Sdk\targets\..\tools\net10.0\Microsoft.NET.Build.Tasks.dll".
       Task "ResolvePackageFileConflicts"
         Encountered conflict between 'Platform:mscorlib.dll' and 'Platform:mscorlib.dll'. Could not determine winner due to equal file and assembly versions.
         Encountered conflict between 'Platform:Microsoft.VisualBasic.dll' and 'Platform:Microsoft.VisualBasic.dll'. Could not determine winner due to equal file and assembly versions.
         Encountered conflict between 'Platform:System.dll' and 'Platform:System.dll'. Could not determine winner due to equal file and assembly versions.
         Encountered conflict between 'Platform:System.ComponentModel.DataAnnotations.dll' and 'Platform:System.ComponentModel.DataAnnotations.dll'. Could not determine winner due to equal file and assembly versions.
         Encountered conflict between 'Platform:System.Configuration.dll' and 'Platform:System.Configuration.dll'. Could not determine winner due to equal file and assembly versions.
         Encountered conflict between 'Platform:System.Core.dll' and 'Platform:System.Core.dll'. Could not determine winner due to equal file and assembly versions.
         Encountered conflict between 'Platform:System.Data.dll' and 'Platform:System.Data.dll'. Could not determine winner due to equal file and assembly versions.
         Encountered conflict between 'Platform:System.Drawing.dll' and 'Platform:System.Drawing.dll'. Could not determine winner due to equal file and assembly versions.
         Encountered conflict between 'Platform:System.IO.Compression.FileSystem.dll' and 'Platform:System.IO.Compression.FileSystem.dll'. Could not determine winner due to equal file and assembly versions.
         Encountered conflict between 'Platform:System.Net.dll' and 'Platform:System.Net.dll'. Could not determine winner due to equal file and assembly versions.
         Encountered conflict between 'Platform:System.Numerics.dll' and 'Platform:System.Numerics.dll'. Could not determine winner due to equal file and assembly versions.
         Encountered conflict between 'Platform:System.Runtime.Serialization.dll' and 'Platform:System.Runtime.Serialization.dll'. Could not determine winner due to equal file and assembly versions.
         Encountered conflict between 'Platform:System.Security.dll' and 'Platform:System.Security.dll'. Could not determine winner due to equal file and assembly versions.
         Encountered conflict between 'Platform:System.ServiceProcess.dll' and 'Platform:System.ServiceProcess.dll'. Could not determine winner due to equal file and assembly versions.
         Encountered conflict between 'Platform:System.ServiceModel.Web.dll' and 'Platform:System.ServiceModel.Web.dll'. Could not determine winner due to equal file and assembly versions.
         Encountered conflict between 'Platform:System.Transactions.dll' and 'Platform:System.Transactions.dll'. Could not determine winner due to equal file and assembly versions.
         Encountered conflict between 'Platform:System.Web.dll' and 'Platform:System.Web.dll'. Could not determine winner due to equal file and assembly versions.
         Encountered conflict between 'Platform:System.Windows.dll' and 'Platform:System.Windows.dll'. Could not determine winner due to equal file and assembly versions.
         Encountered conflict between 'Platform:System.Xml.dll' and 'Platform:System.Xml.dll'. Could not determine winner due to equal file and assembly versions.
         Encountered conflict between 'Platform:System.Xml.Serialization.dll' and 'Platform:System.Xml.Serialization.dll'. Could not determine winner due to equal file and assembly versions.
         Encountered conflict between 'Platform:System.Xml.Linq.dll' and 'Platform:System.Xml.Linq.dll'. Could not determine winner due to equal file and assembly versions.
         Encountered conflict between 'Platform:WindowsBase.dll' and 'Platform:WindowsBase.dll'. Could not determine winner due to equal file and assembly versions.
         Encountered conflict between 'Platform:netstandard.dll' and 'Platform:netstandard.dll'. Could not determine winner due to equal file and assembly versions.
         Encountered conflict between 'Platform:System.Private.CoreLib.dll' and 'Platform:System.Private.CoreLib.dll'. Could not determine winner due to equal file and assembly versions.
         Encountered conflict between 'Platform:System.Private.DataContractSerialization.dll' and 'Platform:System.Private.DataContractSerialization.dll'. Could not determine winner due to equal file and assembly versions.
         Encountered conflict between 'Platform:System.Private.Uri.dll' and 'Platform:System.Private.Uri.dll'. Could not determine winner due to equal file and assembly versions.
         Encountered conflict between 'Platform:System.Private.Xml.dll' and 'Platform:System.Private.Xml.dll'. Could not determine winner due to equal file and assembly versions.
         Encountered conflict between 'Platform:System.Private.Xml.Linq.dll' and 'Platform:System.Private.Xml.Linq.dll'. Could not determine winner due to equal file and assembly versions.
         Encountered conflict between 'Platform:mscordaccore_amd64_amd64_10.0.326.7603.dll' and 'Platform:mscordaccore_amd64_amd64_10.0.326.7603.dll'. Could not determine winner due to equal file and assembly versions.
       Done executing task "ResolvePackageFileConflicts".
   2:9>Done building target "_HandlePackageFileConflicts" in project "TicketConsolidator.Application.csproj".
       Target "ResolveTargetingPackAssets" skipped. Previously built successfully.
   2:9>Target "ResolveAssemblyReferences" in file "C:\Program Files\dotnet\sdk\10.0.103\Microsoft.Common.CurrentVersion.targets" from project "c:\Apps\TicketConsolidator\src\TicketConsolidator.Application\TicketConsolidator.Application.csproj" (target "ResolveReferences" depends on it):
       Using "ResolveAssemblyReference" task from assembly "Microsoft.Build.Tasks.Core, Version=15.1.0.0, Culture=neutral, PublicKeyToken=b03f5f7f11d50a3a".
       Task "ResolveAssemblyReference"
         TargetFrameworkMoniker:
             .NETCoreApp,Version=v10.0
         TargetFrameworkMonikerDisplayName:
             .NET 10.0
         TargetedRuntimeVersion:
             
         Assemblies:
             C:\Program Files\dotnet\packs\Microsoft.NETCore.App.Ref\10.0.3\ref/net10.0/Microsoft.CSharp.dll
                 Private = 'false'
             C:\Program Files\dotnet\packs\Microsoft.NETCore.App.Ref\10.0.3\ref/net10.0/Microsoft.VisualBasic.Core.dll
                 Private = 'false'
             C:\Program Files\dotnet\packs\Microsoft.NETCore.App.Ref\10.0.3\ref/net10.0/Microsoft.VisualBasic.dll
                 Private = 'false'
             C:\Program Files\dotnet\packs\Microsoft.NETCore.App.Ref\10.0.3\ref/net10.0/Microsoft.Win32.Primitives.dll
                 Private = 'false'
             C:\Program Files\dotnet\packs\Microsoft.NETCore.App.Ref\10.0.3\ref/net10.0/Microsoft.Win32.Registry.dll
                 Private = 'false'
             C:\Program Files\dotnet\packs\Microsoft.NETCore.App.Ref\10.0.3\ref/net10.0/System.AppContext.dll
                 Private = 'false'
             C:\Program Files\dotnet\packs\Microsoft.NETCore.App.Ref\10.0.3\ref/net10.0/System.Buffers.dll
                 Private = 'false'
             C:\Program Files\dotnet\packs\Microsoft.NETCore.App.Ref\10.0.3\ref/net10.0/System.Collections.Concurrent.dll
                 Private = 'false'
             C:\Program Files\dotnet\packs\Microsoft.NETCore.App.Ref\10.0.3\ref/net10.0/System.Collections.Immutable.dll
                 Private = 'false'
             C:\Program Files\dotnet\packs\Microsoft.NETCore.App.Ref\10.0.3\ref/net10.0/System.Collections.NonGeneric.dll
                 Private = 'false'
             C:\Program Files\dotnet\packs\Microsoft.NETCore.App.Ref\10.0.3\ref/net10.0/System.Collections.Specialized.dll
                 Private = 'false'
             C:\Program Files\dotnet\packs\Microsoft.NETCore.App.Ref\10.0.3\ref/net10.0/System.Collections.dll
                 Private = 'false'
             C:\Program Files\dotnet\packs\Microsoft.NETCore.App.Ref\10.0.3\ref/net10.0/System.ComponentModel.Annotations.dll
                 Private = 'false'
             C:\Program Files\dotnet\packs\Microsoft.NETCore.App.Ref\10.0.3\ref/net10.0/System.ComponentModel.DataAnnotations.dll
                 Private = 'false'
             C:\Program Files\dotnet\packs\Microsoft.NETCore.App.Ref\10.0.3\ref/net10.0/System.ComponentModel.EventBasedAsync.dll
                 Private = 'false'
             C:\Program Files\dotnet\packs\Microsoft.NETCore.App.Ref\10.0.3\ref/net10.0/System.ComponentModel.Primitives.dll
                 Private = 'false'
             C:\Program Files\dotnet\packs\Microsoft.NETCore.App.Ref\10.0.3\ref/net10.0/System.ComponentModel.TypeConverter.dll
                 Private = 'false'
             C:\Program Files\dotnet\packs\Microsoft.NETCore.App.Ref\10.0.3\ref/net10.0/System.ComponentModel.dll
                 Private = 'false'
             C:\Program Files\dotnet\packs\Microsoft.NETCore.App.Ref\10.0.3\ref/net10.0/System.Configuration.dll
                 Private = 'false'
             C:\Program Files\dotnet\packs\Microsoft.NETCore.App.Ref\10.0.3\ref/net10.0/System.Console.dll
                 Private = 'false'
             C:\Program Files\dotnet\packs\Microsoft.NETCore.App.Ref\10.0.3\ref/net10.0/System.Core.dll
                 Private = 'false'
             C:\Program Files\dotnet\packs\Microsoft.NETCore.App.Ref\10.0.3\ref/net10.0/System.Data.Common.dll
                 Private = 'false'
             C:\Program Files\dotnet\packs\Microsoft.NETCore.App.Ref\10.0.3\ref/net10.0/System.Data.DataSetExtensions.dll
                 Private = 'false'
             C:\Program Files\dotnet\packs\Microsoft.NETCore.App.Ref\10.0.3\ref/net10.0/System.Data.dll
                 Private = 'false'
             C:\Program Files\dotnet\packs\Microsoft.NETCore.App.Ref\10.0.3\ref/net10.0/System.Diagnostics.Contracts.dll
                 Private = 'false'
             C:\Program Files\dotnet\packs\Microsoft.NETCore.App.Ref\10.0.3\ref/net10.0/System.Diagnostics.Debug.dll
                 Private = 'false'
             C:\Program Files\dotnet\packs\Microsoft.NETCore.App.Ref\10.0.3\ref/net10.0/System.Diagnostics.DiagnosticSource.dll
                 Private = 'false'
             C:\Program Files\dotnet\packs\Microsoft.NETCore.App.Ref\10.0.3\ref/net10.0/System.Diagnostics.FileVersionInfo.dll
                 Private = 'false'
             C:\Program Files\dotnet\packs\Microsoft.NETCore.App.Ref\10.0.3\ref/net10.0/System.Diagnostics.Process.dll
                 Private = 'false'
             C:\Program Files\dotnet\packs\Microsoft.NETCore.App.Ref\10.0.3\ref/net10.0/System.Diagnostics.StackTrace.dll
                 Private = 'false'
             C:\Program Files\dotnet\packs\Microsoft.NETCore.App.Ref\10.0.3\ref/net10.0/System.Diagnostics.TextWriterTraceListener.dll
                 Private = 'false'
             C:\Program Files\dotnet\packs\Microsoft.NETCore.App.Ref\10.0.3\ref/net10.0/System.Diagnostics.Tools.dll
                 Private = 'false'
             C:\Program Files\dotnet\packs\Microsoft.NETCore.App.Ref\10.0.3\ref/net10.0/System.Diagnostics.TraceSource.dll
                 Private = 'false'
             C:\Program Files\dotnet\packs\Microsoft.NETCore.App.Ref\10.0.3\ref/net10.0/System.Diagnostics.Tracing.dll
                 Private = 'false'
             C:\Program Files\dotnet\packs\Microsoft.NETCore.App.Ref\10.0.3\ref/net10.0/System.Drawing.Primitives.dll
                 Private = 'false'
             C:\Program Files\dotnet\packs\Microsoft.NETCore.App.Ref\10.0.3\ref/net10.0/System.Drawing.dll
                 Private = 'false'
             C:\Program Files\dotnet\packs\Microsoft.NETCore.App.Ref\10.0.3\ref/net10.0/System.Dynamic.Runtime.dll
                 Private = 'false'
             C:\Program Files\dotnet\packs\Microsoft.NETCore.App.Ref\10.0.3\ref/net10.0/System.Formats.Asn1.dll
                 Private = 'false'
             C:\Program Files\dotnet\packs\Microsoft.NETCore.App.Ref\10.0.3\ref/net10.0/System.Formats.Tar.dll
                 Private = 'false'
             C:\Program Files\dotnet\packs\Microsoft.NETCore.App.Ref\10.0.3\ref/net10.0/System.Globalization.Calendars.dll
                 Private = 'false'
             C:\Program Files\dotnet\packs\Microsoft.NETCore.App.Ref\10.0.3\ref/net10.0/System.Globalization.Extensions.dll
                 Private = 'false'
             C:\Program Files\dotnet\packs\Microsoft.NETCore.App.Ref\10.0.3\ref/net10.0/System.Globalization.dll
                 Private = 'false'
             C:\Program Files\dotnet\packs\Microsoft.NETCore.App.Ref\10.0.3\ref/net10.0/System.IO.Compression.Brotli.dll
                 Private = 'false'
             C:\Program Files\dotnet\packs\Microsoft.NETCore.App.Ref\10.0.3\ref/net10.0/System.IO.Compression.FileSystem.dll
                 Private = 'false'
             C:\Program Files\dotnet\packs\Microsoft.NETCore.App.Ref\10.0.3\ref/net10.0/System.IO.Compression.ZipFile.dll
                 Private = 'false'
             C:\Program Files\dotnet\packs\Microsoft.NETCore.App.Ref\10.0.3\ref/net10.0/System.IO.Compression.dll
                 Private = 'false'
             C:\Program Files\dotnet\packs\Microsoft.NETCore.App.Ref\10.0.3\ref/net10.0/System.IO.FileSystem.AccessControl.dll
                 Private = 'false'
             C:\Program Files\dotnet\packs\Microsoft.NETCore.App.Ref\10.0.3\ref/net10.0/System.IO.FileSystem.DriveInfo.dll
                 Private = 'false'
             C:\Program Files\dotnet\packs\Microsoft.NETCore.App.Ref\10.0.3\ref/net10.0/System.IO.FileSystem.Primitives.dll
                 Private = 'false'
             C:\Program Files\dotnet\packs\Microsoft.NETCore.App.Ref\10.0.3\ref/net10.0/System.IO.FileSystem.Watcher.dll
                 Private = 'false'
             C:\Program Files\dotnet\packs\Microsoft.NETCore.App.Ref\10.0.3\ref/net10.0/System.IO.FileSystem.dll
                 Private = 'false'
             C:\Program Files\dotnet\packs\Microsoft.NETCore.App.Ref\10.0.3\ref/net10.0/System.IO.IsolatedStorage.dll
                 Private = 'false'
             C:\Program Files\dotnet\packs\Microsoft.NETCore.App.Ref\10.0.3\ref/net10.0/System.IO.MemoryMappedFiles.dll
                 Private = 'false'
             C:\Program Files\dotnet\packs\Microsoft.NETCore.App.Ref\10.0.3\ref/net10.0/System.IO.Pipelines.dll
                 Private = 'false'
             C:\Program Files\dotnet\packs\Microsoft.NETCore.App.Ref\10.0.3\ref/net10.0/System.IO.Pipes.AccessControl.dll
                 Private = 'false'
             C:\Program Files\dotnet\packs\Microsoft.NETCore.App.Ref\10.0.3\ref/net10.0/System.IO.Pipes.dll
                 Private = 'false'
             C:\Program Files\dotnet\packs\Microsoft.NETCore.App.Ref\10.0.3\ref/net10.0/System.IO.UnmanagedMemoryStream.dll
                 Private = 'false'
             C:\Program Files\dotnet\packs\Microsoft.NETCore.App.Ref\10.0.3\ref/net10.0/System.IO.dll
                 Private = 'false'
             C:\Program Files\dotnet\packs\Microsoft.NETCore.App.Ref\10.0.3\ref/net10.0/System.Linq.AsyncEnumerable.dll
                 Private = 'false'
             C:\Program Files\dotnet\packs\Microsoft.NETCore.App.Ref\10.0.3\ref/net10.0/System.Linq.Expressions.dll
                 Private = 'false'
             C:\Program Files\dotnet\packs\Microsoft.NETCore.App.Ref\10.0.3\ref/net10.0/System.Linq.Parallel.dll
                 Private = 'false'
             C:\Program Files\dotnet\packs\Microsoft.NETCore.App.Ref\10.0.3\ref/net10.0/System.Linq.Queryable.dll
                 Private = 'false'
             C:\Program Files\dotnet\packs\Microsoft.NETCore.App.Ref\10.0.3\ref/net10.0/System.Linq.dll
                 Private = 'false'
             C:\Program Files\dotnet\packs\Microsoft.NETCore.App.Ref\10.0.3\ref/net10.0/System.Memory.dll
                 Private = 'false'
             C:\Program Files\dotnet\packs\Microsoft.NETCore.App.Ref\10.0.3\ref/net10.0/System.Net.Http.Json.dll
                 Private = 'false'
             C:\Program Files\dotnet\packs\Microsoft.NETCore.App.Ref\10.0.3\ref/net10.0/System.Net.Http.dll
                 Private = 'false'
             C:\Program Files\dotnet\packs\Microsoft.NETCore.App.Ref\10.0.3\ref/net10.0/System.Net.HttpListener.dll
                 Private = 'false'
             C:\Program Files\dotnet\packs\Microsoft.NETCore.App.Ref\10.0.3\ref/net10.0/System.Net.Mail.dll
                 Private = 'false'
             C:\Program Files\dotnet\packs\Microsoft.NETCore.App.Ref\10.0.3\ref/net10.0/System.Net.NameResolution.dll
                 Private = 'false'
             C:\Program Files\dotnet\packs\Microsoft.NETCore.App.Ref\10.0.3\ref/net10.0/System.Net.NetworkInformation.dll
                 Private = 'false'
             C:\Program Files\dotnet\packs\Microsoft.NETCore.App.Ref\10.0.3\ref/net10.0/System.Net.Ping.dll
                 Private = 'false'
             C:\Program Files\dotnet\packs\Microsoft.NETCore.App.Ref\10.0.3\ref/net10.0/System.Net.Primitives.dll
                 Private = 'false'
             C:\Program Files\dotnet\packs\Microsoft.NETCore.App.Ref\10.0.3\ref/net10.0/System.Net.Quic.dll
                 Private = 'false'
             C:\Program Files\dotnet\packs\Microsoft.NETCore.App.Ref\10.0.3\ref/net10.0/System.Net.Requests.dll
                 Private = 'false'
             C:\Program Files\dotnet\packs\Microsoft.NETCore.App.Ref\10.0.3\ref/net10.0/System.Net.Security.dll
                 Private = 'false'
             C:\Program Files\dotnet\packs\Microsoft.NETCore.App.Ref\10.0.3\ref/net10.0/System.Net.ServerSentEvents.dll
                 Private = 'false'
             C:\Program Files\dotnet\packs\Microsoft.NETCore.App.Ref\10.0.3\ref/net10.0/System.Net.ServicePoint.dll
                 Private = 'false'
             C:\Program Files\dotnet\packs\Microsoft.NETCore.App.Ref\10.0.3\ref/net10.0/System.Net.Sockets.dll
                 Private = 'false'
             C:\Program Files\dotnet\packs\Microsoft.NETCore.App.Ref\10.0.3\ref/net10.0/System.Net.WebClient.dll
                 Private = 'false'
             C:\Program Files\dotnet\packs\Microsoft.NETCore.App.Ref\10.0.3\ref/net10.0/System.Net.WebHeaderCollection.dll
                 Private = 'false'
             C:\Program Files\dotnet\packs\Microsoft.NETCore.App.Ref\10.0.3\ref/net10.0/System.Net.WebProxy.dll
                 Private = 'false'
             C:\Program Files\dotnet\packs\Microsoft.NETCore.App.Ref\10.0.3\ref/net10.0/System.Net.WebSockets.Client.dll
                 Private = 'false'
             C:\Program Files\dotnet\packs\Microsoft.NETCore.App.Ref\10.0.3\ref/net10.0/System.Net.WebSockets.dll
                 Private = 'false'
             C:\Program Files\dotnet\packs\Microsoft.NETCore.App.Ref\10.0.3\ref/net10.0/System.Net.dll
                 Private = 'false'
             C:\Program Files\dotnet\packs\Microsoft.NETCore.App.Ref\10.0.3\ref/net10.0/System.Numerics.Vectors.dll
                 Private = 'false'
             C:\Program Files\dotnet\packs\Microsoft.NETCore.App.Ref\10.0.3\ref/net10.0/System.Numerics.dll
                 Private = 'false'
             C:\Program Files\dotnet\packs\Microsoft.NETCore.App.Ref\10.0.3\ref/net10.0/System.ObjectModel.dll
                 Private = 'false'
             C:\Program Files\dotnet\packs\Microsoft.NETCore.App.Ref\10.0.3\ref/net10.0/System.Reflection.DispatchProxy.dll
                 Private = 'false'
             C:\Program Files\dotnet\packs\Microsoft.NETCore.App.Ref\10.0.3\ref/net10.0/System.Reflection.Emit.ILGeneration.dll
                 Private = 'false'
             C:\Program Files\dotnet\packs\Microsoft.NETCore.App.Ref\10.0.3\ref/net10.0/System.Reflection.Emit.Lightweight.dll
                 Private = 'false'
             C:\Program Files\dotnet\packs\Microsoft.NETCore.App.Ref\10.0.3\ref/net10.0/System.Reflection.Emit.dll
                 Private = 'false'
             C:\Program Files\dotnet\packs\Microsoft.NETCore.App.Ref\10.0.3\ref/net10.0/System.Reflection.Extensions.dll
                 Private = 'false'
             C:\Program Files\dotnet\packs\Microsoft.NETCore.App.Ref\10.0.3\ref/net10.0/System.Reflection.Metadata.dll
                 Private = 'false'
             C:\Program Files\dotnet\packs\Microsoft.NETCore.App.Ref\10.0.3\ref/net10.0/System.Reflection.Primitives.dll
                 Private = 'false'
             C:\Program Files\dotnet\packs\Microsoft.NETCore.App.Ref\10.0.3\ref/net10.0/System.Reflection.TypeExtensions.dll
                 Private = 'false'
             C:\Program Files\dotnet\packs\Microsoft.NETCore.App.Ref\10.0.3\ref/net10.0/System.Reflection.dll
                 Private = 'false'
             C:\Program Files\dotnet\packs\Microsoft.NETCore.App.Ref\10.0.3\ref/net10.0/System.Resources.Reader.dll
                 Private = 'false'
             C:\Program Files\dotnet\packs\Microsoft.NETCore.App.Ref\10.0.3\ref/net10.0/System.Resources.ResourceManager.dll
                 Private = 'false'
             C:\Program Files\dotnet\packs\Microsoft.NETCore.App.Ref\10.0.3\ref/net10.0/System.Resources.Writer.dll
                 Private = 'false'
             C:\Program Files\dotnet\packs\Microsoft.NETCore.App.Ref\10.0.3\ref/net10.0/System.Runtime.CompilerServices.Unsafe.dll
                 Private = 'false'
             C:\Program Files\dotnet\packs\Microsoft.NETCore.App.Ref\10.0.3\ref/net10.0/System.Runtime.CompilerServices.VisualC.dll
                 Private = 'false'
             C:\Program Files\dotnet\packs\Microsoft.NETCore.App.Ref\10.0.3\ref/net10.0/System.Runtime.Extensions.dll
                 Private = 'false'
             C:\Program Files\dotnet\packs\Microsoft.NETCore.App.Ref\10.0.3\ref/net10.0/System.Runtime.Handles.dll
                 Private = 'false'
             C:\Program Files\dotnet\packs\Microsoft.NETCore.App.Ref\10.0.3\ref/net10.0/System.Runtime.InteropServices.JavaScript.dll
                 Private = 'false'
             C:\Program Files\dotnet\packs\Microsoft.NETCore.App.Ref\10.0.3\ref/net10.0/System.Runtime.InteropServices.RuntimeInformation.dll
                 Private = 'false'
             C:\Program Files\dotnet\packs\Microsoft.NETCore.App.Ref\10.0.3\ref/net10.0/System.Runtime.InteropServices.dll
                 Private = 'false'
             C:\Program Files\dotnet\packs\Microsoft.NETCore.App.Ref\10.0.3\ref/net10.0/System.Runtime.Intrinsics.dll
                 Private = 'false'
             C:\Program Files\dotnet\packs\Microsoft.NETCore.App.Ref\10.0.3\ref/net10.0/System.Runtime.Loader.dll
                 Private = 'false'
             C:\Program Files\dotnet\packs\Microsoft.NETCore.App.Ref\10.0.3\ref/net10.0/System.Runtime.Numerics.dll
                 Private = 'false'
             C:\Program Files\dotnet\packs\Microsoft.NETCore.App.Ref\10.0.3\ref/net10.0/System.Runtime.Serialization.Formatters.dll
                 Private = 'false'
             C:\Program Files\dotnet\packs\Microsoft.NETCore.App.Ref\10.0.3\ref/net10.0/System.Runtime.Serialization.Json.dll
                 Private = 'false'
             C:\Program Files\dotnet\packs\Microsoft.NETCore.App.Ref\10.0.3\ref/net10.0/System.Runtime.Serialization.Primitives.dll
                 Private = 'false'
             C:\Program Files\dotnet\packs\Microsoft.NETCore.App.Ref\10.0.3\ref/net10.0/System.Runtime.Serialization.Xml.dll
                 Private = 'false'
             C:\Program Files\dotnet\packs\Microsoft.NETCore.App.Ref\10.0.3\ref/net10.0/System.Runtime.Serialization.dll
                 Private = 'false'
             C:\Program Files\dotnet\packs\Microsoft.NETCore.App.Ref\10.0.3\ref/net10.0/System.Runtime.dll
                 Private = 'false'
             C:\Program Files\dotnet\packs\Microsoft.NETCore.App.Ref\10.0.3\ref/net10.0/System.Security.AccessControl.dll
                 Private = 'false'
             C:\Program Files\dotnet\packs\Microsoft.NETCore.App.Ref\10.0.3\ref/net10.0/System.Security.Claims.dll
                 Private = 'false'
             C:\Program Files\dotnet\packs\Microsoft.NETCore.App.Ref\10.0.3\ref/net10.0/System.Security.Cryptography.Algorithms.dll
                 Private = 'false'
             C:\Program Files\dotnet\packs\Microsoft.NETCore.App.Ref\10.0.3\ref/net10.0/System.Security.Cryptography.Cng.dll
                 Private = 'false'
             C:\Program Files\dotnet\packs\Microsoft.NETCore.App.Ref\10.0.3\ref/net10.0/System.Security.Cryptography.Csp.dll
                 Private = 'false'
             C:\Program Files\dotnet\packs\Microsoft.NETCore.App.Ref\10.0.3\ref/net10.0/System.Security.Cryptography.Encoding.dll
                 Private = 'false'
             C:\Program Files\dotnet\packs\Microsoft.NETCore.App.Ref\10.0.3\ref/net10.0/System.Security.Cryptography.OpenSsl.dll
                 Private = 'false'
             C:\Program Files\dotnet\packs\Microsoft.NETCore.App.Ref\10.0.3\ref/net10.0/System.Security.Cryptography.Primitives.dll
                 Private = 'false'
             C:\Program Files\dotnet\packs\Microsoft.NETCore.App.Ref\10.0.3\ref/net10.0/System.Security.Cryptography.X509Certificates.dll
                 Private = 'false'
             C:\Program Files\dotnet\packs\Microsoft.NETCore.App.Ref\10.0.3\ref/net10.0/System.Security.Cryptography.dll
                 Private = 'false'
             C:\Program Files\dotnet\packs\Microsoft.NETCore.App.Ref\10.0.3\ref/net10.0/System.Security.Principal.Windows.dll
                 Private = 'false'
             C:\Program Files\dotnet\packs\Microsoft.NETCore.App.Ref\10.0.3\ref/net10.0/System.Security.Principal.dll
                 Private = 'false'
             C:\Program Files\dotnet\packs\Microsoft.NETCore.App.Ref\10.0.3\ref/net10.0/System.Security.SecureString.dll
                 Private = 'false'
             C:\Program Files\dotnet\packs\Microsoft.NETCore.App.Ref\10.0.3\ref/net10.0/System.Security.dll
                 Private = 'false'
             C:\Program Files\dotnet\packs\Microsoft.NETCore.App.Ref\10.0.3\ref/net10.0/System.ServiceModel.Web.dll
                 Private = 'false'
             C:\Program Files\dotnet\packs\Microsoft.NETCore.App.Ref\10.0.3\ref/net10.0/System.ServiceProcess.dll
                 Private = 'false'
             C:\Program Files\dotnet\packs\Microsoft.NETCore.App.Ref\10.0.3\ref/net10.0/System.Text.Encoding.CodePages.dll
                 Private = 'false'
             C:\Program Files\dotnet\packs\Microsoft.NETCore.App.Ref\10.0.3\ref/net10.0/System.Text.Encoding.Extensions.dll
                 Private = 'false'
             C:\Program Files\dotnet\packs\Microsoft.NETCore.App.Ref\10.0.3\ref/net10.0/System.Text.Encoding.dll
                 Private = 'false'
             C:\Program Files\dotnet\packs\Microsoft.NETCore.App.Ref\10.0.3\ref/net10.0/System.Text.Encodings.Web.dll
                 Private = 'false'
             C:\Program Files\dotnet\packs\Microsoft.NETCore.App.Ref\10.0.3\ref/net10.0/System.Text.Json.dll
                 Private = 'false'
             C:\Program Files\dotnet\packs\Microsoft.NETCore.App.Ref\10.0.3\ref/net10.0/System.Text.RegularExpressions.dll
                 Private = 'false'
             C:\Program Files\dotnet\packs\Microsoft.NETCore.App.Ref\10.0.3\ref/net10.0/System.Threading.AccessControl.dll
                 Private = 'false'
             C:\Program Files\dotnet\packs\Microsoft.NETCore.App.Ref\10.0.3\ref/net10.0/System.Threading.Channels.dll
                 Private = 'false'
             C:\Program Files\dotnet\packs\Microsoft.NETCore.App.Ref\10.0.3\ref/net10.0/System.Threading.Overlapped.dll
                 Private = 'false'
             C:\Program Files\dotnet\packs\Microsoft.NETCore.App.Ref\10.0.3\ref/net10.0/System.Threading.Tasks.Dataflow.dll
                 Private = 'false'
             C:\Program Files\dotnet\packs\Microsoft.NETCore.App.Ref\10.0.3\ref/net10.0/System.Threading.Tasks.Extensions.dll
                 Private = 'false'
             C:\Program Files\dotnet\packs\Microsoft.NETCore.App.Ref\10.0.3\ref/net10.0/System.Threading.Tasks.Parallel.dll
                 Private = 'false'
             C:\Program Files\dotnet\packs\Microsoft.NETCore.App.Ref\10.0.3\ref/net10.0/System.Threading.Tasks.dll
                 Private = 'false'
             C:\Program Files\dotnet\packs\Microsoft.NETCore.App.Ref\10.0.3\ref/net10.0/System.Threading.Thread.dll
                 Private = 'false'
             C:\Program Files\dotnet\packs\Microsoft.NETCore.App.Ref\10.0.3\ref/net10.0/System.Threading.ThreadPool.dll
                 Private = 'false'
             C:\Program Files\dotnet\packs\Microsoft.NETCore.App.Ref\10.0.3\ref/net10.0/System.Threading.Timer.dll
                 Private = 'false'
             C:\Program Files\dotnet\packs\Microsoft.NETCore.App.Ref\10.0.3\ref/net10.0/System.Threading.dll
                 Private = 'false'
             C:\Program Files\dotnet\packs\Microsoft.NETCore.App.Ref\10.0.3\ref/net10.0/System.Transactions.Local.dll
                 Private = 'false'
             C:\Program Files\dotnet\packs\Microsoft.NETCore.App.Ref\10.0.3\ref/net10.0/System.Transactions.dll
                 Private = 'false'
             C:\Program Files\dotnet\packs\Microsoft.NETCore.App.Ref\10.0.3\ref/net10.0/System.ValueTuple.dll
                 Private = 'false'
             C:\Program Files\dotnet\packs\Microsoft.NETCore.App.Ref\10.0.3\ref/net10.0/System.Web.HttpUtility.dll
                 Private = 'false'
             C:\Program Files\dotnet\packs\Microsoft.NETCore.App.Ref\10.0.3\ref/net10.0/System.Web.dll
                 Private = 'false'
             C:\Program Files\dotnet\packs\Microsoft.NETCore.App.Ref\10.0.3\ref/net10.0/System.Windows.dll
                 Private = 'false'
             C:\Program Files\dotnet\packs\Microsoft.NETCore.App.Ref\10.0.3\ref/net10.0/System.Xml.Linq.dll
                 Private = 'false'
             C:\Program Files\dotnet\packs\Microsoft.NETCore.App.Ref\10.0.3\ref/net10.0/System.Xml.ReaderWriter.dll
                 Private = 'false'
             C:\Program Files\dotnet\packs\Microsoft.NETCore.App.Ref\10.0.3\ref/net10.0/System.Xml.Serialization.dll
                 Private = 'false'
             C:\Program Files\dotnet\packs\Microsoft.NETCore.App.Ref\10.0.3\ref/net10.0/System.Xml.XDocument.dll
                 Private = 'false'
             C:\Program Files\dotnet\packs\Microsoft.NETCore.App.Ref\10.0.3\ref/net10.0/System.Xml.XPath.XDocument.dll
                 Private = 'false'
             C:\Program Files\dotnet\packs\Microsoft.NETCore.App.Ref\10.0.3\ref/net10.0/System.Xml.XPath.dll
                 Private = 'false'
             C:\Program Files\dotnet\packs\Microsoft.NETCore.App.Ref\10.0.3\ref/net10.0/System.Xml.XmlDocument.dll
                 Private = 'false'
             C:\Program Files\dotnet\packs\Microsoft.NETCore.App.Ref\10.0.3\ref/net10.0/System.Xml.XmlSerializer.dll
                 Private = 'false'
             C:\Program Files\dotnet\packs\Microsoft.NETCore.App.Ref\10.0.3\ref/net10.0/System.Xml.dll
                 Private = 'false'
             C:\Program Files\dotnet\packs\Microsoft.NETCore.App.Ref\10.0.3\ref/net10.0/System.dll
                 Private = 'false'
             C:\Program Files\dotnet\packs\Microsoft.NETCore.App.Ref\10.0.3\ref/net10.0/WindowsBase.dll
                 Private = 'false'
             C:\Program Files\dotnet\packs\Microsoft.NETCore.App.Ref\10.0.3\ref/net10.0/mscorlib.dll
                 Private = 'false'
             C:\Program Files\dotnet\packs\Microsoft.NETCore.App.Ref\10.0.3\ref/net10.0/netstandard.dll
                 Private = 'false'
         AssemblyFiles:
             c:\Apps\TicketConsolidator\src\TicketConsolidator.Domain\bin\Debug\net10.0\TicketConsolidator.Domain.dll
         CandidateAssemblyFiles:
         TargetFrameworkDirectories:
             
         NonCultureResourceDirectories:
             
         InstalledAssemblyTables:
         IgnoreInstalledAssemblyTable:
             False
         SearchPaths:
             {CandidateAssemblyFiles}
             {HintPathFromItem}
             {TargetFrameworkDirectory}
             {RawFileName}
         AllowedAssemblyExtensions:
             .winmd
             .dll
             .exe
         AllowedRelatedFileExtensions:
             .pdb
             .xml
             .pri
             .dll.config
             .exe.config
         AppConfigFile:
             
         AutoUnify:
             True
         EnableCustomCulture:
             False
         EnableCustomCulture:
             False
         CopyLocalDependenciesWhenParentReferenceInGac:
             True
         FindDependencies:
             True
         TargetProcessorArchitecture:
             msil
         StateFile:
             obj\Debug\net10.0\TicketConsolidator.Application.csproj.AssemblyReference.cache
         InstalledAssemblySubsetTables:
         IgnoreInstalledAssemblySubsetTable:
             False
         TargetFrameworkSubsets:
         FullTargetFrameworkSubsetNames:
             Full
         ProfileName:
             
         FullFrameworkFolders:
         LatestTargetFrameworkDirectories:
         ProfileTablesLocation:
         Primary reference "TicketConsolidator.Domain, Version=1.0.0.0, Culture=neutral, PublicKeyToken=null".
             Resolved file path is "c:\Apps\TicketConsolidator\src\TicketConsolidator.Domain\bin\Debug\net10.0\TicketConsolidator.Domain.dll".
             Reference found at search path location "c:\Apps\TicketConsolidator\src\TicketConsolidator.Domain\bin\Debug\net10.0\TicketConsolidator.Domain.dll".
             Found related file "c:\Apps\TicketConsolidator\src\TicketConsolidator.Domain\bin\Debug\net10.0\TicketConsolidator.Domain.pdb".
         Primary reference "Microsoft.CSharp, Version=10.0.0.0, Culture=neutral, PublicKeyToken=b03f5f7f11d50a3a".
             Resolved file path is "C:\Program Files\dotnet\packs\Microsoft.NETCore.App.Ref\10.0.3\ref\net10.0\Microsoft.CSharp.dll".
             Reference found at search path location "{RawFileName}".
             This reference is not "CopyLocal" because at least one source item had "Private" set to "false" and no source items had "Private" set to "true".
         Primary reference "Microsoft.VisualBasic.Core, Version=15.0.0.0, Culture=neutral, PublicKeyToken=b03f5f7f11d50a3a".
             Resolved file path is "C:\Program Files\dotnet\packs\Microsoft.NETCore.App.Ref\10.0.3\ref\net10.0\Microsoft.VisualBasic.Core.dll".
             Reference found at search path location "{RawFileName}".
             This reference is not "CopyLocal" because at least one source item had "Private" set to "false" and no source items had "Private" set to "true".
         Primary reference "Microsoft.VisualBasic, Version=10.0.0.0, Culture=neutral, PublicKeyToken=b03f5f7f11d50a3a".
             Resolved file path is "C:\Program Files\dotnet\packs\Microsoft.NETCore.App.Ref\10.0.3\ref\net10.0\Microsoft.VisualBasic.dll".
             Reference found at search path location "{RawFileName}".
             This reference is not "CopyLocal" because at least one source item had "Private" set to "false" and no source items had "Private" set to "true".
         Primary reference "Microsoft.Win32.Primitives, Version=10.0.0.0, Culture=neutral, PublicKeyToken=b03f5f7f11d50a3a".
             Resolved file path is "C:\Program Files\dotnet\packs\Microsoft.NETCore.App.Ref\10.0.3\ref\net10.0\Microsoft.Win32.Primitives.dll".
             Reference found at search path location "{RawFileName}".
             This reference is not "CopyLocal" because at least one source item had "Private" set to "false" and no source items had "Private" set to "true".
         Primary reference "Microsoft.Win32.Registry, Version=10.0.0.0, Culture=neutral, PublicKeyToken=b03f5f7f11d50a3a".
             Resolved file path is "C:\Program Files\dotnet\packs\Microsoft.NETCore.App.Ref\10.0.3\ref\net10.0\Microsoft.Win32.Registry.dll".
             Reference found at search path location "{RawFileName}".
             This reference is not "CopyLocal" because at least one source item had "Private" set to "false" and no source items had "Private" set to "true".
         Primary reference "System.AppContext, Version=10.0.0.0, Culture=neutral, PublicKeyToken=b03f5f7f11d50a3a".
             Resolved file path is "C:\Program Files\dotnet\packs\Microsoft.NETCore.App.Ref\10.0.3\ref\net10.0\System.AppContext.dll".
             Reference found at search path location "{RawFileName}".
             This reference is not "CopyLocal" because at least one source item had "Private" set to "false" and no source items had "Private" set to "true".
         Primary reference "System.Buffers, Version=10.0.0.0, Culture=neutral, PublicKeyToken=cc7b13ffcd2ddd51".
             Resolved file path is "C:\Program Files\dotnet\packs\Microsoft.NETCore.App.Ref\10.0.3\ref\net10.0\System.Buffers.dll".
             Reference found at search path location "{RawFileName}".
             This reference is not "CopyLocal" because at least one source item had "Private" set to "false" and no source items had "Private" set to "true".
         Primary reference "System.Collections.Concurrent, Version=10.0.0.0, Culture=neutral, PublicKeyToken=b03f5f7f11d50a3a".
             Resolved file path is "C:\Program Files\dotnet\packs\Microsoft.NETCore.App.Ref\10.0.3\ref\net10.0\System.Collections.Concurrent.dll".
             Reference found at search path location "{RawFileName}".
             This reference is not "CopyLocal" because at least one source item had "Private" set to "false" and no source items had "Private" set to "true".
         Primary reference "System.Collections.Immutable, Version=10.0.0.0, Culture=neutral, PublicKeyToken=b03f5f7f11d50a3a".
             Resolved file path is "C:\Program Files\dotnet\packs\Microsoft.NETCore.App.Ref\10.0.3\ref\net10.0\System.Collections.Immutable.dll".
             Reference found at search path location "{RawFileName}".
             This reference is not "CopyLocal" because at least one source item had "Private" set to "false" and no source items had "Private" set to "true".
         Primary reference "System.Collections.NonGeneric, Version=10.0.0.0, Culture=neutral, PublicKeyToken=b03f5f7f11d50a3a".
             Resolved file path is "C:\Program Files\dotnet\packs\Microsoft.NETCore.App.Ref\10.0.3\ref\net10.0\System.Collections.NonGeneric.dll".
             Reference found at search path location "{RawFileName}".
             This reference is not "CopyLocal" because at least one source item had "Private" set to "false" and no source items had "Private" set to "true".
         Primary reference "System.Collections.Specialized, Version=10.0.0.0, Culture=neutral, PublicKeyToken=b03f5f7f11d50a3a".
             Resolved file path is "C:\Program Files\dotnet\packs\Microsoft.NETCore.App.Ref\10.0.3\ref\net10.0\System.Collections.Specialized.dll".
             Reference found at search path location "{RawFileName}".
             This reference is not "CopyLocal" because at least one source item had "Private" set to "false" and no source items had "Private" set to "true".
         Primary reference "System.Collections, Version=10.0.0.0, Culture=neutral, PublicKeyToken=b03f5f7f11d50a3a".
             Resolved file path is "C:\Program Files\dotnet\packs\Microsoft.NETCore.App.Ref\10.0.3\ref\net10.0\System.Collections.dll".
             Reference found at search path location "{RawFileName}".
             This reference is not "CopyLocal" because at least one source item had "Private" set to "false" and no source items had "Private" set to "true".
         Primary reference "System.ComponentModel.Annotations, Version=10.0.0.0, Culture=neutral, PublicKeyToken=b03f5f7f11d50a3a".
             Resolved file path is "C:\Program Files\dotnet\packs\Microsoft.NETCore.App.Ref\10.0.3\ref\net10.0\System.ComponentModel.Annotations.dll".
             Reference found at search path location "{RawFileName}".
             This reference is not "CopyLocal" because at least one source item had "Private" set to "false" and no source items had "Private" set to "true".
         Primary reference "System.ComponentModel.DataAnnotations, Version=4.0.0.0, Culture=neutral, PublicKeyToken=31bf3856ad364e35".
             Resolved file path is "C:\Program Files\dotnet\packs\Microsoft.NETCore.App.Ref\10.0.3\ref\net10.0\System.ComponentModel.DataAnnotations.dll".
             Reference found at search path location "{RawFileName}".
             This reference is not "CopyLocal" because at least one source item had "Private" set to "false" and no source items had "Private" set to "true".
         Primary reference "System.ComponentModel.EventBasedAsync, Version=10.0.0.0, Culture=neutral, PublicKeyToken=b03f5f7f11d50a3a".
             Resolved file path is "C:\Program Files\dotnet\packs\Microsoft.NETCore.App.Ref\10.0.3\ref\net10.0\System.ComponentModel.EventBasedAsync.dll".
             Reference found at search path location "{RawFileName}".
             This reference is not "CopyLocal" because at least one source item had "Private" set to "false" and no source items had "Private" set to "true".
         Primary reference "System.ComponentModel.Primitives, Version=10.0.0.0, Culture=neutral, PublicKeyToken=b03f5f7f11d50a3a".
             Resolved file path is "C:\Program Files\dotnet\packs\Microsoft.NETCore.App.Ref\10.0.3\ref\net10.0\System.ComponentModel.Primitives.dll".
             Reference found at search path location "{RawFileName}".
             This reference is not "CopyLocal" because at least one source item had "Private" set to "false" and no source items had "Private" set to "true".
         Primary reference "System.ComponentModel.TypeConverter, Version=10.0.0.0, Culture=neutral, PublicKeyToken=b03f5f7f11d50a3a".
             Resolved file path is "C:\Program Files\dotnet\packs\Microsoft.NETCore.App.Ref\10.0.3\ref\net10.0\System.ComponentModel.TypeConverter.dll".
             Reference found at search path location "{RawFileName}".
             This reference is not "CopyLocal" because at least one source item had "Private" set to "false" and no source items had "Private" set to "true".
         Primary reference "System.ComponentModel, Version=10.0.0.0, Culture=neutral, PublicKeyToken=b03f5f7f11d50a3a".
             Resolved file path is "C:\Program Files\dotnet\packs\Microsoft.NETCore.App.Ref\10.0.3\ref\net10.0\System.ComponentModel.dll".
             Reference found at search path location "{RawFileName}".
             This reference is not "CopyLocal" because at least one source item had "Private" set to "false" and no source items had "Private" set to "true".
         Primary reference "System.Configuration, Version=4.0.0.0, Culture=neutral, PublicKeyToken=b03f5f7f11d50a3a".
             Resolved file path is "C:\Program Files\dotnet\packs\Microsoft.NETCore.App.Ref\10.0.3\ref\net10.0\System.Configuration.dll".
             Reference found at search path location "{RawFileName}".
             This reference is not "CopyLocal" because at least one source item had "Private" set to "false" and no source items had "Private" set to "true".
         Primary reference "System.Console, Version=10.0.0.0, Culture=neutral, PublicKeyToken=b03f5f7f11d50a3a".
             Resolved file path is "C:\Program Files\dotnet\packs\Microsoft.NETCore.App.Ref\10.0.3\ref\net10.0\System.Console.dll".
             Reference found at search path location "{RawFileName}".
             This reference is not "CopyLocal" because at least one source item had "Private" set to "false" and no source items had "Private" set to "true".
         Primary reference "System.Core, Version=4.0.0.0, Culture=neutral, PublicKeyToken=b77a5c561934e089".
             Resolved file path is "C:\Program Files\dotnet\packs\Microsoft.NETCore.App.Ref\10.0.3\ref\net10.0\System.Core.dll".
             Reference found at search path location "{RawFileName}".
             This reference is not "CopyLocal" because at least one source item had "Private" set to "false" and no source items had "Private" set to "true".
         Primary reference "System.Data.Common, Version=10.0.0.0, Culture=neutral, PublicKeyToken=b03f5f7f11d50a3a".
             Resolved file path is "C:\Program Files\dotnet\packs\Microsoft.NETCore.App.Ref\10.0.3\ref\net10.0\System.Data.Common.dll".
             Reference found at search path location "{RawFileName}".
             This reference is not "CopyLocal" because at least one source item had "Private" set to "false" and no source items had "Private" set to "true".
         Primary reference "System.Data.DataSetExtensions, Version=10.0.0.0, Culture=neutral, PublicKeyToken=b77a5c561934e089".
             Resolved file path is "C:\Program Files\dotnet\packs\Microsoft.NETCore.App.Ref\10.0.3\ref\net10.0\System.Data.DataSetExtensions.dll".
             Reference found at search path location "{RawFileName}".
             This reference is not "CopyLocal" because at least one source item had "Private" set to "false" and no source items had "Private" set to "true".
         Primary reference "System.Data, Version=4.0.0.0, Culture=neutral, PublicKeyToken=b77a5c561934e089".
             Resolved file path is "C:\Program Files\dotnet\packs\Microsoft.NETCore.App.Ref\10.0.3\ref\net10.0\System.Data.dll".
             Reference found at search path location "{RawFileName}".
             This reference is not "CopyLocal" because at least one source item had "Private" set to "false" and no source items had "Private" set to "true".
         Primary reference "System.Diagnostics.Contracts, Version=10.0.0.0, Culture=neutral, PublicKeyToken=b03f5f7f11d50a3a".
             Resolved file path is "C:\Program Files\dotnet\packs\Microsoft.NETCore.App.Ref\10.0.3\ref\net10.0\System.Diagnostics.Contracts.dll".
             Reference found at search path location "{RawFileName}".
             This reference is not "CopyLocal" because at least one source item had "Private" set to "false" and no source items had "Private" set to "true".
         Primary reference "System.Diagnostics.Debug, Version=10.0.0.0, Culture=neutral, PublicKeyToken=b03f5f7f11d50a3a".
             Resolved file path is "C:\Program Files\dotnet\packs\Microsoft.NETCore.App.Ref\10.0.3\ref\net10.0\System.Diagnostics.Debug.dll".
             Reference found at search path location "{RawFileName}".
             This reference is not "CopyLocal" because at least one source item had "Private" set to "false" and no source items had "Private" set to "true".
         Primary reference "System.Diagnostics.DiagnosticSource, Version=10.0.0.0, Culture=neutral, PublicKeyToken=cc7b13ffcd2ddd51".
             Resolved file path is "C:\Program Files\dotnet\packs\Microsoft.NETCore.App.Ref\10.0.3\ref\net10.0\System.Diagnostics.DiagnosticSource.dll".
             Reference found at search path location "{RawFileName}".
             This reference is not "CopyLocal" because at least one source item had "Private" set to "false" and no source items had "Private" set to "true".
         Primary reference "System.Diagnostics.FileVersionInfo, Version=10.0.0.0, Culture=neutral, PublicKeyToken=b03f5f7f11d50a3a".
             Resolved file path is "C:\Program Files\dotnet\packs\Microsoft.NETCore.App.Ref\10.0.3\ref\net10.0\System.Diagnostics.FileVersionInfo.dll".
             Reference found at search path location "{RawFileName}".
             This reference is not "CopyLocal" because at least one source item had "Private" set to "false" and no source items had "Private" set to "true".
         Primary reference "System.Diagnostics.Process, Version=10.0.0.0, Culture=neutral, PublicKeyToken=b03f5f7f11d50a3a".
             Resolved file path is "C:\Program Files\dotnet\packs\Microsoft.NETCore.App.Ref\10.0.3\ref\net10.0\System.Diagnostics.Process.dll".
             Reference found at search path location "{RawFileName}".
             This reference is not "CopyLocal" because at least one source item had "Private" set to "false" and no source items had "Private" set to "true".
         Primary reference "System.Diagnostics.StackTrace, Version=10.0.0.0, Culture=neutral, PublicKeyToken=b03f5f7f11d50a3a".
             Resolved file path is "C:\Program Files\dotnet\packs\Microsoft.NETCore.App.Ref\10.0.3\ref\net10.0\System.Diagnostics.StackTrace.dll".
             Reference found at search path location "{RawFileName}".
             This reference is not "CopyLocal" because at least one source item had "Private" set to "false" and no source items had "Private" set to "true".
         Primary reference "System.Diagnostics.TextWriterTraceListener, Version=10.0.0.0, Culture=neutral, PublicKeyToken=b03f5f7f11d50a3a".
             Resolved file path is "C:\Program Files\dotnet\packs\Microsoft.NETCore.App.Ref\10.0.3\ref\net10.0\System.Diagnostics.TextWriterTraceListener.dll".
             Reference found at search path location "{RawFileName}".
             This reference is not "CopyLocal" because at least one source item had "Private" set to "false" and no source items had "Private" set to "true".
         Primary reference "System.Diagnostics.Tools, Version=10.0.0.0, Culture=neutral, PublicKeyToken=b03f5f7f11d50a3a".
             Resolved file path is "C:\Program Files\dotnet\packs\Microsoft.NETCore.App.Ref\10.0.3\ref\net10.0\System.Diagnostics.Tools.dll".
             Reference found at search path location "{RawFileName}".
             This reference is not "CopyLocal" because at least one source item had "Private" set to "false" and no source items had "Private" set to "true".
         Primary reference "System.Diagnostics.TraceSource, Version=10.0.0.0, Culture=neutral, PublicKeyToken=b03f5f7f11d50a3a".
             Resolved file path is "C:\Program Files\dotnet\packs\Microsoft.NETCore.App.Ref\10.0.3\ref\net10.0\System.Diagnostics.TraceSource.dll".
             Reference found at search path location "{RawFileName}".
             This reference is not "CopyLocal" because at least one source item had "Private" set to "false" and no source items had "Private" set to "true".
         Primary reference "System.Diagnostics.Tracing, Version=10.0.0.0, Culture=neutral, PublicKeyToken=b03f5f7f11d50a3a".
             Resolved file path is "C:\Program Files\dotnet\packs\Microsoft.NETCore.App.Ref\10.0.3\ref\net10.0\System.Diagnostics.Tracing.dll".
             Reference found at search path location "{RawFileName}".
             This reference is not "CopyLocal" because at least one source item had "Private" set to "false" and no source items had "Private" set to "true".
         Primary reference "System.Drawing.Primitives, Version=10.0.0.0, Culture=neutral, PublicKeyToken=b03f5f7f11d50a3a".
             Resolved file path is "C:\Program Files\dotnet\packs\Microsoft.NETCore.App.Ref\10.0.3\ref\net10.0\System.Drawing.Primitives.dll".
             Reference found at search path location "{RawFileName}".
             This reference is not "CopyLocal" because at least one source item had "Private" set to "false" and no source items had "Private" set to "true".
         Primary reference "System.Drawing, Version=4.0.0.0, Culture=neutral, PublicKeyToken=b03f5f7f11d50a3a".
             Resolved file path is "C:\Program Files\dotnet\packs\Microsoft.NETCore.App.Ref\10.0.3\ref\net10.0\System.Drawing.dll".
             Reference found at search path location "{RawFileName}".
             This reference is not "CopyLocal" because at least one source item had "Private" set to "false" and no source items had "Private" set to "true".
         Primary reference "System.Dynamic.Runtime, Version=10.0.0.0, Culture=neutral, PublicKeyToken=b03f5f7f11d50a3a".
             Resolved file path is "C:\Program Files\dotnet\packs\Microsoft.NETCore.App.Ref\10.0.3\ref\net10.0\System.Dynamic.Runtime.dll".
             Reference found at search path location "{RawFileName}".
             This reference is not "CopyLocal" because at least one source item had "Private" set to "false" and no source items had "Private" set to "true".
         Primary reference "System.Formats.Asn1, Version=10.0.0.0, Culture=neutral, PublicKeyToken=cc7b13ffcd2ddd51".
             Resolved file path is "C:\Program Files\dotnet\packs\Microsoft.NETCore.App.Ref\10.0.3\ref\net10.0\System.Formats.Asn1.dll".
             Reference found at search path location "{RawFileName}".
             This reference is not "CopyLocal" because at least one source item had "Private" set to "false" and no source items had "Private" set to "true".
         Primary reference "System.Formats.Tar, Version=10.0.0.0, Culture=neutral, PublicKeyToken=cc7b13ffcd2ddd51".
             Resolved file path is "C:\Program Files\dotnet\packs\Microsoft.NETCore.App.Ref\10.0.3\ref\net10.0\System.Formats.Tar.dll".
             Reference found at search path location "{RawFileName}".
             This reference is not "CopyLocal" because at least one source item had "Private" set to "false" and no source items had "Private" set to "true".
         Primary reference "System.Globalization.Calendars, Version=10.0.0.0, Culture=neutral, PublicKeyToken=b03f5f7f11d50a3a".
             Resolved file path is "C:\Program Files\dotnet\packs\Microsoft.NETCore.App.Ref\10.0.3\ref\net10.0\System.Globalization.Calendars.dll".
             Reference found at search path location "{RawFileName}".
             This reference is not "CopyLocal" because at least one source item had "Private" set to "false" and no source items had "Private" set to "true".
         Primary reference "System.Globalization.Extensions, Version=10.0.0.0, Culture=neutral, PublicKeyToken=b03f5f7f11d50a3a".
             Resolved file path is "C:\Program Files\dotnet\packs\Microsoft.NETCore.App.Ref\10.0.3\ref\net10.0\System.Globalization.Extensions.dll".
             Reference found at search path location "{RawFileName}".
             This reference is not "CopyLocal" because at least one source item had "Private" set to "false" and no source items had "Private" set to "true".
         Primary reference "System.Globalization, Version=10.0.0.0, Culture=neutral, PublicKeyToken=b03f5f7f11d50a3a".
             Resolved file path is "C:\Program Files\dotnet\packs\Microsoft.NETCore.App.Ref\10.0.3\ref\net10.0\System.Globalization.dll".
             Reference found at search path location "{RawFileName}".
             This reference is not "CopyLocal" because at least one source item had "Private" set to "false" and no source items had "Private" set to "true".
         Primary reference "System.IO.Compression.Brotli, Version=10.0.0.0, Culture=neutral, PublicKeyToken=b77a5c561934e089".
             Resolved file path is "C:\Program Files\dotnet\packs\Microsoft.NETCore.App.Ref\10.0.3\ref\net10.0\System.IO.Compression.Brotli.dll".
             Reference found at search path location "{RawFileName}".
             This reference is not "CopyLocal" because at least one source item had "Private" set to "false" and no source items had "Private" set to "true".
         Primary reference "System.IO.Compression.FileSystem, Version=4.0.0.0, Culture=neutral, PublicKeyToken=b77a5c561934e089".
             Resolved file path is "C:\Program Files\dotnet\packs\Microsoft.NETCore.App.Ref\10.0.3\ref\net10.0\System.IO.Compression.FileSystem.dll".
             Reference found at search path location "{RawFileName}".
             This reference is not "CopyLocal" because at least one source item had "Private" set to "false" and no source items had "Private" set to "true".
         Primary reference "System.IO.Compression.ZipFile, Version=10.0.0.0, Culture=neutral, PublicKeyToken=b77a5c561934e089".
             Resolved file path is "C:\Program Files\dotnet\packs\Microsoft.NETCore.App.Ref\10.0.3\ref\net10.0\System.IO.Compression.ZipFile.dll".
             Reference found at search path location "{RawFileName}".
             This reference is not "CopyLocal" because at least one source item had "Private" set to "false" and no source items had "Private" set to "true".
         Primary reference "System.IO.Compression, Version=10.0.0.0, Culture=neutral, PublicKeyToken=b77a5c561934e089".
             Resolved file path is "C:\Program Files\dotnet\packs\Microsoft.NETCore.App.Ref\10.0.3\ref\net10.0\System.IO.Compression.dll".
             Reference found at search path location "{RawFileName}".
             This reference is not "CopyLocal" because at least one source item had "Private" set to "false" and no source items had "Private" set to "true".
         Primary reference "System.IO.FileSystem.AccessControl, Version=10.0.0.0, Culture=neutral, PublicKeyToken=b03f5f7f11d50a3a".
             Resolved file path is "C:\Program Files\dotnet\packs\Microsoft.NETCore.App.Ref\10.0.3\ref\net10.0\System.IO.FileSystem.AccessControl.dll".
             Reference found at search path location "{RawFileName}".
             This reference is not "CopyLocal" because at least one source item had "Private" set to "false" and no source items had "Private" set to "true".
         Primary reference "System.IO.FileSystem.DriveInfo, Version=10.0.0.0, Culture=neutral, PublicKeyToken=b03f5f7f11d50a3a".
             Resolved file path is "C:\Program Files\dotnet\packs\Microsoft.NETCore.App.Ref\10.0.3\ref\net10.0\System.IO.FileSystem.DriveInfo.dll".
             Reference found at search path location "{RawFileName}".
             This reference is not "CopyLocal" because at least one source item had "Private" set to "false" and no source items had "Private" set to "true".
         Primary reference "System.IO.FileSystem.Primitives, Version=10.0.0.0, Culture=neutral, PublicKeyToken=b03f5f7f11d50a3a".
             Resolved file path is "C:\Program Files\dotnet\packs\Microsoft.NETCore.App.Ref\10.0.3\ref\net10.0\System.IO.FileSystem.Primitives.dll".
             Reference found at search path location "{RawFileName}".
             This reference is not "CopyLocal" because at least one source item had "Private" set to "false" and no source items had "Private" set to "true".
         Primary reference "System.IO.FileSystem.Watcher, Version=10.0.0.0, Culture=neutral, PublicKeyToken=b03f5f7f11d50a3a".
             Resolved file path is "C:\Program Files\dotnet\packs\Microsoft.NETCore.App.Ref\10.0.3\ref\net10.0\System.IO.FileSystem.Watcher.dll".
             Reference found at search path location "{RawFileName}".
             This reference is not "CopyLocal" because at least one source item had "Private" set to "false" and no source items had "Private" set to "true".
         Primary reference "System.IO.FileSystem, Version=10.0.0.0, Culture=neutral, PublicKeyToken=b03f5f7f11d50a3a".
             Resolved file path is "C:\Program Files\dotnet\packs\Microsoft.NETCore.App.Ref\10.0.3\ref\net10.0\System.IO.FileSystem.dll".
             Reference found at search path location "{RawFileName}".
             This reference is not "CopyLocal" because at least one source item had "Private" set to "false" and no source items had "Private" set to "true".
         Primary reference "System.IO.IsolatedStorage, Version=10.0.0.0, Culture=neutral, PublicKeyToken=b03f5f7f11d50a3a".
             Resolved file path is "C:\Program Files\dotnet\packs\Microsoft.NETCore.App.Ref\10.0.3\ref\net10.0\System.IO.IsolatedStorage.dll".
             Reference found at search path location "{RawFileName}".
             This reference is not "CopyLocal" because at least one source item had "Private" set to "false" and no source items had "Private" set to "true".
         Primary reference "System.IO.MemoryMappedFiles, Version=10.0.0.0, Culture=neutral, PublicKeyToken=b03f5f7f11d50a3a".
             Resolved file path is "C:\Program Files\dotnet\packs\Microsoft.NETCore.App.Ref\10.0.3\ref\net10.0\System.IO.MemoryMappedFiles.dll".
             Reference found at search path location "{RawFileName}".
             This reference is not "CopyLocal" because at least one source item had "Private" set to "false" and no source items had "Private" set to "true".
         Primary reference "System.IO.Pipelines, Version=10.0.0.0, Culture=neutral, PublicKeyToken=cc7b13ffcd2ddd51".
             Resolved file path is "C:\Program Files\dotnet\packs\Microsoft.NETCore.App.Ref\10.0.3\ref\net10.0\System.IO.Pipelines.dll".
             Reference found at search path location "{RawFileName}".
             This reference is not "CopyLocal" because at least one source item had "Private" set to "false" and no source items had "Private" set to "true".
         Primary reference "System.IO.Pipes.AccessControl, Version=10.0.0.0, Culture=neutral, PublicKeyToken=b03f5f7f11d50a3a".
             Resolved file path is "C:\Program Files\dotnet\packs\Microsoft.NETCore.App.Ref\10.0.3\ref\net10.0\System.IO.Pipes.AccessControl.dll".
             Reference found at search path location "{RawFileName}".
             This reference is not "CopyLocal" because at least one source item had "Private" set to "false" and no source items had "Private" set to "true".
         Primary reference "System.IO.Pipes, Version=10.0.0.0, Culture=neutral, PublicKeyToken=b03f5f7f11d50a3a".
             Resolved file path is "C:\Program Files\dotnet\packs\Microsoft.NETCore.App.Ref\10.0.3\ref\net10.0\System.IO.Pipes.dll".
             Reference found at search path location "{RawFileName}".
             This reference is not "CopyLocal" because at least one source item had "Private" set to "false" and no source items had "Private" set to "true".
         Primary reference "System.IO.UnmanagedMemoryStream, Version=10.0.0.0, Culture=neutral, PublicKeyToken=b03f5f7f11d50a3a".
             Resolved file path is "C:\Program Files\dotnet\packs\Microsoft.NETCore.App.Ref\10.0.3\ref\net10.0\System.IO.UnmanagedMemoryStream.dll".
             Reference found at search path location "{RawFileName}".
             This reference is not "CopyLocal" because at least one source item had "Private" set to "false" and no source items had "Private" set to "true".
         Primary reference "System.IO, Version=10.0.0.0, Culture=neutral, PublicKeyToken=b03f5f7f11d50a3a".
             Resolved file path is "C:\Program Files\dotnet\packs\Microsoft.NETCore.App.Ref\10.0.3\ref\net10.0\System.IO.dll".
             Reference found at search path location "{RawFileName}".
             This reference is not "CopyLocal" because at least one source item had "Private" set to "false" and no source items had "Private" set to "true".
         Primary reference "System.Linq.AsyncEnumerable, Version=10.0.0.0, Culture=neutral, PublicKeyToken=b03f5f7f11d50a3a".
             Resolved file path is "C:\Program Files\dotnet\packs\Microsoft.NETCore.App.Ref\10.0.3\ref\net10.0\System.Linq.AsyncEnumerable.dll".
             Reference found at search path location "{RawFileName}".
             This reference is not "CopyLocal" because at least one source item had "Private" set to "false" and no source items had "Private" set to "true".
         Primary reference "System.Linq.Expressions, Version=10.0.0.0, Culture=neutral, PublicKeyToken=b03f5f7f11d50a3a".
             Resolved file path is "C:\Program Files\dotnet\packs\Microsoft.NETCore.App.Ref\10.0.3\ref\net10.0\System.Linq.Expressions.dll".
             Reference found at search path location "{RawFileName}".
             This reference is not "CopyLocal" because at least one source item had "Private" set to "false" and no source items had "Private" set to "true".
         Primary reference "System.Linq.Parallel, Version=10.0.0.0, Culture=neutral, PublicKeyToken=b03f5f7f11d50a3a".
             Resolved file path is "C:\Program Files\dotnet\packs\Microsoft.NETCore.App.Ref\10.0.3\ref\net10.0\System.Linq.Parallel.dll".
             Reference found at search path location "{RawFileName}".
             This reference is not "CopyLocal" because at least one source item had "Private" set to "false" and no source items had "Private" set to "true".
         Primary reference "System.Linq.Queryable, Version=10.0.0.0, Culture=neutral, PublicKeyToken=b03f5f7f11d50a3a".
             Resolved file path is "C:\Program Files\dotnet\packs\Microsoft.NETCore.App.Ref\10.0.3\ref\net10.0\System.Linq.Queryable.dll".
             Reference found at search path location "{RawFileName}".
             This reference is not "CopyLocal" because at least one source item had "Private" set to "false" and no source items had "Private" set to "true".
         Primary reference "System.Linq, Version=10.0.0.0, Culture=neutral, PublicKeyToken=b03f5f7f11d50a3a".
             Resolved file path is "C:\Program Files\dotnet\packs\Microsoft.NETCore.App.Ref\10.0.3\ref\net10.0\System.Linq.dll".
             Reference found at search path location "{RawFileName}".
             This reference is not "CopyLocal" because at least one source item had "Private" set to "false" and no source items had "Private" set to "true".
         Primary reference "System.Memory, Version=10.0.0.0, Culture=neutral, PublicKeyToken=cc7b13ffcd2ddd51".
             Resolved file path is "C:\Program Files\dotnet\packs\Microsoft.NETCore.App.Ref\10.0.3\ref\net10.0\System.Memory.dll".
             Reference found at search path location "{RawFileName}".
             This reference is not "CopyLocal" because at least one source item had "Private" set to "false" and no source items had "Private" set to "true".
         Primary reference "System.Net.Http.Json, Version=10.0.0.0, Culture=neutral, PublicKeyToken=cc7b13ffcd2ddd51".
             Resolved file path is "C:\Program Files\dotnet\packs\Microsoft.NETCore.App.Ref\10.0.3\ref\net10.0\System.Net.Http.Json.dll".
             Reference found at search path location "{RawFileName}".
             This reference is not "CopyLocal" because at least one source item had "Private" set to "false" and no source items had "Private" set to "true".
         Primary reference "System.Net.Http, Version=10.0.0.0, Culture=neutral, PublicKeyToken=b03f5f7f11d50a3a".
             Resolved file path is "C:\Program Files\dotnet\packs\Microsoft.NETCore.App.Ref\10.0.3\ref\net10.0\System.Net.Http.dll".
             Reference found at search path location "{RawFileName}".
             This reference is not "CopyLocal" because at least one source item had "Private" set to "false" and no source items had "Private" set to "true".
         Primary reference "System.Net.HttpListener, Version=10.0.0.0, Culture=neutral, PublicKeyToken=cc7b13ffcd2ddd51".
             Resolved file path is "C:\Program Files\dotnet\packs\Microsoft.NETCore.App.Ref\10.0.3\ref\net10.0\System.Net.HttpListener.dll".
             Reference found at search path location "{RawFileName}".
             This reference is not "CopyLocal" because at least one source item had "Private" set to "false" and no source items had "Private" set to "true".
         Primary reference "System.Net.Mail, Version=10.0.0.0, Culture=neutral, PublicKeyToken=cc7b13ffcd2ddd51".
             Resolved file path is "C:\Program Files\dotnet\packs\Microsoft.NETCore.App.Ref\10.0.3\ref\net10.0\System.Net.Mail.dll".
             Reference found at search path location "{RawFileName}".
             This reference is not "CopyLocal" because at least one source item had "Private" set to "false" and no source items had "Private" set to "true".
         Primary reference "System.Net.NameResolution, Version=10.0.0.0, Culture=neutral, PublicKeyToken=b03f5f7f11d50a3a".
             Resolved file path is "C:\Program Files\dotnet\packs\Microsoft.NETCore.App.Ref\10.0.3\ref\net10.0\System.Net.NameResolution.dll".
             Reference found at search path location "{RawFileName}".
             This reference is not "CopyLocal" because at least one source item had "Private" set to "false" and no source items had "Private" set to "true".
         Primary reference "System.Net.NetworkInformation, Version=10.0.0.0, Culture=neutral, PublicKeyToken=b03f5f7f11d50a3a".
             Resolved file path is "C:\Program Files\dotnet\packs\Microsoft.NETCore.App.Ref\10.0.3\ref\net10.0\System.Net.NetworkInformation.dll".
             Reference found at search path location "{RawFileName}".
             This reference is not "CopyLocal" because at least one source item had "Private" set to "false" and no source items had "Private" set to "true".
         Primary reference "System.Net.Ping, Version=10.0.0.0, Culture=neutral, PublicKeyToken=b03f5f7f11d50a3a".
             Resolved file path is "C:\Program Files\dotnet\packs\Microsoft.NETCore.App.Ref\10.0.3\ref\net10.0\System.Net.Ping.dll".
             Reference found at search path location "{RawFileName}".
             This reference is not "CopyLocal" because at least one source item had "Private" set to "false" and no source items had "Private" set to "true".
         Primary reference "System.Net.Primitives, Version=10.0.0.0, Culture=neutral, PublicKeyToken=b03f5f7f11d50a3a".
             Resolved file path is "C:\Program Files\dotnet\packs\Microsoft.NETCore.App.Ref\10.0.3\ref\net10.0\System.Net.Primitives.dll".
             Reference found at search path location "{RawFileName}".
             This reference is not "CopyLocal" because at least one source item had "Private" set to "false" and no source items had "Private" set to "true".
         Primary reference "System.Net.Quic, Version=10.0.0.0, Culture=neutral, PublicKeyToken=b03f5f7f11d50a3a".
             Resolved file path is "C:\Program Files\dotnet\packs\Microsoft.NETCore.App.Ref\10.0.3\ref\net10.0\System.Net.Quic.dll".
             Reference found at search path location "{RawFileName}".
             This reference is not "CopyLocal" because at least one source item had "Private" set to "false" and no source items had "Private" set to "true".
         Primary reference "System.Net.Requests, Version=10.0.0.0, Culture=neutral, PublicKeyToken=b03f5f7f11d50a3a".
             Resolved file path is "C:\Program Files\dotnet\packs\Microsoft.NETCore.App.Ref\10.0.3\ref\net10.0\System.Net.Requests.dll".
             Reference found at search path location "{RawFileName}".
             This reference is not "CopyLocal" because at least one source item had "Private" set to "false" and no source items had "Private" set to "true".
         Primary reference "System.Net.Security, Version=10.0.0.0, Culture=neutral, PublicKeyToken=b03f5f7f11d50a3a".
             Resolved file path is "C:\Program Files\dotnet\packs\Microsoft.NETCore.App.Ref\10.0.3\ref\net10.0\System.Net.Security.dll".
             Reference found at search path location "{RawFileName}".
             This reference is not "CopyLocal" because at least one source item had "Private" set to "false" and no source items had "Private" set to "true".
         Primary reference "System.Net.ServerSentEvents, Version=10.0.0.0, Culture=neutral, PublicKeyToken=cc7b13ffcd2ddd51".
             Resolved file path is "C:\Program Files\dotnet\packs\Microsoft.NETCore.App.Ref\10.0.3\ref\net10.0\System.Net.ServerSentEvents.dll".
             Reference found at search path location "{RawFileName}".
             This reference is not "CopyLocal" because at least one source item had "Private" set to "false" and no source items had "Private" set to "true".
         Primary reference "System.Net.ServicePoint, Version=10.0.0.0, Culture=neutral, PublicKeyToken=cc7b13ffcd2ddd51".
             Resolved file path is "C:\Program Files\dotnet\packs\Microsoft.NETCore.App.Ref\10.0.3\ref\net10.0\System.Net.ServicePoint.dll".
             Reference found at search path location "{RawFileName}".
             This reference is not "CopyLocal" because at least one source item had "Private" set to "false" and no source items had "Private" set to "true".
         Primary reference "System.Net.Sockets, Version=10.0.0.0, Culture=neutral, PublicKeyToken=b03f5f7f11d50a3a".
             Resolved file path is "C:\Program Files\dotnet\packs\Microsoft.NETCore.App.Ref\10.0.3\ref\net10.0\System.Net.Sockets.dll".
             Reference found at search path location "{RawFileName}".
             This reference is not "CopyLocal" because at least one source item had "Private" set to "false" and no source items had "Private" set to "true".
         Primary reference "System.Net.WebClient, Version=10.0.0.0, Culture=neutral, PublicKeyToken=cc7b13ffcd2ddd51".
             Resolved file path is "C:\Program Files\dotnet\packs\Microsoft.NETCore.App.Ref\10.0.3\ref\net10.0\System.Net.WebClient.dll".
             Reference found at search path location "{RawFileName}".
             This reference is not "CopyLocal" because at least one source item had "Private" set to "false" and no source items had "Private" set to "true".
         Primary reference "System.Net.WebHeaderCollection, Version=10.0.0.0, Culture=neutral, PublicKeyToken=b03f5f7f11d50a3a".
             Resolved file path is "C:\Program Files\dotnet\packs\Microsoft.NETCore.App.Ref\10.0.3\ref\net10.0\System.Net.WebHeaderCollection.dll".
             Reference found at search path location "{RawFileName}".
             This reference is not "CopyLocal" because at least one source item had "Private" set to "false" and no source items had "Private" set to "true".
         Primary reference "System.Net.WebProxy, Version=10.0.0.0, Culture=neutral, PublicKeyToken=cc7b13ffcd2ddd51".
             Resolved file path is "C:\Program Files\dotnet\packs\Microsoft.NETCore.App.Ref\10.0.3\ref\net10.0\System.Net.WebProxy.dll".
             Reference found at search path location "{RawFileName}".
             This reference is not "CopyLocal" because at least one source item had "Private" set to "false" and no source items had "Private" set to "true".
         Primary reference "System.Net.WebSockets.Client, Version=10.0.0.0, Culture=neutral, PublicKeyToken=b03f5f7f11d50a3a".
             Resolved file path is "C:\Program Files\dotnet\packs\Microsoft.NETCore.App.Ref\10.0.3\ref\net10.0\System.Net.WebSockets.Client.dll".
             Reference found at search path location "{RawFileName}".
             This reference is not "CopyLocal" because at least one source item had "Private" set to "false" and no source items had "Private" set to "true".
         Primary reference "System.Net.WebSockets, Version=10.0.0.0, Culture=neutral, PublicKeyToken=b03f5f7f11d50a3a".
             Resolved file path is "C:\Program Files\dotnet\packs\Microsoft.NETCore.App.Ref\10.0.3\ref\net10.0\System.Net.WebSockets.dll".
             Reference found at search path location "{RawFileName}".
             This reference is not "CopyLocal" because at least one source item had "Private" set to "false" and no source items had "Private" set to "true".
         Primary reference "System.Net, Version=4.0.0.0, Culture=neutral, PublicKeyToken=b03f5f7f11d50a3a".
             Resolved file path is "C:\Program Files\dotnet\packs\Microsoft.NETCore.App.Ref\10.0.3\ref\net10.0\System.Net.dll".
             Reference found at search path location "{RawFileName}".
             This reference is not "CopyLocal" because at least one source item had "Private" set to "false" and no source items had "Private" set to "true".
         Primary reference "System.Numerics.Vectors, Version=10.0.0.0, Culture=neutral, PublicKeyToken=b03f5f7f11d50a3a".
             Resolved file path is "C:\Program Files\dotnet\packs\Microsoft.NETCore.App.Ref\10.0.3\ref\net10.0\System.Numerics.Vectors.dll".
             Reference found at search path location "{RawFileName}".
             This reference is not "CopyLocal" because at least one source item had "Private" set to "false" and no source items had "Private" set to "true".
         Primary reference "System.Numerics, Version=4.0.0.0, Culture=neutral, PublicKeyToken=b77a5c561934e089".
             Resolved file path is "C:\Program Files\dotnet\packs\Microsoft.NETCore.App.Ref\10.0.3\ref\net10.0\System.Numerics.dll".
             Reference found at search path location "{RawFileName}".
             This reference is not "CopyLocal" because at least one source item had "Private" set to "false" and no source items had "Private" set to "true".
         Primary reference "System.ObjectModel, Version=10.0.0.0, Culture=neutral, PublicKeyToken=b03f5f7f11d50a3a".
             Resolved file path is "C:\Program Files\dotnet\packs\Microsoft.NETCore.App.Ref\10.0.3\ref\net10.0\System.ObjectModel.dll".
             Reference found at search path location "{RawFileName}".
             This reference is not "CopyLocal" because at least one source item had "Private" set to "false" and no source items had "Private" set to "true".
         Primary reference "System.Reflection.DispatchProxy, Version=10.0.0.0, Culture=neutral, PublicKeyToken=b03f5f7f11d50a3a".
             Resolved file path is "C:\Program Files\dotnet\packs\Microsoft.NETCore.App.Ref\10.0.3\ref\net10.0\System.Reflection.DispatchProxy.dll".
             Reference found at search path location "{RawFileName}".
             This reference is not "CopyLocal" because at least one source item had "Private" set to "false" and no source items had "Private" set to "true".
         Primary reference "System.Reflection.Emit.ILGeneration, Version=10.0.0.0, Culture=neutral, PublicKeyToken=b03f5f7f11d50a3a".
             Resolved file path is "C:\Program Files\dotnet\packs\Microsoft.NETCore.App.Ref\10.0.3\ref\net10.0\System.Reflection.Emit.ILGeneration.dll".
             Reference found at search path location "{RawFileName}".
             This reference is not "CopyLocal" because at least one source item had "Private" set to "false" and no source items had "Private" set to "true".
         Primary reference "System.Reflection.Emit.Lightweight, Version=10.0.0.0, Culture=neutral, PublicKeyToken=b03f5f7f11d50a3a".
             Resolved file path is "C:\Program Files\dotnet\packs\Microsoft.NETCore.App.Ref\10.0.3\ref\net10.0\System.Reflection.Emit.Lightweight.dll".
             Reference found at search path location "{RawFileName}".
             This reference is not "CopyLocal" because at least one source item had "Private" set to "false" and no source items had "Private" set to "true".
         Primary reference "System.Reflection.Emit, Version=10.0.0.0, Culture=neutral, PublicKeyToken=b03f5f7f11d50a3a".
             Resolved file path is "C:\Program Files\dotnet\packs\Microsoft.NETCore.App.Ref\10.0.3\ref\net10.0\System.Reflection.Emit.dll".
             Reference found at search path location "{RawFileName}".
             This reference is not "CopyLocal" because at least one source item had "Private" set to "false" and no source items had "Private" set to "true".
         Primary reference "System.Reflection.Extensions, Version=10.0.0.0, Culture=neutral, PublicKeyToken=b03f5f7f11d50a3a".
             Resolved file path is "C:\Program Files\dotnet\packs\Microsoft.NETCore.App.Ref\10.0.3\ref\net10.0\System.Reflection.Extensions.dll".
             Reference found at search path location "{RawFileName}".
             This reference is not "CopyLocal" because at least one source item had "Private" set to "false" and no source items had "Private" set to "true".
         Primary reference "System.Reflection.Metadata, Version=10.0.0.0, Culture=neutral, PublicKeyToken=b03f5f7f11d50a3a".
             Resolved file path is "C:\Program Files\dotnet\packs\Microsoft.NETCore.App.Ref\10.0.3\ref\net10.0\System.Reflection.Metadata.dll".
             Reference found at search path location "{RawFileName}".
             This reference is not "CopyLocal" because at least one source item had "Private" set to "false" and no source items had "Private" set to "true".
         Primary reference "System.Reflection.Primitives, Version=10.0.0.0, Culture=neutral, PublicKeyToken=b03f5f7f11d50a3a".
             Resolved file path is "C:\Program Files\dotnet\packs\Microsoft.NETCore.App.Ref\10.0.3\ref\net10.0\System.Reflection.Primitives.dll".
             Reference found at search path location "{RawFileName}".
             This reference is not "CopyLocal" because at least one source item had "Private" set to "false" and no source items had "Private" set to "true".
         Primary reference "System.Reflection.TypeExtensions, Version=10.0.0.0, Culture=neutral, PublicKeyToken=b03f5f7f11d50a3a".
             Resolved file path is "C:\Program Files\dotnet\packs\Microsoft.NETCore.App.Ref\10.0.3\ref\net10.0\System.Reflection.TypeExtensions.dll".
             Reference found at search path location "{RawFileName}".
             This reference is not "CopyLocal" because at least one source item had "Private" set to "false" and no source items had "Private" set to "true".
         Primary reference "System.Reflection, Version=10.0.0.0, Culture=neutral, PublicKeyToken=b03f5f7f11d50a3a".
             Resolved file path is "C:\Program Files\dotnet\packs\Microsoft.NETCore.App.Ref\10.0.3\ref\net10.0\System.Reflection.dll".
             Reference found at search path location "{RawFileName}".
             This reference is not "CopyLocal" because at least one source item had "Private" set to "false" and no source items had "Private" set to "true".
         Primary reference "System.Resources.Reader, Version=10.0.0.0, Culture=neutral, PublicKeyToken=b03f5f7f11d50a3a".
             Resolved file path is "C:\Program Files\dotnet\packs\Microsoft.NETCore.App.Ref\10.0.3\ref\net10.0\System.Resources.Reader.dll".
             Reference found at search path location "{RawFileName}".
             This reference is not "CopyLocal" because at least one source item had "Private" set to "false" and no source items had "Private" set to "true".
         Primary reference "System.Resources.ResourceManager, Version=10.0.0.0, Culture=neutral, PublicKeyToken=b03f5f7f11d50a3a".
             Resolved file path is "C:\Program Files\dotnet\packs\Microsoft.NETCore.App.Ref\10.0.3\ref\net10.0\System.Resources.ResourceManager.dll".
             Reference found at search path location "{RawFileName}".
             This reference is not "CopyLocal" because at least one source item had "Private" set to "false" and no source items had "Private" set to "true".
         Primary reference "System.Resources.Writer, Version=10.0.0.0, Culture=neutral, PublicKeyToken=b03f5f7f11d50a3a".
             Resolved file path is "C:\Program Files\dotnet\packs\Microsoft.NETCore.App.Ref\10.0.3\ref\net10.0\System.Resources.Writer.dll".
             Reference found at search path location "{RawFileName}".
             This reference is not "CopyLocal" because at least one source item had "Private" set to "false" and no source items had "Private" set to "true".
         Primary reference "System.Runtime.CompilerServices.Unsafe, Version=10.0.0.0, Culture=neutral, PublicKeyToken=b03f5f7f11d50a3a".
             Resolved file path is "C:\Program Files\dotnet\packs\Microsoft.NETCore.App.Ref\10.0.3\ref\net10.0\System.Runtime.CompilerServices.Unsafe.dll".
             Reference found at search path location "{RawFileName}".
             This reference is not "CopyLocal" because at least one source item had "Private" set to "false" and no source items had "Private" set to "true".
         Primary reference "System.Runtime.CompilerServices.VisualC, Version=10.0.0.0, Culture=neutral, PublicKeyToken=b03f5f7f11d50a3a".
             Resolved file path is "C:\Program Files\dotnet\packs\Microsoft.NETCore.App.Ref\10.0.3\ref\net10.0\System.Runtime.CompilerServices.VisualC.dll".
             Reference found at search path location "{RawFileName}".
             This reference is not "CopyLocal" because at least one source item had "Private" set to "false" and no source items had "Private" set to "true".
         Primary reference "System.Runtime.Extensions, Version=10.0.0.0, Culture=neutral, PublicKeyToken=b03f5f7f11d50a3a".
             Resolved file path is "C:\Program Files\dotnet\packs\Microsoft.NETCore.App.Ref\10.0.3\ref\net10.0\System.Runtime.Extensions.dll".
             Reference found at search path location "{RawFileName}".
             This reference is not "CopyLocal" because at least one source item had "Private" set to "false" and no source items had "Private" set to "true".
         Primary reference "System.Runtime.Handles, Version=10.0.0.0, Culture=neutral, PublicKeyToken=b03f5f7f11d50a3a".
             Resolved file path is "C:\Program Files\dotnet\packs\Microsoft.NETCore.App.Ref\10.0.3\ref\net10.0\System.Runtime.Handles.dll".
             Reference found at search path location "{RawFileName}".
             This reference is not "CopyLocal" because at least one source item had "Private" set to "false" and no source items had "Private" set to "true".
         Primary reference "System.Runtime.InteropServices.JavaScript, Version=10.0.0.0, Culture=neutral, PublicKeyToken=b03f5f7f11d50a3a".
             Resolved file path is "C:\Program Files\dotnet\packs\Microsoft.NETCore.App.Ref\10.0.3\ref\net10.0\System.Runtime.InteropServices.JavaScript.dll".
             Reference found at search path location "{RawFileName}".
             This reference is not "CopyLocal" because at least one source item had "Private" set to "false" and no source items had "Private" set to "true".
         Primary reference "System.Runtime.InteropServices.RuntimeInformation, Version=10.0.0.0, Culture=neutral, PublicKeyToken=b03f5f7f11d50a3a".
             Resolved file path is "C:\Program Files\dotnet\packs\Microsoft.NETCore.App.Ref\10.0.3\ref\net10.0\System.Runtime.InteropServices.RuntimeInformation.dll".
             Reference found at search path location "{RawFileName}".
             This reference is not "CopyLocal" because at least one source item had "Private" set to "false" and no source items had "Private" set to "true".
         Primary reference "System.Runtime.InteropServices, Version=10.0.0.0, Culture=neutral, PublicKeyToken=b03f5f7f11d50a3a".
             Resolved file path is "C:\Program Files\dotnet\packs\Microsoft.NETCore.App.Ref\10.0.3\ref\net10.0\System.Runtime.InteropServices.dll".
             Reference found at search path location "{RawFileName}".
             This reference is not "CopyLocal" because at least one source item had "Private" set to "false" and no source items had "Private" set to "true".
         Primary reference "System.Runtime.Intrinsics, Version=10.0.0.0, Culture=neutral, PublicKeyToken=cc7b13ffcd2ddd51".
             Resolved file path is "C:\Program Files\dotnet\packs\Microsoft.NETCore.App.Ref\10.0.3\ref\net10.0\System.Runtime.Intrinsics.dll".
             Reference found at search path location "{RawFileName}".
             This reference is not "CopyLocal" because at least one source item had "Private" set to "false" and no source items had "Private" set to "true".
         Primary reference "System.Runtime.Loader, Version=10.0.0.0, Culture=neutral, PublicKeyToken=b03f5f7f11d50a3a".
             Resolved file path is "C:\Program Files\dotnet\packs\Microsoft.NETCore.App.Ref\10.0.3\ref\net10.0\System.Runtime.Loader.dll".
             Reference found at search path location "{RawFileName}".
             This reference is not "CopyLocal" because at least one source item had "Private" set to "false" and no source items had "Private" set to "true".
         Primary reference "System.Runtime.Numerics, Version=10.0.0.0, Culture=neutral, PublicKeyToken=b03f5f7f11d50a3a".
             Resolved file path is "C:\Program Files\dotnet\packs\Microsoft.NETCore.App.Ref\10.0.3\ref\net10.0\System.Runtime.Numerics.dll".
             Reference found at search path location "{RawFileName}".
             This reference is not "CopyLocal" because at least one source item had "Private" set to "false" and no source items had "Private" set to "true".
         Primary reference "System.Runtime.Serialization.Formatters, Version=8.1.0.0, Culture=neutral, PublicKeyToken=b03f5f7f11d50a3a".
             Resolved file path is "C:\Program Files\dotnet\packs\Microsoft.NETCore.App.Ref\10.0.3\ref\net10.0\System.Runtime.Serialization.Formatters.dll".
             Reference found at search path location "{RawFileName}".
             This reference is not "CopyLocal" because at least one source item had "Private" set to "false" and no source items had "Private" set to "true".
         Primary reference "System.Runtime.Serialization.Json, Version=10.0.0.0, Culture=neutral, PublicKeyToken=b03f5f7f11d50a3a".
             Resolved file path is "C:\Program Files\dotnet\packs\Microsoft.NETCore.App.Ref\10.0.3\ref\net10.0\System.Runtime.Serialization.Json.dll".
             Reference found at search path location "{RawFileName}".
             This reference is not "CopyLocal" because at least one source item had "Private" set to "false" and no source items had "Private" set to "true".
         Primary reference "System.Runtime.Serialization.Primitives, Version=10.0.0.0, Culture=neutral, PublicKeyToken=b03f5f7f11d50a3a".
             Resolved file path is "C:\Program Files\dotnet\packs\Microsoft.NETCore.App.Ref\10.0.3\ref\net10.0\System.Runtime.Serialization.Primitives.dll".
             Reference found at search path location "{RawFileName}".
             This reference is not "CopyLocal" because at least one source item had "Private" set to "false" and no source items had "Private" set to "true".
         Primary reference "System.Runtime.Serialization.Xml, Version=10.0.0.0, Culture=neutral, PublicKeyToken=b03f5f7f11d50a3a".
             Resolved file path is "C:\Program Files\dotnet\packs\Microsoft.NETCore.App.Ref\10.0.3\ref\net10.0\System.Runtime.Serialization.Xml.dll".
             Reference found at search path location "{RawFileName}".
             This reference is not "CopyLocal" because at least one source item had "Private" set to "false" and no source items had "Private" set to "true".
         Primary reference "System.Runtime.Serialization, Version=4.0.0.0, Culture=neutral, PublicKeyToken=b77a5c561934e089".
             Resolved file path is "C:\Program Files\dotnet\packs\Microsoft.NETCore.App.Ref\10.0.3\ref\net10.0\System.Runtime.Serialization.dll".
             Reference found at search path location "{RawFileName}".
             This reference is not "CopyLocal" because at least one source item had "Private" set to "false" and no source items had "Private" set to "true".
         Primary reference "System.Runtime, Version=10.0.0.0, Culture=neutral, PublicKeyToken=b03f5f7f11d50a3a".
             Resolved file path is "C:\Program Files\dotnet\packs\Microsoft.NETCore.App.Ref\10.0.3\ref\net10.0\System.Runtime.dll".
             Reference found at search path location "{RawFileName}".
             This reference is not "CopyLocal" because at least one source item had "Private" set to "false" and no source items had "Private" set to "true".
         Primary reference "System.Security.AccessControl, Version=10.0.0.0, Culture=neutral, PublicKeyToken=b03f5f7f11d50a3a".
             Resolved file path is "C:\Program Files\dotnet\packs\Microsoft.NETCore.App.Ref\10.0.3\ref\net10.0\System.Security.AccessControl.dll".
             Reference found at search path location "{RawFileName}".
             This reference is not "CopyLocal" because at least one source item had "Private" set to "false" and no source items had "Private" set to "true".
         Primary reference "System.Security.Claims, Version=10.0.0.0, Culture=neutral, PublicKeyToken=b03f5f7f11d50a3a".
             Resolved file path is "C:\Program Files\dotnet\packs\Microsoft.NETCore.App.Ref\10.0.3\ref\net10.0\System.Security.Claims.dll".
             Reference found at search path location "{RawFileName}".
             This reference is not "CopyLocal" because at least one source item had "Private" set to "false" and no source items had "Private" set to "true".
         Primary reference "System.Security.Cryptography.Algorithms, Version=10.0.0.0, Culture=neutral, PublicKeyToken=b03f5f7f11d50a3a".
             Resolved file path is "C:\Program Files\dotnet\packs\Microsoft.NETCore.App.Ref\10.0.3\ref\net10.0\System.Security.Cryptography.Algorithms.dll".
             Reference found at search path location "{RawFileName}".
             This reference is not "CopyLocal" because at least one source item had "Private" set to "false" and no source items had "Private" set to "true".
         Primary reference "System.Security.Cryptography.Cng, Version=10.0.0.0, Culture=neutral, PublicKeyToken=b03f5f7f11d50a3a".
             Resolved file path is "C:\Program Files\dotnet\packs\Microsoft.NETCore.App.Ref\10.0.3\ref\net10.0\System.Security.Cryptography.Cng.dll".
             Reference found at search path location "{RawFileName}".
             This reference is not "CopyLocal" because at least one source item had "Private" set to "false" and no source items had "Private" set to "true".
         Primary reference "System.Security.Cryptography.Csp, Version=10.0.0.0, Culture=neutral, PublicKeyToken=b03f5f7f11d50a3a".
             Resolved file path is "C:\Program Files\dotnet\packs\Microsoft.NETCore.App.Ref\10.0.3\ref\net10.0\System.Security.Cryptography.Csp.dll".
             Reference found at search path location "{RawFileName}".
             This reference is not "CopyLocal" because at least one source item had "Private" set to "false" and no source items had "Private" set to "true".
         Primary reference "System.Security.Cryptography.Encoding, Version=10.0.0.0, Culture=neutral, PublicKeyToken=b03f5f7f11d50a3a".
             Resolved file path is "C:\Program Files\dotnet\packs\Microsoft.NETCore.App.Ref\10.0.3\ref\net10.0\System.Security.Cryptography.Encoding.dll".
             Reference found at search path location "{RawFileName}".
             This reference is not "CopyLocal" because at least one source item had "Private" set to "false" and no source items had "Private" set to "true".
         Primary reference "System.Security.Cryptography.OpenSsl, Version=10.0.0.0, Culture=neutral, PublicKeyToken=b03f5f7f11d50a3a".
             Resolved file path is "C:\Program Files\dotnet\packs\Microsoft.NETCore.App.Ref\10.0.3\ref\net10.0\System.Security.Cryptography.OpenSsl.dll".
             Reference found at search path location "{RawFileName}".
             This reference is not "CopyLocal" because at least one source item had "Private" set to "false" and no source items had "Private" set to "true".
         Primary reference "System.Security.Cryptography.Primitives, Version=10.0.0.0, Culture=neutral, PublicKeyToken=b03f5f7f11d50a3a".
             Resolved file path is "C:\Program Files\dotnet\packs\Microsoft.NETCore.App.Ref\10.0.3\ref\net10.0\System.Security.Cryptography.Primitives.dll".
             Reference found at search path location "{RawFileName}".
             This reference is not "CopyLocal" because at least one source item had "Private" set to "false" and no source items had "Private" set to "true".
         Primary reference "System.Security.Cryptography.X509Certificates, Version=10.0.0.0, Culture=neutral, PublicKeyToken=b03f5f7f11d50a3a".
             Resolved file path is "C:\Program Files\dotnet\packs\Microsoft.NETCore.App.Ref\10.0.3\ref\net10.0\System.Security.Cryptography.X509Certificates.dll".
             Reference found at search path location "{RawFileName}".
             This reference is not "CopyLocal" because at least one source item had "Private" set to "false" and no source items had "Private" set to "true".
         Primary reference "System.Security.Cryptography, Version=10.0.0.0, Culture=neutral, PublicKeyToken=b03f5f7f11d50a3a".
             Resolved file path is "C:\Program Files\dotnet\packs\Microsoft.NETCore.App.Ref\10.0.3\ref\net10.0\System.Security.Cryptography.dll".
             Reference found at search path location "{RawFileName}".
             This reference is not "CopyLocal" because at least one source item had "Private" set to "false" and no source items had "Private" set to "true".
         Primary reference "System.Security.Principal.Windows, Version=10.0.0.0, Culture=neutral, PublicKeyToken=b03f5f7f11d50a3a".
             Resolved file path is "C:\Program Files\dotnet\packs\Microsoft.NETCore.App.Ref\10.0.3\ref\net10.0\System.Security.Principal.Windows.dll".
             Reference found at search path location "{RawFileName}".
             This reference is not "CopyLocal" because at least one source item had "Private" set to "false" and no source items had "Private" set to "true".
         Primary reference "System.Security.Principal, Version=10.0.0.0, Culture=neutral, PublicKeyToken=b03f5f7f11d50a3a".
             Resolved file path is "C:\Program Files\dotnet\packs\Microsoft.NETCore.App.Ref\10.0.3\ref\net10.0\System.Security.Principal.dll".
             Reference found at search path location "{RawFileName}".
             This reference is not "CopyLocal" because at least one source item had "Private" set to "false" and no source items had "Private" set to "true".
         Primary reference "System.Security.SecureString, Version=10.0.0.0, Culture=neutral, PublicKeyToken=b03f5f7f11d50a3a".
             Resolved file path is "C:\Program Files\dotnet\packs\Microsoft.NETCore.App.Ref\10.0.3\ref\net10.0\System.Security.SecureString.dll".
             Reference found at search path location "{RawFileName}".
             This reference is not "CopyLocal" because at least one source item had "Private" set to "false" and no source items had "Private" set to "true".
         Primary reference "System.Security, Version=4.0.0.0, Culture=neutral, PublicKeyToken=b03f5f7f11d50a3a".
             Resolved file path is "C:\Program Files\dotnet\packs\Microsoft.NETCore.App.Ref\10.0.3\ref\net10.0\System.Security.dll".
             Reference found at search path location "{RawFileName}".
             This reference is not "CopyLocal" because at least one source item had "Private" set to "false" and no source items had "Private" set to "true".
         Primary reference "System.ServiceModel.Web, Version=4.0.0.0, Culture=neutral, PublicKeyToken=31bf3856ad364e35".
             Resolved file path is "C:\Program Files\dotnet\packs\Microsoft.NETCore.App.Ref\10.0.3\ref\net10.0\System.ServiceModel.Web.dll".
             Reference found at search path location "{RawFileName}".
             This reference is not "CopyLocal" because at least one source item had "Private" set to "false" and no source items had "Private" set to "true".
         Primary reference "System.ServiceProcess, Version=4.0.0.0, Culture=neutral, PublicKeyToken=b03f5f7f11d50a3a".
             Resolved file path is "C:\Program Files\dotnet\packs\Microsoft.NETCore.App.Ref\10.0.3\ref\net10.0\System.ServiceProcess.dll".
             Reference found at search path location "{RawFileName}".
             This reference is not "CopyLocal" because at least one source item had "Private" set to "false" and no source items had "Private" set to "true".
         Primary reference "System.Text.Encoding.CodePages, Version=10.0.0.0, Culture=neutral, PublicKeyToken=b03f5f7f11d50a3a".
             Resolved file path is "C:\Program Files\dotnet\packs\Microsoft.NETCore.App.Ref\10.0.3\ref\net10.0\System.Text.Encoding.CodePages.dll".
             Reference found at search path location "{RawFileName}".
             This reference is not "CopyLocal" because at least one source item had "Private" set to "false" and no source items had "Private" set to "true".
         Primary reference "System.Text.Encoding.Extensions, Version=10.0.0.0, Culture=neutral, PublicKeyToken=b03f5f7f11d50a3a".
             Resolved file path is "C:\Program Files\dotnet\packs\Microsoft.NETCore.App.Ref\10.0.3\ref\net10.0\System.Text.Encoding.Extensions.dll".
             Reference found at search path location "{RawFileName}".
             This reference is not "CopyLocal" because at least one source item had "Private" set to "false" and no source items had "Private" set to "true".
         Primary reference "System.Text.Encoding, Version=10.0.0.0, Culture=neutral, PublicKeyToken=b03f5f7f11d50a3a".
             Resolved file path is "C:\Program Files\dotnet\packs\Microsoft.NETCore.App.Ref\10.0.3\ref\net10.0\System.Text.Encoding.dll".
             Reference found at search path location "{RawFileName}".
             This reference is not "CopyLocal" because at least one source item had "Private" set to "false" and no source items had "Private" set to "true".
         Primary reference "System.Text.Encodings.Web, Version=10.0.0.0, Culture=neutral, PublicKeyToken=cc7b13ffcd2ddd51".
             Resolved file path is "C:\Program Files\dotnet\packs\Microsoft.NETCore.App.Ref\10.0.3\ref\net10.0\System.Text.Encodings.Web.dll".
             Reference found at search path location "{RawFileName}".
             This reference is not "CopyLocal" because at least one source item had "Private" set to "false" and no source items had "Private" set to "true".
         Primary reference "System.Text.Json, Version=10.0.0.0, Culture=neutral, PublicKeyToken=cc7b13ffcd2ddd51".
             Resolved file path is "C:\Program Files\dotnet\packs\Microsoft.NETCore.App.Ref\10.0.3\ref\net10.0\System.Text.Json.dll".
             Reference found at search path location "{RawFileName}".
             This reference is not "CopyLocal" because at least one source item had "Private" set to "false" and no source items had "Private" set to "true".
         Primary reference "System.Text.RegularExpressions, Version=10.0.0.0, Culture=neutral, PublicKeyToken=b03f5f7f11d50a3a".
             Resolved file path is "C:\Program Files\dotnet\packs\Microsoft.NETCore.App.Ref\10.0.3\ref\net10.0\System.Text.RegularExpressions.dll".
             Reference found at search path location "{RawFileName}".
             This reference is not "CopyLocal" because at least one source item had "Private" set to "false" and no source items had "Private" set to "true".
         Primary reference "System.Threading.AccessControl, Version=10.0.0.0, Culture=neutral, PublicKeyToken=b03f5f7f11d50a3a".
             Resolved file path is "C:\Program Files\dotnet\packs\Microsoft.NETCore.App.Ref\10.0.3\ref\net10.0\System.Threading.AccessControl.dll".
             Reference found at search path location "{RawFileName}".
             This reference is not "CopyLocal" because at least one source item had "Private" set to "false" and no source items had "Private" set to "true".
         Primary reference "System.Threading.Channels, Version=10.0.0.0, Culture=neutral, PublicKeyToken=cc7b13ffcd2ddd51".
             Resolved file path is "C:\Program Files\dotnet\packs\Microsoft.NETCore.App.Ref\10.0.3\ref\net10.0\System.Threading.Channels.dll".
             Reference found at search path location "{RawFileName}".
             This reference is not "CopyLocal" because at least one source item had "Private" set to "false" and no source items had "Private" set to "true".
         Primary reference "System.Threading.Overlapped, Version=10.0.0.0, Culture=neutral, PublicKeyToken=b03f5f7f11d50a3a".
             Resolved file path is "C:\Program Files\dotnet\packs\Microsoft.NETCore.App.Ref\10.0.3\ref\net10.0\System.Threading.Overlapped.dll".
             Reference found at search path location "{RawFileName}".
             This reference is not "CopyLocal" because at least one source item had "Private" set to "false" and no source items had "Private" set to "true".
         Primary reference "System.Threading.Tasks.Dataflow, Version=10.0.0.0, Culture=neutral, PublicKeyToken=b03f5f7f11d50a3a".
             Resolved file path is "C:\Program Files\dotnet\packs\Microsoft.NETCore.App.Ref\10.0.3\ref\net10.0\System.Threading.Tasks.Dataflow.dll".
             Reference found at search path location "{RawFileName}".
             This reference is not "CopyLocal" because at least one source item had "Private" set to "false" and no source items had "Private" set to "true".
         Primary reference "System.Threading.Tasks.Extensions, Version=10.0.0.0, Culture=neutral, PublicKeyToken=cc7b13ffcd2ddd51".
             Resolved file path is "C:\Program Files\dotnet\packs\Microsoft.NETCore.App.Ref\10.0.3\ref\net10.0\System.Threading.Tasks.Extensions.dll".
             Reference found at search path location "{RawFileName}".
             This reference is not "CopyLocal" because at least one source item had "Private" set to "false" and no source items had "Private" set to "true".
         Primary reference "System.Threading.Tasks.Parallel, Version=10.0.0.0, Culture=neutral, PublicKeyToken=b03f5f7f11d50a3a".
             Resolved file path is "C:\Program Files\dotnet\packs\Microsoft.NETCore.App.Ref\10.0.3\ref\net10.0\System.Threading.Tasks.Parallel.dll".
             Reference found at search path location "{RawFileName}".
             This reference is not "CopyLocal" because at least one source item had "Private" set to "false" and no source items had "Private" set to "true".
         Primary reference "System.Threading.Tasks, Version=10.0.0.0, Culture=neutral, PublicKeyToken=b03f5f7f11d50a3a".
             Resolved file path is "C:\Program Files\dotnet\packs\Microsoft.NETCore.App.Ref\10.0.3\ref\net10.0\System.Threading.Tasks.dll".
             Reference found at search path location "{RawFileName}".
             This reference is not "CopyLocal" because at least one source item had "Private" set to "false" and no source items had "Private" set to "true".
         Primary reference "System.Threading.Thread, Version=10.0.0.0, Culture=neutral, PublicKeyToken=b03f5f7f11d50a3a".
             Resolved file path is "C:\Program Files\dotnet\packs\Microsoft.NETCore.App.Ref\10.0.3\ref\net10.0\System.Threading.Thread.dll".
             Reference found at search path location "{RawFileName}".
             This reference is not "CopyLocal" because at least one source item had "Private" set to "false" and no source items had "Private" set to "true".
         Primary reference "System.Threading.ThreadPool, Version=10.0.0.0, Culture=neutral, PublicKeyToken=b03f5f7f11d50a3a".
             Resolved file path is "C:\Program Files\dotnet\packs\Microsoft.NETCore.App.Ref\10.0.3\ref\net10.0\System.Threading.ThreadPool.dll".
             Reference found at search path location "{RawFileName}".
             This reference is not "CopyLocal" because at least one source item had "Private" set to "false" and no source items had "Private" set to "true".
         Primary reference "System.Threading.Timer, Version=10.0.0.0, Culture=neutral, PublicKeyToken=b03f5f7f11d50a3a".
             Resolved file path is "C:\Program Files\dotnet\packs\Microsoft.NETCore.App.Ref\10.0.3\ref\net10.0\System.Threading.Timer.dll".
             Reference found at search path location "{RawFileName}".
             This reference is not "CopyLocal" because at least one source item had "Private" set to "false" and no source items had "Private" set to "true".
         Primary reference "System.Threading, Version=10.0.0.0, Culture=neutral, PublicKeyToken=b03f5f7f11d50a3a".
             Resolved file path is "C:\Program Files\dotnet\packs\Microsoft.NETCore.App.Ref\10.0.3\ref\net10.0\System.Threading.dll".
             Reference found at search path location "{RawFileName}".
             This reference is not "CopyLocal" because at least one source item had "Private" set to "false" and no source items had "Private" set to "true".
         Primary reference "System.Transactions.Local, Version=10.0.0.0, Culture=neutral, PublicKeyToken=cc7b13ffcd2ddd51".
             Resolved file path is "C:\Program Files\dotnet\packs\Microsoft.NETCore.App.Ref\10.0.3\ref\net10.0\System.Transactions.Local.dll".
             Reference found at search path location "{RawFileName}".
             This reference is not "CopyLocal" because at least one source item had "Private" set to "false" and no source items had "Private" set to "true".
         Primary reference "System.Transactions, Version=4.0.0.0, Culture=neutral, PublicKeyToken=b77a5c561934e089".
             Resolved file path is "C:\Program Files\dotnet\packs\Microsoft.NETCore.App.Ref\10.0.3\ref\net10.0\System.Transactions.dll".
             Reference found at search path location "{RawFileName}".
             This reference is not "CopyLocal" because at least one source item had "Private" set to "false" and no source items had "Private" set to "true".
         Primary reference "System.ValueTuple, Version=10.0.0.0, Culture=neutral, PublicKeyToken=cc7b13ffcd2ddd51".
             Resolved file path is "C:\Program Files\dotnet\packs\Microsoft.NETCore.App.Ref\10.0.3\ref\net10.0\System.ValueTuple.dll".
             Reference found at search path location "{RawFileName}".
             This reference is not "CopyLocal" because at least one source item had "Private" set to "false" and no source items had "Private" set to "true".
         Primary reference "System.Web.HttpUtility, Version=10.0.0.0, Culture=neutral, PublicKeyToken=cc7b13ffcd2ddd51".
             Resolved file path is "C:\Program Files\dotnet\packs\Microsoft.NETCore.App.Ref\10.0.3\ref\net10.0\System.Web.HttpUtility.dll".
             Reference found at search path location "{RawFileName}".
             This reference is not "CopyLocal" because at least one source item had "Private" set to "false" and no source items had "Private" set to "true".
         Primary reference "System.Web, Version=4.0.0.0, Culture=neutral, PublicKeyToken=b03f5f7f11d50a3a".
             Resolved file path is "C:\Program Files\dotnet\packs\Microsoft.NETCore.App.Ref\10.0.3\ref\net10.0\System.Web.dll".
             Reference found at search path location "{RawFileName}".
             This reference is not "CopyLocal" because at least one source item had "Private" set to "false" and no source items had "Private" set to "true".
         Primary reference "System.Windows, Version=4.0.0.0, Culture=neutral, PublicKeyToken=b03f5f7f11d50a3a".
             Resolved file path is "C:\Program Files\dotnet\packs\Microsoft.NETCore.App.Ref\10.0.3\ref\net10.0\System.Windows.dll".
             Reference found at search path location "{RawFileName}".
             This reference is not "CopyLocal" because at least one source item had "Private" set to "false" and no source items had "Private" set to "true".
         Primary reference "System.Xml.Linq, Version=4.0.0.0, Culture=neutral, PublicKeyToken=b77a5c561934e089".
             Resolved file path is "C:\Program Files\dotnet\packs\Microsoft.NETCore.App.Ref\10.0.3\ref\net10.0\System.Xml.Linq.dll".
             Reference found at search path location "{RawFileName}".
             This reference is not "CopyLocal" because at least one source item had "Private" set to "false" and no source items had "Private" set to "true".
         Primary reference "System.Xml.ReaderWriter, Version=10.0.0.0, Culture=neutral, PublicKeyToken=b03f5f7f11d50a3a".
             Resolved file path is "C:\Program Files\dotnet\packs\Microsoft.NETCore.App.Ref\10.0.3\ref\net10.0\System.Xml.ReaderWriter.dll".
             Reference found at search path location "{RawFileName}".
             This reference is not "CopyLocal" because at least one source item had "Private" set to "false" and no source items had "Private" set to "true".
         Primary reference "System.Xml.Serialization, Version=4.0.0.0, Culture=neutral, PublicKeyToken=b77a5c561934e089".
             Resolved file path is "C:\Program Files\dotnet\packs\Microsoft.NETCore.App.Ref\10.0.3\ref\net10.0\System.Xml.Serialization.dll".
             Reference found at search path location "{RawFileName}".
             This reference is not "CopyLocal" because at least one source item had "Private" set to "false" and no source items had "Private" set to "true".
         Primary reference "System.Xml.XDocument, Version=10.0.0.0, Culture=neutral, PublicKeyToken=b03f5f7f11d50a3a".
             Resolved file path is "C:\Program Files\dotnet\packs\Microsoft.NETCore.App.Ref\10.0.3\ref\net10.0\System.Xml.XDocument.dll".
             Reference found at search path location "{RawFileName}".
             This reference is not "CopyLocal" because at least one source item had "Private" set to "false" and no source items had "Private" set to "true".
         Primary reference "System.Xml.XPath.XDocument, Version=10.0.0.0, Culture=neutral, PublicKeyToken=b03f5f7f11d50a3a".
             Resolved file path is "C:\Program Files\dotnet\packs\Microsoft.NETCore.App.Ref\10.0.3\ref\net10.0\System.Xml.XPath.XDocument.dll".
             Reference found at search path location "{RawFileName}".
             This reference is not "CopyLocal" because at least one source item had "Private" set to "false" and no source items had "Private" set to "true".
         Primary reference "System.Xml.XPath, Version=10.0.0.0, Culture=neutral, PublicKeyToken=b03f5f7f11d50a3a".
             Resolved file path is "C:\Program Files\dotnet\packs\Microsoft.NETCore.App.Ref\10.0.3\ref\net10.0\System.Xml.XPath.dll".
             Reference found at search path location "{RawFileName}".
             This reference is not "CopyLocal" because at least one source item had "Private" set to "false" and no source items had "Private" set to "true".
         Primary reference "System.Xml.XmlDocument, Version=10.0.0.0, Culture=neutral, PublicKeyToken=b03f5f7f11d50a3a".
             Resolved file path is "C:\Program Files\dotnet\packs\Microsoft.NETCore.App.Ref\10.0.3\ref\net10.0\System.Xml.XmlDocument.dll".
             Reference found at search path location "{RawFileName}".
             This reference is not "CopyLocal" because at least one source item had "Private" set to "false" and no source items had "Private" set to "true".
         Primary reference "System.Xml.XmlSerializer, Version=10.0.0.0, Culture=neutral, PublicKeyToken=b03f5f7f11d50a3a".
             Resolved file path is "C:\Program Files\dotnet\packs\Microsoft.NETCore.App.Ref\10.0.3\ref\net10.0\System.Xml.XmlSerializer.dll".
             Reference found at search path location "{RawFileName}".
             This reference is not "CopyLocal" because at least one source item had "Private" set to "false" and no source items had "Private" set to "true".
         Primary reference "System.Xml, Version=4.0.0.0, Culture=neutral, PublicKeyToken=b77a5c561934e089".
             Resolved file path is "C:\Program Files\dotnet\packs\Microsoft.NETCore.App.Ref\10.0.3\ref\net10.0\System.Xml.dll".
             Reference found at search path location "{RawFileName}".
             This reference is not "CopyLocal" because at least one source item had "Private" set to "false" and no source items had "Private" set to "true".
         Primary reference "System, Version=4.0.0.0, Culture=neutral, PublicKeyToken=b77a5c561934e089".
             Resolved file path is "C:\Program Files\dotnet\packs\Microsoft.NETCore.App.Ref\10.0.3\ref\net10.0\System.dll".
             Reference found at search path location "{RawFileName}".
             This reference is not "CopyLocal" because at least one source item had "Private" set to "false" and no source items had "Private" set to "true".
         Primary reference "WindowsBase, Version=4.0.0.0, Culture=neutral, PublicKeyToken=31bf3856ad364e35".
             Resolved file path is "C:\Program Files\dotnet\packs\Microsoft.NETCore.App.Ref\10.0.3\ref\net10.0\WindowsBase.dll".
             Reference found at search path location "{RawFileName}".
             This reference is not "CopyLocal" because at least one source item had "Private" set to "false" and no source items had "Private" set to "true".
         Primary reference "mscorlib, Version=4.0.0.0, Culture=neutral, PublicKeyToken=b77a5c561934e089".
             Resolved file path is "C:\Program Files\dotnet\packs\Microsoft.NETCore.App.Ref\10.0.3\ref\net10.0\mscorlib.dll".
             Reference found at search path location "{RawFileName}".
             This reference is not "CopyLocal" because at least one source item had "Private" set to "false" and no source items had "Private" set to "true".
         Primary reference "netstandard, Version=2.1.0.0, Culture=neutral, PublicKeyToken=cc7b13ffcd2ddd51".
             Resolved file path is "C:\Program Files\dotnet\packs\Microsoft.NETCore.App.Ref\10.0.3\ref\net10.0\netstandard.dll".
             Reference found at search path location "{RawFileName}".
             This reference is not "CopyLocal" because at least one source item had "Private" set to "false" and no source items had "Private" set to "true".
       Done executing task "ResolveAssemblyReference".
   2:9>Done building target "ResolveAssemblyReferences" in project "TicketConsolidator.Application.csproj".
   2:9>Target "AfterResolveReferences" in file "C:\Program Files\dotnet\sdk\10.0.103\Microsoft.Common.CurrentVersion.targets" from project "c:\Apps\TicketConsolidator\src\TicketConsolidator.Application\TicketConsolidator.Application.csproj" (target "ResolveReferences" depends on it):
   2:9>Done building target "AfterResolveReferences" in project "TicketConsolidator.Application.csproj".
   2:9>Target "ResolveReferences" in file "C:\Program Files\dotnet\sdk\10.0.103\Microsoft.Common.CurrentVersion.targets" from project "c:\Apps\TicketConsolidator\src\TicketConsolidator.Application\TicketConsolidator.Application.csproj" (target "_BlockWinMDsOnUnsupportedTFMs" depends on it):
   2:9>Done building target "ResolveReferences" in project "TicketConsolidator.Application.csproj".
   2:9>Target "_BlockWinMDsOnUnsupportedTFMs" in file "C:\Program Files\dotnet\sdk\10.0.103\Sdks\Microsoft.NET.Sdk\targets\Microsoft.NET.Sdk.targets" from project "c:\Apps\TicketConsolidator\src\TicketConsolidator.Application\TicketConsolidator.Application.csproj" (target "CoreBuild" depends on it):
       Using "CheckForUnsupportedWinMDReferences" task from assembly "C:\Program Files\dotnet\sdk\10.0.103\Sdks\Microsoft.NET.Sdk\targets\..\tools\net10.0\Microsoft.NET.Build.Tasks.dll".
       Task "CheckForUnsupportedWinMDReferences"
       Done executing task "CheckForUnsupportedWinMDReferences".
   2:9>Done building target "_BlockWinMDsOnUnsupportedTFMs" in project "TicketConsolidator.Application.csproj".
       Target "ResolveReferences" skipped. Previously built successfully.
       Target "ResolvePackageDependenciesForBuild" skipped. Previously built successfully.
       Target "_HandlePackageFileConflicts" skipped. Previously built successfully.
   2:9>Target "CopyAdditionalFiles" in file "C:\Program Files\dotnet\sdk\10.0.103\Roslyn\Microsoft.Managed.Core.targets" from project "c:\Apps\TicketConsolidator\src\TicketConsolidator.Application\TicketConsolidator.Application.csproj" (target "AssignTargetPaths" depends on it):
   2:9>Done building target "CopyAdditionalFiles" in project "TicketConsolidator.Application.csproj".
   2:9>Target "_ComputeNETCoreBuildOutputFiles" in file "C:\Program Files\dotnet\sdk\10.0.103\Sdks\Microsoft.NET.Sdk\targets\Microsoft.NET.Sdk.targets" from project "c:\Apps\TicketConsolidator\src\TicketConsolidator.Application\TicketConsolidator.Application.csproj" (target "AssignTargetPaths" depends on it):
   2:9>Done building target "_ComputeNETCoreBuildOutputFiles" in project "TicketConsolidator.Application.csproj".
   2:9>Target "AssignTargetPaths" in file "C:\Program Files\dotnet\sdk\10.0.103\Microsoft.Common.CurrentVersion.targets" from project "c:\Apps\TicketConsolidator\src\TicketConsolidator.Application\TicketConsolidator.Application.csproj" (target "PrepareResourceNames" depends on it):
       Using "AssignTargetPath" task from assembly "Microsoft.Build.Tasks.Core, Version=15.1.0.0, Culture=neutral, PublicKeyToken=b03f5f7f11d50a3a".
       Task "AssignTargetPath"
       Done executing task "AssignTargetPath".
       Task "AssignTargetPath"
       Done executing task "AssignTargetPath".
       Task "AssignTargetPath"
       Done executing task "AssignTargetPath".
       Task "AssignTargetPath"
       Done executing task "AssignTargetPath".
   2:9>Done building target "AssignTargetPaths" in project "TicketConsolidator.Application.csproj".
       Target "AssignTargetPaths" skipped. Previously built successfully.
   2:9>Target "SplitResourcesByCulture" in file "C:\Program Files\dotnet\sdk\10.0.103\Microsoft.Common.CurrentVersion.targets" from project "c:\Apps\TicketConsolidator\src\TicketConsolidator.Application\TicketConsolidator.Application.csproj" (target "PrepareResourceNames" depends on it):
       Using "AssignCulture" task from assembly "Microsoft.Build.Tasks.Core, Version=15.1.0.0, Culture=neutral, PublicKeyToken=b03f5f7f11d50a3a".
       Task "AssignCulture"
       Done executing task "AssignCulture".
   2:9>Done building target "SplitResourcesByCulture" in project "TicketConsolidator.Application.csproj".
   2:9>Target "CreateCustomManifestResourceNames" in file "C:\Program Files\dotnet\sdk\10.0.103\Microsoft.Common.CurrentVersion.targets" from project "c:\Apps\TicketConsolidator\src\TicketConsolidator.Application\TicketConsolidator.Application.csproj" (target "PrepareResourceNames" depends on it):
   2:9>Done building target "CreateCustomManifestResourceNames" in project "TicketConsolidator.Application.csproj".
   2:9>Target "PrepareResourceNames" in file "C:\Program Files\dotnet\sdk\10.0.103\Microsoft.Common.CurrentVersion.targets" from project "c:\Apps\TicketConsolidator\src\TicketConsolidator.Application\TicketConsolidator.Application.csproj" (target "PrepareResources" depends on it):
   2:9>Done building target "PrepareResourceNames" in project "TicketConsolidator.Application.csproj".
       Target "ResolveAssemblyReferences" skipped. Previously built successfully.
       Target "SplitResourcesByCulture" skipped. Previously built successfully.
   2:9>Target "BeforeResGen" in file "C:\Program Files\dotnet\sdk\10.0.103\Microsoft.Common.CurrentVersion.targets" from project "c:\Apps\TicketConsolidator\src\TicketConsolidator.Application\TicketConsolidator.Application.csproj" (target "ResGen" depends on it):
   2:9>Done building target "BeforeResGen" in project "TicketConsolidator.Application.csproj".
       Target "ResolveReferences" skipped. Previously built successfully.
   2:9>Target "FindReferenceAssembliesForReferences" in file "C:\Program Files\dotnet\sdk\10.0.103\Microsoft.Common.CurrentVersion.targets" from project "c:\Apps\TicketConsolidator\src\TicketConsolidator.Application\TicketConsolidator.Application.csproj" (target "CoreResGen" depends on it):
   2:9>Done building target "FindReferenceAssembliesForReferences" in project "TicketConsolidator.Application.csproj".
   2:9>Target "CoreResGen" in file "C:\Program Files\dotnet\sdk\10.0.103\Microsoft.Common.CurrentVersion.targets" from project "c:\Apps\TicketConsolidator\src\TicketConsolidator.Application\TicketConsolidator.Application.csproj" (target "ResGen" depends on it):
   2:9>Done building target "CoreResGen" in project "TicketConsolidator.Application.csproj".
   2:9>Target "AfterResGen" in file "C:\Program Files\dotnet\sdk\10.0.103\Microsoft.Common.CurrentVersion.targets" from project "c:\Apps\TicketConsolidator\src\TicketConsolidator.Application\TicketConsolidator.Application.csproj" (target "ResGen" depends on it):
   2:9>Done building target "AfterResGen" in project "TicketConsolidator.Application.csproj".
   2:9>Target "ResGen" in file "C:\Program Files\dotnet\sdk\10.0.103\Microsoft.Common.CurrentVersion.targets" from project "c:\Apps\TicketConsolidator\src\TicketConsolidator.Application\TicketConsolidator.Application.csproj" (target "PrepareResources" depends on it):
   2:9>Done building target "ResGen" in project "TicketConsolidator.Application.csproj".
   2:9>Target "PrepareResources" in file "C:\Program Files\dotnet\sdk\10.0.103\Microsoft.Common.CurrentVersion.targets" from project "c:\Apps\TicketConsolidator\src\TicketConsolidator.Application\TicketConsolidator.Application.csproj" (target "CoreBuild" depends on it):
   2:9>Done building target "PrepareResources" in project "TicketConsolidator.Application.csproj".
       Target "ResolveReferences" skipped. Previously built successfully.
   2:9>Target "_SetEmbeddedWin32ManifestProperties" in file "C:\Program Files\dotnet\sdk\10.0.103\Microsoft.Common.CurrentVersion.targets" from project "c:\Apps\TicketConsolidator\src\TicketConsolidator.Application\TicketConsolidator.Application.csproj" (target "SetWin32ManifestProperties" depends on it):
       Using "GetFrameworkPath" task from assembly "Microsoft.Build.Tasks.Core, Version=15.1.0.0, Culture=neutral, PublicKeyToken=b03f5f7f11d50a3a".
       Task "GetFrameworkPath"
       Done executing task "GetFrameworkPath".
   2:9>Done building target "_SetEmbeddedWin32ManifestProperties" in project "TicketConsolidator.Application.csproj".
   2:9>Target "SetWin32ManifestProperties" in file "C:\Program Files\dotnet\sdk\10.0.103\Microsoft.Common.CurrentVersion.targets" from project "c:\Apps\TicketConsolidator\src\TicketConsolidator.Application\TicketConsolidator.Application.csproj" (target "Compile" depends on it):
   2:9>Done building target "SetWin32ManifestProperties" in project "TicketConsolidator.Application.csproj".
       Target "FindReferenceAssembliesForReferences" skipped. Previously built successfully.
   2:9>Target "_GenerateCompileInputs" in file "C:\Program Files\dotnet\sdk\10.0.103\Microsoft.Common.CurrentVersion.targets" from project "c:\Apps\TicketConsolidator\src\TicketConsolidator.Application\TicketConsolidator.Application.csproj" (target "Compile" depends on it):
   2:9>Done building target "_GenerateCompileInputs" in project "TicketConsolidator.Application.csproj".
       Target "PrepareForBuild" skipped. Previously built successfully.
   2:9>Target "GenerateMSBuildEditorConfigFileShouldRun" in file "C:\Program Files\dotnet\sdk\10.0.103\Roslyn\Microsoft.Managed.Core.targets" from project "c:\Apps\TicketConsolidator\src\TicketConsolidator.Application\TicketConsolidator.Application.csproj" (target "GenerateMSBuildEditorConfigFile" depends on it):
   2:9>Done building target "GenerateMSBuildEditorConfigFileShouldRun" in project "TicketConsolidator.Application.csproj".
   2:9>Target "AddGlobalAnalyzerConfigForPackage_MicrosoftCodeAnalysisCSharpCodeStyle" in file "C:\Program Files\dotnet\sdk\10.0.103\Sdks\Microsoft.NET.Sdk\codestyle\cs\build\Microsoft.CodeAnalysis.CSharp.CodeStyle.targets" from project "c:\Apps\TicketConsolidator\src\TicketConsolidator.Application\TicketConsolidator.Application.csproj" (target "GenerateMSBuildEditorConfigFileCore" depends on it):
   2:9>Done building target "AddGlobalAnalyzerConfigForPackage_MicrosoftCodeAnalysisCSharpCodeStyle" in project "TicketConsolidator.Application.csproj".
   2:9>Target "GenerateMSBuildEditorConfigFileCore" in file "C:\Program Files\dotnet\sdk\10.0.103\Roslyn\Microsoft.Managed.Core.targets" from project "c:\Apps\TicketConsolidator\src\TicketConsolidator.Application\TicketConsolidator.Application.csproj" (target "GenerateMSBuildEditorConfigFile" depends on it):
       Building target "GenerateMSBuildEditorConfigFileCore" completely.
       No input files were specified.
       Using "GenerateMSBuildEditorConfig" task from assembly "C:\Program Files\dotnet\sdk\10.0.103\Sdks\Microsoft.NET.Sdk\targets\..\..\..\Roslyn\Microsoft.Build.Tasks.CodeAnalysis.dll".
       Task "GenerateMSBuildEditorConfig"
       Done executing task "GenerateMSBuildEditorConfig".
   2:9>Done building target "GenerateMSBuildEditorConfigFileCore" in project "TicketConsolidator.Application.csproj".
   2:9>Target "GenerateMSBuildEditorConfigFile" in file "C:\Program Files\dotnet\sdk\10.0.103\Roslyn\Microsoft.Managed.Core.targets" from project "c:\Apps\TicketConsolidator\src\TicketConsolidator.Application\TicketConsolidator.Application.csproj" (target "BeforeCompile" depends on it):
   2:9>Done building target "GenerateMSBuildEditorConfigFile" in project "TicketConsolidator.Application.csproj".
       Target "PrepareForBuild" skipped. Previously built successfully.
       Target "GetReferenceAssemblyPaths" skipped. Previously built successfully.
   2:9>Target "_SetTargetFrameworkMonikerAttribute" in file "C:\Program Files\dotnet\sdk\10.0.103\Microsoft.CSharp.CurrentVersion.targets" from project "c:\Apps\TicketConsolidator\src\TicketConsolidator.Application\TicketConsolidator.Application.csproj" (target "GenerateTargetFrameworkMonikerAttribute" depends on it):
   2:9>Done building target "_SetTargetFrameworkMonikerAttribute" in project "TicketConsolidator.Application.csproj".
   2:9>Target "GenerateTargetFrameworkMonikerAttribute" in file "C:\Program Files\dotnet\sdk\10.0.103\Microsoft.Common.CurrentVersion.targets" from project "c:\Apps\TicketConsolidator\src\TicketConsolidator.Application\TicketConsolidator.Application.csproj" (target "BeforeCompile" depends on it):
       Skipping target "GenerateTargetFrameworkMonikerAttribute" because all output files are up-to-date with respect to the input files.
       Input files: C:\Program Files\dotnet\sdk\10.0.103\Microsoft.Common.targets
       Output files: obj\Debug\net10.0\.NETCoreApp,Version=v10.0.AssemblyAttributes.cs
   2:9>Done building target "GenerateTargetFrameworkMonikerAttribute" in project "TicketConsolidator.Application.csproj".
       Target "PrepareForBuild" skipped. Previously built successfully.
   2:9>Target "GetAssemblyVersion" in file "C:\Program Files\dotnet\sdk\10.0.103\Sdks\Microsoft.NET.Sdk\targets\Microsoft.NET.GenerateAssemblyInfo.targets" from project "c:\Apps\TicketConsolidator\src\TicketConsolidator.Application\TicketConsolidator.Application.csproj" (target "GetAssemblyAttributes" depends on it):
   2:9>Done building target "GetAssemblyVersion" in project "TicketConsolidator.Application.csproj".
   2:9>Target "InitializeSourceControlInformationFromSourceControlManager" in file "C:\Program Files\dotnet\sdk\10.0.103\Sdks\Microsoft.Build.Tasks.Git\build\Microsoft.Build.Tasks.Git.targets" from project "c:\Apps\TicketConsolidator\src\TicketConsolidator.Application\TicketConsolidator.Application.csproj" (target "_InitializeSourceControlInformationFromSourceControlManager" depends on it):
       Using "Microsoft.Build.Tasks.Git.LocateRepository" task from assembly "C:\Program Files\dotnet\sdk\10.0.103\Sdks\Microsoft.Build.Tasks.Git\build\..\tools\net\Microsoft.Build.Tasks.Git.dll".
       Task "Microsoft.Build.Tasks.Git.LocateRepository"
         SourceLink: Repository instance not found in cache: '*:c:\Apps\TicketConsolidator\.git'
       Done executing task "Microsoft.Build.Tasks.Git.LocateRepository".
   2:9>Done building target "InitializeSourceControlInformationFromSourceControlManager" in project "TicketConsolidator.Application.csproj".
   2:9>Target "_SourceLinkHasSingleProvider" in file "C:\Program Files\dotnet\sdk\10.0.103\Sdks\Microsoft.SourceLink.Common\build\InitializeSourceControlInformation.targets" from project "c:\Apps\TicketConsolidator\src\TicketConsolidator.Application\TicketConsolidator.Application.csproj" (target "_InitializeSourceControlInformationFromSourceControlManager" depends on it):
       Assembly loaded during TaskRun: Microsoft.SourceLink.Common, Version=10.0.14.7603, Culture=neutral, PublicKeyToken=31bf3856ad364e35 (location: C:\Program Files\dotnet\sdk\10.0.103\Sdks\Microsoft.SourceLink.Common\tools\net\Microsoft.SourceLink.Common.dll, MVID: 390b9e9c-19e1-474f-88ad-4e0ebb843a0f, AssemblyLoadContext: MSBuild plugin C:\Program Files\dotnet\sdk\10.0.103\Sdks\Microsoft.SourceLink.Common\tools\net\Microsoft.SourceLink.Common.dll)
       Using "Microsoft.SourceLink.Common.SourceLinkHasSingleProvider" task from assembly "C:\Program Files\dotnet\sdk\10.0.103\Sdks\Microsoft.SourceLink.Common\build\..\tools\net\Microsoft.SourceLink.Common.dll".
       Task "Microsoft.SourceLink.Common.SourceLinkHasSingleProvider"
       Done executing task "Microsoft.SourceLink.Common.SourceLinkHasSingleProvider".
   2:9>Done building target "_SourceLinkHasSingleProvider" in project "TicketConsolidator.Application.csproj".
   2:9>Target "TranslateGitHubUrlsInSourceControlInformation" in file "C:\Program Files\dotnet\sdk\10.0.103\Sdks\Microsoft.SourceLink.GitHub\build\Microsoft.SourceLink.GitHub.targets" from project "c:\Apps\TicketConsolidator\src\TicketConsolidator.Application\TicketConsolidator.Application.csproj" (target "_InitializeSourceControlInformationFromSourceControlManager" depends on it):
       Assembly loaded during TaskRun: Microsoft.SourceLink.GitHub, Version=10.0.14.7603, Culture=neutral, PublicKeyToken=31bf3856ad364e35 (location: C:\Program Files\dotnet\sdk\10.0.103\Sdks\Microsoft.SourceLink.GitHub\tools\net\Microsoft.SourceLink.GitHub.dll, MVID: 154e1d95-e49c-4e86-9757-5a642a8077fb, AssemblyLoadContext: MSBuild plugin C:\Program Files\dotnet\sdk\10.0.103\Sdks\Microsoft.SourceLink.GitHub\tools\net\Microsoft.SourceLink.GitHub.dll)
       Using "Microsoft.SourceLink.GitHub.TranslateRepositoryUrls" task from assembly "C:\Program Files\dotnet\sdk\10.0.103\Sdks\Microsoft.SourceLink.GitHub\build\..\tools\net\Microsoft.SourceLink.GitHub.dll".
       Task "Microsoft.SourceLink.GitHub.TranslateRepositoryUrls"
       Done executing task "Microsoft.SourceLink.GitHub.TranslateRepositoryUrls".
   2:9>Done building target "TranslateGitHubUrlsInSourceControlInformation" in project "TicketConsolidator.Application.csproj".
   2:9>Target "TranslateGitLabUrlsInSourceControlInformation" in file "C:\Program Files\dotnet\sdk\10.0.103\Sdks\Microsoft.SourceLink.GitLab\build\Microsoft.SourceLink.GitLab.targets" from project "c:\Apps\TicketConsolidator\src\TicketConsolidator.Application\TicketConsolidator.Application.csproj" (target "_InitializeSourceControlInformationFromSourceControlManager" depends on it):
       Assembly loaded during TaskRun: Microsoft.SourceLink.GitLab, Version=10.0.14.7603, Culture=neutral, PublicKeyToken=31bf3856ad364e35 (location: C:\Program Files\dotnet\sdk\10.0.103\Sdks\Microsoft.SourceLink.GitLab\tools\net\Microsoft.SourceLink.GitLab.dll, MVID: 6ea7c74f-7bc0-4879-82f0-55d62d4449b2, AssemblyLoadContext: MSBuild plugin C:\Program Files\dotnet\sdk\10.0.103\Sdks\Microsoft.SourceLink.GitLab\tools\net\Microsoft.SourceLink.GitLab.dll)
       Using "Microsoft.SourceLink.GitLab.TranslateRepositoryUrls" task from assembly "C:\Program Files\dotnet\sdk\10.0.103\Sdks\Microsoft.SourceLink.GitLab\build\..\tools\net\Microsoft.SourceLink.GitLab.dll".
       Task "Microsoft.SourceLink.GitLab.TranslateRepositoryUrls"
       Done executing task "Microsoft.SourceLink.GitLab.TranslateRepositoryUrls".
   2:9>Done building target "TranslateGitLabUrlsInSourceControlInformation" in project "TicketConsolidator.Application.csproj".
   2:9>Target "TranslateAzureReposGitUrlsInSourceControlInformation" in file "C:\Program Files\dotnet\sdk\10.0.103\Sdks\Microsoft.SourceLink.AzureRepos.Git\build\Microsoft.SourceLink.AzureRepos.Git.targets" from project "c:\Apps\TicketConsolidator\src\TicketConsolidator.Application\TicketConsolidator.Application.csproj" (target "_InitializeSourceControlInformationFromSourceControlManager" depends on it):
       Assembly loaded during TaskRun: Microsoft.SourceLink.AzureRepos.Git, Version=10.0.14.7603, Culture=neutral, PublicKeyToken=31bf3856ad364e35 (location: C:\Program Files\dotnet\sdk\10.0.103\Sdks\Microsoft.SourceLink.AzureRepos.Git\tools\net\Microsoft.SourceLink.AzureRepos.Git.dll, MVID: 22a23f50-b695-4967-8cb6-3ca10cc761c7, AssemblyLoadContext: MSBuild plugin C:\Program Files\dotnet\sdk\10.0.103\Sdks\Microsoft.SourceLink.AzureRepos.Git\tools\net\Microsoft.SourceLink.AzureRepos.Git.dll)
       Using "Microsoft.SourceLink.AzureRepos.Git.TranslateRepositoryUrls" task from assembly "C:\Program Files\dotnet\sdk\10.0.103\Sdks\Microsoft.SourceLink.AzureRepos.Git\build\..\tools\net\Microsoft.SourceLink.AzureRepos.Git.dll".
       Task "Microsoft.SourceLink.AzureRepos.Git.TranslateRepositoryUrls"
       Done executing task "Microsoft.SourceLink.AzureRepos.Git.TranslateRepositoryUrls".
   2:9>Done building target "TranslateAzureReposGitUrlsInSourceControlInformation" in project "TicketConsolidator.Application.csproj".
   2:9>Target "TranslateBitbucketGitUrlsInSourceControlInformation" in file "C:\Program Files\dotnet\sdk\10.0.103\Sdks\Microsoft.SourceLink.Bitbucket.Git\build\Microsoft.SourceLink.Bitbucket.Git.targets" from project "c:\Apps\TicketConsolidator\src\TicketConsolidator.Application\TicketConsolidator.Application.csproj" (target "_InitializeSourceControlInformationFromSourceControlManager" depends on it):
       Assembly loaded during TaskRun: Microsoft.SourceLink.Bitbucket.Git, Version=10.0.14.7603, Culture=neutral, PublicKeyToken=31bf3856ad364e35 (location: C:\Program Files\dotnet\sdk\10.0.103\Sdks\Microsoft.SourceLink.Bitbucket.Git\tools\net\Microsoft.SourceLink.Bitbucket.Git.dll, MVID: 290f90d9-d33d-43ee-afe3-b9f31804edd9, AssemblyLoadContext: MSBuild plugin C:\Program Files\dotnet\sdk\10.0.103\Sdks\Microsoft.SourceLink.Bitbucket.Git\tools\net\Microsoft.SourceLink.Bitbucket.Git.dll)
       Using "Microsoft.SourceLink.Bitbucket.Git.TranslateRepositoryUrls" task from assembly "C:\Program Files\dotnet\sdk\10.0.103\Sdks\Microsoft.SourceLink.Bitbucket.Git\build\..\tools\net\Microsoft.SourceLink.Bitbucket.Git.dll".
       Task "Microsoft.SourceLink.Bitbucket.Git.TranslateRepositoryUrls"
       Done executing task "Microsoft.SourceLink.Bitbucket.Git.TranslateRepositoryUrls".
   2:9>Done building target "TranslateBitbucketGitUrlsInSourceControlInformation" in project "TicketConsolidator.Application.csproj".
   2:9>Target "SourceControlManagerPublishTranslatedUrls" in file "C:\Program Files\dotnet\sdk\10.0.103\Sdks\Microsoft.SourceLink.Common\build\InitializeSourceControlInformation.targets" from project "c:\Apps\TicketConsolidator\src\TicketConsolidator.Application\TicketConsolidator.Application.csproj" (target "_InitializeSourceControlInformationFromSourceControlManager" depends on it):
   2:9>Done building target "SourceControlManagerPublishTranslatedUrls" in project "TicketConsolidator.Application.csproj".
   2:9>Target "_InitializeSourceControlInformationFromSourceControlManager" in file "C:\Program Files\dotnet\sdk\10.0.103\Sdks\Microsoft.SourceLink.Common\build\InitializeSourceControlInformation.targets" from project "c:\Apps\TicketConsolidator\src\TicketConsolidator.Application\TicketConsolidator.Application.csproj" (target "InitializeSourceControlInformation" depends on it):
   2:9>Done building target "_InitializeSourceControlInformationFromSourceControlManager" in project "TicketConsolidator.Application.csproj".
   2:9>Target "InitializeSourceControlInformation" in file "C:\Program Files\dotnet\sdk\10.0.103\Microsoft.Common.CurrentVersion.targets" from project "c:\Apps\TicketConsolidator\src\TicketConsolidator.Application\TicketConsolidator.Application.csproj" (target "GetAssemblyAttributes" depends on it):
   2:9>Done building target "InitializeSourceControlInformation" in project "TicketConsolidator.Application.csproj".
       Target "GetAssemblyVersion" skipped. Previously built successfully.
       Target "InitializeSourceControlInformation" skipped. Previously built successfully.
   2:9>Target "AddSourceRevisionToInformationalVersion" in file "C:\Program Files\dotnet\sdk\10.0.103\Sdks\Microsoft.NET.Sdk\targets\Microsoft.NET.GenerateAssemblyInfo.targets" from project "c:\Apps\TicketConsolidator\src\TicketConsolidator.Application\TicketConsolidator.Application.csproj" (target "GetAssemblyAttributes" depends on it):
       C:\Program Files\dotnet\sdk\10.0.103\Sdks\Microsoft.NET.Sdk\targets\Microsoft.NET.GenerateAssemblyInfo.targets(70,7): message : Property reassignment: $(InformationalVersion)="1.0.0.0+fbfcdd5225fd150fadeb804e73797ac5c1514175" (previous value: "1.0.0.0") at C:\Program Files\dotnet\sdk\10.0.103\Sdks\Microsoft.NET.Sdk\targets\Microsoft.NET.GenerateAssemblyInfo.targets (70,7) [c:\Apps\TicketConsolidator\src\TicketConsolidator.Application\TicketConsolidator.Application.csproj]
   2:9>Done building target "AddSourceRevisionToInformationalVersion" in project "TicketConsolidator.Application.csproj".
   2:9>Target "GetAssemblyAttributes" in file "C:\Program Files\dotnet\sdk\10.0.103\Sdks\Microsoft.NET.Sdk\targets\Microsoft.NET.GenerateAssemblyInfo.targets" from project "c:\Apps\TicketConsolidator\src\TicketConsolidator.Application\TicketConsolidator.Application.csproj" (target "CreateGeneratedAssemblyInfoInputsCacheFile" depends on it):
   2:9>Done building target "GetAssemblyAttributes" in project "TicketConsolidator.Application.csproj".
   2:9>Target "CreateGeneratedAssemblyInfoInputsCacheFile" in file "C:\Program Files\dotnet\sdk\10.0.103\Sdks\Microsoft.NET.Sdk\targets\Microsoft.NET.GenerateAssemblyInfo.targets" from project "c:\Apps\TicketConsolidator\src\TicketConsolidator.Application\TicketConsolidator.Application.csproj" (target "CoreGenerateAssemblyInfo" depends on it):
       Using "Hash" task from assembly "Microsoft.Build.Tasks.Core, Version=15.1.0.0, Culture=neutral, PublicKeyToken=b03f5f7f11d50a3a".
       Task "Hash"
       Done executing task "Hash".
       Task "WriteLinesToFile"
         Skipping write to file "obj\Debug\net10.0\TicketConsolidator.Application.AssemblyInfoInputs.cache" because content would not change.
       Done executing task "WriteLinesToFile".
   2:9>Done building target "CreateGeneratedAssemblyInfoInputsCacheFile" in project "TicketConsolidator.Application.csproj".
   2:9>Target "CoreGenerateAssemblyInfo" in file "C:\Program Files\dotnet\sdk\10.0.103\Sdks\Microsoft.NET.Sdk\targets\Microsoft.NET.GenerateAssemblyInfo.targets" from project "c:\Apps\TicketConsolidator\src\TicketConsolidator.Application\TicketConsolidator.Application.csproj" (target "GenerateAssemblyInfo" depends on it):
       Skipping target "CoreGenerateAssemblyInfo" because all output files are up-to-date with respect to the input files.
       Input files: obj\Debug\net10.0\TicketConsolidator.Application.AssemblyInfoInputs.cache
       Output files: obj\Debug\net10.0\TicketConsolidator.Application.AssemblyInfo.cs
   2:9>Done building target "CoreGenerateAssemblyInfo" in project "TicketConsolidator.Application.csproj".
   2:9>Target "GenerateAssemblyInfo" in file "C:\Program Files\dotnet\sdk\10.0.103\Sdks\Microsoft.NET.Sdk\targets\Microsoft.NET.GenerateAssemblyInfo.targets" from project "c:\Apps\TicketConsolidator\src\TicketConsolidator.Application\TicketConsolidator.Application.csproj" (target "BeforeCompile" depends on it):
   2:9>Done building target "GenerateAssemblyInfo" in project "TicketConsolidator.Application.csproj".
   2:9>Target "BeforeCompile" in file "C:\Program Files\dotnet\sdk\10.0.103\Microsoft.Common.CurrentVersion.targets" from project "c:\Apps\TicketConsolidator\src\TicketConsolidator.Application\TicketConsolidator.Application.csproj" (target "Compile" depends on it):
   2:9>Done building target "BeforeCompile" in project "TicketConsolidator.Application.csproj".
       Target "ResolveAssemblyReferences" skipped. Previously built successfully.
       Target "_GenerateCompileInputs" skipped. Previously built successfully.
   2:9>Target "_GenerateCompileDependencyCache" in file "C:\Program Files\dotnet\sdk\10.0.103\Microsoft.Common.CurrentVersion.targets" from project "c:\Apps\TicketConsolidator\src\TicketConsolidator.Application\TicketConsolidator.Application.csproj" (target "Compile" depends on it):
       Task "Hash"
       Done executing task "Hash".
       Task "WriteLinesToFile"
         Skipping write to file "obj\Debug\net10.0\TicketConsolidator.Application.csproj.CoreCompileInputs.cache" because content would not change.
       Done executing task "WriteLinesToFile".
   2:9>Done building target "_GenerateCompileDependencyCache" in project "TicketConsolidator.Application.csproj".
   2:9>Target "_BeforeVBCSCoreCompile" in file "C:\Program Files\dotnet\sdk\10.0.103\Roslyn\Microsoft.Managed.Core.targets" from project "c:\Apps\TicketConsolidator\src\TicketConsolidator.Application\TicketConsolidator.Application.csproj" (target "CoreCompile" depends on it):
   2:9>Done building target "_BeforeVBCSCoreCompile" in project "TicketConsolidator.Application.csproj".
   2:9>Target "_ComputeSkipAnalyzers" in file "C:\Program Files\dotnet\sdk\10.0.103\Roslyn\Microsoft.Managed.Core.targets" from project "c:\Apps\TicketConsolidator\src\TicketConsolidator.Application\TicketConsolidator.Application.csproj" (target "CoreCompile" depends on it):
   2:9>Done building target "_ComputeSkipAnalyzers" in project "TicketConsolidator.Application.csproj".
       Target "BeforeCompile" skipped. Previously built successfully.
       Target "InitializeSourceControlInformationFromSourceControlManager" skipped. Previously built successfully.
   2:9>Target "SetEmbeddedFilesFromSourceControlManagerUntrackedFiles" in file "C:\Program Files\dotnet\sdk\10.0.103\Sdks\Microsoft.Build.Tasks.Git\build\Microsoft.Build.Tasks.Git.targets" from project "c:\Apps\TicketConsolidator\src\TicketConsolidator.Application\TicketConsolidator.Application.csproj" (target "_SetEmbeddedFilesFromSourceControlManagerUntrackedFiles" depends on it):
       Using "Microsoft.Build.Tasks.Git.GetUntrackedFiles" task from assembly "C:\Program Files\dotnet\sdk\10.0.103\Sdks\Microsoft.Build.Tasks.Git\build\..\tools\net\Microsoft.Build.Tasks.Git.dll".
       Task "Microsoft.Build.Tasks.Git.GetUntrackedFiles"
         SourceLink: Reusing cached git repository information.
       Done executing task "Microsoft.Build.Tasks.Git.GetUntrackedFiles".
   2:9>Done building target "SetEmbeddedFilesFromSourceControlManagerUntrackedFiles" in project "TicketConsolidator.Application.csproj".
   2:9>Target "_SetEmbeddedFilesFromSourceControlManagerUntrackedFiles" in file "C:\Program Files\dotnet\sdk\10.0.103\Sdks\Microsoft.SourceLink.Common\build\Microsoft.SourceLink.Common.targets" from project "c:\Apps\TicketConsolidator\src\TicketConsolidator.Application\TicketConsolidator.Application.csproj" (target "CoreCompile" depends on it):
   2:9>Done building target "_SetEmbeddedFilesFromSourceControlManagerUntrackedFiles" in project "TicketConsolidator.Application.csproj".
       Target "InitializeSourceControlInformation" skipped. Previously built successfully.
   2:9>Target "_SetSourceLinkFilePath" in file "C:\Program Files\dotnet\sdk\10.0.103\Sdks\Microsoft.SourceLink.Common\build\Microsoft.SourceLink.Common.targets" from project "c:\Apps\TicketConsolidator\src\TicketConsolidator.Application\TicketConsolidator.Application.csproj" (target "_GenerateSourceLinkFile" depends on it):
   2:9>Done building target "_SetSourceLinkFilePath" in project "TicketConsolidator.Application.csproj".
       Target "InitializeSourceControlInformation" skipped. Previously built successfully.
   2:9>Target "_InitializeSourceRootMappedPathsFromSourceControl" in file "C:\Program Files\dotnet\sdk\10.0.103\Roslyn\Microsoft.Managed.Core.targets" from project "c:\Apps\TicketConsolidator\src\TicketConsolidator.Application\TicketConsolidator.Application.csproj" (target "InitializeSourceRootMappedPaths" depends on it):
   2:9>Done building target "_InitializeSourceRootMappedPathsFromSourceControl" in project "TicketConsolidator.Application.csproj".
   2:9>Target "InitializeSourceRootMappedPaths" in file "C:\Program Files\dotnet\sdk\10.0.103\Roslyn\Microsoft.Managed.Core.targets" from project "c:\Apps\TicketConsolidator\src\TicketConsolidator.Application\TicketConsolidator.Application.csproj" (target "_InitializeSourceRootMappedPathsOpt" depends on it):
       Using "Microsoft.CodeAnalysis.BuildTasks.MapSourceRoots" task from assembly "C:\Program Files\dotnet\sdk\10.0.103\Sdks\Microsoft.NET.Sdk\targets\..\..\..\Roslyn\Microsoft.Build.Tasks.CodeAnalysis.dll".
       Task "Microsoft.CodeAnalysis.BuildTasks.MapSourceRoots"
       Done executing task "Microsoft.CodeAnalysis.BuildTasks.MapSourceRoots".
   2:9>Done building target "InitializeSourceRootMappedPaths" in project "TicketConsolidator.Application.csproj".
   2:9>Target "_InitializeSourceRootMappedPathsOpt" in file "C:\Program Files\dotnet\sdk\10.0.103\Sdks\Microsoft.SourceLink.Common\build\Microsoft.SourceLink.Common.targets" from project "c:\Apps\TicketConsolidator\src\TicketConsolidator.Application\TicketConsolidator.Application.csproj" (target "_GenerateSourceLinkFile" depends on it):
   2:9>Done building target "_InitializeSourceRootMappedPathsOpt" in project "TicketConsolidator.Application.csproj".
   2:9>Target "_InitializeGitHubSourceLinkUrl" in file "C:\Program Files\dotnet\sdk\10.0.103\Sdks\Microsoft.SourceLink.GitHub\build\Microsoft.SourceLink.GitHub.targets" from project "c:\Apps\TicketConsolidator\src\TicketConsolidator.Application\TicketConsolidator.Application.csproj" (target "_GenerateSourceLinkFile" depends on it):
       Building target "_InitializeGitHubSourceLinkUrl" completely.
       No input files were specified.
       Using "Microsoft.SourceLink.GitHub.GetSourceLinkUrl" task from assembly "C:\Program Files\dotnet\sdk\10.0.103\Sdks\Microsoft.SourceLink.GitHub\build\..\tools\net\Microsoft.SourceLink.GitHub.dll".
       Task "Microsoft.SourceLink.GitHub.GetSourceLinkUrl"
       Done executing task "Microsoft.SourceLink.GitHub.GetSourceLinkUrl".
   2:9>Done building target "_InitializeGitHubSourceLinkUrl" in project "TicketConsolidator.Application.csproj".
   2:9>Target "_InitializeGitHubSourceLinkUrl" in file "C:\Program Files\dotnet\sdk\10.0.103\Sdks\Microsoft.SourceLink.GitHub\build\Microsoft.SourceLink.GitHub.targets" from project "c:\Apps\TicketConsolidator\src\TicketConsolidator.Application\TicketConsolidator.Application.csproj" (target "_GenerateSourceLinkFile" depends on it):
       Building target "_InitializeGitHubSourceLinkUrl" completely.
       No input files were specified.
       Task "Microsoft.SourceLink.GitHub.GetSourceLinkUrl"
       Done executing task "Microsoft.SourceLink.GitHub.GetSourceLinkUrl".
   2:9>Done building target "_InitializeGitHubSourceLinkUrl" in project "TicketConsolidator.Application.csproj".
   2:9>Target "_InitializeGitHubSourceLinkUrl" in file "C:\Program Files\dotnet\sdk\10.0.103\Sdks\Microsoft.SourceLink.GitHub\build\Microsoft.SourceLink.GitHub.targets" from project "c:\Apps\TicketConsolidator\src\TicketConsolidator.Application\TicketConsolidator.Application.csproj" (target "_GenerateSourceLinkFile" depends on it):
       Building target "_InitializeGitHubSourceLinkUrl" completely.
       No input files were specified.
       Task "Microsoft.SourceLink.GitHub.GetSourceLinkUrl"
       Done executing task "Microsoft.SourceLink.GitHub.GetSourceLinkUrl".
   2:9>Done building target "_InitializeGitHubSourceLinkUrl" in project "TicketConsolidator.Application.csproj".
   2:9>Target "_InitializeGitLabSourceLinkUrl" in file "C:\Program Files\dotnet\sdk\10.0.103\Sdks\Microsoft.SourceLink.GitLab\build\Microsoft.SourceLink.GitLab.targets" from project "c:\Apps\TicketConsolidator\src\TicketConsolidator.Application\TicketConsolidator.Application.csproj" (target "_GenerateSourceLinkFile" depends on it):
       Building target "_InitializeGitLabSourceLinkUrl" completely.
       No input files were specified.
       Using "Microsoft.SourceLink.GitLab.GetSourceLinkUrl" task from assembly "C:\Program Files\dotnet\sdk\10.0.103\Sdks\Microsoft.SourceLink.GitLab\build\..\tools\net\Microsoft.SourceLink.GitLab.dll".
       Task "Microsoft.SourceLink.GitLab.GetSourceLinkUrl"
       C:\Program Files\dotnet\sdk\10.0.103\Sdks\Microsoft.SourceLink.GitLab\build\Microsoft.SourceLink.GitLab.targets(37,7): message : Property reassignment: $(_SourceLinkUrlToUpdate)="N/A" (previous value: "https://raw.githubusercontent.com/JeetVegad/TicketConsolidator/fbfcdd5225fd150fadeb804e73797ac5c1514175/*") at C:\Program Files\dotnet\sdk\10.0.103\Sdks\Microsoft.SourceLink.GitLab\build\Microsoft.SourceLink.GitLab.targets (37,7) [c:\Apps\TicketConsolidator\src\TicketConsolidator.Application\TicketConsolidator.Application.csproj]
       Done executing task "Microsoft.SourceLink.GitLab.GetSourceLinkUrl".
   2:9>Done building target "_InitializeGitLabSourceLinkUrl" in project "TicketConsolidator.Application.csproj".
   2:9>Target "_InitializeGitLabSourceLinkUrl" in file "C:\Program Files\dotnet\sdk\10.0.103\Sdks\Microsoft.SourceLink.GitLab\build\Microsoft.SourceLink.GitLab.targets" from project "c:\Apps\TicketConsolidator\src\TicketConsolidator.Application\TicketConsolidator.Application.csproj" (target "_GenerateSourceLinkFile" depends on it):
       Building target "_InitializeGitLabSourceLinkUrl" completely.
       No input files were specified.
       Task "Microsoft.SourceLink.GitLab.GetSourceLinkUrl"
       C:\Program Files\dotnet\sdk\10.0.103\Sdks\Microsoft.SourceLink.GitLab\build\Microsoft.SourceLink.GitLab.targets(37,7): message : Property reassignment: $(_SourceLinkUrlToUpdate)="N/A" (previous value: "https://raw.githubusercontent.com/JeetVegad/TicketConsolidator/fbfcdd5225fd150fadeb804e73797ac5c1514175/*") at C:\Program Files\dotnet\sdk\10.0.103\Sdks\Microsoft.SourceLink.GitLab\build\Microsoft.SourceLink.GitLab.targets (37,7) [c:\Apps\TicketConsolidator\src\TicketConsolidator.Application\TicketConsolidator.Application.csproj]
       Done executing task "Microsoft.SourceLink.GitLab.GetSourceLinkUrl".
   2:9>Done building target "_InitializeGitLabSourceLinkUrl" in project "TicketConsolidator.Application.csproj".
   2:9>Target "_InitializeGitLabSourceLinkUrl" in file "C:\Program Files\dotnet\sdk\10.0.103\Sdks\Microsoft.SourceLink.GitLab\build\Microsoft.SourceLink.GitLab.targets" from project "c:\Apps\TicketConsolidator\src\TicketConsolidator.Application\TicketConsolidator.Application.csproj" (target "_GenerateSourceLinkFile" depends on it):
       Building target "_InitializeGitLabSourceLinkUrl" completely.
       No input files were specified.
       Task "Microsoft.SourceLink.GitLab.GetSourceLinkUrl"
       C:\Program Files\dotnet\sdk\10.0.103\Sdks\Microsoft.SourceLink.GitLab\build\Microsoft.SourceLink.GitLab.targets(37,7): message : Property reassignment: $(_SourceLinkUrlToUpdate)="N/A" (previous value: "https://raw.githubusercontent.com/JeetVegad/TicketConsolidator/fbfcdd5225fd150fadeb804e73797ac5c1514175/*") at C:\Program Files\dotnet\sdk\10.0.103\Sdks\Microsoft.SourceLink.GitLab\build\Microsoft.SourceLink.GitLab.targets (37,7) [c:\Apps\TicketConsolidator\src\TicketConsolidator.Application\TicketConsolidator.Application.csproj]
       Done executing task "Microsoft.SourceLink.GitLab.GetSourceLinkUrl".
   2:9>Done building target "_InitializeGitLabSourceLinkUrl" in project "TicketConsolidator.Application.csproj".
   2:9>Target "_InitializeAzureReposGitSourceLinkUrl" in file "C:\Program Files\dotnet\sdk\10.0.103\Sdks\Microsoft.SourceLink.AzureRepos.Git\build\Microsoft.SourceLink.AzureRepos.Git.targets" from project "c:\Apps\TicketConsolidator\src\TicketConsolidator.Application\TicketConsolidator.Application.csproj" (target "_GenerateSourceLinkFile" depends on it):
       Building target "_InitializeAzureReposGitSourceLinkUrl" completely.
       No input files were specified.
       Using "Microsoft.SourceLink.AzureRepos.Git.GetSourceLinkUrl" task from assembly "C:\Program Files\dotnet\sdk\10.0.103\Sdks\Microsoft.SourceLink.AzureRepos.Git\build\..\tools\net\Microsoft.SourceLink.AzureRepos.Git.dll".
       Task "Microsoft.SourceLink.AzureRepos.Git.GetSourceLinkUrl"
       Done executing task "Microsoft.SourceLink.AzureRepos.Git.GetSourceLinkUrl".
   2:9>Done building target "_InitializeAzureReposGitSourceLinkUrl" in project "TicketConsolidator.Application.csproj".
   2:9>Target "_InitializeAzureReposGitSourceLinkUrl" in file "C:\Program Files\dotnet\sdk\10.0.103\Sdks\Microsoft.SourceLink.AzureRepos.Git\build\Microsoft.SourceLink.AzureRepos.Git.targets" from project "c:\Apps\TicketConsolidator\src\TicketConsolidator.Application\TicketConsolidator.Application.csproj" (target "_GenerateSourceLinkFile" depends on it):
       Building target "_InitializeAzureReposGitSourceLinkUrl" completely.
       No input files were specified.
       Task "Microsoft.SourceLink.AzureRepos.Git.GetSourceLinkUrl"
       Done executing task "Microsoft.SourceLink.AzureRepos.Git.GetSourceLinkUrl".
   2:9>Done building target "_InitializeAzureReposGitSourceLinkUrl" in project "TicketConsolidator.Application.csproj".
   2:9>Target "_InitializeAzureReposGitSourceLinkUrl" in file "C:\Program Files\dotnet\sdk\10.0.103\Sdks\Microsoft.SourceLink.AzureRepos.Git\build\Microsoft.SourceLink.AzureRepos.Git.targets" from project "c:\Apps\TicketConsolidator\src\TicketConsolidator.Application\TicketConsolidator.Application.csproj" (target "_GenerateSourceLinkFile" depends on it):
       Building target "_InitializeAzureReposGitSourceLinkUrl" completely.
       No input files were specified.
       Task "Microsoft.SourceLink.AzureRepos.Git.GetSourceLinkUrl"
       Done executing task "Microsoft.SourceLink.AzureRepos.Git.GetSourceLinkUrl".
   2:9>Done building target "_InitializeAzureReposGitSourceLinkUrl" in project "TicketConsolidator.Application.csproj".
   2:9>Target "_InitializeBitbucketGitSourceLinkUrl" in file "C:\Program Files\dotnet\sdk\10.0.103\Sdks\Microsoft.SourceLink.Bitbucket.Git\build\Microsoft.SourceLink.Bitbucket.Git.targets" from project "c:\Apps\TicketConsolidator\src\TicketConsolidator.Application\TicketConsolidator.Application.csproj" (target "_GenerateSourceLinkFile" depends on it):
       Building target "_InitializeBitbucketGitSourceLinkUrl" completely.
       No input files were specified.
       Using "Microsoft.SourceLink.Bitbucket.Git.GetSourceLinkUrl" task from assembly "C:\Program Files\dotnet\sdk\10.0.103\Sdks\Microsoft.SourceLink.Bitbucket.Git\build\..\tools\net\Microsoft.SourceLink.Bitbucket.Git.dll".
       Task "Microsoft.SourceLink.Bitbucket.Git.GetSourceLinkUrl"
       Done executing task "Microsoft.SourceLink.Bitbucket.Git.GetSourceLinkUrl".
   2:9>Done building target "_InitializeBitbucketGitSourceLinkUrl" in project "TicketConsolidator.Application.csproj".
   2:9>Target "_InitializeBitbucketGitSourceLinkUrl" in file "C:\Program Files\dotnet\sdk\10.0.103\Sdks\Microsoft.SourceLink.Bitbucket.Git\build\Microsoft.SourceLink.Bitbucket.Git.targets" from project "c:\Apps\TicketConsolidator\src\TicketConsolidator.Application\TicketConsolidator.Application.csproj" (target "_GenerateSourceLinkFile" depends on it):
       Building target "_InitializeBitbucketGitSourceLinkUrl" completely.
       No input files were specified.
       Task "Microsoft.SourceLink.Bitbucket.Git.GetSourceLinkUrl"
       Done executing task "Microsoft.SourceLink.Bitbucket.Git.GetSourceLinkUrl".
   2:9>Done building target "_InitializeBitbucketGitSourceLinkUrl" in project "TicketConsolidator.Application.csproj".
   2:9>Target "_InitializeBitbucketGitSourceLinkUrl" in file "C:\Program Files\dotnet\sdk\10.0.103\Sdks\Microsoft.SourceLink.Bitbucket.Git\build\Microsoft.SourceLink.Bitbucket.Git.targets" from project "c:\Apps\TicketConsolidator\src\TicketConsolidator.Application\TicketConsolidator.Application.csproj" (target "_GenerateSourceLinkFile" depends on it):
       Building target "_InitializeBitbucketGitSourceLinkUrl" completely.
       No input files were specified.
       Task "Microsoft.SourceLink.Bitbucket.Git.GetSourceLinkUrl"
       Done executing task "Microsoft.SourceLink.Bitbucket.Git.GetSourceLinkUrl".
   2:9>Done building target "_InitializeBitbucketGitSourceLinkUrl" in project "TicketConsolidator.Application.csproj".
   2:9>Target "_GenerateSourceLinkFile" in file "C:\Program Files\dotnet\sdk\10.0.103\Sdks\Microsoft.SourceLink.Common\build\Microsoft.SourceLink.Common.targets" from project "c:\Apps\TicketConsolidator\src\TicketConsolidator.Application\TicketConsolidator.Application.csproj" (target "GenerateSourceLinkFile" depends on it):
       Building target "_GenerateSourceLinkFile" completely.
       No input files were specified.
       Using "Microsoft.SourceLink.Common.GenerateSourceLinkFile" task from assembly "C:\Program Files\dotnet\sdk\10.0.103\Sdks\Microsoft.SourceLink.Common\build\..\tools\net\Microsoft.SourceLink.Common.dll".
       Task "Microsoft.SourceLink.Common.GenerateSourceLinkFile"
         Source Link file 'obj\Debug\net10.0\TicketConsolidator.Application.sourcelink.json' is up-to-date.
       Done executing task "Microsoft.SourceLink.Common.GenerateSourceLinkFile".
   2:9>Done building target "_GenerateSourceLinkFile" in project "TicketConsolidator.Application.csproj".
   2:9>Target "GenerateSourceLinkFile" in file "C:\Program Files\dotnet\sdk\10.0.103\Sdks\Microsoft.SourceLink.Common\build\Microsoft.SourceLink.Common.targets" from project "c:\Apps\TicketConsolidator\src\TicketConsolidator.Application\TicketConsolidator.Application.csproj" (target "CoreCompile" depends on it):
   2:9>Done building target "GenerateSourceLinkFile" in project "TicketConsolidator.Application.csproj".
   2:9>Target "AddGlobalAnalyzerConfigForPackage_MicrosoftCodeAnalysisNetAnalyzers" in file "C:\Program Files\dotnet\sdk\10.0.103\Sdks\Microsoft.NET.Sdk\analyzers\build\Microsoft.CodeAnalysis.NetAnalyzers.targets" from project "c:\Apps\TicketConsolidator\src\TicketConsolidator.Application\TicketConsolidator.Application.csproj" (target "CoreCompile" depends on it):
   2:9>Done building target "AddGlobalAnalyzerConfigForPackage_MicrosoftCodeAnalysisNetAnalyzers" in project "TicketConsolidator.Application.csproj".
   2:9>Target "CoreCompile" in file "C:\Program Files\dotnet\sdk\10.0.103\Roslyn\Microsoft.CSharp.Core.targets" from project "c:\Apps\TicketConsolidator\src\TicketConsolidator.Application\TicketConsolidator.Application.csproj" (target "Compile" depends on it):
       Skipping target "CoreCompile" because all output files are up-to-date with respect to the input files.
       Input files: 
           Configurations\EmailConfiguration.cs
           Configurations\JiraConfiguration.cs
           DTOs\ActivityEntry.cs
           DTOs\EmailMessage.cs
           DTOs\JiraTicketInfo.cs
           DTOs\LogEntry.cs
           DTOs\LogSession.cs
           DTOs\RecentTicketEntry.cs
           DTOs\SqlScript.cs
           DTOs\ValidationResult.cs
           Interfaces\IConsolidationService.cs
           Interfaces\IEmailService.cs
           Interfaces\IEncryptionService.cs
           Interfaces\IJiraService.cs
           Interfaces\ILoggerService.cs
           Interfaces\IPerforceService.cs
           Interfaces\IScriptValidatorService.cs
           Interfaces\ISqlParserService.cs
           obj\Debug\net10.0\TicketConsolidator.Application.GlobalUsings.g.cs
           obj\Debug\net10.0\.NETCoreApp,Version=v10.0.AssemblyAttributes.cs
           obj\Debug\net10.0\TicketConsolidator.Application.AssemblyInfo.cs
           C:\Program Files\dotnet\packs\Microsoft.NETCore.App.Ref\10.0.3\ref\net10.0\Microsoft.CSharp.dll
           C:\Program Files\dotnet\packs\Microsoft.NETCore.App.Ref\10.0.3\ref\net10.0\Microsoft.VisualBasic.Core.dll
           C:\Program Files\dotnet\packs\Microsoft.NETCore.App.Ref\10.0.3\ref\net10.0\Microsoft.VisualBasic.dll
           C:\Program Files\dotnet\packs\Microsoft.NETCore.App.Ref\10.0.3\ref\net10.0\Microsoft.Win32.Primitives.dll
           C:\Program Files\dotnet\packs\Microsoft.NETCore.App.Ref\10.0.3\ref\net10.0\Microsoft.Win32.Registry.dll
           C:\Program Files\dotnet\packs\Microsoft.NETCore.App.Ref\10.0.3\ref\net10.0\mscorlib.dll
           C:\Program Files\dotnet\packs\Microsoft.NETCore.App.Ref\10.0.3\ref\net10.0\netstandard.dll
           C:\Program Files\dotnet\packs\Microsoft.NETCore.App.Ref\10.0.3\ref\net10.0\System.AppContext.dll
           C:\Program Files\dotnet\packs\Microsoft.NETCore.App.Ref\10.0.3\ref\net10.0\System.Buffers.dll
           C:\Program Files\dotnet\packs\Microsoft.NETCore.App.Ref\10.0.3\ref\net10.0\System.Collections.Concurrent.dll
           C:\Program Files\dotnet\packs\Microsoft.NETCore.App.Ref\10.0.3\ref\net10.0\System.Collections.dll
           C:\Program Files\dotnet\packs\Microsoft.NETCore.App.Ref\10.0.3\ref\net10.0\System.Collections.Immutable.dll
           C:\Program Files\dotnet\packs\Microsoft.NETCore.App.Ref\10.0.3\ref\net10.0\System.Collections.NonGeneric.dll
           C:\Program Files\dotnet\packs\Microsoft.NETCore.App.Ref\10.0.3\ref\net10.0\System.Collections.Specialized.dll
           C:\Program Files\dotnet\packs\Microsoft.NETCore.App.Ref\10.0.3\ref\net10.0\System.ComponentModel.Annotations.dll
           C:\Program Files\dotnet\packs\Microsoft.NETCore.App.Ref\10.0.3\ref\net10.0\System.ComponentModel.DataAnnotations.dll
           C:\Program Files\dotnet\packs\Microsoft.NETCore.App.Ref\10.0.3\ref\net10.0\System.ComponentModel.dll
           C:\Program Files\dotnet\packs\Microsoft.NETCore.App.Ref\10.0.3\ref\net10.0\System.ComponentModel.EventBasedAsync.dll
           C:\Program Files\dotnet\packs\Microsoft.NETCore.App.Ref\10.0.3\ref\net10.0\System.ComponentModel.Primitives.dll
           C:\Program Files\dotnet\packs\Microsoft.NETCore.App.Ref\10.0.3\ref\net10.0\System.ComponentModel.TypeConverter.dll
           C:\Program Files\dotnet\packs\Microsoft.NETCore.App.Ref\10.0.3\ref\net10.0\System.Configuration.dll
           C:\Program Files\dotnet\packs\Microsoft.NETCore.App.Ref\10.0.3\ref\net10.0\System.Console.dll
           C:\Program Files\dotnet\packs\Microsoft.NETCore.App.Ref\10.0.3\ref\net10.0\System.Core.dll
           C:\Program Files\dotnet\packs\Microsoft.NETCore.App.Ref\10.0.3\ref\net10.0\System.Data.Common.dll
           C:\Program Files\dotnet\packs\Microsoft.NETCore.App.Ref\10.0.3\ref\net10.0\System.Data.DataSetExtensions.dll
           C:\Program Files\dotnet\packs\Microsoft.NETCore.App.Ref\10.0.3\ref\net10.0\System.Data.dll
           C:\Program Files\dotnet\packs\Microsoft.NETCore.App.Ref\10.0.3\ref\net10.0\System.Diagnostics.Contracts.dll
           C:\Program Files\dotnet\packs\Microsoft.NETCore.App.Ref\10.0.3\ref\net10.0\System.Diagnostics.Debug.dll
           C:\Program Files\dotnet\packs\Microsoft.NETCore.App.Ref\10.0.3\ref\net10.0\System.Diagnostics.DiagnosticSource.dll
           C:\Program Files\dotnet\packs\Microsoft.NETCore.App.Ref\10.0.3\ref\net10.0\System.Diagnostics.FileVersionInfo.dll
           C:\Program Files\dotnet\packs\Microsoft.NETCore.App.Ref\10.0.3\ref\net10.0\System.Diagnostics.Process.dll
           C:\Program Files\dotnet\packs\Microsoft.NETCore.App.Ref\10.0.3\ref\net10.0\System.Diagnostics.StackTrace.dll
           C:\Program Files\dotnet\packs\Microsoft.NETCore.App.Ref\10.0.3\ref\net10.0\System.Diagnostics.TextWriterTraceListener.dll
           C:\Program Files\dotnet\packs\Microsoft.NETCore.App.Ref\10.0.3\ref\net10.0\System.Diagnostics.Tools.dll
           C:\Program Files\dotnet\packs\Microsoft.NETCore.App.Ref\10.0.3\ref\net10.0\System.Diagnostics.TraceSource.dll
           C:\Program Files\dotnet\packs\Microsoft.NETCore.App.Ref\10.0.3\ref\net10.0\System.Diagnostics.Tracing.dll
           C:\Program Files\dotnet\packs\Microsoft.NETCore.App.Ref\10.0.3\ref\net10.0\System.dll
           C:\Program Files\dotnet\packs\Microsoft.NETCore.App.Ref\10.0.3\ref\net10.0\System.Drawing.dll
           C:\Program Files\dotnet\packs\Microsoft.NETCore.App.Ref\10.0.3\ref\net10.0\System.Drawing.Primitives.dll
           C:\Program Files\dotnet\packs\Microsoft.NETCore.App.Ref\10.0.3\ref\net10.0\System.Dynamic.Runtime.dll
           C:\Program Files\dotnet\packs\Microsoft.NETCore.App.Ref\10.0.3\ref\net10.0\System.Formats.Asn1.dll
           C:\Program Files\dotnet\packs\Microsoft.NETCore.App.Ref\10.0.3\ref\net10.0\System.Formats.Tar.dll
           C:\Program Files\dotnet\packs\Microsoft.NETCore.App.Ref\10.0.3\ref\net10.0\System.Globalization.Calendars.dll
           C:\Program Files\dotnet\packs\Microsoft.NETCore.App.Ref\10.0.3\ref\net10.0\System.Globalization.dll
           C:\Program Files\dotnet\packs\Microsoft.NETCore.App.Ref\10.0.3\ref\net10.0\System.Globalization.Extensions.dll
           C:\Program Files\dotnet\packs\Microsoft.NETCore.App.Ref\10.0.3\ref\net10.0\System.IO.Compression.Brotli.dll
           C:\Program Files\dotnet\packs\Microsoft.NETCore.App.Ref\10.0.3\ref\net10.0\System.IO.Compression.dll
           C:\Program Files\dotnet\packs\Microsoft.NETCore.App.Ref\10.0.3\ref\net10.0\System.IO.Compression.FileSystem.dll
           C:\Program Files\dotnet\packs\Microsoft.NETCore.App.Ref\10.0.3\ref\net10.0\System.IO.Compression.ZipFile.dll
           C:\Program Files\dotnet\packs\Microsoft.NETCore.App.Ref\10.0.3\ref\net10.0\System.IO.dll
           C:\Program Files\dotnet\packs\Microsoft.NETCore.App.Ref\10.0.3\ref\net10.0\System.IO.FileSystem.AccessControl.dll
           C:\Program Files\dotnet\packs\Microsoft.NETCore.App.Ref\10.0.3\ref\net10.0\System.IO.FileSystem.dll
           C:\Program Files\dotnet\packs\Microsoft.NETCore.App.Ref\10.0.3\ref\net10.0\System.IO.FileSystem.DriveInfo.dll
           C:\Program Files\dotnet\packs\Microsoft.NETCore.App.Ref\10.0.3\ref\net10.0\System.IO.FileSystem.Primitives.dll
           C:\Program Files\dotnet\packs\Microsoft.NETCore.App.Ref\10.0.3\ref\net10.0\System.IO.FileSystem.Watcher.dll
           C:\Program Files\dotnet\packs\Microsoft.NETCore.App.Ref\10.0.3\ref\net10.0\System.IO.IsolatedStorage.dll
           C:\Program Files\dotnet\packs\Microsoft.NETCore.App.Ref\10.0.3\ref\net10.0\System.IO.MemoryMappedFiles.dll
           C:\Program Files\dotnet\packs\Microsoft.NETCore.App.Ref\10.0.3\ref\net10.0\System.IO.Pipelines.dll
           C:\Program Files\dotnet\packs\Microsoft.NETCore.App.Ref\10.0.3\ref\net10.0\System.IO.Pipes.AccessControl.dll
           C:\Program Files\dotnet\packs\Microsoft.NETCore.App.Ref\10.0.3\ref\net10.0\System.IO.Pipes.dll
           C:\Program Files\dotnet\packs\Microsoft.NETCore.App.Ref\10.0.3\ref\net10.0\System.IO.UnmanagedMemoryStream.dll
           C:\Program Files\dotnet\packs\Microsoft.NETCore.App.Ref\10.0.3\ref\net10.0\System.Linq.AsyncEnumerable.dll
           C:\Program Files\dotnet\packs\Microsoft.NETCore.App.Ref\10.0.3\ref\net10.0\System.Linq.dll
           C:\Program Files\dotnet\packs\Microsoft.NETCore.App.Ref\10.0.3\ref\net10.0\System.Linq.Expressions.dll
           C:\Program Files\dotnet\packs\Microsoft.NETCore.App.Ref\10.0.3\ref\net10.0\System.Linq.Parallel.dll
           C:\Program Files\dotnet\packs\Microsoft.NETCore.App.Ref\10.0.3\ref\net10.0\System.Linq.Queryable.dll
           C:\Program Files\dotnet\packs\Microsoft.NETCore.App.Ref\10.0.3\ref\net10.0\System.Memory.dll
           C:\Program Files\dotnet\packs\Microsoft.NETCore.App.Ref\10.0.3\ref\net10.0\System.Net.dll
           C:\Program Files\dotnet\packs\Microsoft.NETCore.App.Ref\10.0.3\ref\net10.0\System.Net.Http.dll
           C:\Program Files\dotnet\packs\Microsoft.NETCore.App.Ref\10.0.3\ref\net10.0\System.Net.Http.Json.dll
           C:\Program Files\dotnet\packs\Microsoft.NETCore.App.Ref\10.0.3\ref\net10.0\System.Net.HttpListener.dll
           C:\Program Files\dotnet\packs\Microsoft.NETCore.App.Ref\10.0.3\ref\net10.0\System.Net.Mail.dll
           C:\Program Files\dotnet\packs\Microsoft.NETCore.App.Ref\10.0.3\ref\net10.0\System.Net.NameResolution.dll
           C:\Program Files\dotnet\packs\Microsoft.NETCore.App.Ref\10.0.3\ref\net10.0\System.Net.NetworkInformation.dll
           C:\Program Files\dotnet\packs\Microsoft.NETCore.App.Ref\10.0.3\ref\net10.0\System.Net.Ping.dll
           C:\Program Files\dotnet\packs\Microsoft.NETCore.App.Ref\10.0.3\ref\net10.0\System.Net.Primitives.dll
           C:\Program Files\dotnet\packs\Microsoft.NETCore.App.Ref\10.0.3\ref\net10.0\System.Net.Quic.dll
           C:\Program Files\dotnet\packs\Microsoft.NETCore.App.Ref\10.0.3\ref\net10.0\System.Net.Requests.dll
           C:\Program Files\dotnet\packs\Microsoft.NETCore.App.Ref\10.0.3\ref\net10.0\System.Net.Security.dll
           C:\Program Files\dotnet\packs\Microsoft.NETCore.App.Ref\10.0.3\ref\net10.0\System.Net.ServerSentEvents.dll
           C:\Program Files\dotnet\packs\Microsoft.NETCore.App.Ref\10.0.3\ref\net10.0\System.Net.ServicePoint.dll
           C:\Program Files\dotnet\packs\Microsoft.NETCore.App.Ref\10.0.3\ref\net10.0\System.Net.Sockets.dll
           C:\Program Files\dotnet\packs\Microsoft.NETCore.App.Ref\10.0.3\ref\net10.0\System.Net.WebClient.dll
           C:\Program Files\dotnet\packs\Microsoft.NETCore.App.Ref\10.0.3\ref\net10.0\System.Net.WebHeaderCollection.dll
           C:\Program Files\dotnet\packs\Microsoft.NETCore.App.Ref\10.0.3\ref\net10.0\System.Net.WebProxy.dll
           C:\Program Files\dotnet\packs\Microsoft.NETCore.App.Ref\10.0.3\ref\net10.0\System.Net.WebSockets.Client.dll
           C:\Program Files\dotnet\packs\Microsoft.NETCore.App.Ref\10.0.3\ref\net10.0\System.Net.WebSockets.dll
           C:\Program Files\dotnet\packs\Microsoft.NETCore.App.Ref\10.0.3\ref\net10.0\System.Numerics.dll
           C:\Program Files\dotnet\packs\Microsoft.NETCore.App.Ref\10.0.3\ref\net10.0\System.Numerics.Vectors.dll
           C:\Program Files\dotnet\packs\Microsoft.NETCore.App.Ref\10.0.3\ref\net10.0\System.ObjectModel.dll
           C:\Program Files\dotnet\packs\Microsoft.NETCore.App.Ref\10.0.3\ref\net10.0\System.Reflection.DispatchProxy.dll
           C:\Program Files\dotnet\packs\Microsoft.NETCore.App.Ref\10.0.3\ref\net10.0\System.Reflection.dll
           C:\Program Files\dotnet\packs\Microsoft.NETCore.App.Ref\10.0.3\ref\net10.0\System.Reflection.Emit.dll
           C:\Program Files\dotnet\packs\Microsoft.NETCore.App.Ref\10.0.3\ref\net10.0\System.Reflection.Emit.ILGeneration.dll
           C:\Program Files\dotnet\packs\Microsoft.NETCore.App.Ref\10.0.3\ref\net10.0\System.Reflection.Emit.Lightweight.dll
           C:\Program Files\dotnet\packs\Microsoft.NETCore.App.Ref\10.0.3\ref\net10.0\System.Reflection.Extensions.dll
           C:\Program Files\dotnet\packs\Microsoft.NETCore.App.Ref\10.0.3\ref\net10.0\System.Reflection.Metadata.dll
           C:\Program Files\dotnet\packs\Microsoft.NETCore.App.Ref\10.0.3\ref\net10.0\System.Reflection.Primitives.dll
           C:\Program Files\dotnet\packs\Microsoft.NETCore.App.Ref\10.0.3\ref\net10.0\System.Reflection.TypeExtensions.dll
           C:\Program Files\dotnet\packs\Microsoft.NETCore.App.Ref\10.0.3\ref\net10.0\System.Resources.Reader.dll
           C:\Program Files\dotnet\packs\Microsoft.NETCore.App.Ref\10.0.3\ref\net10.0\System.Resources.ResourceManager.dll
           C:\Program Files\dotnet\packs\Microsoft.NETCore.App.Ref\10.0.3\ref\net10.0\System.Resources.Writer.dll
           C:\Program Files\dotnet\packs\Microsoft.NETCore.App.Ref\10.0.3\ref\net10.0\System.Runtime.CompilerServices.Unsafe.dll
           C:\Program Files\dotnet\packs\Microsoft.NETCore.App.Ref\10.0.3\ref\net10.0\System.Runtime.CompilerServices.VisualC.dll
           C:\Program Files\dotnet\packs\Microsoft.NETCore.App.Ref\10.0.3\ref\net10.0\System.Runtime.dll
           C:\Program Files\dotnet\packs\Microsoft.NETCore.App.Ref\10.0.3\ref\net10.0\System.Runtime.Extensions.dll
           C:\Program Files\dotnet\packs\Microsoft.NETCore.App.Ref\10.0.3\ref\net10.0\System.Runtime.Handles.dll
           C:\Program Files\dotnet\packs\Microsoft.NETCore.App.Ref\10.0.3\ref\net10.0\System.Runtime.InteropServices.dll
           C:\Program Files\dotnet\packs\Microsoft.NETCore.App.Ref\10.0.3\ref\net10.0\System.Runtime.InteropServices.JavaScript.dll
           C:\Program Files\dotnet\packs\Microsoft.NETCore.App.Ref\10.0.3\ref\net10.0\System.Runtime.InteropServices.RuntimeInformation.dll
           C:\Program Files\dotnet\packs\Microsoft.NETCore.App.Ref\10.0.3\ref\net10.0\System.Runtime.Intrinsics.dll
           C:\Program Files\dotnet\packs\Microsoft.NETCore.App.Ref\10.0.3\ref\net10.0\System.Runtime.Loader.dll
           C:\Program Files\dotnet\packs\Microsoft.NETCore.App.Ref\10.0.3\ref\net10.0\System.Runtime.Numerics.dll
           C:\Program Files\dotnet\packs\Microsoft.NETCore.App.Ref\10.0.3\ref\net10.0\System.Runtime.Serialization.dll
           C:\Program Files\dotnet\packs\Microsoft.NETCore.App.Ref\10.0.3\ref\net10.0\System.Runtime.Serialization.Formatters.dll
           C:\Program Files\dotnet\packs\Microsoft.NETCore.App.Ref\10.0.3\ref\net10.0\System.Runtime.Serialization.Json.dll
           C:\Program Files\dotnet\packs\Microsoft.NETCore.App.Ref\10.0.3\ref\net10.0\System.Runtime.Serialization.Primitives.dll
           C:\Program Files\dotnet\packs\Microsoft.NETCore.App.Ref\10.0.3\ref\net10.0\System.Runtime.Serialization.Xml.dll
           C:\Program Files\dotnet\packs\Microsoft.NETCore.App.Ref\10.0.3\ref\net10.0\System.Security.AccessControl.dll
           C:\Program Files\dotnet\packs\Microsoft.NETCore.App.Ref\10.0.3\ref\net10.0\System.Security.Claims.dll
           C:\Program Files\dotnet\packs\Microsoft.NETCore.App.Ref\10.0.3\ref\net10.0\System.Security.Cryptography.Algorithms.dll
           C:\Program Files\dotnet\packs\Microsoft.NETCore.App.Ref\10.0.3\ref\net10.0\System.Security.Cryptography.Cng.dll
           C:\Program Files\dotnet\packs\Microsoft.NETCore.App.Ref\10.0.3\ref\net10.0\System.Security.Cryptography.Csp.dll
           C:\Program Files\dotnet\packs\Microsoft.NETCore.App.Ref\10.0.3\ref\net10.0\System.Security.Cryptography.dll
           C:\Program Files\dotnet\packs\Microsoft.NETCore.App.Ref\10.0.3\ref\net10.0\System.Security.Cryptography.Encoding.dll
           C:\Program Files\dotnet\packs\Microsoft.NETCore.App.Ref\10.0.3\ref\net10.0\System.Security.Cryptography.OpenSsl.dll
           C:\Program Files\dotnet\packs\Microsoft.NETCore.App.Ref\10.0.3\ref\net10.0\System.Security.Cryptography.Primitives.dll
           C:\Program Files\dotnet\packs\Microsoft.NETCore.App.Ref\10.0.3\ref\net10.0\System.Security.Cryptography.X509Certificates.dll
           C:\Program Files\dotnet\packs\Microsoft.NETCore.App.Ref\10.0.3\ref\net10.0\System.Security.dll
           C:\Program Files\dotnet\packs\Microsoft.NETCore.App.Ref\10.0.3\ref\net10.0\System.Security.Principal.dll
           C:\Program Files\dotnet\packs\Microsoft.NETCore.App.Ref\10.0.3\ref\net10.0\System.Security.Principal.Windows.dll
           C:\Program Files\dotnet\packs\Microsoft.NETCore.App.Ref\10.0.3\ref\net10.0\System.Security.SecureString.dll
           C:\Program Files\dotnet\packs\Microsoft.NETCore.App.Ref\10.0.3\ref\net10.0\System.ServiceModel.Web.dll
           C:\Program Files\dotnet\packs\Microsoft.NETCore.App.Ref\10.0.3\ref\net10.0\System.ServiceProcess.dll
           C:\Program Files\dotnet\packs\Microsoft.NETCore.App.Ref\10.0.3\ref\net10.0\System.Text.Encoding.CodePages.dll
           C:\Program Files\dotnet\packs\Microsoft.NETCore.App.Ref\10.0.3\ref\net10.0\System.Text.Encoding.dll
           C:\Program Files\dotnet\packs\Microsoft.NETCore.App.Ref\10.0.3\ref\net10.0\System.Text.Encoding.Extensions.dll
           C:\Program Files\dotnet\packs\Microsoft.NETCore.App.Ref\10.0.3\ref\net10.0\System.Text.Encodings.Web.dll
           C:\Program Files\dotnet\packs\Microsoft.NETCore.App.Ref\10.0.3\ref\net10.0\System.Text.Json.dll
           C:\Program Files\dotnet\packs\Microsoft.NETCore.App.Ref\10.0.3\ref\net10.0\System.Text.RegularExpressions.dll
           C:\Program Files\dotnet\packs\Microsoft.NETCore.App.Ref\10.0.3\ref\net10.0\System.Threading.AccessControl.dll
           C:\Program Files\dotnet\packs\Microsoft.NETCore.App.Ref\10.0.3\ref\net10.0\System.Threading.Channels.dll
           C:\Program Files\dotnet\packs\Microsoft.NETCore.App.Ref\10.0.3\ref\net10.0\System.Threading.dll
           C:\Program Files\dotnet\packs\Microsoft.NETCore.App.Ref\10.0.3\ref\net10.0\System.Threading.Overlapped.dll
           C:\Program Files\dotnet\packs\Microsoft.NETCore.App.Ref\10.0.3\ref\net10.0\System.Threading.Tasks.Dataflow.dll
           C:\Program Files\dotnet\packs\Microsoft.NETCore.App.Ref\10.0.3\ref\net10.0\System.Threading.Tasks.dll
           C:\Program Files\dotnet\packs\Microsoft.NETCore.App.Ref\10.0.3\ref\net10.0\System.Threading.Tasks.Extensions.dll
           C:\Program Files\dotnet\packs\Microsoft.NETCore.App.Ref\10.0.3\ref\net10.0\System.Threading.Tasks.Parallel.dll
           C:\Program Files\dotnet\packs\Microsoft.NETCore.App.Ref\10.0.3\ref\net10.0\System.Threading.Thread.dll
           C:\Program Files\dotnet\packs\Microsoft.NETCore.App.Ref\10.0.3\ref\net10.0\System.Threading.ThreadPool.dll
           C:\Program Files\dotnet\packs\Microsoft.NETCore.App.Ref\10.0.3\ref\net10.0\System.Threading.Timer.dll
           C:\Program Files\dotnet\packs\Microsoft.NETCore.App.Ref\10.0.3\ref\net10.0\System.Transactions.dll
           C:\Program Files\dotnet\packs\Microsoft.NETCore.App.Ref\10.0.3\ref\net10.0\System.Transactions.Local.dll
           C:\Program Files\dotnet\packs\Microsoft.NETCore.App.Ref\10.0.3\ref\net10.0\System.ValueTuple.dll
           C:\Program Files\dotnet\packs\Microsoft.NETCore.App.Ref\10.0.3\ref\net10.0\System.Web.dll
           C:\Program Files\dotnet\packs\Microsoft.NETCore.App.Ref\10.0.3\ref\net10.0\System.Web.HttpUtility.dll
           C:\Program Files\dotnet\packs\Microsoft.NETCore.App.Ref\10.0.3\ref\net10.0\System.Windows.dll
           C:\Program Files\dotnet\packs\Microsoft.NETCore.App.Ref\10.0.3\ref\net10.0\System.Xml.dll
           C:\Program Files\dotnet\packs\Microsoft.NETCore.App.Ref\10.0.3\ref\net10.0\System.Xml.Linq.dll
           C:\Program Files\dotnet\packs\Microsoft.NETCore.App.Ref\10.0.3\ref\net10.0\System.Xml.ReaderWriter.dll
           C:\Program Files\dotnet\packs\Microsoft.NETCore.App.Ref\10.0.3\ref\net10.0\System.Xml.Serialization.dll
           C:\Program Files\dotnet\packs\Microsoft.NETCore.App.Ref\10.0.3\ref\net10.0\System.Xml.XDocument.dll
           C:\Program Files\dotnet\packs\Microsoft.NETCore.App.Ref\10.0.3\ref\net10.0\System.Xml.XmlDocument.dll
           C:\Program Files\dotnet\packs\Microsoft.NETCore.App.Ref\10.0.3\ref\net10.0\System.Xml.XmlSerializer.dll
           C:\Program Files\dotnet\packs\Microsoft.NETCore.App.Ref\10.0.3\ref\net10.0\System.Xml.XPath.dll
           C:\Program Files\dotnet\packs\Microsoft.NETCore.App.Ref\10.0.3\ref\net10.0\System.Xml.XPath.XDocument.dll
           c:\Apps\TicketConsolidator\src\TicketConsolidator.Domain\obj\Debug\net10.0\ref\TicketConsolidator.Domain.dll
           C:\Program Files\dotnet\packs\Microsoft.NETCore.App.Ref\10.0.3\ref\net10.0\WindowsBase.dll
           obj\Debug\net10.0\TicketConsolidator.Application.csproj.CoreCompileInputs.cache
           obj\Debug\net10.0\TicketConsolidator.Application.csproj.BuildWithSkipAnalyzers
           C:\Program Files\dotnet\sdk\10.0.103\Sdks\Microsoft.NET.Sdk\targets\..\analyzers\Microsoft.CodeAnalysis.CSharp.NetAnalyzers.dll
           C:\Program Files\dotnet\sdk\10.0.103\Sdks\Microsoft.NET.Sdk\targets\..\analyzers\Microsoft.CodeAnalysis.NetAnalyzers.dll
           C:\Program Files\dotnet\packs\Microsoft.NETCore.App.Ref\10.0.3\analyzers/dotnet/cs/Microsoft.Interop.ComInterfaceGenerator.dll
           C:\Program Files\dotnet\packs\Microsoft.NETCore.App.Ref\10.0.3\analyzers/dotnet/cs/Microsoft.Interop.JavaScript.JSImportGenerator.dll
           C:\Program Files\dotnet\packs\Microsoft.NETCore.App.Ref\10.0.3\analyzers/dotnet/cs/Microsoft.Interop.LibraryImportGenerator.dll
           C:\Program Files\dotnet\packs\Microsoft.NETCore.App.Ref\10.0.3\analyzers/dotnet/cs/Microsoft.Interop.SourceGeneration.dll
           C:\Program Files\dotnet\packs\Microsoft.NETCore.App.Ref\10.0.3\analyzers/dotnet/cs/System.Text.Json.SourceGeneration.dll
           C:\Program Files\dotnet\packs\Microsoft.NETCore.App.Ref\10.0.3\analyzers/dotnet/cs/System.Text.RegularExpressions.Generator.dll
           obj\Debug\net10.0\TicketConsolidator.Application.GeneratedMSBuildEditorConfig.editorconfig
           C:\Program Files\dotnet\sdk\10.0.103\Sdks\Microsoft.NET.Sdk\analyzers\build\config\analysislevel_10_default.globalconfig
           c:\Apps\TicketConsolidator\src\TicketConsolidator.Application\obj\TicketConsolidator.Application.csproj.nuget.g.props
           C:\Program Files\dotnet\sdk\10.0.103\Current\Microsoft.Common.targets\ImportAfter\Microsoft.TestPlatform.ImportAfter.targets
           obj\Debug\net10.0\TicketConsolidator.Application.sourcelink.json
       Output files: 
           obj\Debug\net10.0\TicketConsolidator.Application.dll
           obj\Debug\net10.0\refint\TicketConsolidator.Application.dll
           obj\Debug\net10.0\TicketConsolidator.Application.pdb
       C:\Program Files\dotnet\sdk\10.0.103\Roslyn\Microsoft.CSharp.Core.targets(66,7): message : Property reassignment: $(NoWarn)="1701;1702;1701;1702" (previous value: "1701;1702") at C:\Program Files\dotnet\sdk\10.0.103\Roslyn\Microsoft.CSharp.Core.targets (66,7) [c:\Apps\TicketConsolidator\src\TicketConsolidator.Application\TicketConsolidator.Application.csproj]
   2:9>Done building target "CoreCompile" in project "TicketConsolidator.Application.csproj".
   2:9>Target "AfterCompile" in file "C:\Program Files\dotnet\sdk\10.0.103\Microsoft.Common.CurrentVersion.targets" from project "c:\Apps\TicketConsolidator\src\TicketConsolidator.Application\TicketConsolidator.Application.csproj" (target "Compile" depends on it):
   2:9>Done building target "AfterCompile" in project "TicketConsolidator.Application.csproj".
   2:9>Target "Compile" in file "C:\Program Files\dotnet\sdk\10.0.103\Microsoft.Common.CurrentVersion.targets" from project "c:\Apps\TicketConsolidator\src\TicketConsolidator.Application\TicketConsolidator.Application.csproj" (target "CoreBuild" depends on it):
   2:9>Done building target "Compile" in project "TicketConsolidator.Application.csproj".
   2:9>Target "_GenerateSatelliteAssemblyInputs" in file "C:\Program Files\dotnet\sdk\10.0.103\Microsoft.Common.CurrentVersion.targets" from project "c:\Apps\TicketConsolidator\src\TicketConsolidator.Application\TicketConsolidator.Application.csproj" (target "CreateSatelliteAssemblies" depends on it):
   2:9>Done building target "_GenerateSatelliteAssemblyInputs" in project "TicketConsolidator.Application.csproj".
   2:9>Target "CreateSatelliteAssemblies" in file "C:\Program Files\dotnet\sdk\10.0.103\Microsoft.Common.CurrentVersion.targets" from project "c:\Apps\TicketConsolidator\src\TicketConsolidator.Application\TicketConsolidator.Application.csproj" (target "CoreBuild" depends on it):
   2:9>Done building target "CreateSatelliteAssemblies" in project "TicketConsolidator.Application.csproj".
   2:9>Target "GetTargetPathWithTargetPlatformMoniker" in file "C:\Program Files\dotnet\sdk\10.0.103\Microsoft.Common.CurrentVersion.targets" from project "c:\Apps\TicketConsolidator\src\TicketConsolidator.Application\TicketConsolidator.Application.csproj" (target "GetTargetPath" depends on it):
   2:9>Done building target "GetTargetPathWithTargetPlatformMoniker" in project "TicketConsolidator.Application.csproj".
   2:9>Target "GetTargetPath" in file "C:\Program Files\dotnet\sdk\10.0.103\Microsoft.Common.CurrentVersion.targets" from project "c:\Apps\TicketConsolidator\src\TicketConsolidator.Application\TicketConsolidator.Application.csproj" (target "CoreBuild" depends on it):
   2:9>Done building target "GetTargetPath" in project "TicketConsolidator.Application.csproj".
   2:9>Target "_CopyFilesMarkedCopyLocal" in file "C:\Program Files\dotnet\sdk\10.0.103\Microsoft.Common.CurrentVersion.targets" from project "c:\Apps\TicketConsolidator\src\TicketConsolidator.Application\TicketConsolidator.Application.csproj" (target "CopyFilesToOutputDirectory" depends on it):
       Using "Copy" task from assembly "Microsoft.Build.Tasks.Core, Version=15.1.0.0, Culture=neutral, PublicKeyToken=b03f5f7f11d50a3a".
       Task "Copy"
         Did not copy from file "c:\Apps\TicketConsolidator\src\TicketConsolidator.Domain\bin\Debug\net10.0\TicketConsolidator.Domain.dll" to file "bin\Debug\net10.0\TicketConsolidator.Domain.dll" because the "SkipUnchangedFiles" parameter was set to "true" in the project and the files' sizes and timestamps match.
         Did not copy from file "c:\Apps\TicketConsolidator\src\TicketConsolidator.Domain\bin\Debug\net10.0\TicketConsolidator.Domain.pdb" to file "bin\Debug\net10.0\TicketConsolidator.Domain.pdb" because the "SkipUnchangedFiles" parameter was set to "true" in the project and the files' sizes and timestamps match.
       Done executing task "Copy".
   2:9>Done building target "_CopyFilesMarkedCopyLocal" in project "TicketConsolidator.Application.csproj".
       Target "AssignTargetPaths" skipped. Previously built successfully.
       Target "AssignProjectConfiguration" skipped. Previously built successfully.
       Target "_SplitProjectReferencesByFileExistence" skipped. Previously built successfully.
       Target "_GetProjectReferenceTargetFrameworkProperties" skipped. Previously built successfully.
   2:9>Target "_PopulateCommonStateForGetCopyToOutputDirectoryItems" in file "C:\Program Files\dotnet\sdk\10.0.103\Microsoft.Common.CurrentVersion.targets" from project "c:\Apps\TicketConsolidator\src\TicketConsolidator.Application\TicketConsolidator.Application.csproj" (target "GetCopyToOutputDirectoryItems" depends on it):
   2:9>Done building target "_PopulateCommonStateForGetCopyToOutputDirectoryItems" in project "TicketConsolidator.Application.csproj".
   2:9>Target "GetCopyToOutputDirectoryItems" in file "C:\Program Files\dotnet\sdk\10.0.103\Microsoft.Common.CurrentVersion.targets" from project "c:\Apps\TicketConsolidator\src\TicketConsolidator.Application\TicketConsolidator.Application.csproj" (target "_CopySourceItemsToOutputDirectory" depends on it):
       Using "CallTarget" task from assembly "Microsoft.Build.Tasks.Core, Version=15.1.0.0, Culture=neutral, PublicKeyToken=b03f5f7f11d50a3a".
       Task "CallTarget"
       Target "_PopulateCommonStateForGetCopyToOutputDirectoryItems" skipped. Previously built successfully.
       Target "_AddOutputPathToGlobalPropertiesToRemove" skipped. Previously built successfully.
   2:9>Target "_GetCopyToOutputDirectoryItemsFromTransitiveProjectReferences" in file "C:\Program Files\dotnet\sdk\10.0.103\Microsoft.Common.CurrentVersion.targets" from project "c:\Apps\TicketConsolidator\src\TicketConsolidator.Application\TicketConsolidator.Application.csproj" (target "GetCopyToOutputDirectoryItems" depends on it):
       Task "MSBuild"
         Global Properties:
           Configuration=Debug
           Platform=AnyCPU
         Removing Properties for project "..\TicketConsolidator.Domain\TicketConsolidator.Domain.csproj":
           TargetFramework
           RuntimeIdentifier
           SelfContained
   2:9>Project "c:\Apps\TicketConsolidator\src\TicketConsolidator.Application\TicketConsolidator.Application.csproj" (2:9) is building "c:\Apps\TicketConsolidator\src\TicketConsolidator.Domain\TicketConsolidator.Domain.csproj" (7:22) on node 1 (GetCopyToOutputDirectoryItems target(s)).
  7:22>Target "GetCopyToOutputDirectoryItems" skipped. Previously built successfully.
  7:22>Done Building Project "c:\Apps\TicketConsolidator\src\TicketConsolidator.Domain\TicketConsolidator.Domain.csproj" (GetCopyToOutputDirectoryItems target(s)).
   2:9>Done executing task "MSBuild".
       Task "AssignTargetPath"
       Done executing task "AssignTargetPath".
   2:9>Done building target "_GetCopyToOutputDirectoryItemsFromTransitiveProjectReferences" in project "TicketConsolidator.Application.csproj".
       Done executing task "CallTarget".
       Task "CallTarget"
       Target "AssignTargetPaths" skipped. Previously built successfully.
       Target "_PopulateCommonStateForGetCopyToOutputDirectoryItems" skipped. Previously built successfully.
   2:9>Target "_GetCopyToOutputDirectoryItemsFromThisProject" in file "C:\Program Files\dotnet\sdk\10.0.103\Microsoft.Common.CurrentVersion.targets" from project "c:\Apps\TicketConsolidator\src\TicketConsolidator.Application\TicketConsolidator.Application.csproj" (target "GetCopyToOutputDirectoryItems" depends on it):
       Task "AssignTargetPath"
       Done executing task "AssignTargetPath".
   2:9>Done building target "_GetCopyToOutputDirectoryItemsFromThisProject" in project "TicketConsolidator.Application.csproj".
       Done executing task "CallTarget".
   2:9>Done building target "GetCopyToOutputDirectoryItems" in project "TicketConsolidator.Application.csproj".
   2:9>Target "_CopySourceItemsToOutputDirectory" in file "C:\Program Files\dotnet\sdk\10.0.103\Microsoft.Common.CurrentVersion.targets" from project "c:\Apps\TicketConsolidator\src\TicketConsolidator.Application\TicketConsolidator.Application.csproj" (target "CopyFilesToOutputDirectory" depends on it):
   2:9>Done building target "_CopySourceItemsToOutputDirectory" in project "TicketConsolidator.Application.csproj".
   2:9>Target "_CheckForCompileOutputs" in file "C:\Program Files\dotnet\sdk\10.0.103\Microsoft.Common.CurrentVersion.targets" from project "c:\Apps\TicketConsolidator\src\TicketConsolidator.Application\TicketConsolidator.Application.csproj" (target "CopyFilesToOutputDirectory" depends on it):
   2:9>Done building target "_CheckForCompileOutputs" in project "TicketConsolidator.Application.csproj".
       Target "_DefaultMicrosoftNETPlatformLibrary" skipped. Previously built successfully.
       Target "_HandlePackageFileConflicts" skipped. Previously built successfully.
       Target "ResolveAssemblyReferences" skipped. Previously built successfully.
   2:9>Target "_ComputeReferenceAssemblies" in file "C:\Program Files\dotnet\sdk\10.0.103\Sdks\Microsoft.NET.Sdk\targets\Microsoft.NET.Sdk.targets" from project "c:\Apps\TicketConsolidator\src\TicketConsolidator.Application\TicketConsolidator.Application.csproj" (target "GenerateBuildDependencyFile" depends on it):
   2:9>Done building target "_ComputeReferenceAssemblies" in project "TicketConsolidator.Application.csproj".
   2:9>Target "_ComputeUserRuntimeAssemblies" in file "C:\Program Files\dotnet\sdk\10.0.103\Sdks\Microsoft.NET.Sdk\targets\Microsoft.NET.Sdk.targets" from project "c:\Apps\TicketConsolidator\src\TicketConsolidator.Application\TicketConsolidator.Application.csproj" (target "GenerateBuildDependencyFile" depends on it):
   2:9>Done building target "_ComputeUserRuntimeAssemblies" in project "TicketConsolidator.Application.csproj".
       Target "_ComputePackageReferencePublish" skipped. Previously built successfully.
   2:9>Target "GenerateBuildDependencyFile" in file "C:\Program Files\dotnet\sdk\10.0.103\Sdks\Microsoft.NET.Sdk\targets\Microsoft.NET.Sdk.targets" from project "c:\Apps\TicketConsolidator\src\TicketConsolidator.Application\TicketConsolidator.Application.csproj" (target "CopyFilesToOutputDirectory" depends on it):
       Skipping target "GenerateBuildDependencyFile" because all output files are up-to-date with respect to the input files.
       Input files: 
           c:\Apps\TicketConsolidator\src\TicketConsolidator.Application\obj\project.assets.json
           c:\Apps\TicketConsolidator\src\TicketConsolidator.Application\obj\Debug\net10.0\TicketConsolidator.Application.assets.cache
           c:\Apps\TicketConsolidator\src\TicketConsolidator.Application\obj\TicketConsolidator.Application.csproj.nuget.g.props
           C:\Program Files\dotnet\sdk\10.0.103\Current\Microsoft.Common.targets\ImportAfter\Microsoft.TestPlatform.ImportAfter.targets
       Output files: c:\Apps\TicketConsolidator\src\TicketConsolidator.Application\bin\Debug\net10.0\TicketConsolidator.Application.deps.json
   2:9>Done building target "GenerateBuildDependencyFile" in project "TicketConsolidator.Application.csproj".
   2:9>Target "CopyFilesToOutputDirectory" in file "C:\Program Files\dotnet\sdk\10.0.103\Microsoft.Common.CurrentVersion.targets" from project "c:\Apps\TicketConsolidator\src\TicketConsolidator.Application\TicketConsolidator.Application.csproj" (target "PrepareForRun" depends on it):
       Task "Copy"
         Did not copy from file "obj\Debug\net10.0\TicketConsolidator.Application.dll" to file "bin\Debug\net10.0\TicketConsolidator.Application.dll" because the "SkipUnchangedFiles" parameter was set to "true" in the project and the files' sizes and timestamps match.
       Done executing task "Copy".
       Using "CopyRefAssembly" task from assembly "C:\Program Files\dotnet\sdk\10.0.103\Sdks\Microsoft.NET.Sdk\targets\..\..\..\Roslyn\Microsoft.Build.Tasks.CodeAnalysis.dll".
       Task "CopyRefAssembly"
         Reference assembly "c:\Apps\TicketConsolidator\src\TicketConsolidator.Application\obj\Debug\net10.0\ref\TicketConsolidator.Application.dll" already has latest information. Leaving it untouched.
       Done executing task "CopyRefAssembly".
       Task "Message"
         TicketConsolidator.Application -> c:\Apps\TicketConsolidator\src\TicketConsolidator.Application\bin\Debug\net10.0\TicketConsolidator.Application.dll
       Done executing task "Message".
       Task "Copy"
         Did not copy from file "obj\Debug\net10.0\TicketConsolidator.Application.pdb" to file "bin\Debug\net10.0\TicketConsolidator.Application.pdb" because the "SkipUnchangedFiles" parameter was set to "true" in the project and the files' sizes and timestamps match.
       Done executing task "Copy".
   2:9>Done building target "CopyFilesToOutputDirectory" in project "TicketConsolidator.Application.csproj".
   2:9>Target "PrepareForRun" in file "C:\Program Files\dotnet\sdk\10.0.103\Microsoft.Common.CurrentVersion.targets" from project "c:\Apps\TicketConsolidator\src\TicketConsolidator.Application\TicketConsolidator.Application.csproj" (target "CoreBuild" depends on it):
   2:9>Done building target "PrepareForRun" in project "TicketConsolidator.Application.csproj".
       Target "_CheckForCompileOutputs" skipped. Previously built successfully.
   2:9>Target "_CleanGetCurrentAndPriorFileWrites" in file "C:\Program Files\dotnet\sdk\10.0.103\Microsoft.Common.CurrentVersion.targets" from project "c:\Apps\TicketConsolidator\src\TicketConsolidator.Application\TicketConsolidator.Application.csproj" (target "IncrementalClean" depends on it):
       Using "ReadLinesFromFile" task from assembly "Microsoft.Build.Tasks.Core, Version=15.1.0.0, Culture=neutral, PublicKeyToken=b03f5f7f11d50a3a".
       Task "ReadLinesFromFile"
       Done executing task "ReadLinesFromFile".
       Task "ConvertToAbsolutePath"
       Done executing task "ConvertToAbsolutePath".
       Using "FindUnderPath" task from assembly "Microsoft.Build.Tasks.Core, Version=15.1.0.0, Culture=neutral, PublicKeyToken=b03f5f7f11d50a3a".
       Task "FindUnderPath"
         Comparison path is "c:\Apps\TicketConsolidator\src\TicketConsolidator.Application".
       Done executing task "FindUnderPath".
       Task "FindUnderPath"
         Comparison path is "bin\Debug\net10.0\".
       Done executing task "FindUnderPath".
       Task "FindUnderPath"
         Comparison path is "obj\Debug\net10.0\".
       Done executing task "FindUnderPath".
       Task "RemoveDuplicates"
       Done executing task "RemoveDuplicates".
   2:9>Done building target "_CleanGetCurrentAndPriorFileWrites" in project "TicketConsolidator.Application.csproj".
   2:9>Target "IncrementalClean" in file "C:\Program Files\dotnet\sdk\10.0.103\Microsoft.Common.CurrentVersion.targets" from project "c:\Apps\TicketConsolidator\src\TicketConsolidator.Application\TicketConsolidator.Application.csproj" (target "CoreBuild" depends on it):
       Task "FindUnderPath"
         Comparison path is "bin\Debug\net10.0\".
       Done executing task "FindUnderPath".
       Task "FindUnderPath"
         Comparison path is "obj\Debug\net10.0\".
       Done executing task "FindUnderPath".
       Using "Delete" task from assembly "Microsoft.Build.Tasks.Core, Version=15.1.0.0, Culture=neutral, PublicKeyToken=b03f5f7f11d50a3a".
       Task "Delete"
       Done executing task "Delete".
       Task "RemoveDuplicates"
       Done executing task "RemoveDuplicates".
   2:9>Done building target "IncrementalClean" in project "TicketConsolidator.Application.csproj".
       Target "GenerateBuildDependencyFile" skipped. Previously built successfully.
   2:9>Target "CoreBuild" in file "C:\Program Files\dotnet\sdk\10.0.103\Microsoft.Common.CurrentVersion.targets" from project "c:\Apps\TicketConsolidator\src\TicketConsolidator.Application\TicketConsolidator.Application.csproj" (target "Build" depends on it):
   2:9>Done building target "CoreBuild" in project "TicketConsolidator.Application.csproj".
   2:9>Target "AfterBuild" in file "C:\Program Files\dotnet\sdk\10.0.103\Microsoft.Common.CurrentVersion.targets" from project "c:\Apps\TicketConsolidator\src\TicketConsolidator.Application\TicketConsolidator.Application.csproj" (target "Build" depends on it):
   2:9>Done building target "AfterBuild" in project "TicketConsolidator.Application.csproj".
       Target "_CheckForInvalidConfigurationAndPlatform" skipped. Previously built successfully.
       Target "_CheckForInvalidConfigurationAndPlatform" skipped. Previously built successfully.
   2:9>Target "Build" in file "C:\Program Files\dotnet\sdk\10.0.103\Microsoft.Common.CurrentVersion.targets" from project "c:\Apps\TicketConsolidator\src\TicketConsolidator.Application\TicketConsolidator.Application.csproj" (entry point):
   2:9>Done building target "Build" in project "TicketConsolidator.Application.csproj".
   2:9>Target "_CheckContainersPackage" in file "C:\Program Files\dotnet\sdk\10.0.103\Containers\build\Microsoft.NET.Build.Containers.targets" from project "c:\Apps\TicketConsolidator\src\TicketConsolidator.Application\TicketConsolidator.Application.csproj" (entry point):
   2:9>Done building target "_CheckContainersPackage" in project "TicketConsolidator.Application.csproj".
   2:9>Done Building Project "c:\Apps\TicketConsolidator\src\TicketConsolidator.Application\TicketConsolidator.Application.csproj" (default targets).
   5:6>Project "c:\Apps\TicketConsolidator\src\TicketConsolidator.UI\TicketConsolidator.UI.csproj" (5:6) is building "c:\Apps\TicketConsolidator\src\TicketConsolidator.Application\TicketConsolidator.Application.csproj" (2:14) on node 3 (default targets).
  2:14>Target "Build" skipped. Previously built successfully.
  2:14>Done Building Project "c:\Apps\TicketConsolidator\src\TicketConsolidator.Application\TicketConsolidator.Application.csproj" (default targets).
   3:6>Project "c:\Apps\TicketConsolidator\tests\TicketConsolidator.UnitTests\TicketConsolidator.UnitTests.csproj" (3:6) is building "c:\Apps\TicketConsolidator\src\TicketConsolidator.Application\TicketConsolidator.Application.csproj" (2:15) on node 3 (default targets).
  2:15>Target "Build" skipped. Previously built successfully.
  2:15>Done Building Project "c:\Apps\TicketConsolidator\src\TicketConsolidator.Application\TicketConsolidator.Application.csproj" (default targets).
   4:9>Project "c:\Apps\TicketConsolidator\src\TicketConsolidator.Infrastructure\TicketConsolidator.Infrastructure.csproj" (4:9) is building "c:\Apps\TicketConsolidator\src\TicketConsolidator.Application\TicketConsolidator.Application.csproj" (2:16) on node 3 (default targets).
  2:16>Target "Build" skipped. Previously built successfully.
  2:16>Done Building Project "c:\Apps\TicketConsolidator\src\TicketConsolidator.Application\TicketConsolidator.Application.csproj" (default targets).
   6:6>Project "c:\Apps\TicketConsolidator\src\TicketConsolidator.Web\TicketConsolidator.Web.csproj" (6:6) is building "c:\Apps\TicketConsolidator\src\TicketConsolidator.Application\TicketConsolidator.Application.csproj" (2:17) on node 3 (default targets).
  2:17>Target "Build" skipped. Previously built successfully.
  2:17>Done Building Project "c:\Apps\TicketConsolidator\src\TicketConsolidator.Application\TicketConsolidator.Application.csproj" (default targets).
   4:9>Done executing task "MSBuild".
       Task "MSBuild"
         Global Properties:
           Configuration=Debug
           Platform=AnyCPU
         Removing Properties for project "..\TicketConsolidator.Application\TicketConsolidator.Application.csproj":
           TargetFramework
           RuntimeIdentifier
           SelfContained
         Removing Properties for project "..\TicketConsolidator.Domain\TicketConsolidator.Domain.csproj":
           TargetFramework
           RuntimeIdentifier
           SelfContained
   4:9>Project "c:\Apps\TicketConsolidator\src\TicketConsolidator.Infrastructure\TicketConsolidator.Infrastructure.csproj" (4:9) is building "c:\Apps\TicketConsolidator\src\TicketConsolidator.Domain\TicketConsolidator.Domain.csproj" (7:23) on node 1 (GetNativeManifest target(s)).
  7:23>Target "GetNativeManifest" skipped. Previously built successfully.
  7:23>Done Building Project "c:\Apps\TicketConsolidator\src\TicketConsolidator.Domain\TicketConsolidator.Domain.csproj" (GetNativeManifest target(s)).
   4:9>Project "c:\Apps\TicketConsolidator\src\TicketConsolidator.Infrastructure\TicketConsolidator.Infrastructure.csproj" (4:9) is building "c:\Apps\TicketConsolidator\src\TicketConsolidator.Application\TicketConsolidator.Application.csproj" (2:18) on node 3 (GetNativeManifest target(s)).
  2:18>Target "GetNativeManifest" in file "C:\Program Files\dotnet\sdk\10.0.103\Microsoft.Common.CurrentVersion.targets" from project "c:\Apps\TicketConsolidator\src\TicketConsolidator.Application\TicketConsolidator.Application.csproj" (entry point):
  2:18>Done building target "GetNativeManifest" in project "TicketConsolidator.Application.csproj".
  2:18>Done Building Project "c:\Apps\TicketConsolidator\src\TicketConsolidator.Application\TicketConsolidator.Application.csproj" (GetNativeManifest target(s)).
   4:9>Done executing task "MSBuild".
   4:9>Done building target "ResolveProjectReferences" in project "TicketConsolidator.Infrastructure.csproj".
   4:9>Target "RemoveManagedWinRTComponentWinMDReferences" in file "C:\Program Files\dotnet\sdk\10.0.103\Sdks\Microsoft.NET.Sdk\targets\Microsoft.NET.Windows.targets" from project "c:\Apps\TicketConsolidator\src\TicketConsolidator.Infrastructure\TicketConsolidator.Infrastructure.csproj" (target "ResolveReferences" depends on it):
   4:9>Done building target "RemoveManagedWinRTComponentWinMDReferences" in project "TicketConsolidator.Infrastructure.csproj".
       Target "ResolveProjectReferences" skipped. Previously built successfully.
       Target "GetFrameworkPaths" skipped. Previously built successfully.
       Target "GetReferenceAssemblyPaths" skipped. Previously built successfully.
       Target "PrepareForBuild" skipped. Previously built successfully.
   4:9>Target "ResolveSDKReferences" in file "C:\Program Files\dotnet\sdk\10.0.103\Microsoft.Common.CurrentVersion.targets" from project "c:\Apps\TicketConsolidator\src\TicketConsolidator.Infrastructure\TicketConsolidator.Infrastructure.csproj" (target "ResolveAssemblyReferences" depends on it):
   4:9>Done building target "ResolveSDKReferences" in project "TicketConsolidator.Infrastructure.csproj".
       Target "ResolveSDKReferences" skipped. Previously built successfully.
   4:9>Target "ExpandSDKReferences" in file "C:\Program Files\dotnet\sdk\10.0.103\Microsoft.Common.CurrentVersion.targets" from project "c:\Apps\TicketConsolidator\src\TicketConsolidator.Infrastructure\TicketConsolidator.Infrastructure.csproj" (target "ResolveAssemblyReferences" depends on it):
   4:9>Done building target "ExpandSDKReferences" in project "TicketConsolidator.Infrastructure.csproj".
       Target "ResolvePackageDependenciesForBuild" skipped. Previously built successfully.
       Target "GetFrameworkPaths" skipped. Previously built successfully.
       Target "GetReferenceAssemblyPaths" skipped. Previously built successfully.
       Target "ProcessFrameworkReferences" skipped. Previously built successfully.
       Target "ResolvePackageAssets" skipped. Previously built successfully.
   4:9>Target "ResolveFrameworkReferences" in file "C:\Program Files\dotnet\sdk\10.0.103\Sdks\Microsoft.NET.Sdk\targets\Microsoft.NET.Sdk.FrameworkReferenceResolution.targets" from project "c:\Apps\TicketConsolidator\src\TicketConsolidator.Infrastructure\TicketConsolidator.Infrastructure.csproj" (target "ResolveTargetingPackAssets" depends on it):
       Using "GetPackageDirectory" task from assembly "C:\Program Files\dotnet\sdk\10.0.103\Sdks\Microsoft.NET.Sdk\targets\..\tools\net10.0\Microsoft.NET.Build.Tasks.dll".
       Task "GetPackageDirectory"
       Done executing task "GetPackageDirectory".
       Task "GetPackageDirectory"
       Done executing task "GetPackageDirectory".
       Task "GetPackageDirectory"
       Done executing task "GetPackageDirectory".
       Task "GetPackageDirectory"
       Done executing task "GetPackageDirectory".
       Task "GetPackageDirectory"
       Done executing task "GetPackageDirectory".
       Task "GetPackageDirectory"
       Done executing task "GetPackageDirectory".
       Task "GetPackageDirectory"
       Done executing task "GetPackageDirectory".
       Task "GetPackageDirectory"
       Done executing task "GetPackageDirectory".
       Task "GetPackageDirectory"
       Done executing task "GetPackageDirectory".
       Task "GetPackageDirectory"
       Done executing task "GetPackageDirectory".
       Using "ResolveFrameworkReferences" task from assembly "C:\Program Files\dotnet\sdk\10.0.103\Sdks\Microsoft.NET.Sdk\targets\..\tools\net10.0\Microsoft.NET.Build.Tasks.dll".
       Task "ResolveFrameworkReferences"
       Done executing task "ResolveFrameworkReferences".
   4:9>Done building target "ResolveFrameworkReferences" in project "TicketConsolidator.Infrastructure.csproj".
   4:9>Target "ResolveTargetingPackAssets" in file "C:\Program Files\dotnet\sdk\10.0.103\Sdks\Microsoft.NET.Sdk\targets\Microsoft.NET.Sdk.FrameworkReferenceResolution.targets" from project "c:\Apps\TicketConsolidator\src\TicketConsolidator.Infrastructure\TicketConsolidator.Infrastructure.csproj" (target "_HandlePackageFileConflicts" depends on it):
       Using "ResolveTargetingPackAssets" task from assembly "C:\Program Files\dotnet\sdk\10.0.103\Sdks\Microsoft.NET.Sdk\targets\..\tools\net10.0\Microsoft.NET.Build.Tasks.dll".
       Task "ResolveTargetingPackAssets"
       Done executing task "ResolveTargetingPackAssets".
   4:9>Done building target "ResolveTargetingPackAssets" in project "TicketConsolidator.Infrastructure.csproj".
   4:9>Target "ResolveOffByDefaultAnalyzers" in file "C:\Program Files\dotnet\sdk\10.0.103\Sdks\Microsoft.NET.Sdk\targets\Microsoft.NET.Sdk.FrameworkReferenceResolution.targets" from project "c:\Apps\TicketConsolidator\src\TicketConsolidator.Infrastructure\TicketConsolidator.Infrastructure.csproj" (target "_HandlePackageFileConflicts" depends on it):
   4:9>Done building target "ResolveOffByDefaultAnalyzers" in project "TicketConsolidator.Infrastructure.csproj".
   4:9>Target "_HandlePackageFileConflicts" in file "C:\Program Files\dotnet\sdk\10.0.103\Sdks\Microsoft.NET.Sdk\targets\Microsoft.NET.ConflictResolution.targets" from project "c:\Apps\TicketConsolidator\src\TicketConsolidator.Infrastructure\TicketConsolidator.Infrastructure.csproj" (target "ResolveAssemblyReferences" depends on it):
       Using "ResolvePackageFileConflicts" task from assembly "C:\Program Files\dotnet\sdk\10.0.103\Sdks\Microsoft.NET.Sdk\targets\..\tools\net10.0\Microsoft.NET.Build.Tasks.dll".
       Task "ResolvePackageFileConflicts"
         Encountered conflict between 'Reference:C:\Program Files\dotnet\packs\Microsoft.NETCore.App.Ref\10.0.3\ref/net10.0/WindowsBase.dll' and 'Reference:C:\Program Files\dotnet\packs\Microsoft.WindowsDesktop.App.Ref\10.0.3\ref/net10.0/WindowsBase.dll'. Choosing 'Reference:C:\Program Files\dotnet\packs\Microsoft.WindowsDesktop.App.Ref\10.0.3\ref/net10.0/WindowsBase.dll' because AssemblyVersion '10.0.0.0' is greater than '4.0.0.0'.
         Encountered conflict between 'Platform:Microsoft.VisualBasic.dll' and 'Platform:Microsoft.VisualBasic.dll'. Choosing 'Platform:Microsoft.VisualBasic.dll' because AssemblyVersion '10.1.0.0' is greater than '10.0.0.0'.
         Encountered conflict between 'Platform:Microsoft.VisualBasic.dll' and 'Platform:Microsoft.VisualBasic.dll'. Choosing 'Platform:Microsoft.VisualBasic.dll' because AssemblyVersion '10.1.0.0' is greater than '10.0.0.0'.
         Encountered conflict between 'Platform:System.Drawing.dll' and 'Platform:System.Drawing.dll'. Choosing 'Platform:System.Drawing.dll' because AssemblyVersion '10.0.0.0' is greater than '4.0.0.0'.
         Encountered conflict between 'Platform:System.Drawing.dll' and 'Platform:System.Drawing.dll'. Choosing 'Platform:System.Drawing.dll' because AssemblyVersion '10.0.0.0' is greater than '4.0.0.0'.
         Encountered conflict between 'Platform:WindowsBase.dll' and 'Platform:WindowsBase.dll'. Choosing 'Platform:WindowsBase.dll' because AssemblyVersion '10.0.0.0' is greater than '4.0.0.0'.
         Encountered conflict between 'Platform:WindowsBase.dll' and 'Platform:WindowsBase.dll'. Choosing 'Platform:WindowsBase.dll' because AssemblyVersion '10.0.0.0' is greater than '4.0.0.0'.
         Encountered conflict between 'Platform:mscorlib.dll' and 'Platform:mscorlib.dll'. Could not determine winner due to equal file and assembly versions.
         Encountered conflict between 'Platform:System.dll' and 'Platform:System.dll'. Could not determine winner due to equal file and assembly versions.
         Encountered conflict between 'Platform:System.ComponentModel.DataAnnotations.dll' and 'Platform:System.ComponentModel.DataAnnotations.dll'. Could not determine winner due to equal file and assembly versions.
         Encountered conflict between 'Platform:System.Configuration.dll' and 'Platform:System.Configuration.dll'. Could not determine winner due to equal file and assembly versions.
         Encountered conflict between 'Platform:System.Core.dll' and 'Platform:System.Core.dll'. Could not determine winner due to equal file and assembly versions.
         Encountered conflict between 'Platform:System.Data.dll' and 'Platform:System.Data.dll'. Could not determine winner due to equal file and assembly versions.
         Encountered conflict between 'Platform:System.IO.Compression.FileSystem.dll' and 'Platform:System.IO.Compression.FileSystem.dll'. Could not determine winner due to equal file and assembly versions.
         Encountered conflict between 'Platform:System.Net.dll' and 'Platform:System.Net.dll'. Could not determine winner due to equal file and assembly versions.
         Encountered conflict between 'Platform:System.Numerics.dll' and 'Platform:System.Numerics.dll'. Could not determine winner due to equal file and assembly versions.
         Encountered conflict between 'Platform:System.Runtime.Serialization.dll' and 'Platform:System.Runtime.Serialization.dll'. Could not determine winner due to equal file and assembly versions.
         Encountered conflict between 'Platform:System.Security.dll' and 'Platform:System.Security.dll'. Could not determine winner due to equal file and assembly versions.
         Encountered conflict between 'Platform:System.ServiceProcess.dll' and 'Platform:System.ServiceProcess.dll'. Could not determine winner due to equal file and assembly versions.
         Encountered conflict between 'Platform:System.ServiceModel.Web.dll' and 'Platform:System.ServiceModel.Web.dll'. Could not determine winner due to equal file and assembly versions.
         Encountered conflict between 'Platform:System.Transactions.dll' and 'Platform:System.Transactions.dll'. Could not determine winner due to equal file and assembly versions.
         Encountered conflict between 'Platform:System.Web.dll' and 'Platform:System.Web.dll'. Could not determine winner due to equal file and assembly versions.
         Encountered conflict between 'Platform:System.Windows.dll' and 'Platform:System.Windows.dll'. Could not determine winner due to equal file and assembly versions.
         Encountered conflict between 'Platform:System.Xml.dll' and 'Platform:System.Xml.dll'. Could not determine winner due to equal file and assembly versions.
         Encountered conflict between 'Platform:System.Xml.Serialization.dll' and 'Platform:System.Xml.Serialization.dll'. Could not determine winner due to equal file and assembly versions.
         Encountered conflict between 'Platform:System.Xml.Linq.dll' and 'Platform:System.Xml.Linq.dll'. Could not determine winner due to equal file and assembly versions.
         Encountered conflict between 'Platform:netstandard.dll' and 'Platform:netstandard.dll'. Could not determine winner due to equal file and assembly versions.
         Encountered conflict between 'Platform:System.Private.CoreLib.dll' and 'Platform:System.Private.CoreLib.dll'. Could not determine winner due to equal file and assembly versions.
         Encountered conflict between 'Platform:System.Private.DataContractSerialization.dll' and 'Platform:System.Private.DataContractSerialization.dll'. Could not determine winner due to equal file and assembly versions.
         Encountered conflict between 'Platform:System.Private.Uri.dll' and 'Platform:System.Private.Uri.dll'. Could not determine winner due to equal file and assembly versions.
         Encountered conflict between 'Platform:System.Private.Xml.dll' and 'Platform:System.Private.Xml.dll'. Could not determine winner due to equal file and assembly versions.
         Encountered conflict between 'Platform:System.Private.Xml.Linq.dll' and 'Platform:System.Private.Xml.Linq.dll'. Could not determine winner due to equal file and assembly versions.
         Encountered conflict between 'Platform:mscordaccore_amd64_amd64_10.0.326.7603.dll' and 'Platform:mscordaccore_amd64_amd64_10.0.326.7603.dll'. Could not determine winner due to equal file and assembly versions.
       Done executing task "ResolvePackageFileConflicts".
   4:9>Done building target "_HandlePackageFileConflicts" in project "TicketConsolidator.Infrastructure.csproj".
       Target "ResolveTargetingPackAssets" skipped. Previously built successfully.
   4:9>Target "ResolveAssemblyReferences" in file "C:\Program Files\dotnet\sdk\10.0.103\Microsoft.Common.CurrentVersion.targets" from project "c:\Apps\TicketConsolidator\src\TicketConsolidator.Infrastructure\TicketConsolidator.Infrastructure.csproj" (target "ResolveReferences" depends on it):
       Using "ResolveAssemblyReference" task from assembly "Microsoft.Build.Tasks.Core, Version=15.1.0.0, Culture=neutral, PublicKeyToken=b03f5f7f11d50a3a".
       Task "ResolveAssemblyReference"
         TargetFrameworkMoniker:
             .NETCoreApp,Version=v10.0
         TargetFrameworkMonikerDisplayName:
             .NET 10.0
         TargetedRuntimeVersion:
             
         Assemblies:
             C:\Users\krish.maniar.ATPL-LAP-723\.nuget\packages\microsoft.extensions.configuration\10.0.1\lib\net10.0\Microsoft.Extensions.Configuration.dll
                 Private = 'false'
                 HintPath = 'C:\Users\krish.maniar.ATPL-LAP-723\.nuget\packages\microsoft.extensions.configuration\10.0.1\lib\net10.0\Microsoft.Extensions.Configuration.dll'
             C:\Users\krish.maniar.ATPL-LAP-723\.nuget\packages\microsoft.extensions.configuration.abstractions\10.0.1\lib\net10.0\Microsoft.Extensions.Configuration.Abstractions.dll
                 Private = 'false'
                 HintPath = 'C:\Users\krish.maniar.ATPL-LAP-723\.nuget\packages\microsoft.extensions.configuration.abstractions\10.0.1\lib\net10.0\Microsoft.Extensions.Configuration.Abstractions.dll'
             C:\Users\krish.maniar.ATPL-LAP-723\.nuget\packages\microsoft.extensions.configuration.binder\10.0.1\lib\net10.0\Microsoft.Extensions.Configuration.Binder.dll
                 Private = 'false'
                 HintPath = 'C:\Users\krish.maniar.ATPL-LAP-723\.nuget\packages\microsoft.extensions.configuration.binder\10.0.1\lib\net10.0\Microsoft.Extensions.Configuration.Binder.dll'
             C:\Users\krish.maniar.ATPL-LAP-723\.nuget\packages\microsoft.extensions.configuration.fileextensions\10.0.1\lib\net10.0\Microsoft.Extensions.Configuration.FileExtensions.dll
                 Private = 'false'
                 HintPath = 'C:\Users\krish.maniar.ATPL-LAP-723\.nuget\packages\microsoft.extensions.configuration.fileextensions\10.0.1\lib\net10.0\Microsoft.Extensions.Configuration.FileExtensions.dll'
             C:\Users\krish.maniar.ATPL-LAP-723\.nuget\packages\microsoft.extensions.configuration.json\10.0.1\lib\net10.0\Microsoft.Extensions.Configuration.Json.dll
                 Private = 'false'
                 HintPath = 'C:\Users\krish.maniar.ATPL-LAP-723\.nuget\packages\microsoft.extensions.configuration.json\10.0.1\lib\net10.0\Microsoft.Extensions.Configuration.Json.dll'
             C:\Users\krish.maniar.ATPL-LAP-723\.nuget\packages\microsoft.extensions.fileproviders.abstractions\10.0.1\lib\net10.0\Microsoft.Extensions.FileProviders.Abstractions.dll
                 Private = 'false'
                 HintPath = 'C:\Users\krish.maniar.ATPL-LAP-723\.nuget\packages\microsoft.extensions.fileproviders.abstractions\10.0.1\lib\net10.0\Microsoft.Extensions.FileProviders.Abstractions.dll'
             C:\Users\krish.maniar.ATPL-LAP-723\.nuget\packages\microsoft.extensions.fileproviders.physical\10.0.1\lib\net10.0\Microsoft.Extensions.FileProviders.Physical.dll
                 Private = 'false'
                 HintPath = 'C:\Users\krish.maniar.ATPL-LAP-723\.nuget\packages\microsoft.extensions.fileproviders.physical\10.0.1\lib\net10.0\Microsoft.Extensions.FileProviders.Physical.dll'
             C:\Users\krish.maniar.ATPL-LAP-723\.nuget\packages\microsoft.extensions.filesystemglobbing\10.0.1\lib\net10.0\Microsoft.Extensions.FileSystemGlobbing.dll
                 Private = 'false'
                 HintPath = 'C:\Users\krish.maniar.ATPL-LAP-723\.nuget\packages\microsoft.extensions.filesystemglobbing\10.0.1\lib\net10.0\Microsoft.Extensions.FileSystemGlobbing.dll'
             C:\Users\krish.maniar.ATPL-LAP-723\.nuget\packages\microsoft.extensions.primitives\10.0.1\lib\net10.0\Microsoft.Extensions.Primitives.dll
                 Private = 'false'
                 HintPath = 'C:\Users\krish.maniar.ATPL-LAP-723\.nuget\packages\microsoft.extensions.primitives\10.0.1\lib\net10.0\Microsoft.Extensions.Primitives.dll'
             C:\Users\krish.maniar.ATPL-LAP-723\.nuget\packages\system.data.sqlclient\4.9.0\lib\net8.0\System.Data.SqlClient.dll
                 Private = 'false'
                 HintPath = 'C:\Users\krish.maniar.ATPL-LAP-723\.nuget\packages\system.data.sqlclient\4.9.0\lib\net8.0\System.Data.SqlClient.dll'
             C:\Program Files\dotnet\packs\Microsoft.NETCore.App.Ref\10.0.3\ref/net10.0/Microsoft.CSharp.dll
                 Private = 'false'
             C:\Program Files\dotnet\packs\Microsoft.NETCore.App.Ref\10.0.3\ref/net10.0/Microsoft.VisualBasic.Core.dll
                 Private = 'false'
             C:\Program Files\dotnet\packs\Microsoft.NETCore.App.Ref\10.0.3\ref/net10.0/Microsoft.VisualBasic.dll
                 Private = 'false'
             C:\Program Files\dotnet\packs\Microsoft.NETCore.App.Ref\10.0.3\ref/net10.0/Microsoft.Win32.Primitives.dll
                 Private = 'false'
             C:\Program Files\dotnet\packs\Microsoft.NETCore.App.Ref\10.0.3\ref/net10.0/Microsoft.Win32.Registry.dll
                 Private = 'false'
             C:\Program Files\dotnet\packs\Microsoft.NETCore.App.Ref\10.0.3\ref/net10.0/System.AppContext.dll
                 Private = 'false'
             C:\Program Files\dotnet\packs\Microsoft.NETCore.App.Ref\10.0.3\ref/net10.0/System.Buffers.dll
                 Private = 'false'
             C:\Program Files\dotnet\packs\Microsoft.NETCore.App.Ref\10.0.3\ref/net10.0/System.Collections.Concurrent.dll
                 Private = 'false'
             C:\Program Files\dotnet\packs\Microsoft.NETCore.App.Ref\10.0.3\ref/net10.0/System.Collections.Immutable.dll
                 Private = 'false'
             C:\Program Files\dotnet\packs\Microsoft.NETCore.App.Ref\10.0.3\ref/net10.0/System.Collections.NonGeneric.dll
                 Private = 'false'
             C:\Program Files\dotnet\packs\Microsoft.NETCore.App.Ref\10.0.3\ref/net10.0/System.Collections.Specialized.dll
                 Private = 'false'
             C:\Program Files\dotnet\packs\Microsoft.NETCore.App.Ref\10.0.3\ref/net10.0/System.Collections.dll
                 Private = 'false'
             C:\Program Files\dotnet\packs\Microsoft.NETCore.App.Ref\10.0.3\ref/net10.0/System.ComponentModel.Annotations.dll
                 Private = 'false'
             C:\Program Files\dotnet\packs\Microsoft.NETCore.App.Ref\10.0.3\ref/net10.0/System.ComponentModel.DataAnnotations.dll
                 Private = 'false'
             C:\Program Files\dotnet\packs\Microsoft.NETCore.App.Ref\10.0.3\ref/net10.0/System.ComponentModel.EventBasedAsync.dll
                 Private = 'false'
             C:\Program Files\dotnet\packs\Microsoft.NETCore.App.Ref\10.0.3\ref/net10.0/System.ComponentModel.Primitives.dll
                 Private = 'false'
             C:\Program Files\dotnet\packs\Microsoft.NETCore.App.Ref\10.0.3\ref/net10.0/System.ComponentModel.TypeConverter.dll
                 Private = 'false'
             C:\Program Files\dotnet\packs\Microsoft.NETCore.App.Ref\10.0.3\ref/net10.0/System.ComponentModel.dll
                 Private = 'false'
             C:\Program Files\dotnet\packs\Microsoft.NETCore.App.Ref\10.0.3\ref/net10.0/System.Configuration.dll
                 Private = 'false'
             C:\Program Files\dotnet\packs\Microsoft.NETCore.App.Ref\10.0.3\ref/net10.0/System.Console.dll
                 Private = 'false'
             C:\Program Files\dotnet\packs\Microsoft.NETCore.App.Ref\10.0.3\ref/net10.0/System.Core.dll
                 Private = 'false'
             C:\Program Files\dotnet\packs\Microsoft.NETCore.App.Ref\10.0.3\ref/net10.0/System.Data.Common.dll
                 Private = 'false'
             C:\Program Files\dotnet\packs\Microsoft.NETCore.App.Ref\10.0.3\ref/net10.0/System.Data.DataSetExtensions.dll
                 Private = 'false'
             C:\Program Files\dotnet\packs\Microsoft.NETCore.App.Ref\10.0.3\ref/net10.0/System.Data.dll
                 Private = 'false'
             C:\Program Files\dotnet\packs\Microsoft.NETCore.App.Ref\10.0.3\ref/net10.0/System.Diagnostics.Contracts.dll
                 Private = 'false'
             C:\Program Files\dotnet\packs\Microsoft.NETCore.App.Ref\10.0.3\ref/net10.0/System.Diagnostics.Debug.dll
                 Private = 'false'
             C:\Program Files\dotnet\packs\Microsoft.NETCore.App.Ref\10.0.3\ref/net10.0/System.Diagnostics.DiagnosticSource.dll
                 Private = 'false'
             C:\Program Files\dotnet\packs\Microsoft.NETCore.App.Ref\10.0.3\ref/net10.0/System.Diagnostics.FileVersionInfo.dll
                 Private = 'false'
             C:\Program Files\dotnet\packs\Microsoft.NETCore.App.Ref\10.0.3\ref/net10.0/System.Diagnostics.Process.dll
                 Private = 'false'
             C:\Program Files\dotnet\packs\Microsoft.NETCore.App.Ref\10.0.3\ref/net10.0/System.Diagnostics.StackTrace.dll
                 Private = 'false'
             C:\Program Files\dotnet\packs\Microsoft.NETCore.App.Ref\10.0.3\ref/net10.0/System.Diagnostics.TextWriterTraceListener.dll
                 Private = 'false'
             C:\Program Files\dotnet\packs\Microsoft.NETCore.App.Ref\10.0.3\ref/net10.0/System.Diagnostics.Tools.dll
                 Private = 'false'
             C:\Program Files\dotnet\packs\Microsoft.NETCore.App.Ref\10.0.3\ref/net10.0/System.Diagnostics.TraceSource.dll
                 Private = 'false'
             C:\Program Files\dotnet\packs\Microsoft.NETCore.App.Ref\10.0.3\ref/net10.0/System.Diagnostics.Tracing.dll
                 Private = 'false'
             C:\Program Files\dotnet\packs\Microsoft.NETCore.App.Ref\10.0.3\ref/net10.0/System.Drawing.Primitives.dll
                 Private = 'false'
             C:\Program Files\dotnet\packs\Microsoft.NETCore.App.Ref\10.0.3\ref/net10.0/System.Drawing.dll
                 Private = 'false'
             C:\Program Files\dotnet\packs\Microsoft.NETCore.App.Ref\10.0.3\ref/net10.0/System.Dynamic.Runtime.dll
                 Private = 'false'
             C:\Program Files\dotnet\packs\Microsoft.NETCore.App.Ref\10.0.3\ref/net10.0/System.Formats.Asn1.dll
                 Private = 'false'
             C:\Program Files\dotnet\packs\Microsoft.NETCore.App.Ref\10.0.3\ref/net10.0/System.Formats.Tar.dll
                 Private = 'false'
             C:\Program Files\dotnet\packs\Microsoft.NETCore.App.Ref\10.0.3\ref/net10.0/System.Globalization.Calendars.dll
                 Private = 'false'
             C:\Program Files\dotnet\packs\Microsoft.NETCore.App.Ref\10.0.3\ref/net10.0/System.Globalization.Extensions.dll
                 Private = 'false'
             C:\Program Files\dotnet\packs\Microsoft.NETCore.App.Ref\10.0.3\ref/net10.0/System.Globalization.dll
                 Private = 'false'
             C:\Program Files\dotnet\packs\Microsoft.NETCore.App.Ref\10.0.3\ref/net10.0/System.IO.Compression.Brotli.dll
                 Private = 'false'
             C:\Program Files\dotnet\packs\Microsoft.NETCore.App.Ref\10.0.3\ref/net10.0/System.IO.Compression.FileSystem.dll
                 Private = 'false'
             C:\Program Files\dotnet\packs\Microsoft.NETCore.App.Ref\10.0.3\ref/net10.0/System.IO.Compression.ZipFile.dll
                 Private = 'false'
             C:\Program Files\dotnet\packs\Microsoft.NETCore.App.Ref\10.0.3\ref/net10.0/System.IO.Compression.dll
                 Private = 'false'
             C:\Program Files\dotnet\packs\Microsoft.NETCore.App.Ref\10.0.3\ref/net10.0/System.IO.FileSystem.AccessControl.dll
                 Private = 'false'
             C:\Program Files\dotnet\packs\Microsoft.NETCore.App.Ref\10.0.3\ref/net10.0/System.IO.FileSystem.DriveInfo.dll
                 Private = 'false'
             C:\Program Files\dotnet\packs\Microsoft.NETCore.App.Ref\10.0.3\ref/net10.0/System.IO.FileSystem.Primitives.dll
                 Private = 'false'
             C:\Program Files\dotnet\packs\Microsoft.NETCore.App.Ref\10.0.3\ref/net10.0/System.IO.FileSystem.Watcher.dll
                 Private = 'false'
             C:\Program Files\dotnet\packs\Microsoft.NETCore.App.Ref\10.0.3\ref/net10.0/System.IO.FileSystem.dll
                 Private = 'false'
             C:\Program Files\dotnet\packs\Microsoft.NETCore.App.Ref\10.0.3\ref/net10.0/System.IO.IsolatedStorage.dll
                 Private = 'false'
             C:\Program Files\dotnet\packs\Microsoft.NETCore.App.Ref\10.0.3\ref/net10.0/System.IO.MemoryMappedFiles.dll
                 Private = 'false'
             C:\Program Files\dotnet\packs\Microsoft.NETCore.App.Ref\10.0.3\ref/net10.0/System.IO.Pipelines.dll
                 Private = 'false'
             C:\Program Files\dotnet\packs\Microsoft.NETCore.App.Ref\10.0.3\ref/net10.0/System.IO.Pipes.AccessControl.dll
                 Private = 'false'
             C:\Program Files\dotnet\packs\Microsoft.NETCore.App.Ref\10.0.3\ref/net10.0/System.IO.Pipes.dll
                 Private = 'false'
             C:\Program Files\dotnet\packs\Microsoft.NETCore.App.Ref\10.0.3\ref/net10.0/System.IO.UnmanagedMemoryStream.dll
                 Private = 'false'
             C:\Program Files\dotnet\packs\Microsoft.NETCore.App.Ref\10.0.3\ref/net10.0/System.IO.dll
                 Private = 'false'
             C:\Program Files\dotnet\packs\Microsoft.NETCore.App.Ref\10.0.3\ref/net10.0/System.Linq.AsyncEnumerable.dll
                 Private = 'false'
             C:\Program Files\dotnet\packs\Microsoft.NETCore.App.Ref\10.0.3\ref/net10.0/System.Linq.Expressions.dll
                 Private = 'false'
             C:\Program Files\dotnet\packs\Microsoft.NETCore.App.Ref\10.0.3\ref/net10.0/System.Linq.Parallel.dll
                 Private = 'false'
             C:\Program Files\dotnet\packs\Microsoft.NETCore.App.Ref\10.0.3\ref/net10.0/System.Linq.Queryable.dll
                 Private = 'false'
             C:\Program Files\dotnet\packs\Microsoft.NETCore.App.Ref\10.0.3\ref/net10.0/System.Linq.dll
                 Private = 'false'
             C:\Program Files\dotnet\packs\Microsoft.NETCore.App.Ref\10.0.3\ref/net10.0/System.Memory.dll
                 Private = 'false'
             C:\Program Files\dotnet\packs\Microsoft.NETCore.App.Ref\10.0.3\ref/net10.0/System.Net.Http.Json.dll
                 Private = 'false'
             C:\Program Files\dotnet\packs\Microsoft.NETCore.App.Ref\10.0.3\ref/net10.0/System.Net.Http.dll
                 Private = 'false'
             C:\Program Files\dotnet\packs\Microsoft.NETCore.App.Ref\10.0.3\ref/net10.0/System.Net.HttpListener.dll
                 Private = 'false'
             C:\Program Files\dotnet\packs\Microsoft.NETCore.App.Ref\10.0.3\ref/net10.0/System.Net.Mail.dll
                 Private = 'false'
             C:\Program Files\dotnet\packs\Microsoft.NETCore.App.Ref\10.0.3\ref/net10.0/System.Net.NameResolution.dll
                 Private = 'false'
             C:\Program Files\dotnet\packs\Microsoft.NETCore.App.Ref\10.0.3\ref/net10.0/System.Net.NetworkInformation.dll
                 Private = 'false'
             C:\Program Files\dotnet\packs\Microsoft.NETCore.App.Ref\10.0.3\ref/net10.0/System.Net.Ping.dll
                 Private = 'false'
             C:\Program Files\dotnet\packs\Microsoft.NETCore.App.Ref\10.0.3\ref/net10.0/System.Net.Primitives.dll
                 Private = 'false'
             C:\Program Files\dotnet\packs\Microsoft.NETCore.App.Ref\10.0.3\ref/net10.0/System.Net.Quic.dll
                 Private = 'false'
             C:\Program Files\dotnet\packs\Microsoft.NETCore.App.Ref\10.0.3\ref/net10.0/System.Net.Requests.dll
                 Private = 'false'
             C:\Program Files\dotnet\packs\Microsoft.NETCore.App.Ref\10.0.3\ref/net10.0/System.Net.Security.dll
                 Private = 'false'
             C:\Program Files\dotnet\packs\Microsoft.NETCore.App.Ref\10.0.3\ref/net10.0/System.Net.ServerSentEvents.dll
                 Private = 'false'
             C:\Program Files\dotnet\packs\Microsoft.NETCore.App.Ref\10.0.3\ref/net10.0/System.Net.ServicePoint.dll
                 Private = 'false'
             C:\Program Files\dotnet\packs\Microsoft.NETCore.App.Ref\10.0.3\ref/net10.0/System.Net.Sockets.dll
                 Private = 'false'
             C:\Program Files\dotnet\packs\Microsoft.NETCore.App.Ref\10.0.3\ref/net10.0/System.Net.WebClient.dll
                 Private = 'false'
             C:\Program Files\dotnet\packs\Microsoft.NETCore.App.Ref\10.0.3\ref/net10.0/System.Net.WebHeaderCollection.dll
                 Private = 'false'
             C:\Program Files\dotnet\packs\Microsoft.NETCore.App.Ref\10.0.3\ref/net10.0/System.Net.WebProxy.dll
                 Private = 'false'
             C:\Program Files\dotnet\packs\Microsoft.NETCore.App.Ref\10.0.3\ref/net10.0/System.Net.WebSockets.Client.dll
                 Private = 'false'
             C:\Program Files\dotnet\packs\Microsoft.NETCore.App.Ref\10.0.3\ref/net10.0/System.Net.WebSockets.dll
                 Private = 'false'
             C:\Program Files\dotnet\packs\Microsoft.NETCore.App.Ref\10.0.3\ref/net10.0/System.Net.dll
                 Private = 'false'
             C:\Program Files\dotnet\packs\Microsoft.NETCore.App.Ref\10.0.3\ref/net10.0/System.Numerics.Vectors.dll
                 Private = 'false'
             C:\Program Files\dotnet\packs\Microsoft.NETCore.App.Ref\10.0.3\ref/net10.0/System.Numerics.dll
                 Private = 'false'
             C:\Program Files\dotnet\packs\Microsoft.NETCore.App.Ref\10.0.3\ref/net10.0/System.ObjectModel.dll
                 Private = 'false'
             C:\Program Files\dotnet\packs\Microsoft.NETCore.App.Ref\10.0.3\ref/net10.0/System.Reflection.DispatchProxy.dll
                 Private = 'false'
             C:\Program Files\dotnet\packs\Microsoft.NETCore.App.Ref\10.0.3\ref/net10.0/System.Reflection.Emit.ILGeneration.dll
                 Private = 'false'
             C:\Program Files\dotnet\packs\Microsoft.NETCore.App.Ref\10.0.3\ref/net10.0/System.Reflection.Emit.Lightweight.dll
                 Private = 'false'
             C:\Program Files\dotnet\packs\Microsoft.NETCore.App.Ref\10.0.3\ref/net10.0/System.Reflection.Emit.dll
                 Private = 'false'
             C:\Program Files\dotnet\packs\Microsoft.NETCore.App.Ref\10.0.3\ref/net10.0/System.Reflection.Extensions.dll
                 Private = 'false'
             C:\Program Files\dotnet\packs\Microsoft.NETCore.App.Ref\10.0.3\ref/net10.0/System.Reflection.Metadata.dll
                 Private = 'false'
             C:\Program Files\dotnet\packs\Microsoft.NETCore.App.Ref\10.0.3\ref/net10.0/System.Reflection.Primitives.dll
                 Private = 'false'
             C:\Program Files\dotnet\packs\Microsoft.NETCore.App.Ref\10.0.3\ref/net10.0/System.Reflection.TypeExtensions.dll
                 Private = 'false'
             C:\Program Files\dotnet\packs\Microsoft.NETCore.App.Ref\10.0.3\ref/net10.0/System.Reflection.dll
                 Private = 'false'
             C:\Program Files\dotnet\packs\Microsoft.NETCore.App.Ref\10.0.3\ref/net10.0/System.Resources.Reader.dll
                 Private = 'false'
             C:\Program Files\dotnet\packs\Microsoft.NETCore.App.Ref\10.0.3\ref/net10.0/System.Resources.ResourceManager.dll
                 Private = 'false'
             C:\Program Files\dotnet\packs\Microsoft.NETCore.App.Ref\10.0.3\ref/net10.0/System.Resources.Writer.dll
                 Private = 'false'
             C:\Program Files\dotnet\packs\Microsoft.NETCore.App.Ref\10.0.3\ref/net10.0/System.Runtime.CompilerServices.Unsafe.dll
                 Private = 'false'
             C:\Program Files\dotnet\packs\Microsoft.NETCore.App.Ref\10.0.3\ref/net10.0/System.Runtime.CompilerServices.VisualC.dll
                 Private = 'false'
             C:\Program Files\dotnet\packs\Microsoft.NETCore.App.Ref\10.0.3\ref/net10.0/System.Runtime.Extensions.dll
                 Private = 'false'
             C:\Program Files\dotnet\packs\Microsoft.NETCore.App.Ref\10.0.3\ref/net10.0/System.Runtime.Handles.dll
                 Private = 'false'
             C:\Program Files\dotnet\packs\Microsoft.NETCore.App.Ref\10.0.3\ref/net10.0/System.Runtime.InteropServices.JavaScript.dll
                 Private = 'false'
             C:\Program Files\dotnet\packs\Microsoft.NETCore.App.Ref\10.0.3\ref/net10.0/System.Runtime.InteropServices.RuntimeInformation.dll
                 Private = 'false'
             C:\Program Files\dotnet\packs\Microsoft.NETCore.App.Ref\10.0.3\ref/net10.0/System.Runtime.InteropServices.dll
                 Private = 'false'
             C:\Program Files\dotnet\packs\Microsoft.NETCore.App.Ref\10.0.3\ref/net10.0/System.Runtime.Intrinsics.dll
                 Private = 'false'
             C:\Program Files\dotnet\packs\Microsoft.NETCore.App.Ref\10.0.3\ref/net10.0/System.Runtime.Loader.dll
                 Private = 'false'
             C:\Program Files\dotnet\packs\Microsoft.NETCore.App.Ref\10.0.3\ref/net10.0/System.Runtime.Numerics.dll
                 Private = 'false'
             C:\Program Files\dotnet\packs\Microsoft.NETCore.App.Ref\10.0.3\ref/net10.0/System.Runtime.Serialization.Formatters.dll
                 Private = 'false'
             C:\Program Files\dotnet\packs\Microsoft.NETCore.App.Ref\10.0.3\ref/net10.0/System.Runtime.Serialization.Json.dll
                 Private = 'false'
             C:\Program Files\dotnet\packs\Microsoft.NETCore.App.Ref\10.0.3\ref/net10.0/System.Runtime.Serialization.Primitives.dll
                 Private = 'false'
             C:\Program Files\dotnet\packs\Microsoft.NETCore.App.Ref\10.0.3\ref/net10.0/System.Runtime.Serialization.Xml.dll
                 Private = 'false'
             C:\Program Files\dotnet\packs\Microsoft.NETCore.App.Ref\10.0.3\ref/net10.0/System.Runtime.Serialization.dll
                 Private = 'false'
             C:\Program Files\dotnet\packs\Microsoft.NETCore.App.Ref\10.0.3\ref/net10.0/System.Runtime.dll
                 Private = 'false'
             C:\Program Files\dotnet\packs\Microsoft.NETCore.App.Ref\10.0.3\ref/net10.0/System.Security.AccessControl.dll
                 Private = 'false'
             C:\Program Files\dotnet\packs\Microsoft.NETCore.App.Ref\10.0.3\ref/net10.0/System.Security.Claims.dll
                 Private = 'false'
             C:\Program Files\dotnet\packs\Microsoft.NETCore.App.Ref\10.0.3\ref/net10.0/System.Security.Cryptography.Algorithms.dll
                 Private = 'false'
             C:\Program Files\dotnet\packs\Microsoft.NETCore.App.Ref\10.0.3\ref/net10.0/System.Security.Cryptography.Cng.dll
                 Private = 'false'
             C:\Program Files\dotnet\packs\Microsoft.NETCore.App.Ref\10.0.3\ref/net10.0/System.Security.Cryptography.Csp.dll
                 Private = 'false'
             C:\Program Files\dotnet\packs\Microsoft.NETCore.App.Ref\10.0.3\ref/net10.0/System.Security.Cryptography.Encoding.dll
                 Private = 'false'
             C:\Program Files\dotnet\packs\Microsoft.NETCore.App.Ref\10.0.3\ref/net10.0/System.Security.Cryptography.OpenSsl.dll
                 Private = 'false'
             C:\Program Files\dotnet\packs\Microsoft.NETCore.App.Ref\10.0.3\ref/net10.0/System.Security.Cryptography.Primitives.dll
                 Private = 'false'
             C:\Program Files\dotnet\packs\Microsoft.NETCore.App.Ref\10.0.3\ref/net10.0/System.Security.Cryptography.X509Certificates.dll
                 Private = 'false'
             C:\Program Files\dotnet\packs\Microsoft.NETCore.App.Ref\10.0.3\ref/net10.0/System.Security.Cryptography.dll
                 Private = 'false'
             C:\Program Files\dotnet\packs\Microsoft.NETCore.App.Ref\10.0.3\ref/net10.0/System.Security.Principal.Windows.dll
                 Private = 'false'
             C:\Program Files\dotnet\packs\Microsoft.NETCore.App.Ref\10.0.3\ref/net10.0/System.Security.Principal.dll
                 Private = 'false'
             C:\Program Files\dotnet\packs\Microsoft.NETCore.App.Ref\10.0.3\ref/net10.0/System.Security.SecureString.dll
                 Private = 'false'
             C:\Program Files\dotnet\packs\Microsoft.NETCore.App.Ref\10.0.3\ref/net10.0/System.Security.dll
                 Private = 'false'
             C:\Program Files\dotnet\packs\Microsoft.NETCore.App.Ref\10.0.3\ref/net10.0/System.ServiceModel.Web.dll
                 Private = 'false'
             C:\Program Files\dotnet\packs\Microsoft.NETCore.App.Ref\10.0.3\ref/net10.0/System.ServiceProcess.dll
                 Private = 'false'
             C:\Program Files\dotnet\packs\Microsoft.NETCore.App.Ref\10.0.3\ref/net10.0/System.Text.Encoding.CodePages.dll
                 Private = 'false'
             C:\Program Files\dotnet\packs\Microsoft.NETCore.App.Ref\10.0.3\ref/net10.0/System.Text.Encoding.Extensions.dll
                 Private = 'false'
             C:\Program Files\dotnet\packs\Microsoft.NETCore.App.Ref\10.0.3\ref/net10.0/System.Text.Encoding.dll
                 Private = 'false'
             C:\Program Files\dotnet\packs\Microsoft.NETCore.App.Ref\10.0.3\ref/net10.0/System.Text.Encodings.Web.dll
                 Private = 'false'
             C:\Program Files\dotnet\packs\Microsoft.NETCore.App.Ref\10.0.3\ref/net10.0/System.Text.Json.dll
                 Private = 'false'
             C:\Program Files\dotnet\packs\Microsoft.NETCore.App.Ref\10.0.3\ref/net10.0/System.Text.RegularExpressions.dll
                 Private = 'false'
             C:\Program Files\dotnet\packs\Microsoft.NETCore.App.Ref\10.0.3\ref/net10.0/System.Threading.AccessControl.dll
                 Private = 'false'
             C:\Program Files\dotnet\packs\Microsoft.NETCore.App.Ref\10.0.3\ref/net10.0/System.Threading.Channels.dll
                 Private = 'false'
             C:\Program Files\dotnet\packs\Microsoft.NETCore.App.Ref\10.0.3\ref/net10.0/System.Threading.Overlapped.dll
                 Private = 'false'
             C:\Program Files\dotnet\packs\Microsoft.NETCore.App.Ref\10.0.3\ref/net10.0/System.Threading.Tasks.Dataflow.dll
                 Private = 'false'
             C:\Program Files\dotnet\packs\Microsoft.NETCore.App.Ref\10.0.3\ref/net10.0/System.Threading.Tasks.Extensions.dll
                 Private = 'false'
             C:\Program Files\dotnet\packs\Microsoft.NETCore.App.Ref\10.0.3\ref/net10.0/System.Threading.Tasks.Parallel.dll
                 Private = 'false'
             C:\Program Files\dotnet\packs\Microsoft.NETCore.App.Ref\10.0.3\ref/net10.0/System.Threading.Tasks.dll
                 Private = 'false'
             C:\Program Files\dotnet\packs\Microsoft.NETCore.App.Ref\10.0.3\ref/net10.0/System.Threading.Thread.dll
                 Private = 'false'
             C:\Program Files\dotnet\packs\Microsoft.NETCore.App.Ref\10.0.3\ref/net10.0/System.Threading.ThreadPool.dll
                 Private = 'false'
             C:\Program Files\dotnet\packs\Microsoft.NETCore.App.Ref\10.0.3\ref/net10.0/System.Threading.Timer.dll
                 Private = 'false'
             C:\Program Files\dotnet\packs\Microsoft.NETCore.App.Ref\10.0.3\ref/net10.0/System.Threading.dll
                 Private = 'false'
             C:\Program Files\dotnet\packs\Microsoft.NETCore.App.Ref\10.0.3\ref/net10.0/System.Transactions.Local.dll
                 Private = 'false'
             C:\Program Files\dotnet\packs\Microsoft.NETCore.App.Ref\10.0.3\ref/net10.0/System.Transactions.dll
                 Private = 'false'
             C:\Program Files\dotnet\packs\Microsoft.NETCore.App.Ref\10.0.3\ref/net10.0/System.ValueTuple.dll
                 Private = 'false'
             C:\Program Files\dotnet\packs\Microsoft.NETCore.App.Ref\10.0.3\ref/net10.0/System.Web.HttpUtility.dll
                 Private = 'false'
             C:\Program Files\dotnet\packs\Microsoft.NETCore.App.Ref\10.0.3\ref/net10.0/System.Web.dll
                 Private = 'false'
             C:\Program Files\dotnet\packs\Microsoft.NETCore.App.Ref\10.0.3\ref/net10.0/System.Windows.dll
                 Private = 'false'
             C:\Program Files\dotnet\packs\Microsoft.NETCore.App.Ref\10.0.3\ref/net10.0/System.Xml.Linq.dll
                 Private = 'false'
             C:\Program Files\dotnet\packs\Microsoft.NETCore.App.Ref\10.0.3\ref/net10.0/System.Xml.ReaderWriter.dll
                 Private = 'false'
             C:\Program Files\dotnet\packs\Microsoft.NETCore.App.Ref\10.0.3\ref/net10.0/System.Xml.Serialization.dll
                 Private = 'false'
             C:\Program Files\dotnet\packs\Microsoft.NETCore.App.Ref\10.0.3\ref/net10.0/System.Xml.XDocument.dll
                 Private = 'false'
             C:\Program Files\dotnet\packs\Microsoft.NETCore.App.Ref\10.0.3\ref/net10.0/System.Xml.XPath.XDocument.dll
                 Private = 'false'
             C:\Program Files\dotnet\packs\Microsoft.NETCore.App.Ref\10.0.3\ref/net10.0/System.Xml.XPath.dll
                 Private = 'false'
             C:\Program Files\dotnet\packs\Microsoft.NETCore.App.Ref\10.0.3\ref/net10.0/System.Xml.XmlDocument.dll
                 Private = 'false'
             C:\Program Files\dotnet\packs\Microsoft.NETCore.App.Ref\10.0.3\ref/net10.0/System.Xml.XmlSerializer.dll
                 Private = 'false'
             C:\Program Files\dotnet\packs\Microsoft.NETCore.App.Ref\10.0.3\ref/net10.0/System.Xml.dll
                 Private = 'false'
             C:\Program Files\dotnet\packs\Microsoft.NETCore.App.Ref\10.0.3\ref/net10.0/System.dll
                 Private = 'false'
             C:\Program Files\dotnet\packs\Microsoft.NETCore.App.Ref\10.0.3\ref/net10.0/mscorlib.dll
                 Private = 'false'
             C:\Program Files\dotnet\packs\Microsoft.NETCore.App.Ref\10.0.3\ref/net10.0/netstandard.dll
                 Private = 'false'
             C:\Program Files\dotnet\packs\Microsoft.WindowsDesktop.App.Ref\10.0.3\ref/net10.0/Accessibility.dll
                 Private = 'false'
             C:\Program Files\dotnet\packs\Microsoft.WindowsDesktop.App.Ref\10.0.3\ref/net10.0/Microsoft.Win32.Registry.AccessControl.dll
                 Private = 'false'
             C:\Program Files\dotnet\packs\Microsoft.WindowsDesktop.App.Ref\10.0.3\ref/net10.0/Microsoft.Win32.SystemEvents.dll
                 Private = 'false'
             C:\Program Files\dotnet\packs\Microsoft.WindowsDesktop.App.Ref\10.0.3\ref/net10.0/PresentationCore.dll
                 Private = 'false'
             C:\Program Files\dotnet\packs\Microsoft.WindowsDesktop.App.Ref\10.0.3\ref/net10.0/PresentationFramework.Aero.dll
                 Private = 'false'
             C:\Program Files\dotnet\packs\Microsoft.WindowsDesktop.App.Ref\10.0.3\ref/net10.0/PresentationFramework.Aero2.dll
                 Private = 'false'
             C:\Program Files\dotnet\packs\Microsoft.WindowsDesktop.App.Ref\10.0.3\ref/net10.0/PresentationFramework.AeroLite.dll
                 Private = 'false'
             C:\Program Files\dotnet\packs\Microsoft.WindowsDesktop.App.Ref\10.0.3\ref/net10.0/PresentationFramework.Classic.dll
                 Private = 'false'
             C:\Program Files\dotnet\packs\Microsoft.WindowsDesktop.App.Ref\10.0.3\ref/net10.0/PresentationFramework.Luna.dll
                 Private = 'false'
             C:\Program Files\dotnet\packs\Microsoft.WindowsDesktop.App.Ref\10.0.3\ref/net10.0/PresentationFramework.Royale.dll
                 Private = 'false'
             C:\Program Files\dotnet\packs\Microsoft.WindowsDesktop.App.Ref\10.0.3\ref/net10.0/PresentationFramework.dll
                 Private = 'false'
             C:\Program Files\dotnet\packs\Microsoft.WindowsDesktop.App.Ref\10.0.3\ref/net10.0/PresentationUI.dll
                 Private = 'false'
             C:\Program Files\dotnet\packs\Microsoft.WindowsDesktop.App.Ref\10.0.3\ref/net10.0/ReachFramework.dll
                 Private = 'false'
             C:\Program Files\dotnet\packs\Microsoft.WindowsDesktop.App.Ref\10.0.3\ref/net10.0/System.CodeDom.dll
                 Private = 'false'
             C:\Program Files\dotnet\packs\Microsoft.WindowsDesktop.App.Ref\10.0.3\ref/net10.0/System.Configuration.ConfigurationManager.dll
                 Private = 'false'
             C:\Program Files\dotnet\packs\Microsoft.WindowsDesktop.App.Ref\10.0.3\ref/net10.0/System.Diagnostics.EventLog.dll
                 Private = 'false'
             C:\Program Files\dotnet\packs\Microsoft.WindowsDesktop.App.Ref\10.0.3\ref/net10.0/System.Diagnostics.PerformanceCounter.dll
                 Private = 'false'
             C:\Program Files\dotnet\packs\Microsoft.WindowsDesktop.App.Ref\10.0.3\ref/net10.0/System.DirectoryServices.dll
                 Private = 'false'
             C:\Program Files\dotnet\packs\Microsoft.WindowsDesktop.App.Ref\10.0.3\ref/net10.0/System.Drawing.Common.dll
                 Private = 'false'
             C:\Program Files\dotnet\packs\Microsoft.WindowsDesktop.App.Ref\10.0.3\ref/net10.0/System.Formats.Nrbf.dll
                 Private = 'false'
             C:\Program Files\dotnet\packs\Microsoft.WindowsDesktop.App.Ref\10.0.3\ref/net10.0/System.IO.Packaging.dll
                 Private = 'false'
             C:\Program Files\dotnet\packs\Microsoft.WindowsDesktop.App.Ref\10.0.3\ref/net10.0/System.Printing.dll
                 Private = 'false'
             C:\Program Files\dotnet\packs\Microsoft.WindowsDesktop.App.Ref\10.0.3\ref/net10.0/System.Private.Windows.Core.dll
                 Private = 'false'
             C:\Program Files\dotnet\packs\Microsoft.WindowsDesktop.App.Ref\10.0.3\ref/net10.0/System.Private.Windows.GdiPlus.dll
                 Private = 'false'
             C:\Program Files\dotnet\packs\Microsoft.WindowsDesktop.App.Ref\10.0.3\ref/net10.0/System.Resources.Extensions.dll
                 Private = 'false'
             C:\Program Files\dotnet\packs\Microsoft.WindowsDesktop.App.Ref\10.0.3\ref/net10.0/System.Security.Cryptography.Pkcs.dll
                 Private = 'false'
             C:\Program Files\dotnet\packs\Microsoft.WindowsDesktop.App.Ref\10.0.3\ref/net10.0/System.Security.Cryptography.ProtectedData.dll
                 Private = 'false'
             C:\Program Files\dotnet\packs\Microsoft.WindowsDesktop.App.Ref\10.0.3\ref/net10.0/System.Security.Cryptography.Xml.dll
                 Private = 'false'
             C:\Program Files\dotnet\packs\Microsoft.WindowsDesktop.App.Ref\10.0.3\ref/net10.0/System.Security.Permissions.dll
                 Private = 'false'
             C:\Program Files\dotnet\packs\Microsoft.WindowsDesktop.App.Ref\10.0.3\ref/net10.0/System.Windows.Controls.Ribbon.dll
                 Private = 'false'
             C:\Program Files\dotnet\packs\Microsoft.WindowsDesktop.App.Ref\10.0.3\ref/net10.0/System.Windows.Extensions.dll
                 Private = 'false'
             C:\Program Files\dotnet\packs\Microsoft.WindowsDesktop.App.Ref\10.0.3\ref/net10.0/System.Windows.Input.Manipulations.dll
                 Private = 'false'
             C:\Program Files\dotnet\packs\Microsoft.WindowsDesktop.App.Ref\10.0.3\ref/net10.0/System.Windows.Presentation.dll
                 Private = 'false'
             C:\Program Files\dotnet\packs\Microsoft.WindowsDesktop.App.Ref\10.0.3\ref/net10.0/System.Windows.Primitives.dll
                 Private = 'false'
             C:\Program Files\dotnet\packs\Microsoft.WindowsDesktop.App.Ref\10.0.3\ref/net10.0/System.Xaml.dll
                 Private = 'false'
             C:\Program Files\dotnet\packs\Microsoft.WindowsDesktop.App.Ref\10.0.3\ref/net10.0/UIAutomationClient.dll
                 Private = 'false'
             C:\Program Files\dotnet\packs\Microsoft.WindowsDesktop.App.Ref\10.0.3\ref/net10.0/UIAutomationClientSideProviders.dll
                 Private = 'false'
             C:\Program Files\dotnet\packs\Microsoft.WindowsDesktop.App.Ref\10.0.3\ref/net10.0/UIAutomationProvider.dll
                 Private = 'false'
             C:\Program Files\dotnet\packs\Microsoft.WindowsDesktop.App.Ref\10.0.3\ref/net10.0/UIAutomationTypes.dll
                 Private = 'false'
             C:\Program Files\dotnet\packs\Microsoft.WindowsDesktop.App.Ref\10.0.3\ref/net10.0/WindowsBase.dll
                 Private = 'false'
         AssemblyFiles:
             c:\Apps\TicketConsolidator\src\TicketConsolidator.Application\bin\Debug\net10.0\TicketConsolidator.Application.dll
             c:\Apps\TicketConsolidator\src\TicketConsolidator.Domain\bin\Debug\net10.0\TicketConsolidator.Domain.dll
         CandidateAssemblyFiles:
         TargetFrameworkDirectories:
             
         NonCultureResourceDirectories:
             
         InstalledAssemblyTables:
         IgnoreInstalledAssemblyTable:
             False
         SearchPaths:
             {CandidateAssemblyFiles}
             {HintPathFromItem}
             {TargetFrameworkDirectory}
             {RawFileName}
         AllowedAssemblyExtensions:
             .winmd
             .dll
             .exe
         AllowedRelatedFileExtensions:
             .pdb
             .xml
             .pri
             .dll.config
             .exe.config
         AppConfigFile:
             
         AutoUnify:
             True
         EnableCustomCulture:
             False
         EnableCustomCulture:
             False
         CopyLocalDependenciesWhenParentReferenceInGac:
             True
         FindDependencies:
             True
         TargetProcessorArchitecture:
             msil
         StateFile:
             obj\Debug\net10.0-windows\TicketConsolidator.Infrastructure.csproj.AssemblyReference.cache
         InstalledAssemblySubsetTables:
         IgnoreInstalledAssemblySubsetTable:
             False
         TargetFrameworkSubsets:
         FullTargetFrameworkSubsetNames:
             Full
         ProfileName:
             
         FullFrameworkFolders:
         LatestTargetFrameworkDirectories:
         ProfileTablesLocation:
         Primary reference "TicketConsolidator.Application, Version=1.0.0.0, Culture=neutral, PublicKeyToken=null".
             Resolved file path is "c:\Apps\TicketConsolidator\src\TicketConsolidator.Application\bin\Debug\net10.0\TicketConsolidator.Application.dll".
             Reference found at search path location "c:\Apps\TicketConsolidator\src\TicketConsolidator.Application\bin\Debug\net10.0\TicketConsolidator.Application.dll".
             Found related file "c:\Apps\TicketConsolidator\src\TicketConsolidator.Application\bin\Debug\net10.0\TicketConsolidator.Application.pdb".
         Primary reference "TicketConsolidator.Domain, Version=1.0.0.0, Culture=neutral, PublicKeyToken=null".
             Resolved file path is "c:\Apps\TicketConsolidator\src\TicketConsolidator.Domain\bin\Debug\net10.0\TicketConsolidator.Domain.dll".
             Reference found at search path location "c:\Apps\TicketConsolidator\src\TicketConsolidator.Domain\bin\Debug\net10.0\TicketConsolidator.Domain.dll".
             Found related file "c:\Apps\TicketConsolidator\src\TicketConsolidator.Domain\bin\Debug\net10.0\TicketConsolidator.Domain.pdb".
         Primary reference "Microsoft.Extensions.Configuration, Version=10.0.0.0, Culture=neutral, PublicKeyToken=adb9793829ddae60".
             Resolved file path is "C:\Users\krish.maniar.ATPL-LAP-723\.nuget\packages\microsoft.extensions.configuration\10.0.1\lib\net10.0\Microsoft.Extensions.Configuration.dll".
             Reference found at search path location "{HintPathFromItem}".
             This reference is not "CopyLocal" because at least one source item had "Private" set to "false" and no source items had "Private" set to "true".
         Primary reference "Microsoft.Extensions.Configuration.Abstractions, Version=10.0.0.0, Culture=neutral, PublicKeyToken=adb9793829ddae60".
             Resolved file path is "C:\Users\krish.maniar.ATPL-LAP-723\.nuget\packages\microsoft.extensions.configuration.abstractions\10.0.1\lib\net10.0\Microsoft.Extensions.Configuration.Abstractions.dll".
             Reference found at search path location "{HintPathFromItem}".
             This reference is not "CopyLocal" because at least one source item had "Private" set to "false" and no source items had "Private" set to "true".
         Primary reference "Microsoft.Extensions.Configuration.Binder, Version=10.0.0.0, Culture=neutral, PublicKeyToken=adb9793829ddae60".
             Resolved file path is "C:\Users\krish.maniar.ATPL-LAP-723\.nuget\packages\microsoft.extensions.configuration.binder\10.0.1\lib\net10.0\Microsoft.Extensions.Configuration.Binder.dll".
             Reference found at search path location "{HintPathFromItem}".
             This reference is not "CopyLocal" because at least one source item had "Private" set to "false" and no source items had "Private" set to "true".
         Primary reference "Microsoft.Extensions.Configuration.FileExtensions, Version=10.0.0.0, Culture=neutral, PublicKeyToken=adb9793829ddae60".
             Resolved file path is "C:\Users\krish.maniar.ATPL-LAP-723\.nuget\packages\microsoft.extensions.configuration.fileextensions\10.0.1\lib\net10.0\Microsoft.Extensions.Configuration.FileExtensions.dll".
             Reference found at search path location "{HintPathFromItem}".
             This reference is not "CopyLocal" because at least one source item had "Private" set to "false" and no source items had "Private" set to "true".
         Primary reference "Microsoft.Extensions.Configuration.Json, Version=10.0.0.0, Culture=neutral, PublicKeyToken=adb9793829ddae60".
             Resolved file path is "C:\Users\krish.maniar.ATPL-LAP-723\.nuget\packages\microsoft.extensions.configuration.json\10.0.1\lib\net10.0\Microsoft.Extensions.Configuration.Json.dll".
             Reference found at search path location "{HintPathFromItem}".
             This reference is not "CopyLocal" because at least one source item had "Private" set to "false" and no source items had "Private" set to "true".
         Primary reference "Microsoft.Extensions.FileProviders.Abstractions, Version=10.0.0.0, Culture=neutral, PublicKeyToken=adb9793829ddae60".
             Resolved file path is "C:\Users\krish.maniar.ATPL-LAP-723\.nuget\packages\microsoft.extensions.fileproviders.abstractions\10.0.1\lib\net10.0\Microsoft.Extensions.FileProviders.Abstractions.dll".
             Reference found at search path location "{HintPathFromItem}".
             This reference is not "CopyLocal" because at least one source item had "Private" set to "false" and no source items had "Private" set to "true".
         Primary reference "Microsoft.Extensions.FileProviders.Physical, Version=10.0.0.0, Culture=neutral, PublicKeyToken=adb9793829ddae60".
             Resolved file path is "C:\Users\krish.maniar.ATPL-LAP-723\.nuget\packages\microsoft.extensions.fileproviders.physical\10.0.1\lib\net10.0\Microsoft.Extensions.FileProviders.Physical.dll".
             Reference found at search path location "{HintPathFromItem}".
             This reference is not "CopyLocal" because at least one source item had "Private" set to "false" and no source items had "Private" set to "true".
         Primary reference "Microsoft.Extensions.FileSystemGlobbing, Version=10.0.0.0, Culture=neutral, PublicKeyToken=adb9793829ddae60".
             Resolved file path is "C:\Users\krish.maniar.ATPL-LAP-723\.nuget\packages\microsoft.extensions.filesystemglobbing\10.0.1\lib\net10.0\Microsoft.Extensions.FileSystemGlobbing.dll".
             Reference found at search path location "{HintPathFromItem}".
             This reference is not "CopyLocal" because at least one source item had "Private" set to "false" and no source items had "Private" set to "true".
         Primary reference "Microsoft.Extensions.Primitives, Version=10.0.0.0, Culture=neutral, PublicKeyToken=adb9793829ddae60".
             Resolved file path is "C:\Users\krish.maniar.ATPL-LAP-723\.nuget\packages\microsoft.extensions.primitives\10.0.1\lib\net10.0\Microsoft.Extensions.Primitives.dll".
             Reference found at search path location "{HintPathFromItem}".
             This reference is not "CopyLocal" because at least one source item had "Private" set to "false" and no source items had "Private" set to "true".
         Primary reference "System.Data.SqlClient, Version=4.6.1.6, Culture=neutral, PublicKeyToken=b03f5f7f11d50a3a".
             Resolved file path is "C:\Users\krish.maniar.ATPL-LAP-723\.nuget\packages\system.data.sqlclient\4.9.0\lib\net8.0\System.Data.SqlClient.dll".
             Reference found at search path location "{HintPathFromItem}".
             This reference is not "CopyLocal" because at least one source item had "Private" set to "false" and no source items had "Private" set to "true".
         Primary reference "Microsoft.CSharp, Version=10.0.0.0, Culture=neutral, PublicKeyToken=b03f5f7f11d50a3a".
             Resolved file path is "C:\Program Files\dotnet\packs\Microsoft.NETCore.App.Ref\10.0.3\ref\net10.0\Microsoft.CSharp.dll".
             Reference found at search path location "{RawFileName}".
             This reference is not "CopyLocal" because at least one source item had "Private" set to "false" and no source items had "Private" set to "true".
         Primary reference "Microsoft.VisualBasic.Core, Version=15.0.0.0, Culture=neutral, PublicKeyToken=b03f5f7f11d50a3a".
             Resolved file path is "C:\Program Files\dotnet\packs\Microsoft.NETCore.App.Ref\10.0.3\ref\net10.0\Microsoft.VisualBasic.Core.dll".
             Reference found at search path location "{RawFileName}".
             This reference is not "CopyLocal" because at least one source item had "Private" set to "false" and no source items had "Private" set to "true".
         Primary reference "Microsoft.VisualBasic, Version=10.0.0.0, Culture=neutral, PublicKeyToken=b03f5f7f11d50a3a".
             Resolved file path is "C:\Program Files\dotnet\packs\Microsoft.NETCore.App.Ref\10.0.3\ref\net10.0\Microsoft.VisualBasic.dll".
             Reference found at search path location "{RawFileName}".
             This reference is not "CopyLocal" because at least one source item had "Private" set to "false" and no source items had "Private" set to "true".
         Primary reference "Microsoft.Win32.Primitives, Version=10.0.0.0, Culture=neutral, PublicKeyToken=b03f5f7f11d50a3a".
             Resolved file path is "C:\Program Files\dotnet\packs\Microsoft.NETCore.App.Ref\10.0.3\ref\net10.0\Microsoft.Win32.Primitives.dll".
             Reference found at search path location "{RawFileName}".
             This reference is not "CopyLocal" because at least one source item had "Private" set to "false" and no source items had "Private" set to "true".
         Primary reference "Microsoft.Win32.Registry, Version=10.0.0.0, Culture=neutral, PublicKeyToken=b03f5f7f11d50a3a".
             Resolved file path is "C:\Program Files\dotnet\packs\Microsoft.NETCore.App.Ref\10.0.3\ref\net10.0\Microsoft.Win32.Registry.dll".
             Reference found at search path location "{RawFileName}".
             This reference is not "CopyLocal" because at least one source item had "Private" set to "false" and no source items had "Private" set to "true".
         Primary reference "System.AppContext, Version=10.0.0.0, Culture=neutral, PublicKeyToken=b03f5f7f11d50a3a".
             Resolved file path is "C:\Program Files\dotnet\packs\Microsoft.NETCore.App.Ref\10.0.3\ref\net10.0\System.AppContext.dll".
             Reference found at search path location "{RawFileName}".
             This reference is not "CopyLocal" because at least one source item had "Private" set to "false" and no source items had "Private" set to "true".
         Primary reference "System.Buffers, Version=10.0.0.0, Culture=neutral, PublicKeyToken=cc7b13ffcd2ddd51".
             Resolved file path is "C:\Program Files\dotnet\packs\Microsoft.NETCore.App.Ref\10.0.3\ref\net10.0\System.Buffers.dll".
             Reference found at search path location "{RawFileName}".
             This reference is not "CopyLocal" because at least one source item had "Private" set to "false" and no source items had "Private" set to "true".
         Primary reference "System.Collections.Concurrent, Version=10.0.0.0, Culture=neutral, PublicKeyToken=b03f5f7f11d50a3a".
             Resolved file path is "C:\Program Files\dotnet\packs\Microsoft.NETCore.App.Ref\10.0.3\ref\net10.0\System.Collections.Concurrent.dll".
             Reference found at search path location "{RawFileName}".
             This reference is not "CopyLocal" because at least one source item had "Private" set to "false" and no source items had "Private" set to "true".
         Primary reference "System.Collections.Immutable, Version=10.0.0.0, Culture=neutral, PublicKeyToken=b03f5f7f11d50a3a".
             Resolved file path is "C:\Program Files\dotnet\packs\Microsoft.NETCore.App.Ref\10.0.3\ref\net10.0\System.Collections.Immutable.dll".
             Reference found at search path location "{RawFileName}".
             This reference is not "CopyLocal" because at least one source item had "Private" set to "false" and no source items had "Private" set to "true".
         Primary reference "System.Collections.NonGeneric, Version=10.0.0.0, Culture=neutral, PublicKeyToken=b03f5f7f11d50a3a".
             Resolved file path is "C:\Program Files\dotnet\packs\Microsoft.NETCore.App.Ref\10.0.3\ref\net10.0\System.Collections.NonGeneric.dll".
             Reference found at search path location "{RawFileName}".
             This reference is not "CopyLocal" because at least one source item had "Private" set to "false" and no source items had "Private" set to "true".
         Primary reference "System.Collections.Specialized, Version=10.0.0.0, Culture=neutral, PublicKeyToken=b03f5f7f11d50a3a".
             Resolved file path is "C:\Program Files\dotnet\packs\Microsoft.NETCore.App.Ref\10.0.3\ref\net10.0\System.Collections.Specialized.dll".
             Reference found at search path location "{RawFileName}".
             This reference is not "CopyLocal" because at least one source item had "Private" set to "false" and no source items had "Private" set to "true".
         Primary reference "System.Collections, Version=10.0.0.0, Culture=neutral, PublicKeyToken=b03f5f7f11d50a3a".
             Resolved file path is "C:\Program Files\dotnet\packs\Microsoft.NETCore.App.Ref\10.0.3\ref\net10.0\System.Collections.dll".
             Reference found at search path location "{RawFileName}".
             This reference is not "CopyLocal" because at least one source item had "Private" set to "false" and no source items had "Private" set to "true".
         Primary reference "System.ComponentModel.Annotations, Version=10.0.0.0, Culture=neutral, PublicKeyToken=b03f5f7f11d50a3a".
             Resolved file path is "C:\Program Files\dotnet\packs\Microsoft.NETCore.App.Ref\10.0.3\ref\net10.0\System.ComponentModel.Annotations.dll".
             Reference found at search path location "{RawFileName}".
             This reference is not "CopyLocal" because at least one source item had "Private" set to "false" and no source items had "Private" set to "true".
         Primary reference "System.ComponentModel.DataAnnotations, Version=4.0.0.0, Culture=neutral, PublicKeyToken=31bf3856ad364e35".
             Resolved file path is "C:\Program Files\dotnet\packs\Microsoft.NETCore.App.Ref\10.0.3\ref\net10.0\System.ComponentModel.DataAnnotations.dll".
             Reference found at search path location "{RawFileName}".
             This reference is not "CopyLocal" because at least one source item had "Private" set to "false" and no source items had "Private" set to "true".
         Primary reference "System.ComponentModel.EventBasedAsync, Version=10.0.0.0, Culture=neutral, PublicKeyToken=b03f5f7f11d50a3a".
             Resolved file path is "C:\Program Files\dotnet\packs\Microsoft.NETCore.App.Ref\10.0.3\ref\net10.0\System.ComponentModel.EventBasedAsync.dll".
             Reference found at search path location "{RawFileName}".
             This reference is not "CopyLocal" because at least one source item had "Private" set to "false" and no source items had "Private" set to "true".
         Primary reference "System.ComponentModel.Primitives, Version=10.0.0.0, Culture=neutral, PublicKeyToken=b03f5f7f11d50a3a".
             Resolved file path is "C:\Program Files\dotnet\packs\Microsoft.NETCore.App.Ref\10.0.3\ref\net10.0\System.ComponentModel.Primitives.dll".
             Reference found at search path location "{RawFileName}".
             This reference is not "CopyLocal" because at least one source item had "Private" set to "false" and no source items had "Private" set to "true".
         Primary reference "System.ComponentModel.TypeConverter, Version=10.0.0.0, Culture=neutral, PublicKeyToken=b03f5f7f11d50a3a".
             Resolved file path is "C:\Program Files\dotnet\packs\Microsoft.NETCore.App.Ref\10.0.3\ref\net10.0\System.ComponentModel.TypeConverter.dll".
             Reference found at search path location "{RawFileName}".
             This reference is not "CopyLocal" because at least one source item had "Private" set to "false" and no source items had "Private" set to "true".
         Primary reference "System.ComponentModel, Version=10.0.0.0, Culture=neutral, PublicKeyToken=b03f5f7f11d50a3a".
             Resolved file path is "C:\Program Files\dotnet\packs\Microsoft.NETCore.App.Ref\10.0.3\ref\net10.0\System.ComponentModel.dll".
             Reference found at search path location "{RawFileName}".
             This reference is not "CopyLocal" because at least one source item had "Private" set to "false" and no source items had "Private" set to "true".
         Primary reference "System.Configuration, Version=4.0.0.0, Culture=neutral, PublicKeyToken=b03f5f7f11d50a3a".
             Resolved file path is "C:\Program Files\dotnet\packs\Microsoft.NETCore.App.Ref\10.0.3\ref\net10.0\System.Configuration.dll".
             Reference found at search path location "{RawFileName}".
             This reference is not "CopyLocal" because at least one source item had "Private" set to "false" and no source items had "Private" set to "true".
         Primary reference "System.Console, Version=10.0.0.0, Culture=neutral, PublicKeyToken=b03f5f7f11d50a3a".
             Resolved file path is "C:\Program Files\dotnet\packs\Microsoft.NETCore.App.Ref\10.0.3\ref\net10.0\System.Console.dll".
             Reference found at search path location "{RawFileName}".
             This reference is not "CopyLocal" because at least one source item had "Private" set to "false" and no source items had "Private" set to "true".
         Primary reference "System.Core, Version=4.0.0.0, Culture=neutral, PublicKeyToken=b77a5c561934e089".
             Resolved file path is "C:\Program Files\dotnet\packs\Microsoft.NETCore.App.Ref\10.0.3\ref\net10.0\System.Core.dll".
             Reference found at search path location "{RawFileName}".
             This reference is not "CopyLocal" because at least one source item had "Private" set to "false" and no source items had "Private" set to "true".
         Primary reference "System.Data.Common, Version=10.0.0.0, Culture=neutral, PublicKeyToken=b03f5f7f11d50a3a".
             Resolved file path is "C:\Program Files\dotnet\packs\Microsoft.NETCore.App.Ref\10.0.3\ref\net10.0\System.Data.Common.dll".
             Reference found at search path location "{RawFileName}".
             This reference is not "CopyLocal" because at least one source item had "Private" set to "false" and no source items had "Private" set to "true".
         Primary reference "System.Data.DataSetExtensions, Version=10.0.0.0, Culture=neutral, PublicKeyToken=b77a5c561934e089".
             Resolved file path is "C:\Program Files\dotnet\packs\Microsoft.NETCore.App.Ref\10.0.3\ref\net10.0\System.Data.DataSetExtensions.dll".
             Reference found at search path location "{RawFileName}".
             This reference is not "CopyLocal" because at least one source item had "Private" set to "false" and no source items had "Private" set to "true".
         Primary reference "System.Data, Version=4.0.0.0, Culture=neutral, PublicKeyToken=b77a5c561934e089".
             Resolved file path is "C:\Program Files\dotnet\packs\Microsoft.NETCore.App.Ref\10.0.3\ref\net10.0\System.Data.dll".
             Reference found at search path location "{RawFileName}".
             This reference is not "CopyLocal" because at least one source item had "Private" set to "false" and no source items had "Private" set to "true".
         Primary reference "System.Diagnostics.Contracts, Version=10.0.0.0, Culture=neutral, PublicKeyToken=b03f5f7f11d50a3a".
             Resolved file path is "C:\Program Files\dotnet\packs\Microsoft.NETCore.App.Ref\10.0.3\ref\net10.0\System.Diagnostics.Contracts.dll".
             Reference found at search path location "{RawFileName}".
             This reference is not "CopyLocal" because at least one source item had "Private" set to "false" and no source items had "Private" set to "true".
         Primary reference "System.Diagnostics.Debug, Version=10.0.0.0, Culture=neutral, PublicKeyToken=b03f5f7f11d50a3a".
             Resolved file path is "C:\Program Files\dotnet\packs\Microsoft.NETCore.App.Ref\10.0.3\ref\net10.0\System.Diagnostics.Debug.dll".
             Reference found at search path location "{RawFileName}".
             This reference is not "CopyLocal" because at least one source item had "Private" set to "false" and no source items had "Private" set to "true".
         Primary reference "System.Diagnostics.DiagnosticSource, Version=10.0.0.0, Culture=neutral, PublicKeyToken=cc7b13ffcd2ddd51".
             Resolved file path is "C:\Program Files\dotnet\packs\Microsoft.NETCore.App.Ref\10.0.3\ref\net10.0\System.Diagnostics.DiagnosticSource.dll".
             Reference found at search path location "{RawFileName}".
             This reference is not "CopyLocal" because at least one source item had "Private" set to "false" and no source items had "Private" set to "true".
         Primary reference "System.Diagnostics.FileVersionInfo, Version=10.0.0.0, Culture=neutral, PublicKeyToken=b03f5f7f11d50a3a".
             Resolved file path is "C:\Program Files\dotnet\packs\Microsoft.NETCore.App.Ref\10.0.3\ref\net10.0\System.Diagnostics.FileVersionInfo.dll".
             Reference found at search path location "{RawFileName}".
             This reference is not "CopyLocal" because at least one source item had "Private" set to "false" and no source items had "Private" set to "true".
         Primary reference "System.Diagnostics.Process, Version=10.0.0.0, Culture=neutral, PublicKeyToken=b03f5f7f11d50a3a".
             Resolved file path is "C:\Program Files\dotnet\packs\Microsoft.NETCore.App.Ref\10.0.3\ref\net10.0\System.Diagnostics.Process.dll".
             Reference found at search path location "{RawFileName}".
             This reference is not "CopyLocal" because at least one source item had "Private" set to "false" and no source items had "Private" set to "true".
         Primary reference "System.Diagnostics.StackTrace, Version=10.0.0.0, Culture=neutral, PublicKeyToken=b03f5f7f11d50a3a".
             Resolved file path is "C:\Program Files\dotnet\packs\Microsoft.NETCore.App.Ref\10.0.3\ref\net10.0\System.Diagnostics.StackTrace.dll".
             Reference found at search path location "{RawFileName}".
             This reference is not "CopyLocal" because at least one source item had "Private" set to "false" and no source items had "Private" set to "true".
         Primary reference "System.Diagnostics.TextWriterTraceListener, Version=10.0.0.0, Culture=neutral, PublicKeyToken=b03f5f7f11d50a3a".
             Resolved file path is "C:\Program Files\dotnet\packs\Microsoft.NETCore.App.Ref\10.0.3\ref\net10.0\System.Diagnostics.TextWriterTraceListener.dll".
             Reference found at search path location "{RawFileName}".
             This reference is not "CopyLocal" because at least one source item had "Private" set to "false" and no source items had "Private" set to "true".
         Primary reference "System.Diagnostics.Tools, Version=10.0.0.0, Culture=neutral, PublicKeyToken=b03f5f7f11d50a3a".
             Resolved file path is "C:\Program Files\dotnet\packs\Microsoft.NETCore.App.Ref\10.0.3\ref\net10.0\System.Diagnostics.Tools.dll".
             Reference found at search path location "{RawFileName}".
             This reference is not "CopyLocal" because at least one source item had "Private" set to "false" and no source items had "Private" set to "true".
         Primary reference "System.Diagnostics.TraceSource, Version=10.0.0.0, Culture=neutral, PublicKeyToken=b03f5f7f11d50a3a".
             Resolved file path is "C:\Program Files\dotnet\packs\Microsoft.NETCore.App.Ref\10.0.3\ref\net10.0\System.Diagnostics.TraceSource.dll".
             Reference found at search path location "{RawFileName}".
             This reference is not "CopyLocal" because at least one source item had "Private" set to "false" and no source items had "Private" set to "true".
         Primary reference "System.Diagnostics.Tracing, Version=10.0.0.0, Culture=neutral, PublicKeyToken=b03f5f7f11d50a3a".
             Resolved file path is "C:\Program Files\dotnet\packs\Microsoft.NETCore.App.Ref\10.0.3\ref\net10.0\System.Diagnostics.Tracing.dll".
             Reference found at search path location "{RawFileName}".
             This reference is not "CopyLocal" because at least one source item had "Private" set to "false" and no source items had "Private" set to "true".
         Primary reference "System.Drawing.Primitives, Version=10.0.0.0, Culture=neutral, PublicKeyToken=b03f5f7f11d50a3a".
             Resolved file path is "C:\Program Files\dotnet\packs\Microsoft.NETCore.App.Ref\10.0.3\ref\net10.0\System.Drawing.Primitives.dll".
             Reference found at search path location "{RawFileName}".
             This reference is not "CopyLocal" because at least one source item had "Private" set to "false" and no source items had "Private" set to "true".
         Primary reference "System.Drawing, Version=4.0.0.0, Culture=neutral, PublicKeyToken=b03f5f7f11d50a3a".
             Resolved file path is "C:\Program Files\dotnet\packs\Microsoft.NETCore.App.Ref\10.0.3\ref\net10.0\System.Drawing.dll".
             Reference found at search path location "{RawFileName}".
             This reference is not "CopyLocal" because at least one source item had "Private" set to "false" and no source items had "Private" set to "true".
         Primary reference "System.Dynamic.Runtime, Version=10.0.0.0, Culture=neutral, PublicKeyToken=b03f5f7f11d50a3a".
             Resolved file path is "C:\Program Files\dotnet\packs\Microsoft.NETCore.App.Ref\10.0.3\ref\net10.0\System.Dynamic.Runtime.dll".
             Reference found at search path location "{RawFileName}".
             This reference is not "CopyLocal" because at least one source item had "Private" set to "false" and no source items had "Private" set to "true".
         Primary reference "System.Formats.Asn1, Version=10.0.0.0, Culture=neutral, PublicKeyToken=cc7b13ffcd2ddd51".
             Resolved file path is "C:\Program Files\dotnet\packs\Microsoft.NETCore.App.Ref\10.0.3\ref\net10.0\System.Formats.Asn1.dll".
             Reference found at search path location "{RawFileName}".
             This reference is not "CopyLocal" because at least one source item had "Private" set to "false" and no source items had "Private" set to "true".
         Primary reference "System.Formats.Tar, Version=10.0.0.0, Culture=neutral, PublicKeyToken=cc7b13ffcd2ddd51".
             Resolved file path is "C:\Program Files\dotnet\packs\Microsoft.NETCore.App.Ref\10.0.3\ref\net10.0\System.Formats.Tar.dll".
             Reference found at search path location "{RawFileName}".
             This reference is not "CopyLocal" because at least one source item had "Private" set to "false" and no source items had "Private" set to "true".
         Primary reference "System.Globalization.Calendars, Version=10.0.0.0, Culture=neutral, PublicKeyToken=b03f5f7f11d50a3a".
             Resolved file path is "C:\Program Files\dotnet\packs\Microsoft.NETCore.App.Ref\10.0.3\ref\net10.0\System.Globalization.Calendars.dll".
             Reference found at search path location "{RawFileName}".
             This reference is not "CopyLocal" because at least one source item had "Private" set to "false" and no source items had "Private" set to "true".
         Primary reference "System.Globalization.Extensions, Version=10.0.0.0, Culture=neutral, PublicKeyToken=b03f5f7f11d50a3a".
             Resolved file path is "C:\Program Files\dotnet\packs\Microsoft.NETCore.App.Ref\10.0.3\ref\net10.0\System.Globalization.Extensions.dll".
             Reference found at search path location "{RawFileName}".
             This reference is not "CopyLocal" because at least one source item had "Private" set to "false" and no source items had "Private" set to "true".
         Primary reference "System.Globalization, Version=10.0.0.0, Culture=neutral, PublicKeyToken=b03f5f7f11d50a3a".
             Resolved file path is "C:\Program Files\dotnet\packs\Microsoft.NETCore.App.Ref\10.0.3\ref\net10.0\System.Globalization.dll".
             Reference found at search path location "{RawFileName}".
             This reference is not "CopyLocal" because at least one source item had "Private" set to "false" and no source items had "Private" set to "true".
         Primary reference "System.IO.Compression.Brotli, Version=10.0.0.0, Culture=neutral, PublicKeyToken=b77a5c561934e089".
             Resolved file path is "C:\Program Files\dotnet\packs\Microsoft.NETCore.App.Ref\10.0.3\ref\net10.0\System.IO.Compression.Brotli.dll".
             Reference found at search path location "{RawFileName}".
             This reference is not "CopyLocal" because at least one source item had "Private" set to "false" and no source items had "Private" set to "true".
         Primary reference "System.IO.Compression.FileSystem, Version=4.0.0.0, Culture=neutral, PublicKeyToken=b77a5c561934e089".
             Resolved file path is "C:\Program Files\dotnet\packs\Microsoft.NETCore.App.Ref\10.0.3\ref\net10.0\System.IO.Compression.FileSystem.dll".
             Reference found at search path location "{RawFileName}".
             This reference is not "CopyLocal" because at least one source item had "Private" set to "false" and no source items had "Private" set to "true".
         Primary reference "System.IO.Compression.ZipFile, Version=10.0.0.0, Culture=neutral, PublicKeyToken=b77a5c561934e089".
             Resolved file path is "C:\Program Files\dotnet\packs\Microsoft.NETCore.App.Ref\10.0.3\ref\net10.0\System.IO.Compression.ZipFile.dll".
             Reference found at search path location "{RawFileName}".
             This reference is not "CopyLocal" because at least one source item had "Private" set to "false" and no source items had "Private" set to "true".
         Primary reference "System.IO.Compression, Version=10.0.0.0, Culture=neutral, PublicKeyToken=b77a5c561934e089".
             Resolved file path is "C:\Program Files\dotnet\packs\Microsoft.NETCore.App.Ref\10.0.3\ref\net10.0\System.IO.Compression.dll".
             Reference found at search path location "{RawFileName}".
             This reference is not "CopyLocal" because at least one source item had "Private" set to "false" and no source items had "Private" set to "true".
         Primary reference "System.IO.FileSystem.AccessControl, Version=10.0.0.0, Culture=neutral, PublicKeyToken=b03f5f7f11d50a3a".
             Resolved file path is "C:\Program Files\dotnet\packs\Microsoft.NETCore.App.Ref\10.0.3\ref\net10.0\System.IO.FileSystem.AccessControl.dll".
             Reference found at search path location "{RawFileName}".
             This reference is not "CopyLocal" because at least one source item had "Private" set to "false" and no source items had "Private" set to "true".
         Primary reference "System.IO.FileSystem.DriveInfo, Version=10.0.0.0, Culture=neutral, PublicKeyToken=b03f5f7f11d50a3a".
             Resolved file path is "C:\Program Files\dotnet\packs\Microsoft.NETCore.App.Ref\10.0.3\ref\net10.0\System.IO.FileSystem.DriveInfo.dll".
             Reference found at search path location "{RawFileName}".
             This reference is not "CopyLocal" because at least one source item had "Private" set to "false" and no source items had "Private" set to "true".
         Primary reference "System.IO.FileSystem.Primitives, Version=10.0.0.0, Culture=neutral, PublicKeyToken=b03f5f7f11d50a3a".
             Resolved file path is "C:\Program Files\dotnet\packs\Microsoft.NETCore.App.Ref\10.0.3\ref\net10.0\System.IO.FileSystem.Primitives.dll".
             Reference found at search path location "{RawFileName}".
             This reference is not "CopyLocal" because at least one source item had "Private" set to "false" and no source items had "Private" set to "true".
         Primary reference "System.IO.FileSystem.Watcher, Version=10.0.0.0, Culture=neutral, PublicKeyToken=b03f5f7f11d50a3a".
             Resolved file path is "C:\Program Files\dotnet\packs\Microsoft.NETCore.App.Ref\10.0.3\ref\net10.0\System.IO.FileSystem.Watcher.dll".
             Reference found at search path location "{RawFileName}".
             This reference is not "CopyLocal" because at least one source item had "Private" set to "false" and no source items had "Private" set to "true".
         Primary reference "System.IO.FileSystem, Version=10.0.0.0, Culture=neutral, PublicKeyToken=b03f5f7f11d50a3a".
             Resolved file path is "C:\Program Files\dotnet\packs\Microsoft.NETCore.App.Ref\10.0.3\ref\net10.0\System.IO.FileSystem.dll".
             Reference found at search path location "{RawFileName}".
             This reference is not "CopyLocal" because at least one source item had "Private" set to "false" and no source items had "Private" set to "true".
         Primary reference "System.IO.IsolatedStorage, Version=10.0.0.0, Culture=neutral, PublicKeyToken=b03f5f7f11d50a3a".
             Resolved file path is "C:\Program Files\dotnet\packs\Microsoft.NETCore.App.Ref\10.0.3\ref\net10.0\System.IO.IsolatedStorage.dll".
             Reference found at search path location "{RawFileName}".
             This reference is not "CopyLocal" because at least one source item had "Private" set to "false" and no source items had "Private" set to "true".
         Primary reference "System.IO.MemoryMappedFiles, Version=10.0.0.0, Culture=neutral, PublicKeyToken=b03f5f7f11d50a3a".
             Resolved file path is "C:\Program Files\dotnet\packs\Microsoft.NETCore.App.Ref\10.0.3\ref\net10.0\System.IO.MemoryMappedFiles.dll".
             Reference found at search path location "{RawFileName}".
             This reference is not "CopyLocal" because at least one source item had "Private" set to "false" and no source items had "Private" set to "true".
         Primary reference "System.IO.Pipelines, Version=10.0.0.0, Culture=neutral, PublicKeyToken=cc7b13ffcd2ddd51".
             Resolved file path is "C:\Program Files\dotnet\packs\Microsoft.NETCore.App.Ref\10.0.3\ref\net10.0\System.IO.Pipelines.dll".
             Reference found at search path location "{RawFileName}".
             This reference is not "CopyLocal" because at least one source item had "Private" set to "false" and no source items had "Private" set to "true".
         Primary reference "System.IO.Pipes.AccessControl, Version=10.0.0.0, Culture=neutral, PublicKeyToken=b03f5f7f11d50a3a".
             Resolved file path is "C:\Program Files\dotnet\packs\Microsoft.NETCore.App.Ref\10.0.3\ref\net10.0\System.IO.Pipes.AccessControl.dll".
             Reference found at search path location "{RawFileName}".
             This reference is not "CopyLocal" because at least one source item had "Private" set to "false" and no source items had "Private" set to "true".
         Primary reference "System.IO.Pipes, Version=10.0.0.0, Culture=neutral, PublicKeyToken=b03f5f7f11d50a3a".
             Resolved file path is "C:\Program Files\dotnet\packs\Microsoft.NETCore.App.Ref\10.0.3\ref\net10.0\System.IO.Pipes.dll".
             Reference found at search path location "{RawFileName}".
             This reference is not "CopyLocal" because at least one source item had "Private" set to "false" and no source items had "Private" set to "true".
         Primary reference "System.IO.UnmanagedMemoryStream, Version=10.0.0.0, Culture=neutral, PublicKeyToken=b03f5f7f11d50a3a".
             Resolved file path is "C:\Program Files\dotnet\packs\Microsoft.NETCore.App.Ref\10.0.3\ref\net10.0\System.IO.UnmanagedMemoryStream.dll".
             Reference found at search path location "{RawFileName}".
             This reference is not "CopyLocal" because at least one source item had "Private" set to "false" and no source items had "Private" set to "true".
         Primary reference "System.IO, Version=10.0.0.0, Culture=neutral, PublicKeyToken=b03f5f7f11d50a3a".
             Resolved file path is "C:\Program Files\dotnet\packs\Microsoft.NETCore.App.Ref\10.0.3\ref\net10.0\System.IO.dll".
             Reference found at search path location "{RawFileName}".
             This reference is not "CopyLocal" because at least one source item had "Private" set to "false" and no source items had "Private" set to "true".
         Primary reference "System.Linq.AsyncEnumerable, Version=10.0.0.0, Culture=neutral, PublicKeyToken=b03f5f7f11d50a3a".
             Resolved file path is "C:\Program Files\dotnet\packs\Microsoft.NETCore.App.Ref\10.0.3\ref\net10.0\System.Linq.AsyncEnumerable.dll".
             Reference found at search path location "{RawFileName}".
             This reference is not "CopyLocal" because at least one source item had "Private" set to "false" and no source items had "Private" set to "true".
         Primary reference "System.Linq.Expressions, Version=10.0.0.0, Culture=neutral, PublicKeyToken=b03f5f7f11d50a3a".
             Resolved file path is "C:\Program Files\dotnet\packs\Microsoft.NETCore.App.Ref\10.0.3\ref\net10.0\System.Linq.Expressions.dll".
             Reference found at search path location "{RawFileName}".
             This reference is not "CopyLocal" because at least one source item had "Private" set to "false" and no source items had "Private" set to "true".
         Primary reference "System.Linq.Parallel, Version=10.0.0.0, Culture=neutral, PublicKeyToken=b03f5f7f11d50a3a".
             Resolved file path is "C:\Program Files\dotnet\packs\Microsoft.NETCore.App.Ref\10.0.3\ref\net10.0\System.Linq.Parallel.dll".
             Reference found at search path location "{RawFileName}".
             This reference is not "CopyLocal" because at least one source item had "Private" set to "false" and no source items had "Private" set to "true".
         Primary reference "System.Linq.Queryable, Version=10.0.0.0, Culture=neutral, PublicKeyToken=b03f5f7f11d50a3a".
             Resolved file path is "C:\Program Files\dotnet\packs\Microsoft.NETCore.App.Ref\10.0.3\ref\net10.0\System.Linq.Queryable.dll".
             Reference found at search path location "{RawFileName}".
             This reference is not "CopyLocal" because at least one source item had "Private" set to "false" and no source items had "Private" set to "true".
         Primary reference "System.Linq, Version=10.0.0.0, Culture=neutral, PublicKeyToken=b03f5f7f11d50a3a".
             Resolved file path is "C:\Program Files\dotnet\packs\Microsoft.NETCore.App.Ref\10.0.3\ref\net10.0\System.Linq.dll".
             Reference found at search path location "{RawFileName}".
             This reference is not "CopyLocal" because at least one source item had "Private" set to "false" and no source items had "Private" set to "true".
         Primary reference "System.Memory, Version=10.0.0.0, Culture=neutral, PublicKeyToken=cc7b13ffcd2ddd51".
             Resolved file path is "C:\Program Files\dotnet\packs\Microsoft.NETCore.App.Ref\10.0.3\ref\net10.0\System.Memory.dll".
             Reference found at search path location "{RawFileName}".
             This reference is not "CopyLocal" because at least one source item had "Private" set to "false" and no source items had "Private" set to "true".
         Primary reference "System.Net.Http.Json, Version=10.0.0.0, Culture=neutral, PublicKeyToken=cc7b13ffcd2ddd51".
             Resolved file path is "C:\Program Files\dotnet\packs\Microsoft.NETCore.App.Ref\10.0.3\ref\net10.0\System.Net.Http.Json.dll".
             Reference found at search path location "{RawFileName}".
             This reference is not "CopyLocal" because at least one source item had "Private" set to "false" and no source items had "Private" set to "true".
         Primary reference "System.Net.Http, Version=10.0.0.0, Culture=neutral, PublicKeyToken=b03f5f7f11d50a3a".
             Resolved file path is "C:\Program Files\dotnet\packs\Microsoft.NETCore.App.Ref\10.0.3\ref\net10.0\System.Net.Http.dll".
             Reference found at search path location "{RawFileName}".
             This reference is not "CopyLocal" because at least one source item had "Private" set to "false" and no source items had "Private" set to "true".
         Primary reference "System.Net.HttpListener, Version=10.0.0.0, Culture=neutral, PublicKeyToken=cc7b13ffcd2ddd51".
             Resolved file path is "C:\Program Files\dotnet\packs\Microsoft.NETCore.App.Ref\10.0.3\ref\net10.0\System.Net.HttpListener.dll".
             Reference found at search path location "{RawFileName}".
             This reference is not "CopyLocal" because at least one source item had "Private" set to "false" and no source items had "Private" set to "true".
         Primary reference "System.Net.Mail, Version=10.0.0.0, Culture=neutral, PublicKeyToken=cc7b13ffcd2ddd51".
             Resolved file path is "C:\Program Files\dotnet\packs\Microsoft.NETCore.App.Ref\10.0.3\ref\net10.0\System.Net.Mail.dll".
             Reference found at search path location "{RawFileName}".
             This reference is not "CopyLocal" because at least one source item had "Private" set to "false" and no source items had "Private" set to "true".
         Primary reference "System.Net.NameResolution, Version=10.0.0.0, Culture=neutral, PublicKeyToken=b03f5f7f11d50a3a".
             Resolved file path is "C:\Program Files\dotnet\packs\Microsoft.NETCore.App.Ref\10.0.3\ref\net10.0\System.Net.NameResolution.dll".
             Reference found at search path location "{RawFileName}".
             This reference is not "CopyLocal" because at least one source item had "Private" set to "false" and no source items had "Private" set to "true".
         Primary reference "System.Net.NetworkInformation, Version=10.0.0.0, Culture=neutral, PublicKeyToken=b03f5f7f11d50a3a".
             Resolved file path is "C:\Program Files\dotnet\packs\Microsoft.NETCore.App.Ref\10.0.3\ref\net10.0\System.Net.NetworkInformation.dll".
             Reference found at search path location "{RawFileName}".
             This reference is not "CopyLocal" because at least one source item had "Private" set to "false" and no source items had "Private" set to "true".
         Primary reference "System.Net.Ping, Version=10.0.0.0, Culture=neutral, PublicKeyToken=b03f5f7f11d50a3a".
             Resolved file path is "C:\Program Files\dotnet\packs\Microsoft.NETCore.App.Ref\10.0.3\ref\net10.0\System.Net.Ping.dll".
             Reference found at search path location "{RawFileName}".
             This reference is not "CopyLocal" because at least one source item had "Private" set to "false" and no source items had "Private" set to "true".
         Primary reference "System.Net.Primitives, Version=10.0.0.0, Culture=neutral, PublicKeyToken=b03f5f7f11d50a3a".
             Resolved file path is "C:\Program Files\dotnet\packs\Microsoft.NETCore.App.Ref\10.0.3\ref\net10.0\System.Net.Primitives.dll".
             Reference found at search path location "{RawFileName}".
             This reference is not "CopyLocal" because at least one source item had "Private" set to "false" and no source items had "Private" set to "true".
         Primary reference "System.Net.Quic, Version=10.0.0.0, Culture=neutral, PublicKeyToken=b03f5f7f11d50a3a".
             Resolved file path is "C:\Program Files\dotnet\packs\Microsoft.NETCore.App.Ref\10.0.3\ref\net10.0\System.Net.Quic.dll".
             Reference found at search path location "{RawFileName}".
             This reference is not "CopyLocal" because at least one source item had "Private" set to "false" and no source items had "Private" set to "true".
         Primary reference "System.Net.Requests, Version=10.0.0.0, Culture=neutral, PublicKeyToken=b03f5f7f11d50a3a".
             Resolved file path is "C:\Program Files\dotnet\packs\Microsoft.NETCore.App.Ref\10.0.3\ref\net10.0\System.Net.Requests.dll".
             Reference found at search path location "{RawFileName}".
             This reference is not "CopyLocal" because at least one source item had "Private" set to "false" and no source items had "Private" set to "true".
         Primary reference "System.Net.Security, Version=10.0.0.0, Culture=neutral, PublicKeyToken=b03f5f7f11d50a3a".
             Resolved file path is "C:\Program Files\dotnet\packs\Microsoft.NETCore.App.Ref\10.0.3\ref\net10.0\System.Net.Security.dll".
             Reference found at search path location "{RawFileName}".
             This reference is not "CopyLocal" because at least one source item had "Private" set to "false" and no source items had "Private" set to "true".
         Primary reference "System.Net.ServerSentEvents, Version=10.0.0.0, Culture=neutral, PublicKeyToken=cc7b13ffcd2ddd51".
             Resolved file path is "C:\Program Files\dotnet\packs\Microsoft.NETCore.App.Ref\10.0.3\ref\net10.0\System.Net.ServerSentEvents.dll".
             Reference found at search path location "{RawFileName}".
             This reference is not "CopyLocal" because at least one source item had "Private" set to "false" and no source items had "Private" set to "true".
         Primary reference "System.Net.ServicePoint, Version=10.0.0.0, Culture=neutral, PublicKeyToken=cc7b13ffcd2ddd51".
             Resolved file path is "C:\Program Files\dotnet\packs\Microsoft.NETCore.App.Ref\10.0.3\ref\net10.0\System.Net.ServicePoint.dll".
             Reference found at search path location "{RawFileName}".
             This reference is not "CopyLocal" because at least one source item had "Private" set to "false" and no source items had "Private" set to "true".
         Primary reference "System.Net.Sockets, Version=10.0.0.0, Culture=neutral, PublicKeyToken=b03f5f7f11d50a3a".
             Resolved file path is "C:\Program Files\dotnet\packs\Microsoft.NETCore.App.Ref\10.0.3\ref\net10.0\System.Net.Sockets.dll".
             Reference found at search path location "{RawFileName}".
             This reference is not "CopyLocal" because at least one source item had "Private" set to "false" and no source items had "Private" set to "true".
         Primary reference "System.Net.WebClient, Version=10.0.0.0, Culture=neutral, PublicKeyToken=cc7b13ffcd2ddd51".
             Resolved file path is "C:\Program Files\dotnet\packs\Microsoft.NETCore.App.Ref\10.0.3\ref\net10.0\System.Net.WebClient.dll".
             Reference found at search path location "{RawFileName}".
             This reference is not "CopyLocal" because at least one source item had "Private" set to "false" and no source items had "Private" set to "true".
         Primary reference "System.Net.WebHeaderCollection, Version=10.0.0.0, Culture=neutral, PublicKeyToken=b03f5f7f11d50a3a".
             Resolved file path is "C:\Program Files\dotnet\packs\Microsoft.NETCore.App.Ref\10.0.3\ref\net10.0\System.Net.WebHeaderCollection.dll".
             Reference found at search path location "{RawFileName}".
             This reference is not "CopyLocal" because at least one source item had "Private" set to "false" and no source items had "Private" set to "true".
         Primary reference "System.Net.WebProxy, Version=10.0.0.0, Culture=neutral, PublicKeyToken=cc7b13ffcd2ddd51".
             Resolved file path is "C:\Program Files\dotnet\packs\Microsoft.NETCore.App.Ref\10.0.3\ref\net10.0\System.Net.WebProxy.dll".
             Reference found at search path location "{RawFileName}".
             This reference is not "CopyLocal" because at least one source item had "Private" set to "false" and no source items had "Private" set to "true".
         Primary reference "System.Net.WebSockets.Client, Version=10.0.0.0, Culture=neutral, PublicKeyToken=b03f5f7f11d50a3a".
             Resolved file path is "C:\Program Files\dotnet\packs\Microsoft.NETCore.App.Ref\10.0.3\ref\net10.0\System.Net.WebSockets.Client.dll".
             Reference found at search path location "{RawFileName}".
             This reference is not "CopyLocal" because at least one source item had "Private" set to "false" and no source items had "Private" set to "true".
         Primary reference "System.Net.WebSockets, Version=10.0.0.0, Culture=neutral, PublicKeyToken=b03f5f7f11d50a3a".
             Resolved file path is "C:\Program Files\dotnet\packs\Microsoft.NETCore.App.Ref\10.0.3\ref\net10.0\System.Net.WebSockets.dll".
             Reference found at search path location "{RawFileName}".
             This reference is not "CopyLocal" because at least one source item had "Private" set to "false" and no source items had "Private" set to "true".
         Primary reference "System.Net, Version=4.0.0.0, Culture=neutral, PublicKeyToken=b03f5f7f11d50a3a".
             Resolved file path is "C:\Program Files\dotnet\packs\Microsoft.NETCore.App.Ref\10.0.3\ref\net10.0\System.Net.dll".
             Reference found at search path location "{RawFileName}".
             This reference is not "CopyLocal" because at least one source item had "Private" set to "false" and no source items had "Private" set to "true".
         Primary reference "System.Numerics.Vectors, Version=10.0.0.0, Culture=neutral, PublicKeyToken=b03f5f7f11d50a3a".
             Resolved file path is "C:\Program Files\dotnet\packs\Microsoft.NETCore.App.Ref\10.0.3\ref\net10.0\System.Numerics.Vectors.dll".
             Reference found at search path location "{RawFileName}".
             This reference is not "CopyLocal" because at least one source item had "Private" set to "false" and no source items had "Private" set to "true".
         Primary reference "System.Numerics, Version=4.0.0.0, Culture=neutral, PublicKeyToken=b77a5c561934e089".
             Resolved file path is "C:\Program Files\dotnet\packs\Microsoft.NETCore.App.Ref\10.0.3\ref\net10.0\System.Numerics.dll".
             Reference found at search path location "{RawFileName}".
             This reference is not "CopyLocal" because at least one source item had "Private" set to "false" and no source items had "Private" set to "true".
         Primary reference "System.ObjectModel, Version=10.0.0.0, Culture=neutral, PublicKeyToken=b03f5f7f11d50a3a".
             Resolved file path is "C:\Program Files\dotnet\packs\Microsoft.NETCore.App.Ref\10.0.3\ref\net10.0\System.ObjectModel.dll".
             Reference found at search path location "{RawFileName}".
             This reference is not "CopyLocal" because at least one source item had "Private" set to "false" and no source items had "Private" set to "true".
         Primary reference "System.Reflection.DispatchProxy, Version=10.0.0.0, Culture=neutral, PublicKeyToken=b03f5f7f11d50a3a".
             Resolved file path is "C:\Program Files\dotnet\packs\Microsoft.NETCore.App.Ref\10.0.3\ref\net10.0\System.Reflection.DispatchProxy.dll".
             Reference found at search path location "{RawFileName}".
             This reference is not "CopyLocal" because at least one source item had "Private" set to "false" and no source items had "Private" set to "true".
         Primary reference "System.Reflection.Emit.ILGeneration, Version=10.0.0.0, Culture=neutral, PublicKeyToken=b03f5f7f11d50a3a".
             Resolved file path is "C:\Program Files\dotnet\packs\Microsoft.NETCore.App.Ref\10.0.3\ref\net10.0\System.Reflection.Emit.ILGeneration.dll".
             Reference found at search path location "{RawFileName}".
             This reference is not "CopyLocal" because at least one source item had "Private" set to "false" and no source items had "Private" set to "true".
         Primary reference "System.Reflection.Emit.Lightweight, Version=10.0.0.0, Culture=neutral, PublicKeyToken=b03f5f7f11d50a3a".
             Resolved file path is "C:\Program Files\dotnet\packs\Microsoft.NETCore.App.Ref\10.0.3\ref\net10.0\System.Reflection.Emit.Lightweight.dll".
             Reference found at search path location "{RawFileName}".
             This reference is not "CopyLocal" because at least one source item had "Private" set to "false" and no source items had "Private" set to "true".
         Primary reference "System.Reflection.Emit, Version=10.0.0.0, Culture=neutral, PublicKeyToken=b03f5f7f11d50a3a".
             Resolved file path is "C:\Program Files\dotnet\packs\Microsoft.NETCore.App.Ref\10.0.3\ref\net10.0\System.Reflection.Emit.dll".
             Reference found at search path location "{RawFileName}".
             This reference is not "CopyLocal" because at least one source item had "Private" set to "false" and no source items had "Private" set to "true".
         Primary reference "System.Reflection.Extensions, Version=10.0.0.0, Culture=neutral, PublicKeyToken=b03f5f7f11d50a3a".
             Resolved file path is "C:\Program Files\dotnet\packs\Microsoft.NETCore.App.Ref\10.0.3\ref\net10.0\System.Reflection.Extensions.dll".
             Reference found at search path location "{RawFileName}".
             This reference is not "CopyLocal" because at least one source item had "Private" set to "false" and no source items had "Private" set to "true".
         Primary reference "System.Reflection.Metadata, Version=10.0.0.0, Culture=neutral, PublicKeyToken=b03f5f7f11d50a3a".
             Resolved file path is "C:\Program Files\dotnet\packs\Microsoft.NETCore.App.Ref\10.0.3\ref\net10.0\System.Reflection.Metadata.dll".
             Reference found at search path location "{RawFileName}".
             This reference is not "CopyLocal" because at least one source item had "Private" set to "false" and no source items had "Private" set to "true".
         Primary reference "System.Reflection.Primitives, Version=10.0.0.0, Culture=neutral, PublicKeyToken=b03f5f7f11d50a3a".
             Resolved file path is "C:\Program Files\dotnet\packs\Microsoft.NETCore.App.Ref\10.0.3\ref\net10.0\System.Reflection.Primitives.dll".
             Reference found at search path location "{RawFileName}".
             This reference is not "CopyLocal" because at least one source item had "Private" set to "false" and no source items had "Private" set to "true".
         Primary reference "System.Reflection.TypeExtensions, Version=10.0.0.0, Culture=neutral, PublicKeyToken=b03f5f7f11d50a3a".
             Resolved file path is "C:\Program Files\dotnet\packs\Microsoft.NETCore.App.Ref\10.0.3\ref\net10.0\System.Reflection.TypeExtensions.dll".
             Reference found at search path location "{RawFileName}".
             This reference is not "CopyLocal" because at least one source item had "Private" set to "false" and no source items had "Private" set to "true".
         Primary reference "System.Reflection, Version=10.0.0.0, Culture=neutral, PublicKeyToken=b03f5f7f11d50a3a".
             Resolved file path is "C:\Program Files\dotnet\packs\Microsoft.NETCore.App.Ref\10.0.3\ref\net10.0\System.Reflection.dll".
             Reference found at search path location "{RawFileName}".
             This reference is not "CopyLocal" because at least one source item had "Private" set to "false" and no source items had "Private" set to "true".
         Primary reference "System.Resources.Reader, Version=10.0.0.0, Culture=neutral, PublicKeyToken=b03f5f7f11d50a3a".
             Resolved file path is "C:\Program Files\dotnet\packs\Microsoft.NETCore.App.Ref\10.0.3\ref\net10.0\System.Resources.Reader.dll".
             Reference found at search path location "{RawFileName}".
             This reference is not "CopyLocal" because at least one source item had "Private" set to "false" and no source items had "Private" set to "true".
         Primary reference "System.Resources.ResourceManager, Version=10.0.0.0, Culture=neutral, PublicKeyToken=b03f5f7f11d50a3a".
             Resolved file path is "C:\Program Files\dotnet\packs\Microsoft.NETCore.App.Ref\10.0.3\ref\net10.0\System.Resources.ResourceManager.dll".
             Reference found at search path location "{RawFileName}".
             This reference is not "CopyLocal" because at least one source item had "Private" set to "false" and no source items had "Private" set to "true".
         Primary reference "System.Resources.Writer, Version=10.0.0.0, Culture=neutral, PublicKeyToken=b03f5f7f11d50a3a".
             Resolved file path is "C:\Program Files\dotnet\packs\Microsoft.NETCore.App.Ref\10.0.3\ref\net10.0\System.Resources.Writer.dll".
             Reference found at search path location "{RawFileName}".
             This reference is not "CopyLocal" because at least one source item had "Private" set to "false" and no source items had "Private" set to "true".
         Primary reference "System.Runtime.CompilerServices.Unsafe, Version=10.0.0.0, Culture=neutral, PublicKeyToken=b03f5f7f11d50a3a".
             Resolved file path is "C:\Program Files\dotnet\packs\Microsoft.NETCore.App.Ref\10.0.3\ref\net10.0\System.Runtime.CompilerServices.Unsafe.dll".
             Reference found at search path location "{RawFileName}".
             This reference is not "CopyLocal" because at least one source item had "Private" set to "false" and no source items had "Private" set to "true".
         Primary reference "System.Runtime.CompilerServices.VisualC, Version=10.0.0.0, Culture=neutral, PublicKeyToken=b03f5f7f11d50a3a".
             Resolved file path is "C:\Program Files\dotnet\packs\Microsoft.NETCore.App.Ref\10.0.3\ref\net10.0\System.Runtime.CompilerServices.VisualC.dll".
             Reference found at search path location "{RawFileName}".
             This reference is not "CopyLocal" because at least one source item had "Private" set to "false" and no source items had "Private" set to "true".
         Primary reference "System.Runtime.Extensions, Version=10.0.0.0, Culture=neutral, PublicKeyToken=b03f5f7f11d50a3a".
             Resolved file path is "C:\Program Files\dotnet\packs\Microsoft.NETCore.App.Ref\10.0.3\ref\net10.0\System.Runtime.Extensions.dll".
             Reference found at search path location "{RawFileName}".
             This reference is not "CopyLocal" because at least one source item had "Private" set to "false" and no source items had "Private" set to "true".
         Primary reference "System.Runtime.Handles, Version=10.0.0.0, Culture=neutral, PublicKeyToken=b03f5f7f11d50a3a".
             Resolved file path is "C:\Program Files\dotnet\packs\Microsoft.NETCore.App.Ref\10.0.3\ref\net10.0\System.Runtime.Handles.dll".
             Reference found at search path location "{RawFileName}".
             This reference is not "CopyLocal" because at least one source item had "Private" set to "false" and no source items had "Private" set to "true".
         Primary reference "System.Runtime.InteropServices.JavaScript, Version=10.0.0.0, Culture=neutral, PublicKeyToken=b03f5f7f11d50a3a".
             Resolved file path is "C:\Program Files\dotnet\packs\Microsoft.NETCore.App.Ref\10.0.3\ref\net10.0\System.Runtime.InteropServices.JavaScript.dll".
             Reference found at search path location "{RawFileName}".
             This reference is not "CopyLocal" because at least one source item had "Private" set to "false" and no source items had "Private" set to "true".
         Primary reference "System.Runtime.InteropServices.RuntimeInformation, Version=10.0.0.0, Culture=neutral, PublicKeyToken=b03f5f7f11d50a3a".
             Resolved file path is "C:\Program Files\dotnet\packs\Microsoft.NETCore.App.Ref\10.0.3\ref\net10.0\System.Runtime.InteropServices.RuntimeInformation.dll".
             Reference found at search path location "{RawFileName}".
             This reference is not "CopyLocal" because at least one source item had "Private" set to "false" and no source items had "Private" set to "true".
         Primary reference "System.Runtime.InteropServices, Version=10.0.0.0, Culture=neutral, PublicKeyToken=b03f5f7f11d50a3a".
             Resolved file path is "C:\Program Files\dotnet\packs\Microsoft.NETCore.App.Ref\10.0.3\ref\net10.0\System.Runtime.InteropServices.dll".
             Reference found at search path location "{RawFileName}".
             This reference is not "CopyLocal" because at least one source item had "Private" set to "false" and no source items had "Private" set to "true".
         Primary reference "System.Runtime.Intrinsics, Version=10.0.0.0, Culture=neutral, PublicKeyToken=cc7b13ffcd2ddd51".
             Resolved file path is "C:\Program Files\dotnet\packs\Microsoft.NETCore.App.Ref\10.0.3\ref\net10.0\System.Runtime.Intrinsics.dll".
             Reference found at search path location "{RawFileName}".
             This reference is not "CopyLocal" because at least one source item had "Private" set to "false" and no source items had "Private" set to "true".
         Primary reference "System.Runtime.Loader, Version=10.0.0.0, Culture=neutral, PublicKeyToken=b03f5f7f11d50a3a".
             Resolved file path is "C:\Program Files\dotnet\packs\Microsoft.NETCore.App.Ref\10.0.3\ref\net10.0\System.Runtime.Loader.dll".
             Reference found at search path location "{RawFileName}".
             This reference is not "CopyLocal" because at least one source item had "Private" set to "false" and no source items had "Private" set to "true".
         Primary reference "System.Runtime.Numerics, Version=10.0.0.0, Culture=neutral, PublicKeyToken=b03f5f7f11d50a3a".
             Resolved file path is "C:\Program Files\dotnet\packs\Microsoft.NETCore.App.Ref\10.0.3\ref\net10.0\System.Runtime.Numerics.dll".
             Reference found at search path location "{RawFileName}".
             This reference is not "CopyLocal" because at least one source item had "Private" set to "false" and no source items had "Private" set to "true".
         Primary reference "System.Runtime.Serialization.Formatters, Version=8.1.0.0, Culture=neutral, PublicKeyToken=b03f5f7f11d50a3a".
             Resolved file path is "C:\Program Files\dotnet\packs\Microsoft.NETCore.App.Ref\10.0.3\ref\net10.0\System.Runtime.Serialization.Formatters.dll".
             Reference found at search path location "{RawFileName}".
             This reference is not "CopyLocal" because at least one source item had "Private" set to "false" and no source items had "Private" set to "true".
         Primary reference "System.Runtime.Serialization.Json, Version=10.0.0.0, Culture=neutral, PublicKeyToken=b03f5f7f11d50a3a".
             Resolved file path is "C:\Program Files\dotnet\packs\Microsoft.NETCore.App.Ref\10.0.3\ref\net10.0\System.Runtime.Serialization.Json.dll".
             Reference found at search path location "{RawFileName}".
             This reference is not "CopyLocal" because at least one source item had "Private" set to "false" and no source items had "Private" set to "true".
         Primary reference "System.Runtime.Serialization.Primitives, Version=10.0.0.0, Culture=neutral, PublicKeyToken=b03f5f7f11d50a3a".
             Resolved file path is "C:\Program Files\dotnet\packs\Microsoft.NETCore.App.Ref\10.0.3\ref\net10.0\System.Runtime.Serialization.Primitives.dll".
             Reference found at search path location "{RawFileName}".
             This reference is not "CopyLocal" because at least one source item had "Private" set to "false" and no source items had "Private" set to "true".
         Primary reference "System.Runtime.Serialization.Xml, Version=10.0.0.0, Culture=neutral, PublicKeyToken=b03f5f7f11d50a3a".
             Resolved file path is "C:\Program Files\dotnet\packs\Microsoft.NETCore.App.Ref\10.0.3\ref\net10.0\System.Runtime.Serialization.Xml.dll".
             Reference found at search path location "{RawFileName}".
             This reference is not "CopyLocal" because at least one source item had "Private" set to "false" and no source items had "Private" set to "true".
         Primary reference "System.Runtime.Serialization, Version=4.0.0.0, Culture=neutral, PublicKeyToken=b77a5c561934e089".
             Resolved file path is "C:\Program Files\dotnet\packs\Microsoft.NETCore.App.Ref\10.0.3\ref\net10.0\System.Runtime.Serialization.dll".
             Reference found at search path location "{RawFileName}".
             This reference is not "CopyLocal" because at least one source item had "Private" set to "false" and no source items had "Private" set to "true".
         Primary reference "System.Runtime, Version=10.0.0.0, Culture=neutral, PublicKeyToken=b03f5f7f11d50a3a".
             Resolved file path is "C:\Program Files\dotnet\packs\Microsoft.NETCore.App.Ref\10.0.3\ref\net10.0\System.Runtime.dll".
             Reference found at search path location "{RawFileName}".
             This reference is not "CopyLocal" because at least one source item had "Private" set to "false" and no source items had "Private" set to "true".
         Primary reference "System.Security.AccessControl, Version=10.0.0.0, Culture=neutral, PublicKeyToken=b03f5f7f11d50a3a".
             Resolved file path is "C:\Program Files\dotnet\packs\Microsoft.NETCore.App.Ref\10.0.3\ref\net10.0\System.Security.AccessControl.dll".
             Reference found at search path location "{RawFileName}".
             This reference is not "CopyLocal" because at least one source item had "Private" set to "false" and no source items had "Private" set to "true".
         Primary reference "System.Security.Claims, Version=10.0.0.0, Culture=neutral, PublicKeyToken=b03f5f7f11d50a3a".
             Resolved file path is "C:\Program Files\dotnet\packs\Microsoft.NETCore.App.Ref\10.0.3\ref\net10.0\System.Security.Claims.dll".
             Reference found at search path location "{RawFileName}".
             This reference is not "CopyLocal" because at least one source item had "Private" set to "false" and no source items had "Private" set to "true".
         Primary reference "System.Security.Cryptography.Algorithms, Version=10.0.0.0, Culture=neutral, PublicKeyToken=b03f5f7f11d50a3a".
             Resolved file path is "C:\Program Files\dotnet\packs\Microsoft.NETCore.App.Ref\10.0.3\ref\net10.0\System.Security.Cryptography.Algorithms.dll".
             Reference found at search path location "{RawFileName}".
             This reference is not "CopyLocal" because at least one source item had "Private" set to "false" and no source items had "Private" set to "true".
         Primary reference "System.Security.Cryptography.Cng, Version=10.0.0.0, Culture=neutral, PublicKeyToken=b03f5f7f11d50a3a".
             Resolved file path is "C:\Program Files\dotnet\packs\Microsoft.NETCore.App.Ref\10.0.3\ref\net10.0\System.Security.Cryptography.Cng.dll".
             Reference found at search path location "{RawFileName}".
             This reference is not "CopyLocal" because at least one source item had "Private" set to "false" and no source items had "Private" set to "true".
         Primary reference "System.Security.Cryptography.Csp, Version=10.0.0.0, Culture=neutral, PublicKeyToken=b03f5f7f11d50a3a".
             Resolved file path is "C:\Program Files\dotnet\packs\Microsoft.NETCore.App.Ref\10.0.3\ref\net10.0\System.Security.Cryptography.Csp.dll".
             Reference found at search path location "{RawFileName}".
             This reference is not "CopyLocal" because at least one source item had "Private" set to "false" and no source items had "Private" set to "true".
         Primary reference "System.Security.Cryptography.Encoding, Version=10.0.0.0, Culture=neutral, PublicKeyToken=b03f5f7f11d50a3a".
             Resolved file path is "C:\Program Files\dotnet\packs\Microsoft.NETCore.App.Ref\10.0.3\ref\net10.0\System.Security.Cryptography.Encoding.dll".
             Reference found at search path location "{RawFileName}".
             This reference is not "CopyLocal" because at least one source item had "Private" set to "false" and no source items had "Private" set to "true".
         Primary reference "System.Security.Cryptography.OpenSsl, Version=10.0.0.0, Culture=neutral, PublicKeyToken=b03f5f7f11d50a3a".
             Resolved file path is "C:\Program Files\dotnet\packs\Microsoft.NETCore.App.Ref\10.0.3\ref\net10.0\System.Security.Cryptography.OpenSsl.dll".
             Reference found at search path location "{RawFileName}".
             This reference is not "CopyLocal" because at least one source item had "Private" set to "false" and no source items had "Private" set to "true".
         Primary reference "System.Security.Cryptography.Primitives, Version=10.0.0.0, Culture=neutral, PublicKeyToken=b03f5f7f11d50a3a".
             Resolved file path is "C:\Program Files\dotnet\packs\Microsoft.NETCore.App.Ref\10.0.3\ref\net10.0\System.Security.Cryptography.Primitives.dll".
             Reference found at search path location "{RawFileName}".
             This reference is not "CopyLocal" because at least one source item had "Private" set to "false" and no source items had "Private" set to "true".
         Primary reference "System.Security.Cryptography.X509Certificates, Version=10.0.0.0, Culture=neutral, PublicKeyToken=b03f5f7f11d50a3a".
             Resolved file path is "C:\Program Files\dotnet\packs\Microsoft.NETCore.App.Ref\10.0.3\ref\net10.0\System.Security.Cryptography.X509Certificates.dll".
             Reference found at search path location "{RawFileName}".
             This reference is not "CopyLocal" because at least one source item had "Private" set to "false" and no source items had "Private" set to "true".
         Primary reference "System.Security.Cryptography, Version=10.0.0.0, Culture=neutral, PublicKeyToken=b03f5f7f11d50a3a".
             Resolved file path is "C:\Program Files\dotnet\packs\Microsoft.NETCore.App.Ref\10.0.3\ref\net10.0\System.Security.Cryptography.dll".
             Reference found at search path location "{RawFileName}".
             This reference is not "CopyLocal" because at least one source item had "Private" set to "false" and no source items had "Private" set to "true".
         Primary reference "System.Security.Principal.Windows, Version=10.0.0.0, Culture=neutral, PublicKeyToken=b03f5f7f11d50a3a".
             Resolved file path is "C:\Program Files\dotnet\packs\Microsoft.NETCore.App.Ref\10.0.3\ref\net10.0\System.Security.Principal.Windows.dll".
             Reference found at search path location "{RawFileName}".
             This reference is not "CopyLocal" because at least one source item had "Private" set to "false" and no source items had "Private" set to "true".
         Primary reference "System.Security.Principal, Version=10.0.0.0, Culture=neutral, PublicKeyToken=b03f5f7f11d50a3a".
             Resolved file path is "C:\Program Files\dotnet\packs\Microsoft.NETCore.App.Ref\10.0.3\ref\net10.0\System.Security.Principal.dll".
             Reference found at search path location "{RawFileName}".
             This reference is not "CopyLocal" because at least one source item had "Private" set to "false" and no source items had "Private" set to "true".
         Primary reference "System.Security.SecureString, Version=10.0.0.0, Culture=neutral, PublicKeyToken=b03f5f7f11d50a3a".
             Resolved file path is "C:\Program Files\dotnet\packs\Microsoft.NETCore.App.Ref\10.0.3\ref\net10.0\System.Security.SecureString.dll".
             Reference found at search path location "{RawFileName}".
             This reference is not "CopyLocal" because at least one source item had "Private" set to "false" and no source items had "Private" set to "true".
         Primary reference "System.Security, Version=4.0.0.0, Culture=neutral, PublicKeyToken=b03f5f7f11d50a3a".
             Resolved file path is "C:\Program Files\dotnet\packs\Microsoft.NETCore.App.Ref\10.0.3\ref\net10.0\System.Security.dll".
             Reference found at search path location "{RawFileName}".
             This reference is not "CopyLocal" because at least one source item had "Private" set to "false" and no source items had "Private" set to "true".
         Primary reference "System.ServiceModel.Web, Version=4.0.0.0, Culture=neutral, PublicKeyToken=31bf3856ad364e35".
             Resolved file path is "C:\Program Files\dotnet\packs\Microsoft.NETCore.App.Ref\10.0.3\ref\net10.0\System.ServiceModel.Web.dll".
             Reference found at search path location "{RawFileName}".
             This reference is not "CopyLocal" because at least one source item had "Private" set to "false" and no source items had "Private" set to "true".
         Primary reference "System.ServiceProcess, Version=4.0.0.0, Culture=neutral, PublicKeyToken=b03f5f7f11d50a3a".
             Resolved file path is "C:\Program Files\dotnet\packs\Microsoft.NETCore.App.Ref\10.0.3\ref\net10.0\System.ServiceProcess.dll".
             Reference found at search path location "{RawFileName}".
             This reference is not "CopyLocal" because at least one source item had "Private" set to "false" and no source items had "Private" set to "true".
         Primary reference "System.Text.Encoding.CodePages, Version=10.0.0.0, Culture=neutral, PublicKeyToken=b03f5f7f11d50a3a".
             Resolved file path is "C:\Program Files\dotnet\packs\Microsoft.NETCore.App.Ref\10.0.3\ref\net10.0\System.Text.Encoding.CodePages.dll".
             Reference found at search path location "{RawFileName}".
             This reference is not "CopyLocal" because at least one source item had "Private" set to "false" and no source items had "Private" set to "true".
         Primary reference "System.Text.Encoding.Extensions, Version=10.0.0.0, Culture=neutral, PublicKeyToken=b03f5f7f11d50a3a".
             Resolved file path is "C:\Program Files\dotnet\packs\Microsoft.NETCore.App.Ref\10.0.3\ref\net10.0\System.Text.Encoding.Extensions.dll".
             Reference found at search path location "{RawFileName}".
             This reference is not "CopyLocal" because at least one source item had "Private" set to "false" and no source items had "Private" set to "true".
         Primary reference "System.Text.Encoding, Version=10.0.0.0, Culture=neutral, PublicKeyToken=b03f5f7f11d50a3a".
             Resolved file path is "C:\Program Files\dotnet\packs\Microsoft.NETCore.App.Ref\10.0.3\ref\net10.0\System.Text.Encoding.dll".
             Reference found at search path location "{RawFileName}".
             This reference is not "CopyLocal" because at least one source item had "Private" set to "false" and no source items had "Private" set to "true".
         Primary reference "System.Text.Encodings.Web, Version=10.0.0.0, Culture=neutral, PublicKeyToken=cc7b13ffcd2ddd51".
             Resolved file path is "C:\Program Files\dotnet\packs\Microsoft.NETCore.App.Ref\10.0.3\ref\net10.0\System.Text.Encodings.Web.dll".
             Reference found at search path location "{RawFileName}".
             This reference is not "CopyLocal" because at least one source item had "Private" set to "false" and no source items had "Private" set to "true".
         Primary reference "System.Text.Json, Version=10.0.0.0, Culture=neutral, PublicKeyToken=cc7b13ffcd2ddd51".
             Resolved file path is "C:\Program Files\dotnet\packs\Microsoft.NETCore.App.Ref\10.0.3\ref\net10.0\System.Text.Json.dll".
             Reference found at search path location "{RawFileName}".
             This reference is not "CopyLocal" because at least one source item had "Private" set to "false" and no source items had "Private" set to "true".
         Primary reference "System.Text.RegularExpressions, Version=10.0.0.0, Culture=neutral, PublicKeyToken=b03f5f7f11d50a3a".
             Resolved file path is "C:\Program Files\dotnet\packs\Microsoft.NETCore.App.Ref\10.0.3\ref\net10.0\System.Text.RegularExpressions.dll".
             Reference found at search path location "{RawFileName}".
             This reference is not "CopyLocal" because at least one source item had "Private" set to "false" and no source items had "Private" set to "true".
         Primary reference "System.Threading.AccessControl, Version=10.0.0.0, Culture=neutral, PublicKeyToken=b03f5f7f11d50a3a".
             Resolved file path is "C:\Program Files\dotnet\packs\Microsoft.NETCore.App.Ref\10.0.3\ref\net10.0\System.Threading.AccessControl.dll".
             Reference found at search path location "{RawFileName}".
             This reference is not "CopyLocal" because at least one source item had "Private" set to "false" and no source items had "Private" set to "true".
         Primary reference "System.Threading.Channels, Version=10.0.0.0, Culture=neutral, PublicKeyToken=cc7b13ffcd2ddd51".
             Resolved file path is "C:\Program Files\dotnet\packs\Microsoft.NETCore.App.Ref\10.0.3\ref\net10.0\System.Threading.Channels.dll".
             Reference found at search path location "{RawFileName}".
             This reference is not "CopyLocal" because at least one source item had "Private" set to "false" and no source items had "Private" set to "true".
         Primary reference "System.Threading.Overlapped, Version=10.0.0.0, Culture=neutral, PublicKeyToken=b03f5f7f11d50a3a".
             Resolved file path is "C:\Program Files\dotnet\packs\Microsoft.NETCore.App.Ref\10.0.3\ref\net10.0\System.Threading.Overlapped.dll".
             Reference found at search path location "{RawFileName}".
             This reference is not "CopyLocal" because at least one source item had "Private" set to "false" and no source items had "Private" set to "true".
         Primary reference "System.Threading.Tasks.Dataflow, Version=10.0.0.0, Culture=neutral, PublicKeyToken=b03f5f7f11d50a3a".
             Resolved file path is "C:\Program Files\dotnet\packs\Microsoft.NETCore.App.Ref\10.0.3\ref\net10.0\System.Threading.Tasks.Dataflow.dll".
             Reference found at search path location "{RawFileName}".
             This reference is not "CopyLocal" because at least one source item had "Private" set to "false" and no source items had "Private" set to "true".
         Primary reference "System.Threading.Tasks.Extensions, Version=10.0.0.0, Culture=neutral, PublicKeyToken=cc7b13ffcd2ddd51".
             Resolved file path is "C:\Program Files\dotnet\packs\Microsoft.NETCore.App.Ref\10.0.3\ref\net10.0\System.Threading.Tasks.Extensions.dll".
             Reference found at search path location "{RawFileName}".
             This reference is not "CopyLocal" because at least one source item had "Private" set to "false" and no source items had "Private" set to "true".
         Primary reference "System.Threading.Tasks.Parallel, Version=10.0.0.0, Culture=neutral, PublicKeyToken=b03f5f7f11d50a3a".
             Resolved file path is "C:\Program Files\dotnet\packs\Microsoft.NETCore.App.Ref\10.0.3\ref\net10.0\System.Threading.Tasks.Parallel.dll".
             Reference found at search path location "{RawFileName}".
             This reference is not "CopyLocal" because at least one source item had "Private" set to "false" and no source items had "Private" set to "true".
         Primary reference "System.Threading.Tasks, Version=10.0.0.0, Culture=neutral, PublicKeyToken=b03f5f7f11d50a3a".
             Resolved file path is "C:\Program Files\dotnet\packs\Microsoft.NETCore.App.Ref\10.0.3\ref\net10.0\System.Threading.Tasks.dll".
             Reference found at search path location "{RawFileName}".
             This reference is not "CopyLocal" because at least one source item had "Private" set to "false" and no source items had "Private" set to "true".
         Primary reference "System.Threading.Thread, Version=10.0.0.0, Culture=neutral, PublicKeyToken=b03f5f7f11d50a3a".
             Resolved file path is "C:\Program Files\dotnet\packs\Microsoft.NETCore.App.Ref\10.0.3\ref\net10.0\System.Threading.Thread.dll".
             Reference found at search path location "{RawFileName}".
             This reference is not "CopyLocal" because at least one source item had "Private" set to "false" and no source items had "Private" set to "true".
         Primary reference "System.Threading.ThreadPool, Version=10.0.0.0, Culture=neutral, PublicKeyToken=b03f5f7f11d50a3a".
             Resolved file path is "C:\Program Files\dotnet\packs\Microsoft.NETCore.App.Ref\10.0.3\ref\net10.0\System.Threading.ThreadPool.dll".
             Reference found at search path location "{RawFileName}".
             This reference is not "CopyLocal" because at least one source item had "Private" set to "false" and no source items had "Private" set to "true".
         Primary reference "System.Threading.Timer, Version=10.0.0.0, Culture=neutral, PublicKeyToken=b03f5f7f11d50a3a".
             Resolved file path is "C:\Program Files\dotnet\packs\Microsoft.NETCore.App.Ref\10.0.3\ref\net10.0\System.Threading.Timer.dll".
             Reference found at search path location "{RawFileName}".
             This reference is not "CopyLocal" because at least one source item had "Private" set to "false" and no source items had "Private" set to "true".
         Primary reference "System.Threading, Version=10.0.0.0, Culture=neutral, PublicKeyToken=b03f5f7f11d50a3a".
             Resolved file path is "C:\Program Files\dotnet\packs\Microsoft.NETCore.App.Ref\10.0.3\ref\net10.0\System.Threading.dll".
             Reference found at search path location "{RawFileName}".
             This reference is not "CopyLocal" because at least one source item had "Private" set to "false" and no source items had "Private" set to "true".
         Primary reference "System.Transactions.Local, Version=10.0.0.0, Culture=neutral, PublicKeyToken=cc7b13ffcd2ddd51".
             Resolved file path is "C:\Program Files\dotnet\packs\Microsoft.NETCore.App.Ref\10.0.3\ref\net10.0\System.Transactions.Local.dll".
             Reference found at search path location "{RawFileName}".
             This reference is not "CopyLocal" because at least one source item had "Private" set to "false" and no source items had "Private" set to "true".
         Primary reference "System.Transactions, Version=4.0.0.0, Culture=neutral, PublicKeyToken=b77a5c561934e089".
             Resolved file path is "C:\Program Files\dotnet\packs\Microsoft.NETCore.App.Ref\10.0.3\ref\net10.0\System.Transactions.dll".
             Reference found at search path location "{RawFileName}".
             This reference is not "CopyLocal" because at least one source item had "Private" set to "false" and no source items had "Private" set to "true".
         Primary reference "System.ValueTuple, Version=10.0.0.0, Culture=neutral, PublicKeyToken=cc7b13ffcd2ddd51".
             Resolved file path is "C:\Program Files\dotnet\packs\Microsoft.NETCore.App.Ref\10.0.3\ref\net10.0\System.ValueTuple.dll".
             Reference found at search path location "{RawFileName}".
             This reference is not "CopyLocal" because at least one source item had "Private" set to "false" and no source items had "Private" set to "true".
         Primary reference "System.Web.HttpUtility, Version=10.0.0.0, Culture=neutral, PublicKeyToken=cc7b13ffcd2ddd51".
             Resolved file path is "C:\Program Files\dotnet\packs\Microsoft.NETCore.App.Ref\10.0.3\ref\net10.0\System.Web.HttpUtility.dll".
             Reference found at search path location "{RawFileName}".
             This reference is not "CopyLocal" because at least one source item had "Private" set to "false" and no source items had "Private" set to "true".
         Primary reference "System.Web, Version=4.0.0.0, Culture=neutral, PublicKeyToken=b03f5f7f11d50a3a".
             Resolved file path is "C:\Program Files\dotnet\packs\Microsoft.NETCore.App.Ref\10.0.3\ref\net10.0\System.Web.dll".
             Reference found at search path location "{RawFileName}".
             This reference is not "CopyLocal" because at least one source item had "Private" set to "false" and no source items had "Private" set to "true".
         Primary reference "System.Windows, Version=4.0.0.0, Culture=neutral, PublicKeyToken=b03f5f7f11d50a3a".
             Resolved file path is "C:\Program Files\dotnet\packs\Microsoft.NETCore.App.Ref\10.0.3\ref\net10.0\System.Windows.dll".
             Reference found at search path location "{RawFileName}".
             This reference is not "CopyLocal" because at least one source item had "Private" set to "false" and no source items had "Private" set to "true".
         Primary reference "System.Xml.Linq, Version=4.0.0.0, Culture=neutral, PublicKeyToken=b77a5c561934e089".
             Resolved file path is "C:\Program Files\dotnet\packs\Microsoft.NETCore.App.Ref\10.0.3\ref\net10.0\System.Xml.Linq.dll".
             Reference found at search path location "{RawFileName}".
             This reference is not "CopyLocal" because at least one source item had "Private" set to "false" and no source items had "Private" set to "true".
         Primary reference "System.Xml.ReaderWriter, Version=10.0.0.0, Culture=neutral, PublicKeyToken=b03f5f7f11d50a3a".
             Resolved file path is "C:\Program Files\dotnet\packs\Microsoft.NETCore.App.Ref\10.0.3\ref\net10.0\System.Xml.ReaderWriter.dll".
             Reference found at search path location "{RawFileName}".
             This reference is not "CopyLocal" because at least one source item had "Private" set to "false" and no source items had "Private" set to "true".
         Primary reference "System.Xml.Serialization, Version=4.0.0.0, Culture=neutral, PublicKeyToken=b77a5c561934e089".
             Resolved file path is "C:\Program Files\dotnet\packs\Microsoft.NETCore.App.Ref\10.0.3\ref\net10.0\System.Xml.Serialization.dll".
             Reference found at search path location "{RawFileName}".
             This reference is not "CopyLocal" because at least one source item had "Private" set to "false" and no source items had "Private" set to "true".
         Primary reference "System.Xml.XDocument, Version=10.0.0.0, Culture=neutral, PublicKeyToken=b03f5f7f11d50a3a".
             Resolved file path is "C:\Program Files\dotnet\packs\Microsoft.NETCore.App.Ref\10.0.3\ref\net10.0\System.Xml.XDocument.dll".
             Reference found at search path location "{RawFileName}".
             This reference is not "CopyLocal" because at least one source item had "Private" set to "false" and no source items had "Private" set to "true".
         Primary reference "System.Xml.XPath.XDocument, Version=10.0.0.0, Culture=neutral, PublicKeyToken=b03f5f7f11d50a3a".
             Resolved file path is "C:\Program Files\dotnet\packs\Microsoft.NETCore.App.Ref\10.0.3\ref\net10.0\System.Xml.XPath.XDocument.dll".
             Reference found at search path location "{RawFileName}".
             This reference is not "CopyLocal" because at least one source item had "Private" set to "false" and no source items had "Private" set to "true".
         Primary reference "System.Xml.XPath, Version=10.0.0.0, Culture=neutral, PublicKeyToken=b03f5f7f11d50a3a".
             Resolved file path is "C:\Program Files\dotnet\packs\Microsoft.NETCore.App.Ref\10.0.3\ref\net10.0\System.Xml.XPath.dll".
             Reference found at search path location "{RawFileName}".
             This reference is not "CopyLocal" because at least one source item had "Private" set to "false" and no source items had "Private" set to "true".
         Primary reference "System.Xml.XmlDocument, Version=10.0.0.0, Culture=neutral, PublicKeyToken=b03f5f7f11d50a3a".
             Resolved file path is "C:\Program Files\dotnet\packs\Microsoft.NETCore.App.Ref\10.0.3\ref\net10.0\System.Xml.XmlDocument.dll".
             Reference found at search path location "{RawFileName}".
             This reference is not "CopyLocal" because at least one source item had "Private" set to "false" and no source items had "Private" set to "true".
         Primary reference "System.Xml.XmlSerializer, Version=10.0.0.0, Culture=neutral, PublicKeyToken=b03f5f7f11d50a3a".
             Resolved file path is "C:\Program Files\dotnet\packs\Microsoft.NETCore.App.Ref\10.0.3\ref\net10.0\System.Xml.XmlSerializer.dll".
             Reference found at search path location "{RawFileName}".
             This reference is not "CopyLocal" because at least one source item had "Private" set to "false" and no source items had "Private" set to "true".
         Primary reference "System.Xml, Version=4.0.0.0, Culture=neutral, PublicKeyToken=b77a5c561934e089".
             Resolved file path is "C:\Program Files\dotnet\packs\Microsoft.NETCore.App.Ref\10.0.3\ref\net10.0\System.Xml.dll".
             Reference found at search path location "{RawFileName}".
             This reference is not "CopyLocal" because at least one source item had "Private" set to "false" and no source items had "Private" set to "true".
         Primary reference "System, Version=4.0.0.0, Culture=neutral, PublicKeyToken=b77a5c561934e089".
             Resolved file path is "C:\Program Files\dotnet\packs\Microsoft.NETCore.App.Ref\10.0.3\ref\net10.0\System.dll".
             Reference found at search path location "{RawFileName}".
             This reference is not "CopyLocal" because at least one source item had "Private" set to "false" and no source items had "Private" set to "true".
         Primary reference "mscorlib, Version=4.0.0.0, Culture=neutral, PublicKeyToken=b77a5c561934e089".
             Resolved file path is "C:\Program Files\dotnet\packs\Microsoft.NETCore.App.Ref\10.0.3\ref\net10.0\mscorlib.dll".
             Reference found at search path location "{RawFileName}".
             This reference is not "CopyLocal" because at least one source item had "Private" set to "false" and no source items had "Private" set to "true".
         Primary reference "netstandard, Version=2.1.0.0, Culture=neutral, PublicKeyToken=cc7b13ffcd2ddd51".
             Resolved file path is "C:\Program Files\dotnet\packs\Microsoft.NETCore.App.Ref\10.0.3\ref\net10.0\netstandard.dll".
             Reference found at search path location "{RawFileName}".
             This reference is not "CopyLocal" because at least one source item had "Private" set to "false" and no source items had "Private" set to "true".
         Primary reference "Accessibility, Version=4.0.0.0, Culture=neutral, PublicKeyToken=31bf3856ad364e35".
             Resolved file path is "C:\Program Files\dotnet\packs\Microsoft.WindowsDesktop.App.Ref\10.0.3\ref\net10.0\Accessibility.dll".
             Reference found at search path location "{RawFileName}".
             This reference is not "CopyLocal" because at least one source item had "Private" set to "false" and no source items had "Private" set to "true".
         Primary reference "Microsoft.Win32.Registry.AccessControl, Version=10.0.0.0, Culture=neutral, PublicKeyToken=b03f5f7f11d50a3a".
             Resolved file path is "C:\Program Files\dotnet\packs\Microsoft.WindowsDesktop.App.Ref\10.0.3\ref\net10.0\Microsoft.Win32.Registry.AccessControl.dll".
             Reference found at search path location "{RawFileName}".
             This reference is not "CopyLocal" because at least one source item had "Private" set to "false" and no source items had "Private" set to "true".
         Primary reference "Microsoft.Win32.SystemEvents, Version=10.0.0.0, Culture=neutral, PublicKeyToken=cc7b13ffcd2ddd51".
             Resolved file path is "C:\Program Files\dotnet\packs\Microsoft.WindowsDesktop.App.Ref\10.0.3\ref\net10.0\Microsoft.Win32.SystemEvents.dll".
             Reference found at search path location "{RawFileName}".
             This reference is not "CopyLocal" because at least one source item had "Private" set to "false" and no source items had "Private" set to "true".
         Primary reference "PresentationCore, Version=10.0.0.0, Culture=neutral, PublicKeyToken=31bf3856ad364e35".
             Resolved file path is "C:\Program Files\dotnet\packs\Microsoft.WindowsDesktop.App.Ref\10.0.3\ref\net10.0\PresentationCore.dll".
             Reference found at search path location "{RawFileName}".
             This reference is not "CopyLocal" because at least one source item had "Private" set to "false" and no source items had "Private" set to "true".
         Primary reference "PresentationFramework.Aero, Version=10.0.0.0, Culture=neutral, PublicKeyToken=31bf3856ad364e35".
             Resolved file path is "C:\Program Files\dotnet\packs\Microsoft.WindowsDesktop.App.Ref\10.0.3\ref\net10.0\PresentationFramework.Aero.dll".
             Reference found at search path location "{RawFileName}".
             This reference is not "CopyLocal" because at least one source item had "Private" set to "false" and no source items had "Private" set to "true".
         Primary reference "PresentationFramework.Aero2, Version=10.0.0.0, Culture=neutral, PublicKeyToken=31bf3856ad364e35".
             Resolved file path is "C:\Program Files\dotnet\packs\Microsoft.WindowsDesktop.App.Ref\10.0.3\ref\net10.0\PresentationFramework.Aero2.dll".
             Reference found at search path location "{RawFileName}".
             This reference is not "CopyLocal" because at least one source item had "Private" set to "false" and no source items had "Private" set to "true".
         Primary reference "PresentationFramework.AeroLite, Version=10.0.0.0, Culture=neutral, PublicKeyToken=31bf3856ad364e35".
             Resolved file path is "C:\Program Files\dotnet\packs\Microsoft.WindowsDesktop.App.Ref\10.0.3\ref\net10.0\PresentationFramework.AeroLite.dll".
             Reference found at search path location "{RawFileName}".
             This reference is not "CopyLocal" because at least one source item had "Private" set to "false" and no source items had "Private" set to "true".
         Primary reference "PresentationFramework.Classic, Version=10.0.0.0, Culture=neutral, PublicKeyToken=31bf3856ad364e35".
             Resolved file path is "C:\Program Files\dotnet\packs\Microsoft.WindowsDesktop.App.Ref\10.0.3\ref\net10.0\PresentationFramework.Classic.dll".
             Reference found at search path location "{RawFileName}".
             This reference is not "CopyLocal" because at least one source item had "Private" set to "false" and no source items had "Private" set to "true".
         Primary reference "PresentationFramework.Luna, Version=10.0.0.0, Culture=neutral, PublicKeyToken=31bf3856ad364e35".
             Resolved file path is "C:\Program Files\dotnet\packs\Microsoft.WindowsDesktop.App.Ref\10.0.3\ref\net10.0\PresentationFramework.Luna.dll".
             Reference found at search path location "{RawFileName}".
             This reference is not "CopyLocal" because at least one source item had "Private" set to "false" and no source items had "Private" set to "true".
         Primary reference "PresentationFramework.Royale, Version=10.0.0.0, Culture=neutral, PublicKeyToken=31bf3856ad364e35".
             Resolved file path is "C:\Program Files\dotnet\packs\Microsoft.WindowsDesktop.App.Ref\10.0.3\ref\net10.0\PresentationFramework.Royale.dll".
             Reference found at search path location "{RawFileName}".
             This reference is not "CopyLocal" because at least one source item had "Private" set to "false" and no source items had "Private" set to "true".
         Primary reference "PresentationFramework, Version=10.0.0.0, Culture=neutral, PublicKeyToken=31bf3856ad364e35".
             Resolved file path is "C:\Program Files\dotnet\packs\Microsoft.WindowsDesktop.App.Ref\10.0.3\ref\net10.0\PresentationFramework.dll".
             Reference found at search path location "{RawFileName}".
             This reference is not "CopyLocal" because at least one source item had "Private" set to "false" and no source items had "Private" set to "true".
         Primary reference "PresentationUI, Version=10.0.0.0, Culture=neutral, PublicKeyToken=b77a5c561934e089".
             Resolved file path is "C:\Program Files\dotnet\packs\Microsoft.WindowsDesktop.App.Ref\10.0.3\ref\net10.0\PresentationUI.dll".
             Reference found at search path location "{RawFileName}".
             This reference is not "CopyLocal" because at least one source item had "Private" set to "false" and no source items had "Private" set to "true".
         Primary reference "ReachFramework, Version=10.0.0.0, Culture=neutral, PublicKeyToken=31bf3856ad364e35".
             Resolved file path is "C:\Program Files\dotnet\packs\Microsoft.WindowsDesktop.App.Ref\10.0.3\ref\net10.0\ReachFramework.dll".
             Reference found at search path location "{RawFileName}".
             This reference is not "CopyLocal" because at least one source item had "Private" set to "false" and no source items had "Private" set to "true".
         Primary reference "System.CodeDom, Version=10.0.0.0, Culture=neutral, PublicKeyToken=cc7b13ffcd2ddd51".
             Resolved file path is "C:\Program Files\dotnet\packs\Microsoft.WindowsDesktop.App.Ref\10.0.3\ref\net10.0\System.CodeDom.dll".
             Reference found at search path location "{RawFileName}".
             This reference is not "CopyLocal" because at least one source item had "Private" set to "false" and no source items had "Private" set to "true".
         Primary reference "System.Configuration.ConfigurationManager, Version=10.0.0.0, Culture=neutral, PublicKeyToken=cc7b13ffcd2ddd51".
             Resolved file path is "C:\Program Files\dotnet\packs\Microsoft.WindowsDesktop.App.Ref\10.0.3\ref\net10.0\System.Configuration.ConfigurationManager.dll".
             Reference found at search path location "{RawFileName}".
             This reference is not "CopyLocal" because at least one source item had "Private" set to "false" and no source items had "Private" set to "true".
         Primary reference "System.Diagnostics.EventLog, Version=10.0.0.0, Culture=neutral, PublicKeyToken=cc7b13ffcd2ddd51".
             Resolved file path is "C:\Program Files\dotnet\packs\Microsoft.WindowsDesktop.App.Ref\10.0.3\ref\net10.0\System.Diagnostics.EventLog.dll".
             Reference found at search path location "{RawFileName}".
             This reference is not "CopyLocal" because at least one source item had "Private" set to "false" and no source items had "Private" set to "true".
         Primary reference "System.Diagnostics.PerformanceCounter, Version=10.0.0.0, Culture=neutral, PublicKeyToken=cc7b13ffcd2ddd51".
             Resolved file path is "C:\Program Files\dotnet\packs\Microsoft.WindowsDesktop.App.Ref\10.0.3\ref\net10.0\System.Diagnostics.PerformanceCounter.dll".
             Reference found at search path location "{RawFileName}".
             This reference is not "CopyLocal" because at least one source item had "Private" set to "false" and no source items had "Private" set to "true".
         Primary reference "System.DirectoryServices, Version=10.0.0.0, Culture=neutral, PublicKeyToken=b03f5f7f11d50a3a".
             Resolved file path is "C:\Program Files\dotnet\packs\Microsoft.WindowsDesktop.App.Ref\10.0.3\ref\net10.0\System.DirectoryServices.dll".
             Reference found at search path location "{RawFileName}".
             This reference is not "CopyLocal" because at least one source item had "Private" set to "false" and no source items had "Private" set to "true".
         Primary reference "System.Drawing.Common, Version=10.0.0.0, Culture=neutral, PublicKeyToken=cc7b13ffcd2ddd51".
             Resolved file path is "C:\Program Files\dotnet\packs\Microsoft.WindowsDesktop.App.Ref\10.0.3\ref\net10.0\System.Drawing.Common.dll".
             Reference found at search path location "{RawFileName}".
             This reference is not "CopyLocal" because at least one source item had "Private" set to "false" and no source items had "Private" set to "true".
         Primary reference "System.Formats.Nrbf, Version=10.0.0.0, Culture=neutral, PublicKeyToken=cc7b13ffcd2ddd51".
             Resolved file path is "C:\Program Files\dotnet\packs\Microsoft.WindowsDesktop.App.Ref\10.0.3\ref\net10.0\System.Formats.Nrbf.dll".
             Reference found at search path location "{RawFileName}".
             This reference is not "CopyLocal" because at least one source item had "Private" set to "false" and no source items had "Private" set to "true".
         Primary reference "System.IO.Packaging, Version=10.0.0.0, Culture=neutral, PublicKeyToken=b03f5f7f11d50a3a".
             Resolved file path is "C:\Program Files\dotnet\packs\Microsoft.WindowsDesktop.App.Ref\10.0.3\ref\net10.0\System.IO.Packaging.dll".
             Reference found at search path location "{RawFileName}".
             This reference is not "CopyLocal" because at least one source item had "Private" set to "false" and no source items had "Private" set to "true".
         Primary reference "System.Printing, Version=10.0.0.0, Culture=neutral, PublicKeyToken=31bf3856ad364e35".
             Resolved file path is "C:\Program Files\dotnet\packs\Microsoft.WindowsDesktop.App.Ref\10.0.3\ref\net10.0\System.Printing.dll".
             Reference found at search path location "{RawFileName}".
             This reference is not "CopyLocal" because at least one source item had "Private" set to "false" and no source items had "Private" set to "true".
         Primary reference "System.Private.Windows.Core, Version=10.0.0.0, Culture=neutral, PublicKeyToken=b77a5c561934e089".
             Resolved file path is "C:\Program Files\dotnet\packs\Microsoft.WindowsDesktop.App.Ref\10.0.3\ref\net10.0\System.Private.Windows.Core.dll".
             Reference found at search path location "{RawFileName}".
             This reference is not "CopyLocal" because at least one source item had "Private" set to "false" and no source items had "Private" set to "true".
         Primary reference "System.Private.Windows.GdiPlus, Version=10.0.0.0, Culture=neutral, PublicKeyToken=b77a5c561934e089".
             Resolved file path is "C:\Program Files\dotnet\packs\Microsoft.WindowsDesktop.App.Ref\10.0.3\ref\net10.0\System.Private.Windows.GdiPlus.dll".
             Reference found at search path location "{RawFileName}".
             This reference is not "CopyLocal" because at least one source item had "Private" set to "false" and no source items had "Private" set to "true".
         Primary reference "System.Resources.Extensions, Version=10.0.0.0, Culture=neutral, PublicKeyToken=cc7b13ffcd2ddd51".
             Resolved file path is "C:\Program Files\dotnet\packs\Microsoft.WindowsDesktop.App.Ref\10.0.3\ref\net10.0\System.Resources.Extensions.dll".
             Reference found at search path location "{RawFileName}".
             This reference is not "CopyLocal" because at least one source item had "Private" set to "false" and no source items had "Private" set to "true".
         Primary reference "System.Security.Cryptography.Pkcs, Version=10.0.0.0, Culture=neutral, PublicKeyToken=b03f5f7f11d50a3a".
             Resolved file path is "C:\Program Files\dotnet\packs\Microsoft.WindowsDesktop.App.Ref\10.0.3\ref\net10.0\System.Security.Cryptography.Pkcs.dll".
             Reference found at search path location "{RawFileName}".
             This reference is not "CopyLocal" because at least one source item had "Private" set to "false" and no source items had "Private" set to "true".
         Primary reference "System.Security.Cryptography.ProtectedData, Version=10.0.0.0, Culture=neutral, PublicKeyToken=b03f5f7f11d50a3a".
             Resolved file path is "C:\Program Files\dotnet\packs\Microsoft.WindowsDesktop.App.Ref\10.0.3\ref\net10.0\System.Security.Cryptography.ProtectedData.dll".
             Reference found at search path location "{RawFileName}".
             This reference is not "CopyLocal" because at least one source item had "Private" set to "false" and no source items had "Private" set to "true".
         Primary reference "System.Security.Cryptography.Xml, Version=10.0.0.0, Culture=neutral, PublicKeyToken=cc7b13ffcd2ddd51".
             Resolved file path is "C:\Program Files\dotnet\packs\Microsoft.WindowsDesktop.App.Ref\10.0.3\ref\net10.0\System.Security.Cryptography.Xml.dll".
             Reference found at search path location "{RawFileName}".
             This reference is not "CopyLocal" because at least one source item had "Private" set to "false" and no source items had "Private" set to "true".
         Primary reference "System.Security.Permissions, Version=10.0.0.0, Culture=neutral, PublicKeyToken=cc7b13ffcd2ddd51".
             Resolved file path is "C:\Program Files\dotnet\packs\Microsoft.WindowsDesktop.App.Ref\10.0.3\ref\net10.0\System.Security.Permissions.dll".
             Reference found at search path location "{RawFileName}".
             This reference is not "CopyLocal" because at least one source item had "Private" set to "false" and no source items had "Private" set to "true".
         Primary reference "System.Windows.Controls.Ribbon, Version=10.0.0.0, Culture=neutral, PublicKeyToken=b77a5c561934e089".
             Resolved file path is "C:\Program Files\dotnet\packs\Microsoft.WindowsDesktop.App.Ref\10.0.3\ref\net10.0\System.Windows.Controls.Ribbon.dll".
             Reference found at search path location "{RawFileName}".
             This reference is not "CopyLocal" because at least one source item had "Private" set to "false" and no source items had "Private" set to "true".
         Primary reference "System.Windows.Extensions, Version=10.0.0.0, Culture=neutral, PublicKeyToken=cc7b13ffcd2ddd51".
             Resolved file path is "C:\Program Files\dotnet\packs\Microsoft.WindowsDesktop.App.Ref\10.0.3\ref\net10.0\System.Windows.Extensions.dll".
             Reference found at search path location "{RawFileName}".
             This reference is not "CopyLocal" because at least one source item had "Private" set to "false" and no source items had "Private" set to "true".
         Primary reference "System.Windows.Input.Manipulations, Version=10.0.0.0, Culture=neutral, PublicKeyToken=b77a5c561934e089".
             Resolved file path is "C:\Program Files\dotnet\packs\Microsoft.WindowsDesktop.App.Ref\10.0.3\ref\net10.0\System.Windows.Input.Manipulations.dll".
             Reference found at search path location "{RawFileName}".
             This reference is not "CopyLocal" because at least one source item had "Private" set to "false" and no source items had "Private" set to "true".
         Primary reference "System.Windows.Presentation, Version=10.0.0.0, Culture=neutral, PublicKeyToken=b77a5c561934e089".
             Resolved file path is "C:\Program Files\dotnet\packs\Microsoft.WindowsDesktop.App.Ref\10.0.3\ref\net10.0\System.Windows.Presentation.dll".
             Reference found at search path location "{RawFileName}".
             This reference is not "CopyLocal" because at least one source item had "Private" set to "false" and no source items had "Private" set to "true".
         Primary reference "System.Windows.Primitives, Version=10.0.0.0, Culture=neutral, PublicKeyToken=31bf3856ad364e35".
             Resolved file path is "C:\Program Files\dotnet\packs\Microsoft.WindowsDesktop.App.Ref\10.0.3\ref\net10.0\System.Windows.Primitives.dll".
             Reference found at search path location "{RawFileName}".
             This reference is not "CopyLocal" because at least one source item had "Private" set to "false" and no source items had "Private" set to "true".
         Primary reference "System.Xaml, Version=10.0.0.0, Culture=neutral, PublicKeyToken=b77a5c561934e089".
             Resolved file path is "C:\Program Files\dotnet\packs\Microsoft.WindowsDesktop.App.Ref\10.0.3\ref\net10.0\System.Xaml.dll".
             Reference found at search path location "{RawFileName}".
             This reference is not "CopyLocal" because at least one source item had "Private" set to "false" and no source items had "Private" set to "true".
         Primary reference "UIAutomationClient, Version=10.0.0.0, Culture=neutral, PublicKeyToken=31bf3856ad364e35".
             Resolved file path is "C:\Program Files\dotnet\packs\Microsoft.WindowsDesktop.App.Ref\10.0.3\ref\net10.0\UIAutomationClient.dll".
             Reference found at search path location "{RawFileName}".
             This reference is not "CopyLocal" because at least one source item had "Private" set to "false" and no source items had "Private" set to "true".
         Primary reference "UIAutomationClientSideProviders, Version=10.0.0.0, Culture=neutral, PublicKeyToken=b77a5c561934e089".
             Resolved file path is "C:\Program Files\dotnet\packs\Microsoft.WindowsDesktop.App.Ref\10.0.3\ref\net10.0\UIAutomationClientSideProviders.dll".
             Reference found at search path location "{RawFileName}".
             This reference is not "CopyLocal" because at least one source item had "Private" set to "false" and no source items had "Private" set to "true".
         Primary reference "UIAutomationProvider, Version=10.0.0.0, Culture=neutral, PublicKeyToken=31bf3856ad364e35".
             Resolved file path is "C:\Program Files\dotnet\packs\Microsoft.WindowsDesktop.App.Ref\10.0.3\ref\net10.0\UIAutomationProvider.dll".
             Reference found at search path location "{RawFileName}".
             This reference is not "CopyLocal" because at least one source item had "Private" set to "false" and no source items had "Private" set to "true".
         Primary reference "UIAutomationTypes, Version=10.0.0.0, Culture=neutral, PublicKeyToken=31bf3856ad364e35".
             Resolved file path is "C:\Program Files\dotnet\packs\Microsoft.WindowsDesktop.App.Ref\10.0.3\ref\net10.0\UIAutomationTypes.dll".
             Reference found at search path location "{RawFileName}".
             This reference is not "CopyLocal" because at least one source item had "Private" set to "false" and no source items had "Private" set to "true".
         Primary reference "WindowsBase, Version=10.0.0.0, Culture=neutral, PublicKeyToken=31bf3856ad364e35".
             Resolved file path is "C:\Program Files\dotnet\packs\Microsoft.WindowsDesktop.App.Ref\10.0.3\ref\net10.0\WindowsBase.dll".
             Reference found at search path location "{RawFileName}".
             This reference is not "CopyLocal" because at least one source item had "Private" set to "false" and no source items had "Private" set to "true".
       Done executing task "ResolveAssemblyReference".
   4:9>Done building target "ResolveAssemblyReferences" in project "TicketConsolidator.Infrastructure.csproj".
   4:9>Target "AfterResolveReferences" in file "C:\Program Files\dotnet\sdk\10.0.103\Microsoft.Common.CurrentVersion.targets" from project "c:\Apps\TicketConsolidator\src\TicketConsolidator.Infrastructure\TicketConsolidator.Infrastructure.csproj" (target "ResolveReferences" depends on it):
   4:9>Done building target "AfterResolveReferences" in project "TicketConsolidator.Infrastructure.csproj".
   4:9>Target "ResolveReferences" in file "C:\Program Files\dotnet\sdk\10.0.103\Microsoft.Common.CurrentVersion.targets" from project "c:\Apps\TicketConsolidator\src\TicketConsolidator.Infrastructure\TicketConsolidator.Infrastructure.csproj" (target "_BlockWinMDsOnUnsupportedTFMs" depends on it):
   4:9>Done building target "ResolveReferences" in project "TicketConsolidator.Infrastructure.csproj".
   4:9>Target "_BlockWinMDsOnUnsupportedTFMs" in file "C:\Program Files\dotnet\sdk\10.0.103\Sdks\Microsoft.NET.Sdk\targets\Microsoft.NET.Sdk.targets" from project "c:\Apps\TicketConsolidator\src\TicketConsolidator.Infrastructure\TicketConsolidator.Infrastructure.csproj" (target "CoreBuild" depends on it):
       Using "CheckForUnsupportedWinMDReferences" task from assembly "C:\Program Files\dotnet\sdk\10.0.103\Sdks\Microsoft.NET.Sdk\targets\..\tools\net10.0\Microsoft.NET.Build.Tasks.dll".
       Task "CheckForUnsupportedWinMDReferences"
       Done executing task "CheckForUnsupportedWinMDReferences".
   4:9>Done building target "_BlockWinMDsOnUnsupportedTFMs" in project "TicketConsolidator.Infrastructure.csproj".
       Target "ResolveReferences" skipped. Previously built successfully.
   4:9>Target "AfterMarkupCompilePass1" in file "C:\Program Files\dotnet\sdk\10.0.103\Sdks\Microsoft.NET.Sdk.WindowsDesktop\targets\Microsoft.WinFX.targets" from project "c:\Apps\TicketConsolidator\src\TicketConsolidator.Infrastructure\TicketConsolidator.Infrastructure.csproj" (target "PrepareResources" depends on it):
   4:9>Done building target "AfterMarkupCompilePass1" in project "TicketConsolidator.Infrastructure.csproj".
   4:9>Target "FileClassification" in file "C:\Program Files\dotnet\sdk\10.0.103\Sdks\Microsoft.NET.Sdk.WindowsDesktop\targets\Microsoft.WinFX.targets" from project "c:\Apps\TicketConsolidator\src\TicketConsolidator.Infrastructure\TicketConsolidator.Infrastructure.csproj" (target "PrepareResources" depends on it):
   4:9>Done building target "FileClassification" in project "TicketConsolidator.Infrastructure.csproj".
       Target "ResolvePackageDependenciesForBuild" skipped. Previously built successfully.
       Target "_HandlePackageFileConflicts" skipped. Previously built successfully.
   4:9>Target "CopyAdditionalFiles" in file "C:\Program Files\dotnet\sdk\10.0.103\Roslyn\Microsoft.Managed.Core.targets" from project "c:\Apps\TicketConsolidator\src\TicketConsolidator.Infrastructure\TicketConsolidator.Infrastructure.csproj" (target "AssignTargetPaths" depends on it):
   4:9>Done building target "CopyAdditionalFiles" in project "TicketConsolidator.Infrastructure.csproj".
   4:9>Target "_ComputeNETCoreBuildOutputFiles" in file "C:\Program Files\dotnet\sdk\10.0.103\Sdks\Microsoft.NET.Sdk\targets\Microsoft.NET.Sdk.targets" from project "c:\Apps\TicketConsolidator\src\TicketConsolidator.Infrastructure\TicketConsolidator.Infrastructure.csproj" (target "AssignTargetPaths" depends on it):
   4:9>Done building target "_ComputeNETCoreBuildOutputFiles" in project "TicketConsolidator.Infrastructure.csproj".
   4:9>Target "AssignTargetPaths" in file "C:\Program Files\dotnet\sdk\10.0.103\Microsoft.Common.CurrentVersion.targets" from project "c:\Apps\TicketConsolidator\src\TicketConsolidator.Infrastructure\TicketConsolidator.Infrastructure.csproj" (target "PrepareResourceNames" depends on it):
       Using "AssignTargetPath" task from assembly "Microsoft.Build.Tasks.Core, Version=15.1.0.0, Culture=neutral, PublicKeyToken=b03f5f7f11d50a3a".
       Task "AssignTargetPath"
       Done executing task "AssignTargetPath".
       Task "AssignTargetPath"
       Done executing task "AssignTargetPath".
       Task "AssignTargetPath"
       Done executing task "AssignTargetPath".
       Task "AssignTargetPath"
       Done executing task "AssignTargetPath".
   4:9>Done building target "AssignTargetPaths" in project "TicketConsolidator.Infrastructure.csproj".
       Target "AssignTargetPaths" skipped. Previously built successfully.
   4:9>Target "SplitResourcesByCulture" in file "C:\Program Files\dotnet\sdk\10.0.103\Microsoft.Common.CurrentVersion.targets" from project "c:\Apps\TicketConsolidator\src\TicketConsolidator.Infrastructure\TicketConsolidator.Infrastructure.csproj" (target "PrepareResourceNames" depends on it):
       Using "AssignCulture" task from assembly "Microsoft.Build.Tasks.Core, Version=15.1.0.0, Culture=neutral, PublicKeyToken=b03f5f7f11d50a3a".
       Task "AssignCulture"
       Done executing task "AssignCulture".
   4:9>Done building target "SplitResourcesByCulture" in project "TicketConsolidator.Infrastructure.csproj".
   4:9>Target "CreateCustomManifestResourceNames" in file "C:\Program Files\dotnet\sdk\10.0.103\Microsoft.Common.CurrentVersion.targets" from project "c:\Apps\TicketConsolidator\src\TicketConsolidator.Infrastructure\TicketConsolidator.Infrastructure.csproj" (target "PrepareResourceNames" depends on it):
   4:9>Done building target "CreateCustomManifestResourceNames" in project "TicketConsolidator.Infrastructure.csproj".
   4:9>Target "PrepareResourceNames" in file "C:\Program Files\dotnet\sdk\10.0.103\Microsoft.Common.CurrentVersion.targets" from project "c:\Apps\TicketConsolidator\src\TicketConsolidator.Infrastructure\TicketConsolidator.Infrastructure.csproj" (target "PrepareResources" depends on it):
   4:9>Done building target "PrepareResourceNames" in project "TicketConsolidator.Infrastructure.csproj".
       Target "ResolveAssemblyReferences" skipped. Previously built successfully.
       Target "SplitResourcesByCulture" skipped. Previously built successfully.
   4:9>Target "BeforeResGen" in file "C:\Program Files\dotnet\sdk\10.0.103\Microsoft.Common.CurrentVersion.targets" from project "c:\Apps\TicketConsolidator\src\TicketConsolidator.Infrastructure\TicketConsolidator.Infrastructure.csproj" (target "ResGen" depends on it):
   4:9>Done building target "BeforeResGen" in project "TicketConsolidator.Infrastructure.csproj".
       Target "ResolveReferences" skipped. Previously built successfully.
   4:9>Target "FindReferenceAssembliesForReferences" in file "C:\Program Files\dotnet\sdk\10.0.103\Microsoft.Common.CurrentVersion.targets" from project "c:\Apps\TicketConsolidator\src\TicketConsolidator.Infrastructure\TicketConsolidator.Infrastructure.csproj" (target "CoreResGen" depends on it):
   4:9>Done building target "FindReferenceAssembliesForReferences" in project "TicketConsolidator.Infrastructure.csproj".
   4:9>Target "CoreResGen" in file "C:\Program Files\dotnet\sdk\10.0.103\Microsoft.Common.CurrentVersion.targets" from project "c:\Apps\TicketConsolidator\src\TicketConsolidator.Infrastructure\TicketConsolidator.Infrastructure.csproj" (target "ResGen" depends on it):
   4:9>Done building target "CoreResGen" in project "TicketConsolidator.Infrastructure.csproj".
   4:9>Target "AfterResGen" in file "C:\Program Files\dotnet\sdk\10.0.103\Microsoft.Common.CurrentVersion.targets" from project "c:\Apps\TicketConsolidator\src\TicketConsolidator.Infrastructure\TicketConsolidator.Infrastructure.csproj" (target "ResGen" depends on it):
   4:9>Done building target "AfterResGen" in project "TicketConsolidator.Infrastructure.csproj".
   4:9>Target "ResGen" in file "C:\Program Files\dotnet\sdk\10.0.103\Microsoft.Common.CurrentVersion.targets" from project "c:\Apps\TicketConsolidator\src\TicketConsolidator.Infrastructure\TicketConsolidator.Infrastructure.csproj" (target "PrepareResources" depends on it):
   4:9>Done building target "ResGen" in project "TicketConsolidator.Infrastructure.csproj".
   4:9>Target "PrepareResources" in file "C:\Program Files\dotnet\sdk\10.0.103\Microsoft.Common.CurrentVersion.targets" from project "c:\Apps\TicketConsolidator\src\TicketConsolidator.Infrastructure\TicketConsolidator.Infrastructure.csproj" (target "CoreBuild" depends on it):
   4:9>Done building target "PrepareResources" in project "TicketConsolidator.Infrastructure.csproj".
       Target "ResolveReferences" skipped. Previously built successfully.
   4:9>Target "_SetEmbeddedWin32ManifestProperties" in file "C:\Program Files\dotnet\sdk\10.0.103\Microsoft.Common.CurrentVersion.targets" from project "c:\Apps\TicketConsolidator\src\TicketConsolidator.Infrastructure\TicketConsolidator.Infrastructure.csproj" (target "SetWin32ManifestProperties" depends on it):
       Using "GetFrameworkPath" task from assembly "Microsoft.Build.Tasks.Core, Version=15.1.0.0, Culture=neutral, PublicKeyToken=b03f5f7f11d50a3a".
       Task "GetFrameworkPath"
       Done executing task "GetFrameworkPath".
   4:9>Done building target "_SetEmbeddedWin32ManifestProperties" in project "TicketConsolidator.Infrastructure.csproj".
   4:9>Target "SetWin32ManifestProperties" in file "C:\Program Files\dotnet\sdk\10.0.103\Microsoft.Common.CurrentVersion.targets" from project "c:\Apps\TicketConsolidator\src\TicketConsolidator.Infrastructure\TicketConsolidator.Infrastructure.csproj" (target "Compile" depends on it):
   4:9>Done building target "SetWin32ManifestProperties" in project "TicketConsolidator.Infrastructure.csproj".
       Target "FindReferenceAssembliesForReferences" skipped. Previously built successfully.
   4:9>Target "_GenerateCompileInputs" in file "C:\Program Files\dotnet\sdk\10.0.103\Microsoft.Common.CurrentVersion.targets" from project "c:\Apps\TicketConsolidator\src\TicketConsolidator.Infrastructure\TicketConsolidator.Infrastructure.csproj" (target "Compile" depends on it):
   4:9>Done building target "_GenerateCompileInputs" in project "TicketConsolidator.Infrastructure.csproj".
       Target "PrepareForBuild" skipped. Previously built successfully.
   4:9>Target "GenerateMSBuildEditorConfigFileShouldRun" in file "C:\Program Files\dotnet\sdk\10.0.103\Roslyn\Microsoft.Managed.Core.targets" from project "c:\Apps\TicketConsolidator\src\TicketConsolidator.Infrastructure\TicketConsolidator.Infrastructure.csproj" (target "GenerateMSBuildEditorConfigFile" depends on it):
   4:9>Done building target "GenerateMSBuildEditorConfigFileShouldRun" in project "TicketConsolidator.Infrastructure.csproj".
   4:9>Target "AddGlobalAnalyzerConfigForPackage_MicrosoftCodeAnalysisCSharpCodeStyle" in file "C:\Program Files\dotnet\sdk\10.0.103\Sdks\Microsoft.NET.Sdk\codestyle\cs\build\Microsoft.CodeAnalysis.CSharp.CodeStyle.targets" from project "c:\Apps\TicketConsolidator\src\TicketConsolidator.Infrastructure\TicketConsolidator.Infrastructure.csproj" (target "GenerateMSBuildEditorConfigFileCore" depends on it):
   4:9>Done building target "AddGlobalAnalyzerConfigForPackage_MicrosoftCodeAnalysisCSharpCodeStyle" in project "TicketConsolidator.Infrastructure.csproj".
   4:9>Target "GenerateMSBuildEditorConfigFileCore" in file "C:\Program Files\dotnet\sdk\10.0.103\Roslyn\Microsoft.Managed.Core.targets" from project "c:\Apps\TicketConsolidator\src\TicketConsolidator.Infrastructure\TicketConsolidator.Infrastructure.csproj" (target "GenerateMSBuildEditorConfigFile" depends on it):
       Building target "GenerateMSBuildEditorConfigFileCore" completely.
       No input files were specified.
       Using "GenerateMSBuildEditorConfig" task from assembly "C:\Program Files\dotnet\sdk\10.0.103\Sdks\Microsoft.NET.Sdk\targets\..\..\..\Roslyn\Microsoft.Build.Tasks.CodeAnalysis.dll".
       Task "GenerateMSBuildEditorConfig"
       Done executing task "GenerateMSBuildEditorConfig".
   4:9>Done building target "GenerateMSBuildEditorConfigFileCore" in project "TicketConsolidator.Infrastructure.csproj".
   4:9>Target "GenerateMSBuildEditorConfigFile" in file "C:\Program Files\dotnet\sdk\10.0.103\Roslyn\Microsoft.Managed.Core.targets" from project "c:\Apps\TicketConsolidator\src\TicketConsolidator.Infrastructure\TicketConsolidator.Infrastructure.csproj" (target "BeforeCompile" depends on it):
   4:9>Done building target "GenerateMSBuildEditorConfigFile" in project "TicketConsolidator.Infrastructure.csproj".
       Target "PrepareForBuild" skipped. Previously built successfully.
       Target "GetReferenceAssemblyPaths" skipped. Previously built successfully.
   4:9>Target "_SetTargetFrameworkMonikerAttribute" in file "C:\Program Files\dotnet\sdk\10.0.103\Microsoft.CSharp.CurrentVersion.targets" from project "c:\Apps\TicketConsolidator\src\TicketConsolidator.Infrastructure\TicketConsolidator.Infrastructure.csproj" (target "GenerateTargetFrameworkMonikerAttribute" depends on it):
   4:9>Done building target "_SetTargetFrameworkMonikerAttribute" in project "TicketConsolidator.Infrastructure.csproj".
   4:9>Target "GenerateTargetFrameworkMonikerAttribute" in file "C:\Program Files\dotnet\sdk\10.0.103\Microsoft.Common.CurrentVersion.targets" from project "c:\Apps\TicketConsolidator\src\TicketConsolidator.Infrastructure\TicketConsolidator.Infrastructure.csproj" (target "BeforeCompile" depends on it):
       Skipping target "GenerateTargetFrameworkMonikerAttribute" because all output files are up-to-date with respect to the input files.
       Input files: C:\Program Files\dotnet\sdk\10.0.103\Microsoft.Common.targets
       Output files: obj\Debug\net10.0-windows\.NETCoreApp,Version=v10.0.AssemblyAttributes.cs
   4:9>Done building target "GenerateTargetFrameworkMonikerAttribute" in project "TicketConsolidator.Infrastructure.csproj".
       Target "PrepareForBuild" skipped. Previously built successfully.
   4:9>Target "GetAssemblyVersion" in file "C:\Program Files\dotnet\sdk\10.0.103\Sdks\Microsoft.NET.Sdk\targets\Microsoft.NET.GenerateAssemblyInfo.targets" from project "c:\Apps\TicketConsolidator\src\TicketConsolidator.Infrastructure\TicketConsolidator.Infrastructure.csproj" (target "GetAssemblyAttributes" depends on it):
   4:9>Done building target "GetAssemblyVersion" in project "TicketConsolidator.Infrastructure.csproj".
   4:9>Target "InitializeSourceControlInformationFromSourceControlManager" in file "C:\Program Files\dotnet\sdk\10.0.103\Sdks\Microsoft.Build.Tasks.Git\build\Microsoft.Build.Tasks.Git.targets" from project "c:\Apps\TicketConsolidator\src\TicketConsolidator.Infrastructure\TicketConsolidator.Infrastructure.csproj" (target "_InitializeSourceControlInformationFromSourceControlManager" depends on it):
       Using "Microsoft.Build.Tasks.Git.LocateRepository" task from assembly "C:\Program Files\dotnet\sdk\10.0.103\Sdks\Microsoft.Build.Tasks.Git\build\..\tools\net\Microsoft.Build.Tasks.Git.dll".
       Task "Microsoft.Build.Tasks.Git.LocateRepository"
         SourceLink: Repository instance not found in cache: '*:c:\Apps\TicketConsolidator\.git'
       Done executing task "Microsoft.Build.Tasks.Git.LocateRepository".
   4:9>Done building target "InitializeSourceControlInformationFromSourceControlManager" in project "TicketConsolidator.Infrastructure.csproj".
   4:9>Target "_SourceLinkHasSingleProvider" in file "C:\Program Files\dotnet\sdk\10.0.103\Sdks\Microsoft.SourceLink.Common\build\InitializeSourceControlInformation.targets" from project "c:\Apps\TicketConsolidator\src\TicketConsolidator.Infrastructure\TicketConsolidator.Infrastructure.csproj" (target "_InitializeSourceControlInformationFromSourceControlManager" depends on it):
       Using "Microsoft.SourceLink.Common.SourceLinkHasSingleProvider" task from assembly "C:\Program Files\dotnet\sdk\10.0.103\Sdks\Microsoft.SourceLink.Common\build\..\tools\net\Microsoft.SourceLink.Common.dll".
       Task "Microsoft.SourceLink.Common.SourceLinkHasSingleProvider"
       Done executing task "Microsoft.SourceLink.Common.SourceLinkHasSingleProvider".
   4:9>Done building target "_SourceLinkHasSingleProvider" in project "TicketConsolidator.Infrastructure.csproj".
   4:9>Target "TranslateGitHubUrlsInSourceControlInformation" in file "C:\Program Files\dotnet\sdk\10.0.103\Sdks\Microsoft.SourceLink.GitHub\build\Microsoft.SourceLink.GitHub.targets" from project "c:\Apps\TicketConsolidator\src\TicketConsolidator.Infrastructure\TicketConsolidator.Infrastructure.csproj" (target "_InitializeSourceControlInformationFromSourceControlManager" depends on it):
       Using "Microsoft.SourceLink.GitHub.TranslateRepositoryUrls" task from assembly "C:\Program Files\dotnet\sdk\10.0.103\Sdks\Microsoft.SourceLink.GitHub\build\..\tools\net\Microsoft.SourceLink.GitHub.dll".
       Task "Microsoft.SourceLink.GitHub.TranslateRepositoryUrls"
       Done executing task "Microsoft.SourceLink.GitHub.TranslateRepositoryUrls".
   4:9>Done building target "TranslateGitHubUrlsInSourceControlInformation" in project "TicketConsolidator.Infrastructure.csproj".
   4:9>Target "TranslateGitLabUrlsInSourceControlInformation" in file "C:\Program Files\dotnet\sdk\10.0.103\Sdks\Microsoft.SourceLink.GitLab\build\Microsoft.SourceLink.GitLab.targets" from project "c:\Apps\TicketConsolidator\src\TicketConsolidator.Infrastructure\TicketConsolidator.Infrastructure.csproj" (target "_InitializeSourceControlInformationFromSourceControlManager" depends on it):
       Using "Microsoft.SourceLink.GitLab.TranslateRepositoryUrls" task from assembly "C:\Program Files\dotnet\sdk\10.0.103\Sdks\Microsoft.SourceLink.GitLab\build\..\tools\net\Microsoft.SourceLink.GitLab.dll".
       Task "Microsoft.SourceLink.GitLab.TranslateRepositoryUrls"
       Done executing task "Microsoft.SourceLink.GitLab.TranslateRepositoryUrls".
   4:9>Done building target "TranslateGitLabUrlsInSourceControlInformation" in project "TicketConsolidator.Infrastructure.csproj".
   4:9>Target "TranslateAzureReposGitUrlsInSourceControlInformation" in file "C:\Program Files\dotnet\sdk\10.0.103\Sdks\Microsoft.SourceLink.AzureRepos.Git\build\Microsoft.SourceLink.AzureRepos.Git.targets" from project "c:\Apps\TicketConsolidator\src\TicketConsolidator.Infrastructure\TicketConsolidator.Infrastructure.csproj" (target "_InitializeSourceControlInformationFromSourceControlManager" depends on it):
       Using "Microsoft.SourceLink.AzureRepos.Git.TranslateRepositoryUrls" task from assembly "C:\Program Files\dotnet\sdk\10.0.103\Sdks\Microsoft.SourceLink.AzureRepos.Git\build\..\tools\net\Microsoft.SourceLink.AzureRepos.Git.dll".
       Task "Microsoft.SourceLink.AzureRepos.Git.TranslateRepositoryUrls"
       Done executing task "Microsoft.SourceLink.AzureRepos.Git.TranslateRepositoryUrls".
   4:9>Done building target "TranslateAzureReposGitUrlsInSourceControlInformation" in project "TicketConsolidator.Infrastructure.csproj".
   4:9>Target "TranslateBitbucketGitUrlsInSourceControlInformation" in file "C:\Program Files\dotnet\sdk\10.0.103\Sdks\Microsoft.SourceLink.Bitbucket.Git\build\Microsoft.SourceLink.Bitbucket.Git.targets" from project "c:\Apps\TicketConsolidator\src\TicketConsolidator.Infrastructure\TicketConsolidator.Infrastructure.csproj" (target "_InitializeSourceControlInformationFromSourceControlManager" depends on it):
       Using "Microsoft.SourceLink.Bitbucket.Git.TranslateRepositoryUrls" task from assembly "C:\Program Files\dotnet\sdk\10.0.103\Sdks\Microsoft.SourceLink.Bitbucket.Git\build\..\tools\net\Microsoft.SourceLink.Bitbucket.Git.dll".
       Task "Microsoft.SourceLink.Bitbucket.Git.TranslateRepositoryUrls"
       Done executing task "Microsoft.SourceLink.Bitbucket.Git.TranslateRepositoryUrls".
   4:9>Done building target "TranslateBitbucketGitUrlsInSourceControlInformation" in project "TicketConsolidator.Infrastructure.csproj".
   4:9>Target "SourceControlManagerPublishTranslatedUrls" in file "C:\Program Files\dotnet\sdk\10.0.103\Sdks\Microsoft.SourceLink.Common\build\InitializeSourceControlInformation.targets" from project "c:\Apps\TicketConsolidator\src\TicketConsolidator.Infrastructure\TicketConsolidator.Infrastructure.csproj" (target "_InitializeSourceControlInformationFromSourceControlManager" depends on it):
   4:9>Done building target "SourceControlManagerPublishTranslatedUrls" in project "TicketConsolidator.Infrastructure.csproj".
   4:9>Target "_InitializeSourceControlInformationFromSourceControlManager" in file "C:\Program Files\dotnet\sdk\10.0.103\Sdks\Microsoft.SourceLink.Common\build\InitializeSourceControlInformation.targets" from project "c:\Apps\TicketConsolidator\src\TicketConsolidator.Infrastructure\TicketConsolidator.Infrastructure.csproj" (target "InitializeSourceControlInformation" depends on it):
   4:9>Done building target "_InitializeSourceControlInformationFromSourceControlManager" in project "TicketConsolidator.Infrastructure.csproj".
   4:9>Target "InitializeSourceControlInformation" in file "C:\Program Files\dotnet\sdk\10.0.103\Microsoft.Common.CurrentVersion.targets" from project "c:\Apps\TicketConsolidator\src\TicketConsolidator.Infrastructure\TicketConsolidator.Infrastructure.csproj" (target "GetAssemblyAttributes" depends on it):
   4:9>Done building target "InitializeSourceControlInformation" in project "TicketConsolidator.Infrastructure.csproj".
       Target "GetAssemblyVersion" skipped. Previously built successfully.
       Target "InitializeSourceControlInformation" skipped. Previously built successfully.
   4:9>Target "AddSourceRevisionToInformationalVersion" in file "C:\Program Files\dotnet\sdk\10.0.103\Sdks\Microsoft.NET.Sdk\targets\Microsoft.NET.GenerateAssemblyInfo.targets" from project "c:\Apps\TicketConsolidator\src\TicketConsolidator.Infrastructure\TicketConsolidator.Infrastructure.csproj" (target "GetAssemblyAttributes" depends on it):
       C:\Program Files\dotnet\sdk\10.0.103\Sdks\Microsoft.NET.Sdk\targets\Microsoft.NET.GenerateAssemblyInfo.targets(70,7): message : Property reassignment: $(InformationalVersion)="1.0.0.0+fbfcdd5225fd150fadeb804e73797ac5c1514175" (previous value: "1.0.0.0") at C:\Program Files\dotnet\sdk\10.0.103\Sdks\Microsoft.NET.Sdk\targets\Microsoft.NET.GenerateAssemblyInfo.targets (70,7) [c:\Apps\TicketConsolidator\src\TicketConsolidator.Infrastructure\TicketConsolidator.Infrastructure.csproj]
   4:9>Done building target "AddSourceRevisionToInformationalVersion" in project "TicketConsolidator.Infrastructure.csproj".
   4:9>Target "GetAssemblyAttributes" in file "C:\Program Files\dotnet\sdk\10.0.103\Sdks\Microsoft.NET.Sdk\targets\Microsoft.NET.GenerateAssemblyInfo.targets" from project "c:\Apps\TicketConsolidator\src\TicketConsolidator.Infrastructure\TicketConsolidator.Infrastructure.csproj" (target "CreateGeneratedAssemblyInfoInputsCacheFile" depends on it):
   4:9>Done building target "GetAssemblyAttributes" in project "TicketConsolidator.Infrastructure.csproj".
   4:9>Target "CreateGeneratedAssemblyInfoInputsCacheFile" in file "C:\Program Files\dotnet\sdk\10.0.103\Sdks\Microsoft.NET.Sdk\targets\Microsoft.NET.GenerateAssemblyInfo.targets" from project "c:\Apps\TicketConsolidator\src\TicketConsolidator.Infrastructure\TicketConsolidator.Infrastructure.csproj" (target "CoreGenerateAssemblyInfo" depends on it):
       Using "Hash" task from assembly "Microsoft.Build.Tasks.Core, Version=15.1.0.0, Culture=neutral, PublicKeyToken=b03f5f7f11d50a3a".
       Task "Hash"
       Done executing task "Hash".
       Task "WriteLinesToFile"
         Skipping write to file "obj\Debug\net10.0-windows\TicketConsolidator.Infrastructure.AssemblyInfoInputs.cache" because content would not change.
       Done executing task "WriteLinesToFile".
   4:9>Done building target "CreateGeneratedAssemblyInfoInputsCacheFile" in project "TicketConsolidator.Infrastructure.csproj".
   4:9>Target "CoreGenerateAssemblyInfo" in file "C:\Program Files\dotnet\sdk\10.0.103\Sdks\Microsoft.NET.Sdk\targets\Microsoft.NET.GenerateAssemblyInfo.targets" from project "c:\Apps\TicketConsolidator\src\TicketConsolidator.Infrastructure\TicketConsolidator.Infrastructure.csproj" (target "GenerateAssemblyInfo" depends on it):
       Skipping target "CoreGenerateAssemblyInfo" because all output files are up-to-date with respect to the input files.
       Input files: obj\Debug\net10.0-windows\TicketConsolidator.Infrastructure.AssemblyInfoInputs.cache
       Output files: obj\Debug\net10.0-windows\TicketConsolidator.Infrastructure.AssemblyInfo.cs
   4:9>Done building target "CoreGenerateAssemblyInfo" in project "TicketConsolidator.Infrastructure.csproj".
   4:9>Target "GenerateAssemblyInfo" in file "C:\Program Files\dotnet\sdk\10.0.103\Sdks\Microsoft.NET.Sdk\targets\Microsoft.NET.GenerateAssemblyInfo.targets" from project "c:\Apps\TicketConsolidator\src\TicketConsolidator.Infrastructure\TicketConsolidator.Infrastructure.csproj" (target "BeforeCompile" depends on it):
   4:9>Done building target "GenerateAssemblyInfo" in project "TicketConsolidator.Infrastructure.csproj".
   4:9>Target "BeforeCompile" in file "C:\Program Files\dotnet\sdk\10.0.103\Microsoft.Common.CurrentVersion.targets" from project "c:\Apps\TicketConsolidator\src\TicketConsolidator.Infrastructure\TicketConsolidator.Infrastructure.csproj" (target "Compile" depends on it):
   4:9>Done building target "BeforeCompile" in project "TicketConsolidator.Infrastructure.csproj".
       Target "ResolveAssemblyReferences" skipped. Previously built successfully.
       Target "_GenerateCompileInputs" skipped. Previously built successfully.
   4:9>Target "_GenerateCompileDependencyCache" in file "C:\Program Files\dotnet\sdk\10.0.103\Microsoft.Common.CurrentVersion.targets" from project "c:\Apps\TicketConsolidator\src\TicketConsolidator.Infrastructure\TicketConsolidator.Infrastructure.csproj" (target "Compile" depends on it):
       Task "Hash"
       Done executing task "Hash".
       Task "WriteLinesToFile"
         Skipping write to file "obj\Debug\net10.0-windows\TicketConsolidator.Infrastructure.csproj.CoreCompileInputs.cache" because content would not change.
       Done executing task "WriteLinesToFile".
   4:9>Done building target "_GenerateCompileDependencyCache" in project "TicketConsolidator.Infrastructure.csproj".
   4:9>Target "_BeforeVBCSCoreCompile" in file "C:\Program Files\dotnet\sdk\10.0.103\Roslyn\Microsoft.Managed.Core.targets" from project "c:\Apps\TicketConsolidator\src\TicketConsolidator.Infrastructure\TicketConsolidator.Infrastructure.csproj" (target "CoreCompile" depends on it):
   4:9>Done building target "_BeforeVBCSCoreCompile" in project "TicketConsolidator.Infrastructure.csproj".
   4:9>Target "_ComputeSkipAnalyzers" in file "C:\Program Files\dotnet\sdk\10.0.103\Roslyn\Microsoft.Managed.Core.targets" from project "c:\Apps\TicketConsolidator\src\TicketConsolidator.Infrastructure\TicketConsolidator.Infrastructure.csproj" (target "CoreCompile" depends on it):
   4:9>Done building target "_ComputeSkipAnalyzers" in project "TicketConsolidator.Infrastructure.csproj".
       Target "BeforeCompile" skipped. Previously built successfully.
       Target "InitializeSourceControlInformationFromSourceControlManager" skipped. Previously built successfully.
   4:9>Target "SetEmbeddedFilesFromSourceControlManagerUntrackedFiles" in file "C:\Program Files\dotnet\sdk\10.0.103\Sdks\Microsoft.Build.Tasks.Git\build\Microsoft.Build.Tasks.Git.targets" from project "c:\Apps\TicketConsolidator\src\TicketConsolidator.Infrastructure\TicketConsolidator.Infrastructure.csproj" (target "_SetEmbeddedFilesFromSourceControlManagerUntrackedFiles" depends on it):
       Using "Microsoft.Build.Tasks.Git.GetUntrackedFiles" task from assembly "C:\Program Files\dotnet\sdk\10.0.103\Sdks\Microsoft.Build.Tasks.Git\build\..\tools\net\Microsoft.Build.Tasks.Git.dll".
       Task "Microsoft.Build.Tasks.Git.GetUntrackedFiles"
         SourceLink: Reusing cached git repository information.
       Done executing task "Microsoft.Build.Tasks.Git.GetUntrackedFiles".
   4:9>Done building target "SetEmbeddedFilesFromSourceControlManagerUntrackedFiles" in project "TicketConsolidator.Infrastructure.csproj".
   4:9>Target "_SetEmbeddedFilesFromSourceControlManagerUntrackedFiles" in file "C:\Program Files\dotnet\sdk\10.0.103\Sdks\Microsoft.SourceLink.Common\build\Microsoft.SourceLink.Common.targets" from project "c:\Apps\TicketConsolidator\src\TicketConsolidator.Infrastructure\TicketConsolidator.Infrastructure.csproj" (target "CoreCompile" depends on it):
   4:9>Done building target "_SetEmbeddedFilesFromSourceControlManagerUntrackedFiles" in project "TicketConsolidator.Infrastructure.csproj".
       Target "InitializeSourceControlInformation" skipped. Previously built successfully.
   4:9>Target "_SetSourceLinkFilePath" in file "C:\Program Files\dotnet\sdk\10.0.103\Sdks\Microsoft.SourceLink.Common\build\Microsoft.SourceLink.Common.targets" from project "c:\Apps\TicketConsolidator\src\TicketConsolidator.Infrastructure\TicketConsolidator.Infrastructure.csproj" (target "_GenerateSourceLinkFile" depends on it):
   4:9>Done building target "_SetSourceLinkFilePath" in project "TicketConsolidator.Infrastructure.csproj".
       Target "InitializeSourceControlInformation" skipped. Previously built successfully.
   4:9>Target "_InitializeSourceRootMappedPathsFromSourceControl" in file "C:\Program Files\dotnet\sdk\10.0.103\Roslyn\Microsoft.Managed.Core.targets" from project "c:\Apps\TicketConsolidator\src\TicketConsolidator.Infrastructure\TicketConsolidator.Infrastructure.csproj" (target "InitializeSourceRootMappedPaths" depends on it):
   4:9>Done building target "_InitializeSourceRootMappedPathsFromSourceControl" in project "TicketConsolidator.Infrastructure.csproj".
   4:9>Target "InitializeSourceRootMappedPaths" in file "C:\Program Files\dotnet\sdk\10.0.103\Roslyn\Microsoft.Managed.Core.targets" from project "c:\Apps\TicketConsolidator\src\TicketConsolidator.Infrastructure\TicketConsolidator.Infrastructure.csproj" (target "_InitializeSourceRootMappedPathsOpt" depends on it):
       Using "Microsoft.CodeAnalysis.BuildTasks.MapSourceRoots" task from assembly "C:\Program Files\dotnet\sdk\10.0.103\Sdks\Microsoft.NET.Sdk\targets\..\..\..\Roslyn\Microsoft.Build.Tasks.CodeAnalysis.dll".
       Task "Microsoft.CodeAnalysis.BuildTasks.MapSourceRoots"
       Done executing task "Microsoft.CodeAnalysis.BuildTasks.MapSourceRoots".
   4:9>Done building target "InitializeSourceRootMappedPaths" in project "TicketConsolidator.Infrastructure.csproj".
   4:9>Target "_InitializeSourceRootMappedPathsOpt" in file "C:\Program Files\dotnet\sdk\10.0.103\Sdks\Microsoft.SourceLink.Common\build\Microsoft.SourceLink.Common.targets" from project "c:\Apps\TicketConsolidator\src\TicketConsolidator.Infrastructure\TicketConsolidator.Infrastructure.csproj" (target "_GenerateSourceLinkFile" depends on it):
   4:9>Done building target "_InitializeSourceRootMappedPathsOpt" in project "TicketConsolidator.Infrastructure.csproj".
   4:9>Target "_InitializeGitHubSourceLinkUrl" in file "C:\Program Files\dotnet\sdk\10.0.103\Sdks\Microsoft.SourceLink.GitHub\build\Microsoft.SourceLink.GitHub.targets" from project "c:\Apps\TicketConsolidator\src\TicketConsolidator.Infrastructure\TicketConsolidator.Infrastructure.csproj" (target "_GenerateSourceLinkFile" depends on it):
       Building target "_InitializeGitHubSourceLinkUrl" completely.
       No input files were specified.
       Using "Microsoft.SourceLink.GitHub.GetSourceLinkUrl" task from assembly "C:\Program Files\dotnet\sdk\10.0.103\Sdks\Microsoft.SourceLink.GitHub\build\..\tools\net\Microsoft.SourceLink.GitHub.dll".
       Task "Microsoft.SourceLink.GitHub.GetSourceLinkUrl"
       Done executing task "Microsoft.SourceLink.GitHub.GetSourceLinkUrl".
   4:9>Done building target "_InitializeGitHubSourceLinkUrl" in project "TicketConsolidator.Infrastructure.csproj".
   4:9>Target "_InitializeGitHubSourceLinkUrl" in file "C:\Program Files\dotnet\sdk\10.0.103\Sdks\Microsoft.SourceLink.GitHub\build\Microsoft.SourceLink.GitHub.targets" from project "c:\Apps\TicketConsolidator\src\TicketConsolidator.Infrastructure\TicketConsolidator.Infrastructure.csproj" (target "_GenerateSourceLinkFile" depends on it):
       Building target "_InitializeGitHubSourceLinkUrl" completely.
       No input files were specified.
       Task "Microsoft.SourceLink.GitHub.GetSourceLinkUrl"
       Done executing task "Microsoft.SourceLink.GitHub.GetSourceLinkUrl".
   4:9>Done building target "_InitializeGitHubSourceLinkUrl" in project "TicketConsolidator.Infrastructure.csproj".
   4:9>Target "_InitializeGitHubSourceLinkUrl" in file "C:\Program Files\dotnet\sdk\10.0.103\Sdks\Microsoft.SourceLink.GitHub\build\Microsoft.SourceLink.GitHub.targets" from project "c:\Apps\TicketConsolidator\src\TicketConsolidator.Infrastructure\TicketConsolidator.Infrastructure.csproj" (target "_GenerateSourceLinkFile" depends on it):
       Building target "_InitializeGitHubSourceLinkUrl" completely.
       No input files were specified.
       Task "Microsoft.SourceLink.GitHub.GetSourceLinkUrl"
       Done executing task "Microsoft.SourceLink.GitHub.GetSourceLinkUrl".
   4:9>Done building target "_InitializeGitHubSourceLinkUrl" in project "TicketConsolidator.Infrastructure.csproj".
   4:9>Target "_InitializeGitLabSourceLinkUrl" in file "C:\Program Files\dotnet\sdk\10.0.103\Sdks\Microsoft.SourceLink.GitLab\build\Microsoft.SourceLink.GitLab.targets" from project "c:\Apps\TicketConsolidator\src\TicketConsolidator.Infrastructure\TicketConsolidator.Infrastructure.csproj" (target "_GenerateSourceLinkFile" depends on it):
       Building target "_InitializeGitLabSourceLinkUrl" completely.
       No input files were specified.
       Using "Microsoft.SourceLink.GitLab.GetSourceLinkUrl" task from assembly "C:\Program Files\dotnet\sdk\10.0.103\Sdks\Microsoft.SourceLink.GitLab\build\..\tools\net\Microsoft.SourceLink.GitLab.dll".
       Task "Microsoft.SourceLink.GitLab.GetSourceLinkUrl"
       C:\Program Files\dotnet\sdk\10.0.103\Sdks\Microsoft.SourceLink.GitLab\build\Microsoft.SourceLink.GitLab.targets(37,7): message : Property reassignment: $(_SourceLinkUrlToUpdate)="N/A" (previous value: "https://raw.githubusercontent.com/JeetVegad/TicketConsolidator/fbfcdd5225fd150fadeb804e73797ac5c1514175/*") at C:\Program Files\dotnet\sdk\10.0.103\Sdks\Microsoft.SourceLink.GitLab\build\Microsoft.SourceLink.GitLab.targets (37,7) [c:\Apps\TicketConsolidator\src\TicketConsolidator.Infrastructure\TicketConsolidator.Infrastructure.csproj]
       Done executing task "Microsoft.SourceLink.GitLab.GetSourceLinkUrl".
   4:9>Done building target "_InitializeGitLabSourceLinkUrl" in project "TicketConsolidator.Infrastructure.csproj".
   4:9>Target "_InitializeGitLabSourceLinkUrl" in file "C:\Program Files\dotnet\sdk\10.0.103\Sdks\Microsoft.SourceLink.GitLab\build\Microsoft.SourceLink.GitLab.targets" from project "c:\Apps\TicketConsolidator\src\TicketConsolidator.Infrastructure\TicketConsolidator.Infrastructure.csproj" (target "_GenerateSourceLinkFile" depends on it):
       Building target "_InitializeGitLabSourceLinkUrl" completely.
       No input files were specified.
       Task "Microsoft.SourceLink.GitLab.GetSourceLinkUrl"
       C:\Program Files\dotnet\sdk\10.0.103\Sdks\Microsoft.SourceLink.GitLab\build\Microsoft.SourceLink.GitLab.targets(37,7): message : Property reassignment: $(_SourceLinkUrlToUpdate)="N/A" (previous value: "https://raw.githubusercontent.com/JeetVegad/TicketConsolidator/fbfcdd5225fd150fadeb804e73797ac5c1514175/*") at C:\Program Files\dotnet\sdk\10.0.103\Sdks\Microsoft.SourceLink.GitLab\build\Microsoft.SourceLink.GitLab.targets (37,7) [c:\Apps\TicketConsolidator\src\TicketConsolidator.Infrastructure\TicketConsolidator.Infrastructure.csproj]
       Done executing task "Microsoft.SourceLink.GitLab.GetSourceLinkUrl".
   4:9>Done building target "_InitializeGitLabSourceLinkUrl" in project "TicketConsolidator.Infrastructure.csproj".
   4:9>Target "_InitializeGitLabSourceLinkUrl" in file "C:\Program Files\dotnet\sdk\10.0.103\Sdks\Microsoft.SourceLink.GitLab\build\Microsoft.SourceLink.GitLab.targets" from project "c:\Apps\TicketConsolidator\src\TicketConsolidator.Infrastructure\TicketConsolidator.Infrastructure.csproj" (target "_GenerateSourceLinkFile" depends on it):
       Building target "_InitializeGitLabSourceLinkUrl" completely.
       No input files were specified.
       Task "Microsoft.SourceLink.GitLab.GetSourceLinkUrl"
       C:\Program Files\dotnet\sdk\10.0.103\Sdks\Microsoft.SourceLink.GitLab\build\Microsoft.SourceLink.GitLab.targets(37,7): message : Property reassignment: $(_SourceLinkUrlToUpdate)="N/A" (previous value: "https://raw.githubusercontent.com/JeetVegad/TicketConsolidator/fbfcdd5225fd150fadeb804e73797ac5c1514175/*") at C:\Program Files\dotnet\sdk\10.0.103\Sdks\Microsoft.SourceLink.GitLab\build\Microsoft.SourceLink.GitLab.targets (37,7) [c:\Apps\TicketConsolidator\src\TicketConsolidator.Infrastructure\TicketConsolidator.Infrastructure.csproj]
       Done executing task "Microsoft.SourceLink.GitLab.GetSourceLinkUrl".
   4:9>Done building target "_InitializeGitLabSourceLinkUrl" in project "TicketConsolidator.Infrastructure.csproj".
   4:9>Target "_InitializeAzureReposGitSourceLinkUrl" in file "C:\Program Files\dotnet\sdk\10.0.103\Sdks\Microsoft.SourceLink.AzureRepos.Git\build\Microsoft.SourceLink.AzureRepos.Git.targets" from project "c:\Apps\TicketConsolidator\src\TicketConsolidator.Infrastructure\TicketConsolidator.Infrastructure.csproj" (target "_GenerateSourceLinkFile" depends on it):
       Building target "_InitializeAzureReposGitSourceLinkUrl" completely.
       No input files were specified.
       Using "Microsoft.SourceLink.AzureRepos.Git.GetSourceLinkUrl" task from assembly "C:\Program Files\dotnet\sdk\10.0.103\Sdks\Microsoft.SourceLink.AzureRepos.Git\build\..\tools\net\Microsoft.SourceLink.AzureRepos.Git.dll".
       Task "Microsoft.SourceLink.AzureRepos.Git.GetSourceLinkUrl"
       Done executing task "Microsoft.SourceLink.AzureRepos.Git.GetSourceLinkUrl".
   4:9>Done building target "_InitializeAzureReposGitSourceLinkUrl" in project "TicketConsolidator.Infrastructure.csproj".
   4:9>Target "_InitializeAzureReposGitSourceLinkUrl" in file "C:\Program Files\dotnet\sdk\10.0.103\Sdks\Microsoft.SourceLink.AzureRepos.Git\build\Microsoft.SourceLink.AzureRepos.Git.targets" from project "c:\Apps\TicketConsolidator\src\TicketConsolidator.Infrastructure\TicketConsolidator.Infrastructure.csproj" (target "_GenerateSourceLinkFile" depends on it):
       Building target "_InitializeAzureReposGitSourceLinkUrl" completely.
       No input files were specified.
       Task "Microsoft.SourceLink.AzureRepos.Git.GetSourceLinkUrl"
       Done executing task "Microsoft.SourceLink.AzureRepos.Git.GetSourceLinkUrl".
   4:9>Done building target "_InitializeAzureReposGitSourceLinkUrl" in project "TicketConsolidator.Infrastructure.csproj".
   4:9>Target "_InitializeAzureReposGitSourceLinkUrl" in file "C:\Program Files\dotnet\sdk\10.0.103\Sdks\Microsoft.SourceLink.AzureRepos.Git\build\Microsoft.SourceLink.AzureRepos.Git.targets" from project "c:\Apps\TicketConsolidator\src\TicketConsolidator.Infrastructure\TicketConsolidator.Infrastructure.csproj" (target "_GenerateSourceLinkFile" depends on it):
       Building target "_InitializeAzureReposGitSourceLinkUrl" completely.
       No input files were specified.
       Task "Microsoft.SourceLink.AzureRepos.Git.GetSourceLinkUrl"
       Done executing task "Microsoft.SourceLink.AzureRepos.Git.GetSourceLinkUrl".
   4:9>Done building target "_InitializeAzureReposGitSourceLinkUrl" in project "TicketConsolidator.Infrastructure.csproj".
   4:9>Target "_InitializeBitbucketGitSourceLinkUrl" in file "C:\Program Files\dotnet\sdk\10.0.103\Sdks\Microsoft.SourceLink.Bitbucket.Git\build\Microsoft.SourceLink.Bitbucket.Git.targets" from project "c:\Apps\TicketConsolidator\src\TicketConsolidator.Infrastructure\TicketConsolidator.Infrastructure.csproj" (target "_GenerateSourceLinkFile" depends on it):
       Building target "_InitializeBitbucketGitSourceLinkUrl" completely.
       No input files were specified.
       Using "Microsoft.SourceLink.Bitbucket.Git.GetSourceLinkUrl" task from assembly "C:\Program Files\dotnet\sdk\10.0.103\Sdks\Microsoft.SourceLink.Bitbucket.Git\build\..\tools\net\Microsoft.SourceLink.Bitbucket.Git.dll".
       Task "Microsoft.SourceLink.Bitbucket.Git.GetSourceLinkUrl"
       Done executing task "Microsoft.SourceLink.Bitbucket.Git.GetSourceLinkUrl".
   4:9>Done building target "_InitializeBitbucketGitSourceLinkUrl" in project "TicketConsolidator.Infrastructure.csproj".
   4:9>Target "_InitializeBitbucketGitSourceLinkUrl" in file "C:\Program Files\dotnet\sdk\10.0.103\Sdks\Microsoft.SourceLink.Bitbucket.Git\build\Microsoft.SourceLink.Bitbucket.Git.targets" from project "c:\Apps\TicketConsolidator\src\TicketConsolidator.Infrastructure\TicketConsolidator.Infrastructure.csproj" (target "_GenerateSourceLinkFile" depends on it):
       Building target "_InitializeBitbucketGitSourceLinkUrl" completely.
       No input files were specified.
       Task "Microsoft.SourceLink.Bitbucket.Git.GetSourceLinkUrl"
       Done executing task "Microsoft.SourceLink.Bitbucket.Git.GetSourceLinkUrl".
   4:9>Done building target "_InitializeBitbucketGitSourceLinkUrl" in project "TicketConsolidator.Infrastructure.csproj".
   4:9>Target "_InitializeBitbucketGitSourceLinkUrl" in file "C:\Program Files\dotnet\sdk\10.0.103\Sdks\Microsoft.SourceLink.Bitbucket.Git\build\Microsoft.SourceLink.Bitbucket.Git.targets" from project "c:\Apps\TicketConsolidator\src\TicketConsolidator.Infrastructure\TicketConsolidator.Infrastructure.csproj" (target "_GenerateSourceLinkFile" depends on it):
       Building target "_InitializeBitbucketGitSourceLinkUrl" completely.
       No input files were specified.
       Task "Microsoft.SourceLink.Bitbucket.Git.GetSourceLinkUrl"
       Done executing task "Microsoft.SourceLink.Bitbucket.Git.GetSourceLinkUrl".
   4:9>Done building target "_InitializeBitbucketGitSourceLinkUrl" in project "TicketConsolidator.Infrastructure.csproj".
   4:9>Target "_GenerateSourceLinkFile" in file "C:\Program Files\dotnet\sdk\10.0.103\Sdks\Microsoft.SourceLink.Common\build\Microsoft.SourceLink.Common.targets" from project "c:\Apps\TicketConsolidator\src\TicketConsolidator.Infrastructure\TicketConsolidator.Infrastructure.csproj" (target "GenerateSourceLinkFile" depends on it):
       Building target "_GenerateSourceLinkFile" completely.
       No input files were specified.
       Using "Microsoft.SourceLink.Common.GenerateSourceLinkFile" task from assembly "C:\Program Files\dotnet\sdk\10.0.103\Sdks\Microsoft.SourceLink.Common\build\..\tools\net\Microsoft.SourceLink.Common.dll".
       Task "Microsoft.SourceLink.Common.GenerateSourceLinkFile"
         Source Link file 'obj\Debug\net10.0-windows\TicketConsolidator.Infrastructure.sourcelink.json' is up-to-date.
       Done executing task "Microsoft.SourceLink.Common.GenerateSourceLinkFile".
   4:9>Done building target "_GenerateSourceLinkFile" in project "TicketConsolidator.Infrastructure.csproj".
   4:9>Target "GenerateSourceLinkFile" in file "C:\Program Files\dotnet\sdk\10.0.103\Sdks\Microsoft.SourceLink.Common\build\Microsoft.SourceLink.Common.targets" from project "c:\Apps\TicketConsolidator\src\TicketConsolidator.Infrastructure\TicketConsolidator.Infrastructure.csproj" (target "CoreCompile" depends on it):
   4:9>Done building target "GenerateSourceLinkFile" in project "TicketConsolidator.Infrastructure.csproj".
   4:9>Target "AddGlobalAnalyzerConfigForPackage_MicrosoftCodeAnalysisNetAnalyzers" in file "C:\Program Files\dotnet\sdk\10.0.103\Sdks\Microsoft.NET.Sdk\analyzers\build\Microsoft.CodeAnalysis.NetAnalyzers.targets" from project "c:\Apps\TicketConsolidator\src\TicketConsolidator.Infrastructure\TicketConsolidator.Infrastructure.csproj" (target "CoreCompile" depends on it):
   4:9>Done building target "AddGlobalAnalyzerConfigForPackage_MicrosoftCodeAnalysisNetAnalyzers" in project "TicketConsolidator.Infrastructure.csproj".
   4:9>Target "RemoveDuplicateAnalyzers" in file "C:\Program Files\dotnet\sdk\10.0.103\Sdks\Microsoft.NET.Sdk.WindowsDesktop\targets\Microsoft.WinFX.targets" from project "c:\Apps\TicketConsolidator\src\TicketConsolidator.Infrastructure\TicketConsolidator.Infrastructure.csproj" (target "CoreCompile" depends on it):
   4:9>Done building target "RemoveDuplicateAnalyzers" in project "TicketConsolidator.Infrastructure.csproj".
   4:9>Target "CoreCompile" in file "C:\Program Files\dotnet\sdk\10.0.103\Roslyn\Microsoft.CSharp.Core.targets" from project "c:\Apps\TicketConsolidator\src\TicketConsolidator.Infrastructure\TicketConsolidator.Infrastructure.csproj" (target "Compile" depends on it):
       Skipping target "CoreCompile" because all output files are up-to-date with respect to the input files.
       Input files: 
           Services\ActivityHistoryService.cs
           Services\ConsolidationService.cs
           Services\EmailService.cs
           Services\EncryptionService.cs
           Services\JiraService.cs
           Services\LoggerService.cs
           Services\PerforceService.cs
           Services\ScriptValidatorService.cs
           Services\SettingsService.cs
           Services\SqlParserService.cs
           obj\Debug\net10.0-windows\TicketConsolidator.Infrastructure.GlobalUsings.g.cs
           obj\Debug\net10.0-windows\.NETCoreApp,Version=v10.0.AssemblyAttributes.cs
           obj\Debug\net10.0-windows\TicketConsolidator.Infrastructure.AssemblyInfo.cs
           C:\Program Files\dotnet\packs\Microsoft.WindowsDesktop.App.Ref\10.0.3\ref\net10.0\Accessibility.dll
           C:\Program Files\dotnet\packs\Microsoft.NETCore.App.Ref\10.0.3\ref\net10.0\Microsoft.CSharp.dll
           C:\Users\krish.maniar.ATPL-LAP-723\.nuget\packages\microsoft.extensions.configuration.abstractions\10.0.1\lib\net10.0\Microsoft.Extensions.Configuration.Abstractions.dll
           C:\Users\krish.maniar.ATPL-LAP-723\.nuget\packages\microsoft.extensions.configuration.binder\10.0.1\lib\net10.0\Microsoft.Extensions.Configuration.Binder.dll
           C:\Users\krish.maniar.ATPL-LAP-723\.nuget\packages\microsoft.extensions.configuration\10.0.1\lib\net10.0\Microsoft.Extensions.Configuration.dll
           C:\Users\krish.maniar.ATPL-LAP-723\.nuget\packages\microsoft.extensions.configuration.fileextensions\10.0.1\lib\net10.0\Microsoft.Extensions.Configuration.FileExtensions.dll
           C:\Users\krish.maniar.ATPL-LAP-723\.nuget\packages\microsoft.extensions.configuration.json\10.0.1\lib\net10.0\Microsoft.Extensions.Configuration.Json.dll
           C:\Users\krish.maniar.ATPL-LAP-723\.nuget\packages\microsoft.extensions.fileproviders.abstractions\10.0.1\lib\net10.0\Microsoft.Extensions.FileProviders.Abstractions.dll
           C:\Users\krish.maniar.ATPL-LAP-723\.nuget\packages\microsoft.extensions.fileproviders.physical\10.0.1\lib\net10.0\Microsoft.Extensions.FileProviders.Physical.dll
           C:\Users\krish.maniar.ATPL-LAP-723\.nuget\packages\microsoft.extensions.filesystemglobbing\10.0.1\lib\net10.0\Microsoft.Extensions.FileSystemGlobbing.dll
           C:\Users\krish.maniar.ATPL-LAP-723\.nuget\packages\microsoft.extensions.primitives\10.0.1\lib\net10.0\Microsoft.Extensions.Primitives.dll
           C:\Program Files\dotnet\packs\Microsoft.NETCore.App.Ref\10.0.3\ref\net10.0\Microsoft.VisualBasic.Core.dll
           C:\Program Files\dotnet\packs\Microsoft.NETCore.App.Ref\10.0.3\ref\net10.0\Microsoft.VisualBasic.dll
           C:\Program Files\dotnet\packs\Microsoft.NETCore.App.Ref\10.0.3\ref\net10.0\Microsoft.Win32.Primitives.dll
           C:\Program Files\dotnet\packs\Microsoft.WindowsDesktop.App.Ref\10.0.3\ref\net10.0\Microsoft.Win32.Registry.AccessControl.dll
           C:\Program Files\dotnet\packs\Microsoft.NETCore.App.Ref\10.0.3\ref\net10.0\Microsoft.Win32.Registry.dll
           C:\Program Files\dotnet\packs\Microsoft.WindowsDesktop.App.Ref\10.0.3\ref\net10.0\Microsoft.Win32.SystemEvents.dll
           C:\Program Files\dotnet\packs\Microsoft.NETCore.App.Ref\10.0.3\ref\net10.0\mscorlib.dll
           C:\Program Files\dotnet\packs\Microsoft.NETCore.App.Ref\10.0.3\ref\net10.0\netstandard.dll
           C:\Program Files\dotnet\packs\Microsoft.WindowsDesktop.App.Ref\10.0.3\ref\net10.0\PresentationCore.dll
           C:\Program Files\dotnet\packs\Microsoft.WindowsDesktop.App.Ref\10.0.3\ref\net10.0\PresentationFramework.Aero.dll
           C:\Program Files\dotnet\packs\Microsoft.WindowsDesktop.App.Ref\10.0.3\ref\net10.0\PresentationFramework.Aero2.dll
           C:\Program Files\dotnet\packs\Microsoft.WindowsDesktop.App.Ref\10.0.3\ref\net10.0\PresentationFramework.AeroLite.dll
           C:\Program Files\dotnet\packs\Microsoft.WindowsDesktop.App.Ref\10.0.3\ref\net10.0\PresentationFramework.Classic.dll
           C:\Program Files\dotnet\packs\Microsoft.WindowsDesktop.App.Ref\10.0.3\ref\net10.0\PresentationFramework.dll
           C:\Program Files\dotnet\packs\Microsoft.WindowsDesktop.App.Ref\10.0.3\ref\net10.0\PresentationFramework.Luna.dll
           C:\Program Files\dotnet\packs\Microsoft.WindowsDesktop.App.Ref\10.0.3\ref\net10.0\PresentationFramework.Royale.dll
           C:\Program Files\dotnet\packs\Microsoft.WindowsDesktop.App.Ref\10.0.3\ref\net10.0\PresentationUI.dll
           C:\Program Files\dotnet\packs\Microsoft.WindowsDesktop.App.Ref\10.0.3\ref\net10.0\ReachFramework.dll
           C:\Program Files\dotnet\packs\Microsoft.NETCore.App.Ref\10.0.3\ref\net10.0\System.AppContext.dll
           C:\Program Files\dotnet\packs\Microsoft.NETCore.App.Ref\10.0.3\ref\net10.0\System.Buffers.dll
           C:\Program Files\dotnet\packs\Microsoft.WindowsDesktop.App.Ref\10.0.3\ref\net10.0\System.CodeDom.dll
           C:\Program Files\dotnet\packs\Microsoft.NETCore.App.Ref\10.0.3\ref\net10.0\System.Collections.Concurrent.dll
           C:\Program Files\dotnet\packs\Microsoft.NETCore.App.Ref\10.0.3\ref\net10.0\System.Collections.dll
           C:\Program Files\dotnet\packs\Microsoft.NETCore.App.Ref\10.0.3\ref\net10.0\System.Collections.Immutable.dll
           C:\Program Files\dotnet\packs\Microsoft.NETCore.App.Ref\10.0.3\ref\net10.0\System.Collections.NonGeneric.dll
           C:\Program Files\dotnet\packs\Microsoft.NETCore.App.Ref\10.0.3\ref\net10.0\System.Collections.Specialized.dll
           C:\Program Files\dotnet\packs\Microsoft.NETCore.App.Ref\10.0.3\ref\net10.0\System.ComponentModel.Annotations.dll
           C:\Program Files\dotnet\packs\Microsoft.NETCore.App.Ref\10.0.3\ref\net10.0\System.ComponentModel.DataAnnotations.dll
           C:\Program Files\dotnet\packs\Microsoft.NETCore.App.Ref\10.0.3\ref\net10.0\System.ComponentModel.dll
           C:\Program Files\dotnet\packs\Microsoft.NETCore.App.Ref\10.0.3\ref\net10.0\System.ComponentModel.EventBasedAsync.dll
           C:\Program Files\dotnet\packs\Microsoft.NETCore.App.Ref\10.0.3\ref\net10.0\System.ComponentModel.Primitives.dll
           C:\Program Files\dotnet\packs\Microsoft.NETCore.App.Ref\10.0.3\ref\net10.0\System.ComponentModel.TypeConverter.dll
           C:\Program Files\dotnet\packs\Microsoft.WindowsDesktop.App.Ref\10.0.3\ref\net10.0\System.Configuration.ConfigurationManager.dll
           C:\Program Files\dotnet\packs\Microsoft.NETCore.App.Ref\10.0.3\ref\net10.0\System.Configuration.dll
           C:\Program Files\dotnet\packs\Microsoft.NETCore.App.Ref\10.0.3\ref\net10.0\System.Console.dll
           C:\Program Files\dotnet\packs\Microsoft.NETCore.App.Ref\10.0.3\ref\net10.0\System.Core.dll
           C:\Program Files\dotnet\packs\Microsoft.NETCore.App.Ref\10.0.3\ref\net10.0\System.Data.Common.dll
           C:\Program Files\dotnet\packs\Microsoft.NETCore.App.Ref\10.0.3\ref\net10.0\System.Data.DataSetExtensions.dll
           C:\Program Files\dotnet\packs\Microsoft.NETCore.App.Ref\10.0.3\ref\net10.0\System.Data.dll
           C:\Users\krish.maniar.ATPL-LAP-723\.nuget\packages\system.data.sqlclient\4.9.0\lib\net8.0\System.Data.SqlClient.dll
           C:\Program Files\dotnet\packs\Microsoft.NETCore.App.Ref\10.0.3\ref\net10.0\System.Diagnostics.Contracts.dll
           C:\Program Files\dotnet\packs\Microsoft.NETCore.App.Ref\10.0.3\ref\net10.0\System.Diagnostics.Debug.dll
           C:\Program Files\dotnet\packs\Microsoft.NETCore.App.Ref\10.0.3\ref\net10.0\System.Diagnostics.DiagnosticSource.dll
           C:\Program Files\dotnet\packs\Microsoft.WindowsDesktop.App.Ref\10.0.3\ref\net10.0\System.Diagnostics.EventLog.dll
           C:\Program Files\dotnet\packs\Microsoft.NETCore.App.Ref\10.0.3\ref\net10.0\System.Diagnostics.FileVersionInfo.dll
           C:\Program Files\dotnet\packs\Microsoft.WindowsDesktop.App.Ref\10.0.3\ref\net10.0\System.Diagnostics.PerformanceCounter.dll
           C:\Program Files\dotnet\packs\Microsoft.NETCore.App.Ref\10.0.3\ref\net10.0\System.Diagnostics.Process.dll
           C:\Program Files\dotnet\packs\Microsoft.NETCore.App.Ref\10.0.3\ref\net10.0\System.Diagnostics.StackTrace.dll
           C:\Program Files\dotnet\packs\Microsoft.NETCore.App.Ref\10.0.3\ref\net10.0\System.Diagnostics.TextWriterTraceListener.dll
           C:\Program Files\dotnet\packs\Microsoft.NETCore.App.Ref\10.0.3\ref\net10.0\System.Diagnostics.Tools.dll
           C:\Program Files\dotnet\packs\Microsoft.NETCore.App.Ref\10.0.3\ref\net10.0\System.Diagnostics.TraceSource.dll
           C:\Program Files\dotnet\packs\Microsoft.NETCore.App.Ref\10.0.3\ref\net10.0\System.Diagnostics.Tracing.dll
           C:\Program Files\dotnet\packs\Microsoft.WindowsDesktop.App.Ref\10.0.3\ref\net10.0\System.DirectoryServices.dll
           C:\Program Files\dotnet\packs\Microsoft.NETCore.App.Ref\10.0.3\ref\net10.0\System.dll
           C:\Program Files\dotnet\packs\Microsoft.WindowsDesktop.App.Ref\10.0.3\ref\net10.0\System.Drawing.Common.dll
           C:\Program Files\dotnet\packs\Microsoft.NETCore.App.Ref\10.0.3\ref\net10.0\System.Drawing.dll
           C:\Program Files\dotnet\packs\Microsoft.NETCore.App.Ref\10.0.3\ref\net10.0\System.Drawing.Primitives.dll
           C:\Program Files\dotnet\packs\Microsoft.NETCore.App.Ref\10.0.3\ref\net10.0\System.Dynamic.Runtime.dll
           C:\Program Files\dotnet\packs\Microsoft.NETCore.App.Ref\10.0.3\ref\net10.0\System.Formats.Asn1.dll
           C:\Program Files\dotnet\packs\Microsoft.WindowsDesktop.App.Ref\10.0.3\ref\net10.0\System.Formats.Nrbf.dll
           C:\Program Files\dotnet\packs\Microsoft.NETCore.App.Ref\10.0.3\ref\net10.0\System.Formats.Tar.dll
           C:\Program Files\dotnet\packs\Microsoft.NETCore.App.Ref\10.0.3\ref\net10.0\System.Globalization.Calendars.dll
           C:\Program Files\dotnet\packs\Microsoft.NETCore.App.Ref\10.0.3\ref\net10.0\System.Globalization.dll
           C:\Program Files\dotnet\packs\Microsoft.NETCore.App.Ref\10.0.3\ref\net10.0\System.Globalization.Extensions.dll
           C:\Program Files\dotnet\packs\Microsoft.NETCore.App.Ref\10.0.3\ref\net10.0\System.IO.Compression.Brotli.dll
           C:\Program Files\dotnet\packs\Microsoft.NETCore.App.Ref\10.0.3\ref\net10.0\System.IO.Compression.dll
           C:\Program Files\dotnet\packs\Microsoft.NETCore.App.Ref\10.0.3\ref\net10.0\System.IO.Compression.FileSystem.dll
           C:\Program Files\dotnet\packs\Microsoft.NETCore.App.Ref\10.0.3\ref\net10.0\System.IO.Compression.ZipFile.dll
           C:\Program Files\dotnet\packs\Microsoft.NETCore.App.Ref\10.0.3\ref\net10.0\System.IO.dll
           C:\Program Files\dotnet\packs\Microsoft.NETCore.App.Ref\10.0.3\ref\net10.0\System.IO.FileSystem.AccessControl.dll
           C:\Program Files\dotnet\packs\Microsoft.NETCore.App.Ref\10.0.3\ref\net10.0\System.IO.FileSystem.dll
           C:\Program Files\dotnet\packs\Microsoft.NETCore.App.Ref\10.0.3\ref\net10.0\System.IO.FileSystem.DriveInfo.dll
           C:\Program Files\dotnet\packs\Microsoft.NETCore.App.Ref\10.0.3\ref\net10.0\System.IO.FileSystem.Primitives.dll
           C:\Program Files\dotnet\packs\Microsoft.NETCore.App.Ref\10.0.3\ref\net10.0\System.IO.FileSystem.Watcher.dll
           C:\Program Files\dotnet\packs\Microsoft.NETCore.App.Ref\10.0.3\ref\net10.0\System.IO.IsolatedStorage.dll
           C:\Program Files\dotnet\packs\Microsoft.NETCore.App.Ref\10.0.3\ref\net10.0\System.IO.MemoryMappedFiles.dll
           C:\Program Files\dotnet\packs\Microsoft.WindowsDesktop.App.Ref\10.0.3\ref\net10.0\System.IO.Packaging.dll
           C:\Program Files\dotnet\packs\Microsoft.NETCore.App.Ref\10.0.3\ref\net10.0\System.IO.Pipelines.dll
           C:\Program Files\dotnet\packs\Microsoft.NETCore.App.Ref\10.0.3\ref\net10.0\System.IO.Pipes.AccessControl.dll
           C:\Program Files\dotnet\packs\Microsoft.NETCore.App.Ref\10.0.3\ref\net10.0\System.IO.Pipes.dll
           C:\Program Files\dotnet\packs\Microsoft.NETCore.App.Ref\10.0.3\ref\net10.0\System.IO.UnmanagedMemoryStream.dll
           C:\Program Files\dotnet\packs\Microsoft.NETCore.App.Ref\10.0.3\ref\net10.0\System.Linq.AsyncEnumerable.dll
           C:\Program Files\dotnet\packs\Microsoft.NETCore.App.Ref\10.0.3\ref\net10.0\System.Linq.dll
           C:\Program Files\dotnet\packs\Microsoft.NETCore.App.Ref\10.0.3\ref\net10.0\System.Linq.Expressions.dll
           C:\Program Files\dotnet\packs\Microsoft.NETCore.App.Ref\10.0.3\ref\net10.0\System.Linq.Parallel.dll
           C:\Program Files\dotnet\packs\Microsoft.NETCore.App.Ref\10.0.3\ref\net10.0\System.Linq.Queryable.dll
           C:\Program Files\dotnet\packs\Microsoft.NETCore.App.Ref\10.0.3\ref\net10.0\System.Memory.dll
           C:\Program Files\dotnet\packs\Microsoft.NETCore.App.Ref\10.0.3\ref\net10.0\System.Net.dll
           C:\Program Files\dotnet\packs\Microsoft.NETCore.App.Ref\10.0.3\ref\net10.0\System.Net.Http.dll
           C:\Program Files\dotnet\packs\Microsoft.NETCore.App.Ref\10.0.3\ref\net10.0\System.Net.Http.Json.dll
           C:\Program Files\dotnet\packs\Microsoft.NETCore.App.Ref\10.0.3\ref\net10.0\System.Net.HttpListener.dll
           C:\Program Files\dotnet\packs\Microsoft.NETCore.App.Ref\10.0.3\ref\net10.0\System.Net.Mail.dll
           C:\Program Files\dotnet\packs\Microsoft.NETCore.App.Ref\10.0.3\ref\net10.0\System.Net.NameResolution.dll
           C:\Program Files\dotnet\packs\Microsoft.NETCore.App.Ref\10.0.3\ref\net10.0\System.Net.NetworkInformation.dll
           C:\Program Files\dotnet\packs\Microsoft.NETCore.App.Ref\10.0.3\ref\net10.0\System.Net.Ping.dll
           C:\Program Files\dotnet\packs\Microsoft.NETCore.App.Ref\10.0.3\ref\net10.0\System.Net.Primitives.dll
           C:\Program Files\dotnet\packs\Microsoft.NETCore.App.Ref\10.0.3\ref\net10.0\System.Net.Quic.dll
           C:\Program Files\dotnet\packs\Microsoft.NETCore.App.Ref\10.0.3\ref\net10.0\System.Net.Requests.dll
           C:\Program Files\dotnet\packs\Microsoft.NETCore.App.Ref\10.0.3\ref\net10.0\System.Net.Security.dll
           C:\Program Files\dotnet\packs\Microsoft.NETCore.App.Ref\10.0.3\ref\net10.0\System.Net.ServerSentEvents.dll
           C:\Program Files\dotnet\packs\Microsoft.NETCore.App.Ref\10.0.3\ref\net10.0\System.Net.ServicePoint.dll
           C:\Program Files\dotnet\packs\Microsoft.NETCore.App.Ref\10.0.3\ref\net10.0\System.Net.Sockets.dll
           C:\Program Files\dotnet\packs\Microsoft.NETCore.App.Ref\10.0.3\ref\net10.0\System.Net.WebClient.dll
           C:\Program Files\dotnet\packs\Microsoft.NETCore.App.Ref\10.0.3\ref\net10.0\System.Net.WebHeaderCollection.dll
           C:\Program Files\dotnet\packs\Microsoft.NETCore.App.Ref\10.0.3\ref\net10.0\System.Net.WebProxy.dll
           C:\Program Files\dotnet\packs\Microsoft.NETCore.App.Ref\10.0.3\ref\net10.0\System.Net.WebSockets.Client.dll
           C:\Program Files\dotnet\packs\Microsoft.NETCore.App.Ref\10.0.3\ref\net10.0\System.Net.WebSockets.dll
           C:\Program Files\dotnet\packs\Microsoft.NETCore.App.Ref\10.0.3\ref\net10.0\System.Numerics.dll
           C:\Program Files\dotnet\packs\Microsoft.NETCore.App.Ref\10.0.3\ref\net10.0\System.Numerics.Vectors.dll
           C:\Program Files\dotnet\packs\Microsoft.NETCore.App.Ref\10.0.3\ref\net10.0\System.ObjectModel.dll
           C:\Program Files\dotnet\packs\Microsoft.WindowsDesktop.App.Ref\10.0.3\ref\net10.0\System.Printing.dll
           C:\Program Files\dotnet\packs\Microsoft.WindowsDesktop.App.Ref\10.0.3\ref\net10.0\System.Private.Windows.Core.dll
           C:\Program Files\dotnet\packs\Microsoft.WindowsDesktop.App.Ref\10.0.3\ref\net10.0\System.Private.Windows.GdiPlus.dll
           C:\Program Files\dotnet\packs\Microsoft.NETCore.App.Ref\10.0.3\ref\net10.0\System.Reflection.DispatchProxy.dll
           C:\Program Files\dotnet\packs\Microsoft.NETCore.App.Ref\10.0.3\ref\net10.0\System.Reflection.dll
           C:\Program Files\dotnet\packs\Microsoft.NETCore.App.Ref\10.0.3\ref\net10.0\System.Reflection.Emit.dll
           C:\Program Files\dotnet\packs\Microsoft.NETCore.App.Ref\10.0.3\ref\net10.0\System.Reflection.Emit.ILGeneration.dll
           C:\Program Files\dotnet\packs\Microsoft.NETCore.App.Ref\10.0.3\ref\net10.0\System.Reflection.Emit.Lightweight.dll
           C:\Program Files\dotnet\packs\Microsoft.NETCore.App.Ref\10.0.3\ref\net10.0\System.Reflection.Extensions.dll
           C:\Program Files\dotnet\packs\Microsoft.NETCore.App.Ref\10.0.3\ref\net10.0\System.Reflection.Metadata.dll
           C:\Program Files\dotnet\packs\Microsoft.NETCore.App.Ref\10.0.3\ref\net10.0\System.Reflection.Primitives.dll
           C:\Program Files\dotnet\packs\Microsoft.NETCore.App.Ref\10.0.3\ref\net10.0\System.Reflection.TypeExtensions.dll
           C:\Program Files\dotnet\packs\Microsoft.WindowsDesktop.App.Ref\10.0.3\ref\net10.0\System.Resources.Extensions.dll
           C:\Program Files\dotnet\packs\Microsoft.NETCore.App.Ref\10.0.3\ref\net10.0\System.Resources.Reader.dll
           C:\Program Files\dotnet\packs\Microsoft.NETCore.App.Ref\10.0.3\ref\net10.0\System.Resources.ResourceManager.dll
           C:\Program Files\dotnet\packs\Microsoft.NETCore.App.Ref\10.0.3\ref\net10.0\System.Resources.Writer.dll
           C:\Program Files\dotnet\packs\Microsoft.NETCore.App.Ref\10.0.3\ref\net10.0\System.Runtime.CompilerServices.Unsafe.dll
           C:\Program Files\dotnet\packs\Microsoft.NETCore.App.Ref\10.0.3\ref\net10.0\System.Runtime.CompilerServices.VisualC.dll
           C:\Program Files\dotnet\packs\Microsoft.NETCore.App.Ref\10.0.3\ref\net10.0\System.Runtime.dll
           C:\Program Files\dotnet\packs\Microsoft.NETCore.App.Ref\10.0.3\ref\net10.0\System.Runtime.Extensions.dll
           C:\Program Files\dotnet\packs\Microsoft.NETCore.App.Ref\10.0.3\ref\net10.0\System.Runtime.Handles.dll
           C:\Program Files\dotnet\packs\Microsoft.NETCore.App.Ref\10.0.3\ref\net10.0\System.Runtime.InteropServices.dll
           C:\Program Files\dotnet\packs\Microsoft.NETCore.App.Ref\10.0.3\ref\net10.0\System.Runtime.InteropServices.JavaScript.dll
           C:\Program Files\dotnet\packs\Microsoft.NETCore.App.Ref\10.0.3\ref\net10.0\System.Runtime.InteropServices.RuntimeInformation.dll
           C:\Program Files\dotnet\packs\Microsoft.NETCore.App.Ref\10.0.3\ref\net10.0\System.Runtime.Intrinsics.dll
           C:\Program Files\dotnet\packs\Microsoft.NETCore.App.Ref\10.0.3\ref\net10.0\System.Runtime.Loader.dll
           C:\Program Files\dotnet\packs\Microsoft.NETCore.App.Ref\10.0.3\ref\net10.0\System.Runtime.Numerics.dll
           C:\Program Files\dotnet\packs\Microsoft.NETCore.App.Ref\10.0.3\ref\net10.0\System.Runtime.Serialization.dll
           C:\Program Files\dotnet\packs\Microsoft.NETCore.App.Ref\10.0.3\ref\net10.0\System.Runtime.Serialization.Formatters.dll
           C:\Program Files\dotnet\packs\Microsoft.NETCore.App.Ref\10.0.3\ref\net10.0\System.Runtime.Serialization.Json.dll
           C:\Program Files\dotnet\packs\Microsoft.NETCore.App.Ref\10.0.3\ref\net10.0\System.Runtime.Serialization.Primitives.dll
           C:\Program Files\dotnet\packs\Microsoft.NETCore.App.Ref\10.0.3\ref\net10.0\System.Runtime.Serialization.Xml.dll
           C:\Program Files\dotnet\packs\Microsoft.NETCore.App.Ref\10.0.3\ref\net10.0\System.Security.AccessControl.dll
           C:\Program Files\dotnet\packs\Microsoft.NETCore.App.Ref\10.0.3\ref\net10.0\System.Security.Claims.dll
           C:\Program Files\dotnet\packs\Microsoft.NETCore.App.Ref\10.0.3\ref\net10.0\System.Security.Cryptography.Algorithms.dll
           C:\Program Files\dotnet\packs\Microsoft.NETCore.App.Ref\10.0.3\ref\net10.0\System.Security.Cryptography.Cng.dll
           C:\Program Files\dotnet\packs\Microsoft.NETCore.App.Ref\10.0.3\ref\net10.0\System.Security.Cryptography.Csp.dll
           C:\Program Files\dotnet\packs\Microsoft.NETCore.App.Ref\10.0.3\ref\net10.0\System.Security.Cryptography.dll
           C:\Program Files\dotnet\packs\Microsoft.NETCore.App.Ref\10.0.3\ref\net10.0\System.Security.Cryptography.Encoding.dll
           C:\Program Files\dotnet\packs\Microsoft.NETCore.App.Ref\10.0.3\ref\net10.0\System.Security.Cryptography.OpenSsl.dll
           C:\Program Files\dotnet\packs\Microsoft.WindowsDesktop.App.Ref\10.0.3\ref\net10.0\System.Security.Cryptography.Pkcs.dll
           C:\Program Files\dotnet\packs\Microsoft.NETCore.App.Ref\10.0.3\ref\net10.0\System.Security.Cryptography.Primitives.dll
           C:\Program Files\dotnet\packs\Microsoft.WindowsDesktop.App.Ref\10.0.3\ref\net10.0\System.Security.Cryptography.ProtectedData.dll
           C:\Program Files\dotnet\packs\Microsoft.NETCore.App.Ref\10.0.3\ref\net10.0\System.Security.Cryptography.X509Certificates.dll
           C:\Program Files\dotnet\packs\Microsoft.WindowsDesktop.App.Ref\10.0.3\ref\net10.0\System.Security.Cryptography.Xml.dll
           C:\Program Files\dotnet\packs\Microsoft.NETCore.App.Ref\10.0.3\ref\net10.0\System.Security.dll
           C:\Program Files\dotnet\packs\Microsoft.WindowsDesktop.App.Ref\10.0.3\ref\net10.0\System.Security.Permissions.dll
           C:\Program Files\dotnet\packs\Microsoft.NETCore.App.Ref\10.0.3\ref\net10.0\System.Security.Principal.dll
           C:\Program Files\dotnet\packs\Microsoft.NETCore.App.Ref\10.0.3\ref\net10.0\System.Security.Principal.Windows.dll
           C:\Program Files\dotnet\packs\Microsoft.NETCore.App.Ref\10.0.3\ref\net10.0\System.Security.SecureString.dll
           C:\Program Files\dotnet\packs\Microsoft.NETCore.App.Ref\10.0.3\ref\net10.0\System.ServiceModel.Web.dll
           C:\Program Files\dotnet\packs\Microsoft.NETCore.App.Ref\10.0.3\ref\net10.0\System.ServiceProcess.dll
           C:\Program Files\dotnet\packs\Microsoft.NETCore.App.Ref\10.0.3\ref\net10.0\System.Text.Encoding.CodePages.dll
           C:\Program Files\dotnet\packs\Microsoft.NETCore.App.Ref\10.0.3\ref\net10.0\System.Text.Encoding.dll
           C:\Program Files\dotnet\packs\Microsoft.NETCore.App.Ref\10.0.3\ref\net10.0\System.Text.Encoding.Extensions.dll
           C:\Program Files\dotnet\packs\Microsoft.NETCore.App.Ref\10.0.3\ref\net10.0\System.Text.Encodings.Web.dll
           C:\Program Files\dotnet\packs\Microsoft.NETCore.App.Ref\10.0.3\ref\net10.0\System.Text.Json.dll
           C:\Program Files\dotnet\packs\Microsoft.NETCore.App.Ref\10.0.3\ref\net10.0\System.Text.RegularExpressions.dll
           C:\Program Files\dotnet\packs\Microsoft.NETCore.App.Ref\10.0.3\ref\net10.0\System.Threading.AccessControl.dll
           C:\Program Files\dotnet\packs\Microsoft.NETCore.App.Ref\10.0.3\ref\net10.0\System.Threading.Channels.dll
           C:\Program Files\dotnet\packs\Microsoft.NETCore.App.Ref\10.0.3\ref\net10.0\System.Threading.dll
           C:\Program Files\dotnet\packs\Microsoft.NETCore.App.Ref\10.0.3\ref\net10.0\System.Threading.Overlapped.dll
           C:\Program Files\dotnet\packs\Microsoft.NETCore.App.Ref\10.0.3\ref\net10.0\System.Threading.Tasks.Dataflow.dll
           C:\Program Files\dotnet\packs\Microsoft.NETCore.App.Ref\10.0.3\ref\net10.0\System.Threading.Tasks.dll
           C:\Program Files\dotnet\packs\Microsoft.NETCore.App.Ref\10.0.3\ref\net10.0\System.Threading.Tasks.Extensions.dll
           C:\Program Files\dotnet\packs\Microsoft.NETCore.App.Ref\10.0.3\ref\net10.0\System.Threading.Tasks.Parallel.dll
           C:\Program Files\dotnet\packs\Microsoft.NETCore.App.Ref\10.0.3\ref\net10.0\System.Threading.Thread.dll
           C:\Program Files\dotnet\packs\Microsoft.NETCore.App.Ref\10.0.3\ref\net10.0\System.Threading.ThreadPool.dll
           C:\Program Files\dotnet\packs\Microsoft.NETCore.App.Ref\10.0.3\ref\net10.0\System.Threading.Timer.dll
           C:\Program Files\dotnet\packs\Microsoft.NETCore.App.Ref\10.0.3\ref\net10.0\System.Transactions.dll
           C:\Program Files\dotnet\packs\Microsoft.NETCore.App.Ref\10.0.3\ref\net10.0\System.Transactions.Local.dll
           C:\Program Files\dotnet\packs\Microsoft.NETCore.App.Ref\10.0.3\ref\net10.0\System.ValueTuple.dll
           C:\Program Files\dotnet\packs\Microsoft.NETCore.App.Ref\10.0.3\ref\net10.0\System.Web.dll
           C:\Program Files\dotnet\packs\Microsoft.NETCore.App.Ref\10.0.3\ref\net10.0\System.Web.HttpUtility.dll
           C:\Program Files\dotnet\packs\Microsoft.WindowsDesktop.App.Ref\10.0.3\ref\net10.0\System.Windows.Controls.Ribbon.dll
           C:\Program Files\dotnet\packs\Microsoft.NETCore.App.Ref\10.0.3\ref\net10.0\System.Windows.dll
           C:\Program Files\dotnet\packs\Microsoft.WindowsDesktop.App.Ref\10.0.3\ref\net10.0\System.Windows.Extensions.dll
           C:\Program Files\dotnet\packs\Microsoft.WindowsDesktop.App.Ref\10.0.3\ref\net10.0\System.Windows.Input.Manipulations.dll
           C:\Program Files\dotnet\packs\Microsoft.WindowsDesktop.App.Ref\10.0.3\ref\net10.0\System.Windows.Presentation.dll
           C:\Program Files\dotnet\packs\Microsoft.WindowsDesktop.App.Ref\10.0.3\ref\net10.0\System.Windows.Primitives.dll
           C:\Program Files\dotnet\packs\Microsoft.WindowsDesktop.App.Ref\10.0.3\ref\net10.0\System.Xaml.dll
           C:\Program Files\dotnet\packs\Microsoft.NETCore.App.Ref\10.0.3\ref\net10.0\System.Xml.dll
           C:\Program Files\dotnet\packs\Microsoft.NETCore.App.Ref\10.0.3\ref\net10.0\System.Xml.Linq.dll
           C:\Program Files\dotnet\packs\Microsoft.NETCore.App.Ref\10.0.3\ref\net10.0\System.Xml.ReaderWriter.dll
           C:\Program Files\dotnet\packs\Microsoft.NETCore.App.Ref\10.0.3\ref\net10.0\System.Xml.Serialization.dll
           C:\Program Files\dotnet\packs\Microsoft.NETCore.App.Ref\10.0.3\ref\net10.0\System.Xml.XDocument.dll
           C:\Program Files\dotnet\packs\Microsoft.NETCore.App.Ref\10.0.3\ref\net10.0\System.Xml.XmlDocument.dll
           C:\Program Files\dotnet\packs\Microsoft.NETCore.App.Ref\10.0.3\ref\net10.0\System.Xml.XmlSerializer.dll
           C:\Program Files\dotnet\packs\Microsoft.NETCore.App.Ref\10.0.3\ref\net10.0\System.Xml.XPath.dll
           C:\Program Files\dotnet\packs\Microsoft.NETCore.App.Ref\10.0.3\ref\net10.0\System.Xml.XPath.XDocument.dll
           c:\Apps\TicketConsolidator\src\TicketConsolidator.Application\obj\Debug\net10.0\ref\TicketConsolidator.Application.dll
           c:\Apps\TicketConsolidator\src\TicketConsolidator.Domain\obj\Debug\net10.0\ref\TicketConsolidator.Domain.dll
           C:\Program Files\dotnet\packs\Microsoft.WindowsDesktop.App.Ref\10.0.3\ref\net10.0\UIAutomationClient.dll
           C:\Program Files\dotnet\packs\Microsoft.WindowsDesktop.App.Ref\10.0.3\ref\net10.0\UIAutomationClientSideProviders.dll
           C:\Program Files\dotnet\packs\Microsoft.WindowsDesktop.App.Ref\10.0.3\ref\net10.0\UIAutomationProvider.dll
           C:\Program Files\dotnet\packs\Microsoft.WindowsDesktop.App.Ref\10.0.3\ref\net10.0\UIAutomationTypes.dll
           C:\Program Files\dotnet\packs\Microsoft.WindowsDesktop.App.Ref\10.0.3\ref\net10.0\WindowsBase.dll
           obj\Debug\net10.0-windows\TicketConsolidator.Infrastructure.csproj.CoreCompileInputs.cache
           obj\Debug\net10.0-windows\TicketConsolidator.Infrastructure.csproj.BuildWithSkipAnalyzers
           C:\Program Files\dotnet\sdk\10.0.103\Sdks\Microsoft.NET.Sdk\targets\..\analyzers\Microsoft.CodeAnalysis.CSharp.NetAnalyzers.dll
           C:\Program Files\dotnet\sdk\10.0.103\Sdks\Microsoft.NET.Sdk\targets\..\analyzers\Microsoft.CodeAnalysis.NetAnalyzers.dll
           C:\Program Files\dotnet\packs\Microsoft.NETCore.App.Ref\10.0.3\analyzers/dotnet/cs/Microsoft.Interop.ComInterfaceGenerator.dll
           C:\Program Files\dotnet\packs\Microsoft.NETCore.App.Ref\10.0.3\analyzers/dotnet/cs/Microsoft.Interop.JavaScript.JSImportGenerator.dll
           C:\Program Files\dotnet\packs\Microsoft.NETCore.App.Ref\10.0.3\analyzers/dotnet/cs/Microsoft.Interop.LibraryImportGenerator.dll
           C:\Program Files\dotnet\packs\Microsoft.NETCore.App.Ref\10.0.3\analyzers/dotnet/cs/Microsoft.Interop.SourceGeneration.dll
           C:\Program Files\dotnet\packs\Microsoft.NETCore.App.Ref\10.0.3\analyzers/dotnet/cs/System.Text.Json.SourceGeneration.dll
           C:\Program Files\dotnet\packs\Microsoft.NETCore.App.Ref\10.0.3\analyzers/dotnet/cs/System.Text.RegularExpressions.Generator.dll
           obj\Debug\net10.0-windows\TicketConsolidator.Infrastructure.GeneratedMSBuildEditorConfig.editorconfig
           C:\Program Files\dotnet\sdk\10.0.103\Sdks\Microsoft.NET.Sdk\analyzers\build\config\analysislevel_10_default.globalconfig
           c:\Apps\TicketConsolidator\src\TicketConsolidator.Infrastructure\obj\TicketConsolidator.Infrastructure.csproj.nuget.g.props
           C:\Program Files\dotnet\sdk\10.0.103\Current\Microsoft.Common.targets\ImportAfter\Microsoft.TestPlatform.ImportAfter.targets
           obj\Debug\net10.0-windows\TicketConsolidator.Infrastructure.sourcelink.json
       Output files: 
           obj\Debug\net10.0-windows\TicketConsolidator.Infrastructure.dll
           obj\Debug\net10.0-windows\refint\TicketConsolidator.Infrastructure.dll
           obj\Debug\net10.0-windows\TicketConsolidator.Infrastructure.pdb
       C:\Program Files\dotnet\sdk\10.0.103\Roslyn\Microsoft.CSharp.Core.targets(66,7): message : Property reassignment: $(NoWarn)="NU1701;1701;1702" (previous value: "NU1701") at C:\Program Files\dotnet\sdk\10.0.103\Roslyn\Microsoft.CSharp.Core.targets (66,7) [c:\Apps\TicketConsolidator\src\TicketConsolidator.Infrastructure\TicketConsolidator.Infrastructure.csproj]
   4:9>Done building target "CoreCompile" in project "TicketConsolidator.Infrastructure.csproj".
   4:9>Target "AfterCompile" in file "C:\Program Files\dotnet\sdk\10.0.103\Microsoft.Common.CurrentVersion.targets" from project "c:\Apps\TicketConsolidator\src\TicketConsolidator.Infrastructure\TicketConsolidator.Infrastructure.csproj" (target "Compile" depends on it):
   4:9>Done building target "AfterCompile" in project "TicketConsolidator.Infrastructure.csproj".
   4:9>Target "AfterCompileWinFX" in file "C:\Program Files\dotnet\sdk\10.0.103\Sdks\Microsoft.NET.Sdk.WindowsDesktop\targets\Microsoft.WinFX.targets" from project "c:\Apps\TicketConsolidator\src\TicketConsolidator.Infrastructure\TicketConsolidator.Infrastructure.csproj" (target "_AfterCompileWinFXInternal" depends on it):
   4:9>Done building target "AfterCompileWinFX" in project "TicketConsolidator.Infrastructure.csproj".
   4:9>Target "_AfterCompileWinFXInternal" in file "C:\Program Files\dotnet\sdk\10.0.103\Sdks\Microsoft.NET.Sdk.WindowsDesktop\targets\Microsoft.WinFX.targets" from project "c:\Apps\TicketConsolidator\src\TicketConsolidator.Infrastructure\TicketConsolidator.Infrastructure.csproj" (target "Compile" depends on it):
   4:9>Done building target "_AfterCompileWinFXInternal" in project "TicketConsolidator.Infrastructure.csproj".
   4:9>Target "Compile" in file "C:\Program Files\dotnet\sdk\10.0.103\Microsoft.Common.CurrentVersion.targets" from project "c:\Apps\TicketConsolidator\src\TicketConsolidator.Infrastructure\TicketConsolidator.Infrastructure.csproj" (target "CoreBuild" depends on it):
   4:9>Done building target "Compile" in project "TicketConsolidator.Infrastructure.csproj".
   4:9>Target "_GenerateSatelliteAssemblyInputs" in file "C:\Program Files\dotnet\sdk\10.0.103\Microsoft.Common.CurrentVersion.targets" from project "c:\Apps\TicketConsolidator\src\TicketConsolidator.Infrastructure\TicketConsolidator.Infrastructure.csproj" (target "CreateSatelliteAssemblies" depends on it):
   4:9>Done building target "_GenerateSatelliteAssemblyInputs" in project "TicketConsolidator.Infrastructure.csproj".
   4:9>Target "CreateSatelliteAssemblies" in file "C:\Program Files\dotnet\sdk\10.0.103\Microsoft.Common.CurrentVersion.targets" from project "c:\Apps\TicketConsolidator\src\TicketConsolidator.Infrastructure\TicketConsolidator.Infrastructure.csproj" (target "CoreBuild" depends on it):
   4:9>Done building target "CreateSatelliteAssemblies" in project "TicketConsolidator.Infrastructure.csproj".
   4:9>Target "GetTargetPathWithTargetPlatformMoniker" in file "C:\Program Files\dotnet\sdk\10.0.103\Microsoft.Common.CurrentVersion.targets" from project "c:\Apps\TicketConsolidator\src\TicketConsolidator.Infrastructure\TicketConsolidator.Infrastructure.csproj" (target "GetTargetPath" depends on it):
   4:9>Done building target "GetTargetPathWithTargetPlatformMoniker" in project "TicketConsolidator.Infrastructure.csproj".
   4:9>Target "GetTargetPath" in file "C:\Program Files\dotnet\sdk\10.0.103\Microsoft.Common.CurrentVersion.targets" from project "c:\Apps\TicketConsolidator\src\TicketConsolidator.Infrastructure\TicketConsolidator.Infrastructure.csproj" (target "CoreBuild" depends on it):
   4:9>Done building target "GetTargetPath" in project "TicketConsolidator.Infrastructure.csproj".
   4:9>Target "_CopyFilesMarkedCopyLocal" in file "C:\Program Files\dotnet\sdk\10.0.103\Microsoft.Common.CurrentVersion.targets" from project "c:\Apps\TicketConsolidator\src\TicketConsolidator.Infrastructure\TicketConsolidator.Infrastructure.csproj" (target "CopyFilesToOutputDirectory" depends on it):
       Using "Copy" task from assembly "Microsoft.Build.Tasks.Core, Version=15.1.0.0, Culture=neutral, PublicKeyToken=b03f5f7f11d50a3a".
       Task "Copy"
         Did not copy from file "c:\Apps\TicketConsolidator\src\TicketConsolidator.Application\bin\Debug\net10.0\TicketConsolidator.Application.dll" to file "bin\Debug\net10.0-windows\TicketConsolidator.Application.dll" because the "SkipUnchangedFiles" parameter was set to "true" in the project and the files' sizes and timestamps match.
         Did not copy from file "c:\Apps\TicketConsolidator\src\TicketConsolidator.Domain\bin\Debug\net10.0\TicketConsolidator.Domain.dll" to file "bin\Debug\net10.0-windows\TicketConsolidator.Domain.dll" because the "SkipUnchangedFiles" parameter was set to "true" in the project and the files' sizes and timestamps match.
         Did not copy from file "c:\Apps\TicketConsolidator\src\TicketConsolidator.Domain\bin\Debug\net10.0\TicketConsolidator.Domain.pdb" to file "bin\Debug\net10.0-windows\TicketConsolidator.Domain.pdb" because the "SkipUnchangedFiles" parameter was set to "true" in the project and the files' sizes and timestamps match.
         Did not copy from file "c:\Apps\TicketConsolidator\src\TicketConsolidator.Application\bin\Debug\net10.0\TicketConsolidator.Application.pdb" to file "bin\Debug\net10.0-windows\TicketConsolidator.Application.pdb" because the "SkipUnchangedFiles" parameter was set to "true" in the project and the files' sizes and timestamps match.
       Done executing task "Copy".
   4:9>Done building target "_CopyFilesMarkedCopyLocal" in project "TicketConsolidator.Infrastructure.csproj".
       Target "AssignTargetPaths" skipped. Previously built successfully.
       Target "AssignProjectConfiguration" skipped. Previously built successfully.
       Target "_SplitProjectReferencesByFileExistence" skipped. Previously built successfully.
       Target "_GetProjectReferenceTargetFrameworkProperties" skipped. Previously built successfully.
   4:9>Target "_PopulateCommonStateForGetCopyToOutputDirectoryItems" in file "C:\Program Files\dotnet\sdk\10.0.103\Microsoft.Common.CurrentVersion.targets" from project "c:\Apps\TicketConsolidator\src\TicketConsolidator.Infrastructure\TicketConsolidator.Infrastructure.csproj" (target "GetCopyToOutputDirectoryItems" depends on it):
   4:9>Done building target "_PopulateCommonStateForGetCopyToOutputDirectoryItems" in project "TicketConsolidator.Infrastructure.csproj".
   4:9>Target "GetCopyToOutputDirectoryItems" in file "C:\Program Files\dotnet\sdk\10.0.103\Microsoft.Common.CurrentVersion.targets" from project "c:\Apps\TicketConsolidator\src\TicketConsolidator.Infrastructure\TicketConsolidator.Infrastructure.csproj" (target "_CopySourceItemsToOutputDirectory" depends on it):
       Using "CallTarget" task from assembly "Microsoft.Build.Tasks.Core, Version=15.1.0.0, Culture=neutral, PublicKeyToken=b03f5f7f11d50a3a".
       Task "CallTarget"
       Target "_PopulateCommonStateForGetCopyToOutputDirectoryItems" skipped. Previously built successfully.
       Target "_AddOutputPathToGlobalPropertiesToRemove" skipped. Previously built successfully.
   4:9>Target "_GetCopyToOutputDirectoryItemsFromTransitiveProjectReferences" in file "C:\Program Files\dotnet\sdk\10.0.103\Microsoft.Common.CurrentVersion.targets" from project "c:\Apps\TicketConsolidator\src\TicketConsolidator.Infrastructure\TicketConsolidator.Infrastructure.csproj" (target "GetCopyToOutputDirectoryItems" depends on it):
       Task "MSBuild"
         Global Properties:
           Configuration=Debug
           Platform=AnyCPU
         Removing Properties for project "..\TicketConsolidator.Application\TicketConsolidator.Application.csproj":
           TargetFramework
           RuntimeIdentifier
           SelfContained
         Removing Properties for project "..\TicketConsolidator.Domain\TicketConsolidator.Domain.csproj":
           TargetFramework
           RuntimeIdentifier
           SelfContained
   4:9>Project "c:\Apps\TicketConsolidator\src\TicketConsolidator.Infrastructure\TicketConsolidator.Infrastructure.csproj" (4:9) is building "c:\Apps\TicketConsolidator\src\TicketConsolidator.Domain\TicketConsolidator.Domain.csproj" (7:24) on node 1 (GetCopyToOutputDirectoryItems target(s)).
  7:24>Target "GetCopyToOutputDirectoryItems" skipped. Previously built successfully.
  7:24>Done Building Project "c:\Apps\TicketConsolidator\src\TicketConsolidator.Domain\TicketConsolidator.Domain.csproj" (GetCopyToOutputDirectoryItems target(s)).
   4:9>Project "c:\Apps\TicketConsolidator\src\TicketConsolidator.Infrastructure\TicketConsolidator.Infrastructure.csproj" (4:9) is building "c:\Apps\TicketConsolidator\src\TicketConsolidator.Application\TicketConsolidator.Application.csproj" (2:19) on node 3 (GetCopyToOutputDirectoryItems target(s)).
  2:19>Target "GetCopyToOutputDirectoryItems" skipped. Previously built successfully.
  2:19>Done Building Project "c:\Apps\TicketConsolidator\src\TicketConsolidator.Application\TicketConsolidator.Application.csproj" (GetCopyToOutputDirectoryItems target(s)).
   4:9>Done executing task "MSBuild".
       Task "AssignTargetPath"
       Done executing task "AssignTargetPath".
   4:9>Done building target "_GetCopyToOutputDirectoryItemsFromTransitiveProjectReferences" in project "TicketConsolidator.Infrastructure.csproj".
       Done executing task "CallTarget".
       Task "CallTarget"
       Target "AssignTargetPaths" skipped. Previously built successfully.
       Target "_PopulateCommonStateForGetCopyToOutputDirectoryItems" skipped. Previously built successfully.
   4:9>Target "_GetCopyToOutputDirectoryItemsFromThisProject" in file "C:\Program Files\dotnet\sdk\10.0.103\Microsoft.Common.CurrentVersion.targets" from project "c:\Apps\TicketConsolidator\src\TicketConsolidator.Infrastructure\TicketConsolidator.Infrastructure.csproj" (target "GetCopyToOutputDirectoryItems" depends on it):
       Task "AssignTargetPath"
       Done executing task "AssignTargetPath".
   4:9>Done building target "_GetCopyToOutputDirectoryItemsFromThisProject" in project "TicketConsolidator.Infrastructure.csproj".
       Done executing task "CallTarget".
   4:9>Done building target "GetCopyToOutputDirectoryItems" in project "TicketConsolidator.Infrastructure.csproj".
   4:9>Target "_CopySourceItemsToOutputDirectory" in file "C:\Program Files\dotnet\sdk\10.0.103\Microsoft.Common.CurrentVersion.targets" from project "c:\Apps\TicketConsolidator\src\TicketConsolidator.Infrastructure\TicketConsolidator.Infrastructure.csproj" (target "CopyFilesToOutputDirectory" depends on it):
   4:9>Done building target "_CopySourceItemsToOutputDirectory" in project "TicketConsolidator.Infrastructure.csproj".
   4:9>Target "_CheckForCompileOutputs" in file "C:\Program Files\dotnet\sdk\10.0.103\Microsoft.Common.CurrentVersion.targets" from project "c:\Apps\TicketConsolidator\src\TicketConsolidator.Infrastructure\TicketConsolidator.Infrastructure.csproj" (target "CopyFilesToOutputDirectory" depends on it):
   4:9>Done building target "_CheckForCompileOutputs" in project "TicketConsolidator.Infrastructure.csproj".
       Target "_DefaultMicrosoftNETPlatformLibrary" skipped. Previously built successfully.
       Target "_HandlePackageFileConflicts" skipped. Previously built successfully.
       Target "ResolveAssemblyReferences" skipped. Previously built successfully.
   4:9>Target "_ComputeReferenceAssemblies" in file "C:\Program Files\dotnet\sdk\10.0.103\Sdks\Microsoft.NET.Sdk\targets\Microsoft.NET.Sdk.targets" from project "c:\Apps\TicketConsolidator\src\TicketConsolidator.Infrastructure\TicketConsolidator.Infrastructure.csproj" (target "GenerateBuildDependencyFile" depends on it):
   4:9>Done building target "_ComputeReferenceAssemblies" in project "TicketConsolidator.Infrastructure.csproj".
   4:9>Target "_ComputeUserRuntimeAssemblies" in file "C:\Program Files\dotnet\sdk\10.0.103\Sdks\Microsoft.NET.Sdk\targets\Microsoft.NET.Sdk.targets" from project "c:\Apps\TicketConsolidator\src\TicketConsolidator.Infrastructure\TicketConsolidator.Infrastructure.csproj" (target "GenerateBuildDependencyFile" depends on it):
   4:9>Done building target "_ComputeUserRuntimeAssemblies" in project "TicketConsolidator.Infrastructure.csproj".
       Target "_ComputePackageReferencePublish" skipped. Previously built successfully.
   4:9>Target "GenerateBuildDependencyFile" in file "C:\Program Files\dotnet\sdk\10.0.103\Sdks\Microsoft.NET.Sdk\targets\Microsoft.NET.Sdk.targets" from project "c:\Apps\TicketConsolidator\src\TicketConsolidator.Infrastructure\TicketConsolidator.Infrastructure.csproj" (target "CopyFilesToOutputDirectory" depends on it):
       Skipping target "GenerateBuildDependencyFile" because all output files are up-to-date with respect to the input files.
       Input files: 
           c:\Apps\TicketConsolidator\src\TicketConsolidator.Infrastructure\obj\project.assets.json
           c:\Apps\TicketConsolidator\src\TicketConsolidator.Infrastructure\obj\Debug\net10.0-windows\TicketConsolidator.Infrastructure.assets.cache
           c:\Apps\TicketConsolidator\src\TicketConsolidator.Infrastructure\obj\TicketConsolidator.Infrastructure.csproj.nuget.g.props
           C:\Program Files\dotnet\sdk\10.0.103\Current\Microsoft.Common.targets\ImportAfter\Microsoft.TestPlatform.ImportAfter.targets
       Output files: c:\Apps\TicketConsolidator\src\TicketConsolidator.Infrastructure\bin\Debug\net10.0-windows\TicketConsolidator.Infrastructure.deps.json
   4:9>Done building target "GenerateBuildDependencyFile" in project "TicketConsolidator.Infrastructure.csproj".
   4:9>Target "CopyFilesToOutputDirectory" in file "C:\Program Files\dotnet\sdk\10.0.103\Microsoft.Common.CurrentVersion.targets" from project "c:\Apps\TicketConsolidator\src\TicketConsolidator.Infrastructure\TicketConsolidator.Infrastructure.csproj" (target "PrepareForRun" depends on it):
       Task "Copy"
         Did not copy from file "obj\Debug\net10.0-windows\TicketConsolidator.Infrastructure.dll" to file "bin\Debug\net10.0-windows\TicketConsolidator.Infrastructure.dll" because the "SkipUnchangedFiles" parameter was set to "true" in the project and the files' sizes and timestamps match.
       Done executing task "Copy".
       Using "CopyRefAssembly" task from assembly "C:\Program Files\dotnet\sdk\10.0.103\Sdks\Microsoft.NET.Sdk\targets\..\..\..\Roslyn\Microsoft.Build.Tasks.CodeAnalysis.dll".
       Task "CopyRefAssembly"
         Reference assembly "c:\Apps\TicketConsolidator\src\TicketConsolidator.Infrastructure\obj\Debug\net10.0-windows\ref\TicketConsolidator.Infrastructure.dll" already has latest information. Leaving it untouched.
       Done executing task "CopyRefAssembly".
       Task "Message"
         TicketConsolidator.Infrastructure -> c:\Apps\TicketConsolidator\src\TicketConsolidator.Infrastructure\bin\Debug\net10.0-windows\TicketConsolidator.Infrastructure.dll
       Done executing task "Message".
       Task "Copy"
         Did not copy from file "obj\Debug\net10.0-windows\TicketConsolidator.Infrastructure.pdb" to file "bin\Debug\net10.0-windows\TicketConsolidator.Infrastructure.pdb" because the "SkipUnchangedFiles" parameter was set to "true" in the project and the files' sizes and timestamps match.
       Done executing task "Copy".
   4:9>Done building target "CopyFilesToOutputDirectory" in project "TicketConsolidator.Infrastructure.csproj".
   4:9>Target "PrepareForRun" in file "C:\Program Files\dotnet\sdk\10.0.103\Microsoft.Common.CurrentVersion.targets" from project "c:\Apps\TicketConsolidator\src\TicketConsolidator.Infrastructure\TicketConsolidator.Infrastructure.csproj" (target "CoreBuild" depends on it):
   4:9>Done building target "PrepareForRun" in project "TicketConsolidator.Infrastructure.csproj".
       Target "_CheckForCompileOutputs" skipped. Previously built successfully.
   4:9>Target "_CleanGetCurrentAndPriorFileWrites" in file "C:\Program Files\dotnet\sdk\10.0.103\Microsoft.Common.CurrentVersion.targets" from project "c:\Apps\TicketConsolidator\src\TicketConsolidator.Infrastructure\TicketConsolidator.Infrastructure.csproj" (target "IncrementalClean" depends on it):
       Using "ReadLinesFromFile" task from assembly "Microsoft.Build.Tasks.Core, Version=15.1.0.0, Culture=neutral, PublicKeyToken=b03f5f7f11d50a3a".
       Task "ReadLinesFromFile"
       Done executing task "ReadLinesFromFile".
       Task "ConvertToAbsolutePath"
       Done executing task "ConvertToAbsolutePath".
       Using "FindUnderPath" task from assembly "Microsoft.Build.Tasks.Core, Version=15.1.0.0, Culture=neutral, PublicKeyToken=b03f5f7f11d50a3a".
       Task "FindUnderPath"
         Comparison path is "c:\Apps\TicketConsolidator\src\TicketConsolidator.Infrastructure".
       Done executing task "FindUnderPath".
       Task "FindUnderPath"
         Comparison path is "bin\Debug\net10.0-windows\".
       Done executing task "FindUnderPath".
       Task "FindUnderPath"
         Comparison path is "obj\Debug\net10.0-windows\".
       Done executing task "FindUnderPath".
       Task "RemoveDuplicates"
       Done executing task "RemoveDuplicates".
   4:9>Done building target "_CleanGetCurrentAndPriorFileWrites" in project "TicketConsolidator.Infrastructure.csproj".
   4:9>Target "IncrementalClean" in file "C:\Program Files\dotnet\sdk\10.0.103\Microsoft.Common.CurrentVersion.targets" from project "c:\Apps\TicketConsolidator\src\TicketConsolidator.Infrastructure\TicketConsolidator.Infrastructure.csproj" (target "CoreBuild" depends on it):
       Task "FindUnderPath"
         Comparison path is "bin\Debug\net10.0-windows\".
       Done executing task "FindUnderPath".
       Task "FindUnderPath"
         Comparison path is "obj\Debug\net10.0-windows\".
       Done executing task "FindUnderPath".
       Using "Delete" task from assembly "Microsoft.Build.Tasks.Core, Version=15.1.0.0, Culture=neutral, PublicKeyToken=b03f5f7f11d50a3a".
       Task "Delete"
       Done executing task "Delete".
       Task "RemoveDuplicates"
       Done executing task "RemoveDuplicates".
   4:9>Done building target "IncrementalClean" in project "TicketConsolidator.Infrastructure.csproj".
       Target "GenerateBuildDependencyFile" skipped. Previously built successfully.
   4:9>Target "CoreBuild" in file "C:\Program Files\dotnet\sdk\10.0.103\Microsoft.Common.CurrentVersion.targets" from project "c:\Apps\TicketConsolidator\src\TicketConsolidator.Infrastructure\TicketConsolidator.Infrastructure.csproj" (target "Build" depends on it):
   4:9>Done building target "CoreBuild" in project "TicketConsolidator.Infrastructure.csproj".
   4:9>Target "AfterBuild" in file "C:\Program Files\dotnet\sdk\10.0.103\Microsoft.Common.CurrentVersion.targets" from project "c:\Apps\TicketConsolidator\src\TicketConsolidator.Infrastructure\TicketConsolidator.Infrastructure.csproj" (target "Build" depends on it):
   4:9>Done building target "AfterBuild" in project "TicketConsolidator.Infrastructure.csproj".
       Target "_CheckForInvalidConfigurationAndPlatform" skipped. Previously built successfully.
       Target "_CheckForInvalidConfigurationAndPlatform" skipped. Previously built successfully.
   4:9>Target "Build" in file "C:\Program Files\dotnet\sdk\10.0.103\Microsoft.Common.CurrentVersion.targets" from project "c:\Apps\TicketConsolidator\src\TicketConsolidator.Infrastructure\TicketConsolidator.Infrastructure.csproj" (entry point):
   4:9>Done building target "Build" in project "TicketConsolidator.Infrastructure.csproj".
   4:9>Target "_CheckContainersPackage" in file "C:\Program Files\dotnet\sdk\10.0.103\Containers\build\Microsoft.NET.Build.Containers.targets" from project "c:\Apps\TicketConsolidator\src\TicketConsolidator.Infrastructure\TicketConsolidator.Infrastructure.csproj" (entry point):
   4:9>Done building target "_CheckContainersPackage" in project "TicketConsolidator.Infrastructure.csproj".
   4:9>Done Building Project "c:\Apps\TicketConsolidator\src\TicketConsolidator.Infrastructure\TicketConsolidator.Infrastructure.csproj" (default targets).
   5:6>Project "c:\Apps\TicketConsolidator\src\TicketConsolidator.UI\TicketConsolidator.UI.csproj" (5:6) is building "c:\Apps\TicketConsolidator\src\TicketConsolidator.Infrastructure\TicketConsolidator.Infrastructure.csproj" (4:13) on node 2 (default targets).
  4:13>Target "NETStandardCompatError_Microsoft_Extensions_Configuration_Binder" skipped. Previously built successfully.
       Target "Build" skipped. Previously built successfully.
  4:13>Done Building Project "c:\Apps\TicketConsolidator\src\TicketConsolidator.Infrastructure\TicketConsolidator.Infrastructure.csproj" (default targets).
   3:6>Project "c:\Apps\TicketConsolidator\tests\TicketConsolidator.UnitTests\TicketConsolidator.UnitTests.csproj" (3:6) is building "c:\Apps\TicketConsolidator\src\TicketConsolidator.Infrastructure\TicketConsolidator.Infrastructure.csproj" (4:14) on node 2 (default targets).
  4:14>Target "NETStandardCompatError_Microsoft_Extensions_Configuration_Binder" skipped. Previously built successfully.
       Target "Build" skipped. Previously built successfully.
  4:14>Done Building Project "c:\Apps\TicketConsolidator\src\TicketConsolidator.Infrastructure\TicketConsolidator.Infrastructure.csproj" (default targets).
   6:6>Project "c:\Apps\TicketConsolidator\src\TicketConsolidator.Web\TicketConsolidator.Web.csproj" (6:6) is building "c:\Apps\TicketConsolidator\src\TicketConsolidator.Infrastructure\TicketConsolidator.Infrastructure.csproj" (4:15) on node 2 (default targets).
  4:15>Target "NETStandardCompatError_Microsoft_Extensions_Configuration_Binder" skipped. Previously built successfully.
       Target "Build" skipped. Previously built successfully.
  4:15>Done Building Project "c:\Apps\TicketConsolidator\src\TicketConsolidator.Infrastructure\TicketConsolidator.Infrastructure.csproj" (default targets).
   3:6>Done executing task "MSBuild".
   6:6>Done executing task "MSBuild".
       Task "MSBuild"
   5:6>Done executing task "MSBuild".
       Task "MSBuild"
   3:6>Task "MSBuild"
   5:6>ResolveProjectReferences:
         Global Properties:
   6:6>ResolveProjectReferences:
         Global Properties:
   5:6>ResolveProjectReferences:
           Configuration=Debug
   3:6>ResolveProjectReferences:
         Global Properties:
   6:6>ResolveProjectReferences:
           Configuration=Debug
           Platform=AnyCPU
         Removing Properties:
           WebPublishProfileFile
   5:6>ResolveProjectReferences:
           Platform=AnyCPU
   6:6>ResolveProjectReferences:
         Removing Properties for project "..\TicketConsolidator.Domain\TicketConsolidator.Domain.csproj":
   3:6>ResolveProjectReferences:
           Configuration=Debug
   6:6>ResolveProjectReferences:
           TargetFramework
   3:6>ResolveProjectReferences:
           Platform=AnyCPU
   5:6>ResolveProjectReferences:
         Removing Properties for project "..\TicketConsolidator.Application\TicketConsolidator.Application.csproj":
   6:6>ResolveProjectReferences:
           RuntimeIdentifier
   5:6>ResolveProjectReferences:
           TargetFramework
   3:6>ResolveProjectReferences:
         Removing Properties for project "..\..\src\TicketConsolidator.Domain\TicketConsolidator.Domain.csproj":
           TargetFramework
   6:6>ResolveProjectReferences:
           SelfContained
   3:6>ResolveProjectReferences:
           RuntimeIdentifier
   6:6>ResolveProjectReferences:
         Removing Properties for project "..\TicketConsolidator.Infrastructure\TicketConsolidator.Infrastructure.csproj":
   5:6>ResolveProjectReferences:
           RuntimeIdentifier
   6:6>ResolveProjectReferences:
           TargetFramework
           RuntimeIdentifier
   3:6>ResolveProjectReferences:
           SelfContained
   6:6>ResolveProjectReferences:
           SelfContained
   5:6>ResolveProjectReferences:
           SelfContained
   3:6>ResolveProjectReferences:
         Removing Properties for project "..\..\src\TicketConsolidator.Application\TicketConsolidator.Application.csproj":
   6:6>ResolveProjectReferences:
         Removing Properties for project "..\TicketConsolidator.Application\TicketConsolidator.Application.csproj":
   5:6>ResolveProjectReferences:
         Removing Properties for project "..\TicketConsolidator.Infrastructure\TicketConsolidator.Infrastructure.csproj":
   6:6>ResolveProjectReferences:
           TargetFramework
   5:6>ResolveProjectReferences:
           TargetFramework
   6:6>ResolveProjectReferences:
           RuntimeIdentifier
   3:6>ResolveProjectReferences:
           TargetFramework
           RuntimeIdentifier
   6:6>ResolveProjectReferences:
           SelfContained
   3:6>ResolveProjectReferences:
           SelfContained
         Removing Properties for project "..\..\src\TicketConsolidator.Infrastructure\TicketConsolidator.Infrastructure.csproj":
           TargetFramework
   5:6>ResolveProjectReferences:
           RuntimeIdentifier
   3:6>ResolveProjectReferences:
           RuntimeIdentifier
   5:6>ResolveProjectReferences:
           SelfContained
   3:6>ResolveProjectReferences:
           SelfContained
   5:6>ResolveProjectReferences:
         Removing Properties for project "..\TicketConsolidator.Domain\TicketConsolidator.Domain.csproj":
           TargetFramework
           RuntimeIdentifier
           SelfContained
   6:6>Project "c:\Apps\TicketConsolidator\src\TicketConsolidator.Web\TicketConsolidator.Web.csproj" (6:6) is building "c:\Apps\TicketConsolidator\src\TicketConsolidator.Domain\TicketConsolidator.Domain.csproj" (7:25) on node 1 (GetNativeManifest target(s)).
  7:25>Target "GetNativeManifest" skipped. Previously built successfully.
  7:25>Done Building Project "c:\Apps\TicketConsolidator\src\TicketConsolidator.Domain\TicketConsolidator.Domain.csproj" (GetNativeManifest target(s)).
   6:6>Project "c:\Apps\TicketConsolidator\src\TicketConsolidator.Web\TicketConsolidator.Web.csproj" (6:6) is building "c:\Apps\TicketConsolidator\src\TicketConsolidator.Application\TicketConsolidator.Application.csproj" (2:20) on node 3 (GetNativeManifest target(s)).
  2:20>Target "GetNativeManifest" skipped. Previously built successfully.
  2:20>Done Building Project "c:\Apps\TicketConsolidator\src\TicketConsolidator.Application\TicketConsolidator.Application.csproj" (GetNativeManifest target(s)).
   3:6>Project "c:\Apps\TicketConsolidator\tests\TicketConsolidator.UnitTests\TicketConsolidator.UnitTests.csproj" (3:6) is building "c:\Apps\TicketConsolidator\src\TicketConsolidator.Domain\TicketConsolidator.Domain.csproj" (7:26) on node 1 (GetNativeManifest target(s)).
  7:26>Target "GetNativeManifest" skipped. Previously built successfully.
  7:26>Done Building Project "c:\Apps\TicketConsolidator\src\TicketConsolidator.Domain\TicketConsolidator.Domain.csproj" (GetNativeManifest target(s)).
   3:6>Project "c:\Apps\TicketConsolidator\tests\TicketConsolidator.UnitTests\TicketConsolidator.UnitTests.csproj" (3:6) is building "c:\Apps\TicketConsolidator\src\TicketConsolidator.Application\TicketConsolidator.Application.csproj" (2:21) on node 3 (GetNativeManifest target(s)).
  2:21>Target "GetNativeManifest" skipped. Previously built successfully.
  2:21>Done Building Project "c:\Apps\TicketConsolidator\src\TicketConsolidator.Application\TicketConsolidator.Application.csproj" (GetNativeManifest target(s)).
   5:6>Project "c:\Apps\TicketConsolidator\src\TicketConsolidator.UI\TicketConsolidator.UI.csproj" (5:6) is building "c:\Apps\TicketConsolidator\src\TicketConsolidator.Application\TicketConsolidator.Application.csproj" (2:22) on node 3 (GetNativeManifest target(s)).
  2:22>Target "GetNativeManifest" skipped. Previously built successfully.
  2:22>Done Building Project "c:\Apps\TicketConsolidator\src\TicketConsolidator.Application\TicketConsolidator.Application.csproj" (GetNativeManifest target(s)).
   5:6>Project "c:\Apps\TicketConsolidator\src\TicketConsolidator.UI\TicketConsolidator.UI.csproj" (5:6) is building "c:\Apps\TicketConsolidator\src\TicketConsolidator.Domain\TicketConsolidator.Domain.csproj" (7:27) on node 1 (GetNativeManifest target(s)).
  7:27>Target "GetNativeManifest" skipped. Previously built successfully.
  7:27>Done Building Project "c:\Apps\TicketConsolidator\src\TicketConsolidator.Domain\TicketConsolidator.Domain.csproj" (GetNativeManifest target(s)).
   6:6>Project "c:\Apps\TicketConsolidator\src\TicketConsolidator.Web\TicketConsolidator.Web.csproj" (6:6) is building "c:\Apps\TicketConsolidator\src\TicketConsolidator.Infrastructure\TicketConsolidator.Infrastructure.csproj" (4:16) on node 2 (GetNativeManifest target(s)).
  4:16>Target "NETStandardCompatError_Microsoft_Extensions_Configuration_Binder" skipped. Previously built successfully.
  4:16>Target "GetNativeManifest" in file "C:\Program Files\dotnet\sdk\10.0.103\Microsoft.Common.CurrentVersion.targets" from project "c:\Apps\TicketConsolidator\src\TicketConsolidator.Infrastructure\TicketConsolidator.Infrastructure.csproj" (entry point):
  4:16>Done building target "GetNativeManifest" in project "TicketConsolidator.Infrastructure.csproj".
  4:16>Done Building Project "c:\Apps\TicketConsolidator\src\TicketConsolidator.Infrastructure\TicketConsolidator.Infrastructure.csproj" (GetNativeManifest target(s)).
   5:6>Project "c:\Apps\TicketConsolidator\src\TicketConsolidator.UI\TicketConsolidator.UI.csproj" (5:6) is building "c:\Apps\TicketConsolidator\src\TicketConsolidator.Infrastructure\TicketConsolidator.Infrastructure.csproj" (4:17) on node 2 (GetNativeManifest target(s)).
  4:17>Target "NETStandardCompatError_Microsoft_Extensions_Configuration_Binder" skipped. Previously built successfully.
       Target "GetNativeManifest" skipped. Previously built successfully.
  4:17>Done Building Project "c:\Apps\TicketConsolidator\src\TicketConsolidator.Infrastructure\TicketConsolidator.Infrastructure.csproj" (GetNativeManifest target(s)).
   3:6>Project "c:\Apps\TicketConsolidator\tests\TicketConsolidator.UnitTests\TicketConsolidator.UnitTests.csproj" (3:6) is building "c:\Apps\TicketConsolidator\src\TicketConsolidator.Infrastructure\TicketConsolidator.Infrastructure.csproj" (4:18) on node 2 (GetNativeManifest target(s)).
  4:18>Target "NETStandardCompatError_Microsoft_Extensions_Configuration_Binder" skipped. Previously built successfully.
       Target "GetNativeManifest" skipped. Previously built successfully.
  4:18>Done Building Project "c:\Apps\TicketConsolidator\src\TicketConsolidator.Infrastructure\TicketConsolidator.Infrastructure.csproj" (GetNativeManifest target(s)).
   3:6>Done executing task "MSBuild".
   5:6>Done executing task "MSBuild".
   6:6>Done executing task "MSBuild".
   3:6>Done building target "ResolveProjectReferences" in project "TicketConsolidator.UnitTests.csproj".
   5:6>Done building target "ResolveProjectReferences" in project "TicketConsolidator.UI.csproj".
   3:6>Target "RemoveManagedWinRTComponentWinMDReferences" in file "C:\Program Files\dotnet\sdk\10.0.103\Sdks\Microsoft.NET.Sdk\targets\Microsoft.NET.Windows.targets" from project "c:\Apps\TicketConsolidator\tests\TicketConsolidator.UnitTests\TicketConsolidator.UnitTests.csproj" (target "ResolveReferences" depends on it):
   3:6>Done building target "RemoveManagedWinRTComponentWinMDReferences" in project "TicketConsolidator.UnitTests.csproj".
   5:6>Target "RemoveManagedWinRTComponentWinMDReferences" in file "C:\Program Files\dotnet\sdk\10.0.103\Sdks\Microsoft.NET.Sdk\targets\Microsoft.NET.Windows.targets" from project "c:\Apps\TicketConsolidator\src\TicketConsolidator.UI\TicketConsolidator.UI.csproj" (target "ResolveReferences" depends on it):
   5:6>Done building target "RemoveManagedWinRTComponentWinMDReferences" in project "TicketConsolidator.UI.csproj".
   3:6>Target "ResolveProjectReferences" skipped. Previously built successfully.
   5:6>Target "ResolveProjectReferences" skipped. Previously built successfully.
   3:6>Target "GetFrameworkPaths" skipped. Previously built successfully.
   5:6>Target "GetFrameworkPaths" skipped. Previously built successfully.
   3:6>Target "GetReferenceAssemblyPaths" skipped. Previously built successfully.
   5:6>Target "GetReferenceAssemblyPaths" skipped. Previously built successfully.
   3:6>Target "PrepareForBuild" skipped. Previously built successfully.
   3:6>Target "ResolveSDKReferences" in file "C:\Program Files\dotnet\sdk\10.0.103\Microsoft.Common.CurrentVersion.targets" from project "c:\Apps\TicketConsolidator\tests\TicketConsolidator.UnitTests\TicketConsolidator.UnitTests.csproj" (target "ResolveAssemblyReferences" depends on it):
   3:6>Done building target "ResolveSDKReferences" in project "TicketConsolidator.UnitTests.csproj".
       Target "ResolveSDKReferences" skipped. Previously built successfully.
   3:6>Target "ExpandSDKReferences" in file "C:\Program Files\dotnet\sdk\10.0.103\Microsoft.Common.CurrentVersion.targets" from project "c:\Apps\TicketConsolidator\tests\TicketConsolidator.UnitTests\TicketConsolidator.UnitTests.csproj" (target "ResolveAssemblyReferences" depends on it):
   3:6>Done building target "ExpandSDKReferences" in project "TicketConsolidator.UnitTests.csproj".
       Target "ResolvePackageDependenciesForBuild" skipped. Previously built successfully.
       Target "GetFrameworkPaths" skipped. Previously built successfully.
       Target "GetReferenceAssemblyPaths" skipped. Previously built successfully.
       Target "ProcessFrameworkReferences" skipped. Previously built successfully.
   5:6>Target "PrepareForBuild" skipped. Previously built successfully.
   3:6>Target "ResolvePackageAssets" skipped. Previously built successfully.
   6:6>Done building target "ResolveProjectReferences" in project "TicketConsolidator.Web.csproj".
   5:6>Target "ResolveSDKReferences" in file "C:\Program Files\dotnet\sdk\10.0.103\Microsoft.Common.CurrentVersion.targets" from project "c:\Apps\TicketConsolidator\src\TicketConsolidator.UI\TicketConsolidator.UI.csproj" (target "ResolveAssemblyReferences" depends on it):
   5:6>Done building target "ResolveSDKReferences" in project "TicketConsolidator.UI.csproj".
       Target "ResolveSDKReferences" skipped. Previously built successfully.
   3:6>Target "ResolveFrameworkReferences" in file "C:\Program Files\dotnet\sdk\10.0.103\Sdks\Microsoft.NET.Sdk\targets\Microsoft.NET.Sdk.FrameworkReferenceResolution.targets" from project "c:\Apps\TicketConsolidator\tests\TicketConsolidator.UnitTests\TicketConsolidator.UnitTests.csproj" (target "ResolveTargetingPackAssets" depends on it):
   3:6>Using "GetPackageDirectory" task from assembly "C:\Program Files\dotnet\sdk\10.0.103\Sdks\Microsoft.NET.Sdk\targets\..\tools\net10.0\Microsoft.NET.Build.Tasks.dll".
       Task "GetPackageDirectory"
       Done executing task "GetPackageDirectory".
       Task "GetPackageDirectory"
       Done executing task "GetPackageDirectory".
       Task "GetPackageDirectory"
   5:6>Target "ExpandSDKReferences" in file "C:\Program Files\dotnet\sdk\10.0.103\Microsoft.Common.CurrentVersion.targets" from project "c:\Apps\TicketConsolidator\src\TicketConsolidator.UI\TicketConsolidator.UI.csproj" (target "ResolveAssemblyReferences" depends on it):
   5:6>Done building target "ExpandSDKReferences" in project "TicketConsolidator.UI.csproj".
   3:6>Done executing task "GetPackageDirectory".
   5:6>Target "ResolvePackageDependenciesForBuild" skipped. Previously built successfully.
   3:6>Task "GetPackageDirectory"
   5:6>Target "GetFrameworkPaths" skipped. Previously built successfully.
   3:6>Done executing task "GetPackageDirectory".
   5:6>Target "GetReferenceAssemblyPaths" skipped. Previously built successfully.
   3:6>Task "GetPackageDirectory"
   5:6>Target "ProcessFrameworkReferences" skipped. Previously built successfully.
   3:6>Done executing task "GetPackageDirectory".
   5:6>Target "ResolvePackageAssets" skipped. Previously built successfully.
   3:6>Task "GetPackageDirectory"
       Done executing task "GetPackageDirectory".
   5:6>Target "ResolveFrameworkReferences" in file "C:\Program Files\dotnet\sdk\10.0.103\Sdks\Microsoft.NET.Sdk\targets\Microsoft.NET.Sdk.FrameworkReferenceResolution.targets" from project "c:\Apps\TicketConsolidator\src\TicketConsolidator.UI\TicketConsolidator.UI.csproj" (target "ResolveTargetingPackAssets" depends on it):
   5:6>Using "GetPackageDirectory" task from assembly "C:\Program Files\dotnet\sdk\10.0.103\Sdks\Microsoft.NET.Sdk\targets\..\tools\net10.0\Microsoft.NET.Build.Tasks.dll".
   3:6>Task "GetPackageDirectory"
   5:6>Task "GetPackageDirectory"
   3:6>Done executing task "GetPackageDirectory".
   5:6>Done executing task "GetPackageDirectory".
   3:6>Task "GetPackageDirectory"
   5:6>Task "GetPackageDirectory"
   3:6>Done executing task "GetPackageDirectory".
   5:6>Done executing task "GetPackageDirectory".
   3:6>Task "GetPackageDirectory"
   5:6>Task "GetPackageDirectory"
   3:6>Done executing task "GetPackageDirectory".
   5:6>Done executing task "GetPackageDirectory".
   3:6>Task "GetPackageDirectory"
   5:6>Task "GetPackageDirectory"
   3:6>Done executing task "GetPackageDirectory".
   5:6>Done executing task "GetPackageDirectory".
       Task "GetPackageDirectory"
       Done executing task "GetPackageDirectory".
   3:6>ResolveFrameworkReferences:
       Using "ResolveFrameworkReferences" task from assembly "C:\Program Files\dotnet\sdk\10.0.103\Sdks\Microsoft.NET.Sdk\targets\..\tools\net10.0\Microsoft.NET.Build.Tasks.dll".
   5:6>Task "GetPackageDirectory"
   3:6>Task "ResolveFrameworkReferences"
   5:6>Done executing task "GetPackageDirectory".
   3:6>Done executing task "ResolveFrameworkReferences".
   3:6>Done building target "ResolveFrameworkReferences" in project "TicketConsolidator.UnitTests.csproj".
   3:6>Target "ResolveTargetingPackAssets" in file "C:\Program Files\dotnet\sdk\10.0.103\Sdks\Microsoft.NET.Sdk\targets\Microsoft.NET.Sdk.FrameworkReferenceResolution.targets" from project "c:\Apps\TicketConsolidator\tests\TicketConsolidator.UnitTests\TicketConsolidator.UnitTests.csproj" (target "_HandlePackageFileConflicts" depends on it):
       Using "ResolveTargetingPackAssets" task from assembly "C:\Program Files\dotnet\sdk\10.0.103\Sdks\Microsoft.NET.Sdk\targets\..\tools\net10.0\Microsoft.NET.Build.Tasks.dll".
       Task "ResolveTargetingPackAssets"
       Done executing task "ResolveTargetingPackAssets".
   3:6>Done building target "ResolveTargetingPackAssets" in project "TicketConsolidator.UnitTests.csproj".
   3:6>Target "ResolveOffByDefaultAnalyzers" in file "C:\Program Files\dotnet\sdk\10.0.103\Sdks\Microsoft.NET.Sdk\targets\Microsoft.NET.Sdk.FrameworkReferenceResolution.targets" from project "c:\Apps\TicketConsolidator\tests\TicketConsolidator.UnitTests\TicketConsolidator.UnitTests.csproj" (target "_HandlePackageFileConflicts" depends on it):
   3:6>Done building target "ResolveOffByDefaultAnalyzers" in project "TicketConsolidator.UnitTests.csproj".
   5:6>Task "GetPackageDirectory"
   6:6>Target "RemoveManagedWinRTComponentWinMDReferences" in file "C:\Program Files\dotnet\sdk\10.0.103\Sdks\Microsoft.NET.Sdk\targets\Microsoft.NET.Windows.targets" from project "c:\Apps\TicketConsolidator\src\TicketConsolidator.Web\TicketConsolidator.Web.csproj" (target "ResolveReferences" depends on it):
   6:6>Done building target "RemoveManagedWinRTComponentWinMDReferences" in project "TicketConsolidator.Web.csproj".
   5:6>Done executing task "GetPackageDirectory".
   6:6>Target "ResolveProjectReferences" skipped. Previously built successfully.
   3:6>Target "_HandlePackageFileConflicts" in file "C:\Program Files\dotnet\sdk\10.0.103\Sdks\Microsoft.NET.Sdk\targets\Microsoft.NET.ConflictResolution.targets" from project "c:\Apps\TicketConsolidator\tests\TicketConsolidator.UnitTests\TicketConsolidator.UnitTests.csproj" (target "ResolveAssemblyReferences" depends on it):
   3:6>Using "ResolvePackageFileConflicts" task from assembly "C:\Program Files\dotnet\sdk\10.0.103\Sdks\Microsoft.NET.Sdk\targets\..\tools\net10.0\Microsoft.NET.Build.Tasks.dll".
   5:6>Task "GetPackageDirectory"
   3:6>Task "ResolvePackageFileConflicts"
   6:6>Target "GetFrameworkPaths" skipped. Previously built successfully.
   5:6>Done executing task "GetPackageDirectory".
   6:6>Target "GetReferenceAssemblyPaths" skipped. Previously built successfully.
   5:6>Task "GetPackageDirectory"
   6:6>Target "PrepareForBuild" skipped. Previously built successfully.
   5:6>Done executing task "GetPackageDirectory".
       Task "GetPackageDirectory"
   6:6>Target "ResolveSDKReferences" in file "C:\Program Files\dotnet\sdk\10.0.103\Microsoft.Common.CurrentVersion.targets" from project "c:\Apps\TicketConsolidator\src\TicketConsolidator.Web\TicketConsolidator.Web.csproj" (target "ResolveAssemblyReferences" depends on it):
   6:6>Done building target "ResolveSDKReferences" in project "TicketConsolidator.Web.csproj".
   5:6>Done executing task "GetPackageDirectory".
   6:6>Target "ResolveSDKReferences" skipped. Previously built successfully.
   5:6>ResolveFrameworkReferences:
       Using "ResolveFrameworkReferences" task from assembly "C:\Program Files\dotnet\sdk\10.0.103\Sdks\Microsoft.NET.Sdk\targets\..\tools\net10.0\Microsoft.NET.Build.Tasks.dll".
       Task "ResolveFrameworkReferences"
       Done executing task "ResolveFrameworkReferences".
   6:6>Target "ExpandSDKReferences" in file "C:\Program Files\dotnet\sdk\10.0.103\Microsoft.Common.CurrentVersion.targets" from project "c:\Apps\TicketConsolidator\src\TicketConsolidator.Web\TicketConsolidator.Web.csproj" (target "ResolveAssemblyReferences" depends on it):
   6:6>Done building target "ExpandSDKReferences" in project "TicketConsolidator.Web.csproj".
       Target "ResolvePackageDependenciesForBuild" skipped. Previously built successfully.
   5:6>Done building target "ResolveFrameworkReferences" in project "TicketConsolidator.UI.csproj".
   5:6>Target "ResolveTargetingPackAssets" in file "C:\Program Files\dotnet\sdk\10.0.103\Sdks\Microsoft.NET.Sdk\targets\Microsoft.NET.Sdk.FrameworkReferenceResolution.targets" from project "c:\Apps\TicketConsolidator\src\TicketConsolidator.UI\TicketConsolidator.UI.csproj" (target "_HandlePackageFileConflicts" depends on it):
       Using "ResolveTargetingPackAssets" task from assembly "C:\Program Files\dotnet\sdk\10.0.103\Sdks\Microsoft.NET.Sdk\targets\..\tools\net10.0\Microsoft.NET.Build.Tasks.dll".
   6:6>Target "GetFrameworkPaths" skipped. Previously built successfully.
       Target "GetReferenceAssemblyPaths" skipped. Previously built successfully.
   5:6>Task "ResolveTargetingPackAssets"
   6:6>Target "ProcessFrameworkReferences" skipped. Previously built successfully.
       Target "ResolvePackageAssets" skipped. Previously built successfully.
   6:6>Target "ResolveFrameworkReferences" in file "C:\Program Files\dotnet\sdk\10.0.103\Sdks\Microsoft.NET.Sdk\targets\Microsoft.NET.Sdk.FrameworkReferenceResolution.targets" from project "c:\Apps\TicketConsolidator\src\TicketConsolidator.Web\TicketConsolidator.Web.csproj" (target "ResolveTargetingPackAssets" depends on it):
       Using "GetPackageDirectory" task from assembly "C:\Program Files\dotnet\sdk\10.0.103\Sdks\Microsoft.NET.Sdk\targets\..\tools\net10.0\Microsoft.NET.Build.Tasks.dll".
       Task "GetPackageDirectory"
       Done executing task "GetPackageDirectory".
       Task "GetPackageDirectory"
       Done executing task "GetPackageDirectory".
       Task "GetPackageDirectory"
       Done executing task "GetPackageDirectory".
       Task "GetPackageDirectory"
       Done executing task "GetPackageDirectory".
       Task "GetPackageDirectory"
       Done executing task "GetPackageDirectory".
   5:6>Done executing task "ResolveTargetingPackAssets".
   5:6>Done building target "ResolveTargetingPackAssets" in project "TicketConsolidator.UI.csproj".
   6:6>Task "GetPackageDirectory"
       Done executing task "GetPackageDirectory".
   5:6>Target "ResolveOffByDefaultAnalyzers" in file "C:\Program Files\dotnet\sdk\10.0.103\Sdks\Microsoft.NET.Sdk\targets\Microsoft.NET.Sdk.FrameworkReferenceResolution.targets" from project "c:\Apps\TicketConsolidator\src\TicketConsolidator.UI\TicketConsolidator.UI.csproj" (target "_HandlePackageFileConflicts" depends on it):
   5:6>Done building target "ResolveOffByDefaultAnalyzers" in project "TicketConsolidator.UI.csproj".
   6:6>Task "GetPackageDirectory"
       Done executing task "GetPackageDirectory".
   5:6>Target "_HandlePackageFileConflicts" in file "C:\Program Files\dotnet\sdk\10.0.103\Sdks\Microsoft.NET.Sdk\targets\Microsoft.NET.ConflictResolution.targets" from project "c:\Apps\TicketConsolidator\src\TicketConsolidator.UI\TicketConsolidator.UI.csproj" (target "ResolveAssemblyReferences" depends on it):
   5:6>Using "ResolvePackageFileConflicts" task from assembly "C:\Program Files\dotnet\sdk\10.0.103\Sdks\Microsoft.NET.Sdk\targets\..\tools\net10.0\Microsoft.NET.Build.Tasks.dll".
   6:6>Task "GetPackageDirectory"
   5:6>Task "ResolvePackageFileConflicts"
   6:6>Done executing task "GetPackageDirectory".
       Task "GetPackageDirectory"
       Done executing task "GetPackageDirectory".
       Task "GetPackageDirectory"
       Done executing task "GetPackageDirectory".
   5:6>_HandlePackageFileConflicts:
         Encountered conflict between 'Reference:C:\Program Files\dotnet\packs\Microsoft.NETCore.App.Ref\10.0.3\ref/net10.0/WindowsBase.dll' and 'Reference:C:\Program Files\dotnet\packs\Microsoft.WindowsDesktop.App.Ref\10.0.3\ref/net10.0/WindowsBase.dll'. Choosing 'Reference:C:\Program Files\dotnet\packs\Microsoft.WindowsDesktop.App.Ref\10.0.3\ref/net10.0/WindowsBase.dll' because AssemblyVersion '10.0.0.0' is greater than '4.0.0.0'.
   6:6>ResolveFrameworkReferences:
       Using "ResolveFrameworkReferences" task from assembly "C:\Program Files\dotnet\sdk\10.0.103\Sdks\Microsoft.NET.Sdk\targets\..\tools\net10.0\Microsoft.NET.Build.Tasks.dll".
       Task "ResolveFrameworkReferences"
       Done executing task "ResolveFrameworkReferences".
   6:6>Done building target "ResolveFrameworkReferences" in project "TicketConsolidator.Web.csproj".
   6:6>Target "ResolveTargetingPackAssets" in file "C:\Program Files\dotnet\sdk\10.0.103\Sdks\Microsoft.NET.Sdk\targets\Microsoft.NET.Sdk.FrameworkReferenceResolution.targets" from project "c:\Apps\TicketConsolidator\src\TicketConsolidator.Web\TicketConsolidator.Web.csproj" (target "_HandlePackageFileConflicts" depends on it):
       Using "ResolveTargetingPackAssets" task from assembly "C:\Program Files\dotnet\sdk\10.0.103\Sdks\Microsoft.NET.Sdk\targets\..\tools\net10.0\Microsoft.NET.Build.Tasks.dll".
       Task "ResolveTargetingPackAssets"
   5:6>_HandlePackageFileConflicts:
         Encountered conflict between 'Reference:C:\Program Files\dotnet\packs\Microsoft.NETCore.App.Ref\10.0.3\ref/net10.0/Microsoft.VisualBasic.dll' and 'Reference:C:\Program Files\dotnet\packs\Microsoft.WindowsDesktop.App.Ref\10.0.3\ref/net10.0/Microsoft.VisualBasic.dll'. Choosing 'Reference:C:\Program Files\dotnet\packs\Microsoft.WindowsDesktop.App.Ref\10.0.3\ref/net10.0/Microsoft.VisualBasic.dll' because AssemblyVersion '10.1.0.0' is greater than '10.0.0.0'.
   6:6>Done executing task "ResolveTargetingPackAssets".
   6:6>Done building target "ResolveTargetingPackAssets" in project "TicketConsolidator.Web.csproj".
   5:6>_HandlePackageFileConflicts:
         Encountered conflict between 'Reference:C:\Program Files\dotnet\packs\Microsoft.NETCore.App.Ref\10.0.3\ref/net10.0/System.Drawing.dll' and 'Reference:C:\Program Files\dotnet\packs\Microsoft.WindowsDesktop.App.Ref\10.0.3\ref/net10.0/System.Drawing.dll'. Choosing 'Reference:C:\Program Files\dotnet\packs\Microsoft.WindowsDesktop.App.Ref\10.0.3\ref/net10.0/System.Drawing.dll' because AssemblyVersion '10.0.0.0' is greater than '4.0.0.0'.
   6:6>Target "ResolveOffByDefaultAnalyzers" in file "C:\Program Files\dotnet\sdk\10.0.103\Sdks\Microsoft.NET.Sdk\targets\Microsoft.NET.Sdk.FrameworkReferenceResolution.targets" from project "c:\Apps\TicketConsolidator\src\TicketConsolidator.Web\TicketConsolidator.Web.csproj" (target "_HandlePackageFileConflicts" depends on it):
   6:6>Done building target "ResolveOffByDefaultAnalyzers" in project "TicketConsolidator.Web.csproj".
   6:6>Target "_HandlePackageFileConflicts" in file "C:\Program Files\dotnet\sdk\10.0.103\Sdks\Microsoft.NET.Sdk\targets\Microsoft.NET.ConflictResolution.targets" from project "c:\Apps\TicketConsolidator\src\TicketConsolidator.Web\TicketConsolidator.Web.csproj" (target "ResolveAssemblyReferences" depends on it):
       Using "ResolvePackageFileConflicts" task from assembly "C:\Program Files\dotnet\sdk\10.0.103\Sdks\Microsoft.NET.Sdk\targets\..\tools\net10.0\Microsoft.NET.Build.Tasks.dll".
       Task "ResolvePackageFileConflicts"
         Encountered conflict between 'Reference:C:\Program Files\dotnet\packs\Microsoft.AspNetCore.App.Ref\10.0.3\ref/net10.0/System.Diagnostics.EventLog.dll' and 'Reference:C:\Program Files\dotnet\packs\Microsoft.WindowsDesktop.App.Ref\10.0.3\ref/net10.0/System.Diagnostics.EventLog.dll'. Choosing 'Reference:C:\Program Files\dotnet\packs\Microsoft.AspNetCore.App.Ref\10.0.3\ref/net10.0/System.Diagnostics.EventLog.dll' because it comes from a package that is preferred.
         Encountered conflict between 'Reference:C:\Program Files\dotnet\packs\Microsoft.AspNetCore.App.Ref\10.0.3\ref/net10.0/System.Security.Cryptography.Xml.dll' and 'Reference:C:\Program Files\dotnet\packs\Microsoft.WindowsDesktop.App.Ref\10.0.3\ref/net10.0/System.Security.Cryptography.Xml.dll'. Choosing 'Reference:C:\Program Files\dotnet\packs\Microsoft.AspNetCore.App.Ref\10.0.3\ref/net10.0/System.Security.Cryptography.Xml.dll' because it comes from a package that is preferred.
         Encountered conflict between 'Reference:C:\Program Files\dotnet\packs\Microsoft.NETCore.App.Ref\10.0.3\ref/net10.0/WindowsBase.dll' and 'Reference:C:\Program Files\dotnet\packs\Microsoft.WindowsDesktop.App.Ref\10.0.3\ref/net10.0/WindowsBase.dll'. Choosing 'Reference:C:\Program Files\dotnet\packs\Microsoft.WindowsDesktop.App.Ref\10.0.3\ref/net10.0/WindowsBase.dll' because AssemblyVersion '10.0.0.0' is greater than '4.0.0.0'.
   5:6>_HandlePackageFileConflicts:
         Encountered conflict between 'Platform:Microsoft.VisualBasic.dll' and 'Platform:Microsoft.VisualBasic.dll'. Choosing 'Platform:Microsoft.VisualBasic.dll' because AssemblyVersion '10.1.0.0' is greater than '10.0.0.0'.
         Encountered conflict between 'Platform:Microsoft.VisualBasic.dll' and 'Platform:Microsoft.VisualBasic.dll'. Choosing 'Platform:Microsoft.VisualBasic.dll' because AssemblyVersion '10.1.0.0' is greater than '10.0.0.0'.
         Encountered conflict between 'Platform:System.Drawing.dll' and 'Platform:System.Drawing.dll'. Choosing 'Platform:System.Drawing.dll' because AssemblyVersion '10.0.0.0' is greater than '4.0.0.0'.
         Encountered conflict between 'Platform:System.Drawing.dll' and 'Platform:System.Drawing.dll'. Choosing 'Platform:System.Drawing.dll' because AssemblyVersion '10.0.0.0' is greater than '4.0.0.0'.
         Encountered conflict between 'Platform:WindowsBase.dll' and 'Platform:WindowsBase.dll'. Choosing 'Platform:WindowsBase.dll' because AssemblyVersion '10.0.0.0' is greater than '4.0.0.0'.
         Encountered conflict between 'Platform:WindowsBase.dll' and 'Platform:WindowsBase.dll'. Choosing 'Platform:WindowsBase.dll' because AssemblyVersion '10.0.0.0' is greater than '4.0.0.0'.
   6:6>_HandlePackageFileConflicts:
         Encountered conflict between 'Platform:System.Diagnostics.EventLog.Messages.dll' and 'Platform:System.Diagnostics.EventLog.Messages.dll'. Choosing 'Platform:System.Diagnostics.EventLog.Messages.dll' because it comes from a package that is preferred.
         Encountered conflict between 'Platform:Microsoft.VisualBasic.dll' and 'Platform:Microsoft.VisualBasic.dll'. Choosing 'Platform:Microsoft.VisualBasic.dll' because AssemblyVersion '10.1.0.0' is greater than '10.0.0.0'.
         Encountered conflict between 'Platform:Microsoft.VisualBasic.dll' and 'Platform:Microsoft.VisualBasic.dll'. Choosing 'Platform:Microsoft.VisualBasic.dll' because AssemblyVersion '10.1.0.0' is greater than '10.0.0.0'.
         Encountered conflict between 'Platform:System.Drawing.dll' and 'Platform:System.Drawing.dll'. Choosing 'Platform:System.Drawing.dll' because AssemblyVersion '10.0.0.0' is greater than '4.0.0.0'.
         Encountered conflict between 'Platform:System.Drawing.dll' and 'Platform:System.Drawing.dll'. Choosing 'Platform:System.Drawing.dll' because AssemblyVersion '10.0.0.0' is greater than '4.0.0.0'.
         Encountered conflict between 'Platform:System.Diagnostics.EventLog.dll' and 'Platform:System.Diagnostics.EventLog.dll'. Choosing 'Platform:System.Diagnostics.EventLog.dll' because it comes from a package that is preferred.
         Encountered conflict between 'Platform:System.Security.Cryptography.Pkcs.dll' and 'Platform:System.Security.Cryptography.Pkcs.dll'. Choosing 'Platform:System.Security.Cryptography.Pkcs.dll' because it comes from a package that is preferred.
         Encountered conflict between 'Platform:System.Security.Cryptography.Xml.dll' and 'Platform:System.Security.Cryptography.Xml.dll'. Choosing 'Platform:System.Security.Cryptography.Xml.dll' because it comes from a package that is preferred.
         Encountered conflict between 'Platform:WindowsBase.dll' and 'Platform:WindowsBase.dll'. Choosing 'Platform:WindowsBase.dll' because AssemblyVersion '10.0.0.0' is greater than '4.0.0.0'.
         Encountered conflict between 'Platform:WindowsBase.dll' and 'Platform:WindowsBase.dll'. Choosing 'Platform:WindowsBase.dll' because AssemblyVersion '10.0.0.0' is greater than '4.0.0.0'.
         Encountered conflict between 'Platform:mscorlib.dll' and 'Platform:mscorlib.dll'. Could not determine winner due to equal file and assembly versions.
         Encountered conflict between 'Platform:System.dll' and 'Platform:System.dll'. Could not determine winner due to equal file and assembly versions.
         Encountered conflict between 'Platform:System.ComponentModel.DataAnnotations.dll' and 'Platform:System.ComponentModel.DataAnnotations.dll'. Could not determine winner due to equal file and assembly versions.
         Encountered conflict between 'Platform:System.Configuration.dll' and 'Platform:System.Configuration.dll'. Could not determine winner due to equal file and assembly versions.
         Encountered conflict between 'Platform:System.Core.dll' and 'Platform:System.Core.dll'. Could not determine winner due to equal file and assembly versions.
         Encountered conflict between 'Platform:System.Data.dll' and 'Platform:System.Data.dll'. Could not determine winner due to equal file and assembly versions.
         Encountered conflict between 'Platform:System.IO.Compression.FileSystem.dll' and 'Platform:System.IO.Compression.FileSystem.dll'. Could not determine winner due to equal file and assembly versions.
         Encountered conflict between 'Platform:System.Net.dll' and 'Platform:System.Net.dll'. Could not determine winner due to equal file and assembly versions.
   3:6>_HandlePackageFileConflicts:
         Encountered conflict between 'Reference:C:\Program Files\dotnet\packs\Microsoft.NETCore.App.Ref\10.0.3\ref/net10.0/WindowsBase.dll' and 'Reference:C:\Program Files\dotnet\packs\Microsoft.WindowsDesktop.App.Ref\10.0.3\ref/net10.0/WindowsBase.dll'. Choosing 'Reference:C:\Program Files\dotnet\packs\Microsoft.WindowsDesktop.App.Ref\10.0.3\ref/net10.0/WindowsBase.dll' because AssemblyVersion '10.0.0.0' is greater than '4.0.0.0'.
         Encountered conflict between 'Reference:C:\Users\krish.maniar.ATPL-LAP-723\.nuget\packages\microsoft.testplatform.objectmodel\17.14.1\lib\net8.0\Microsoft.TestPlatform.CoreUtilities.dll' and 'Reference:C:\Users\krish.maniar.ATPL-LAP-723\.nuget\packages\microsoft.testplatform.testhost\17.14.1\lib\net8.0\Microsoft.TestPlatform.CoreUtilities.dll'. Could not determine winner due to equal file and assembly versions.
         Encountered conflict between 'Reference:C:\Users\krish.maniar.ATPL-LAP-723\.nuget\packages\microsoft.testplatform.objectmodel\17.14.1\lib\net8.0\Microsoft.TestPlatform.PlatformAbstractions.dll' and 'Reference:C:\Users\krish.maniar.ATPL-LAP-723\.nuget\packages\microsoft.testplatform.testhost\17.14.1\lib\net8.0\Microsoft.TestPlatform.PlatformAbstractions.dll'. Could not determine winner due to equal file and assembly versions.
         Encountered conflict between 'Reference:C:\Users\krish.maniar.ATPL-LAP-723\.nuget\packages\microsoft.testplatform.objectmodel\17.14.1\lib\net8.0\Microsoft.VisualStudio.TestPlatform.ObjectModel.dll' and 'Reference:C:\Users\krish.maniar.ATPL-LAP-723\.nuget\packages\microsoft.testplatform.testhost\17.14.1\lib\net8.0\Microsoft.VisualStudio.TestPlatform.ObjectModel.dll'. Could not determine winner due to equal file and assembly versions.
         Encountered conflict between 'CopyLocal:C:\Users\krish.maniar.ATPL-LAP-723\.nuget\packages\microsoft.testplatform.objectmodel\17.14.1\lib\net8.0\Microsoft.TestPlatform.CoreUtilities.dll' and 'CopyLocal:C:\Users\krish.maniar.ATPL-LAP-723\.nuget\packages\microsoft.testplatform.testhost\17.14.1\lib\net8.0\Microsoft.TestPlatform.CoreUtilities.dll'. Choosing 'CopyLocal:C:\Users\krish.maniar.ATPL-LAP-723\.nuget\packages\microsoft.testplatform.objectmodel\17.14.1\lib\net8.0\Microsoft.TestPlatform.CoreUtilities.dll' arbitrarily as both items are copy-local and have equal file and assembly versions.
         Encountered conflict between 'CopyLocal:C:\Users\krish.maniar.ATPL-LAP-723\.nuget\packages\microsoft.testplatform.objectmodel\17.14.1\lib\net8.0\Microsoft.TestPlatform.PlatformAbstractions.dll' and 'CopyLocal:C:\Users\krish.maniar.ATPL-LAP-723\.nuget\packages\microsoft.testplatform.testhost\17.14.1\lib\net8.0\Microsoft.TestPlatform.PlatformAbstractions.dll'. Choosing 'CopyLocal:C:\Users\krish.maniar.ATPL-LAP-723\.nuget\packages\microsoft.testplatform.objectmodel\17.14.1\lib\net8.0\Microsoft.TestPlatform.PlatformAbstractions.dll' arbitrarily as both items are copy-local and have equal file and assembly versions.
   6:6>_HandlePackageFileConflicts:
         Encountered conflict between 'Platform:System.Numerics.dll' and 'Platform:System.Numerics.dll'. Could not determine winner due to equal file and assembly versions.
         Encountered conflict between 'Platform:System.Runtime.Serialization.dll' and 'Platform:System.Runtime.Serialization.dll'. Could not determine winner due to equal file and assembly versions.
         Encountered conflict between 'Platform:System.Security.dll' and 'Platform:System.Security.dll'. Could not determine winner due to equal file and assembly versions.
         Encountered conflict between 'Platform:System.ServiceProcess.dll' and 'Platform:System.ServiceProcess.dll'. Could not determine winner due to equal file and assembly versions.
         Encountered conflict between 'Platform:System.ServiceModel.Web.dll' and 'Platform:System.ServiceModel.Web.dll'. Could not determine winner due to equal file and assembly versions.
   3:6>_HandlePackageFileConflicts:
         Encountered conflict between 'CopyLocal:C:\Users\krish.maniar.ATPL-LAP-723\.nuget\packages\microsoft.testplatform.objectmodel\17.14.1\lib\net8.0\Microsoft.VisualStudio.TestPlatform.ObjectModel.dll' and 'CopyLocal:C:\Users\krish.maniar.ATPL-LAP-723\.nuget\packages\microsoft.testplatform.testhost\17.14.1\lib\net8.0\Microsoft.VisualStudio.TestPlatform.ObjectModel.dll'. Choosing 'CopyLocal:C:\Users\krish.maniar.ATPL-LAP-723\.nuget\packages\microsoft.testplatform.objectmodel\17.14.1\lib\net8.0\Microsoft.VisualStudio.TestPlatform.ObjectModel.dll' arbitrarily as both items are copy-local and have equal file and assembly versions.
   6:6>_HandlePackageFileConflicts:
         Encountered conflict between 'Platform:System.Transactions.dll' and 'Platform:System.Transactions.dll'. Could not determine winner due to equal file and assembly versions.
         Encountered conflict between 'Platform:System.Web.dll' and 'Platform:System.Web.dll'. Could not determine winner due to equal file and assembly versions.
         Encountered conflict between 'Platform:System.Windows.dll' and 'Platform:System.Windows.dll'. Could not determine winner due to equal file and assembly versions.
         Encountered conflict between 'Platform:System.Xml.dll' and 'Platform:System.Xml.dll'. Could not determine winner due to equal file and assembly versions.
         Encountered conflict between 'Platform:System.Xml.Serialization.dll' and 'Platform:System.Xml.Serialization.dll'. Could not determine winner due to equal file and assembly versions.
         Encountered conflict between 'Platform:System.Xml.Linq.dll' and 'Platform:System.Xml.Linq.dll'. Could not determine winner due to equal file and assembly versions.
   3:6>_HandlePackageFileConflicts:
         Encountered conflict between 'Platform:Microsoft.VisualBasic.dll' and 'Platform:Microsoft.VisualBasic.dll'. Choosing 'Platform:Microsoft.VisualBasic.dll' because AssemblyVersion '10.1.0.0' is greater than '10.0.0.0'.
   6:6>_HandlePackageFileConflicts:
         Encountered conflict between 'Platform:netstandard.dll' and 'Platform:netstandard.dll'. Could not determine winner due to equal file and assembly versions.
   3:6>_HandlePackageFileConflicts:
         Encountered conflict between 'Platform:Microsoft.VisualBasic.dll' and 'Platform:Microsoft.VisualBasic.dll'. Choosing 'Platform:Microsoft.VisualBasic.dll' because AssemblyVersion '10.1.0.0' is greater than '10.0.0.0'.
   6:6>_HandlePackageFileConflicts:
         Encountered conflict between 'Platform:System.Private.CoreLib.dll' and 'Platform:System.Private.CoreLib.dll'. Could not determine winner due to equal file and assembly versions.
         Encountered conflict between 'Platform:System.Private.DataContractSerialization.dll' and 'Platform:System.Private.DataContractSerialization.dll'. Could not determine winner due to equal file and assembly versions.
         Encountered conflict between 'Platform:System.Private.Uri.dll' and 'Platform:System.Private.Uri.dll'. Could not determine winner due to equal file and assembly versions.
         Encountered conflict between 'Platform:System.Private.Xml.dll' and 'Platform:System.Private.Xml.dll'. Could not determine winner due to equal file and assembly versions.
   3:6>_HandlePackageFileConflicts:
         Encountered conflict between 'Platform:System.Drawing.dll' and 'Platform:System.Drawing.dll'. Choosing 'Platform:System.Drawing.dll' because AssemblyVersion '10.0.0.0' is greater than '4.0.0.0'.
   6:6>_HandlePackageFileConflicts:
         Encountered conflict between 'Platform:System.Private.Xml.Linq.dll' and 'Platform:System.Private.Xml.Linq.dll'. Could not determine winner due to equal file and assembly versions.
   3:6>_HandlePackageFileConflicts:
         Encountered conflict between 'Platform:System.Drawing.dll' and 'Platform:System.Drawing.dll'. Choosing 'Platform:System.Drawing.dll' because AssemblyVersion '10.0.0.0' is greater than '4.0.0.0'.
   6:6>_HandlePackageFileConflicts:
         Encountered conflict between 'Platform:mscordaccore_amd64_amd64_10.0.326.7603.dll' and 'Platform:mscordaccore_amd64_amd64_10.0.326.7603.dll'. Could not determine winner due to equal file and assembly versions.
       Done executing task "ResolvePackageFileConflicts".
   3:6>_HandlePackageFileConflicts:
         Encountered conflict between 'Platform:WindowsBase.dll' and 'Platform:WindowsBase.dll'. Choosing 'Platform:WindowsBase.dll' because AssemblyVersion '10.0.0.0' is greater than '4.0.0.0'.
   5:6>_HandlePackageFileConflicts:
         Encountered conflict between 'Platform:mscorlib.dll' and 'Platform:mscorlib.dll'. Could not determine winner due to equal file and assembly versions.
   3:6>_HandlePackageFileConflicts:
         Encountered conflict between 'Platform:WindowsBase.dll' and 'Platform:WindowsBase.dll'. Choosing 'Platform:WindowsBase.dll' because AssemblyVersion '10.0.0.0' is greater than '4.0.0.0'.
         Encountered conflict between 'Platform:mscorlib.dll' and 'Platform:mscorlib.dll'. Could not determine winner due to equal file and assembly versions.
   6:6>Done building target "_HandlePackageFileConflicts" in project "TicketConsolidator.Web.csproj".
   3:6>_HandlePackageFileConflicts:
         Encountered conflict between 'Platform:System.dll' and 'Platform:System.dll'. Could not determine winner due to equal file and assembly versions.
         Encountered conflict between 'Platform:System.ComponentModel.DataAnnotations.dll' and 'Platform:System.ComponentModel.DataAnnotations.dll'. Could not determine winner due to equal file and assembly versions.
         Encountered conflict between 'Platform:System.Configuration.dll' and 'Platform:System.Configuration.dll'. Could not determine winner due to equal file and assembly versions.
         Encountered conflict between 'Platform:System.Core.dll' and 'Platform:System.Core.dll'. Could not determine winner due to equal file and assembly versions.
   6:6>Target "ResolveTargetingPackAssets" skipped. Previously built successfully.
   5:6>_HandlePackageFileConflicts:
         Encountered conflict between 'Platform:System.Windows.Forms.Primitives.resources.dll' and 'Platform:System.Windows.Forms.Primitives.resources.dll'. Could not determine winner due to equal file and assembly versions.
   3:6>_HandlePackageFileConflicts:
         Encountered conflict between 'Platform:System.Data.dll' and 'Platform:System.Data.dll'. Could not determine winner due to equal file and assembly versions.
   6:6>Target "ResolveAssemblyReferences" in file "C:\Program Files\dotnet\sdk\10.0.103\Microsoft.Common.CurrentVersion.targets" from project "c:\Apps\TicketConsolidator\src\TicketConsolidator.Web\TicketConsolidator.Web.csproj" (target "ResolveReferences" depends on it):
   6:6>Using "ResolveAssemblyReference" task from assembly "Microsoft.Build.Tasks.Core, Version=15.1.0.0, Culture=neutral, PublicKeyToken=b03f5f7f11d50a3a".
   3:6>_HandlePackageFileConflicts:
         Encountered conflict between 'Platform:System.IO.Compression.FileSystem.dll' and 'Platform:System.IO.Compression.FileSystem.dll'. Could not determine winner due to equal file and assembly versions.
   5:6>_HandlePackageFileConflicts:
         Encountered conflict between 'Platform:System.dll' and 'Platform:System.dll'. Could not determine winner due to equal file and assembly versions.
   3:6>_HandlePackageFileConflicts:
         Encountered conflict between 'Platform:System.Net.dll' and 'Platform:System.Net.dll'. Could not determine winner due to equal file and assembly versions.
   6:6>Task "ResolveAssemblyReference"
   5:6>_HandlePackageFileConflicts:
         Encountered conflict between 'Platform:System.ComponentModel.DataAnnotations.dll' and 'Platform:System.ComponentModel.DataAnnotations.dll'. Could not determine winner due to equal file and assembly versions.
   3:6>_HandlePackageFileConflicts:
         Encountered conflict between 'Platform:System.Numerics.dll' and 'Platform:System.Numerics.dll'. Could not determine winner due to equal file and assembly versions.
   5:6>_HandlePackageFileConflicts:
         Encountered conflict between 'Platform:System.Configuration.dll' and 'Platform:System.Configuration.dll'. Could not determine winner due to equal file and assembly versions.
         Encountered conflict between 'Platform:System.Core.dll' and 'Platform:System.Core.dll'. Could not determine winner due to equal file and assembly versions.
   3:6>_HandlePackageFileConflicts:
         Encountered conflict between 'Platform:System.Runtime.Serialization.dll' and 'Platform:System.Runtime.Serialization.dll'. Could not determine winner due to equal file and assembly versions.
   5:6>_HandlePackageFileConflicts:
         Encountered conflict between 'Platform:System.Data.dll' and 'Platform:System.Data.dll'. Could not determine winner due to equal file and assembly versions.
   3:6>_HandlePackageFileConflicts:
         Encountered conflict between 'Platform:System.Security.dll' and 'Platform:System.Security.dll'. Could not determine winner due to equal file and assembly versions.
   5:6>_HandlePackageFileConflicts:
         Encountered conflict between 'Platform:System.Windows.Forms.Design.resources.dll' and 'Platform:System.Windows.Forms.Design.resources.dll'. Could not determine winner due to equal file and assembly versions.
   3:6>_HandlePackageFileConflicts:
         Encountered conflict between 'Platform:System.ServiceProcess.dll' and 'Platform:System.ServiceProcess.dll'. Could not determine winner due to equal file and assembly versions.
   5:6>_HandlePackageFileConflicts:
         Encountered conflict between 'Platform:System.IO.Compression.FileSystem.dll' and 'Platform:System.IO.Compression.FileSystem.dll'. Could not determine winner due to equal file and assembly versions.
   3:6>_HandlePackageFileConflicts:
         Encountered conflict between 'Platform:System.ServiceModel.Web.dll' and 'Platform:System.ServiceModel.Web.dll'. Could not determine winner due to equal file and assembly versions.
   5:6>_HandlePackageFileConflicts:
         Encountered conflict between 'Platform:System.Net.dll' and 'Platform:System.Net.dll'. Could not determine winner due to equal file and assembly versions.
   3:6>_HandlePackageFileConflicts:
         Encountered conflict between 'Platform:System.Transactions.dll' and 'Platform:System.Transactions.dll'. Could not determine winner due to equal file and assembly versions.
   5:6>_HandlePackageFileConflicts:
         Encountered conflict between 'Platform:System.Numerics.dll' and 'Platform:System.Numerics.dll'. Could not determine winner due to equal file and assembly versions.
   3:6>_HandlePackageFileConflicts:
         Encountered conflict between 'Platform:System.Web.dll' and 'Platform:System.Web.dll'. Could not determine winner due to equal file and assembly versions.
   5:6>_HandlePackageFileConflicts:
         Encountered conflict between 'Platform:System.Runtime.Serialization.dll' and 'Platform:System.Runtime.Serialization.dll'. Could not determine winner due to equal file and assembly versions.
   3:6>_HandlePackageFileConflicts:
         Encountered conflict between 'Platform:System.Windows.dll' and 'Platform:System.Windows.dll'. Could not determine winner due to equal file and assembly versions.
   5:6>_HandlePackageFileConflicts:
         Encountered conflict between 'Platform:System.Security.dll' and 'Platform:System.Security.dll'. Could not determine winner due to equal file and assembly versions.
   3:6>_HandlePackageFileConflicts:
         Encountered conflict between 'Platform:System.Xml.dll' and 'Platform:System.Xml.dll'. Could not determine winner due to equal file and assembly versions.
   5:6>_HandlePackageFileConflicts:
         Encountered conflict between 'Platform:System.ServiceProcess.dll' and 'Platform:System.ServiceProcess.dll'. Could not determine winner due to equal file and assembly versions.
         Encountered conflict between 'Platform:System.ServiceModel.Web.dll' and 'Platform:System.ServiceModel.Web.dll'. Could not determine winner due to equal file and assembly versions.
   3:6>_HandlePackageFileConflicts:
         Encountered conflict between 'Platform:System.Xml.Serialization.dll' and 'Platform:System.Xml.Serialization.dll'. Could not determine winner due to equal file and assembly versions.
   5:6>_HandlePackageFileConflicts:
         Encountered conflict between 'Platform:System.Transactions.dll' and 'Platform:System.Transactions.dll'. Could not determine winner due to equal file and assembly versions.
   3:6>_HandlePackageFileConflicts:
         Encountered conflict between 'Platform:System.Xml.Linq.dll' and 'Platform:System.Xml.Linq.dll'. Could not determine winner due to equal file and assembly versions.
   5:6>_HandlePackageFileConflicts:
         Encountered conflict between 'Platform:System.Web.dll' and 'Platform:System.Web.dll'. Could not determine winner due to equal file and assembly versions.
   3:6>_HandlePackageFileConflicts:
         Encountered conflict between 'Platform:netstandard.dll' and 'Platform:netstandard.dll'. Could not determine winner due to equal file and assembly versions.
   5:6>_HandlePackageFileConflicts:
         Encountered conflict between 'Platform:System.Windows.dll' and 'Platform:System.Windows.dll'. Could not determine winner due to equal file and assembly versions.
   3:6>_HandlePackageFileConflicts:
         Encountered conflict between 'Platform:System.Private.CoreLib.dll' and 'Platform:System.Private.CoreLib.dll'. Could not determine winner due to equal file and assembly versions.
   5:6>_HandlePackageFileConflicts:
         Encountered conflict between 'Platform:System.Xml.dll' and 'Platform:System.Xml.dll'. Could not determine winner due to equal file and assembly versions.
         Encountered conflict between 'Platform:System.Xml.Serialization.dll' and 'Platform:System.Xml.Serialization.dll'. Could not determine winner due to equal file and assembly versions.
   3:6>_HandlePackageFileConflicts:
         Encountered conflict between 'Platform:System.Private.DataContractSerialization.dll' and 'Platform:System.Private.DataContractSerialization.dll'. Could not determine winner due to equal file and assembly versions.
   5:6>_HandlePackageFileConflicts:
         Encountered conflict between 'Platform:System.Xml.Linq.dll' and 'Platform:System.Xml.Linq.dll'. Could not determine winner due to equal file and assembly versions.
   3:6>_HandlePackageFileConflicts:
         Encountered conflict between 'Platform:System.Private.Uri.dll' and 'Platform:System.Private.Uri.dll'. Could not determine winner due to equal file and assembly versions.
   5:6>_HandlePackageFileConflicts:
         Encountered conflict between 'Platform:Microsoft.VisualBasic.Forms.resources.dll' and 'Platform:Microsoft.VisualBasic.Forms.resources.dll'. Could not determine winner due to equal file and assembly versions.
   3:6>_HandlePackageFileConflicts:
         Encountered conflict between 'Platform:System.Private.Xml.dll' and 'Platform:System.Private.Xml.dll'. Could not determine winner due to equal file and assembly versions.
   5:6>_HandlePackageFileConflicts:
         Encountered conflict between 'Platform:netstandard.dll' and 'Platform:netstandard.dll'. Could not determine winner due to equal file and assembly versions.
   3:6>_HandlePackageFileConflicts:
         Encountered conflict between 'Platform:System.Private.Xml.Linq.dll' and 'Platform:System.Private.Xml.Linq.dll'. Could not determine winner due to equal file and assembly versions.
   5:6>_HandlePackageFileConflicts:
         Encountered conflict between 'Platform:System.Private.CoreLib.dll' and 'Platform:System.Private.CoreLib.dll'. Could not determine winner due to equal file and assembly versions.
   3:6>_HandlePackageFileConflicts:
         Encountered conflict between 'Platform:mscordaccore_amd64_amd64_10.0.326.7603.dll' and 'Platform:mscordaccore_amd64_amd64_10.0.326.7603.dll'. Could not determine winner due to equal file and assembly versions.
       Done executing task "ResolvePackageFileConflicts".
   5:6>_HandlePackageFileConflicts:
         Encountered conflict between 'Platform:System.Private.DataContractSerialization.dll' and 'Platform:System.Private.DataContractSerialization.dll'. Could not determine winner due to equal file and assembly versions.
   3:6>Done building target "_HandlePackageFileConflicts" in project "TicketConsolidator.UnitTests.csproj".
   5:6>_HandlePackageFileConflicts:
         Encountered conflict between 'Platform:System.Private.Uri.dll' and 'Platform:System.Private.Uri.dll'. Could not determine winner due to equal file and assembly versions.
         Encountered conflict between 'Platform:System.Private.Xml.dll' and 'Platform:System.Private.Xml.dll'. Could not determine winner due to equal file and assembly versions.
   3:6>Target "ResolveTargetingPackAssets" skipped. Previously built successfully.
   5:6>_HandlePackageFileConflicts:
         Encountered conflict between 'Platform:System.Private.Xml.Linq.dll' and 'Platform:System.Private.Xml.Linq.dll'. Could not determine winner due to equal file and assembly versions.
   3:6>Target "ResolveAssemblyReferences" in file "C:\Program Files\dotnet\sdk\10.0.103\Microsoft.Common.CurrentVersion.targets" from project "c:\Apps\TicketConsolidator\tests\TicketConsolidator.UnitTests\TicketConsolidator.UnitTests.csproj" (target "ResolveReferences" depends on it):
   3:6>Using "ResolveAssemblyReference" task from assembly "Microsoft.Build.Tasks.Core, Version=15.1.0.0, Culture=neutral, PublicKeyToken=b03f5f7f11d50a3a".
       Task "ResolveAssemblyReference"
   5:6>_HandlePackageFileConflicts:
         Encountered conflict between 'Platform:mscordaccore_amd64_amd64_10.0.326.7603.dll' and 'Platform:mscordaccore_amd64_amd64_10.0.326.7603.dll'. Could not determine winner due to equal file and assembly versions.
         Encountered conflict between 'Platform:System.Windows.Forms.resources.dll' and 'Platform:System.Windows.Forms.resources.dll'. Could not determine winner due to equal file and assembly versions.
         Encountered conflict between 'Platform:PresentationCore.resources.dll' and 'Platform:PresentationCore.resources.dll'. Could not determine winner due to equal file and assembly versions.
         Encountered conflict between 'Platform:PresentationFramework.resources.dll' and 'Platform:PresentationFramework.resources.dll'. Could not determine winner due to equal file and assembly versions.
         Encountered conflict between 'Platform:PresentationUI.resources.dll' and 'Platform:PresentationUI.resources.dll'. Could not determine winner due to equal file and assembly versions.
         Encountered conflict between 'Platform:ReachFramework.resources.dll' and 'Platform:ReachFramework.resources.dll'. Could not determine winner due to equal file and assembly versions.
         Encountered conflict between 'Platform:System.Windows.Controls.Ribbon.resources.dll' and 'Platform:System.Windows.Controls.Ribbon.resources.dll'. Could not determine winner due to equal file and assembly versions.
         Encountered conflict between 'Platform:System.Windows.Input.Manipulations.resources.dll' and 'Platform:System.Windows.Input.Manipulations.resources.dll'. Could not determine winner due to equal file and assembly versions.
   6:6>ResolveAssemblyReferences:
         TargetFrameworkMoniker:
   5:6>_HandlePackageFileConflicts:
         Encountered conflict between 'Platform:System.Xaml.resources.dll' and 'Platform:System.Xaml.resources.dll'. Could not determine winner due to equal file and assembly versions.
         Encountered conflict between 'Platform:UIAutomationClient.resources.dll' and 'Platform:UIAutomationClient.resources.dll'. Could not determine winner due to equal file and assembly versions.
         Encountered conflict between 'Platform:UIAutomationClientSideProviders.resources.dll' and 'Platform:UIAutomationClientSideProviders.resources.dll'. Could not determine winner due to equal file and assembly versions.
         Encountered conflict between 'Platform:UIAutomationProvider.resources.dll' and 'Platform:UIAutomationProvider.resources.dll'. Could not determine winner due to equal file and assembly versions.
         Encountered conflict between 'Platform:UIAutomationTypes.resources.dll' and 'Platform:UIAutomationTypes.resources.dll'. Could not determine winner due to equal file and assembly versions.
         Encountered conflict between 'Platform:WindowsBase.resources.dll' and 'Platform:WindowsBase.resources.dll'. Could not determine winner due to equal file and assembly versions.
         Encountered conflict between 'Platform:WindowsFormsIntegration.resources.dll' and 'Platform:WindowsFormsIntegration.resources.dll'. Could not determine winner due to equal file and assembly versions.
         Encountered conflict between 'Platform:D3DCompiler_47_cor3.dll' and 'Platform:D3DCompiler_47_cor3.dll'. Could not determine winner due to equal file and assembly versions.
         Encountered conflict between 'Platform:PenImc_cor3.dll' and 'Platform:PenImc_cor3.dll'. Could not determine winner due to equal file and assembly versions.
         Encountered conflict between 'Platform:PresentationNative_cor3.dll' and 'Platform:PresentationNative_cor3.dll'. Could not determine winner due to equal file and assembly versions.
         Encountered conflict between 'Platform:vcruntime140_cor3.dll' and 'Platform:vcruntime140_cor3.dll'. Could not determine winner due to equal file and assembly versions.
         Encountered conflict between 'Platform:wpfgfx_cor3.dll' and 'Platform:wpfgfx_cor3.dll'. Could not determine winner due to equal file and assembly versions.
         Encountered conflict between 'Platform:System.Diagnostics.EventLog.Messages.dll' and 'Platform:System.Diagnostics.EventLog.Messages.dll'. Could not determine winner due to equal file and assembly versions.
         Encountered conflict between 'Platform:Accessibility.dll' and 'Platform:Accessibility.dll'. Could not determine winner due to equal file and assembly versions.
         Encountered conflict between 'Platform:Microsoft.VisualBasic.dll' and 'Platform:Microsoft.VisualBasic.dll'. Could not determine winner due to equal file and assembly versions.
         Encountered conflict between 'Platform:System.Design.dll' and 'Platform:System.Design.dll'. Could not determine winner due to equal file and assembly versions.
         Encountered conflict between 'Platform:System.Drawing.Design.dll' and 'Platform:System.Drawing.Design.dll'. Could not determine winner due to equal file and assembly versions.
         Encountered conflict between 'Platform:System.Drawing.dll' and 'Platform:System.Drawing.dll'. Could not determine winner due to equal file and assembly versions.
         Encountered conflict between 'Platform:System.Windows.Forms.Design.Editors.dll' and 'Platform:System.Windows.Forms.Design.Editors.dll'. Could not determine winner due to equal file and assembly versions.
         Encountered conflict between 'Platform:Microsoft.Win32.Registry.AccessControl.dll' and 'Platform:Microsoft.Win32.Registry.AccessControl.dll'. Could not determine winner due to equal file and assembly versions.
         Encountered conflict between 'Platform:Microsoft.Win32.SystemEvents.dll' and 'Platform:Microsoft.Win32.SystemEvents.dll'. Could not determine winner due to equal file and assembly versions.
         Encountered conflict between 'Platform:System.CodeDom.dll' and 'Platform:System.CodeDom.dll'. Could not determine winner due to equal file and assembly versions.
         Encountered conflict between 'Platform:System.Configuration.ConfigurationManager.dll' and 'Platform:System.Configuration.ConfigurationManager.dll'. Could not determine winner due to equal file and assembly versions.
         Encountered conflict between 'Platform:System.Diagnostics.EventLog.dll' and 'Platform:System.Diagnostics.EventLog.dll'. Could not determine winner due to equal file and assembly versions.
   3:6>ResolveAssemblyReferences:
         TargetFrameworkMoniker:
   5:6>_HandlePackageFileConflicts:
         Encountered conflict between 'Platform:System.Diagnostics.PerformanceCounter.dll' and 'Platform:System.Diagnostics.PerformanceCounter.dll'. Could not determine winner due to equal file and assembly versions.
         Encountered conflict between 'Platform:System.DirectoryServices.dll' and 'Platform:System.DirectoryServices.dll'. Could not determine winner due to equal file and assembly versions.
         Encountered conflict between 'Platform:System.Formats.Nrbf.dll' and 'Platform:System.Formats.Nrbf.dll'. Could not determine winner due to equal file and assembly versions.
         Encountered conflict between 'Platform:System.IO.Packaging.dll' and 'Platform:System.IO.Packaging.dll'. Could not determine winner due to equal file and assembly versions.
         Encountered conflict between 'Platform:System.Resources.Extensions.dll' and 'Platform:System.Resources.Extensions.dll'. Could not determine winner due to equal file and assembly versions.
         Encountered conflict between 'Platform:System.Security.Cryptography.Pkcs.dll' and 'Platform:System.Security.Cryptography.Pkcs.dll'. Could not determine winner due to equal file and assembly versions.
         Encountered conflict between 'Platform:System.Security.Cryptography.ProtectedData.dll' and 'Platform:System.Security.Cryptography.ProtectedData.dll'. Could not determine winner due to equal file and assembly versions.
         Encountered conflict between 'Platform:System.Security.Cryptography.Xml.dll' and 'Platform:System.Security.Cryptography.Xml.dll'. Could not determine winner due to equal file and assembly versions.
         Encountered conflict between 'Platform:System.Security.Permissions.dll' and 'Platform:System.Security.Permissions.dll'. Could not determine winner due to equal file and assembly versions.
         Encountered conflict between 'Platform:System.Windows.Extensions.dll' and 'Platform:System.Windows.Extensions.dll'. Could not determine winner due to equal file and assembly versions.
         Encountered conflict between 'Platform:Microsoft.VisualBasic.Forms.dll' and 'Platform:Microsoft.VisualBasic.Forms.dll'. Could not determine winner due to equal file and assembly versions.
         Encountered conflict between 'Platform:System.Drawing.Common.dll' and 'Platform:System.Drawing.Common.dll'. Could not determine winner due to equal file and assembly versions.
         Encountered conflict between 'Platform:System.Private.Windows.Core.dll' and 'Platform:System.Private.Windows.Core.dll'. Could not determine winner due to equal file and assembly versions.
         Encountered conflict between 'Platform:System.Private.Windows.GdiPlus.dll' and 'Platform:System.Private.Windows.GdiPlus.dll'. Could not determine winner due to equal file and assembly versions.
         Encountered conflict between 'Platform:System.Windows.Forms.Design.dll' and 'Platform:System.Windows.Forms.Design.dll'. Could not determine winner due to equal file and assembly versions.
         Encountered conflict between 'Platform:System.Windows.Forms.Primitives.dll' and 'Platform:System.Windows.Forms.Primitives.dll'. Could not determine winner due to equal file and assembly versions.
         Encountered conflict between 'Platform:System.Windows.Forms.dll' and 'Platform:System.Windows.Forms.dll'. Could not determine winner due to equal file and assembly versions.
   6:6>ResolveAssemblyReferences:
             .NETCoreApp,Version=v10.0
   5:6>_HandlePackageFileConflicts:
         Encountered conflict between 'Platform:DirectWriteForwarder.dll' and 'Platform:DirectWriteForwarder.dll'. Could not determine winner due to equal file and assembly versions.
   3:6>ResolveAssemblyReferences:
             .NETCoreApp,Version=v10.0
   6:6>ResolveAssemblyReferences:
         TargetFrameworkMonikerDisplayName:
   5:6>_HandlePackageFileConflicts:
         Encountered conflict between 'Platform:PresentationCore.dll' and 'Platform:PresentationCore.dll'. Could not determine winner due to equal file and assembly versions.
   6:6>ResolveAssemblyReferences:
             .NET 10.0
   5:6>_HandlePackageFileConflicts:
         Encountered conflict between 'Platform:PresentationFramework-SystemCore.dll' and 'Platform:PresentationFramework-SystemCore.dll'. Could not determine winner due to equal file and assembly versions.
   3:6>ResolveAssemblyReferences:
         TargetFrameworkMonikerDisplayName:
   5:6>_HandlePackageFileConflicts:
         Encountered conflict between 'Platform:PresentationFramework-SystemData.dll' and 'Platform:PresentationFramework-SystemData.dll'. Could not determine winner due to equal file and assembly versions.
   6:6>ResolveAssemblyReferences:
         TargetedRuntimeVersion:
   5:6>_HandlePackageFileConflicts:
         Encountered conflict between 'Platform:PresentationFramework-SystemDrawing.dll' and 'Platform:PresentationFramework-SystemDrawing.dll'. Could not determine winner due to equal file and assembly versions.
   6:6>ResolveAssemblyReferences:
             
   5:6>_HandlePackageFileConflicts:
         Encountered conflict between 'Platform:PresentationFramework-SystemXml.dll' and 'Platform:PresentationFramework-SystemXml.dll'. Could not determine winner due to equal file and assembly versions.
   6:6>ResolveAssemblyReferences:
         Assemblies:
   5:6>_HandlePackageFileConflicts:
         Encountered conflict between 'Platform:PresentationFramework-SystemXmlLinq.dll' and 'Platform:PresentationFramework-SystemXmlLinq.dll'. Could not determine winner due to equal file and assembly versions.
   6:6>ResolveAssemblyReferences:
             C:\Users\krish.maniar.ATPL-LAP-723\.nuget\packages\system.data.sqlclient\4.9.0\lib\net8.0\System.Data.SqlClient.dll
   5:6>_HandlePackageFileConflicts:
         Encountered conflict between 'Platform:PresentationFramework.Aero.dll' and 'Platform:PresentationFramework.Aero.dll'. Could not determine winner due to equal file and assembly versions.
   6:6>ResolveAssemblyReferences:
                 Private = 'false'
   5:6>_HandlePackageFileConflicts:
         Encountered conflict between 'Platform:PresentationFramework.Aero2.dll' and 'Platform:PresentationFramework.Aero2.dll'. Could not determine winner due to equal file and assembly versions.
   6:6>ResolveAssemblyReferences:
                 HintPath = 'C:\Users\krish.maniar.ATPL-LAP-723\.nuget\packages\system.data.sqlclient\4.9.0\lib\net8.0\System.Data.SqlClient.dll'
   3:6>ResolveAssemblyReferences:
             .NET 10.0
   5:6>_HandlePackageFileConflicts:
         Encountered conflict between 'Platform:PresentationFramework.AeroLite.dll' and 'Platform:PresentationFramework.AeroLite.dll'. Could not determine winner due to equal file and assembly versions.
   3:6>ResolveAssemblyReferences:
         TargetedRuntimeVersion:
   5:6>_HandlePackageFileConflicts:
         Encountered conflict between 'Platform:PresentationFramework.Classic.dll' and 'Platform:PresentationFramework.Classic.dll'. Could not determine winner due to equal file and assembly versions.
   3:6>ResolveAssemblyReferences:
             
   6:6>ResolveAssemblyReferences:
             C:\Program Files\dotnet\packs\Microsoft.NETCore.App.Ref\10.0.3\ref/net10.0/Microsoft.CSharp.dll
   5:6>_HandlePackageFileConflicts:
         Encountered conflict between 'Platform:PresentationFramework.Fluent.dll' and 'Platform:PresentationFramework.Fluent.dll'. Could not determine winner due to equal file and assembly versions.
   3:6>ResolveAssemblyReferences:
         Assemblies:
   6:6>ResolveAssemblyReferences:
                 Private = 'false'
   3:6>ResolveAssemblyReferences:
             C:\Users\krish.maniar.ATPL-LAP-723\.nuget\packages\microsoft.codecoverage\17.14.1\lib\net8.0\Microsoft.VisualStudio.CodeCoverage.Shim.dll
   6:6>ResolveAssemblyReferences:
             C:\Program Files\dotnet\packs\Microsoft.NETCore.App.Ref\10.0.3\ref/net10.0/Microsoft.VisualBasic.Core.dll
   3:6>ResolveAssemblyReferences:
                 Private = 'false'
                 HintPath = 'C:\Users\krish.maniar.ATPL-LAP-723\.nuget\packages\microsoft.codecoverage\17.14.1\lib\net8.0\Microsoft.VisualStudio.CodeCoverage.Shim.dll'
   5:6>_HandlePackageFileConflicts:
         Encountered conflict between 'Platform:PresentationFramework.Luna.dll' and 'Platform:PresentationFramework.Luna.dll'. Could not determine winner due to equal file and assembly versions.
   3:6>ResolveAssemblyReferences:
             C:\Users\krish.maniar.ATPL-LAP-723\.nuget\packages\microsoft.extensions.configuration\10.0.1\lib\net10.0\Microsoft.Extensions.Configuration.dll
   5:6>_HandlePackageFileConflicts:
         Encountered conflict between 'Platform:PresentationFramework.Royale.dll' and 'Platform:PresentationFramework.Royale.dll'. Could not determine winner due to equal file and assembly versions.
   6:6>ResolveAssemblyReferences:
                 Private = 'false'
   3:6>ResolveAssemblyReferences:
                 Private = 'false'
   5:6>_HandlePackageFileConflicts:
         Encountered conflict between 'Platform:PresentationFramework.dll' and 'Platform:PresentationFramework.dll'. Could not determine winner due to equal file and assembly versions.
         Encountered conflict between 'Platform:PresentationUI.dll' and 'Platform:PresentationUI.dll'. Could not determine winner due to equal file and assembly versions.
   3:6>ResolveAssemblyReferences:
                 HintPath = 'C:\Users\krish.maniar.ATPL-LAP-723\.nuget\packages\microsoft.extensions.configuration\10.0.1\lib\net10.0\Microsoft.Extensions.Configuration.dll'
   6:6>ResolveAssemblyReferences:
             C:\Program Files\dotnet\packs\Microsoft.NETCore.App.Ref\10.0.3\ref/net10.0/Microsoft.VisualBasic.dll
   5:6>_HandlePackageFileConflicts:
         Encountered conflict between 'Platform:ReachFramework.dll' and 'Platform:ReachFramework.dll'. Could not determine winner due to equal file and assembly versions.
   3:6>ResolveAssemblyReferences:
             C:\Users\krish.maniar.ATPL-LAP-723\.nuget\packages\microsoft.extensions.configuration.abstractions\10.0.1\lib\net10.0\Microsoft.Extensions.Configuration.Abstractions.dll
   6:6>ResolveAssemblyReferences:
                 Private = 'false'
   5:6>_HandlePackageFileConflicts:
         Encountered conflict between 'Platform:System.Printing.dll' and 'Platform:System.Printing.dll'. Could not determine winner due to equal file and assembly versions.
   3:6>ResolveAssemblyReferences:
                 Private = 'false'
   5:6>_HandlePackageFileConflicts:
         Encountered conflict between 'Platform:System.Windows.Controls.Ribbon.dll' and 'Platform:System.Windows.Controls.Ribbon.dll'. Could not determine winner due to equal file and assembly versions.
   3:6>ResolveAssemblyReferences:
                 HintPath = 'C:\Users\krish.maniar.ATPL-LAP-723\.nuget\packages\microsoft.extensions.configuration.abstractions\10.0.1\lib\net10.0\Microsoft.Extensions.Configuration.Abstractions.dll'
   5:6>_HandlePackageFileConflicts:
         Encountered conflict between 'Platform:System.Windows.Input.Manipulations.dll' and 'Platform:System.Windows.Input.Manipulations.dll'. Could not determine winner due to equal file and assembly versions.
   6:6>ResolveAssemblyReferences:
             C:\Program Files\dotnet\packs\Microsoft.NETCore.App.Ref\10.0.3\ref/net10.0/Microsoft.Win32.Primitives.dll
   3:6>ResolveAssemblyReferences:
             C:\Users\krish.maniar.ATPL-LAP-723\.nuget\packages\microsoft.extensions.configuration.binder\10.0.1\lib\net10.0\Microsoft.Extensions.Configuration.Binder.dll
   5:6>_HandlePackageFileConflicts:
         Encountered conflict between 'Platform:System.Windows.Presentation.dll' and 'Platform:System.Windows.Presentation.dll'. Could not determine winner due to equal file and assembly versions.
   3:6>ResolveAssemblyReferences:
                 Private = 'false'
   5:6>_HandlePackageFileConflicts:
         Encountered conflict between 'Platform:System.Windows.Primitives.dll' and 'Platform:System.Windows.Primitives.dll'. Could not determine winner due to equal file and assembly versions.
   3:6>ResolveAssemblyReferences:
                 HintPath = 'C:\Users\krish.maniar.ATPL-LAP-723\.nuget\packages\microsoft.extensions.configuration.binder\10.0.1\lib\net10.0\Microsoft.Extensions.Configuration.Binder.dll'
   6:6>ResolveAssemblyReferences:
                 Private = 'false'
   3:6>ResolveAssemblyReferences:
             C:\Users\krish.maniar.ATPL-LAP-723\.nuget\packages\microsoft.extensions.configuration.fileextensions\10.0.1\lib\net10.0\Microsoft.Extensions.Configuration.FileExtensions.dll
   5:6>_HandlePackageFileConflicts:
         Encountered conflict between 'Platform:System.Xaml.dll' and 'Platform:System.Xaml.dll'. Could not determine winner due to equal file and assembly versions.
         Encountered conflict between 'Platform:UIAutomationClient.dll' and 'Platform:UIAutomationClient.dll'. Could not determine winner due to equal file and assembly versions.
   3:6>ResolveAssemblyReferences:
                 Private = 'false'
   6:6>ResolveAssemblyReferences:
             C:\Program Files\dotnet\packs\Microsoft.NETCore.App.Ref\10.0.3\ref/net10.0/Microsoft.Win32.Registry.dll
   5:6>_HandlePackageFileConflicts:
         Encountered conflict between 'Platform:UIAutomationClientSideProviders.dll' and 'Platform:UIAutomationClientSideProviders.dll'. Could not determine winner due to equal file and assembly versions.
   3:6>ResolveAssemblyReferences:
                 HintPath = 'C:\Users\krish.maniar.ATPL-LAP-723\.nuget\packages\microsoft.extensions.configuration.fileextensions\10.0.1\lib\net10.0\Microsoft.Extensions.Configuration.FileExtensions.dll'
   6:6>ResolveAssemblyReferences:
                 Private = 'false'
   5:6>_HandlePackageFileConflicts:
         Encountered conflict between 'Platform:UIAutomationProvider.dll' and 'Platform:UIAutomationProvider.dll'. Could not determine winner due to equal file and assembly versions.
   3:6>ResolveAssemblyReferences:
             C:\Users\krish.maniar.ATPL-LAP-723\.nuget\packages\microsoft.extensions.configuration.json\10.0.1\lib\net10.0\Microsoft.Extensions.Configuration.Json.dll
   6:6>ResolveAssemblyReferences:
             C:\Program Files\dotnet\packs\Microsoft.NETCore.App.Ref\10.0.3\ref/net10.0/System.AppContext.dll
   3:6>ResolveAssemblyReferences:
                 Private = 'false'
                 HintPath = 'C:\Users\krish.maniar.ATPL-LAP-723\.nuget\packages\microsoft.extensions.configuration.json\10.0.1\lib\net10.0\Microsoft.Extensions.Configuration.Json.dll'
             C:\Users\krish.maniar.ATPL-LAP-723\.nuget\packages\microsoft.extensions.fileproviders.abstractions\10.0.1\lib\net10.0\Microsoft.Extensions.FileProviders.Abstractions.dll
   6:6>ResolveAssemblyReferences:
                 Private = 'false'
   3:6>ResolveAssemblyReferences:
                 Private = 'false'
   5:6>_HandlePackageFileConflicts:
         Encountered conflict between 'Platform:UIAutomationTypes.dll' and 'Platform:UIAutomationTypes.dll'. Could not determine winner due to equal file and assembly versions.
   3:6>ResolveAssemblyReferences:
                 HintPath = 'C:\Users\krish.maniar.ATPL-LAP-723\.nuget\packages\microsoft.extensions.fileproviders.abstractions\10.0.1\lib\net10.0\Microsoft.Extensions.FileProviders.Abstractions.dll'
             C:\Users\krish.maniar.ATPL-LAP-723\.nuget\packages\microsoft.extensions.fileproviders.physical\10.0.1\lib\net10.0\Microsoft.Extensions.FileProviders.Physical.dll
   5:6>_HandlePackageFileConflicts:
         Encountered conflict between 'Platform:WindowsBase.dll' and 'Platform:WindowsBase.dll'. Could not determine winner due to equal file and assembly versions.
   6:6>ResolveAssemblyReferences:
             C:\Program Files\dotnet\packs\Microsoft.NETCore.App.Ref\10.0.3\ref/net10.0/System.Buffers.dll
   3:6>ResolveAssemblyReferences:
                 Private = 'false'
   5:6>_HandlePackageFileConflicts:
         Encountered conflict between 'Platform:WindowsFormsIntegration.dll' and 'Platform:WindowsFormsIntegration.dll'. Could not determine winner due to equal file and assembly versions.
   3:6>ResolveAssemblyReferences:
                 HintPath = 'C:\Users\krish.maniar.ATPL-LAP-723\.nuget\packages\microsoft.extensions.fileproviders.physical\10.0.1\lib\net10.0\Microsoft.Extensions.FileProviders.Physical.dll'
   5:6>Done executing task "ResolvePackageFileConflicts".
   3:6>ResolveAssemblyReferences:
             C:\Users\krish.maniar.ATPL-LAP-723\.nuget\packages\microsoft.extensions.filesystemglobbing\10.0.1\lib\net10.0\Microsoft.Extensions.FileSystemGlobbing.dll
   5:6>Done building target "_HandlePackageFileConflicts" in project "TicketConsolidator.UI.csproj".
   6:6>ResolveAssemblyReferences:
                 Private = 'false'
   5:6>Target "ResolveTargetingPackAssets" skipped. Previously built successfully.
   3:6>ResolveAssemblyReferences:
                 Private = 'false'
   5:6>Target "ResolveAssemblyReferences" in file "C:\Program Files\dotnet\sdk\10.0.103\Microsoft.Common.CurrentVersion.targets" from project "c:\Apps\TicketConsolidator\src\TicketConsolidator.UI\TicketConsolidator.UI.csproj" (target "ResolveReferences" depends on it):
   5:6>Using "ResolveAssemblyReference" task from assembly "Microsoft.Build.Tasks.Core, Version=15.1.0.0, Culture=neutral, PublicKeyToken=b03f5f7f11d50a3a".
   3:6>ResolveAssemblyReferences:
                 HintPath = 'C:\Users\krish.maniar.ATPL-LAP-723\.nuget\packages\microsoft.extensions.filesystemglobbing\10.0.1\lib\net10.0\Microsoft.Extensions.FileSystemGlobbing.dll'
   5:6>Task "ResolveAssemblyReference"
   3:6>ResolveAssemblyReferences:
             C:\Users\krish.maniar.ATPL-LAP-723\.nuget\packages\microsoft.extensions.primitives\10.0.1\lib\net10.0\Microsoft.Extensions.Primitives.dll
   5:6>ResolveAssemblyReferences:
         TargetFrameworkMoniker:
   6:6>ResolveAssemblyReferences:
             C:\Program Files\dotnet\packs\Microsoft.NETCore.App.Ref\10.0.3\ref/net10.0/System.Collections.Concurrent.dll
                 Private = 'false'
   5:6>ResolveAssemblyReferences:
             .NETCoreApp,Version=v10.0
   3:6>ResolveAssemblyReferences:
                 Private = 'false'
   5:6>ResolveAssemblyReferences:
         TargetFrameworkMonikerDisplayName:
   6:6>ResolveAssemblyReferences:
             C:\Program Files\dotnet\packs\Microsoft.NETCore.App.Ref\10.0.3\ref/net10.0/System.Collections.Immutable.dll
   3:6>ResolveAssemblyReferences:
                 HintPath = 'C:\Users\krish.maniar.ATPL-LAP-723\.nuget\packages\microsoft.extensions.primitives\10.0.1\lib\net10.0\Microsoft.Extensions.Primitives.dll'
             C:\Users\krish.maniar.ATPL-LAP-723\.nuget\packages\microsoft.testplatform.objectmodel\17.14.1\lib\net8.0\Microsoft.TestPlatform.CoreUtilities.dll
   6:6>ResolveAssemblyReferences:
                 Private = 'false'
   5:6>ResolveAssemblyReferences:
             .NET 10.0
   3:6>ResolveAssemblyReferences:
                 Private = 'false'
   6:6>ResolveAssemblyReferences:
             C:\Program Files\dotnet\packs\Microsoft.NETCore.App.Ref\10.0.3\ref/net10.0/System.Collections.NonGeneric.dll
                 Private = 'false'
   5:6>ResolveAssemblyReferences:
         TargetedRuntimeVersion:
   6:6>ResolveAssemblyReferences:
             C:\Program Files\dotnet\packs\Microsoft.NETCore.App.Ref\10.0.3\ref/net10.0/System.Collections.Specialized.dll
   3:6>ResolveAssemblyReferences:
                 HintPath = 'C:\Users\krish.maniar.ATPL-LAP-723\.nuget\packages\microsoft.testplatform.objectmodel\17.14.1\lib\net8.0\Microsoft.TestPlatform.CoreUtilities.dll'
   6:6>ResolveAssemblyReferences:
                 Private = 'false'
   5:6>ResolveAssemblyReferences:
             
   3:6>ResolveAssemblyReferences:
             C:\Users\krish.maniar.ATPL-LAP-723\.nuget\packages\microsoft.testplatform.objectmodel\17.14.1\lib\net8.0\Microsoft.TestPlatform.PlatformAbstractions.dll
   5:6>ResolveAssemblyReferences:
         Assemblies:
   3:6>ResolveAssemblyReferences:
                 Private = 'false'
   6:6>ResolveAssemblyReferences:
             C:\Program Files\dotnet\packs\Microsoft.NETCore.App.Ref\10.0.3\ref/net10.0/System.Collections.dll
   5:6>ResolveAssemblyReferences:
             C:\Users\krish.maniar.ATPL-LAP-723\.nuget\packages\microsoft.web.webview2\1.0.3800.47\buildTransitive\..\\lib_manual\netcoreapp3.0\Microsoft.Web.WebView2.Core.dll
   3:6>ResolveAssemblyReferences:
                 HintPath = 'C:\Users\krish.maniar.ATPL-LAP-723\.nuget\packages\microsoft.testplatform.objectmodel\17.14.1\lib\net8.0\Microsoft.TestPlatform.PlatformAbstractions.dll'
   6:6>ResolveAssemblyReferences:
                 Private = 'false'
   3:6>ResolveAssemblyReferences:
             C:\Users\krish.maniar.ATPL-LAP-723\.nuget\packages\microsoft.testplatform.objectmodel\17.14.1\lib\net8.0\Microsoft.VisualStudio.TestPlatform.ObjectModel.dll
   5:6>ResolveAssemblyReferences:
             C:\Users\krish.maniar.ATPL-LAP-723\.nuget\packages\microsoft.web.webview2\1.0.3800.47\buildTransitive\..\\lib_manual\netcoreapp3.0\Microsoft.Web.WebView2.WinForms.dll
             C:\Users\krish.maniar.ATPL-LAP-723\.nuget\packages\microsoft.web.webview2\1.0.3800.47\buildTransitive\..\\lib_manual\net5.0-windows10.0.17763.0\Microsoft.Web.WebView2.Wpf.dll
   6:6>ResolveAssemblyReferences:
             C:\Program Files\dotnet\packs\Microsoft.NETCore.App.Ref\10.0.3\ref/net10.0/System.ComponentModel.Annotations.dll
   3:6>ResolveAssemblyReferences:
                 Private = 'false'
   5:6>ResolveAssemblyReferences:
             C:\Users\krish.maniar.ATPL-LAP-723\.nuget\packages\avalonedit\6.3.1.120\lib\net8.0-windows7.0\ICSharpCode.AvalonEdit.dll
   6:6>ResolveAssemblyReferences:
                 Private = 'false'
             C:\Program Files\dotnet\packs\Microsoft.NETCore.App.Ref\10.0.3\ref/net10.0/System.ComponentModel.DataAnnotations.dll
   3:6>ResolveAssemblyReferences:
                 HintPath = 'C:\Users\krish.maniar.ATPL-LAP-723\.nuget\packages\microsoft.testplatform.objectmodel\17.14.1\lib\net8.0\Microsoft.VisualStudio.TestPlatform.ObjectModel.dll'
   6:6>ResolveAssemblyReferences:
                 Private = 'false'
   5:6>ResolveAssemblyReferences:
                 Private = 'false'
   3:6>ResolveAssemblyReferences:
             C:\Users\krish.maniar.ATPL-LAP-723\.nuget\packages\microsoft.testplatform.testhost\17.14.1\lib\net8.0\Microsoft.TestPlatform.CommunicationUtilities.dll
   5:6>ResolveAssemblyReferences:
                 HintPath = 'C:\Users\krish.maniar.ATPL-LAP-723\.nuget\packages\avalonedit\6.3.1.120\lib\net8.0-windows7.0\ICSharpCode.AvalonEdit.dll'
   3:6>ResolveAssemblyReferences:
                 Private = 'false'
   5:6>ResolveAssemblyReferences:
             C:\Users\krish.maniar.ATPL-LAP-723\.nuget\packages\materialdesigncolors\2.1.4\lib\net7.0\MaterialDesignColors.dll
                 Private = 'false'
   3:6>ResolveAssemblyReferences:
                 HintPath = 'C:\Users\krish.maniar.ATPL-LAP-723\.nuget\packages\microsoft.testplatform.testhost\17.14.1\lib\net8.0\Microsoft.TestPlatform.CommunicationUtilities.dll'
   5:6>ResolveAssemblyReferences:
                 HintPath = 'C:\Users\krish.maniar.ATPL-LAP-723\.nuget\packages\materialdesigncolors\2.1.4\lib\net7.0\MaterialDesignColors.dll'
   3:6>ResolveAssemblyReferences:
             C:\Users\krish.maniar.ATPL-LAP-723\.nuget\packages\microsoft.testplatform.testhost\17.14.1\lib\net8.0\Microsoft.TestPlatform.CoreUtilities.dll
   5:6>ResolveAssemblyReferences:
             C:\Users\krish.maniar.ATPL-LAP-723\.nuget\packages\materialdesignthemes\4.9.0\lib\net7.0\MaterialDesignThemes.Wpf.dll
   6:6>ResolveAssemblyReferences:
             C:\Program Files\dotnet\packs\Microsoft.NETCore.App.Ref\10.0.3\ref/net10.0/System.ComponentModel.EventBasedAsync.dll
   5:6>ResolveAssemblyReferences:
                 Private = 'false'
   3:6>ResolveAssemblyReferences:
                 Private = 'false'
   6:6>ResolveAssemblyReferences:
                 Private = 'false'
   5:6>ResolveAssemblyReferences:
                 HintPath = 'C:\Users\krish.maniar.ATPL-LAP-723\.nuget\packages\materialdesignthemes\4.9.0\lib\net7.0\MaterialDesignThemes.Wpf.dll'
   3:6>ResolveAssemblyReferences:
                 HintPath = 'C:\Users\krish.maniar.ATPL-LAP-723\.nuget\packages\microsoft.testplatform.testhost\17.14.1\lib\net8.0\Microsoft.TestPlatform.CoreUtilities.dll'
   5:6>ResolveAssemblyReferences:
             C:\Users\krish.maniar.ATPL-LAP-723\.nuget\packages\microsoft.extensions.configuration\10.0.1\lib\net10.0\Microsoft.Extensions.Configuration.dll
   3:6>ResolveAssemblyReferences:
             C:\Users\krish.maniar.ATPL-LAP-723\.nuget\packages\microsoft.testplatform.testhost\17.14.1\lib\net8.0\Microsoft.TestPlatform.CrossPlatEngine.dll
   5:6>ResolveAssemblyReferences:
                 Private = 'false'
   6:6>ResolveAssemblyReferences:
             C:\Program Files\dotnet\packs\Microsoft.NETCore.App.Ref\10.0.3\ref/net10.0/System.ComponentModel.Primitives.dll
   3:6>ResolveAssemblyReferences:
                 Private = 'false'
                 HintPath = 'C:\Users\krish.maniar.ATPL-LAP-723\.nuget\packages\microsoft.testplatform.testhost\17.14.1\lib\net8.0\Microsoft.TestPlatform.CrossPlatEngine.dll'
   6:6>ResolveAssemblyReferences:
                 Private = 'false'
   5:6>ResolveAssemblyReferences:
                 HintPath = 'C:\Users\krish.maniar.ATPL-LAP-723\.nuget\packages\microsoft.extensions.configuration\10.0.1\lib\net10.0\Microsoft.Extensions.Configuration.dll'
   3:6>ResolveAssemblyReferences:
             C:\Users\krish.maniar.ATPL-LAP-723\.nuget\packages\microsoft.testplatform.testhost\17.14.1\lib\net8.0\Microsoft.TestPlatform.PlatformAbstractions.dll
   5:6>ResolveAssemblyReferences:
             C:\Users\krish.maniar.ATPL-LAP-723\.nuget\packages\microsoft.extensions.configuration.abstractions\10.0.1\lib\net10.0\Microsoft.Extensions.Configuration.Abstractions.dll
   3:6>ResolveAssemblyReferences:
                 Private = 'false'
   6:6>ResolveAssemblyReferences:
             C:\Program Files\dotnet\packs\Microsoft.NETCore.App.Ref\10.0.3\ref/net10.0/System.ComponentModel.TypeConverter.dll
   5:6>ResolveAssemblyReferences:
                 Private = 'false'
   3:6>ResolveAssemblyReferences:
                 HintPath = 'C:\Users\krish.maniar.ATPL-LAP-723\.nuget\packages\microsoft.testplatform.testhost\17.14.1\lib\net8.0\Microsoft.TestPlatform.PlatformAbstractions.dll'
   5:6>ResolveAssemblyReferences:
                 HintPath = 'C:\Users\krish.maniar.ATPL-LAP-723\.nuget\packages\microsoft.extensions.configuration.abstractions\10.0.1\lib\net10.0\Microsoft.Extensions.Configuration.Abstractions.dll'
   6:6>ResolveAssemblyReferences:
                 Private = 'false'
   3:6>ResolveAssemblyReferences:
             C:\Users\krish.maniar.ATPL-LAP-723\.nuget\packages\microsoft.testplatform.testhost\17.14.1\lib\net8.0\Microsoft.TestPlatform.Utilities.dll
                 Private = 'false'
   6:6>ResolveAssemblyReferences:
             C:\Program Files\dotnet\packs\Microsoft.NETCore.App.Ref\10.0.3\ref/net10.0/System.ComponentModel.dll
                 Private = 'false'
   3:6>ResolveAssemblyReferences:
                 HintPath = 'C:\Users\krish.maniar.ATPL-LAP-723\.nuget\packages\microsoft.testplatform.testhost\17.14.1\lib\net8.0\Microsoft.TestPlatform.Utilities.dll'
             C:\Users\krish.maniar.ATPL-LAP-723\.nuget\packages\microsoft.testplatform.testhost\17.14.1\lib\net8.0\Microsoft.VisualStudio.TestPlatform.Common.dll
   5:6>ResolveAssemblyReferences:
             C:\Users\krish.maniar.ATPL-LAP-723\.nuget\packages\microsoft.extensions.configuration.binder\10.0.1\lib\net10.0\Microsoft.Extensions.Configuration.Binder.dll
   6:6>ResolveAssemblyReferences:
             C:\Program Files\dotnet\packs\Microsoft.NETCore.App.Ref\10.0.3\ref/net10.0/System.Configuration.dll
   3:6>ResolveAssemblyReferences:
                 Private = 'false'
   5:6>ResolveAssemblyReferences:
                 Private = 'false'
   3:6>ResolveAssemblyReferences:
                 HintPath = 'C:\Users\krish.maniar.ATPL-LAP-723\.nuget\packages\microsoft.testplatform.testhost\17.14.1\lib\net8.0\Microsoft.VisualStudio.TestPlatform.Common.dll'
   5:6>ResolveAssemblyReferences:
                 HintPath = 'C:\Users\krish.maniar.ATPL-LAP-723\.nuget\packages\microsoft.extensions.configuration.binder\10.0.1\lib\net10.0\Microsoft.Extensions.Configuration.Binder.dll'
             C:\Users\krish.maniar.ATPL-LAP-723\.nuget\packages\microsoft.extensions.configuration.fileextensions\10.0.1\lib\net10.0\Microsoft.Extensions.Configuration.FileExtensions.dll
   6:6>ResolveAssemblyReferences:
                 Private = 'false'
   3:6>ResolveAssemblyReferences:
             C:\Users\krish.maniar.ATPL-LAP-723\.nuget\packages\microsoft.testplatform.testhost\17.14.1\lib\net8.0\Microsoft.VisualStudio.TestPlatform.ObjectModel.dll
   5:6>ResolveAssemblyReferences:
                 Private = 'false'
   3:6>ResolveAssemblyReferences:
                 Private = 'false'
   5:6>ResolveAssemblyReferences:
                 HintPath = 'C:\Users\krish.maniar.ATPL-LAP-723\.nuget\packages\microsoft.extensions.configuration.fileextensions\10.0.1\lib\net10.0\Microsoft.Extensions.Configuration.FileExtensions.dll'
   3:6>ResolveAssemblyReferences:
                 HintPath = 'C:\Users\krish.maniar.ATPL-LAP-723\.nuget\packages\microsoft.testplatform.testhost\17.14.1\lib\net8.0\Microsoft.VisualStudio.TestPlatform.ObjectModel.dll'
   6:6>ResolveAssemblyReferences:
             C:\Program Files\dotnet\packs\Microsoft.NETCore.App.Ref\10.0.3\ref/net10.0/System.Console.dll
   5:6>ResolveAssemblyReferences:
             C:\Users\krish.maniar.ATPL-LAP-723\.nuget\packages\microsoft.extensions.configuration.json\10.0.1\lib\net10.0\Microsoft.Extensions.Configuration.Json.dll
   3:6>ResolveAssemblyReferences:
             C:\Users\krish.maniar.ATPL-LAP-723\.nuget\packages\microsoft.testplatform.testhost\17.14.1\lib\net8.0\testhost.dll
   5:6>ResolveAssemblyReferences:
                 Private = 'false'
   3:6>ResolveAssemblyReferences:
                 Private = 'false'
   5:6>ResolveAssemblyReferences:
                 HintPath = 'C:\Users\krish.maniar.ATPL-LAP-723\.nuget\packages\microsoft.extensions.configuration.json\10.0.1\lib\net10.0\Microsoft.Extensions.Configuration.Json.dll'
   6:6>ResolveAssemblyReferences:
                 Private = 'false'
   3:6>ResolveAssemblyReferences:
                 HintPath = 'C:\Users\krish.maniar.ATPL-LAP-723\.nuget\packages\microsoft.testplatform.testhost\17.14.1\lib\net8.0\testhost.dll'
   6:6>ResolveAssemblyReferences:
             C:\Program Files\dotnet\packs\Microsoft.NETCore.App.Ref\10.0.3\ref/net10.0/System.Core.dll
   3:6>ResolveAssemblyReferences:
             C:\Users\krish.maniar.ATPL-LAP-723\.nuget\packages\newtonsoft.json\13.0.3\lib\net6.0\Newtonsoft.Json.dll
   5:6>ResolveAssemblyReferences:
             C:\Users\krish.maniar.ATPL-LAP-723\.nuget\packages\microsoft.extensions.dependencyinjection\10.0.1\lib\net10.0\Microsoft.Extensions.DependencyInjection.dll
   6:6>ResolveAssemblyReferences:
                 Private = 'false'
   3:6>ResolveAssemblyReferences:
                 Private = 'false'
   5:6>ResolveAssemblyReferences:
                 Private = 'false'
   6:6>ResolveAssemblyReferences:
             C:\Program Files\dotnet\packs\Microsoft.NETCore.App.Ref\10.0.3\ref/net10.0/System.Data.Common.dll
   3:6>ResolveAssemblyReferences:
                 HintPath = 'C:\Users\krish.maniar.ATPL-LAP-723\.nuget\packages\newtonsoft.json\13.0.3\lib\net6.0\Newtonsoft.Json.dll'
   5:6>ResolveAssemblyReferences:
                 HintPath = 'C:\Users\krish.maniar.ATPL-LAP-723\.nuget\packages\microsoft.extensions.dependencyinjection\10.0.1\lib\net10.0\Microsoft.Extensions.DependencyInjection.dll'
   3:6>ResolveAssemblyReferences:
             C:\Users\krish.maniar.ATPL-LAP-723\.nuget\packages\system.data.sqlclient\4.9.0\lib\net8.0\System.Data.SqlClient.dll
   6:6>ResolveAssemblyReferences:
                 Private = 'false'
   5:6>ResolveAssemblyReferences:
             C:\Users\krish.maniar.ATPL-LAP-723\.nuget\packages\microsoft.extensions.dependencyinjection.abstractions\10.0.1\lib\net10.0\Microsoft.Extensions.DependencyInjection.Abstractions.dll
   6:6>ResolveAssemblyReferences:
             C:\Program Files\dotnet\packs\Microsoft.NETCore.App.Ref\10.0.3\ref/net10.0/System.Data.DataSetExtensions.dll
   3:6>ResolveAssemblyReferences:
                 Private = 'false'
   6:6>ResolveAssemblyReferences:
                 Private = 'false'
             C:\Program Files\dotnet\packs\Microsoft.NETCore.App.Ref\10.0.3\ref/net10.0/System.Data.dll
   5:6>ResolveAssemblyReferences:
                 Private = 'false'
   6:6>ResolveAssemblyReferences:
                 Private = 'false'
   3:6>ResolveAssemblyReferences:
                 HintPath = 'C:\Users\krish.maniar.ATPL-LAP-723\.nuget\packages\system.data.sqlclient\4.9.0\lib\net8.0\System.Data.SqlClient.dll'
   6:6>ResolveAssemblyReferences:
             C:\Program Files\dotnet\packs\Microsoft.NETCore.App.Ref\10.0.3\ref/net10.0/System.Diagnostics.Contracts.dll
   5:6>ResolveAssemblyReferences:
                 HintPath = 'C:\Users\krish.maniar.ATPL-LAP-723\.nuget\packages\microsoft.extensions.dependencyinjection.abstractions\10.0.1\lib\net10.0\Microsoft.Extensions.DependencyInjection.Abstractions.dll'
   3:6>ResolveAssemblyReferences:
             C:\Users\krish.maniar.ATPL-LAP-723\.nuget\packages\xunit.abstractions\2.0.3\lib\netstandard2.0\xunit.abstractions.dll
   6:6>ResolveAssemblyReferences:
                 Private = 'false'
   3:6>ResolveAssemblyReferences:
                 Private = 'false'
   5:6>ResolveAssemblyReferences:
             C:\Users\krish.maniar.ATPL-LAP-723\.nuget\packages\microsoft.extensions.fileproviders.abstractions\10.0.1\lib\net10.0\Microsoft.Extensions.FileProviders.Abstractions.dll
   6:6>ResolveAssemblyReferences:
             C:\Program Files\dotnet\packs\Microsoft.NETCore.App.Ref\10.0.3\ref/net10.0/System.Diagnostics.Debug.dll
   3:6>ResolveAssemblyReferences:
                 HintPath = 'C:\Users\krish.maniar.ATPL-LAP-723\.nuget\packages\xunit.abstractions\2.0.3\lib\netstandard2.0\xunit.abstractions.dll'
   5:6>ResolveAssemblyReferences:
                 Private = 'false'
                 HintPath = 'C:\Users\krish.maniar.ATPL-LAP-723\.nuget\packages\microsoft.extensions.fileproviders.abstractions\10.0.1\lib\net10.0\Microsoft.Extensions.FileProviders.Abstractions.dll'
   3:6>ResolveAssemblyReferences:
             C:\Users\krish.maniar.ATPL-LAP-723\.nuget\packages\xunit.assert\2.9.3\lib\net6.0\xunit.assert.dll
   6:6>ResolveAssemblyReferences:
                 Private = 'false'
   5:6>ResolveAssemblyReferences:
             C:\Users\krish.maniar.ATPL-LAP-723\.nuget\packages\microsoft.extensions.fileproviders.physical\10.0.1\lib\net10.0\Microsoft.Extensions.FileProviders.Physical.dll
   3:6>ResolveAssemblyReferences:
                 Private = 'false'
   6:6>ResolveAssemblyReferences:
             C:\Program Files\dotnet\packs\Microsoft.NETCore.App.Ref\10.0.3\ref/net10.0/System.Diagnostics.DiagnosticSource.dll
   5:6>ResolveAssemblyReferences:
                 Private = 'false'
   3:6>ResolveAssemblyReferences:
                 HintPath = 'C:\Users\krish.maniar.ATPL-LAP-723\.nuget\packages\xunit.assert\2.9.3\lib\net6.0\xunit.assert.dll'
   5:6>ResolveAssemblyReferences:
                 HintPath = 'C:\Users\krish.maniar.ATPL-LAP-723\.nuget\packages\microsoft.extensions.fileproviders.physical\10.0.1\lib\net10.0\Microsoft.Extensions.FileProviders.Physical.dll'
   3:6>ResolveAssemblyReferences:
             C:\Users\krish.maniar.ATPL-LAP-723\.nuget\packages\xunit.extensibility.core\2.9.3\lib\netstandard1.1\xunit.core.dll
   5:6>ResolveAssemblyReferences:
             C:\Users\krish.maniar.ATPL-LAP-723\.nuget\packages\microsoft.extensions.filesystemglobbing\10.0.1\lib\net10.0\Microsoft.Extensions.FileSystemGlobbing.dll
   3:6>ResolveAssemblyReferences:
                 Private = 'false'
   6:6>ResolveAssemblyReferences:
                 Private = 'false'
   3:6>ResolveAssemblyReferences:
                 HintPath = 'C:\Users\krish.maniar.ATPL-LAP-723\.nuget\packages\xunit.extensibility.core\2.9.3\lib\netstandard1.1\xunit.core.dll'
             C:\Users\krish.maniar.ATPL-LAP-723\.nuget\packages\xunit.extensibility.execution\2.9.3\lib\netstandard1.1\xunit.execution.dotnet.dll
   5:6>ResolveAssemblyReferences:
                 Private = 'false'
   6:6>ResolveAssemblyReferences:
             C:\Program Files\dotnet\packs\Microsoft.NETCore.App.Ref\10.0.3\ref/net10.0/System.Diagnostics.FileVersionInfo.dll
   3:6>ResolveAssemblyReferences:
                 Private = 'false'
   5:6>ResolveAssemblyReferences:
                 HintPath = 'C:\Users\krish.maniar.ATPL-LAP-723\.nuget\packages\microsoft.extensions.filesystemglobbing\10.0.1\lib\net10.0\Microsoft.Extensions.FileSystemGlobbing.dll'
   3:6>ResolveAssemblyReferences:
                 HintPath = 'C:\Users\krish.maniar.ATPL-LAP-723\.nuget\packages\xunit.extensibility.execution\2.9.3\lib\netstandard1.1\xunit.execution.dotnet.dll'
             C:\Program Files\dotnet\packs\Microsoft.NETCore.App.Ref\10.0.3\ref/net10.0/Microsoft.CSharp.dll
   5:6>ResolveAssemblyReferences:
             C:\Users\krish.maniar.ATPL-LAP-723\.nuget\packages\microsoft.extensions.primitives\10.0.1\lib\net10.0\Microsoft.Extensions.Primitives.dll
   3:6>ResolveAssemblyReferences:
                 Private = 'false'
   6:6>ResolveAssemblyReferences:
                 Private = 'false'
   3:6>ResolveAssemblyReferences:
             C:\Program Files\dotnet\packs\Microsoft.NETCore.App.Ref\10.0.3\ref/net10.0/Microsoft.VisualBasic.Core.dll
   5:6>ResolveAssemblyReferences:
                 Private = 'false'
   3:6>ResolveAssemblyReferences:
                 Private = 'false'
   6:6>ResolveAssemblyReferences:
             C:\Program Files\dotnet\packs\Microsoft.NETCore.App.Ref\10.0.3\ref/net10.0/System.Diagnostics.Process.dll
   5:6>ResolveAssemblyReferences:
                 HintPath = 'C:\Users\krish.maniar.ATPL-LAP-723\.nuget\packages\microsoft.extensions.primitives\10.0.1\lib\net10.0\Microsoft.Extensions.Primitives.dll'
   3:6>ResolveAssemblyReferences:
             C:\Program Files\dotnet\packs\Microsoft.NETCore.App.Ref\10.0.3\ref/net10.0/Microsoft.VisualBasic.dll
   5:6>ResolveAssemblyReferences:
             C:\Users\krish.maniar.ATPL-LAP-723\.nuget\packages\microsoft.xaml.behaviors.wpf\1.1.135\lib\net6.0-windows7.0\Microsoft.Xaml.Behaviors.dll
   3:6>ResolveAssemblyReferences:
                 Private = 'false'
   6:6>ResolveAssemblyReferences:
                 Private = 'false'
   5:6>ResolveAssemblyReferences:
                 Private = 'false'
   3:6>ResolveAssemblyReferences:
             C:\Program Files\dotnet\packs\Microsoft.NETCore.App.Ref\10.0.3\ref/net10.0/Microsoft.Win32.Primitives.dll
   5:6>ResolveAssemblyReferences:
                 HintPath = 'C:\Users\krish.maniar.ATPL-LAP-723\.nuget\packages\microsoft.xaml.behaviors.wpf\1.1.135\lib\net6.0-windows7.0\Microsoft.Xaml.Behaviors.dll'
   6:6>ResolveAssemblyReferences:
             C:\Program Files\dotnet\packs\Microsoft.NETCore.App.Ref\10.0.3\ref/net10.0/System.Diagnostics.StackTrace.dll
   3:6>ResolveAssemblyReferences:
                 Private = 'false'
   5:6>ResolveAssemblyReferences:
             C:\Users\krish.maniar.ATPL-LAP-723\.nuget\packages\system.data.sqlclient\4.9.0\lib\net8.0\System.Data.SqlClient.dll
   3:6>ResolveAssemblyReferences:
             C:\Program Files\dotnet\packs\Microsoft.NETCore.App.Ref\10.0.3\ref/net10.0/Microsoft.Win32.Registry.dll
   6:6>ResolveAssemblyReferences:
                 Private = 'false'
   5:6>ResolveAssemblyReferences:
                 Private = 'false'
   3:6>ResolveAssemblyReferences:
                 Private = 'false'
   6:6>ResolveAssemblyReferences:
             C:\Program Files\dotnet\packs\Microsoft.NETCore.App.Ref\10.0.3\ref/net10.0/System.Diagnostics.TextWriterTraceListener.dll
   5:6>ResolveAssemblyReferences:
                 HintPath = 'C:\Users\krish.maniar.ATPL-LAP-723\.nuget\packages\system.data.sqlclient\4.9.0\lib\net8.0\System.Data.SqlClient.dll'
   3:6>ResolveAssemblyReferences:
             C:\Program Files\dotnet\packs\Microsoft.NETCore.App.Ref\10.0.3\ref/net10.0/System.AppContext.dll
   5:6>ResolveAssemblyReferences:
             C:\Program Files\dotnet\packs\Microsoft.NETCore.App.Ref\10.0.3\ref/net10.0/Microsoft.CSharp.dll
   3:6>ResolveAssemblyReferences:
                 Private = 'false'
   6:6>ResolveAssemblyReferences:
                 Private = 'false'
   5:6>ResolveAssemblyReferences:
                 Private = 'false'
   3:6>ResolveAssemblyReferences:
             C:\Program Files\dotnet\packs\Microsoft.NETCore.App.Ref\10.0.3\ref/net10.0/System.Buffers.dll
   5:6>ResolveAssemblyReferences:
             C:\Program Files\dotnet\packs\Microsoft.NETCore.App.Ref\10.0.3\ref/net10.0/Microsoft.VisualBasic.Core.dll
   6:6>ResolveAssemblyReferences:
             C:\Program Files\dotnet\packs\Microsoft.NETCore.App.Ref\10.0.3\ref/net10.0/System.Diagnostics.Tools.dll
   3:6>ResolveAssemblyReferences:
                 Private = 'false'
   5:6>ResolveAssemblyReferences:
                 Private = 'false'
   6:6>ResolveAssemblyReferences:
                 Private = 'false'
   5:6>ResolveAssemblyReferences:
             C:\Program Files\dotnet\packs\Microsoft.NETCore.App.Ref\10.0.3\ref/net10.0/Microsoft.Win32.Primitives.dll
                 Private = 'false'
   3:6>ResolveAssemblyReferences:
             C:\Program Files\dotnet\packs\Microsoft.NETCore.App.Ref\10.0.3\ref/net10.0/System.Collections.Concurrent.dll
   5:6>ResolveAssemblyReferences:
             C:\Program Files\dotnet\packs\Microsoft.NETCore.App.Ref\10.0.3\ref/net10.0/Microsoft.Win32.Registry.dll
   3:6>ResolveAssemblyReferences:
                 Private = 'false'
   6:6>ResolveAssemblyReferences:
             C:\Program Files\dotnet\packs\Microsoft.NETCore.App.Ref\10.0.3\ref/net10.0/System.Diagnostics.TraceSource.dll
   3:6>ResolveAssemblyReferences:
             C:\Program Files\dotnet\packs\Microsoft.NETCore.App.Ref\10.0.3\ref/net10.0/System.Collections.Immutable.dll
                 Private = 'false'
             C:\Program Files\dotnet\packs\Microsoft.NETCore.App.Ref\10.0.3\ref/net10.0/System.Collections.NonGeneric.dll
                 Private = 'false'
             C:\Program Files\dotnet\packs\Microsoft.NETCore.App.Ref\10.0.3\ref/net10.0/System.Collections.Specialized.dll
   5:6>ResolveAssemblyReferences:
                 Private = 'false'
   3:6>ResolveAssemblyReferences:
                 Private = 'false'
   6:6>ResolveAssemblyReferences:
                 Private = 'false'
   5:6>ResolveAssemblyReferences:
             C:\Program Files\dotnet\packs\Microsoft.NETCore.App.Ref\10.0.3\ref/net10.0/System.AppContext.dll
   3:6>ResolveAssemblyReferences:
             C:\Program Files\dotnet\packs\Microsoft.NETCore.App.Ref\10.0.3\ref/net10.0/System.Collections.dll
   5:6>ResolveAssemblyReferences:
                 Private = 'false'
             C:\Program Files\dotnet\packs\Microsoft.NETCore.App.Ref\10.0.3\ref/net10.0/System.Buffers.dll
   3:6>ResolveAssemblyReferences:
                 Private = 'false'
   6:6>ResolveAssemblyReferences:
             C:\Program Files\dotnet\packs\Microsoft.NETCore.App.Ref\10.0.3\ref/net10.0/System.Diagnostics.Tracing.dll
   5:6>ResolveAssemblyReferences:
                 Private = 'false'
             C:\Program Files\dotnet\packs\Microsoft.NETCore.App.Ref\10.0.3\ref/net10.0/System.Collections.Concurrent.dll
   6:6>ResolveAssemblyReferences:
                 Private = 'false'
   3:6>ResolveAssemblyReferences:
             C:\Program Files\dotnet\packs\Microsoft.NETCore.App.Ref\10.0.3\ref/net10.0/System.ComponentModel.Annotations.dll
   5:6>ResolveAssemblyReferences:
                 Private = 'false'
   6:6>ResolveAssemblyReferences:
             C:\Program Files\dotnet\packs\Microsoft.NETCore.App.Ref\10.0.3\ref/net10.0/System.Drawing.Primitives.dll
   3:6>ResolveAssemblyReferences:
                 Private = 'false'
             C:\Program Files\dotnet\packs\Microsoft.NETCore.App.Ref\10.0.3\ref/net10.0/System.ComponentModel.DataAnnotations.dll
   6:6>ResolveAssemblyReferences:
                 Private = 'false'
   3:6>ResolveAssemblyReferences:
                 Private = 'false'
   5:6>ResolveAssemblyReferences:
             C:\Program Files\dotnet\packs\Microsoft.NETCore.App.Ref\10.0.3\ref/net10.0/System.Collections.Immutable.dll
   3:6>ResolveAssemblyReferences:
             C:\Program Files\dotnet\packs\Microsoft.NETCore.App.Ref\10.0.3\ref/net10.0/System.ComponentModel.EventBasedAsync.dll
   5:6>ResolveAssemblyReferences:
                 Private = 'false'
   3:6>ResolveAssemblyReferences:
                 Private = 'false'
   5:6>ResolveAssemblyReferences:
             C:\Program Files\dotnet\packs\Microsoft.NETCore.App.Ref\10.0.3\ref/net10.0/System.Collections.NonGeneric.dll
   6:6>ResolveAssemblyReferences:
             C:\Program Files\dotnet\packs\Microsoft.NETCore.App.Ref\10.0.3\ref/net10.0/System.Drawing.dll
   3:6>ResolveAssemblyReferences:
             C:\Program Files\dotnet\packs\Microsoft.NETCore.App.Ref\10.0.3\ref/net10.0/System.ComponentModel.Primitives.dll
   5:6>ResolveAssemblyReferences:
                 Private = 'false'
   6:6>ResolveAssemblyReferences:
                 Private = 'false'
   3:6>ResolveAssemblyReferences:
                 Private = 'false'
   5:6>ResolveAssemblyReferences:
             C:\Program Files\dotnet\packs\Microsoft.NETCore.App.Ref\10.0.3\ref/net10.0/System.Collections.Specialized.dll
                 Private = 'false'
   6:6>ResolveAssemblyReferences:
             C:\Program Files\dotnet\packs\Microsoft.NETCore.App.Ref\10.0.3\ref/net10.0/System.Dynamic.Runtime.dll
   5:6>ResolveAssemblyReferences:
             C:\Program Files\dotnet\packs\Microsoft.NETCore.App.Ref\10.0.3\ref/net10.0/System.Collections.dll
   6:6>ResolveAssemblyReferences:
                 Private = 'false'
   3:6>ResolveAssemblyReferences:
             C:\Program Files\dotnet\packs\Microsoft.NETCore.App.Ref\10.0.3\ref/net10.0/System.ComponentModel.TypeConverter.dll
                 Private = 'false'
   5:6>ResolveAssemblyReferences:
                 Private = 'false'
   3:6>ResolveAssemblyReferences:
             C:\Program Files\dotnet\packs\Microsoft.NETCore.App.Ref\10.0.3\ref/net10.0/System.ComponentModel.dll
   5:6>ResolveAssemblyReferences:
             C:\Program Files\dotnet\packs\Microsoft.NETCore.App.Ref\10.0.3\ref/net10.0/System.ComponentModel.Annotations.dll
                 Private = 'false'
   6:6>ResolveAssemblyReferences:
             C:\Program Files\dotnet\packs\Microsoft.NETCore.App.Ref\10.0.3\ref/net10.0/System.Formats.Asn1.dll
   5:6>ResolveAssemblyReferences:
             C:\Program Files\dotnet\packs\Microsoft.NETCore.App.Ref\10.0.3\ref/net10.0/System.ComponentModel.DataAnnotations.dll
   6:6>ResolveAssemblyReferences:
                 Private = 'false'
   3:6>ResolveAssemblyReferences:
                 Private = 'false'
   5:6>ResolveAssemblyReferences:
                 Private = 'false'
             C:\Program Files\dotnet\packs\Microsoft.NETCore.App.Ref\10.0.3\ref/net10.0/System.ComponentModel.EventBasedAsync.dll
   3:6>ResolveAssemblyReferences:
             C:\Program Files\dotnet\packs\Microsoft.NETCore.App.Ref\10.0.3\ref/net10.0/System.Configuration.dll
   6:6>ResolveAssemblyReferences:
             C:\Program Files\dotnet\packs\Microsoft.NETCore.App.Ref\10.0.3\ref/net10.0/System.Formats.Tar.dll
                 Private = 'false'
   3:6>ResolveAssemblyReferences:
                 Private = 'false'
   5:6>ResolveAssemblyReferences:
                 Private = 'false'
   3:6>ResolveAssemblyReferences:
             C:\Program Files\dotnet\packs\Microsoft.NETCore.App.Ref\10.0.3\ref/net10.0/System.Console.dll
                 Private = 'false'
   5:6>ResolveAssemblyReferences:
             C:\Program Files\dotnet\packs\Microsoft.NETCore.App.Ref\10.0.3\ref/net10.0/System.ComponentModel.Primitives.dll
   3:6>ResolveAssemblyReferences:
             C:\Program Files\dotnet\packs\Microsoft.NETCore.App.Ref\10.0.3\ref/net10.0/System.Core.dll
   5:6>ResolveAssemblyReferences:
                 Private = 'false'
             C:\Program Files\dotnet\packs\Microsoft.NETCore.App.Ref\10.0.3\ref/net10.0/System.ComponentModel.TypeConverter.dll
   6:6>ResolveAssemblyReferences:
             C:\Program Files\dotnet\packs\Microsoft.NETCore.App.Ref\10.0.3\ref/net10.0/System.Globalization.Calendars.dll
   5:6>ResolveAssemblyReferences:
                 Private = 'false'
   3:6>ResolveAssemblyReferences:
                 Private = 'false'
   5:6>ResolveAssemblyReferences:
             C:\Program Files\dotnet\packs\Microsoft.NETCore.App.Ref\10.0.3\ref/net10.0/System.ComponentModel.dll
   6:6>ResolveAssemblyReferences:
                 Private = 'false'
   5:6>ResolveAssemblyReferences:
                 Private = 'false'
   3:6>ResolveAssemblyReferences:
             C:\Program Files\dotnet\packs\Microsoft.NETCore.App.Ref\10.0.3\ref/net10.0/System.Data.Common.dll
   6:6>ResolveAssemblyReferences:
             C:\Program Files\dotnet\packs\Microsoft.NETCore.App.Ref\10.0.3\ref/net10.0/System.Globalization.Extensions.dll
   3:6>ResolveAssemblyReferences:
                 Private = 'false'
   5:6>ResolveAssemblyReferences:
             C:\Program Files\dotnet\packs\Microsoft.NETCore.App.Ref\10.0.3\ref/net10.0/System.Configuration.dll
   6:6>ResolveAssemblyReferences:
                 Private = 'false'
             C:\Program Files\dotnet\packs\Microsoft.NETCore.App.Ref\10.0.3\ref/net10.0/System.Globalization.dll
   3:6>ResolveAssemblyReferences:
             C:\Program Files\dotnet\packs\Microsoft.NETCore.App.Ref\10.0.3\ref/net10.0/System.Data.DataSetExtensions.dll
   5:6>ResolveAssemblyReferences:
                 Private = 'false'
   3:6>ResolveAssemblyReferences:
                 Private = 'false'
   5:6>ResolveAssemblyReferences:
             C:\Program Files\dotnet\packs\Microsoft.NETCore.App.Ref\10.0.3\ref/net10.0/System.Console.dll
   6:6>ResolveAssemblyReferences:
                 Private = 'false'
   3:6>ResolveAssemblyReferences:
             C:\Program Files\dotnet\packs\Microsoft.NETCore.App.Ref\10.0.3\ref/net10.0/System.Data.dll
   5:6>ResolveAssemblyReferences:
                 Private = 'false'
   3:6>ResolveAssemblyReferences:
                 Private = 'false'
   5:6>ResolveAssemblyReferences:
             C:\Program Files\dotnet\packs\Microsoft.NETCore.App.Ref\10.0.3\ref/net10.0/System.Core.dll
   3:6>ResolveAssemblyReferences:
             C:\Program Files\dotnet\packs\Microsoft.NETCore.App.Ref\10.0.3\ref/net10.0/System.Diagnostics.Contracts.dll
   5:6>ResolveAssemblyReferences:
                 Private = 'false'
   3:6>ResolveAssemblyReferences:
                 Private = 'false'
   5:6>ResolveAssemblyReferences:
             C:\Program Files\dotnet\packs\Microsoft.NETCore.App.Ref\10.0.3\ref/net10.0/System.Data.Common.dll
   3:6>ResolveAssemblyReferences:
             C:\Program Files\dotnet\packs\Microsoft.NETCore.App.Ref\10.0.3\ref/net10.0/System.Diagnostics.Debug.dll
   6:6>ResolveAssemblyReferences:
             C:\Program Files\dotnet\packs\Microsoft.NETCore.App.Ref\10.0.3\ref/net10.0/System.IO.Compression.Brotli.dll
   5:6>ResolveAssemblyReferences:
                 Private = 'false'
   3:6>ResolveAssemblyReferences:
                 Private = 'false'
             C:\Program Files\dotnet\packs\Microsoft.NETCore.App.Ref\10.0.3\ref/net10.0/System.Diagnostics.DiagnosticSource.dll
   6:6>ResolveAssemblyReferences:
                 Private = 'false'
   5:6>ResolveAssemblyReferences:
             C:\Program Files\dotnet\packs\Microsoft.NETCore.App.Ref\10.0.3\ref/net10.0/System.Data.DataSetExtensions.dll
   3:6>ResolveAssemblyReferences:
                 Private = 'false'
   5:6>ResolveAssemblyReferences:
                 Private = 'false'
   6:6>ResolveAssemblyReferences:
             C:\Program Files\dotnet\packs\Microsoft.NETCore.App.Ref\10.0.3\ref/net10.0/System.IO.Compression.FileSystem.dll
   3:6>ResolveAssemblyReferences:
             C:\Program Files\dotnet\packs\Microsoft.NETCore.App.Ref\10.0.3\ref/net10.0/System.Diagnostics.FileVersionInfo.dll
   5:6>ResolveAssemblyReferences:
             C:\Program Files\dotnet\packs\Microsoft.NETCore.App.Ref\10.0.3\ref/net10.0/System.Data.dll
   6:6>ResolveAssemblyReferences:
                 Private = 'false'
   5:6>ResolveAssemblyReferences:
                 Private = 'false'
   3:6>ResolveAssemblyReferences:
                 Private = 'false'
             C:\Program Files\dotnet\packs\Microsoft.NETCore.App.Ref\10.0.3\ref/net10.0/System.Diagnostics.Process.dll
   5:6>ResolveAssemblyReferences:
             C:\Program Files\dotnet\packs\Microsoft.NETCore.App.Ref\10.0.3\ref/net10.0/System.Diagnostics.Contracts.dll
   6:6>ResolveAssemblyReferences:
             C:\Program Files\dotnet\packs\Microsoft.NETCore.App.Ref\10.0.3\ref/net10.0/System.IO.Compression.ZipFile.dll
   3:6>ResolveAssemblyReferences:
                 Private = 'false'
   5:6>ResolveAssemblyReferences:
                 Private = 'false'
   6:6>ResolveAssemblyReferences:
                 Private = 'false'
   3:6>ResolveAssemblyReferences:
             C:\Program Files\dotnet\packs\Microsoft.NETCore.App.Ref\10.0.3\ref/net10.0/System.Diagnostics.StackTrace.dll
   5:6>ResolveAssemblyReferences:
             C:\Program Files\dotnet\packs\Microsoft.NETCore.App.Ref\10.0.3\ref/net10.0/System.Diagnostics.Debug.dll
                 Private = 'false'
   6:6>ResolveAssemblyReferences:
             C:\Program Files\dotnet\packs\Microsoft.NETCore.App.Ref\10.0.3\ref/net10.0/System.IO.Compression.dll
   5:6>ResolveAssemblyReferences:
             C:\Program Files\dotnet\packs\Microsoft.NETCore.App.Ref\10.0.3\ref/net10.0/System.Diagnostics.DiagnosticSource.dll
   6:6>ResolveAssemblyReferences:
                 Private = 'false'
   5:6>ResolveAssemblyReferences:
                 Private = 'false'
             C:\Program Files\dotnet\packs\Microsoft.NETCore.App.Ref\10.0.3\ref/net10.0/System.Diagnostics.FileVersionInfo.dll
   6:6>ResolveAssemblyReferences:
             C:\Program Files\dotnet\packs\Microsoft.NETCore.App.Ref\10.0.3\ref/net10.0/System.IO.FileSystem.AccessControl.dll
                 Private = 'false'
             C:\Program Files\dotnet\packs\Microsoft.NETCore.App.Ref\10.0.3\ref/net10.0/System.IO.FileSystem.DriveInfo.dll
   5:6>ResolveAssemblyReferences:
                 Private = 'false'
   6:6>ResolveAssemblyReferences:
                 Private = 'false'
   5:6>ResolveAssemblyReferences:
             C:\Program Files\dotnet\packs\Microsoft.NETCore.App.Ref\10.0.3\ref/net10.0/System.Diagnostics.Process.dll
   6:6>ResolveAssemblyReferences:
             C:\Program Files\dotnet\packs\Microsoft.NETCore.App.Ref\10.0.3\ref/net10.0/System.IO.FileSystem.Primitives.dll
   5:6>ResolveAssemblyReferences:
                 Private = 'false'
             C:\Program Files\dotnet\packs\Microsoft.NETCore.App.Ref\10.0.3\ref/net10.0/System.Diagnostics.StackTrace.dll
   6:6>ResolveAssemblyReferences:
                 Private = 'false'
   5:6>ResolveAssemblyReferences:
                 Private = 'false'
   6:6>ResolveAssemblyReferences:
             C:\Program Files\dotnet\packs\Microsoft.NETCore.App.Ref\10.0.3\ref/net10.0/System.IO.FileSystem.Watcher.dll
   5:6>ResolveAssemblyReferences:
             C:\Program Files\dotnet\packs\Microsoft.NETCore.App.Ref\10.0.3\ref/net10.0/System.Diagnostics.TextWriterTraceListener.dll
                 Private = 'false'
             C:\Program Files\dotnet\packs\Microsoft.NETCore.App.Ref\10.0.3\ref/net10.0/System.Diagnostics.Tools.dll
                 Private = 'false'
             C:\Program Files\dotnet\packs\Microsoft.NETCore.App.Ref\10.0.3\ref/net10.0/System.Diagnostics.TraceSource.dll
                 Private = 'false'
   6:6>ResolveAssemblyReferences:
                 Private = 'false'
   5:6>ResolveAssemblyReferences:
             C:\Program Files\dotnet\packs\Microsoft.NETCore.App.Ref\10.0.3\ref/net10.0/System.Diagnostics.Tracing.dll
   6:6>ResolveAssemblyReferences:
             C:\Program Files\dotnet\packs\Microsoft.NETCore.App.Ref\10.0.3\ref/net10.0/System.IO.FileSystem.dll
   5:6>ResolveAssemblyReferences:
                 Private = 'false'
             C:\Program Files\dotnet\packs\Microsoft.NETCore.App.Ref\10.0.3\ref/net10.0/System.Drawing.Primitives.dll
   6:6>ResolveAssemblyReferences:
                 Private = 'false'
   5:6>ResolveAssemblyReferences:
                 Private = 'false'
             C:\Program Files\dotnet\packs\Microsoft.NETCore.App.Ref\10.0.3\ref/net10.0/System.Dynamic.Runtime.dll
                 Private = 'false'
   6:6>ResolveAssemblyReferences:
             C:\Program Files\dotnet\packs\Microsoft.NETCore.App.Ref\10.0.3\ref/net10.0/System.IO.IsolatedStorage.dll
   5:6>ResolveAssemblyReferences:
             C:\Program Files\dotnet\packs\Microsoft.NETCore.App.Ref\10.0.3\ref/net10.0/System.Formats.Asn1.dll
                 Private = 'false'
             C:\Program Files\dotnet\packs\Microsoft.NETCore.App.Ref\10.0.3\ref/net10.0/System.Formats.Tar.dll
                 Private = 'false'
   6:6>ResolveAssemblyReferences:
                 Private = 'false'
   5:6>ResolveAssemblyReferences:
             C:\Program Files\dotnet\packs\Microsoft.NETCore.App.Ref\10.0.3\ref/net10.0/System.Globalization.Calendars.dll
   6:6>ResolveAssemblyReferences:
             C:\Program Files\dotnet\packs\Microsoft.NETCore.App.Ref\10.0.3\ref/net10.0/System.IO.MemoryMappedFiles.dll
   5:6>ResolveAssemblyReferences:
                 Private = 'false'
   6:6>ResolveAssemblyReferences:
                 Private = 'false'
             C:\Program Files\dotnet\packs\Microsoft.NETCore.App.Ref\10.0.3\ref/net10.0/System.IO.Pipelines.dll
   5:6>ResolveAssemblyReferences:
             C:\Program Files\dotnet\packs\Microsoft.NETCore.App.Ref\10.0.3\ref/net10.0/System.Globalization.Extensions.dll
                 Private = 'false'
   6:6>ResolveAssemblyReferences:
                 Private = 'false'
   5:6>ResolveAssemblyReferences:
             C:\Program Files\dotnet\packs\Microsoft.NETCore.App.Ref\10.0.3\ref/net10.0/System.Globalization.dll
   6:6>ResolveAssemblyReferences:
             C:\Program Files\dotnet\packs\Microsoft.NETCore.App.Ref\10.0.3\ref/net10.0/System.IO.Pipes.AccessControl.dll
   5:6>ResolveAssemblyReferences:
                 Private = 'false'
   6:6>ResolveAssemblyReferences:
                 Private = 'false'
   5:6>ResolveAssemblyReferences:
             C:\Program Files\dotnet\packs\Microsoft.NETCore.App.Ref\10.0.3\ref/net10.0/System.IO.Compression.Brotli.dll
   6:6>ResolveAssemblyReferences:
             C:\Program Files\dotnet\packs\Microsoft.NETCore.App.Ref\10.0.3\ref/net10.0/System.IO.Pipes.dll
                 Private = 'false'
             C:\Program Files\dotnet\packs\Microsoft.NETCore.App.Ref\10.0.3\ref/net10.0/System.IO.UnmanagedMemoryStream.dll
                 Private = 'false'
             C:\Program Files\dotnet\packs\Microsoft.NETCore.App.Ref\10.0.3\ref/net10.0/System.IO.dll
   5:6>ResolveAssemblyReferences:
                 Private = 'false'
   6:6>ResolveAssemblyReferences:
                 Private = 'false'
             C:\Program Files\dotnet\packs\Microsoft.NETCore.App.Ref\10.0.3\ref/net10.0/System.Linq.AsyncEnumerable.dll
                 Private = 'false'
   5:6>ResolveAssemblyReferences:
             C:\Program Files\dotnet\packs\Microsoft.NETCore.App.Ref\10.0.3\ref/net10.0/System.IO.Compression.FileSystem.dll
                 Private = 'false'
             C:\Program Files\dotnet\packs\Microsoft.NETCore.App.Ref\10.0.3\ref/net10.0/System.IO.Compression.ZipFile.dll
   6:6>ResolveAssemblyReferences:
             C:\Program Files\dotnet\packs\Microsoft.NETCore.App.Ref\10.0.3\ref/net10.0/System.Linq.Expressions.dll
   5:6>ResolveAssemblyReferences:
                 Private = 'false'
   6:6>ResolveAssemblyReferences:
                 Private = 'false'
             C:\Program Files\dotnet\packs\Microsoft.NETCore.App.Ref\10.0.3\ref/net10.0/System.Linq.Parallel.dll
                 Private = 'false'
             C:\Program Files\dotnet\packs\Microsoft.NETCore.App.Ref\10.0.3\ref/net10.0/System.Linq.Queryable.dll
                 Private = 'false'
             C:\Program Files\dotnet\packs\Microsoft.NETCore.App.Ref\10.0.3\ref/net10.0/System.Linq.dll
                 Private = 'false'
             C:\Program Files\dotnet\packs\Microsoft.NETCore.App.Ref\10.0.3\ref/net10.0/System.Memory.dll
                 Private = 'false'
             C:\Program Files\dotnet\packs\Microsoft.NETCore.App.Ref\10.0.3\ref/net10.0/System.Net.Http.Json.dll
   5:6>ResolveAssemblyReferences:
             C:\Program Files\dotnet\packs\Microsoft.NETCore.App.Ref\10.0.3\ref/net10.0/System.IO.Compression.dll
   6:6>ResolveAssemblyReferences:
                 Private = 'false'
             C:\Program Files\dotnet\packs\Microsoft.NETCore.App.Ref\10.0.3\ref/net10.0/System.Net.Http.dll
   5:6>ResolveAssemblyReferences:
                 Private = 'false'
   6:6>ResolveAssemblyReferences:
                 Private = 'false'
   5:6>ResolveAssemblyReferences:
             C:\Program Files\dotnet\packs\Microsoft.NETCore.App.Ref\10.0.3\ref/net10.0/System.IO.FileSystem.AccessControl.dll
                 Private = 'false'
   6:6>ResolveAssemblyReferences:
             C:\Program Files\dotnet\packs\Microsoft.NETCore.App.Ref\10.0.3\ref/net10.0/System.Net.HttpListener.dll
   5:6>ResolveAssemblyReferences:
             C:\Program Files\dotnet\packs\Microsoft.NETCore.App.Ref\10.0.3\ref/net10.0/System.IO.FileSystem.DriveInfo.dll
                 Private = 'false'
             C:\Program Files\dotnet\packs\Microsoft.NETCore.App.Ref\10.0.3\ref/net10.0/System.IO.FileSystem.Primitives.dll
   6:6>ResolveAssemblyReferences:
                 Private = 'false'
   5:6>ResolveAssemblyReferences:
                 Private = 'false'
             C:\Program Files\dotnet\packs\Microsoft.NETCore.App.Ref\10.0.3\ref/net10.0/System.IO.FileSystem.Watcher.dll
   6:6>ResolveAssemblyReferences:
             C:\Program Files\dotnet\packs\Microsoft.NETCore.App.Ref\10.0.3\ref/net10.0/System.Net.Mail.dll
   5:6>ResolveAssemblyReferences:
                 Private = 'false'
   6:6>ResolveAssemblyReferences:
                 Private = 'false'
   5:6>ResolveAssemblyReferences:
             C:\Program Files\dotnet\packs\Microsoft.NETCore.App.Ref\10.0.3\ref/net10.0/System.IO.FileSystem.dll
   6:6>ResolveAssemblyReferences:
             C:\Program Files\dotnet\packs\Microsoft.NETCore.App.Ref\10.0.3\ref/net10.0/System.Net.NameResolution.dll
   5:6>ResolveAssemblyReferences:
                 Private = 'false'
             C:\Program Files\dotnet\packs\Microsoft.NETCore.App.Ref\10.0.3\ref/net10.0/System.IO.IsolatedStorage.dll
   6:6>ResolveAssemblyReferences:
                 Private = 'false'
   5:6>ResolveAssemblyReferences:
                 Private = 'false'
             C:\Program Files\dotnet\packs\Microsoft.NETCore.App.Ref\10.0.3\ref/net10.0/System.IO.MemoryMappedFiles.dll
   6:6>ResolveAssemblyReferences:
             C:\Program Files\dotnet\packs\Microsoft.NETCore.App.Ref\10.0.3\ref/net10.0/System.Net.NetworkInformation.dll
   5:6>ResolveAssemblyReferences:
                 Private = 'false'
             C:\Program Files\dotnet\packs\Microsoft.NETCore.App.Ref\10.0.3\ref/net10.0/System.IO.Pipelines.dll
                 Private = 'false'
             C:\Program Files\dotnet\packs\Microsoft.NETCore.App.Ref\10.0.3\ref/net10.0/System.IO.Pipes.AccessControl.dll
   6:6>ResolveAssemblyReferences:
                 Private = 'false'
   5:6>ResolveAssemblyReferences:
                 Private = 'false'
             C:\Program Files\dotnet\packs\Microsoft.NETCore.App.Ref\10.0.3\ref/net10.0/System.IO.Pipes.dll
   6:6>ResolveAssemblyReferences:
             C:\Program Files\dotnet\packs\Microsoft.NETCore.App.Ref\10.0.3\ref/net10.0/System.Net.Ping.dll
   5:6>ResolveAssemblyReferences:
                 Private = 'false'
   6:6>ResolveAssemblyReferences:
                 Private = 'false'
   5:6>ResolveAssemblyReferences:
             C:\Program Files\dotnet\packs\Microsoft.NETCore.App.Ref\10.0.3\ref/net10.0/System.IO.UnmanagedMemoryStream.dll
                 Private = 'false'
             C:\Program Files\dotnet\packs\Microsoft.NETCore.App.Ref\10.0.3\ref/net10.0/System.IO.dll
   6:6>ResolveAssemblyReferences:
             C:\Program Files\dotnet\packs\Microsoft.NETCore.App.Ref\10.0.3\ref/net10.0/System.Net.Primitives.dll
   5:6>ResolveAssemblyReferences:
                 Private = 'false'
             C:\Program Files\dotnet\packs\Microsoft.NETCore.App.Ref\10.0.3\ref/net10.0/System.Linq.AsyncEnumerable.dll
   6:6>ResolveAssemblyReferences:
                 Private = 'false'
   5:6>ResolveAssemblyReferences:
                 Private = 'false'
             C:\Program Files\dotnet\packs\Microsoft.NETCore.App.Ref\10.0.3\ref/net10.0/System.Linq.Expressions.dll
                 Private = 'false'
             C:\Program Files\dotnet\packs\Microsoft.NETCore.App.Ref\10.0.3\ref/net10.0/System.Linq.Parallel.dll
                 Private = 'false'
             C:\Program Files\dotnet\packs\Microsoft.NETCore.App.Ref\10.0.3\ref/net10.0/System.Linq.Queryable.dll
                 Private = 'false'
             C:\Program Files\dotnet\packs\Microsoft.NETCore.App.Ref\10.0.3\ref/net10.0/System.Linq.dll
                 Private = 'false'
   6:6>ResolveAssemblyReferences:
             C:\Program Files\dotnet\packs\Microsoft.NETCore.App.Ref\10.0.3\ref/net10.0/System.Net.Quic.dll
   5:6>ResolveAssemblyReferences:
             C:\Program Files\dotnet\packs\Microsoft.NETCore.App.Ref\10.0.3\ref/net10.0/System.Memory.dll
   6:6>ResolveAssemblyReferences:
                 Private = 'false'
   5:6>ResolveAssemblyReferences:
                 Private = 'false'
   6:6>ResolveAssemblyReferences:
             C:\Program Files\dotnet\packs\Microsoft.NETCore.App.Ref\10.0.3\ref/net10.0/System.Net.Requests.dll
   5:6>ResolveAssemblyReferences:
             C:\Program Files\dotnet\packs\Microsoft.NETCore.App.Ref\10.0.3\ref/net10.0/System.Net.Http.Json.dll
   6:6>ResolveAssemblyReferences:
                 Private = 'false'
             C:\Program Files\dotnet\packs\Microsoft.NETCore.App.Ref\10.0.3\ref/net10.0/System.Net.Security.dll
   5:6>ResolveAssemblyReferences:
                 Private = 'false'
             C:\Program Files\dotnet\packs\Microsoft.NETCore.App.Ref\10.0.3\ref/net10.0/System.Net.Http.dll
   6:6>ResolveAssemblyReferences:
                 Private = 'false'
   5:6>ResolveAssemblyReferences:
                 Private = 'false'
   6:6>ResolveAssemblyReferences:
             C:\Program Files\dotnet\packs\Microsoft.NETCore.App.Ref\10.0.3\ref/net10.0/System.Net.ServerSentEvents.dll
   5:6>ResolveAssemblyReferences:
             C:\Program Files\dotnet\packs\Microsoft.NETCore.App.Ref\10.0.3\ref/net10.0/System.Net.HttpListener.dll
   6:6>ResolveAssemblyReferences:
                 Private = 'false'
   5:6>ResolveAssemblyReferences:
                 Private = 'false'
   6:6>ResolveAssemblyReferences:
             C:\Program Files\dotnet\packs\Microsoft.NETCore.App.Ref\10.0.3\ref/net10.0/System.Net.ServicePoint.dll
   5:6>ResolveAssemblyReferences:
             C:\Program Files\dotnet\packs\Microsoft.NETCore.App.Ref\10.0.3\ref/net10.0/System.Net.Mail.dll
   6:6>ResolveAssemblyReferences:
                 Private = 'false'
   5:6>ResolveAssemblyReferences:
                 Private = 'false'
   6:6>ResolveAssemblyReferences:
             C:\Program Files\dotnet\packs\Microsoft.NETCore.App.Ref\10.0.3\ref/net10.0/System.Net.Sockets.dll
   5:6>ResolveAssemblyReferences:
             C:\Program Files\dotnet\packs\Microsoft.NETCore.App.Ref\10.0.3\ref/net10.0/System.Net.NameResolution.dll
                 Private = 'false'
   6:6>ResolveAssemblyReferences:
                 Private = 'false'
   5:6>ResolveAssemblyReferences:
             C:\Program Files\dotnet\packs\Microsoft.NETCore.App.Ref\10.0.3\ref/net10.0/System.Net.NetworkInformation.dll
   6:6>ResolveAssemblyReferences:
             C:\Program Files\dotnet\packs\Microsoft.NETCore.App.Ref\10.0.3\ref/net10.0/System.Net.WebClient.dll
   5:6>ResolveAssemblyReferences:
                 Private = 'false'
   6:6>ResolveAssemblyReferences:
                 Private = 'false'
   5:6>ResolveAssemblyReferences:
             C:\Program Files\dotnet\packs\Microsoft.NETCore.App.Ref\10.0.3\ref/net10.0/System.Net.Ping.dll
   6:6>ResolveAssemblyReferences:
             C:\Program Files\dotnet\packs\Microsoft.NETCore.App.Ref\10.0.3\ref/net10.0/System.Net.WebHeaderCollection.dll
   5:6>ResolveAssemblyReferences:
                 Private = 'false'
   6:6>ResolveAssemblyReferences:
                 Private = 'false'
   5:6>ResolveAssemblyReferences:
             C:\Program Files\dotnet\packs\Microsoft.NETCore.App.Ref\10.0.3\ref/net10.0/System.Net.Primitives.dll
   6:6>ResolveAssemblyReferences:
             C:\Program Files\dotnet\packs\Microsoft.NETCore.App.Ref\10.0.3\ref/net10.0/System.Net.WebProxy.dll
                 Private = 'false'
   5:6>ResolveAssemblyReferences:
                 Private = 'false'
   6:6>ResolveAssemblyReferences:
             C:\Program Files\dotnet\packs\Microsoft.NETCore.App.Ref\10.0.3\ref/net10.0/System.Net.WebSockets.Client.dll
   5:6>ResolveAssemblyReferences:
             C:\Program Files\dotnet\packs\Microsoft.NETCore.App.Ref\10.0.3\ref/net10.0/System.Net.Quic.dll
   6:6>ResolveAssemblyReferences:
                 Private = 'false'
   5:6>ResolveAssemblyReferences:
                 Private = 'false'
   6:6>ResolveAssemblyReferences:
             C:\Program Files\dotnet\packs\Microsoft.NETCore.App.Ref\10.0.3\ref/net10.0/System.Net.WebSockets.dll
   5:6>ResolveAssemblyReferences:
             C:\Program Files\dotnet\packs\Microsoft.NETCore.App.Ref\10.0.3\ref/net10.0/System.Net.Requests.dll
   6:6>ResolveAssemblyReferences:
                 Private = 'false'
   5:6>ResolveAssemblyReferences:
                 Private = 'false'
   6:6>ResolveAssemblyReferences:
             C:\Program Files\dotnet\packs\Microsoft.NETCore.App.Ref\10.0.3\ref/net10.0/System.Net.dll
   5:6>ResolveAssemblyReferences:
             C:\Program Files\dotnet\packs\Microsoft.NETCore.App.Ref\10.0.3\ref/net10.0/System.Net.Security.dll
                 Private = 'false'
   6:6>ResolveAssemblyReferences:
                 Private = 'false'
   5:6>ResolveAssemblyReferences:
             C:\Program Files\dotnet\packs\Microsoft.NETCore.App.Ref\10.0.3\ref/net10.0/System.Net.ServerSentEvents.dll
   6:6>ResolveAssemblyReferences:
             C:\Program Files\dotnet\packs\Microsoft.NETCore.App.Ref\10.0.3\ref/net10.0/System.Numerics.Vectors.dll
                 Private = 'false'
   5:6>ResolveAssemblyReferences:
                 Private = 'false'
   6:6>ResolveAssemblyReferences:
             C:\Program Files\dotnet\packs\Microsoft.NETCore.App.Ref\10.0.3\ref/net10.0/System.Numerics.dll
   5:6>ResolveAssemblyReferences:
             C:\Program Files\dotnet\packs\Microsoft.NETCore.App.Ref\10.0.3\ref/net10.0/System.Net.ServicePoint.dll
                 Private = 'false'
   6:6>ResolveAssemblyReferences:
                 Private = 'false'
   5:6>ResolveAssemblyReferences:
             C:\Program Files\dotnet\packs\Microsoft.NETCore.App.Ref\10.0.3\ref/net10.0/System.Net.Sockets.dll
   6:6>ResolveAssemblyReferences:
             C:\Program Files\dotnet\packs\Microsoft.NETCore.App.Ref\10.0.3\ref/net10.0/System.ObjectModel.dll
   3:6>ResolveAssemblyReferences:
                 Private = 'false'
   5:6>ResolveAssemblyReferences:
                 Private = 'false'
   6:6>ResolveAssemblyReferences:
                 Private = 'false'
             C:\Program Files\dotnet\packs\Microsoft.NETCore.App.Ref\10.0.3\ref/net10.0/System.Reflection.DispatchProxy.dll
   5:6>ResolveAssemblyReferences:
             C:\Program Files\dotnet\packs\Microsoft.NETCore.App.Ref\10.0.3\ref/net10.0/System.Net.WebClient.dll
   3:6>ResolveAssemblyReferences:
             C:\Program Files\dotnet\packs\Microsoft.NETCore.App.Ref\10.0.3\ref/net10.0/System.Diagnostics.TextWriterTraceListener.dll
   5:6>ResolveAssemblyReferences:
                 Private = 'false'
   6:6>ResolveAssemblyReferences:
                 Private = 'false'
   5:6>ResolveAssemblyReferences:
             C:\Program Files\dotnet\packs\Microsoft.NETCore.App.Ref\10.0.3\ref/net10.0/System.Net.WebHeaderCollection.dll
   3:6>ResolveAssemblyReferences:
                 Private = 'false'
   6:6>ResolveAssemblyReferences:
             C:\Program Files\dotnet\packs\Microsoft.NETCore.App.Ref\10.0.3\ref/net10.0/System.Reflection.Emit.ILGeneration.dll
   5:6>ResolveAssemblyReferences:
                 Private = 'false'
   6:6>ResolveAssemblyReferences:
                 Private = 'false'
   5:6>ResolveAssemblyReferences:
             C:\Program Files\dotnet\packs\Microsoft.NETCore.App.Ref\10.0.3\ref/net10.0/System.Net.WebProxy.dll
   3:6>ResolveAssemblyReferences:
             C:\Program Files\dotnet\packs\Microsoft.NETCore.App.Ref\10.0.3\ref/net10.0/System.Diagnostics.Tools.dll
   5:6>ResolveAssemblyReferences:
                 Private = 'false'
   6:6>ResolveAssemblyReferences:
             C:\Program Files\dotnet\packs\Microsoft.NETCore.App.Ref\10.0.3\ref/net10.0/System.Reflection.Emit.Lightweight.dll
   3:6>ResolveAssemblyReferences:
                 Private = 'false'
   5:6>ResolveAssemblyReferences:
             C:\Program Files\dotnet\packs\Microsoft.NETCore.App.Ref\10.0.3\ref/net10.0/System.Net.WebSockets.Client.dll
   3:6>ResolveAssemblyReferences:
             C:\Program Files\dotnet\packs\Microsoft.NETCore.App.Ref\10.0.3\ref/net10.0/System.Diagnostics.TraceSource.dll
   5:6>ResolveAssemblyReferences:
                 Private = 'false'
   6:6>ResolveAssemblyReferences:
                 Private = 'false'
   3:6>ResolveAssemblyReferences:
                 Private = 'false'
   5:6>ResolveAssemblyReferences:
             C:\Program Files\dotnet\packs\Microsoft.NETCore.App.Ref\10.0.3\ref/net10.0/System.Net.WebSockets.dll
   3:6>ResolveAssemblyReferences:
             C:\Program Files\dotnet\packs\Microsoft.NETCore.App.Ref\10.0.3\ref/net10.0/System.Diagnostics.Tracing.dll
   5:6>ResolveAssemblyReferences:
                 Private = 'false'
   6:6>ResolveAssemblyReferences:
             C:\Program Files\dotnet\packs\Microsoft.NETCore.App.Ref\10.0.3\ref/net10.0/System.Reflection.Emit.dll
                 Private = 'false'
   3:6>ResolveAssemblyReferences:
                 Private = 'false'
   5:6>ResolveAssemblyReferences:
             C:\Program Files\dotnet\packs\Microsoft.NETCore.App.Ref\10.0.3\ref/net10.0/System.Net.dll
   6:6>ResolveAssemblyReferences:
             C:\Program Files\dotnet\packs\Microsoft.NETCore.App.Ref\10.0.3\ref/net10.0/System.Reflection.Extensions.dll
   3:6>ResolveAssemblyReferences:
             C:\Program Files\dotnet\packs\Microsoft.NETCore.App.Ref\10.0.3\ref/net10.0/System.Drawing.Primitives.dll
   5:6>ResolveAssemblyReferences:
                 Private = 'false'
   6:6>ResolveAssemblyReferences:
                 Private = 'false'
   5:6>ResolveAssemblyReferences:
             C:\Program Files\dotnet\packs\Microsoft.NETCore.App.Ref\10.0.3\ref/net10.0/System.Numerics.Vectors.dll
   3:6>ResolveAssemblyReferences:
                 Private = 'false'
             C:\Program Files\dotnet\packs\Microsoft.NETCore.App.Ref\10.0.3\ref/net10.0/System.Drawing.dll
   5:6>ResolveAssemblyReferences:
                 Private = 'false'
   6:6>ResolveAssemblyReferences:
             C:\Program Files\dotnet\packs\Microsoft.NETCore.App.Ref\10.0.3\ref/net10.0/System.Reflection.Metadata.dll
   3:6>ResolveAssemblyReferences:
                 Private = 'false'
   5:6>ResolveAssemblyReferences:
             C:\Program Files\dotnet\packs\Microsoft.NETCore.App.Ref\10.0.3\ref/net10.0/System.Numerics.dll
   6:6>ResolveAssemblyReferences:
                 Private = 'false'
   5:6>ResolveAssemblyReferences:
                 Private = 'false'
   6:6>ResolveAssemblyReferences:
             C:\Program Files\dotnet\packs\Microsoft.NETCore.App.Ref\10.0.3\ref/net10.0/System.Reflection.Primitives.dll
   3:6>ResolveAssemblyReferences:
             C:\Program Files\dotnet\packs\Microsoft.NETCore.App.Ref\10.0.3\ref/net10.0/System.Dynamic.Runtime.dll
   6:6>ResolveAssemblyReferences:
                 Private = 'false'
   5:6>ResolveAssemblyReferences:
             C:\Program Files\dotnet\packs\Microsoft.NETCore.App.Ref\10.0.3\ref/net10.0/System.ObjectModel.dll
   3:6>ResolveAssemblyReferences:
                 Private = 'false'
   5:6>ResolveAssemblyReferences:
                 Private = 'false'
   6:6>ResolveAssemblyReferences:
             C:\Program Files\dotnet\packs\Microsoft.NETCore.App.Ref\10.0.3\ref/net10.0/System.Reflection.TypeExtensions.dll
   3:6>ResolveAssemblyReferences:
             C:\Program Files\dotnet\packs\Microsoft.NETCore.App.Ref\10.0.3\ref/net10.0/System.Formats.Asn1.dll
   6:6>ResolveAssemblyReferences:
                 Private = 'false'
   5:6>ResolveAssemblyReferences:
             C:\Program Files\dotnet\packs\Microsoft.NETCore.App.Ref\10.0.3\ref/net10.0/System.Reflection.DispatchProxy.dll
   3:6>ResolveAssemblyReferences:
                 Private = 'false'
             C:\Program Files\dotnet\packs\Microsoft.NETCore.App.Ref\10.0.3\ref/net10.0/System.Formats.Tar.dll
   6:6>ResolveAssemblyReferences:
             C:\Program Files\dotnet\packs\Microsoft.NETCore.App.Ref\10.0.3\ref/net10.0/System.Reflection.dll
   5:6>ResolveAssemblyReferences:
                 Private = 'false'
   6:6>ResolveAssemblyReferences:
                 Private = 'false'
   3:6>ResolveAssemblyReferences:
                 Private = 'false'
   5:6>ResolveAssemblyReferences:
             C:\Program Files\dotnet\packs\Microsoft.NETCore.App.Ref\10.0.3\ref/net10.0/System.Reflection.Emit.ILGeneration.dll
   6:6>ResolveAssemblyReferences:
             C:\Program Files\dotnet\packs\Microsoft.NETCore.App.Ref\10.0.3\ref/net10.0/System.Resources.Reader.dll
   3:6>ResolveAssemblyReferences:
             C:\Program Files\dotnet\packs\Microsoft.NETCore.App.Ref\10.0.3\ref/net10.0/System.Globalization.Calendars.dll
   5:6>ResolveAssemblyReferences:
                 Private = 'false'
   6:6>ResolveAssemblyReferences:
                 Private = 'false'
   3:6>ResolveAssemblyReferences:
                 Private = 'false'
   5:6>ResolveAssemblyReferences:
             C:\Program Files\dotnet\packs\Microsoft.NETCore.App.Ref\10.0.3\ref/net10.0/System.Reflection.Emit.Lightweight.dll
   3:6>ResolveAssemblyReferences:
             C:\Program Files\dotnet\packs\Microsoft.NETCore.App.Ref\10.0.3\ref/net10.0/System.Globalization.Extensions.dll
   5:6>ResolveAssemblyReferences:
                 Private = 'false'
   3:6>ResolveAssemblyReferences:
                 Private = 'false'
   5:6>ResolveAssemblyReferences:
             C:\Program Files\dotnet\packs\Microsoft.NETCore.App.Ref\10.0.3\ref/net10.0/System.Reflection.Emit.dll
   6:6>ResolveAssemblyReferences:
             C:\Program Files\dotnet\packs\Microsoft.NETCore.App.Ref\10.0.3\ref/net10.0/System.Resources.ResourceManager.dll
   5:6>ResolveAssemblyReferences:
                 Private = 'false'
   3:6>ResolveAssemblyReferences:
             C:\Program Files\dotnet\packs\Microsoft.NETCore.App.Ref\10.0.3\ref/net10.0/System.Globalization.dll
   5:6>ResolveAssemblyReferences:
             C:\Program Files\dotnet\packs\Microsoft.NETCore.App.Ref\10.0.3\ref/net10.0/System.Reflection.Extensions.dll
   3:6>ResolveAssemblyReferences:
                 Private = 'false'
             C:\Program Files\dotnet\packs\Microsoft.NETCore.App.Ref\10.0.3\ref/net10.0/System.IO.Compression.Brotli.dll
   5:6>ResolveAssemblyReferences:
                 Private = 'false'
   3:6>ResolveAssemblyReferences:
                 Private = 'false'
   5:6>ResolveAssemblyReferences:
             C:\Program Files\dotnet\packs\Microsoft.NETCore.App.Ref\10.0.3\ref/net10.0/System.Reflection.Metadata.dll
                 Private = 'false'
             C:\Program Files\dotnet\packs\Microsoft.NETCore.App.Ref\10.0.3\ref/net10.0/System.Reflection.Primitives.dll
   3:6>ResolveAssemblyReferences:
             C:\Program Files\dotnet\packs\Microsoft.NETCore.App.Ref\10.0.3\ref/net10.0/System.IO.Compression.FileSystem.dll
   6:6>ResolveAssemblyReferences:
                 Private = 'false'
   3:6>ResolveAssemblyReferences:
                 Private = 'false'
   5:6>ResolveAssemblyReferences:
                 Private = 'false'
             C:\Program Files\dotnet\packs\Microsoft.NETCore.App.Ref\10.0.3\ref/net10.0/System.Reflection.TypeExtensions.dll
   3:6>ResolveAssemblyReferences:
             C:\Program Files\dotnet\packs\Microsoft.NETCore.App.Ref\10.0.3\ref/net10.0/System.IO.Compression.ZipFile.dll
   5:6>ResolveAssemblyReferences:
                 Private = 'false'
   3:6>ResolveAssemblyReferences:
                 Private = 'false'
   5:6>ResolveAssemblyReferences:
             C:\Program Files\dotnet\packs\Microsoft.NETCore.App.Ref\10.0.3\ref/net10.0/System.Reflection.dll
   6:6>ResolveAssemblyReferences:
             C:\Program Files\dotnet\packs\Microsoft.NETCore.App.Ref\10.0.3\ref/net10.0/System.Resources.Writer.dll
   3:6>ResolveAssemblyReferences:
             C:\Program Files\dotnet\packs\Microsoft.NETCore.App.Ref\10.0.3\ref/net10.0/System.IO.Compression.dll
   5:6>ResolveAssemblyReferences:
                 Private = 'false'
   3:6>ResolveAssemblyReferences:
                 Private = 'false'
             C:\Program Files\dotnet\packs\Microsoft.NETCore.App.Ref\10.0.3\ref/net10.0/System.IO.FileSystem.AccessControl.dll
   5:6>ResolveAssemblyReferences:
             C:\Program Files\dotnet\packs\Microsoft.NETCore.App.Ref\10.0.3\ref/net10.0/System.Resources.Reader.dll
   6:6>ResolveAssemblyReferences:
                 Private = 'false'
   5:6>ResolveAssemblyReferences:
                 Private = 'false'
   3:6>ResolveAssemblyReferences:
                 Private = 'false'
   6:6>ResolveAssemblyReferences:
             C:\Program Files\dotnet\packs\Microsoft.NETCore.App.Ref\10.0.3\ref/net10.0/System.Runtime.CompilerServices.Unsafe.dll
   5:6>ResolveAssemblyReferences:
             C:\Program Files\dotnet\packs\Microsoft.NETCore.App.Ref\10.0.3\ref/net10.0/System.Resources.ResourceManager.dll
   3:6>ResolveAssemblyReferences:
             C:\Program Files\dotnet\packs\Microsoft.NETCore.App.Ref\10.0.3\ref/net10.0/System.IO.FileSystem.DriveInfo.dll
   5:6>ResolveAssemblyReferences:
                 Private = 'false'
   3:6>ResolveAssemblyReferences:
                 Private = 'false'
             C:\Program Files\dotnet\packs\Microsoft.NETCore.App.Ref\10.0.3\ref/net10.0/System.IO.FileSystem.Primitives.dll
   5:6>ResolveAssemblyReferences:
             C:\Program Files\dotnet\packs\Microsoft.NETCore.App.Ref\10.0.3\ref/net10.0/System.Resources.Writer.dll
   6:6>ResolveAssemblyReferences:
                 Private = 'false'
             C:\Program Files\dotnet\packs\Microsoft.NETCore.App.Ref\10.0.3\ref/net10.0/System.Runtime.CompilerServices.VisualC.dll
   3:6>ResolveAssemblyReferences:
                 Private = 'false'
   5:6>ResolveAssemblyReferences:
                 Private = 'false'
             C:\Program Files\dotnet\packs\Microsoft.NETCore.App.Ref\10.0.3\ref/net10.0/System.Runtime.CompilerServices.Unsafe.dll
   6:6>ResolveAssemblyReferences:
                 Private = 'false'
   3:6>ResolveAssemblyReferences:
             C:\Program Files\dotnet\packs\Microsoft.NETCore.App.Ref\10.0.3\ref/net10.0/System.IO.FileSystem.Watcher.dll
   5:6>ResolveAssemblyReferences:
                 Private = 'false'
   3:6>ResolveAssemblyReferences:
                 Private = 'false'
   6:6>ResolveAssemblyReferences:
             C:\Program Files\dotnet\packs\Microsoft.NETCore.App.Ref\10.0.3\ref/net10.0/System.Runtime.Extensions.dll
   5:6>ResolveAssemblyReferences:
             C:\Program Files\dotnet\packs\Microsoft.NETCore.App.Ref\10.0.3\ref/net10.0/System.Runtime.CompilerServices.VisualC.dll
   6:6>ResolveAssemblyReferences:
                 Private = 'false'
   3:6>ResolveAssemblyReferences:
             C:\Program Files\dotnet\packs\Microsoft.NETCore.App.Ref\10.0.3\ref/net10.0/System.IO.FileSystem.dll
   6:6>ResolveAssemblyReferences:
             C:\Program Files\dotnet\packs\Microsoft.NETCore.App.Ref\10.0.3\ref/net10.0/System.Runtime.Handles.dll
   5:6>ResolveAssemblyReferences:
                 Private = 'false'
             C:\Program Files\dotnet\packs\Microsoft.NETCore.App.Ref\10.0.3\ref/net10.0/System.Runtime.Extensions.dll
                 Private = 'false'
   3:6>ResolveAssemblyReferences:
                 Private = 'false'
   5:6>ResolveAssemblyReferences:
             C:\Program Files\dotnet\packs\Microsoft.NETCore.App.Ref\10.0.3\ref/net10.0/System.Runtime.Handles.dll
                 Private = 'false'
   3:6>ResolveAssemblyReferences:
             C:\Program Files\dotnet\packs\Microsoft.NETCore.App.Ref\10.0.3\ref/net10.0/System.IO.IsolatedStorage.dll
   6:6>ResolveAssemblyReferences:
                 Private = 'false'
   3:6>ResolveAssemblyReferences:
                 Private = 'false'
   5:6>ResolveAssemblyReferences:
             C:\Program Files\dotnet\packs\Microsoft.NETCore.App.Ref\10.0.3\ref/net10.0/System.Runtime.InteropServices.JavaScript.dll
   3:6>ResolveAssemblyReferences:
             C:\Program Files\dotnet\packs\Microsoft.NETCore.App.Ref\10.0.3\ref/net10.0/System.IO.MemoryMappedFiles.dll
   5:6>ResolveAssemblyReferences:
                 Private = 'false'
   6:6>ResolveAssemblyReferences:
             C:\Program Files\dotnet\packs\Microsoft.NETCore.App.Ref\10.0.3\ref/net10.0/System.Runtime.InteropServices.JavaScript.dll
   3:6>ResolveAssemblyReferences:
                 Private = 'false'
   5:6>ResolveAssemblyReferences:
             C:\Program Files\dotnet\packs\Microsoft.NETCore.App.Ref\10.0.3\ref/net10.0/System.Runtime.InteropServices.RuntimeInformation.dll
   3:6>ResolveAssemblyReferences:
             C:\Program Files\dotnet\packs\Microsoft.NETCore.App.Ref\10.0.3\ref/net10.0/System.IO.Pipelines.dll
   5:6>ResolveAssemblyReferences:
                 Private = 'false'
   3:6>ResolveAssemblyReferences:
                 Private = 'false'
   6:6>ResolveAssemblyReferences:
                 Private = 'false'
   5:6>ResolveAssemblyReferences:
             C:\Program Files\dotnet\packs\Microsoft.NETCore.App.Ref\10.0.3\ref/net10.0/System.Runtime.InteropServices.dll
   3:6>ResolveAssemblyReferences:
             C:\Program Files\dotnet\packs\Microsoft.NETCore.App.Ref\10.0.3\ref/net10.0/System.IO.Pipes.AccessControl.dll
   6:6>ResolveAssemblyReferences:
             C:\Program Files\dotnet\packs\Microsoft.NETCore.App.Ref\10.0.3\ref/net10.0/System.Runtime.InteropServices.RuntimeInformation.dll
   3:6>ResolveAssemblyReferences:
                 Private = 'false'
             C:\Program Files\dotnet\packs\Microsoft.NETCore.App.Ref\10.0.3\ref/net10.0/System.IO.Pipes.dll
   6:6>ResolveAssemblyReferences:
                 Private = 'false'
   5:6>ResolveAssemblyReferences:
                 Private = 'false'
   3:6>ResolveAssemblyReferences:
                 Private = 'false'
   6:6>ResolveAssemblyReferences:
             C:\Program Files\dotnet\packs\Microsoft.NETCore.App.Ref\10.0.3\ref/net10.0/System.Runtime.InteropServices.dll
                 Private = 'false'
   3:6>ResolveAssemblyReferences:
             C:\Program Files\dotnet\packs\Microsoft.NETCore.App.Ref\10.0.3\ref/net10.0/System.IO.UnmanagedMemoryStream.dll
   5:6>ResolveAssemblyReferences:
             C:\Program Files\dotnet\packs\Microsoft.NETCore.App.Ref\10.0.3\ref/net10.0/System.Runtime.Intrinsics.dll
   3:6>ResolveAssemblyReferences:
                 Private = 'false'
   6:6>ResolveAssemblyReferences:
             C:\Program Files\dotnet\packs\Microsoft.NETCore.App.Ref\10.0.3\ref/net10.0/System.Runtime.Intrinsics.dll
   3:6>ResolveAssemblyReferences:
             C:\Program Files\dotnet\packs\Microsoft.NETCore.App.Ref\10.0.3\ref/net10.0/System.IO.dll
   5:6>ResolveAssemblyReferences:
                 Private = 'false'
   3:6>ResolveAssemblyReferences:
                 Private = 'false'
   5:6>ResolveAssemblyReferences:
             C:\Program Files\dotnet\packs\Microsoft.NETCore.App.Ref\10.0.3\ref/net10.0/System.Runtime.Loader.dll
   6:6>ResolveAssemblyReferences:
                 Private = 'false'
   3:6>ResolveAssemblyReferences:
             C:\Program Files\dotnet\packs\Microsoft.NETCore.App.Ref\10.0.3\ref/net10.0/System.Linq.AsyncEnumerable.dll
   5:6>ResolveAssemblyReferences:
                 Private = 'false'
   3:6>ResolveAssemblyReferences:
                 Private = 'false'
             C:\Program Files\dotnet\packs\Microsoft.NETCore.App.Ref\10.0.3\ref/net10.0/System.Linq.Expressions.dll
   6:6>ResolveAssemblyReferences:
             C:\Program Files\dotnet\packs\Microsoft.NETCore.App.Ref\10.0.3\ref/net10.0/System.Runtime.Loader.dll
   5:6>ResolveAssemblyReferences:
             C:\Program Files\dotnet\packs\Microsoft.NETCore.App.Ref\10.0.3\ref/net10.0/System.Runtime.Numerics.dll
                 Private = 'false'
   6:6>ResolveAssemblyReferences:
                 Private = 'false'
   3:6>ResolveAssemblyReferences:
                 Private = 'false'
   5:6>ResolveAssemblyReferences:
             C:\Program Files\dotnet\packs\Microsoft.NETCore.App.Ref\10.0.3\ref/net10.0/System.Runtime.Serialization.Formatters.dll
   3:6>ResolveAssemblyReferences:
             C:\Program Files\dotnet\packs\Microsoft.NETCore.App.Ref\10.0.3\ref/net10.0/System.Linq.Parallel.dll
   6:6>ResolveAssemblyReferences:
             C:\Program Files\dotnet\packs\Microsoft.NETCore.App.Ref\10.0.3\ref/net10.0/System.Runtime.Numerics.dll
                 Private = 'false'
   3:6>ResolveAssemblyReferences:
                 Private = 'false'
   5:6>ResolveAssemblyReferences:
                 Private = 'false'
   6:6>ResolveAssemblyReferences:
             C:\Program Files\dotnet\packs\Microsoft.NETCore.App.Ref\10.0.3\ref/net10.0/System.Runtime.Serialization.Formatters.dll
   3:6>ResolveAssemblyReferences:
             C:\Program Files\dotnet\packs\Microsoft.NETCore.App.Ref\10.0.3\ref/net10.0/System.Linq.Queryable.dll
   5:6>ResolveAssemblyReferences:
             C:\Program Files\dotnet\packs\Microsoft.NETCore.App.Ref\10.0.3\ref/net10.0/System.Runtime.Serialization.Json.dll
   6:6>ResolveAssemblyReferences:
                 Private = 'false'
   5:6>ResolveAssemblyReferences:
                 Private = 'false'
   3:6>ResolveAssemblyReferences:
                 Private = 'false'
   6:6>ResolveAssemblyReferences:
             C:\Program Files\dotnet\packs\Microsoft.NETCore.App.Ref\10.0.3\ref/net10.0/System.Runtime.Serialization.Json.dll
   3:6>ResolveAssemblyReferences:
             C:\Program Files\dotnet\packs\Microsoft.NETCore.App.Ref\10.0.3\ref/net10.0/System.Linq.dll
   5:6>ResolveAssemblyReferences:
             C:\Program Files\dotnet\packs\Microsoft.NETCore.App.Ref\10.0.3\ref/net10.0/System.Runtime.Serialization.Primitives.dll
                 Private = 'false'
   3:6>ResolveAssemblyReferences:
                 Private = 'false'
   6:6>ResolveAssemblyReferences:
                 Private = 'false'
             C:\Program Files\dotnet\packs\Microsoft.NETCore.App.Ref\10.0.3\ref/net10.0/System.Runtime.Serialization.Primitives.dll
   3:6>ResolveAssemblyReferences:
             C:\Program Files\dotnet\packs\Microsoft.NETCore.App.Ref\10.0.3\ref/net10.0/System.Memory.dll
   6:6>ResolveAssemblyReferences:
                 Private = 'false'
   3:6>ResolveAssemblyReferences:
                 Private = 'false'
   5:6>ResolveAssemblyReferences:
             C:\Program Files\dotnet\packs\Microsoft.NETCore.App.Ref\10.0.3\ref/net10.0/System.Runtime.Serialization.Xml.dll
   6:6>ResolveAssemblyReferences:
             C:\Program Files\dotnet\packs\Microsoft.NETCore.App.Ref\10.0.3\ref/net10.0/System.Runtime.Serialization.Xml.dll
   3:6>ResolveAssemblyReferences:
             C:\Program Files\dotnet\packs\Microsoft.NETCore.App.Ref\10.0.3\ref/net10.0/System.Net.Http.Json.dll
   5:6>ResolveAssemblyReferences:
                 Private = 'false'
   6:6>ResolveAssemblyReferences:
                 Private = 'false'
   5:6>ResolveAssemblyReferences:
             C:\Program Files\dotnet\packs\Microsoft.NETCore.App.Ref\10.0.3\ref/net10.0/System.Runtime.Serialization.dll
   3:6>ResolveAssemblyReferences:
                 Private = 'false'
             C:\Program Files\dotnet\packs\Microsoft.NETCore.App.Ref\10.0.3\ref/net10.0/System.Net.Http.dll
   5:6>ResolveAssemblyReferences:
                 Private = 'false'
   6:6>ResolveAssemblyReferences:
             C:\Program Files\dotnet\packs\Microsoft.NETCore.App.Ref\10.0.3\ref/net10.0/System.Runtime.Serialization.dll
   3:6>ResolveAssemblyReferences:
                 Private = 'false'
   5:6>ResolveAssemblyReferences:
             C:\Program Files\dotnet\packs\Microsoft.NETCore.App.Ref\10.0.3\ref/net10.0/System.Runtime.dll
   6:6>ResolveAssemblyReferences:
                 Private = 'false'
   3:6>ResolveAssemblyReferences:
             C:\Program Files\dotnet\packs\Microsoft.NETCore.App.Ref\10.0.3\ref/net10.0/System.Net.HttpListener.dll
   6:6>ResolveAssemblyReferences:
             C:\Program Files\dotnet\packs\Microsoft.NETCore.App.Ref\10.0.3\ref/net10.0/System.Runtime.dll
   5:6>ResolveAssemblyReferences:
                 Private = 'false'
   3:6>ResolveAssemblyReferences:
                 Private = 'false'
   5:6>ResolveAssemblyReferences:
             C:\Program Files\dotnet\packs\Microsoft.NETCore.App.Ref\10.0.3\ref/net10.0/System.Security.AccessControl.dll
   3:6>ResolveAssemblyReferences:
             C:\Program Files\dotnet\packs\Microsoft.NETCore.App.Ref\10.0.3\ref/net10.0/System.Net.Mail.dll
   6:6>ResolveAssemblyReferences:
                 Private = 'false'
   5:6>ResolveAssemblyReferences:
                 Private = 'false'
   3:6>ResolveAssemblyReferences:
                 Private = 'false'
   6:6>ResolveAssemblyReferences:
             C:\Program Files\dotnet\packs\Microsoft.NETCore.App.Ref\10.0.3\ref/net10.0/System.Security.AccessControl.dll
                 Private = 'false'
   5:6>ResolveAssemblyReferences:
             C:\Program Files\dotnet\packs\Microsoft.NETCore.App.Ref\10.0.3\ref/net10.0/System.Security.Claims.dll
   3:6>ResolveAssemblyReferences:
             C:\Program Files\dotnet\packs\Microsoft.NETCore.App.Ref\10.0.3\ref/net10.0/System.Net.NameResolution.dll
   5:6>ResolveAssemblyReferences:
                 Private = 'false'
   6:6>ResolveAssemblyReferences:
             C:\Program Files\dotnet\packs\Microsoft.NETCore.App.Ref\10.0.3\ref/net10.0/System.Security.Claims.dll
                 Private = 'false'
   3:6>ResolveAssemblyReferences:
                 Private = 'false'
   5:6>ResolveAssemblyReferences:
             C:\Program Files\dotnet\packs\Microsoft.NETCore.App.Ref\10.0.3\ref/net10.0/System.Security.Cryptography.Algorithms.dll
   3:6>ResolveAssemblyReferences:
             C:\Program Files\dotnet\packs\Microsoft.NETCore.App.Ref\10.0.3\ref/net10.0/System.Net.NetworkInformation.dll
                 Private = 'false'
   5:6>ResolveAssemblyReferences:
                 Private = 'false'
   6:6>ResolveAssemblyReferences:
             C:\Program Files\dotnet\packs\Microsoft.NETCore.App.Ref\10.0.3\ref/net10.0/System.Security.Cryptography.Algorithms.dll
   3:6>ResolveAssemblyReferences:
             C:\Program Files\dotnet\packs\Microsoft.NETCore.App.Ref\10.0.3\ref/net10.0/System.Net.Ping.dll
   5:6>ResolveAssemblyReferences:
             C:\Program Files\dotnet\packs\Microsoft.NETCore.App.Ref\10.0.3\ref/net10.0/System.Security.Cryptography.Cng.dll
   6:6>ResolveAssemblyReferences:
                 Private = 'false'
   5:6>ResolveAssemblyReferences:
                 Private = 'false'
             C:\Program Files\dotnet\packs\Microsoft.NETCore.App.Ref\10.0.3\ref/net10.0/System.Security.Cryptography.Csp.dll
                 Private = 'false'
             C:\Program Files\dotnet\packs\Microsoft.NETCore.App.Ref\10.0.3\ref/net10.0/System.Security.Cryptography.Encoding.dll
                 Private = 'false'
             C:\Program Files\dotnet\packs\Microsoft.NETCore.App.Ref\10.0.3\ref/net10.0/System.Security.Cryptography.OpenSsl.dll
   3:6>ResolveAssemblyReferences:
                 Private = 'false'
   5:6>ResolveAssemblyReferences:
                 Private = 'false'
             C:\Program Files\dotnet\packs\Microsoft.NETCore.App.Ref\10.0.3\ref/net10.0/System.Security.Cryptography.Primitives.dll
                 Private = 'false'
             C:\Program Files\dotnet\packs\Microsoft.NETCore.App.Ref\10.0.3\ref/net10.0/System.Security.Cryptography.X509Certificates.dll
   3:6>ResolveAssemblyReferences:
             C:\Program Files\dotnet\packs\Microsoft.NETCore.App.Ref\10.0.3\ref/net10.0/System.Net.Primitives.dll
   6:6>ResolveAssemblyReferences:
             C:\Program Files\dotnet\packs\Microsoft.NETCore.App.Ref\10.0.3\ref/net10.0/System.Security.Cryptography.Cng.dll
   5:6>ResolveAssemblyReferences:
                 Private = 'false'
             C:\Program Files\dotnet\packs\Microsoft.NETCore.App.Ref\10.0.3\ref/net10.0/System.Security.Cryptography.dll
                 Private = 'false'
   6:6>ResolveAssemblyReferences:
                 Private = 'false'
   3:6>ResolveAssemblyReferences:
                 Private = 'false'
   5:6>ResolveAssemblyReferences:
             C:\Program Files\dotnet\packs\Microsoft.NETCore.App.Ref\10.0.3\ref/net10.0/System.Security.Principal.Windows.dll
   3:6>ResolveAssemblyReferences:
             C:\Program Files\dotnet\packs\Microsoft.NETCore.App.Ref\10.0.3\ref/net10.0/System.Net.Quic.dll
   5:6>ResolveAssemblyReferences:
                 Private = 'false'
   6:6>ResolveAssemblyReferences:
             C:\Program Files\dotnet\packs\Microsoft.NETCore.App.Ref\10.0.3\ref/net10.0/System.Security.Cryptography.Csp.dll
   5:6>ResolveAssemblyReferences:
             C:\Program Files\dotnet\packs\Microsoft.NETCore.App.Ref\10.0.3\ref/net10.0/System.Security.Principal.dll
   3:6>ResolveAssemblyReferences:
                 Private = 'false'
   6:6>ResolveAssemblyReferences:
                 Private = 'false'
   5:6>ResolveAssemblyReferences:
                 Private = 'false'
   6:6>ResolveAssemblyReferences:
             C:\Program Files\dotnet\packs\Microsoft.NETCore.App.Ref\10.0.3\ref/net10.0/System.Security.Cryptography.Encoding.dll
   3:6>ResolveAssemblyReferences:
             C:\Program Files\dotnet\packs\Microsoft.NETCore.App.Ref\10.0.3\ref/net10.0/System.Net.Requests.dll
   5:6>ResolveAssemblyReferences:
             C:\Program Files\dotnet\packs\Microsoft.NETCore.App.Ref\10.0.3\ref/net10.0/System.Security.SecureString.dll
                 Private = 'false'
   3:6>ResolveAssemblyReferences:
                 Private = 'false'
   5:6>ResolveAssemblyReferences:
             C:\Program Files\dotnet\packs\Microsoft.NETCore.App.Ref\10.0.3\ref/net10.0/System.Security.dll
   6:6>ResolveAssemblyReferences:
                 Private = 'false'
   5:6>ResolveAssemblyReferences:
                 Private = 'false'
   6:6>ResolveAssemblyReferences:
             C:\Program Files\dotnet\packs\Microsoft.NETCore.App.Ref\10.0.3\ref/net10.0/System.Security.Cryptography.OpenSsl.dll
   5:6>ResolveAssemblyReferences:
             C:\Program Files\dotnet\packs\Microsoft.NETCore.App.Ref\10.0.3\ref/net10.0/System.ServiceModel.Web.dll
   3:6>ResolveAssemblyReferences:
             C:\Program Files\dotnet\packs\Microsoft.NETCore.App.Ref\10.0.3\ref/net10.0/System.Net.Security.dll
   5:6>ResolveAssemblyReferences:
                 Private = 'false'
   3:6>ResolveAssemblyReferences:
                 Private = 'false'
   5:6>ResolveAssemblyReferences:
             C:\Program Files\dotnet\packs\Microsoft.NETCore.App.Ref\10.0.3\ref/net10.0/System.ServiceProcess.dll
   6:6>ResolveAssemblyReferences:
                 Private = 'false'
   3:6>ResolveAssemblyReferences:
             C:\Program Files\dotnet\packs\Microsoft.NETCore.App.Ref\10.0.3\ref/net10.0/System.Net.ServerSentEvents.dll
   5:6>ResolveAssemblyReferences:
                 Private = 'false'
   3:6>ResolveAssemblyReferences:
                 Private = 'false'
   5:6>ResolveAssemblyReferences:
             C:\Program Files\dotnet\packs\Microsoft.NETCore.App.Ref\10.0.3\ref/net10.0/System.Text.Encoding.CodePages.dll
   6:6>ResolveAssemblyReferences:
             C:\Program Files\dotnet\packs\Microsoft.NETCore.App.Ref\10.0.3\ref/net10.0/System.Security.Cryptography.Primitives.dll
                 Private = 'false'
   3:6>ResolveAssemblyReferences:
             C:\Program Files\dotnet\packs\Microsoft.NETCore.App.Ref\10.0.3\ref/net10.0/System.Net.ServicePoint.dll
                 Private = 'false'
             C:\Program Files\dotnet\packs\Microsoft.NETCore.App.Ref\10.0.3\ref/net10.0/System.Net.Sockets.dll
   5:6>ResolveAssemblyReferences:
                 Private = 'false'
   3:6>ResolveAssemblyReferences:
                 Private = 'false'
             C:\Program Files\dotnet\packs\Microsoft.NETCore.App.Ref\10.0.3\ref/net10.0/System.Net.WebClient.dll
                 Private = 'false'
             C:\Program Files\dotnet\packs\Microsoft.NETCore.App.Ref\10.0.3\ref/net10.0/System.Net.WebHeaderCollection.dll
                 Private = 'false'
             C:\Program Files\dotnet\packs\Microsoft.NETCore.App.Ref\10.0.3\ref/net10.0/System.Net.WebProxy.dll
                 Private = 'false'
             C:\Program Files\dotnet\packs\Microsoft.NETCore.App.Ref\10.0.3\ref/net10.0/System.Net.WebSockets.Client.dll
                 Private = 'false'
             C:\Program Files\dotnet\packs\Microsoft.NETCore.App.Ref\10.0.3\ref/net10.0/System.Net.WebSockets.dll
   5:6>ResolveAssemblyReferences:
             C:\Program Files\dotnet\packs\Microsoft.NETCore.App.Ref\10.0.3\ref/net10.0/System.Text.Encoding.Extensions.dll
   3:6>ResolveAssemblyReferences:
                 Private = 'false'
   5:6>ResolveAssemblyReferences:
                 Private = 'false'
   3:6>ResolveAssemblyReferences:
             C:\Program Files\dotnet\packs\Microsoft.NETCore.App.Ref\10.0.3\ref/net10.0/System.Net.dll
   5:6>ResolveAssemblyReferences:
             C:\Program Files\dotnet\packs\Microsoft.NETCore.App.Ref\10.0.3\ref/net10.0/System.Text.Encoding.dll
                 Private = 'false'
   3:6>ResolveAssemblyReferences:
                 Private = 'false'
   5:6>ResolveAssemblyReferences:
             C:\Program Files\dotnet\packs\Microsoft.NETCore.App.Ref\10.0.3\ref/net10.0/System.Text.Encodings.Web.dll
   3:6>ResolveAssemblyReferences:
             C:\Program Files\dotnet\packs\Microsoft.NETCore.App.Ref\10.0.3\ref/net10.0/System.Numerics.Vectors.dll
   6:6>ResolveAssemblyReferences:
             C:\Program Files\dotnet\packs\Microsoft.NETCore.App.Ref\10.0.3\ref/net10.0/System.Security.Cryptography.X509Certificates.dll
   5:6>ResolveAssemblyReferences:
                 Private = 'false'
   3:6>ResolveAssemblyReferences:
                 Private = 'false'
   5:6>ResolveAssemblyReferences:
             C:\Program Files\dotnet\packs\Microsoft.NETCore.App.Ref\10.0.3\ref/net10.0/System.Text.Json.dll
   3:6>ResolveAssemblyReferences:
             C:\Program Files\dotnet\packs\Microsoft.NETCore.App.Ref\10.0.3\ref/net10.0/System.Numerics.dll
   6:6>ResolveAssemblyReferences:
                 Private = 'false'
   5:6>ResolveAssemblyReferences:
                 Private = 'false'
   3:6>ResolveAssemblyReferences:
                 Private = 'false'
   5:6>ResolveAssemblyReferences:
             C:\Program Files\dotnet\packs\Microsoft.NETCore.App.Ref\10.0.3\ref/net10.0/System.Text.RegularExpressions.dll
   3:6>ResolveAssemblyReferences:
             C:\Program Files\dotnet\packs\Microsoft.NETCore.App.Ref\10.0.3\ref/net10.0/System.ObjectModel.dll
   5:6>ResolveAssemblyReferences:
                 Private = 'false'
   3:6>ResolveAssemblyReferences:
                 Private = 'false'
   6:6>ResolveAssemblyReferences:
             C:\Program Files\dotnet\packs\Microsoft.NETCore.App.Ref\10.0.3\ref/net10.0/System.Security.Cryptography.dll
   5:6>ResolveAssemblyReferences:
             C:\Program Files\dotnet\packs\Microsoft.NETCore.App.Ref\10.0.3\ref/net10.0/System.Threading.AccessControl.dll
   6:6>ResolveAssemblyReferences:
                 Private = 'false'
   3:6>ResolveAssemblyReferences:
             C:\Program Files\dotnet\packs\Microsoft.NETCore.App.Ref\10.0.3\ref/net10.0/System.Reflection.DispatchProxy.dll
   5:6>ResolveAssemblyReferences:
                 Private = 'false'
   6:6>ResolveAssemblyReferences:
             C:\Program Files\dotnet\packs\Microsoft.NETCore.App.Ref\10.0.3\ref/net10.0/System.Security.Principal.Windows.dll
   3:6>ResolveAssemblyReferences:
                 Private = 'false'
   5:6>ResolveAssemblyReferences:
             C:\Program Files\dotnet\packs\Microsoft.NETCore.App.Ref\10.0.3\ref/net10.0/System.Threading.Channels.dll
                 Private = 'false'
   3:6>ResolveAssemblyReferences:
             C:\Program Files\dotnet\packs\Microsoft.NETCore.App.Ref\10.0.3\ref/net10.0/System.Reflection.Emit.ILGeneration.dll
   5:6>ResolveAssemblyReferences:
             C:\Program Files\dotnet\packs\Microsoft.NETCore.App.Ref\10.0.3\ref/net10.0/System.Threading.Overlapped.dll
   3:6>ResolveAssemblyReferences:
                 Private = 'false'
   5:6>ResolveAssemblyReferences:
                 Private = 'false'
   6:6>ResolveAssemblyReferences:
                 Private = 'false'
   3:6>ResolveAssemblyReferences:
             C:\Program Files\dotnet\packs\Microsoft.NETCore.App.Ref\10.0.3\ref/net10.0/System.Reflection.Emit.Lightweight.dll
   5:6>ResolveAssemblyReferences:
             C:\Program Files\dotnet\packs\Microsoft.NETCore.App.Ref\10.0.3\ref/net10.0/System.Threading.Tasks.Dataflow.dll
   3:6>ResolveAssemblyReferences:
                 Private = 'false'
   5:6>ResolveAssemblyReferences:
                 Private = 'false'
   3:6>ResolveAssemblyReferences:
             C:\Program Files\dotnet\packs\Microsoft.NETCore.App.Ref\10.0.3\ref/net10.0/System.Reflection.Emit.dll
   5:6>ResolveAssemblyReferences:
             C:\Program Files\dotnet\packs\Microsoft.NETCore.App.Ref\10.0.3\ref/net10.0/System.Threading.Tasks.Extensions.dll
   6:6>ResolveAssemblyReferences:
             C:\Program Files\dotnet\packs\Microsoft.NETCore.App.Ref\10.0.3\ref/net10.0/System.Security.Principal.dll
   3:6>ResolveAssemblyReferences:
                 Private = 'false'
             C:\Program Files\dotnet\packs\Microsoft.NETCore.App.Ref\10.0.3\ref/net10.0/System.Reflection.Extensions.dll
   5:6>ResolveAssemblyReferences:
                 Private = 'false'
   3:6>ResolveAssemblyReferences:
                 Private = 'false'
   5:6>ResolveAssemblyReferences:
             C:\Program Files\dotnet\packs\Microsoft.NETCore.App.Ref\10.0.3\ref/net10.0/System.Threading.Tasks.Parallel.dll
   6:6>ResolveAssemblyReferences:
                 Private = 'false'
   3:6>ResolveAssemblyReferences:
             C:\Program Files\dotnet\packs\Microsoft.NETCore.App.Ref\10.0.3\ref/net10.0/System.Reflection.Metadata.dll
                 Private = 'false'
   5:6>ResolveAssemblyReferences:
                 Private = 'false'
   6:6>ResolveAssemblyReferences:
             C:\Program Files\dotnet\packs\Microsoft.NETCore.App.Ref\10.0.3\ref/net10.0/System.Security.SecureString.dll
   3:6>ResolveAssemblyReferences:
             C:\Program Files\dotnet\packs\Microsoft.NETCore.App.Ref\10.0.3\ref/net10.0/System.Reflection.Primitives.dll
   5:6>ResolveAssemblyReferences:
             C:\Program Files\dotnet\packs\Microsoft.NETCore.App.Ref\10.0.3\ref/net10.0/System.Threading.Tasks.dll
   3:6>ResolveAssemblyReferences:
                 Private = 'false'
   5:6>ResolveAssemblyReferences:
                 Private = 'false'
   6:6>ResolveAssemblyReferences:
                 Private = 'false'
   3:6>ResolveAssemblyReferences:
             C:\Program Files\dotnet\packs\Microsoft.NETCore.App.Ref\10.0.3\ref/net10.0/System.Reflection.TypeExtensions.dll
   5:6>ResolveAssemblyReferences:
             C:\Program Files\dotnet\packs\Microsoft.NETCore.App.Ref\10.0.3\ref/net10.0/System.Threading.Thread.dll
   3:6>ResolveAssemblyReferences:
                 Private = 'false'
   6:6>ResolveAssemblyReferences:
             C:\Program Files\dotnet\packs\Microsoft.NETCore.App.Ref\10.0.3\ref/net10.0/System.Security.dll
   3:6>ResolveAssemblyReferences:
             C:\Program Files\dotnet\packs\Microsoft.NETCore.App.Ref\10.0.3\ref/net10.0/System.Reflection.dll
   5:6>ResolveAssemblyReferences:
                 Private = 'false'
   3:6>ResolveAssemblyReferences:
                 Private = 'false'
   5:6>ResolveAssemblyReferences:
             C:\Program Files\dotnet\packs\Microsoft.NETCore.App.Ref\10.0.3\ref/net10.0/System.Threading.ThreadPool.dll
   6:6>ResolveAssemblyReferences:
                 Private = 'false'
   3:6>ResolveAssemblyReferences:
             C:\Program Files\dotnet\packs\Microsoft.NETCore.App.Ref\10.0.3\ref/net10.0/System.Resources.Reader.dll
   5:6>ResolveAssemblyReferences:
                 Private = 'false'
   6:6>ResolveAssemblyReferences:
             C:\Program Files\dotnet\packs\Microsoft.NETCore.App.Ref\10.0.3\ref/net10.0/System.ServiceModel.Web.dll
   3:6>ResolveAssemblyReferences:
                 Private = 'false'
             C:\Program Files\dotnet\packs\Microsoft.NETCore.App.Ref\10.0.3\ref/net10.0/System.Resources.ResourceManager.dll
   5:6>ResolveAssemblyReferences:
             C:\Program Files\dotnet\packs\Microsoft.NETCore.App.Ref\10.0.3\ref/net10.0/System.Threading.Timer.dll
                 Private = 'false'
   3:6>ResolveAssemblyReferences:
                 Private = 'false'
   6:6>ResolveAssemblyReferences:
                 Private = 'false'
   5:6>ResolveAssemblyReferences:
             C:\Program Files\dotnet\packs\Microsoft.NETCore.App.Ref\10.0.3\ref/net10.0/System.Threading.dll
   3:6>ResolveAssemblyReferences:
             C:\Program Files\dotnet\packs\Microsoft.NETCore.App.Ref\10.0.3\ref/net10.0/System.Resources.Writer.dll
   5:6>ResolveAssemblyReferences:
                 Private = 'false'
   6:6>ResolveAssemblyReferences:
             C:\Program Files\dotnet\packs\Microsoft.NETCore.App.Ref\10.0.3\ref/net10.0/System.ServiceProcess.dll
   3:6>ResolveAssemblyReferences:
                 Private = 'false'
   5:6>ResolveAssemblyReferences:
             C:\Program Files\dotnet\packs\Microsoft.NETCore.App.Ref\10.0.3\ref/net10.0/System.Transactions.Local.dll
   3:6>ResolveAssemblyReferences:
             C:\Program Files\dotnet\packs\Microsoft.NETCore.App.Ref\10.0.3\ref/net10.0/System.Runtime.CompilerServices.Unsafe.dll
   5:6>ResolveAssemblyReferences:
                 Private = 'false'
   6:6>ResolveAssemblyReferences:
                 Private = 'false'
   5:6>ResolveAssemblyReferences:
             C:\Program Files\dotnet\packs\Microsoft.NETCore.App.Ref\10.0.3\ref/net10.0/System.Transactions.dll
   3:6>ResolveAssemblyReferences:
                 Private = 'false'
   5:6>ResolveAssemblyReferences:
                 Private = 'false'
             C:\Program Files\dotnet\packs\Microsoft.NETCore.App.Ref\10.0.3\ref/net10.0/System.ValueTuple.dll
   3:6>ResolveAssemblyReferences:
             C:\Program Files\dotnet\packs\Microsoft.NETCore.App.Ref\10.0.3\ref/net10.0/System.Runtime.CompilerServices.VisualC.dll
   5:6>ResolveAssemblyReferences:
                 Private = 'false'
   3:6>ResolveAssemblyReferences:
                 Private = 'false'
             C:\Program Files\dotnet\packs\Microsoft.NETCore.App.Ref\10.0.3\ref/net10.0/System.Runtime.Extensions.dll
   6:6>ResolveAssemblyReferences:
             C:\Program Files\dotnet\packs\Microsoft.NETCore.App.Ref\10.0.3\ref/net10.0/System.Text.Encoding.CodePages.dll
   3:6>ResolveAssemblyReferences:
                 Private = 'false'
   5:6>ResolveAssemblyReferences:
             C:\Program Files\dotnet\packs\Microsoft.NETCore.App.Ref\10.0.3\ref/net10.0/System.Web.HttpUtility.dll
   3:6>ResolveAssemblyReferences:
             C:\Program Files\dotnet\packs\Microsoft.NETCore.App.Ref\10.0.3\ref/net10.0/System.Runtime.Handles.dll
   5:6>ResolveAssemblyReferences:
                 Private = 'false'
             C:\Program Files\dotnet\packs\Microsoft.NETCore.App.Ref\10.0.3\ref/net10.0/System.Web.dll
   6:6>ResolveAssemblyReferences:
                 Private = 'false'
   3:6>ResolveAssemblyReferences:
                 Private = 'false'
   5:6>ResolveAssemblyReferences:
                 Private = 'false'
   3:6>ResolveAssemblyReferences:
             C:\Program Files\dotnet\packs\Microsoft.NETCore.App.Ref\10.0.3\ref/net10.0/System.Runtime.InteropServices.JavaScript.dll
   5:6>ResolveAssemblyReferences:
             C:\Program Files\dotnet\packs\Microsoft.NETCore.App.Ref\10.0.3\ref/net10.0/System.Windows.dll
   6:6>ResolveAssemblyReferences:
             C:\Program Files\dotnet\packs\Microsoft.NETCore.App.Ref\10.0.3\ref/net10.0/System.Text.Encoding.Extensions.dll
   3:6>ResolveAssemblyReferences:
                 Private = 'false'
   5:6>ResolveAssemblyReferences:
                 Private = 'false'
   6:6>ResolveAssemblyReferences:
                 Private = 'false'
   3:6>ResolveAssemblyReferences:
             C:\Program Files\dotnet\packs\Microsoft.NETCore.App.Ref\10.0.3\ref/net10.0/System.Runtime.InteropServices.RuntimeInformation.dll
   5:6>ResolveAssemblyReferences:
             C:\Program Files\dotnet\packs\Microsoft.NETCore.App.Ref\10.0.3\ref/net10.0/System.Xml.Linq.dll
   3:6>ResolveAssemblyReferences:
                 Private = 'false'
   6:6>ResolveAssemblyReferences:
             C:\Program Files\dotnet\packs\Microsoft.NETCore.App.Ref\10.0.3\ref/net10.0/System.Text.Encoding.dll
   5:6>ResolveAssemblyReferences:
                 Private = 'false'
   3:6>ResolveAssemblyReferences:
             C:\Program Files\dotnet\packs\Microsoft.NETCore.App.Ref\10.0.3\ref/net10.0/System.Runtime.InteropServices.dll
   5:6>ResolveAssemblyReferences:
             C:\Program Files\dotnet\packs\Microsoft.NETCore.App.Ref\10.0.3\ref/net10.0/System.Xml.ReaderWriter.dll
   3:6>ResolveAssemblyReferences:
                 Private = 'false'
   6:6>ResolveAssemblyReferences:
                 Private = 'false'
   5:6>ResolveAssemblyReferences:
                 Private = 'false'
             C:\Program Files\dotnet\packs\Microsoft.NETCore.App.Ref\10.0.3\ref/net10.0/System.Xml.Serialization.dll
   3:6>ResolveAssemblyReferences:
             C:\Program Files\dotnet\packs\Microsoft.NETCore.App.Ref\10.0.3\ref/net10.0/System.Runtime.Intrinsics.dll
   6:6>ResolveAssemblyReferences:
             C:\Program Files\dotnet\packs\Microsoft.NETCore.App.Ref\10.0.3\ref/net10.0/System.Text.Encodings.Web.dll
   5:6>ResolveAssemblyReferences:
                 Private = 'false'
   3:6>ResolveAssemblyReferences:
                 Private = 'false'
   5:6>ResolveAssemblyReferences:
             C:\Program Files\dotnet\packs\Microsoft.NETCore.App.Ref\10.0.3\ref/net10.0/System.Xml.XDocument.dll
   6:6>ResolveAssemblyReferences:
                 Private = 'false'
   5:6>ResolveAssemblyReferences:
                 Private = 'false'
   3:6>ResolveAssemblyReferences:
             C:\Program Files\dotnet\packs\Microsoft.NETCore.App.Ref\10.0.3\ref/net10.0/System.Runtime.Loader.dll
   5:6>ResolveAssemblyReferences:
             C:\Program Files\dotnet\packs\Microsoft.NETCore.App.Ref\10.0.3\ref/net10.0/System.Xml.XPath.XDocument.dll
   3:6>ResolveAssemblyReferences:
                 Private = 'false'
   6:6>ResolveAssemblyReferences:
             C:\Program Files\dotnet\packs\Microsoft.NETCore.App.Ref\10.0.3\ref/net10.0/System.Text.Json.dll
   3:6>ResolveAssemblyReferences:
             C:\Program Files\dotnet\packs\Microsoft.NETCore.App.Ref\10.0.3\ref/net10.0/System.Runtime.Numerics.dll
   5:6>ResolveAssemblyReferences:
                 Private = 'false'
   3:6>ResolveAssemblyReferences:
                 Private = 'false'
   5:6>ResolveAssemblyReferences:
             C:\Program Files\dotnet\packs\Microsoft.NETCore.App.Ref\10.0.3\ref/net10.0/System.Xml.XPath.dll
   6:6>ResolveAssemblyReferences:
                 Private = 'false'
   3:6>ResolveAssemblyReferences:
             C:\Program Files\dotnet\packs\Microsoft.NETCore.App.Ref\10.0.3\ref/net10.0/System.Runtime.Serialization.Formatters.dll
   5:6>ResolveAssemblyReferences:
                 Private = 'false'
   3:6>ResolveAssemblyReferences:
                 Private = 'false'
   5:6>ResolveAssemblyReferences:
             C:\Program Files\dotnet\packs\Microsoft.NETCore.App.Ref\10.0.3\ref/net10.0/System.Xml.XmlDocument.dll
   3:6>ResolveAssemblyReferences:
             C:\Program Files\dotnet\packs\Microsoft.NETCore.App.Ref\10.0.3\ref/net10.0/System.Runtime.Serialization.Json.dll
   5:6>ResolveAssemblyReferences:
                 Private = 'false'
   3:6>ResolveAssemblyReferences:
                 Private = 'false'
   5:6>ResolveAssemblyReferences:
             C:\Program Files\dotnet\packs\Microsoft.NETCore.App.Ref\10.0.3\ref/net10.0/System.Xml.XmlSerializer.dll
   6:6>ResolveAssemblyReferences:
             C:\Program Files\dotnet\packs\Microsoft.NETCore.App.Ref\10.0.3\ref/net10.0/System.Text.RegularExpressions.dll
   3:6>ResolveAssemblyReferences:
             C:\Program Files\dotnet\packs\Microsoft.NETCore.App.Ref\10.0.3\ref/net10.0/System.Runtime.Serialization.Primitives.dll
   5:6>ResolveAssemblyReferences:
                 Private = 'false'
             C:\Program Files\dotnet\packs\Microsoft.NETCore.App.Ref\10.0.3\ref/net10.0/System.Xml.dll
   3:6>ResolveAssemblyReferences:
                 Private = 'false'
   6:6>ResolveAssemblyReferences:
                 Private = 'false'
   5:6>ResolveAssemblyReferences:
                 Private = 'false'
   3:6>ResolveAssemblyReferences:
             C:\Program Files\dotnet\packs\Microsoft.NETCore.App.Ref\10.0.3\ref/net10.0/System.Runtime.Serialization.Xml.dll
   5:6>ResolveAssemblyReferences:
             C:\Program Files\dotnet\packs\Microsoft.NETCore.App.Ref\10.0.3\ref/net10.0/System.dll
   3:6>ResolveAssemblyReferences:
                 Private = 'false'
   6:6>ResolveAssemblyReferences:
             C:\Program Files\dotnet\packs\Microsoft.NETCore.App.Ref\10.0.3\ref/net10.0/System.Threading.AccessControl.dll
   5:6>ResolveAssemblyReferences:
                 Private = 'false'
   3:6>ResolveAssemblyReferences:
             C:\Program Files\dotnet\packs\Microsoft.NETCore.App.Ref\10.0.3\ref/net10.0/System.Runtime.Serialization.dll
   5:6>ResolveAssemblyReferences:
             C:\Program Files\dotnet\packs\Microsoft.NETCore.App.Ref\10.0.3\ref/net10.0/mscorlib.dll
   3:6>ResolveAssemblyReferences:
                 Private = 'false'
             C:\Program Files\dotnet\packs\Microsoft.NETCore.App.Ref\10.0.3\ref/net10.0/System.Runtime.dll
   5:6>ResolveAssemblyReferences:
                 Private = 'false'
             C:\Program Files\dotnet\packs\Microsoft.NETCore.App.Ref\10.0.3\ref/net10.0/netstandard.dll
   3:6>ResolveAssemblyReferences:
                 Private = 'false'
   6:6>ResolveAssemblyReferences:
                 Private = 'false'
   5:6>ResolveAssemblyReferences:
                 Private = 'false'
   3:6>ResolveAssemblyReferences:
             C:\Program Files\dotnet\packs\Microsoft.NETCore.App.Ref\10.0.3\ref/net10.0/System.Security.AccessControl.dll
   5:6>ResolveAssemblyReferences:
             C:\Program Files\dotnet\packs\Microsoft.WindowsDesktop.App.Ref\10.0.3\ref/net10.0/Accessibility.dll
   6:6>ResolveAssemblyReferences:
             C:\Program Files\dotnet\packs\Microsoft.NETCore.App.Ref\10.0.3\ref/net10.0/System.Threading.Channels.dll
   3:6>ResolveAssemblyReferences:
                 Private = 'false'
   5:6>ResolveAssemblyReferences:
                 Private = 'false'
   3:6>ResolveAssemblyReferences:
             C:\Program Files\dotnet\packs\Microsoft.NETCore.App.Ref\10.0.3\ref/net10.0/System.Security.Claims.dll
   5:6>ResolveAssemblyReferences:
             C:\Program Files\dotnet\packs\Microsoft.WindowsDesktop.App.Ref\10.0.3\ref/net10.0/Microsoft.Win32.Registry.AccessControl.dll
   6:6>ResolveAssemblyReferences:
                 Private = 'false'
   5:6>ResolveAssemblyReferences:
                 Private = 'false'
   3:6>ResolveAssemblyReferences:
                 Private = 'false'
   5:6>ResolveAssemblyReferences:
             C:\Program Files\dotnet\packs\Microsoft.WindowsDesktop.App.Ref\10.0.3\ref/net10.0/Microsoft.Win32.SystemEvents.dll
   3:6>ResolveAssemblyReferences:
             C:\Program Files\dotnet\packs\Microsoft.NETCore.App.Ref\10.0.3\ref/net10.0/System.Security.Cryptography.Algorithms.dll
   6:6>ResolveAssemblyReferences:
             C:\Program Files\dotnet\packs\Microsoft.NETCore.App.Ref\10.0.3\ref/net10.0/System.Threading.Overlapped.dll
   5:6>ResolveAssemblyReferences:
                 Private = 'false'
             C:\Program Files\dotnet\packs\Microsoft.WindowsDesktop.App.Ref\10.0.3\ref/net10.0/PresentationCore.dll
   3:6>ResolveAssemblyReferences:
                 Private = 'false'
   5:6>ResolveAssemblyReferences:
                 Private = 'false'
   6:6>ResolveAssemblyReferences:
                 Private = 'false'
   5:6>ResolveAssemblyReferences:
             C:\Program Files\dotnet\packs\Microsoft.WindowsDesktop.App.Ref\10.0.3\ref/net10.0/PresentationFramework.Aero.dll
   3:6>ResolveAssemblyReferences:
             C:\Program Files\dotnet\packs\Microsoft.NETCore.App.Ref\10.0.3\ref/net10.0/System.Security.Cryptography.Cng.dll
   6:6>ResolveAssemblyReferences:
             C:\Program Files\dotnet\packs\Microsoft.NETCore.App.Ref\10.0.3\ref/net10.0/System.Threading.Tasks.Dataflow.dll
   5:6>ResolveAssemblyReferences:
                 Private = 'false'
             C:\Program Files\dotnet\packs\Microsoft.WindowsDesktop.App.Ref\10.0.3\ref/net10.0/PresentationFramework.Aero2.dll
   3:6>ResolveAssemblyReferences:
                 Private = 'false'
   5:6>ResolveAssemblyReferences:
                 Private = 'false'
   3:6>ResolveAssemblyReferences:
             C:\Program Files\dotnet\packs\Microsoft.NETCore.App.Ref\10.0.3\ref/net10.0/System.Security.Cryptography.Csp.dll
   6:6>ResolveAssemblyReferences:
                 Private = 'false'
   5:6>ResolveAssemblyReferences:
             C:\Program Files\dotnet\packs\Microsoft.WindowsDesktop.App.Ref\10.0.3\ref/net10.0/PresentationFramework.AeroLite.dll
   3:6>ResolveAssemblyReferences:
                 Private = 'false'
   5:6>ResolveAssemblyReferences:
                 Private = 'false'
   6:6>ResolveAssemblyReferences:
             C:\Program Files\dotnet\packs\Microsoft.NETCore.App.Ref\10.0.3\ref/net10.0/System.Threading.Tasks.Extensions.dll
   3:6>ResolveAssemblyReferences:
             C:\Program Files\dotnet\packs\Microsoft.NETCore.App.Ref\10.0.3\ref/net10.0/System.Security.Cryptography.Encoding.dll
   5:6>ResolveAssemblyReferences:
             C:\Program Files\dotnet\packs\Microsoft.WindowsDesktop.App.Ref\10.0.3\ref/net10.0/PresentationFramework.Classic.dll
                 Private = 'false'
   3:6>ResolveAssemblyReferences:
                 Private = 'false'
   5:6>ResolveAssemblyReferences:
             C:\Program Files\dotnet\packs\Microsoft.WindowsDesktop.App.Ref\10.0.3\ref/net10.0/PresentationFramework.Luna.dll
   6:6>ResolveAssemblyReferences:
                 Private = 'false'
   5:6>ResolveAssemblyReferences:
                 Private = 'false'
   3:6>ResolveAssemblyReferences:
             C:\Program Files\dotnet\packs\Microsoft.NETCore.App.Ref\10.0.3\ref/net10.0/System.Security.Cryptography.OpenSsl.dll
   5:6>ResolveAssemblyReferences:
             C:\Program Files\dotnet\packs\Microsoft.WindowsDesktop.App.Ref\10.0.3\ref/net10.0/PresentationFramework.Royale.dll
   6:6>ResolveAssemblyReferences:
             C:\Program Files\dotnet\packs\Microsoft.NETCore.App.Ref\10.0.3\ref/net10.0/System.Threading.Tasks.Parallel.dll
   5:6>ResolveAssemblyReferences:
                 Private = 'false'
   3:6>ResolveAssemblyReferences:
                 Private = 'false'
   5:6>ResolveAssemblyReferences:
             C:\Program Files\dotnet\packs\Microsoft.WindowsDesktop.App.Ref\10.0.3\ref/net10.0/PresentationFramework.dll
   3:6>ResolveAssemblyReferences:
             C:\Program Files\dotnet\packs\Microsoft.NETCore.App.Ref\10.0.3\ref/net10.0/System.Security.Cryptography.Primitives.dll
   5:6>ResolveAssemblyReferences:
                 Private = 'false'
   6:6>ResolveAssemblyReferences:
                 Private = 'false'
   5:6>ResolveAssemblyReferences:
             C:\Program Files\dotnet\packs\Microsoft.WindowsDesktop.App.Ref\10.0.3\ref/net10.0/PresentationUI.dll
                 Private = 'false'
   3:6>ResolveAssemblyReferences:
                 Private = 'false'
   5:6>ResolveAssemblyReferences:
             C:\Program Files\dotnet\packs\Microsoft.WindowsDesktop.App.Ref\10.0.3\ref/net10.0/ReachFramework.dll
   6:6>ResolveAssemblyReferences:
             C:\Program Files\dotnet\packs\Microsoft.NETCore.App.Ref\10.0.3\ref/net10.0/System.Threading.Tasks.dll
   3:6>ResolveAssemblyReferences:
             C:\Program Files\dotnet\packs\Microsoft.NETCore.App.Ref\10.0.3\ref/net10.0/System.Security.Cryptography.X509Certificates.dll
   5:6>ResolveAssemblyReferences:
                 Private = 'false'
   6:6>ResolveAssemblyReferences:
                 Private = 'false'
   3:6>ResolveAssemblyReferences:
                 Private = 'false'
   5:6>ResolveAssemblyReferences:
             C:\Program Files\dotnet\packs\Microsoft.WindowsDesktop.App.Ref\10.0.3\ref/net10.0/System.CodeDom.dll
   3:6>ResolveAssemblyReferences:
             C:\Program Files\dotnet\packs\Microsoft.NETCore.App.Ref\10.0.3\ref/net10.0/System.Security.Cryptography.dll
   5:6>ResolveAssemblyReferences:
                 Private = 'false'
             C:\Program Files\dotnet\packs\Microsoft.WindowsDesktop.App.Ref\10.0.3\ref/net10.0/System.Configuration.ConfigurationManager.dll
   3:6>ResolveAssemblyReferences:
                 Private = 'false'
   5:6>ResolveAssemblyReferences:
                 Private = 'false'
   6:6>ResolveAssemblyReferences:
             C:\Program Files\dotnet\packs\Microsoft.NETCore.App.Ref\10.0.3\ref/net10.0/System.Threading.Thread.dll
   3:6>ResolveAssemblyReferences:
             C:\Program Files\dotnet\packs\Microsoft.NETCore.App.Ref\10.0.3\ref/net10.0/System.Security.Principal.Windows.dll
   5:6>ResolveAssemblyReferences:
             C:\Program Files\dotnet\packs\Microsoft.WindowsDesktop.App.Ref\10.0.3\ref/net10.0/System.Diagnostics.EventLog.dll
   6:6>ResolveAssemblyReferences:
                 Private = 'false'
   3:6>ResolveAssemblyReferences:
                 Private = 'false'
   5:6>ResolveAssemblyReferences:
                 Private = 'false'
   3:6>ResolveAssemblyReferences:
             C:\Program Files\dotnet\packs\Microsoft.NETCore.App.Ref\10.0.3\ref/net10.0/System.Security.Principal.dll
   6:6>ResolveAssemblyReferences:
             C:\Program Files\dotnet\packs\Microsoft.NETCore.App.Ref\10.0.3\ref/net10.0/System.Threading.ThreadPool.dll
   3:6>ResolveAssemblyReferences:
                 Private = 'false'
             C:\Program Files\dotnet\packs\Microsoft.NETCore.App.Ref\10.0.3\ref/net10.0/System.Security.SecureString.dll
   5:6>ResolveAssemblyReferences:
             C:\Program Files\dotnet\packs\Microsoft.WindowsDesktop.App.Ref\10.0.3\ref/net10.0/System.Diagnostics.PerformanceCounter.dll
                 Private = 'false'
   3:6>ResolveAssemblyReferences:
                 Private = 'false'
   6:6>ResolveAssemblyReferences:
                 Private = 'false'
   5:6>ResolveAssemblyReferences:
             C:\Program Files\dotnet\packs\Microsoft.WindowsDesktop.App.Ref\10.0.3\ref/net10.0/System.DirectoryServices.dll
   3:6>ResolveAssemblyReferences:
             C:\Program Files\dotnet\packs\Microsoft.NETCore.App.Ref\10.0.3\ref/net10.0/System.Security.dll
   6:6>ResolveAssemblyReferences:
             C:\Program Files\dotnet\packs\Microsoft.NETCore.App.Ref\10.0.3\ref/net10.0/System.Threading.Timer.dll
   5:6>ResolveAssemblyReferences:
                 Private = 'false'
             C:\Program Files\dotnet\packs\Microsoft.WindowsDesktop.App.Ref\10.0.3\ref/net10.0/System.Drawing.Common.dll
   3:6>ResolveAssemblyReferences:
                 Private = 'false'
             C:\Program Files\dotnet\packs\Microsoft.NETCore.App.Ref\10.0.3\ref/net10.0/System.ServiceModel.Web.dll
   5:6>ResolveAssemblyReferences:
                 Private = 'false'
   6:6>ResolveAssemblyReferences:
                 Private = 'false'
   3:6>ResolveAssemblyReferences:
                 Private = 'false'
   5:6>ResolveAssemblyReferences:
             C:\Program Files\dotnet\packs\Microsoft.WindowsDesktop.App.Ref\10.0.3\ref/net10.0/System.Formats.Nrbf.dll
   3:6>ResolveAssemblyReferences:
             C:\Program Files\dotnet\packs\Microsoft.NETCore.App.Ref\10.0.3\ref/net10.0/System.ServiceProcess.dll
                 Private = 'false'
   5:6>ResolveAssemblyReferences:
                 Private = 'false'
   6:6>ResolveAssemblyReferences:
             C:\Program Files\dotnet\packs\Microsoft.NETCore.App.Ref\10.0.3\ref/net10.0/System.Threading.dll
   3:6>ResolveAssemblyReferences:
             C:\Program Files\dotnet\packs\Microsoft.NETCore.App.Ref\10.0.3\ref/net10.0/System.Text.Encoding.CodePages.dll
                 Private = 'false'
   6:6>ResolveAssemblyReferences:
                 Private = 'false'
   3:6>ResolveAssemblyReferences:
             C:\Program Files\dotnet\packs\Microsoft.NETCore.App.Ref\10.0.3\ref/net10.0/System.Text.Encoding.Extensions.dll
                 Private = 'false'
   6:6>ResolveAssemblyReferences:
             C:\Program Files\dotnet\packs\Microsoft.NETCore.App.Ref\10.0.3\ref/net10.0/System.Transactions.Local.dll
   5:6>ResolveAssemblyReferences:
             C:\Program Files\dotnet\packs\Microsoft.WindowsDesktop.App.Ref\10.0.3\ref/net10.0/System.IO.Packaging.dll
   3:6>ResolveAssemblyReferences:
             C:\Program Files\dotnet\packs\Microsoft.NETCore.App.Ref\10.0.3\ref/net10.0/System.Text.Encoding.dll
                 Private = 'false'
             C:\Program Files\dotnet\packs\Microsoft.NETCore.App.Ref\10.0.3\ref/net10.0/System.Text.Encodings.Web.dll
   5:6>ResolveAssemblyReferences:
                 Private = 'false'
   3:6>ResolveAssemblyReferences:
                 Private = 'false'
   5:6>ResolveAssemblyReferences:
             C:\Program Files\dotnet\packs\Microsoft.WindowsDesktop.App.Ref\10.0.3\ref/net10.0/System.Printing.dll
   6:6>ResolveAssemblyReferences:
                 Private = 'false'
   3:6>ResolveAssemblyReferences:
             C:\Program Files\dotnet\packs\Microsoft.NETCore.App.Ref\10.0.3\ref/net10.0/System.Text.Json.dll
   5:6>ResolveAssemblyReferences:
                 Private = 'false'
   3:6>ResolveAssemblyReferences:
                 Private = 'false'
   6:6>ResolveAssemblyReferences:
             C:\Program Files\dotnet\packs\Microsoft.NETCore.App.Ref\10.0.3\ref/net10.0/System.Transactions.dll
   3:6>ResolveAssemblyReferences:
             C:\Program Files\dotnet\packs\Microsoft.NETCore.App.Ref\10.0.3\ref/net10.0/System.Text.RegularExpressions.dll
   5:6>ResolveAssemblyReferences:
             C:\Program Files\dotnet\packs\Microsoft.WindowsDesktop.App.Ref\10.0.3\ref/net10.0/System.Private.Windows.Core.dll
   3:6>ResolveAssemblyReferences:
                 Private = 'false'
   6:6>ResolveAssemblyReferences:
                 Private = 'false'
   3:6>ResolveAssemblyReferences:
             C:\Program Files\dotnet\packs\Microsoft.NETCore.App.Ref\10.0.3\ref/net10.0/System.Threading.AccessControl.dll
   5:6>ResolveAssemblyReferences:
                 Private = 'false'
   3:6>ResolveAssemblyReferences:
                 Private = 'false'
             C:\Program Files\dotnet\packs\Microsoft.NETCore.App.Ref\10.0.3\ref/net10.0/System.Threading.Channels.dll
                 Private = 'false'
   6:6>ResolveAssemblyReferences:
             C:\Program Files\dotnet\packs\Microsoft.NETCore.App.Ref\10.0.3\ref/net10.0/System.ValueTuple.dll
   3:6>ResolveAssemblyReferences:
             C:\Program Files\dotnet\packs\Microsoft.NETCore.App.Ref\10.0.3\ref/net10.0/System.Threading.Overlapped.dll
   5:6>ResolveAssemblyReferences:
             C:\Program Files\dotnet\packs\Microsoft.WindowsDesktop.App.Ref\10.0.3\ref/net10.0/System.Private.Windows.GdiPlus.dll
   3:6>ResolveAssemblyReferences:
                 Private = 'false'
   6:6>ResolveAssemblyReferences:
                 Private = 'false'
   5:6>ResolveAssemblyReferences:
                 Private = 'false'
   3:6>ResolveAssemblyReferences:
             C:\Program Files\dotnet\packs\Microsoft.NETCore.App.Ref\10.0.3\ref/net10.0/System.Threading.Tasks.Dataflow.dll
   6:6>ResolveAssemblyReferences:
             C:\Program Files\dotnet\packs\Microsoft.NETCore.App.Ref\10.0.3\ref/net10.0/System.Web.HttpUtility.dll
   3:6>ResolveAssemblyReferences:
                 Private = 'false'
   5:6>ResolveAssemblyReferences:
             C:\Program Files\dotnet\packs\Microsoft.WindowsDesktop.App.Ref\10.0.3\ref/net10.0/System.Resources.Extensions.dll
   3:6>ResolveAssemblyReferences:
             C:\Program Files\dotnet\packs\Microsoft.NETCore.App.Ref\10.0.3\ref/net10.0/System.Threading.Tasks.Extensions.dll
                 Private = 'false'
             C:\Program Files\dotnet\packs\Microsoft.NETCore.App.Ref\10.0.3\ref/net10.0/System.Threading.Tasks.Parallel.dll
   6:6>ResolveAssemblyReferences:
                 Private = 'false'
   5:6>ResolveAssemblyReferences:
                 Private = 'false'
   3:6>ResolveAssemblyReferences:
                 Private = 'false'
             C:\Program Files\dotnet\packs\Microsoft.NETCore.App.Ref\10.0.3\ref/net10.0/System.Threading.Tasks.dll
                 Private = 'false'
   6:6>ResolveAssemblyReferences:
             C:\Program Files\dotnet\packs\Microsoft.NETCore.App.Ref\10.0.3\ref/net10.0/System.Web.dll
   5:6>ResolveAssemblyReferences:
             C:\Program Files\dotnet\packs\Microsoft.WindowsDesktop.App.Ref\10.0.3\ref/net10.0/System.Security.Cryptography.Pkcs.dll
   3:6>ResolveAssemblyReferences:
             C:\Program Files\dotnet\packs\Microsoft.NETCore.App.Ref\10.0.3\ref/net10.0/System.Threading.Thread.dll
   5:6>ResolveAssemblyReferences:
                 Private = 'false'
   3:6>ResolveAssemblyReferences:
                 Private = 'false'
   6:6>ResolveAssemblyReferences:
                 Private = 'false'
   3:6>ResolveAssemblyReferences:
             C:\Program Files\dotnet\packs\Microsoft.NETCore.App.Ref\10.0.3\ref/net10.0/System.Threading.ThreadPool.dll
                 Private = 'false'
   6:6>ResolveAssemblyReferences:
             C:\Program Files\dotnet\packs\Microsoft.NETCore.App.Ref\10.0.3\ref/net10.0/System.Windows.dll
   3:6>ResolveAssemblyReferences:
             C:\Program Files\dotnet\packs\Microsoft.NETCore.App.Ref\10.0.3\ref/net10.0/System.Threading.Timer.dll
   5:6>ResolveAssemblyReferences:
             C:\Program Files\dotnet\packs\Microsoft.WindowsDesktop.App.Ref\10.0.3\ref/net10.0/System.Security.Cryptography.ProtectedData.dll
   3:6>ResolveAssemblyReferences:
                 Private = 'false'
   5:6>ResolveAssemblyReferences:
                 Private = 'false'
   6:6>ResolveAssemblyReferences:
                 Private = 'false'
   3:6>ResolveAssemblyReferences:
             C:\Program Files\dotnet\packs\Microsoft.NETCore.App.Ref\10.0.3\ref/net10.0/System.Threading.dll
                 Private = 'false'
   5:6>ResolveAssemblyReferences:
             C:\Program Files\dotnet\packs\Microsoft.WindowsDesktop.App.Ref\10.0.3\ref/net10.0/System.Security.Cryptography.Xml.dll
   6:6>ResolveAssemblyReferences:
             C:\Program Files\dotnet\packs\Microsoft.NETCore.App.Ref\10.0.3\ref/net10.0/System.Xml.Linq.dll
   3:6>ResolveAssemblyReferences:
             C:\Program Files\dotnet\packs\Microsoft.NETCore.App.Ref\10.0.3\ref/net10.0/System.Transactions.Local.dll
   5:6>ResolveAssemblyReferences:
                 Private = 'false'
   3:6>ResolveAssemblyReferences:
                 Private = 'false'
   6:6>ResolveAssemblyReferences:
                 Private = 'false'
   3:6>ResolveAssemblyReferences:
             C:\Program Files\dotnet\packs\Microsoft.NETCore.App.Ref\10.0.3\ref/net10.0/System.Transactions.dll
   5:6>ResolveAssemblyReferences:
             C:\Program Files\dotnet\packs\Microsoft.WindowsDesktop.App.Ref\10.0.3\ref/net10.0/System.Security.Permissions.dll
   3:6>ResolveAssemblyReferences:
                 Private = 'false'
   6:6>ResolveAssemblyReferences:
             C:\Program Files\dotnet\packs\Microsoft.NETCore.App.Ref\10.0.3\ref/net10.0/System.Xml.ReaderWriter.dll
   3:6>ResolveAssemblyReferences:
             C:\Program Files\dotnet\packs\Microsoft.NETCore.App.Ref\10.0.3\ref/net10.0/System.ValueTuple.dll
   6:6>ResolveAssemblyReferences:
                 Private = 'false'
   3:6>ResolveAssemblyReferences:
                 Private = 'false'
   5:6>ResolveAssemblyReferences:
                 Private = 'false'
   3:6>ResolveAssemblyReferences:
             C:\Program Files\dotnet\packs\Microsoft.NETCore.App.Ref\10.0.3\ref/net10.0/System.Web.HttpUtility.dll
   5:6>ResolveAssemblyReferences:
             C:\Program Files\dotnet\packs\Microsoft.WindowsDesktop.App.Ref\10.0.3\ref/net10.0/System.Windows.Controls.Ribbon.dll
                 Private = 'false'
             C:\Program Files\dotnet\packs\Microsoft.WindowsDesktop.App.Ref\10.0.3\ref/net10.0/System.Windows.Extensions.dll
                 Private = 'false'
             C:\Program Files\dotnet\packs\Microsoft.WindowsDesktop.App.Ref\10.0.3\ref/net10.0/System.Windows.Input.Manipulations.dll
                 Private = 'false'
             C:\Program Files\dotnet\packs\Microsoft.WindowsDesktop.App.Ref\10.0.3\ref/net10.0/System.Windows.Presentation.dll
                 Private = 'false'
             C:\Program Files\dotnet\packs\Microsoft.WindowsDesktop.App.Ref\10.0.3\ref/net10.0/System.Windows.Primitives.dll
                 Private = 'false'
   3:6>ResolveAssemblyReferences:
                 Private = 'false'
   5:6>ResolveAssemblyReferences:
             C:\Program Files\dotnet\packs\Microsoft.WindowsDesktop.App.Ref\10.0.3\ref/net10.0/System.Xaml.dll
   6:6>ResolveAssemblyReferences:
             C:\Program Files\dotnet\packs\Microsoft.NETCore.App.Ref\10.0.3\ref/net10.0/System.Xml.Serialization.dll
   3:6>ResolveAssemblyReferences:
             C:\Program Files\dotnet\packs\Microsoft.NETCore.App.Ref\10.0.3\ref/net10.0/System.Web.dll
   5:6>ResolveAssemblyReferences:
                 Private = 'false'
   3:6>ResolveAssemblyReferences:
                 Private = 'false'
   6:6>ResolveAssemblyReferences:
                 Private = 'false'
   3:6>ResolveAssemblyReferences:
             C:\Program Files\dotnet\packs\Microsoft.NETCore.App.Ref\10.0.3\ref/net10.0/System.Windows.dll
                 Private = 'false'
   6:6>ResolveAssemblyReferences:
             C:\Program Files\dotnet\packs\Microsoft.NETCore.App.Ref\10.0.3\ref/net10.0/System.Xml.XDocument.dll
   3:6>ResolveAssemblyReferences:
             C:\Program Files\dotnet\packs\Microsoft.NETCore.App.Ref\10.0.3\ref/net10.0/System.Xml.Linq.dll
                 Private = 'false'
   6:6>ResolveAssemblyReferences:
                 Private = 'false'
   5:6>ResolveAssemblyReferences:
             C:\Program Files\dotnet\packs\Microsoft.WindowsDesktop.App.Ref\10.0.3\ref/net10.0/UIAutomationClient.dll
   3:6>ResolveAssemblyReferences:
             C:\Program Files\dotnet\packs\Microsoft.NETCore.App.Ref\10.0.3\ref/net10.0/System.Xml.ReaderWriter.dll
   5:6>ResolveAssemblyReferences:
                 Private = 'false'
   6:6>ResolveAssemblyReferences:
             C:\Program Files\dotnet\packs\Microsoft.NETCore.App.Ref\10.0.3\ref/net10.0/System.Xml.XPath.XDocument.dll
   3:6>ResolveAssemblyReferences:
                 Private = 'false'
   5:6>ResolveAssemblyReferences:
             C:\Program Files\dotnet\packs\Microsoft.WindowsDesktop.App.Ref\10.0.3\ref/net10.0/UIAutomationClientSideProviders.dll
   3:6>ResolveAssemblyReferences:
             C:\Program Files\dotnet\packs\Microsoft.NETCore.App.Ref\10.0.3\ref/net10.0/System.Xml.Serialization.dll
   6:6>ResolveAssemblyReferences:
                 Private = 'false'
   3:6>ResolveAssemblyReferences:
                 Private = 'false'
             C:\Program Files\dotnet\packs\Microsoft.NETCore.App.Ref\10.0.3\ref/net10.0/System.Xml.XDocument.dll
   5:6>ResolveAssemblyReferences:
                 Private = 'false'
   6:6>ResolveAssemblyReferences:
             C:\Program Files\dotnet\packs\Microsoft.NETCore.App.Ref\10.0.3\ref/net10.0/System.Xml.XPath.dll
   3:6>ResolveAssemblyReferences:
                 Private = 'false'
   5:6>ResolveAssemblyReferences:
             C:\Program Files\dotnet\packs\Microsoft.WindowsDesktop.App.Ref\10.0.3\ref/net10.0/UIAutomationProvider.dll
   3:6>ResolveAssemblyReferences:
             C:\Program Files\dotnet\packs\Microsoft.NETCore.App.Ref\10.0.3\ref/net10.0/System.Xml.XPath.XDocument.dll
   6:6>ResolveAssemblyReferences:
                 Private = 'false'
   5:6>ResolveAssemblyReferences:
                 Private = 'false'
   3:6>ResolveAssemblyReferences:
                 Private = 'false'
             C:\Program Files\dotnet\packs\Microsoft.NETCore.App.Ref\10.0.3\ref/net10.0/System.Xml.XPath.dll
   6:6>ResolveAssemblyReferences:
             C:\Program Files\dotnet\packs\Microsoft.NETCore.App.Ref\10.0.3\ref/net10.0/System.Xml.XmlDocument.dll
   3:6>ResolveAssemblyReferences:
                 Private = 'false'
   6:6>ResolveAssemblyReferences:
                 Private = 'false'
   5:6>ResolveAssemblyReferences:
             C:\Program Files\dotnet\packs\Microsoft.WindowsDesktop.App.Ref\10.0.3\ref/net10.0/UIAutomationTypes.dll
   3:6>ResolveAssemblyReferences:
             C:\Program Files\dotnet\packs\Microsoft.NETCore.App.Ref\10.0.3\ref/net10.0/System.Xml.XmlDocument.dll
   6:6>ResolveAssemblyReferences:
             C:\Program Files\dotnet\packs\Microsoft.NETCore.App.Ref\10.0.3\ref/net10.0/System.Xml.XmlSerializer.dll
   3:6>ResolveAssemblyReferences:
                 Private = 'false'
   5:6>ResolveAssemblyReferences:
                 Private = 'false'
   3:6>ResolveAssemblyReferences:
             C:\Program Files\dotnet\packs\Microsoft.NETCore.App.Ref\10.0.3\ref/net10.0/System.Xml.XmlSerializer.dll
   5:6>ResolveAssemblyReferences:
             C:\Program Files\dotnet\packs\Microsoft.WindowsDesktop.App.Ref\10.0.3\ref/net10.0/WindowsBase.dll
   6:6>ResolveAssemblyReferences:
                 Private = 'false'
   3:6>ResolveAssemblyReferences:
                 Private = 'false'
   6:6>ResolveAssemblyReferences:
             C:\Program Files\dotnet\packs\Microsoft.NETCore.App.Ref\10.0.3\ref/net10.0/System.Xml.dll
   3:6>ResolveAssemblyReferences:
             C:\Program Files\dotnet\packs\Microsoft.NETCore.App.Ref\10.0.3\ref/net10.0/System.Xml.dll
                 Private = 'false'
   6:6>ResolveAssemblyReferences:
                 Private = 'false'
   5:6>ResolveAssemblyReferences:
                 Private = 'false'
   3:6>ResolveAssemblyReferences:
             C:\Program Files\dotnet\packs\Microsoft.NETCore.App.Ref\10.0.3\ref/net10.0/System.dll
   6:6>ResolveAssemblyReferences:
             C:\Program Files\dotnet\packs\Microsoft.NETCore.App.Ref\10.0.3\ref/net10.0/System.dll
   3:6>ResolveAssemblyReferences:
                 Private = 'false'
   6:6>ResolveAssemblyReferences:
                 Private = 'false'
   3:6>ResolveAssemblyReferences:
             C:\Program Files\dotnet\packs\Microsoft.NETCore.App.Ref\10.0.3\ref/net10.0/mscorlib.dll
   6:6>ResolveAssemblyReferences:
             C:\Program Files\dotnet\packs\Microsoft.NETCore.App.Ref\10.0.3\ref/net10.0/mscorlib.dll
   3:6>ResolveAssemblyReferences:
                 Private = 'false'
             C:\Program Files\dotnet\packs\Microsoft.NETCore.App.Ref\10.0.3\ref/net10.0/netstandard.dll
   5:6>ResolveAssemblyReferences:
             C:\Program Files\dotnet\packs\Microsoft.WindowsDesktop.App.Ref\10.0.3\ref/net10.0/Microsoft.VisualBasic.Forms.dll
   3:6>ResolveAssemblyReferences:
                 Private = 'false'
   5:6>ResolveAssemblyReferences:
                 Private = 'false'
             C:\Program Files\dotnet\packs\Microsoft.WindowsDesktop.App.Ref\10.0.3\ref/net10.0/Microsoft.VisualBasic.dll
   6:6>ResolveAssemblyReferences:
                 Private = 'false'
   3:6>ResolveAssemblyReferences:
             C:\Program Files\dotnet\packs\Microsoft.WindowsDesktop.App.Ref\10.0.3\ref/net10.0/Accessibility.dll
   6:6>ResolveAssemblyReferences:
             C:\Program Files\dotnet\packs\Microsoft.NETCore.App.Ref\10.0.3\ref/net10.0/netstandard.dll
   3:6>ResolveAssemblyReferences:
                 Private = 'false'
   6:6>ResolveAssemblyReferences:
                 Private = 'false'
   3:6>ResolveAssemblyReferences:
             C:\Program Files\dotnet\packs\Microsoft.WindowsDesktop.App.Ref\10.0.3\ref/net10.0/Microsoft.Win32.Registry.AccessControl.dll
   6:6>ResolveAssemblyReferences:
             C:\Program Files\dotnet\packs\Microsoft.AspNetCore.App.Ref\10.0.3\ref/net10.0/Microsoft.AspNetCore.Antiforgery.dll
   3:6>ResolveAssemblyReferences:
                 Private = 'false'
             C:\Program Files\dotnet\packs\Microsoft.WindowsDesktop.App.Ref\10.0.3\ref/net10.0/Microsoft.Win32.SystemEvents.dll
   5:6>ResolveAssemblyReferences:
                 Private = 'false'
   6:6>ResolveAssemblyReferences:
                 Private = 'false'
   3:6>ResolveAssemblyReferences:
                 Private = 'false'
   5:6>ResolveAssemblyReferences:
             C:\Program Files\dotnet\packs\Microsoft.WindowsDesktop.App.Ref\10.0.3\ref/net10.0/System.Design.dll
   3:6>ResolveAssemblyReferences:
             C:\Program Files\dotnet\packs\Microsoft.WindowsDesktop.App.Ref\10.0.3\ref/net10.0/PresentationCore.dll
   5:6>ResolveAssemblyReferences:
                 Private = 'false'
   3:6>ResolveAssemblyReferences:
                 Private = 'false'
             C:\Program Files\dotnet\packs\Microsoft.WindowsDesktop.App.Ref\10.0.3\ref/net10.0/PresentationFramework.Aero.dll
   5:6>ResolveAssemblyReferences:
             C:\Program Files\dotnet\packs\Microsoft.WindowsDesktop.App.Ref\10.0.3\ref/net10.0/System.Drawing.Design.dll
   3:6>ResolveAssemblyReferences:
                 Private = 'false'
   6:6>ResolveAssemblyReferences:
             C:\Program Files\dotnet\packs\Microsoft.AspNetCore.App.Ref\10.0.3\ref/net10.0/Microsoft.AspNetCore.Authentication.Abstractions.dll
   3:6>ResolveAssemblyReferences:
             C:\Program Files\dotnet\packs\Microsoft.WindowsDesktop.App.Ref\10.0.3\ref/net10.0/PresentationFramework.Aero2.dll
   6:6>ResolveAssemblyReferences:
                 Private = 'false'
   3:6>ResolveAssemblyReferences:
                 Private = 'false'
   5:6>ResolveAssemblyReferences:
                 Private = 'false'
   3:6>ResolveAssemblyReferences:
             C:\Program Files\dotnet\packs\Microsoft.WindowsDesktop.App.Ref\10.0.3\ref/net10.0/PresentationFramework.AeroLite.dll
   6:6>ResolveAssemblyReferences:
             C:\Program Files\dotnet\packs\Microsoft.AspNetCore.App.Ref\10.0.3\ref/net10.0/Microsoft.AspNetCore.Authentication.BearerToken.dll
   5:6>ResolveAssemblyReferences:
             C:\Program Files\dotnet\packs\Microsoft.WindowsDesktop.App.Ref\10.0.3\ref/net10.0/System.Drawing.dll
   3:6>ResolveAssemblyReferences:
                 Private = 'false'
   5:6>ResolveAssemblyReferences:
                 Private = 'false'
   3:6>ResolveAssemblyReferences:
             C:\Program Files\dotnet\packs\Microsoft.WindowsDesktop.App.Ref\10.0.3\ref/net10.0/PresentationFramework.Classic.dll
   6:6>ResolveAssemblyReferences:
                 Private = 'false'
   5:6>ResolveAssemblyReferences:
             C:\Program Files\dotnet\packs\Microsoft.WindowsDesktop.App.Ref\10.0.3\ref/net10.0/System.Windows.Forms.Design.Editors.dll
   3:6>ResolveAssemblyReferences:
                 Private = 'false'
             C:\Program Files\dotnet\packs\Microsoft.WindowsDesktop.App.Ref\10.0.3\ref/net10.0/PresentationFramework.Luna.dll
   5:6>ResolveAssemblyReferences:
                 Private = 'false'
   3:6>ResolveAssemblyReferences:
                 Private = 'false'
             C:\Program Files\dotnet\packs\Microsoft.WindowsDesktop.App.Ref\10.0.3\ref/net10.0/PresentationFramework.Royale.dll
   6:6>ResolveAssemblyReferences:
             C:\Program Files\dotnet\packs\Microsoft.AspNetCore.App.Ref\10.0.3\ref/net10.0/Microsoft.AspNetCore.Authentication.Cookies.dll
   3:6>ResolveAssemblyReferences:
                 Private = 'false'
             C:\Program Files\dotnet\packs\Microsoft.WindowsDesktop.App.Ref\10.0.3\ref/net10.0/PresentationFramework.dll
   6:6>ResolveAssemblyReferences:
                 Private = 'false'
   5:6>ResolveAssemblyReferences:
             C:\Program Files\dotnet\packs\Microsoft.WindowsDesktop.App.Ref\10.0.3\ref/net10.0/System.Windows.Forms.Design.dll
   3:6>ResolveAssemblyReferences:
                 Private = 'false'
   5:6>ResolveAssemblyReferences:
                 Private = 'false'
   3:6>ResolveAssemblyReferences:
             C:\Program Files\dotnet\packs\Microsoft.WindowsDesktop.App.Ref\10.0.3\ref/net10.0/PresentationUI.dll
   5:6>ResolveAssemblyReferences:
             C:\Program Files\dotnet\packs\Microsoft.WindowsDesktop.App.Ref\10.0.3\ref/net10.0/System.Windows.Forms.Primitives.dll
   6:6>ResolveAssemblyReferences:
             C:\Program Files\dotnet\packs\Microsoft.AspNetCore.App.Ref\10.0.3\ref/net10.0/Microsoft.AspNetCore.Authentication.Core.dll
   3:6>ResolveAssemblyReferences:
                 Private = 'false'
   5:6>ResolveAssemblyReferences:
                 Private = 'false'
   3:6>ResolveAssemblyReferences:
             C:\Program Files\dotnet\packs\Microsoft.WindowsDesktop.App.Ref\10.0.3\ref/net10.0/ReachFramework.dll
   6:6>ResolveAssemblyReferences:
                 Private = 'false'
   3:6>ResolveAssemblyReferences:
                 Private = 'false'
   6:6>ResolveAssemblyReferences:
             C:\Program Files\dotnet\packs\Microsoft.AspNetCore.App.Ref\10.0.3\ref/net10.0/Microsoft.AspNetCore.Authentication.OAuth.dll
   5:6>ResolveAssemblyReferences:
             C:\Program Files\dotnet\packs\Microsoft.WindowsDesktop.App.Ref\10.0.3\ref/net10.0/System.Windows.Forms.dll
   3:6>ResolveAssemblyReferences:
             C:\Program Files\dotnet\packs\Microsoft.WindowsDesktop.App.Ref\10.0.3\ref/net10.0/System.CodeDom.dll
   5:6>ResolveAssemblyReferences:
                 Private = 'false'
   3:6>ResolveAssemblyReferences:
                 Private = 'false'
   6:6>ResolveAssemblyReferences:
                 Private = 'false'
   3:6>ResolveAssemblyReferences:
             C:\Program Files\dotnet\packs\Microsoft.WindowsDesktop.App.Ref\10.0.3\ref/net10.0/System.Configuration.ConfigurationManager.dll
                 Private = 'false'
   6:6>ResolveAssemblyReferences:
             C:\Program Files\dotnet\packs\Microsoft.AspNetCore.App.Ref\10.0.3\ref/net10.0/Microsoft.AspNetCore.Authentication.dll
   5:6>ResolveAssemblyReferences:
             C:\Program Files\dotnet\packs\Microsoft.WindowsDesktop.App.Ref\10.0.3\ref/net10.0/WindowsFormsIntegration.dll
   3:6>ResolveAssemblyReferences:
             C:\Program Files\dotnet\packs\Microsoft.WindowsDesktop.App.Ref\10.0.3\ref/net10.0/System.Diagnostics.EventLog.dll
                 Private = 'false'
   6:6>ResolveAssemblyReferences:
                 Private = 'false'
   3:6>ResolveAssemblyReferences:
             C:\Program Files\dotnet\packs\Microsoft.WindowsDesktop.App.Ref\10.0.3\ref/net10.0/System.Diagnostics.PerformanceCounter.dll
   5:6>ResolveAssemblyReferences:
                 Private = 'false'
   6:6>ResolveAssemblyReferences:
             C:\Program Files\dotnet\packs\Microsoft.AspNetCore.App.Ref\10.0.3\ref/net10.0/Microsoft.AspNetCore.Authorization.Policy.dll
   3:6>ResolveAssemblyReferences:
                 Private = 'false'
   5:6>ResolveAssemblyReferences:
         AssemblyFiles:
   6:6>ResolveAssemblyReferences:
                 Private = 'false'
   3:6>ResolveAssemblyReferences:
             C:\Program Files\dotnet\packs\Microsoft.WindowsDesktop.App.Ref\10.0.3\ref/net10.0/System.DirectoryServices.dll
   5:6>ResolveAssemblyReferences:
             c:\Apps\TicketConsolidator\src\TicketConsolidator.Application\bin\Debug\net10.0\TicketConsolidator.Application.dll
   3:6>ResolveAssemblyReferences:
                 Private = 'false'
   6:6>ResolveAssemblyReferences:
             C:\Program Files\dotnet\packs\Microsoft.AspNetCore.App.Ref\10.0.3\ref/net10.0/Microsoft.AspNetCore.Authorization.dll
   5:6>ResolveAssemblyReferences:
             c:\Apps\TicketConsolidator\src\TicketConsolidator.Infrastructure\bin\Debug\net10.0-windows\TicketConsolidator.Infrastructure.dll
   3:6>ResolveAssemblyReferences:
             C:\Program Files\dotnet\packs\Microsoft.WindowsDesktop.App.Ref\10.0.3\ref/net10.0/System.Drawing.Common.dll
                 Private = 'false'
   6:6>ResolveAssemblyReferences:
                 Private = 'false'
   3:6>ResolveAssemblyReferences:
             C:\Program Files\dotnet\packs\Microsoft.WindowsDesktop.App.Ref\10.0.3\ref/net10.0/System.Formats.Nrbf.dll
                 Private = 'false'
   6:6>ResolveAssemblyReferences:
             C:\Program Files\dotnet\packs\Microsoft.AspNetCore.App.Ref\10.0.3\ref/net10.0/Microsoft.AspNetCore.Components.Authorization.dll
   3:6>ResolveAssemblyReferences:
             C:\Program Files\dotnet\packs\Microsoft.WindowsDesktop.App.Ref\10.0.3\ref/net10.0/System.IO.Packaging.dll
                 Private = 'false'
   6:6>ResolveAssemblyReferences:
                 Private = 'false'
   3:6>ResolveAssemblyReferences:
             C:\Program Files\dotnet\packs\Microsoft.WindowsDesktop.App.Ref\10.0.3\ref/net10.0/System.Printing.dll
   6:6>ResolveAssemblyReferences:
             C:\Program Files\dotnet\packs\Microsoft.AspNetCore.App.Ref\10.0.3\ref/net10.0/Microsoft.AspNetCore.Components.Endpoints.dll
   5:6>ResolveAssemblyReferences:
             c:\Apps\TicketConsolidator\src\TicketConsolidator.Domain\bin\Debug\net10.0\TicketConsolidator.Domain.dll
   3:6>ResolveAssemblyReferences:
                 Private = 'false'
   6:6>ResolveAssemblyReferences:
                 Private = 'false'
             C:\Program Files\dotnet\packs\Microsoft.AspNetCore.App.Ref\10.0.3\ref/net10.0/Microsoft.AspNetCore.Components.Forms.dll
   3:6>ResolveAssemblyReferences:
             C:\Program Files\dotnet\packs\Microsoft.WindowsDesktop.App.Ref\10.0.3\ref/net10.0/System.Private.Windows.Core.dll
                 Private = 'false'
             C:\Program Files\dotnet\packs\Microsoft.WindowsDesktop.App.Ref\10.0.3\ref/net10.0/System.Private.Windows.GdiPlus.dll
                 Private = 'false'
   5:6>ResolveAssemblyReferences:
         CandidateAssemblyFiles:
   3:6>ResolveAssemblyReferences:
             C:\Program Files\dotnet\packs\Microsoft.WindowsDesktop.App.Ref\10.0.3\ref/net10.0/System.Resources.Extensions.dll
                 Private = 'false'
   5:6>ResolveAssemblyReferences:
             C:\Users\krish.maniar.ATPL-LAP-723\.nuget\packages\microsoft.web.webview2\1.0.3800.47\build\\..\runtimes\win-x64\native\WebView2Loader.dll
   6:6>ResolveAssemblyReferences:
                 Private = 'false'
   3:6>ResolveAssemblyReferences:
             C:\Program Files\dotnet\packs\Microsoft.WindowsDesktop.App.Ref\10.0.3\ref/net10.0/System.Security.Cryptography.Pkcs.dll
   6:6>ResolveAssemblyReferences:
             C:\Program Files\dotnet\packs\Microsoft.AspNetCore.App.Ref\10.0.3\ref/net10.0/Microsoft.AspNetCore.Components.Server.dll
   3:6>ResolveAssemblyReferences:
                 Private = 'false'
             C:\Program Files\dotnet\packs\Microsoft.WindowsDesktop.App.Ref\10.0.3\ref/net10.0/System.Security.Cryptography.ProtectedData.dll
   6:6>ResolveAssemblyReferences:
                 Private = 'false'
   5:6>ResolveAssemblyReferences:
             SetUp\Output\TicketConsolidatorSetup.exe
   3:6>ResolveAssemblyReferences:
                 Private = 'false'
   5:6>ResolveAssemblyReferences:
         TargetFrameworkDirectories:
   6:6>ResolveAssemblyReferences:
             C:\Program Files\dotnet\packs\Microsoft.AspNetCore.App.Ref\10.0.3\ref/net10.0/Microsoft.AspNetCore.Components.Web.dll
   3:6>ResolveAssemblyReferences:
             C:\Program Files\dotnet\packs\Microsoft.WindowsDesktop.App.Ref\10.0.3\ref/net10.0/System.Security.Cryptography.Xml.dll
   5:6>ResolveAssemblyReferences:
             
   3:6>ResolveAssemblyReferences:
                 Private = 'false'
   5:6>ResolveAssemblyReferences:
         NonCultureResourceDirectories:
   3:6>ResolveAssemblyReferences:
             C:\Program Files\dotnet\packs\Microsoft.WindowsDesktop.App.Ref\10.0.3\ref/net10.0/System.Security.Permissions.dll
   5:6>ResolveAssemblyReferences:
             
   3:6>ResolveAssemblyReferences:
                 Private = 'false'
             C:\Program Files\dotnet\packs\Microsoft.WindowsDesktop.App.Ref\10.0.3\ref/net10.0/System.Windows.Controls.Ribbon.dll
   6:6>ResolveAssemblyReferences:
                 Private = 'false'
   3:6>ResolveAssemblyReferences:
                 Private = 'false'
             C:\Program Files\dotnet\packs\Microsoft.WindowsDesktop.App.Ref\10.0.3\ref/net10.0/System.Windows.Extensions.dll
   5:6>ResolveAssemblyReferences:
         InstalledAssemblyTables:
   6:6>ResolveAssemblyReferences:
             C:\Program Files\dotnet\packs\Microsoft.AspNetCore.App.Ref\10.0.3\ref/net10.0/Microsoft.AspNetCore.Components.dll
   3:6>ResolveAssemblyReferences:
                 Private = 'false'
   5:6>ResolveAssemblyReferences:
         IgnoreInstalledAssemblyTable:
   3:6>ResolveAssemblyReferences:
             C:\Program Files\dotnet\packs\Microsoft.WindowsDesktop.App.Ref\10.0.3\ref/net10.0/System.Windows.Input.Manipulations.dll
   5:6>ResolveAssemblyReferences:
             False
   3:6>ResolveAssemblyReferences:
                 Private = 'false'
   5:6>ResolveAssemblyReferences:
         SearchPaths:
   3:6>ResolveAssemblyReferences:
             C:\Program Files\dotnet\packs\Microsoft.WindowsDesktop.App.Ref\10.0.3\ref/net10.0/System.Windows.Presentation.dll
                 Private = 'false'
   5:6>ResolveAssemblyReferences:
             {CandidateAssemblyFiles}
   6:6>ResolveAssemblyReferences:
                 Private = 'false'
   3:6>ResolveAssemblyReferences:
             C:\Program Files\dotnet\packs\Microsoft.WindowsDesktop.App.Ref\10.0.3\ref/net10.0/System.Windows.Primitives.dll
                 Private = 'false'
   5:6>ResolveAssemblyReferences:
             {HintPathFromItem}
   6:6>ResolveAssemblyReferences:
             C:\Program Files\dotnet\packs\Microsoft.AspNetCore.App.Ref\10.0.3\ref/net10.0/Microsoft.AspNetCore.Connections.Abstractions.dll
   3:6>ResolveAssemblyReferences:
             C:\Program Files\dotnet\packs\Microsoft.WindowsDesktop.App.Ref\10.0.3\ref/net10.0/System.Xaml.dll
                 Private = 'false'
             C:\Program Files\dotnet\packs\Microsoft.WindowsDesktop.App.Ref\10.0.3\ref/net10.0/UIAutomationClient.dll
   5:6>ResolveAssemblyReferences:
             {TargetFrameworkDirectory}
   3:6>ResolveAssemblyReferences:
                 Private = 'false'
             C:\Program Files\dotnet\packs\Microsoft.WindowsDesktop.App.Ref\10.0.3\ref/net10.0/UIAutomationClientSideProviders.dll
                 Private = 'false'
             C:\Program Files\dotnet\packs\Microsoft.WindowsDesktop.App.Ref\10.0.3\ref/net10.0/UIAutomationProvider.dll
                 Private = 'false'
             C:\Program Files\dotnet\packs\Microsoft.WindowsDesktop.App.Ref\10.0.3\ref/net10.0/UIAutomationTypes.dll
                 Private = 'false'
             C:\Program Files\dotnet\packs\Microsoft.WindowsDesktop.App.Ref\10.0.3\ref/net10.0/WindowsBase.dll
   5:6>ResolveAssemblyReferences:
             {RawFileName}
   3:6>ResolveAssemblyReferences:
                 Private = 'false'
         AssemblyFiles:
             c:\Apps\TicketConsolidator\src\TicketConsolidator.Domain\bin\Debug\net10.0\TicketConsolidator.Domain.dll
   6:6>ResolveAssemblyReferences:
                 Private = 'false'
   3:6>ResolveAssemblyReferences:
             c:\Apps\TicketConsolidator\src\TicketConsolidator.Application\bin\Debug\net10.0\TicketConsolidator.Application.dll
             c:\Apps\TicketConsolidator\src\TicketConsolidator.Infrastructure\bin\Debug\net10.0-windows\TicketConsolidator.Infrastructure.dll
   5:6>ResolveAssemblyReferences:
         AllowedAssemblyExtensions:
   3:6>ResolveAssemblyReferences:
         CandidateAssemblyFiles:
   5:6>ResolveAssemblyReferences:
             .winmd
   3:6>ResolveAssemblyReferences:
             C:\Users\krish.maniar.ATPL-LAP-723\.nuget\packages\microsoft.testplatform.testhost\17.14.1\build\net8.0\x64\testhost.exe
   5:6>ResolveAssemblyReferences:
             .dll
   3:6>ResolveAssemblyReferences:
             C:\Users\krish.maniar.ATPL-LAP-723\.nuget\packages\microsoft.testplatform.testhost\17.14.1\build\net8.0\x64\testhost.dll
   5:6>ResolveAssemblyReferences:
             .exe
   3:6>ResolveAssemblyReferences:
             C:\Users\krish.maniar.ATPL-LAP-723\.nuget\packages\xunit.runner.visualstudio\3.1.4\build\net8.0\xunit.abstractions.dll
   6:6>ResolveAssemblyReferences:
             C:\Program Files\dotnet\packs\Microsoft.AspNetCore.App.Ref\10.0.3\ref/net10.0/Microsoft.AspNetCore.CookiePolicy.dll
   3:6>ResolveAssemblyReferences:
             C:\Users\krish.maniar.ATPL-LAP-723\.nuget\packages\xunit.runner.visualstudio\3.1.4\build\net8.0\xunit.runner.visualstudio.testadapter.dll
   5:6>ResolveAssemblyReferences:
         AllowedRelatedFileExtensions:
   3:6>ResolveAssemblyReferences:
         TargetFrameworkDirectories:
   6:6>ResolveAssemblyReferences:
                 Private = 'false'
             C:\Program Files\dotnet\packs\Microsoft.AspNetCore.App.Ref\10.0.3\ref/net10.0/Microsoft.AspNetCore.Cors.dll
   3:6>ResolveAssemblyReferences:
             
         NonCultureResourceDirectories:
             
   5:6>ResolveAssemblyReferences:
             .pdb
   3:6>ResolveAssemblyReferences:
         InstalledAssemblyTables:
   5:6>ResolveAssemblyReferences:
             .xml
   3:6>ResolveAssemblyReferences:
         IgnoreInstalledAssemblyTable:
             False
         SearchPaths:
   5:6>ResolveAssemblyReferences:
             .pri
   3:6>ResolveAssemblyReferences:
             {CandidateAssemblyFiles}
             {HintPathFromItem}
   5:6>ResolveAssemblyReferences:
             .dll.config
   3:6>ResolveAssemblyReferences:
             {TargetFrameworkDirectory}
             {RawFileName}
         AllowedAssemblyExtensions:
   5:6>ResolveAssemblyReferences:
             .exe.config
   3:6>ResolveAssemblyReferences:
             .winmd
             .dll
             .exe
         AllowedRelatedFileExtensions:
   5:6>ResolveAssemblyReferences:
         AppConfigFile:
   3:6>ResolveAssemblyReferences:
             .pdb
   5:6>ResolveAssemblyReferences:
             
   3:6>ResolveAssemblyReferences:
             .xml
   5:6>ResolveAssemblyReferences:
         AutoUnify:
   3:6>ResolveAssemblyReferences:
             .pri
   5:6>ResolveAssemblyReferences:
             True
   3:6>ResolveAssemblyReferences:
             .dll.config
   5:6>ResolveAssemblyReferences:
         EnableCustomCulture:
   3:6>ResolveAssemblyReferences:
             .exe.config
   6:6>ResolveAssemblyReferences:
                 Private = 'false'
   3:6>ResolveAssemblyReferences:
         AppConfigFile:
             
   5:6>ResolveAssemblyReferences:
             False
   3:6>ResolveAssemblyReferences:
         AutoUnify:
   5:6>ResolveAssemblyReferences:
         EnableCustomCulture:
   3:6>ResolveAssemblyReferences:
             True
         EnableCustomCulture:
             False
   5:6>ResolveAssemblyReferences:
             False
   3:6>ResolveAssemblyReferences:
         EnableCustomCulture:
             False
         CopyLocalDependenciesWhenParentReferenceInGac:
   5:6>ResolveAssemblyReferences:
         CopyLocalDependenciesWhenParentReferenceInGac:
   3:6>ResolveAssemblyReferences:
             True
         FindDependencies:
   5:6>ResolveAssemblyReferences:
             True
   3:6>ResolveAssemblyReferences:
             True
   6:6>ResolveAssemblyReferences:
             C:\Program Files\dotnet\packs\Microsoft.AspNetCore.App.Ref\10.0.3\ref/net10.0/Microsoft.AspNetCore.Cryptography.Internal.dll
   3:6>ResolveAssemblyReferences:
         TargetProcessorArchitecture:
   5:6>ResolveAssemblyReferences:
         FindDependencies:
   3:6>ResolveAssemblyReferences:
             msil
         StateFile:
   6:6>ResolveAssemblyReferences:
                 Private = 'false'
   5:6>ResolveAssemblyReferences:
             True
   3:6>ResolveAssemblyReferences:
             obj\Debug\net10.0-windows\TicketConsolidator.UnitTests.csproj.AssemblyReference.cache
         InstalledAssemblySubsetTables:
   6:6>ResolveAssemblyReferences:
             C:\Program Files\dotnet\packs\Microsoft.AspNetCore.App.Ref\10.0.3\ref/net10.0/Microsoft.AspNetCore.Cryptography.KeyDerivation.dll
   3:6>ResolveAssemblyReferences:
         IgnoreInstalledAssemblySubsetTable:
   5:6>ResolveAssemblyReferences:
         TargetProcessorArchitecture:
   3:6>ResolveAssemblyReferences:
             False
   5:6>ResolveAssemblyReferences:
             amd64
   3:6>ResolveAssemblyReferences:
         TargetFrameworkSubsets:
   6:6>ResolveAssemblyReferences:
                 Private = 'false'
   3:6>ResolveAssemblyReferences:
         FullTargetFrameworkSubsetNames:
   6:6>ResolveAssemblyReferences:
             C:\Program Files\dotnet\packs\Microsoft.AspNetCore.App.Ref\10.0.3\ref/net10.0/Microsoft.AspNetCore.DataProtection.Abstractions.dll
   3:6>ResolveAssemblyReferences:
             Full
   5:6>ResolveAssemblyReferences:
         StateFile:
   6:6>ResolveAssemblyReferences:
                 Private = 'false'
   3:6>ResolveAssemblyReferences:
         ProfileName:
             
   5:6>ResolveAssemblyReferences:
             obj\Debug\net10.0-windows\TicketConsolidator.UI.csproj.AssemblyReference.cache
   3:6>ResolveAssemblyReferences:
         FullFrameworkFolders:
   6:6>ResolveAssemblyReferences:
             C:\Program Files\dotnet\packs\Microsoft.AspNetCore.App.Ref\10.0.3\ref/net10.0/Microsoft.AspNetCore.DataProtection.Extensions.dll
   3:6>ResolveAssemblyReferences:
         LatestTargetFrameworkDirectories:
   5:6>ResolveAssemblyReferences:
         InstalledAssemblySubsetTables:
   6:6>ResolveAssemblyReferences:
                 Private = 'false'
   3:6>ResolveAssemblyReferences:
         ProfileTablesLocation:
   6:6>ResolveAssemblyReferences:
             C:\Program Files\dotnet\packs\Microsoft.AspNetCore.App.Ref\10.0.3\ref/net10.0/Microsoft.AspNetCore.DataProtection.dll
                 Private = 'false'
             C:\Program Files\dotnet\packs\Microsoft.AspNetCore.App.Ref\10.0.3\ref/net10.0/Microsoft.AspNetCore.Diagnostics.Abstractions.dll
   3:6>ResolveAssemblyReferences:
         Primary reference "TicketConsolidator.Domain, Version=1.0.0.0, Culture=neutral, PublicKeyToken=null".
   5:6>ResolveAssemblyReferences:
         IgnoreInstalledAssemblySubsetTable:
   3:6>ResolveAssemblyReferences:
             Resolved file path is "c:\Apps\TicketConsolidator\src\TicketConsolidator.Domain\bin\Debug\net10.0\TicketConsolidator.Domain.dll".
             Reference found at search path location "c:\Apps\TicketConsolidator\src\TicketConsolidator.Domain\bin\Debug\net10.0\TicketConsolidator.Domain.dll".
   5:6>ResolveAssemblyReferences:
             False
   3:6>ResolveAssemblyReferences:
             Found related file "c:\Apps\TicketConsolidator\src\TicketConsolidator.Domain\bin\Debug\net10.0\TicketConsolidator.Domain.pdb".
         Primary reference "TicketConsolidator.Application, Version=1.0.0.0, Culture=neutral, PublicKeyToken=null".
   5:6>ResolveAssemblyReferences:
         TargetFrameworkSubsets:
   6:6>ResolveAssemblyReferences:
                 Private = 'false'
   3:6>ResolveAssemblyReferences:
             Resolved file path is "c:\Apps\TicketConsolidator\src\TicketConsolidator.Application\bin\Debug\net10.0\TicketConsolidator.Application.dll".
   6:6>ResolveAssemblyReferences:
             C:\Program Files\dotnet\packs\Microsoft.AspNetCore.App.Ref\10.0.3\ref/net10.0/Microsoft.AspNetCore.Diagnostics.HealthChecks.dll
   3:6>ResolveAssemblyReferences:
             Reference found at search path location "c:\Apps\TicketConsolidator\src\TicketConsolidator.Application\bin\Debug\net10.0\TicketConsolidator.Application.dll".
   5:6>ResolveAssemblyReferences:
         FullTargetFrameworkSubsetNames:
   3:6>ResolveAssemblyReferences:
             Found related file "c:\Apps\TicketConsolidator\src\TicketConsolidator.Application\bin\Debug\net10.0\TicketConsolidator.Application.pdb".
   5:6>ResolveAssemblyReferences:
             Full
   6:6>ResolveAssemblyReferences:
                 Private = 'false'
   5:6>ResolveAssemblyReferences:
         ProfileName:
   3:6>ResolveAssemblyReferences:
         Primary reference "TicketConsolidator.Infrastructure, Version=1.0.0.0, Culture=neutral, PublicKeyToken=null".
             Resolved file path is "c:\Apps\TicketConsolidator\src\TicketConsolidator.Infrastructure\bin\Debug\net10.0-windows\TicketConsolidator.Infrastructure.dll".
   6:6>ResolveAssemblyReferences:
             C:\Program Files\dotnet\packs\Microsoft.AspNetCore.App.Ref\10.0.3\ref/net10.0/Microsoft.AspNetCore.Diagnostics.dll
   3:6>ResolveAssemblyReferences:
             Reference found at search path location "c:\Apps\TicketConsolidator\src\TicketConsolidator.Infrastructure\bin\Debug\net10.0-windows\TicketConsolidator.Infrastructure.dll".
   6:6>ResolveAssemblyReferences:
                 Private = 'false'
   3:6>ResolveAssemblyReferences:
             Found related file "c:\Apps\TicketConsolidator\src\TicketConsolidator.Infrastructure\bin\Debug\net10.0-windows\TicketConsolidator.Infrastructure.pdb".
   5:6>ResolveAssemblyReferences:
             
   3:6>ResolveAssemblyReferences:
         Primary reference "Microsoft.VisualStudio.CodeCoverage.Shim, Version=15.0.0.0, Culture=neutral, PublicKeyToken=b03f5f7f11d50a3a".
   5:6>ResolveAssemblyReferences:
         FullFrameworkFolders:
   3:6>ResolveAssemblyReferences:
             Resolved file path is "C:\Users\krish.maniar.ATPL-LAP-723\.nuget\packages\microsoft.codecoverage\17.14.1\lib\net8.0\Microsoft.VisualStudio.CodeCoverage.Shim.dll".
   6:6>ResolveAssemblyReferences:
             C:\Program Files\dotnet\packs\Microsoft.AspNetCore.App.Ref\10.0.3\ref/net10.0/Microsoft.AspNetCore.HostFiltering.dll
   3:6>ResolveAssemblyReferences:
             Reference found at search path location "{HintPathFromItem}".
   6:6>ResolveAssemblyReferences:
                 Private = 'false'
   3:6>ResolveAssemblyReferences:
             This reference is not "CopyLocal" because at least one source item had "Private" set to "false" and no source items had "Private" set to "true".
         Primary reference "Microsoft.Extensions.Configuration, Version=10.0.0.0, Culture=neutral, PublicKeyToken=adb9793829ddae60".
   6:6>ResolveAssemblyReferences:
             C:\Program Files\dotnet\packs\Microsoft.AspNetCore.App.Ref\10.0.3\ref/net10.0/Microsoft.AspNetCore.Hosting.Abstractions.dll
   3:6>ResolveAssemblyReferences:
             Resolved file path is "C:\Users\krish.maniar.ATPL-LAP-723\.nuget\packages\microsoft.extensions.configuration\10.0.1\lib\net10.0\Microsoft.Extensions.Configuration.dll".
   5:6>ResolveAssemblyReferences:
         LatestTargetFrameworkDirectories:
         ProfileTablesLocation:
   3:6>ResolveAssemblyReferences:
             Reference found at search path location "{HintPathFromItem}".
             This reference is not "CopyLocal" because at least one source item had "Private" set to "false" and no source items had "Private" set to "true".
   5:6>ResolveAssemblyReferences:
         Primary reference "TicketConsolidator.Application, Version=1.0.0.0, Culture=neutral, PublicKeyToken=null".
   3:6>ResolveAssemblyReferences:
         Primary reference "Microsoft.Extensions.Configuration.Abstractions, Version=10.0.0.0, Culture=neutral, PublicKeyToken=adb9793829ddae60".
   6:6>ResolveAssemblyReferences:
                 Private = 'false'
   5:6>ResolveAssemblyReferences:
             Resolved file path is "c:\Apps\TicketConsolidator\src\TicketConsolidator.Application\bin\Debug\net10.0\TicketConsolidator.Application.dll".
   3:6>ResolveAssemblyReferences:
             Resolved file path is "C:\Users\krish.maniar.ATPL-LAP-723\.nuget\packages\microsoft.extensions.configuration.abstractions\10.0.1\lib\net10.0\Microsoft.Extensions.Configuration.Abstractions.dll".
   6:6>ResolveAssemblyReferences:
             C:\Program Files\dotnet\packs\Microsoft.AspNetCore.App.Ref\10.0.3\ref/net10.0/Microsoft.AspNetCore.Hosting.Server.Abstractions.dll
   3:6>ResolveAssemblyReferences:
             Reference found at search path location "{HintPathFromItem}".
   5:6>ResolveAssemblyReferences:
             Reference found at search path location "c:\Apps\TicketConsolidator\src\TicketConsolidator.Application\bin\Debug\net10.0\TicketConsolidator.Application.dll".
   3:6>ResolveAssemblyReferences:
             This reference is not "CopyLocal" because at least one source item had "Private" set to "false" and no source items had "Private" set to "true".
   5:6>ResolveAssemblyReferences:
             Found related file "c:\Apps\TicketConsolidator\src\TicketConsolidator.Application\bin\Debug\net10.0\TicketConsolidator.Application.pdb".
   3:6>ResolveAssemblyReferences:
         Primary reference "Microsoft.Extensions.Configuration.Binder, Version=10.0.0.0, Culture=neutral, PublicKeyToken=adb9793829ddae60".
   6:6>ResolveAssemblyReferences:
                 Private = 'false'
   5:6>ResolveAssemblyReferences:
         Primary reference "TicketConsolidator.Infrastructure, Version=1.0.0.0, Culture=neutral, PublicKeyToken=null".
   3:6>ResolveAssemblyReferences:
             Resolved file path is "C:\Users\krish.maniar.ATPL-LAP-723\.nuget\packages\microsoft.extensions.configuration.binder\10.0.1\lib\net10.0\Microsoft.Extensions.Configuration.Binder.dll".
   5:6>ResolveAssemblyReferences:
             Resolved file path is "c:\Apps\TicketConsolidator\src\TicketConsolidator.Infrastructure\bin\Debug\net10.0-windows\TicketConsolidator.Infrastructure.dll".
   3:6>ResolveAssemblyReferences:
             Reference found at search path location "{HintPathFromItem}".
   6:6>ResolveAssemblyReferences:
             C:\Program Files\dotnet\packs\Microsoft.AspNetCore.App.Ref\10.0.3\ref/net10.0/Microsoft.AspNetCore.Hosting.dll
   3:6>ResolveAssemblyReferences:
             This reference is not "CopyLocal" because at least one source item had "Private" set to "false" and no source items had "Private" set to "true".
         Primary reference "Microsoft.Extensions.Configuration.FileExtensions, Version=10.0.0.0, Culture=neutral, PublicKeyToken=adb9793829ddae60".
   5:6>ResolveAssemblyReferences:
             Reference found at search path location "c:\Apps\TicketConsolidator\src\TicketConsolidator.Infrastructure\bin\Debug\net10.0-windows\TicketConsolidator.Infrastructure.dll".
   3:6>ResolveAssemblyReferences:
             Resolved file path is "C:\Users\krish.maniar.ATPL-LAP-723\.nuget\packages\microsoft.extensions.configuration.fileextensions\10.0.1\lib\net10.0\Microsoft.Extensions.Configuration.FileExtensions.dll".
   5:6>ResolveAssemblyReferences:
             Found related file "c:\Apps\TicketConsolidator\src\TicketConsolidator.Infrastructure\bin\Debug\net10.0-windows\TicketConsolidator.Infrastructure.pdb".
   3:6>ResolveAssemblyReferences:
             Reference found at search path location "{HintPathFromItem}".
   5:6>ResolveAssemblyReferences:
         Primary reference "TicketConsolidator.Domain, Version=1.0.0.0, Culture=neutral, PublicKeyToken=null".
   3:6>ResolveAssemblyReferences:
             This reference is not "CopyLocal" because at least one source item had "Private" set to "false" and no source items had "Private" set to "true".
   6:6>ResolveAssemblyReferences:
                 Private = 'false'
   3:6>ResolveAssemblyReferences:
         Primary reference "Microsoft.Extensions.Configuration.Json, Version=10.0.0.0, Culture=neutral, PublicKeyToken=adb9793829ddae60".
   6:6>ResolveAssemblyReferences:
             C:\Program Files\dotnet\packs\Microsoft.AspNetCore.App.Ref\10.0.3\ref/net10.0/Microsoft.AspNetCore.Html.Abstractions.dll
   3:6>ResolveAssemblyReferences:
             Resolved file path is "C:\Users\krish.maniar.ATPL-LAP-723\.nuget\packages\microsoft.extensions.configuration.json\10.0.1\lib\net10.0\Microsoft.Extensions.Configuration.Json.dll".
   6:6>ResolveAssemblyReferences:
                 Private = 'false'
   3:6>ResolveAssemblyReferences:
             Reference found at search path location "{HintPathFromItem}".
   6:6>ResolveAssemblyReferences:
             C:\Program Files\dotnet\packs\Microsoft.AspNetCore.App.Ref\10.0.3\ref/net10.0/Microsoft.AspNetCore.Http.Abstractions.dll
   3:6>ResolveAssemblyReferences:
             This reference is not "CopyLocal" because at least one source item had "Private" set to "false" and no source items had "Private" set to "true".
   5:6>ResolveAssemblyReferences:
             Resolved file path is "c:\Apps\TicketConsolidator\src\TicketConsolidator.Domain\bin\Debug\net10.0\TicketConsolidator.Domain.dll".
             Reference found at search path location "c:\Apps\TicketConsolidator\src\TicketConsolidator.Domain\bin\Debug\net10.0\TicketConsolidator.Domain.dll".
   3:6>ResolveAssemblyReferences:
         Primary reference "Microsoft.Extensions.FileProviders.Abstractions, Version=10.0.0.0, Culture=neutral, PublicKeyToken=adb9793829ddae60".
   5:6>ResolveAssemblyReferences:
             Found related file "c:\Apps\TicketConsolidator\src\TicketConsolidator.Domain\bin\Debug\net10.0\TicketConsolidator.Domain.pdb".
   6:6>ResolveAssemblyReferences:
                 Private = 'false'
   3:6>ResolveAssemblyReferences:
             Resolved file path is "C:\Users\krish.maniar.ATPL-LAP-723\.nuget\packages\microsoft.extensions.fileproviders.abstractions\10.0.1\lib\net10.0\Microsoft.Extensions.FileProviders.Abstractions.dll".
             Reference found at search path location "{HintPathFromItem}".
   5:6>ResolveAssemblyReferences:
         Primary reference "Microsoft.Web.WebView2.Core, Version=1.0.3800.47, Culture=neutral, PublicKeyToken=2a8ab48044d2601e".
   6:6>ResolveAssemblyReferences:
             C:\Program Files\dotnet\packs\Microsoft.AspNetCore.App.Ref\10.0.3\ref/net10.0/Microsoft.AspNetCore.Http.Connections.Common.dll
   3:6>ResolveAssemblyReferences:
             This reference is not "CopyLocal" because at least one source item had "Private" set to "false" and no source items had "Private" set to "true".
   6:6>ResolveAssemblyReferences:
                 Private = 'false'
   3:6>ResolveAssemblyReferences:
         Primary reference "Microsoft.Extensions.FileProviders.Physical, Version=10.0.0.0, Culture=neutral, PublicKeyToken=adb9793829ddae60".
   5:6>ResolveAssemblyReferences:
             Resolved file path is "C:\Users\krish.maniar.ATPL-LAP-723\.nuget\packages\microsoft.web.webview2\1.0.3800.47\lib_manual\netcoreapp3.0\Microsoft.Web.WebView2.Core.dll".
   6:6>ResolveAssemblyReferences:
             C:\Program Files\dotnet\packs\Microsoft.AspNetCore.App.Ref\10.0.3\ref/net10.0/Microsoft.AspNetCore.Http.Connections.dll
   3:6>ResolveAssemblyReferences:
             Resolved file path is "C:\Users\krish.maniar.ATPL-LAP-723\.nuget\packages\microsoft.extensions.fileproviders.physical\10.0.1\lib\net10.0\Microsoft.Extensions.FileProviders.Physical.dll".
   5:6>ResolveAssemblyReferences:
             Reference found at search path location "{RawFileName}".
   3:6>ResolveAssemblyReferences:
             Reference found at search path location "{HintPathFromItem}".
   5:6>ResolveAssemblyReferences:
             Found related file "C:\Users\krish.maniar.ATPL-LAP-723\.nuget\packages\microsoft.web.webview2\1.0.3800.47\lib_manual\netcoreapp3.0\Microsoft.Web.WebView2.Core.xml".
   6:6>ResolveAssemblyReferences:
                 Private = 'false'
   3:6>ResolveAssemblyReferences:
             This reference is not "CopyLocal" because at least one source item had "Private" set to "false" and no source items had "Private" set to "true".
   5:6>ResolveAssemblyReferences:
         Primary reference "Microsoft.Web.WebView2.WinForms, Version=1.0.3800.47, Culture=neutral, PublicKeyToken=2a8ab48044d2601e".
   6:6>ResolveAssemblyReferences:
             C:\Program Files\dotnet\packs\Microsoft.AspNetCore.App.Ref\10.0.3\ref/net10.0/Microsoft.AspNetCore.Http.Extensions.dll
   5:6>ResolveAssemblyReferences:
             Resolved file path is "C:\Users\krish.maniar.ATPL-LAP-723\.nuget\packages\microsoft.web.webview2\1.0.3800.47\lib_manual\netcoreapp3.0\Microsoft.Web.WebView2.WinForms.dll".
   3:6>ResolveAssemblyReferences:
         Primary reference "Microsoft.Extensions.FileSystemGlobbing, Version=10.0.0.0, Culture=neutral, PublicKeyToken=adb9793829ddae60".
             Resolved file path is "C:\Users\krish.maniar.ATPL-LAP-723\.nuget\packages\microsoft.extensions.filesystemglobbing\10.0.1\lib\net10.0\Microsoft.Extensions.FileSystemGlobbing.dll".
   5:6>ResolveAssemblyReferences:
             Reference found at search path location "{RawFileName}".
   6:6>ResolveAssemblyReferences:
                 Private = 'false'
   3:6>ResolveAssemblyReferences:
             Reference found at search path location "{HintPathFromItem}".
   6:6>ResolveAssemblyReferences:
             C:\Program Files\dotnet\packs\Microsoft.AspNetCore.App.Ref\10.0.3\ref/net10.0/Microsoft.AspNetCore.Http.Features.dll
   3:6>ResolveAssemblyReferences:
             This reference is not "CopyLocal" because at least one source item had "Private" set to "false" and no source items had "Private" set to "true".
   5:6>ResolveAssemblyReferences:
             Found related file "C:\Users\krish.maniar.ATPL-LAP-723\.nuget\packages\microsoft.web.webview2\1.0.3800.47\lib_manual\netcoreapp3.0\Microsoft.Web.WebView2.WinForms.xml".
   6:6>ResolveAssemblyReferences:
                 Private = 'false'
   3:6>ResolveAssemblyReferences:
         Primary reference "Microsoft.Extensions.Primitives, Version=10.0.0.0, Culture=neutral, PublicKeyToken=adb9793829ddae60".
   5:6>ResolveAssemblyReferences:
         Primary reference "Microsoft.Web.WebView2.Wpf, Version=1.0.3800.47, Culture=neutral, PublicKeyToken=2a8ab48044d2601e".
   3:6>ResolveAssemblyReferences:
             Resolved file path is "C:\Users\krish.maniar.ATPL-LAP-723\.nuget\packages\microsoft.extensions.primitives\10.0.1\lib\net10.0\Microsoft.Extensions.Primitives.dll".
   5:6>ResolveAssemblyReferences:
             Resolved file path is "C:\Users\krish.maniar.ATPL-LAP-723\.nuget\packages\microsoft.web.webview2\1.0.3800.47\lib_manual\net5.0-windows10.0.17763.0\Microsoft.Web.WebView2.Wpf.dll".
   6:6>ResolveAssemblyReferences:
             C:\Program Files\dotnet\packs\Microsoft.AspNetCore.App.Ref\10.0.3\ref/net10.0/Microsoft.AspNetCore.Http.Results.dll
   3:6>ResolveAssemblyReferences:
             Reference found at search path location "{HintPathFromItem}".
             This reference is not "CopyLocal" because at least one source item had "Private" set to "false" and no source items had "Private" set to "true".
   5:6>ResolveAssemblyReferences:
             Reference found at search path location "{RawFileName}".
   6:6>ResolveAssemblyReferences:
                 Private = 'false'
   3:6>ResolveAssemblyReferences:
         Primary reference "Microsoft.TestPlatform.CoreUtilities, Version=15.0.0.0, Culture=neutral, PublicKeyToken=b03f5f7f11d50a3a".
   5:6>ResolveAssemblyReferences:
             Found related file "C:\Users\krish.maniar.ATPL-LAP-723\.nuget\packages\microsoft.web.webview2\1.0.3800.47\lib_manual\net5.0-windows10.0.17763.0\Microsoft.Web.WebView2.Wpf.xml".
   6:6>ResolveAssemblyReferences:
             C:\Program Files\dotnet\packs\Microsoft.AspNetCore.App.Ref\10.0.3\ref/net10.0/Microsoft.AspNetCore.Http.dll
   3:6>ResolveAssemblyReferences:
             Resolved file path is "C:\Users\krish.maniar.ATPL-LAP-723\.nuget\packages\microsoft.testplatform.testhost\17.14.1\lib\net8.0\Microsoft.TestPlatform.CoreUtilities.dll".
   6:6>ResolveAssemblyReferences:
                 Private = 'false'
   5:6>ResolveAssemblyReferences:
         Primary reference "ICSharpCode.AvalonEdit, Version=6.3.1.120, Culture=neutral, PublicKeyToken=9cc39be672370310".
   6:6>ResolveAssemblyReferences:
             C:\Program Files\dotnet\packs\Microsoft.AspNetCore.App.Ref\10.0.3\ref/net10.0/Microsoft.AspNetCore.HttpLogging.dll
   5:6>ResolveAssemblyReferences:
             Resolved file path is "C:\Users\krish.maniar.ATPL-LAP-723\.nuget\packages\avalonedit\6.3.1.120\lib\net8.0-windows7.0\ICSharpCode.AvalonEdit.dll".
   3:6>ResolveAssemblyReferences:
             Reference found at search path location "{HintPathFromItem}".
   5:6>ResolveAssemblyReferences:
             Reference found at search path location "{HintPathFromItem}".
   6:6>ResolveAssemblyReferences:
                 Private = 'false'
   3:6>ResolveAssemblyReferences:
             This reference is not "CopyLocal" because at least one source item had "Private" set to "false" and no source items had "Private" set to "true".
   5:6>ResolveAssemblyReferences:
             This reference is not "CopyLocal" because at least one source item had "Private" set to "false" and no source items had "Private" set to "true".
   6:6>ResolveAssemblyReferences:
             C:\Program Files\dotnet\packs\Microsoft.AspNetCore.App.Ref\10.0.3\ref/net10.0/Microsoft.AspNetCore.HttpOverrides.dll
   5:6>ResolveAssemblyReferences:
         Primary reference "MaterialDesignColors, Version=2.1.4.0, Culture=neutral, PublicKeyToken=df2a72020bd7962a".
   3:6>ResolveAssemblyReferences:
         Primary reference "Microsoft.TestPlatform.PlatformAbstractions, Version=15.0.0.0, Culture=neutral, PublicKeyToken=b03f5f7f11d50a3a".
   6:6>ResolveAssemblyReferences:
                 Private = 'false'
   5:6>ResolveAssemblyReferences:
             Resolved file path is "C:\Users\krish.maniar.ATPL-LAP-723\.nuget\packages\materialdesigncolors\2.1.4\lib\net7.0\MaterialDesignColors.dll".
   6:6>ResolveAssemblyReferences:
             C:\Program Files\dotnet\packs\Microsoft.AspNetCore.App.Ref\10.0.3\ref/net10.0/Microsoft.AspNetCore.HttpsPolicy.dll
   3:6>ResolveAssemblyReferences:
             Resolved file path is "C:\Users\krish.maniar.ATPL-LAP-723\.nuget\packages\microsoft.testplatform.testhost\17.14.1\lib\net8.0\Microsoft.TestPlatform.PlatformAbstractions.dll".
   5:6>ResolveAssemblyReferences:
             Reference found at search path location "{HintPathFromItem}".
   3:6>ResolveAssemblyReferences:
             Reference found at search path location "{HintPathFromItem}".
   6:6>ResolveAssemblyReferences:
                 Private = 'false'
   5:6>ResolveAssemblyReferences:
             This reference is not "CopyLocal" because at least one source item had "Private" set to "false" and no source items had "Private" set to "true".
   6:6>ResolveAssemblyReferences:
             C:\Program Files\dotnet\packs\Microsoft.AspNetCore.App.Ref\10.0.3\ref/net10.0/Microsoft.AspNetCore.Identity.dll
   3:6>ResolveAssemblyReferences:
             This reference is not "CopyLocal" because at least one source item had "Private" set to "false" and no source items had "Private" set to "true".
   5:6>ResolveAssemblyReferences:
         Primary reference "MaterialDesignThemes.Wpf, Version=4.9.0.0, Culture=neutral, PublicKeyToken=df2a72020bd7962a".
   6:6>ResolveAssemblyReferences:
                 Private = 'false'
   3:6>ResolveAssemblyReferences:
         Primary reference "Microsoft.VisualStudio.TestPlatform.ObjectModel, Version=15.0.0.0, Culture=neutral, PublicKeyToken=b03f5f7f11d50a3a".
   5:6>ResolveAssemblyReferences:
             Resolved file path is "C:\Users\krish.maniar.ATPL-LAP-723\.nuget\packages\materialdesignthemes\4.9.0\lib\net7.0\MaterialDesignThemes.Wpf.dll".
   6:6>ResolveAssemblyReferences:
             C:\Program Files\dotnet\packs\Microsoft.AspNetCore.App.Ref\10.0.3\ref/net10.0/Microsoft.AspNetCore.Localization.Routing.dll
   3:6>ResolveAssemblyReferences:
             Resolved file path is "C:\Users\krish.maniar.ATPL-LAP-723\.nuget\packages\microsoft.testplatform.testhost\17.14.1\lib\net8.0\Microsoft.VisualStudio.TestPlatform.ObjectModel.dll".
   5:6>ResolveAssemblyReferences:
             Reference found at search path location "{HintPathFromItem}".
   6:6>ResolveAssemblyReferences:
                 Private = 'false'
   5:6>ResolveAssemblyReferences:
             This reference is not "CopyLocal" because at least one source item had "Private" set to "false" and no source items had "Private" set to "true".
   3:6>ResolveAssemblyReferences:
             Reference found at search path location "{HintPathFromItem}".
   6:6>ResolveAssemblyReferences:
             C:\Program Files\dotnet\packs\Microsoft.AspNetCore.App.Ref\10.0.3\ref/net10.0/Microsoft.AspNetCore.Localization.dll
   3:6>ResolveAssemblyReferences:
             This reference is not "CopyLocal" because at least one source item had "Private" set to "false" and no source items had "Private" set to "true".
   5:6>ResolveAssemblyReferences:
         Primary reference "Microsoft.Extensions.Configuration, Version=10.0.0.0, Culture=neutral, PublicKeyToken=adb9793829ddae60".
   6:6>ResolveAssemblyReferences:
                 Private = 'false'
   5:6>ResolveAssemblyReferences:
             Resolved file path is "C:\Users\krish.maniar.ATPL-LAP-723\.nuget\packages\microsoft.extensions.configuration\10.0.1\lib\net10.0\Microsoft.Extensions.Configuration.dll".
   3:6>ResolveAssemblyReferences:
         Primary reference "Microsoft.TestPlatform.CommunicationUtilities, Version=15.0.0.0, Culture=neutral, PublicKeyToken=b03f5f7f11d50a3a".
   5:6>ResolveAssemblyReferences:
             Reference found at search path location "{HintPathFromItem}".
   6:6>ResolveAssemblyReferences:
             C:\Program Files\dotnet\packs\Microsoft.AspNetCore.App.Ref\10.0.3\ref/net10.0/Microsoft.AspNetCore.Metadata.dll
   3:6>ResolveAssemblyReferences:
             Resolved file path is "C:\Users\krish.maniar.ATPL-LAP-723\.nuget\packages\microsoft.testplatform.testhost\17.14.1\lib\net8.0\Microsoft.TestPlatform.CommunicationUtilities.dll".
   5:6>ResolveAssemblyReferences:
             This reference is not "CopyLocal" because at least one source item had "Private" set to "false" and no source items had "Private" set to "true".
         Primary reference "Microsoft.Extensions.Configuration.Abstractions, Version=10.0.0.0, Culture=neutral, PublicKeyToken=adb9793829ddae60".
   3:6>ResolveAssemblyReferences:
             Reference found at search path location "{HintPathFromItem}".
   6:6>ResolveAssemblyReferences:
                 Private = 'false'
   3:6>ResolveAssemblyReferences:
             This reference is not "CopyLocal" because at least one source item had "Private" set to "false" and no source items had "Private" set to "true".
   6:6>ResolveAssemblyReferences:
             C:\Program Files\dotnet\packs\Microsoft.AspNetCore.App.Ref\10.0.3\ref/net10.0/Microsoft.AspNetCore.Mvc.Abstractions.dll
   5:6>ResolveAssemblyReferences:
             Resolved file path is "C:\Users\krish.maniar.ATPL-LAP-723\.nuget\packages\microsoft.extensions.configuration.abstractions\10.0.1\lib\net10.0\Microsoft.Extensions.Configuration.Abstractions.dll".
   3:6>ResolveAssemblyReferences:
         Primary reference "Microsoft.TestPlatform.CrossPlatEngine, Version=15.0.0.0, Culture=neutral, PublicKeyToken=b03f5f7f11d50a3a".
   6:6>ResolveAssemblyReferences:
                 Private = 'false'
   5:6>ResolveAssemblyReferences:
             Reference found at search path location "{HintPathFromItem}".
   3:6>ResolveAssemblyReferences:
             Resolved file path is "C:\Users\krish.maniar.ATPL-LAP-723\.nuget\packages\microsoft.testplatform.testhost\17.14.1\lib\net8.0\Microsoft.TestPlatform.CrossPlatEngine.dll".
   5:6>ResolveAssemblyReferences:
             This reference is not "CopyLocal" because at least one source item had "Private" set to "false" and no source items had "Private" set to "true".
   6:6>ResolveAssemblyReferences:
             C:\Program Files\dotnet\packs\Microsoft.AspNetCore.App.Ref\10.0.3\ref/net10.0/Microsoft.AspNetCore.Mvc.ApiExplorer.dll
   3:6>ResolveAssemblyReferences:
             Reference found at search path location "{HintPathFromItem}".
   6:6>ResolveAssemblyReferences:
                 Private = 'false'
   5:6>ResolveAssemblyReferences:
         Primary reference "Microsoft.Extensions.Configuration.Binder, Version=10.0.0.0, Culture=neutral, PublicKeyToken=adb9793829ddae60".
   6:6>ResolveAssemblyReferences:
             C:\Program Files\dotnet\packs\Microsoft.AspNetCore.App.Ref\10.0.3\ref/net10.0/Microsoft.AspNetCore.Mvc.Core.dll
   3:6>ResolveAssemblyReferences:
             This reference is not "CopyLocal" because at least one source item had "Private" set to "false" and no source items had "Private" set to "true".
   5:6>ResolveAssemblyReferences:
             Resolved file path is "C:\Users\krish.maniar.ATPL-LAP-723\.nuget\packages\microsoft.extensions.configuration.binder\10.0.1\lib\net10.0\Microsoft.Extensions.Configuration.Binder.dll".
   6:6>ResolveAssemblyReferences:
                 Private = 'false'
   5:6>ResolveAssemblyReferences:
             Reference found at search path location "{HintPathFromItem}".
   3:6>ResolveAssemblyReferences:
         Primary reference "Microsoft.TestPlatform.Utilities, Version=15.0.0.0, Culture=neutral, PublicKeyToken=b03f5f7f11d50a3a".
   5:6>ResolveAssemblyReferences:
             This reference is not "CopyLocal" because at least one source item had "Private" set to "false" and no source items had "Private" set to "true".
   6:6>ResolveAssemblyReferences:
             C:\Program Files\dotnet\packs\Microsoft.AspNetCore.App.Ref\10.0.3\ref/net10.0/Microsoft.AspNetCore.Mvc.Cors.dll
   3:6>ResolveAssemblyReferences:
             Resolved file path is "C:\Users\krish.maniar.ATPL-LAP-723\.nuget\packages\microsoft.testplatform.testhost\17.14.1\lib\net8.0\Microsoft.TestPlatform.Utilities.dll".
   5:6>ResolveAssemblyReferences:
         Primary reference "Microsoft.Extensions.Configuration.FileExtensions, Version=10.0.0.0, Culture=neutral, PublicKeyToken=adb9793829ddae60".
   6:6>ResolveAssemblyReferences:
                 Private = 'false'
   3:6>ResolveAssemblyReferences:
             Reference found at search path location "{HintPathFromItem}".
   6:6>ResolveAssemblyReferences:
             C:\Program Files\dotnet\packs\Microsoft.AspNetCore.App.Ref\10.0.3\ref/net10.0/Microsoft.AspNetCore.Mvc.DataAnnotations.dll
   5:6>ResolveAssemblyReferences:
             Resolved file path is "C:\Users\krish.maniar.ATPL-LAP-723\.nuget\packages\microsoft.extensions.configuration.fileextensions\10.0.1\lib\net10.0\Microsoft.Extensions.Configuration.FileExtensions.dll".
   6:6>ResolveAssemblyReferences:
                 Private = 'false'
   5:6>ResolveAssemblyReferences:
             Reference found at search path location "{HintPathFromItem}".
   3:6>ResolveAssemblyReferences:
             This reference is not "CopyLocal" because at least one source item had "Private" set to "false" and no source items had "Private" set to "true".
   6:6>ResolveAssemblyReferences:
             C:\Program Files\dotnet\packs\Microsoft.AspNetCore.App.Ref\10.0.3\ref/net10.0/Microsoft.AspNetCore.Mvc.Formatters.Json.dll
   5:6>ResolveAssemblyReferences:
             This reference is not "CopyLocal" because at least one source item had "Private" set to "false" and no source items had "Private" set to "true".
   3:6>ResolveAssemblyReferences:
         Primary reference "Microsoft.VisualStudio.TestPlatform.Common, Version=15.0.0.0, Culture=neutral, PublicKeyToken=b03f5f7f11d50a3a".
   6:6>ResolveAssemblyReferences:
                 Private = 'false'
   5:6>ResolveAssemblyReferences:
         Primary reference "Microsoft.Extensions.Configuration.Json, Version=10.0.0.0, Culture=neutral, PublicKeyToken=adb9793829ddae60".
   3:6>ResolveAssemblyReferences:
             Resolved file path is "C:\Users\krish.maniar.ATPL-LAP-723\.nuget\packages\microsoft.testplatform.testhost\17.14.1\lib\net8.0\Microsoft.VisualStudio.TestPlatform.Common.dll".
   5:6>ResolveAssemblyReferences:
             Resolved file path is "C:\Users\krish.maniar.ATPL-LAP-723\.nuget\packages\microsoft.extensions.configuration.json\10.0.1\lib\net10.0\Microsoft.Extensions.Configuration.Json.dll".
   6:6>ResolveAssemblyReferences:
             C:\Program Files\dotnet\packs\Microsoft.AspNetCore.App.Ref\10.0.3\ref/net10.0/Microsoft.AspNetCore.Mvc.Formatters.Xml.dll
   3:6>ResolveAssemblyReferences:
             Reference found at search path location "{HintPathFromItem}".
   5:6>ResolveAssemblyReferences:
             Reference found at search path location "{HintPathFromItem}".
   6:6>ResolveAssemblyReferences:
                 Private = 'false'
   3:6>ResolveAssemblyReferences:
             This reference is not "CopyLocal" because at least one source item had "Private" set to "false" and no source items had "Private" set to "true".
   5:6>ResolveAssemblyReferences:
             This reference is not "CopyLocal" because at least one source item had "Private" set to "false" and no source items had "Private" set to "true".
   6:6>ResolveAssemblyReferences:
             C:\Program Files\dotnet\packs\Microsoft.AspNetCore.App.Ref\10.0.3\ref/net10.0/Microsoft.AspNetCore.Mvc.Localization.dll
   5:6>ResolveAssemblyReferences:
         Primary reference "Microsoft.Extensions.DependencyInjection, Version=10.0.0.0, Culture=neutral, PublicKeyToken=adb9793829ddae60".
   6:6>ResolveAssemblyReferences:
                 Private = 'false'
   5:6>ResolveAssemblyReferences:
             Resolved file path is "C:\Users\krish.maniar.ATPL-LAP-723\.nuget\packages\microsoft.extensions.dependencyinjection\10.0.1\lib\net10.0\Microsoft.Extensions.DependencyInjection.dll".
   3:6>ResolveAssemblyReferences:
         Primary reference "testhost, Version=15.0.0.0, Culture=neutral, PublicKeyToken=b03f5f7f11d50a3a".
   6:6>ResolveAssemblyReferences:
             C:\Program Files\dotnet\packs\Microsoft.AspNetCore.App.Ref\10.0.3\ref/net10.0/Microsoft.AspNetCore.Mvc.Razor.dll
   5:6>ResolveAssemblyReferences:
             Reference found at search path location "{HintPathFromItem}".
   3:6>ResolveAssemblyReferences:
             Resolved file path is "C:\Users\krish.maniar.ATPL-LAP-723\.nuget\packages\microsoft.testplatform.testhost\17.14.1\lib\net8.0\testhost.dll".
   6:6>ResolveAssemblyReferences:
                 Private = 'false'
   5:6>ResolveAssemblyReferences:
             This reference is not "CopyLocal" because at least one source item had "Private" set to "false" and no source items had "Private" set to "true".
   3:6>ResolveAssemblyReferences:
             Reference found at search path location "{HintPathFromItem}".
   6:6>ResolveAssemblyReferences:
             C:\Program Files\dotnet\packs\Microsoft.AspNetCore.App.Ref\10.0.3\ref/net10.0/Microsoft.AspNetCore.Mvc.RazorPages.dll
   3:6>ResolveAssemblyReferences:
             This reference is not "CopyLocal" because at least one source item had "Private" set to "false" and no source items had "Private" set to "true".
   5:6>ResolveAssemblyReferences:
         Primary reference "Microsoft.Extensions.DependencyInjection.Abstractions, Version=10.0.0.0, Culture=neutral, PublicKeyToken=adb9793829ddae60".
   6:6>ResolveAssemblyReferences:
                 Private = 'false'
   3:6>ResolveAssemblyReferences:
         Primary reference "Newtonsoft.Json, Version=13.0.0.0, Culture=neutral, PublicKeyToken=30ad4fe6b2a6aeed".
   6:6>ResolveAssemblyReferences:
             C:\Program Files\dotnet\packs\Microsoft.AspNetCore.App.Ref\10.0.3\ref/net10.0/Microsoft.AspNetCore.Mvc.TagHelpers.dll
   5:6>ResolveAssemblyReferences:
             Resolved file path is "C:\Users\krish.maniar.ATPL-LAP-723\.nuget\packages\microsoft.extensions.dependencyinjection.abstractions\10.0.1\lib\net10.0\Microsoft.Extensions.DependencyInjection.Abstractions.dll".
   6:6>ResolveAssemblyReferences:
                 Private = 'false'
   5:6>ResolveAssemblyReferences:
             Reference found at search path location "{HintPathFromItem}".
   6:6>ResolveAssemblyReferences:
             C:\Program Files\dotnet\packs\Microsoft.AspNetCore.App.Ref\10.0.3\ref/net10.0/Microsoft.AspNetCore.Mvc.ViewFeatures.dll
   5:6>ResolveAssemblyReferences:
             This reference is not "CopyLocal" because at least one source item had "Private" set to "false" and no source items had "Private" set to "true".
   6:6>ResolveAssemblyReferences:
                 Private = 'false'
   3:6>ResolveAssemblyReferences:
             Resolved file path is "C:\Users\krish.maniar.ATPL-LAP-723\.nuget\packages\newtonsoft.json\13.0.3\lib\net6.0\Newtonsoft.Json.dll".
   5:6>ResolveAssemblyReferences:
         Primary reference "Microsoft.Extensions.FileProviders.Abstractions, Version=10.0.0.0, Culture=neutral, PublicKeyToken=adb9793829ddae60".
   6:6>ResolveAssemblyReferences:
             C:\Program Files\dotnet\packs\Microsoft.AspNetCore.App.Ref\10.0.3\ref/net10.0/Microsoft.AspNetCore.Mvc.dll
                 Private = 'false'
   5:6>ResolveAssemblyReferences:
             Resolved file path is "C:\Users\krish.maniar.ATPL-LAP-723\.nuget\packages\microsoft.extensions.fileproviders.abstractions\10.0.1\lib\net10.0\Microsoft.Extensions.FileProviders.Abstractions.dll".
   6:6>ResolveAssemblyReferences:
             C:\Program Files\dotnet\packs\Microsoft.AspNetCore.App.Ref\10.0.3\ref/net10.0/Microsoft.AspNetCore.OutputCaching.dll
   5:6>ResolveAssemblyReferences:
             Reference found at search path location "{HintPathFromItem}".
   6:6>ResolveAssemblyReferences:
                 Private = 'false'
             C:\Program Files\dotnet\packs\Microsoft.AspNetCore.App.Ref\10.0.3\ref/net10.0/Microsoft.AspNetCore.RateLimiting.dll
   5:6>ResolveAssemblyReferences:
             This reference is not "CopyLocal" because at least one source item had "Private" set to "false" and no source items had "Private" set to "true".
         Primary reference "Microsoft.Extensions.FileProviders.Physical, Version=10.0.0.0, Culture=neutral, PublicKeyToken=adb9793829ddae60".
   6:6>ResolveAssemblyReferences:
                 Private = 'false'
   5:6>ResolveAssemblyReferences:
             Resolved file path is "C:\Users\krish.maniar.ATPL-LAP-723\.nuget\packages\microsoft.extensions.fileproviders.physical\10.0.1\lib\net10.0\Microsoft.Extensions.FileProviders.Physical.dll".
   3:6>ResolveAssemblyReferences:
             Reference found at search path location "{HintPathFromItem}".
   6:6>ResolveAssemblyReferences:
             C:\Program Files\dotnet\packs\Microsoft.AspNetCore.App.Ref\10.0.3\ref/net10.0/Microsoft.AspNetCore.Razor.Runtime.dll
   5:6>ResolveAssemblyReferences:
             Reference found at search path location "{HintPathFromItem}".
   6:6>ResolveAssemblyReferences:
                 Private = 'false'
   3:6>ResolveAssemblyReferences:
             This reference is not "CopyLocal" because at least one source item had "Private" set to "false" and no source items had "Private" set to "true".
   5:6>ResolveAssemblyReferences:
             This reference is not "CopyLocal" because at least one source item had "Private" set to "false" and no source items had "Private" set to "true".
   6:6>ResolveAssemblyReferences:
             C:\Program Files\dotnet\packs\Microsoft.AspNetCore.App.Ref\10.0.3\ref/net10.0/Microsoft.AspNetCore.Razor.dll
   3:6>ResolveAssemblyReferences:
         Primary reference "System.Data.SqlClient, Version=4.6.1.6, Culture=neutral, PublicKeyToken=b03f5f7f11d50a3a".
   5:6>ResolveAssemblyReferences:
         Primary reference "Microsoft.Extensions.FileSystemGlobbing, Version=10.0.0.0, Culture=neutral, PublicKeyToken=adb9793829ddae60".
   6:6>ResolveAssemblyReferences:
                 Private = 'false'
   3:6>ResolveAssemblyReferences:
             Resolved file path is "C:\Users\krish.maniar.ATPL-LAP-723\.nuget\packages\system.data.sqlclient\4.9.0\lib\net8.0\System.Data.SqlClient.dll".
   5:6>ResolveAssemblyReferences:
             Resolved file path is "C:\Users\krish.maniar.ATPL-LAP-723\.nuget\packages\microsoft.extensions.filesystemglobbing\10.0.1\lib\net10.0\Microsoft.Extensions.FileSystemGlobbing.dll".
   6:6>ResolveAssemblyReferences:
             C:\Program Files\dotnet\packs\Microsoft.AspNetCore.App.Ref\10.0.3\ref/net10.0/Microsoft.AspNetCore.RequestDecompression.dll
   3:6>ResolveAssemblyReferences:
             Reference found at search path location "{HintPathFromItem}".
   6:6>ResolveAssemblyReferences:
                 Private = 'false'
   3:6>ResolveAssemblyReferences:
             This reference is not "CopyLocal" because at least one source item had "Private" set to "false" and no source items had "Private" set to "true".
   5:6>ResolveAssemblyReferences:
             Reference found at search path location "{HintPathFromItem}".
   6:6>ResolveAssemblyReferences:
             C:\Program Files\dotnet\packs\Microsoft.AspNetCore.App.Ref\10.0.3\ref/net10.0/Microsoft.AspNetCore.ResponseCaching.Abstractions.dll
   3:6>ResolveAssemblyReferences:
         Primary reference "xunit.abstractions, Version=2.0.0.0, Culture=neutral, PublicKeyToken=8d05b1bb7a6fdb6c".
   5:6>ResolveAssemblyReferences:
             This reference is not "CopyLocal" because at least one source item had "Private" set to "false" and no source items had "Private" set to "true".
   6:6>ResolveAssemblyReferences:
                 Private = 'false'
   3:6>ResolveAssemblyReferences:
             Resolved file path is "C:\Users\krish.maniar.ATPL-LAP-723\.nuget\packages\xunit.abstractions\2.0.3\lib\netstandard2.0\xunit.abstractions.dll".
   6:6>ResolveAssemblyReferences:
             C:\Program Files\dotnet\packs\Microsoft.AspNetCore.App.Ref\10.0.3\ref/net10.0/Microsoft.AspNetCore.ResponseCaching.dll
   5:6>ResolveAssemblyReferences:
         Primary reference "Microsoft.Extensions.Primitives, Version=10.0.0.0, Culture=neutral, PublicKeyToken=adb9793829ddae60".
   6:6>ResolveAssemblyReferences:
                 Private = 'false'
   5:6>ResolveAssemblyReferences:
             Resolved file path is "C:\Users\krish.maniar.ATPL-LAP-723\.nuget\packages\microsoft.extensions.primitives\10.0.1\lib\net10.0\Microsoft.Extensions.Primitives.dll".
   3:6>ResolveAssemblyReferences:
             Reference found at search path location "{HintPathFromItem}".
   6:6>ResolveAssemblyReferences:
             C:\Program Files\dotnet\packs\Microsoft.AspNetCore.App.Ref\10.0.3\ref/net10.0/Microsoft.AspNetCore.ResponseCompression.dll
   5:6>ResolveAssemblyReferences:
             Reference found at search path location "{HintPathFromItem}".
   3:6>ResolveAssemblyReferences:
             This reference is not "CopyLocal" because at least one source item had "Private" set to "false" and no source items had "Private" set to "true".
   6:6>ResolveAssemblyReferences:
                 Private = 'false'
   3:6>ResolveAssemblyReferences:
         Primary reference "xunit.assert, Version=2.9.3.0, Culture=neutral, PublicKeyToken=8d05b1bb7a6fdb6c".
   5:6>ResolveAssemblyReferences:
             This reference is not "CopyLocal" because at least one source item had "Private" set to "false" and no source items had "Private" set to "true".
   3:6>ResolveAssemblyReferences:
             Resolved file path is "C:\Users\krish.maniar.ATPL-LAP-723\.nuget\packages\xunit.assert\2.9.3\lib\net6.0\xunit.assert.dll".
   6:6>ResolveAssemblyReferences:
             C:\Program Files\dotnet\packs\Microsoft.AspNetCore.App.Ref\10.0.3\ref/net10.0/Microsoft.AspNetCore.Rewrite.dll
   5:6>ResolveAssemblyReferences:
         Primary reference "Microsoft.Xaml.Behaviors, Version=1.1.0.0, Culture=neutral, PublicKeyToken=b03f5f7f11d50a3a".
   3:6>ResolveAssemblyReferences:
             Reference found at search path location "{HintPathFromItem}".
   6:6>ResolveAssemblyReferences:
                 Private = 'false'
   5:6>ResolveAssemblyReferences:
             Resolved file path is "C:\Users\krish.maniar.ATPL-LAP-723\.nuget\packages\microsoft.xaml.behaviors.wpf\1.1.135\lib\net6.0-windows7.0\Microsoft.Xaml.Behaviors.dll".
   6:6>ResolveAssemblyReferences:
             C:\Program Files\dotnet\packs\Microsoft.AspNetCore.App.Ref\10.0.3\ref/net10.0/Microsoft.AspNetCore.Routing.Abstractions.dll
   3:6>ResolveAssemblyReferences:
             This reference is not "CopyLocal" because at least one source item had "Private" set to "false" and no source items had "Private" set to "true".
   5:6>ResolveAssemblyReferences:
             Reference found at search path location "{HintPathFromItem}".
             This reference is not "CopyLocal" because at least one source item had "Private" set to "false" and no source items had "Private" set to "true".
   6:6>ResolveAssemblyReferences:
                 Private = 'false'
   3:6>ResolveAssemblyReferences:
         Primary reference "xunit.core, Version=2.9.3.0, Culture=neutral, PublicKeyToken=8d05b1bb7a6fdb6c".
   5:6>ResolveAssemblyReferences:
         Primary reference "System.Data.SqlClient, Version=4.6.1.6, Culture=neutral, PublicKeyToken=b03f5f7f11d50a3a".
   3:6>ResolveAssemblyReferences:
             Resolved file path is "C:\Users\krish.maniar.ATPL-LAP-723\.nuget\packages\xunit.extensibility.core\2.9.3\lib\netstandard1.1\xunit.core.dll".
   6:6>ResolveAssemblyReferences:
             C:\Program Files\dotnet\packs\Microsoft.AspNetCore.App.Ref\10.0.3\ref/net10.0/Microsoft.AspNetCore.Routing.dll
   5:6>ResolveAssemblyReferences:
             Resolved file path is "C:\Users\krish.maniar.ATPL-LAP-723\.nuget\packages\system.data.sqlclient\4.9.0\lib\net8.0\System.Data.SqlClient.dll".
   3:6>ResolveAssemblyReferences:
             Reference found at search path location "{HintPathFromItem}".
   6:6>ResolveAssemblyReferences:
                 Private = 'false'
   5:6>ResolveAssemblyReferences:
             Reference found at search path location "{HintPathFromItem}".
   3:6>ResolveAssemblyReferences:
             This reference is not "CopyLocal" because at least one source item had "Private" set to "false" and no source items had "Private" set to "true".
   6:6>ResolveAssemblyReferences:
             C:\Program Files\dotnet\packs\Microsoft.AspNetCore.App.Ref\10.0.3\ref/net10.0/Microsoft.AspNetCore.Server.HttpSys.dll
   5:6>ResolveAssemblyReferences:
             This reference is not "CopyLocal" because at least one source item had "Private" set to "false" and no source items had "Private" set to "true".
   3:6>ResolveAssemblyReferences:
         Primary reference "xunit.execution.dotnet, Version=2.9.3.0, Culture=neutral, PublicKeyToken=8d05b1bb7a6fdb6c".
   6:6>ResolveAssemblyReferences:
                 Private = 'false'
   5:6>ResolveAssemblyReferences:
         Primary reference "Microsoft.CSharp, Version=10.0.0.0, Culture=neutral, PublicKeyToken=b03f5f7f11d50a3a".
   3:6>ResolveAssemblyReferences:
             Resolved file path is "C:\Users\krish.maniar.ATPL-LAP-723\.nuget\packages\xunit.extensibility.execution\2.9.3\lib\netstandard1.1\xunit.execution.dotnet.dll".
   6:6>ResolveAssemblyReferences:
             C:\Program Files\dotnet\packs\Microsoft.AspNetCore.App.Ref\10.0.3\ref/net10.0/Microsoft.AspNetCore.Server.IIS.dll
   3:6>ResolveAssemblyReferences:
             Reference found at search path location "{HintPathFromItem}".
   6:6>ResolveAssemblyReferences:
                 Private = 'false'
   5:6>ResolveAssemblyReferences:
             Resolved file path is "C:\Program Files\dotnet\packs\Microsoft.NETCore.App.Ref\10.0.3\ref\net10.0\Microsoft.CSharp.dll".
   3:6>ResolveAssemblyReferences:
             This reference is not "CopyLocal" because at least one source item had "Private" set to "false" and no source items had "Private" set to "true".
   6:6>ResolveAssemblyReferences:
             C:\Program Files\dotnet\packs\Microsoft.AspNetCore.App.Ref\10.0.3\ref/net10.0/Microsoft.AspNetCore.Server.IISIntegration.dll
   3:6>ResolveAssemblyReferences:
         Primary reference "Microsoft.CSharp, Version=10.0.0.0, Culture=neutral, PublicKeyToken=b03f5f7f11d50a3a".
   5:6>ResolveAssemblyReferences:
             Reference found at search path location "{RawFileName}".
   6:6>ResolveAssemblyReferences:
                 Private = 'false'
   5:6>ResolveAssemblyReferences:
             This reference is not "CopyLocal" because at least one source item had "Private" set to "false" and no source items had "Private" set to "true".
   3:6>ResolveAssemblyReferences:
             Resolved file path is "C:\Program Files\dotnet\packs\Microsoft.NETCore.App.Ref\10.0.3\ref\net10.0\Microsoft.CSharp.dll".
   6:6>ResolveAssemblyReferences:
             C:\Program Files\dotnet\packs\Microsoft.AspNetCore.App.Ref\10.0.3\ref/net10.0/Microsoft.AspNetCore.Server.Kestrel.Core.dll
   5:6>ResolveAssemblyReferences:
         Primary reference "Microsoft.VisualBasic.Core, Version=15.0.0.0, Culture=neutral, PublicKeyToken=b03f5f7f11d50a3a".
   3:6>ResolveAssemblyReferences:
             Reference found at search path location "{RawFileName}".
   6:6>ResolveAssemblyReferences:
                 Private = 'false'
             C:\Program Files\dotnet\packs\Microsoft.AspNetCore.App.Ref\10.0.3\ref/net10.0/Microsoft.AspNetCore.Server.Kestrel.Transport.NamedPipes.dll
   5:6>ResolveAssemblyReferences:
             Resolved file path is "C:\Program Files\dotnet\packs\Microsoft.NETCore.App.Ref\10.0.3\ref\net10.0\Microsoft.VisualBasic.Core.dll".
   3:6>ResolveAssemblyReferences:
             This reference is not "CopyLocal" because at least one source item had "Private" set to "false" and no source items had "Private" set to "true".
   5:6>ResolveAssemblyReferences:
             Reference found at search path location "{RawFileName}".
   6:6>ResolveAssemblyReferences:
                 Private = 'false'
   3:6>ResolveAssemblyReferences:
         Primary reference "Microsoft.VisualBasic.Core, Version=15.0.0.0, Culture=neutral, PublicKeyToken=b03f5f7f11d50a3a".
   5:6>ResolveAssemblyReferences:
             This reference is not "CopyLocal" because at least one source item had "Private" set to "false" and no source items had "Private" set to "true".
   6:6>ResolveAssemblyReferences:
             C:\Program Files\dotnet\packs\Microsoft.AspNetCore.App.Ref\10.0.3\ref/net10.0/Microsoft.AspNetCore.Server.Kestrel.Transport.Quic.dll
   3:6>ResolveAssemblyReferences:
             Resolved file path is "C:\Program Files\dotnet\packs\Microsoft.NETCore.App.Ref\10.0.3\ref\net10.0\Microsoft.VisualBasic.Core.dll".
   5:6>ResolveAssemblyReferences:
         Primary reference "Microsoft.Win32.Primitives, Version=10.0.0.0, Culture=neutral, PublicKeyToken=b03f5f7f11d50a3a".
   3:6>ResolveAssemblyReferences:
             Reference found at search path location "{RawFileName}".
   6:6>ResolveAssemblyReferences:
                 Private = 'false'
   5:6>ResolveAssemblyReferences:
             Resolved file path is "C:\Program Files\dotnet\packs\Microsoft.NETCore.App.Ref\10.0.3\ref\net10.0\Microsoft.Win32.Primitives.dll".
   6:6>ResolveAssemblyReferences:
             C:\Program Files\dotnet\packs\Microsoft.AspNetCore.App.Ref\10.0.3\ref/net10.0/Microsoft.AspNetCore.Server.Kestrel.Transport.Sockets.dll
   3:6>ResolveAssemblyReferences:
             This reference is not "CopyLocal" because at least one source item had "Private" set to "false" and no source items had "Private" set to "true".
   5:6>ResolveAssemblyReferences:
             Reference found at search path location "{RawFileName}".
   6:6>ResolveAssemblyReferences:
                 Private = 'false'
   3:6>ResolveAssemblyReferences:
         Primary reference "Microsoft.VisualBasic, Version=10.0.0.0, Culture=neutral, PublicKeyToken=b03f5f7f11d50a3a".
   5:6>ResolveAssemblyReferences:
             This reference is not "CopyLocal" because at least one source item had "Private" set to "false" and no source items had "Private" set to "true".
   3:6>ResolveAssemblyReferences:
             Resolved file path is "C:\Program Files\dotnet\packs\Microsoft.NETCore.App.Ref\10.0.3\ref\net10.0\Microsoft.VisualBasic.dll".
   6:6>ResolveAssemblyReferences:
             C:\Program Files\dotnet\packs\Microsoft.AspNetCore.App.Ref\10.0.3\ref/net10.0/Microsoft.AspNetCore.Server.Kestrel.dll
   3:6>ResolveAssemblyReferences:
             Reference found at search path location "{RawFileName}".
   5:6>ResolveAssemblyReferences:
         Primary reference "Microsoft.Win32.Registry, Version=10.0.0.0, Culture=neutral, PublicKeyToken=b03f5f7f11d50a3a".
             Resolved file path is "C:\Program Files\dotnet\packs\Microsoft.NETCore.App.Ref\10.0.3\ref\net10.0\Microsoft.Win32.Registry.dll".
   6:6>ResolveAssemblyReferences:
                 Private = 'false'
   3:6>ResolveAssemblyReferences:
             This reference is not "CopyLocal" because at least one source item had "Private" set to "false" and no source items had "Private" set to "true".
   5:6>ResolveAssemblyReferences:
             Reference found at search path location "{RawFileName}".
   3:6>ResolveAssemblyReferences:
         Primary reference "Microsoft.Win32.Primitives, Version=10.0.0.0, Culture=neutral, PublicKeyToken=b03f5f7f11d50a3a".
   6:6>ResolveAssemblyReferences:
             C:\Program Files\dotnet\packs\Microsoft.AspNetCore.App.Ref\10.0.3\ref/net10.0/Microsoft.AspNetCore.Session.dll
   5:6>ResolveAssemblyReferences:
             This reference is not "CopyLocal" because at least one source item had "Private" set to "false" and no source items had "Private" set to "true".
   3:6>ResolveAssemblyReferences:
             Resolved file path is "C:\Program Files\dotnet\packs\Microsoft.NETCore.App.Ref\10.0.3\ref\net10.0\Microsoft.Win32.Primitives.dll".
   5:6>ResolveAssemblyReferences:
         Primary reference "System.AppContext, Version=10.0.0.0, Culture=neutral, PublicKeyToken=b03f5f7f11d50a3a".
   6:6>ResolveAssemblyReferences:
                 Private = 'false'
   3:6>ResolveAssemblyReferences:
             Reference found at search path location "{RawFileName}".
   5:6>ResolveAssemblyReferences:
             Resolved file path is "C:\Program Files\dotnet\packs\Microsoft.NETCore.App.Ref\10.0.3\ref\net10.0\System.AppContext.dll".
   6:6>ResolveAssemblyReferences:
             C:\Program Files\dotnet\packs\Microsoft.AspNetCore.App.Ref\10.0.3\ref/net10.0/Microsoft.AspNetCore.SignalR.Common.dll
   3:6>ResolveAssemblyReferences:
             This reference is not "CopyLocal" because at least one source item had "Private" set to "false" and no source items had "Private" set to "true".
   5:6>ResolveAssemblyReferences:
             Reference found at search path location "{RawFileName}".
   3:6>ResolveAssemblyReferences:
         Primary reference "Microsoft.Win32.Registry, Version=10.0.0.0, Culture=neutral, PublicKeyToken=b03f5f7f11d50a3a".
   5:6>ResolveAssemblyReferences:
             This reference is not "CopyLocal" because at least one source item had "Private" set to "false" and no source items had "Private" set to "true".
   3:6>ResolveAssemblyReferences:
             Resolved file path is "C:\Program Files\dotnet\packs\Microsoft.NETCore.App.Ref\10.0.3\ref\net10.0\Microsoft.Win32.Registry.dll".
   5:6>ResolveAssemblyReferences:
         Primary reference "System.Buffers, Version=10.0.0.0, Culture=neutral, PublicKeyToken=cc7b13ffcd2ddd51".
   6:6>ResolveAssemblyReferences:
                 Private = 'false'
   3:6>ResolveAssemblyReferences:
             Reference found at search path location "{RawFileName}".
   5:6>ResolveAssemblyReferences:
             Resolved file path is "C:\Program Files\dotnet\packs\Microsoft.NETCore.App.Ref\10.0.3\ref\net10.0\System.Buffers.dll".
   3:6>ResolveAssemblyReferences:
             This reference is not "CopyLocal" because at least one source item had "Private" set to "false" and no source items had "Private" set to "true".
   6:6>ResolveAssemblyReferences:
             C:\Program Files\dotnet\packs\Microsoft.AspNetCore.App.Ref\10.0.3\ref/net10.0/Microsoft.AspNetCore.SignalR.Core.dll
   5:6>ResolveAssemblyReferences:
             Reference found at search path location "{RawFileName}".
   3:6>ResolveAssemblyReferences:
         Primary reference "System.AppContext, Version=10.0.0.0, Culture=neutral, PublicKeyToken=b03f5f7f11d50a3a".
   5:6>ResolveAssemblyReferences:
             This reference is not "CopyLocal" because at least one source item had "Private" set to "false" and no source items had "Private" set to "true".
   3:6>ResolveAssemblyReferences:
             Resolved file path is "C:\Program Files\dotnet\packs\Microsoft.NETCore.App.Ref\10.0.3\ref\net10.0\System.AppContext.dll".
   5:6>ResolveAssemblyReferences:
         Primary reference "System.Collections.Concurrent, Version=10.0.0.0, Culture=neutral, PublicKeyToken=b03f5f7f11d50a3a".
   3:6>ResolveAssemblyReferences:
             Reference found at search path location "{RawFileName}".
   5:6>ResolveAssemblyReferences:
             Resolved file path is "C:\Program Files\dotnet\packs\Microsoft.NETCore.App.Ref\10.0.3\ref\net10.0\System.Collections.Concurrent.dll".
   3:6>ResolveAssemblyReferences:
             This reference is not "CopyLocal" because at least one source item had "Private" set to "false" and no source items had "Private" set to "true".
   6:6>ResolveAssemblyReferences:
                 Private = 'false'
   5:6>ResolveAssemblyReferences:
             Reference found at search path location "{RawFileName}".
   3:6>ResolveAssemblyReferences:
         Primary reference "System.Buffers, Version=10.0.0.0, Culture=neutral, PublicKeyToken=cc7b13ffcd2ddd51".
   5:6>ResolveAssemblyReferences:
             This reference is not "CopyLocal" because at least one source item had "Private" set to "false" and no source items had "Private" set to "true".
   3:6>ResolveAssemblyReferences:
             Resolved file path is "C:\Program Files\dotnet\packs\Microsoft.NETCore.App.Ref\10.0.3\ref\net10.0\System.Buffers.dll".
   5:6>ResolveAssemblyReferences:
         Primary reference "System.Collections.Immutable, Version=10.0.0.0, Culture=neutral, PublicKeyToken=b03f5f7f11d50a3a".
   6:6>ResolveAssemblyReferences:
             C:\Program Files\dotnet\packs\Microsoft.AspNetCore.App.Ref\10.0.3\ref/net10.0/Microsoft.AspNetCore.SignalR.Protocols.Json.dll
   3:6>ResolveAssemblyReferences:
             Reference found at search path location "{RawFileName}".
   5:6>ResolveAssemblyReferences:
             Resolved file path is "C:\Program Files\dotnet\packs\Microsoft.NETCore.App.Ref\10.0.3\ref\net10.0\System.Collections.Immutable.dll".
   6:6>ResolveAssemblyReferences:
                 Private = 'false'
   3:6>ResolveAssemblyReferences:
             This reference is not "CopyLocal" because at least one source item had "Private" set to "false" and no source items had "Private" set to "true".
   5:6>ResolveAssemblyReferences:
             Reference found at search path location "{RawFileName}".
   6:6>ResolveAssemblyReferences:
             C:\Program Files\dotnet\packs\Microsoft.AspNetCore.App.Ref\10.0.3\ref/net10.0/Microsoft.AspNetCore.SignalR.dll
   5:6>ResolveAssemblyReferences:
             This reference is not "CopyLocal" because at least one source item had "Private" set to "false" and no source items had "Private" set to "true".
   3:6>ResolveAssemblyReferences:
         Primary reference "System.Collections.Concurrent, Version=10.0.0.0, Culture=neutral, PublicKeyToken=b03f5f7f11d50a3a".
   5:6>ResolveAssemblyReferences:
         Primary reference "System.Collections.NonGeneric, Version=10.0.0.0, Culture=neutral, PublicKeyToken=b03f5f7f11d50a3a".
   3:6>ResolveAssemblyReferences:
             Resolved file path is "C:\Program Files\dotnet\packs\Microsoft.NETCore.App.Ref\10.0.3\ref\net10.0\System.Collections.Concurrent.dll".
   6:6>ResolveAssemblyReferences:
                 Private = 'false'
   5:6>ResolveAssemblyReferences:
             Resolved file path is "C:\Program Files\dotnet\packs\Microsoft.NETCore.App.Ref\10.0.3\ref\net10.0\System.Collections.NonGeneric.dll".
             Reference found at search path location "{RawFileName}".
   6:6>ResolveAssemblyReferences:
             C:\Program Files\dotnet\packs\Microsoft.AspNetCore.App.Ref\10.0.3\ref/net10.0/Microsoft.AspNetCore.StaticAssets.dll
   3:6>ResolveAssemblyReferences:
             Reference found at search path location "{RawFileName}".
   5:6>ResolveAssemblyReferences:
             This reference is not "CopyLocal" because at least one source item had "Private" set to "false" and no source items had "Private" set to "true".
   6:6>ResolveAssemblyReferences:
                 Private = 'false'
   3:6>ResolveAssemblyReferences:
             This reference is not "CopyLocal" because at least one source item had "Private" set to "false" and no source items had "Private" set to "true".
   5:6>ResolveAssemblyReferences:
         Primary reference "System.Collections.Specialized, Version=10.0.0.0, Culture=neutral, PublicKeyToken=b03f5f7f11d50a3a".
   6:6>ResolveAssemblyReferences:
             C:\Program Files\dotnet\packs\Microsoft.AspNetCore.App.Ref\10.0.3\ref/net10.0/Microsoft.AspNetCore.StaticFiles.dll
   5:6>ResolveAssemblyReferences:
             Resolved file path is "C:\Program Files\dotnet\packs\Microsoft.NETCore.App.Ref\10.0.3\ref\net10.0\System.Collections.Specialized.dll".
   3:6>ResolveAssemblyReferences:
         Primary reference "System.Collections.Immutable, Version=10.0.0.0, Culture=neutral, PublicKeyToken=b03f5f7f11d50a3a".
   5:6>ResolveAssemblyReferences:
             Reference found at search path location "{RawFileName}".
   6:6>ResolveAssemblyReferences:
                 Private = 'false'
   5:6>ResolveAssemblyReferences:
             This reference is not "CopyLocal" because at least one source item had "Private" set to "false" and no source items had "Private" set to "true".
   6:6>ResolveAssemblyReferences:
             C:\Program Files\dotnet\packs\Microsoft.AspNetCore.App.Ref\10.0.3\ref/net10.0/Microsoft.AspNetCore.WebSockets.dll
   3:6>ResolveAssemblyReferences:
             Resolved file path is "C:\Program Files\dotnet\packs\Microsoft.NETCore.App.Ref\10.0.3\ref\net10.0\System.Collections.Immutable.dll".
   5:6>ResolveAssemblyReferences:
         Unified primary reference "System.Collections, Version=10.0.0.0, Culture=neutral, PublicKeyToken=b03f5f7f11d50a3a".
   3:6>ResolveAssemblyReferences:
             Reference found at search path location "{RawFileName}".
   5:6>ResolveAssemblyReferences:
             Using this version instead of original version "4.1.1.0" in "C:\Users\krish.maniar.ATPL-LAP-723\.nuget\packages\microsoft.web.webview2\1.0.3800.47\lib_manual\netcoreapp3.0\Microsoft.Web.WebView2.WinForms.dll" because AutoUnify is 'true'.
   6:6>ResolveAssemblyReferences:
                 Private = 'false'
   3:6>ResolveAssemblyReferences:
             This reference is not "CopyLocal" because at least one source item had "Private" set to "false" and no source items had "Private" set to "true".
   5:6>ResolveAssemblyReferences:
             Using this version instead of original version "5.0.0.0" in "C:\Users\krish.maniar.ATPL-LAP-723\.nuget\packages\microsoft.web.webview2\1.0.3800.47\lib_manual\net5.0-windows10.0.17763.0\Microsoft.Web.WebView2.Wpf.dll" because AutoUnify is 'true'.
   6:6>ResolveAssemblyReferences:
             C:\Program Files\dotnet\packs\Microsoft.AspNetCore.App.Ref\10.0.3\ref/net10.0/Microsoft.AspNetCore.WebUtilities.dll
   3:6>ResolveAssemblyReferences:
         Primary reference "System.Collections.NonGeneric, Version=10.0.0.0, Culture=neutral, PublicKeyToken=b03f5f7f11d50a3a".
   6:6>ResolveAssemblyReferences:
                 Private = 'false'
   5:6>ResolveAssemblyReferences:
             Resolved file path is "C:\Program Files\dotnet\packs\Microsoft.NETCore.App.Ref\10.0.3\ref\net10.0\System.Collections.dll".
   6:6>ResolveAssemblyReferences:
             C:\Program Files\dotnet\packs\Microsoft.AspNetCore.App.Ref\10.0.3\ref/net10.0/Microsoft.AspNetCore.dll
   5:6>ResolveAssemblyReferences:
             Reference found at search path location "{RawFileName}".
   3:6>ResolveAssemblyReferences:
             Resolved file path is "C:\Program Files\dotnet\packs\Microsoft.NETCore.App.Ref\10.0.3\ref\net10.0\System.Collections.NonGeneric.dll".
   6:6>ResolveAssemblyReferences:
                 Private = 'false'
   5:6>ResolveAssemblyReferences:
             This reference is not "CopyLocal" because at least one source item had "Private" set to "false" and no source items had "Private" set to "true".
   3:6>ResolveAssemblyReferences:
             Reference found at search path location "{RawFileName}".
   6:6>ResolveAssemblyReferences:
             C:\Program Files\dotnet\packs\Microsoft.AspNetCore.App.Ref\10.0.3\ref/net10.0/Microsoft.Extensions.Caching.Abstractions.dll
   5:6>ResolveAssemblyReferences:
         Primary reference "System.ComponentModel.Annotations, Version=10.0.0.0, Culture=neutral, PublicKeyToken=b03f5f7f11d50a3a".
   3:6>ResolveAssemblyReferences:
             This reference is not "CopyLocal" because at least one source item had "Private" set to "false" and no source items had "Private" set to "true".
   5:6>ResolveAssemblyReferences:
             Resolved file path is "C:\Program Files\dotnet\packs\Microsoft.NETCore.App.Ref\10.0.3\ref\net10.0\System.ComponentModel.Annotations.dll".
             Reference found at search path location "{RawFileName}".
   6:6>ResolveAssemblyReferences:
                 Private = 'false'
   3:6>ResolveAssemblyReferences:
         Primary reference "System.Collections.Specialized, Version=10.0.0.0, Culture=neutral, PublicKeyToken=b03f5f7f11d50a3a".
   5:6>ResolveAssemblyReferences:
             This reference is not "CopyLocal" because at least one source item had "Private" set to "false" and no source items had "Private" set to "true".
   6:6>ResolveAssemblyReferences:
             C:\Program Files\dotnet\packs\Microsoft.AspNetCore.App.Ref\10.0.3\ref/net10.0/Microsoft.Extensions.Caching.Memory.dll
   5:6>ResolveAssemblyReferences:
         Primary reference "System.ComponentModel.DataAnnotations, Version=4.0.0.0, Culture=neutral, PublicKeyToken=31bf3856ad364e35".
   3:6>ResolveAssemblyReferences:
             Resolved file path is "C:\Program Files\dotnet\packs\Microsoft.NETCore.App.Ref\10.0.3\ref\net10.0\System.Collections.Specialized.dll".
   5:6>ResolveAssemblyReferences:
             Resolved file path is "C:\Program Files\dotnet\packs\Microsoft.NETCore.App.Ref\10.0.3\ref\net10.0\System.ComponentModel.DataAnnotations.dll".
             Reference found at search path location "{RawFileName}".
   6:6>ResolveAssemblyReferences:
                 Private = 'false'
   5:6>ResolveAssemblyReferences:
             This reference is not "CopyLocal" because at least one source item had "Private" set to "false" and no source items had "Private" set to "true".
   6:6>ResolveAssemblyReferences:
             C:\Program Files\dotnet\packs\Microsoft.AspNetCore.App.Ref\10.0.3\ref/net10.0/Microsoft.Extensions.Configuration.Abstractions.dll
   3:6>ResolveAssemblyReferences:
             Reference found at search path location "{RawFileName}".
   5:6>ResolveAssemblyReferences:
         Primary reference "System.ComponentModel.EventBasedAsync, Version=10.0.0.0, Culture=neutral, PublicKeyToken=b03f5f7f11d50a3a".
   3:6>ResolveAssemblyReferences:
             This reference is not "CopyLocal" because at least one source item had "Private" set to "false" and no source items had "Private" set to "true".
   5:6>ResolveAssemblyReferences:
             Resolved file path is "C:\Program Files\dotnet\packs\Microsoft.NETCore.App.Ref\10.0.3\ref\net10.0\System.ComponentModel.EventBasedAsync.dll".
   3:6>ResolveAssemblyReferences:
         Primary reference "System.Collections, Version=10.0.0.0, Culture=neutral, PublicKeyToken=b03f5f7f11d50a3a".
   6:6>ResolveAssemblyReferences:
                 Private = 'false'
   5:6>ResolveAssemblyReferences:
             Reference found at search path location "{RawFileName}".
   3:6>ResolveAssemblyReferences:
             Resolved file path is "C:\Program Files\dotnet\packs\Microsoft.NETCore.App.Ref\10.0.3\ref\net10.0\System.Collections.dll".
   5:6>ResolveAssemblyReferences:
             This reference is not "CopyLocal" because at least one source item had "Private" set to "false" and no source items had "Private" set to "true".
   3:6>ResolveAssemblyReferences:
             Reference found at search path location "{RawFileName}".
   6:6>ResolveAssemblyReferences:
             C:\Program Files\dotnet\packs\Microsoft.AspNetCore.App.Ref\10.0.3\ref/net10.0/Microsoft.Extensions.Configuration.Binder.dll
   5:6>ResolveAssemblyReferences:
         Unified primary reference "System.ComponentModel.Primitives, Version=10.0.0.0, Culture=neutral, PublicKeyToken=b03f5f7f11d50a3a".
   3:6>ResolveAssemblyReferences:
             This reference is not "CopyLocal" because at least one source item had "Private" set to "false" and no source items had "Private" set to "true".
   5:6>ResolveAssemblyReferences:
             Using this version instead of original version "4.2.1.0" in "C:\Users\krish.maniar.ATPL-LAP-723\.nuget\packages\microsoft.web.webview2\1.0.3800.47\lib_manual\netcoreapp3.0\Microsoft.Web.WebView2.WinForms.dll" because AutoUnify is 'true'.
   3:6>ResolveAssemblyReferences:
         Primary reference "System.ComponentModel.Annotations, Version=10.0.0.0, Culture=neutral, PublicKeyToken=b03f5f7f11d50a3a".
   6:6>ResolveAssemblyReferences:
                 Private = 'false'
   5:6>ResolveAssemblyReferences:
             Using this version instead of original version "5.0.0.0" in "C:\Users\krish.maniar.ATPL-LAP-723\.nuget\packages\microsoft.web.webview2\1.0.3800.47\lib_manual\net5.0-windows10.0.17763.0\Microsoft.Web.WebView2.Wpf.dll" because AutoUnify is 'true'.
   3:6>ResolveAssemblyReferences:
             Resolved file path is "C:\Program Files\dotnet\packs\Microsoft.NETCore.App.Ref\10.0.3\ref\net10.0\System.ComponentModel.Annotations.dll".
   5:6>ResolveAssemblyReferences:
             Resolved file path is "C:\Program Files\dotnet\packs\Microsoft.NETCore.App.Ref\10.0.3\ref\net10.0\System.ComponentModel.Primitives.dll".
   3:6>ResolveAssemblyReferences:
             Reference found at search path location "{RawFileName}".
   6:6>ResolveAssemblyReferences:
             C:\Program Files\dotnet\packs\Microsoft.AspNetCore.App.Ref\10.0.3\ref/net10.0/Microsoft.Extensions.Configuration.CommandLine.dll
   5:6>ResolveAssemblyReferences:
             Reference found at search path location "{RawFileName}".
   3:6>ResolveAssemblyReferences:
             This reference is not "CopyLocal" because at least one source item had "Private" set to "false" and no source items had "Private" set to "true".
   5:6>ResolveAssemblyReferences:
             This reference is not "CopyLocal" because at least one source item had "Private" set to "false" and no source items had "Private" set to "true".
   3:6>ResolveAssemblyReferences:
         Primary reference "System.ComponentModel.DataAnnotations, Version=4.0.0.0, Culture=neutral, PublicKeyToken=31bf3856ad364e35".
   6:6>ResolveAssemblyReferences:
                 Private = 'false'
   5:6>ResolveAssemblyReferences:
         Unified primary reference "System.ComponentModel.TypeConverter, Version=10.0.0.0, Culture=neutral, PublicKeyToken=b03f5f7f11d50a3a".
   3:6>ResolveAssemblyReferences:
             Resolved file path is "C:\Program Files\dotnet\packs\Microsoft.NETCore.App.Ref\10.0.3\ref\net10.0\System.ComponentModel.DataAnnotations.dll".
   6:6>ResolveAssemblyReferences:
             C:\Program Files\dotnet\packs\Microsoft.AspNetCore.App.Ref\10.0.3\ref/net10.0/Microsoft.Extensions.Configuration.EnvironmentVariables.dll
   3:6>ResolveAssemblyReferences:
             Reference found at search path location "{RawFileName}".
   5:6>ResolveAssemblyReferences:
             Using this version instead of original version "4.2.1.0" in "C:\Users\krish.maniar.ATPL-LAP-723\.nuget\packages\microsoft.web.webview2\1.0.3800.47\lib_manual\netcoreapp3.0\Microsoft.Web.WebView2.WinForms.dll" because AutoUnify is 'true'.
   3:6>ResolveAssemblyReferences:
             This reference is not "CopyLocal" because at least one source item had "Private" set to "false" and no source items had "Private" set to "true".
   5:6>ResolveAssemblyReferences:
             Using this version instead of original version "5.0.0.0" in "C:\Users\krish.maniar.ATPL-LAP-723\.nuget\packages\microsoft.web.webview2\1.0.3800.47\lib_manual\net5.0-windows10.0.17763.0\Microsoft.Web.WebView2.Wpf.dll" because AutoUnify is 'true'.
   3:6>ResolveAssemblyReferences:
         Primary reference "System.ComponentModel.EventBasedAsync, Version=10.0.0.0, Culture=neutral, PublicKeyToken=b03f5f7f11d50a3a".
             Resolved file path is "C:\Program Files\dotnet\packs\Microsoft.NETCore.App.Ref\10.0.3\ref\net10.0\System.ComponentModel.EventBasedAsync.dll".
   5:6>ResolveAssemblyReferences:
             Resolved file path is "C:\Program Files\dotnet\packs\Microsoft.NETCore.App.Ref\10.0.3\ref\net10.0\System.ComponentModel.TypeConverter.dll".
   6:6>ResolveAssemblyReferences:
                 Private = 'false'
   3:6>ResolveAssemblyReferences:
             Reference found at search path location "{RawFileName}".
   5:6>ResolveAssemblyReferences:
             Reference found at search path location "{RawFileName}".
   3:6>ResolveAssemblyReferences:
             This reference is not "CopyLocal" because at least one source item had "Private" set to "false" and no source items had "Private" set to "true".
   5:6>ResolveAssemblyReferences:
             This reference is not "CopyLocal" because at least one source item had "Private" set to "false" and no source items had "Private" set to "true".
   3:6>ResolveAssemblyReferences:
         Primary reference "System.ComponentModel.Primitives, Version=10.0.0.0, Culture=neutral, PublicKeyToken=b03f5f7f11d50a3a".
   5:6>ResolveAssemblyReferences:
         Primary reference "System.ComponentModel, Version=10.0.0.0, Culture=neutral, PublicKeyToken=b03f5f7f11d50a3a".
             Resolved file path is "C:\Program Files\dotnet\packs\Microsoft.NETCore.App.Ref\10.0.3\ref\net10.0\System.ComponentModel.dll".
   3:6>ResolveAssemblyReferences:
             Resolved file path is "C:\Program Files\dotnet\packs\Microsoft.NETCore.App.Ref\10.0.3\ref\net10.0\System.ComponentModel.Primitives.dll".
   6:6>ResolveAssemblyReferences:
             C:\Program Files\dotnet\packs\Microsoft.AspNetCore.App.Ref\10.0.3\ref/net10.0/Microsoft.Extensions.Configuration.FileExtensions.dll
   5:6>ResolveAssemblyReferences:
             Reference found at search path location "{RawFileName}".
   3:6>ResolveAssemblyReferences:
             Reference found at search path location "{RawFileName}".
   5:6>ResolveAssemblyReferences:
             This reference is not "CopyLocal" because at least one source item had "Private" set to "false" and no source items had "Private" set to "true".
   6:6>ResolveAssemblyReferences:
                 Private = 'false'
   3:6>ResolveAssemblyReferences:
             This reference is not "CopyLocal" because at least one source item had "Private" set to "false" and no source items had "Private" set to "true".
   5:6>ResolveAssemblyReferences:
         Primary reference "System.Configuration, Version=4.0.0.0, Culture=neutral, PublicKeyToken=b03f5f7f11d50a3a".
   3:6>ResolveAssemblyReferences:
         Primary reference "System.ComponentModel.TypeConverter, Version=10.0.0.0, Culture=neutral, PublicKeyToken=b03f5f7f11d50a3a".
   5:6>ResolveAssemblyReferences:
             Resolved file path is "C:\Program Files\dotnet\packs\Microsoft.NETCore.App.Ref\10.0.3\ref\net10.0\System.Configuration.dll".
             Reference found at search path location "{RawFileName}".
   6:6>ResolveAssemblyReferences:
             C:\Program Files\dotnet\packs\Microsoft.AspNetCore.App.Ref\10.0.3\ref/net10.0/Microsoft.Extensions.Configuration.Ini.dll
   3:6>ResolveAssemblyReferences:
             Resolved file path is "C:\Program Files\dotnet\packs\Microsoft.NETCore.App.Ref\10.0.3\ref\net10.0\System.ComponentModel.TypeConverter.dll".
             Reference found at search path location "{RawFileName}".
   5:6>ResolveAssemblyReferences:
             This reference is not "CopyLocal" because at least one source item had "Private" set to "false" and no source items had "Private" set to "true".
   3:6>ResolveAssemblyReferences:
             This reference is not "CopyLocal" because at least one source item had "Private" set to "false" and no source items had "Private" set to "true".
   6:6>ResolveAssemblyReferences:
                 Private = 'false'
   5:6>ResolveAssemblyReferences:
         Primary reference "System.Console, Version=10.0.0.0, Culture=neutral, PublicKeyToken=b03f5f7f11d50a3a".
   3:6>ResolveAssemblyReferences:
         Primary reference "System.ComponentModel, Version=10.0.0.0, Culture=neutral, PublicKeyToken=b03f5f7f11d50a3a".
   5:6>ResolveAssemblyReferences:
             Resolved file path is "C:\Program Files\dotnet\packs\Microsoft.NETCore.App.Ref\10.0.3\ref\net10.0\System.Console.dll".
             Reference found at search path location "{RawFileName}".
   3:6>ResolveAssemblyReferences:
             Resolved file path is "C:\Program Files\dotnet\packs\Microsoft.NETCore.App.Ref\10.0.3\ref\net10.0\System.ComponentModel.dll".
             Reference found at search path location "{RawFileName}".
   5:6>ResolveAssemblyReferences:
             This reference is not "CopyLocal" because at least one source item had "Private" set to "false" and no source items had "Private" set to "true".
   3:6>ResolveAssemblyReferences:
             This reference is not "CopyLocal" because at least one source item had "Private" set to "false" and no source items had "Private" set to "true".
   5:6>ResolveAssemblyReferences:
         Primary reference "System.Core, Version=4.0.0.0, Culture=neutral, PublicKeyToken=b77a5c561934e089".
   3:6>ResolveAssemblyReferences:
         Primary reference "System.Configuration, Version=4.0.0.0, Culture=neutral, PublicKeyToken=b03f5f7f11d50a3a".
             Resolved file path is "C:\Program Files\dotnet\packs\Microsoft.NETCore.App.Ref\10.0.3\ref\net10.0\System.Configuration.dll".
             Reference found at search path location "{RawFileName}".
             This reference is not "CopyLocal" because at least one source item had "Private" set to "false" and no source items had "Private" set to "true".
   5:6>ResolveAssemblyReferences:
             Resolved file path is "C:\Program Files\dotnet\packs\Microsoft.NETCore.App.Ref\10.0.3\ref\net10.0\System.Core.dll".
             Reference found at search path location "{RawFileName}".
             This reference is not "CopyLocal" because at least one source item had "Private" set to "false" and no source items had "Private" set to "true".
   3:6>ResolveAssemblyReferences:
         Primary reference "System.Console, Version=10.0.0.0, Culture=neutral, PublicKeyToken=b03f5f7f11d50a3a".
   5:6>ResolveAssemblyReferences:
         Primary reference "System.Data.Common, Version=10.0.0.0, Culture=neutral, PublicKeyToken=b03f5f7f11d50a3a".
   3:6>ResolveAssemblyReferences:
             Resolved file path is "C:\Program Files\dotnet\packs\Microsoft.NETCore.App.Ref\10.0.3\ref\net10.0\System.Console.dll".
   5:6>ResolveAssemblyReferences:
             Resolved file path is "C:\Program Files\dotnet\packs\Microsoft.NETCore.App.Ref\10.0.3\ref\net10.0\System.Data.Common.dll".
   3:6>ResolveAssemblyReferences:
             Reference found at search path location "{RawFileName}".
   5:6>ResolveAssemblyReferences:
             Reference found at search path location "{RawFileName}".
   3:6>ResolveAssemblyReferences:
             This reference is not "CopyLocal" because at least one source item had "Private" set to "false" and no source items had "Private" set to "true".
   5:6>ResolveAssemblyReferences:
             This reference is not "CopyLocal" because at least one source item had "Private" set to "false" and no source items had "Private" set to "true".
   3:6>ResolveAssemblyReferences:
         Primary reference "System.Core, Version=4.0.0.0, Culture=neutral, PublicKeyToken=b77a5c561934e089".
             Resolved file path is "C:\Program Files\dotnet\packs\Microsoft.NETCore.App.Ref\10.0.3\ref\net10.0\System.Core.dll".
   5:6>ResolveAssemblyReferences:
         Primary reference "System.Data.DataSetExtensions, Version=10.0.0.0, Culture=neutral, PublicKeyToken=b77a5c561934e089".
   3:6>ResolveAssemblyReferences:
             Reference found at search path location "{RawFileName}".
   5:6>ResolveAssemblyReferences:
             Resolved file path is "C:\Program Files\dotnet\packs\Microsoft.NETCore.App.Ref\10.0.3\ref\net10.0\System.Data.DataSetExtensions.dll".
             Reference found at search path location "{RawFileName}".
   6:6>ResolveAssemblyReferences:
             C:\Program Files\dotnet\packs\Microsoft.AspNetCore.App.Ref\10.0.3\ref/net10.0/Microsoft.Extensions.Configuration.Json.dll
   3:6>ResolveAssemblyReferences:
             This reference is not "CopyLocal" because at least one source item had "Private" set to "false" and no source items had "Private" set to "true".
   5:6>ResolveAssemblyReferences:
             This reference is not "CopyLocal" because at least one source item had "Private" set to "false" and no source items had "Private" set to "true".
         Primary reference "System.Data, Version=4.0.0.0, Culture=neutral, PublicKeyToken=b77a5c561934e089".
   3:6>ResolveAssemblyReferences:
         Primary reference "System.Data.Common, Version=10.0.0.0, Culture=neutral, PublicKeyToken=b03f5f7f11d50a3a".
             Resolved file path is "C:\Program Files\dotnet\packs\Microsoft.NETCore.App.Ref\10.0.3\ref\net10.0\System.Data.Common.dll".
   6:6>ResolveAssemblyReferences:
                 Private = 'false'
   5:6>ResolveAssemblyReferences:
             Resolved file path is "C:\Program Files\dotnet\packs\Microsoft.NETCore.App.Ref\10.0.3\ref\net10.0\System.Data.dll".
   3:6>ResolveAssemblyReferences:
             Reference found at search path location "{RawFileName}".
   5:6>ResolveAssemblyReferences:
             Reference found at search path location "{RawFileName}".
   3:6>ResolveAssemblyReferences:
             This reference is not "CopyLocal" because at least one source item had "Private" set to "false" and no source items had "Private" set to "true".
   5:6>ResolveAssemblyReferences:
             This reference is not "CopyLocal" because at least one source item had "Private" set to "false" and no source items had "Private" set to "true".
   3:6>ResolveAssemblyReferences:
         Primary reference "System.Data.DataSetExtensions, Version=10.0.0.0, Culture=neutral, PublicKeyToken=b77a5c561934e089".
   5:6>ResolveAssemblyReferences:
         Primary reference "System.Diagnostics.Contracts, Version=10.0.0.0, Culture=neutral, PublicKeyToken=b03f5f7f11d50a3a".
   3:6>ResolveAssemblyReferences:
             Resolved file path is "C:\Program Files\dotnet\packs\Microsoft.NETCore.App.Ref\10.0.3\ref\net10.0\System.Data.DataSetExtensions.dll".
   5:6>ResolveAssemblyReferences:
             Resolved file path is "C:\Program Files\dotnet\packs\Microsoft.NETCore.App.Ref\10.0.3\ref\net10.0\System.Diagnostics.Contracts.dll".
   3:6>ResolveAssemblyReferences:
             Reference found at search path location "{RawFileName}".
   5:6>ResolveAssemblyReferences:
             Reference found at search path location "{RawFileName}".
   3:6>ResolveAssemblyReferences:
             This reference is not "CopyLocal" because at least one source item had "Private" set to "false" and no source items had "Private" set to "true".
   5:6>ResolveAssemblyReferences:
             This reference is not "CopyLocal" because at least one source item had "Private" set to "false" and no source items had "Private" set to "true".
   3:6>ResolveAssemblyReferences:
         Primary reference "System.Data, Version=4.0.0.0, Culture=neutral, PublicKeyToken=b77a5c561934e089".
   5:6>ResolveAssemblyReferences:
         Unified primary reference "System.Diagnostics.Debug, Version=10.0.0.0, Culture=neutral, PublicKeyToken=b03f5f7f11d50a3a".
   3:6>ResolveAssemblyReferences:
             Resolved file path is "C:\Program Files\dotnet\packs\Microsoft.NETCore.App.Ref\10.0.3\ref\net10.0\System.Data.dll".
             Reference found at search path location "{RawFileName}".
   5:6>ResolveAssemblyReferences:
             Using this version instead of original version "4.1.1.0" in "C:\Users\krish.maniar.ATPL-LAP-723\.nuget\packages\microsoft.web.webview2\1.0.3800.47\lib_manual\netcoreapp3.0\Microsoft.Web.WebView2.WinForms.dll" because AutoUnify is 'true'.
             Resolved file path is "C:\Program Files\dotnet\packs\Microsoft.NETCore.App.Ref\10.0.3\ref\net10.0\System.Diagnostics.Debug.dll".
   3:6>ResolveAssemblyReferences:
             This reference is not "CopyLocal" because at least one source item had "Private" set to "false" and no source items had "Private" set to "true".
   5:6>ResolveAssemblyReferences:
             Reference found at search path location "{RawFileName}".
   3:6>ResolveAssemblyReferences:
         Primary reference "System.Diagnostics.Contracts, Version=10.0.0.0, Culture=neutral, PublicKeyToken=b03f5f7f11d50a3a".
   5:6>ResolveAssemblyReferences:
             This reference is not "CopyLocal" because at least one source item had "Private" set to "false" and no source items had "Private" set to "true".
   3:6>ResolveAssemblyReferences:
             Resolved file path is "C:\Program Files\dotnet\packs\Microsoft.NETCore.App.Ref\10.0.3\ref\net10.0\System.Diagnostics.Contracts.dll".
   5:6>ResolveAssemblyReferences:
         Primary reference "System.Diagnostics.DiagnosticSource, Version=10.0.0.0, Culture=neutral, PublicKeyToken=cc7b13ffcd2ddd51".
   3:6>ResolveAssemblyReferences:
             Reference found at search path location "{RawFileName}".
   5:6>ResolveAssemblyReferences:
             Resolved file path is "C:\Program Files\dotnet\packs\Microsoft.NETCore.App.Ref\10.0.3\ref\net10.0\System.Diagnostics.DiagnosticSource.dll".
   3:6>ResolveAssemblyReferences:
             This reference is not "CopyLocal" because at least one source item had "Private" set to "false" and no source items had "Private" set to "true".
   5:6>ResolveAssemblyReferences:
             Reference found at search path location "{RawFileName}".
   3:6>ResolveAssemblyReferences:
         Primary reference "System.Diagnostics.Debug, Version=10.0.0.0, Culture=neutral, PublicKeyToken=b03f5f7f11d50a3a".
   5:6>ResolveAssemblyReferences:
             This reference is not "CopyLocal" because at least one source item had "Private" set to "false" and no source items had "Private" set to "true".
         Primary reference "System.Diagnostics.FileVersionInfo, Version=10.0.0.0, Culture=neutral, PublicKeyToken=b03f5f7f11d50a3a".
   3:6>ResolveAssemblyReferences:
             Resolved file path is "C:\Program Files\dotnet\packs\Microsoft.NETCore.App.Ref\10.0.3\ref\net10.0\System.Diagnostics.Debug.dll".
   5:6>ResolveAssemblyReferences:
             Resolved file path is "C:\Program Files\dotnet\packs\Microsoft.NETCore.App.Ref\10.0.3\ref\net10.0\System.Diagnostics.FileVersionInfo.dll".
             Reference found at search path location "{RawFileName}".
   3:6>ResolveAssemblyReferences:
             Reference found at search path location "{RawFileName}".
   5:6>ResolveAssemblyReferences:
             This reference is not "CopyLocal" because at least one source item had "Private" set to "false" and no source items had "Private" set to "true".
   3:6>ResolveAssemblyReferences:
             This reference is not "CopyLocal" because at least one source item had "Private" set to "false" and no source items had "Private" set to "true".
   5:6>ResolveAssemblyReferences:
         Primary reference "System.Diagnostics.Process, Version=10.0.0.0, Culture=neutral, PublicKeyToken=b03f5f7f11d50a3a".
   3:6>ResolveAssemblyReferences:
         Primary reference "System.Diagnostics.DiagnosticSource, Version=10.0.0.0, Culture=neutral, PublicKeyToken=cc7b13ffcd2ddd51".
             Resolved file path is "C:\Program Files\dotnet\packs\Microsoft.NETCore.App.Ref\10.0.3\ref\net10.0\System.Diagnostics.DiagnosticSource.dll".
   5:6>ResolveAssemblyReferences:
             Resolved file path is "C:\Program Files\dotnet\packs\Microsoft.NETCore.App.Ref\10.0.3\ref\net10.0\System.Diagnostics.Process.dll".
   3:6>ResolveAssemblyReferences:
             Reference found at search path location "{RawFileName}".
   5:6>ResolveAssemblyReferences:
             Reference found at search path location "{RawFileName}".
   3:6>ResolveAssemblyReferences:
             This reference is not "CopyLocal" because at least one source item had "Private" set to "false" and no source items had "Private" set to "true".
   5:6>ResolveAssemblyReferences:
             This reference is not "CopyLocal" because at least one source item had "Private" set to "false" and no source items had "Private" set to "true".
   3:6>ResolveAssemblyReferences:
         Primary reference "System.Diagnostics.FileVersionInfo, Version=10.0.0.0, Culture=neutral, PublicKeyToken=b03f5f7f11d50a3a".
   5:6>ResolveAssemblyReferences:
         Primary reference "System.Diagnostics.StackTrace, Version=10.0.0.0, Culture=neutral, PublicKeyToken=b03f5f7f11d50a3a".
   3:6>ResolveAssemblyReferences:
             Resolved file path is "C:\Program Files\dotnet\packs\Microsoft.NETCore.App.Ref\10.0.3\ref\net10.0\System.Diagnostics.FileVersionInfo.dll".
   5:6>ResolveAssemblyReferences:
             Resolved file path is "C:\Program Files\dotnet\packs\Microsoft.NETCore.App.Ref\10.0.3\ref\net10.0\System.Diagnostics.StackTrace.dll".
   3:6>ResolveAssemblyReferences:
             Reference found at search path location "{RawFileName}".
   5:6>ResolveAssemblyReferences:
             Reference found at search path location "{RawFileName}".
   3:6>ResolveAssemblyReferences:
             This reference is not "CopyLocal" because at least one source item had "Private" set to "false" and no source items had "Private" set to "true".
         Primary reference "System.Diagnostics.Process, Version=10.0.0.0, Culture=neutral, PublicKeyToken=b03f5f7f11d50a3a".
   5:6>ResolveAssemblyReferences:
             This reference is not "CopyLocal" because at least one source item had "Private" set to "false" and no source items had "Private" set to "true".
   3:6>ResolveAssemblyReferences:
             Resolved file path is "C:\Program Files\dotnet\packs\Microsoft.NETCore.App.Ref\10.0.3\ref\net10.0\System.Diagnostics.Process.dll".
   5:6>ResolveAssemblyReferences:
         Primary reference "System.Diagnostics.TextWriterTraceListener, Version=10.0.0.0, Culture=neutral, PublicKeyToken=b03f5f7f11d50a3a".
   3:6>ResolveAssemblyReferences:
             Reference found at search path location "{RawFileName}".
             This reference is not "CopyLocal" because at least one source item had "Private" set to "false" and no source items had "Private" set to "true".
   5:6>ResolveAssemblyReferences:
             Resolved file path is "C:\Program Files\dotnet\packs\Microsoft.NETCore.App.Ref\10.0.3\ref\net10.0\System.Diagnostics.TextWriterTraceListener.dll".
   3:6>ResolveAssemblyReferences:
         Primary reference "System.Diagnostics.StackTrace, Version=10.0.0.0, Culture=neutral, PublicKeyToken=b03f5f7f11d50a3a".
             Resolved file path is "C:\Program Files\dotnet\packs\Microsoft.NETCore.App.Ref\10.0.3\ref\net10.0\System.Diagnostics.StackTrace.dll".
   5:6>ResolveAssemblyReferences:
             Reference found at search path location "{RawFileName}".
   3:6>ResolveAssemblyReferences:
             Reference found at search path location "{RawFileName}".
   5:6>ResolveAssemblyReferences:
             This reference is not "CopyLocal" because at least one source item had "Private" set to "false" and no source items had "Private" set to "true".
   3:6>ResolveAssemblyReferences:
             This reference is not "CopyLocal" because at least one source item had "Private" set to "false" and no source items had "Private" set to "true".
   5:6>ResolveAssemblyReferences:
         Primary reference "System.Diagnostics.Tools, Version=10.0.0.0, Culture=neutral, PublicKeyToken=b03f5f7f11d50a3a".
   3:6>ResolveAssemblyReferences:
         Primary reference "System.Diagnostics.TextWriterTraceListener, Version=10.0.0.0, Culture=neutral, PublicKeyToken=b03f5f7f11d50a3a".
   5:6>ResolveAssemblyReferences:
             Resolved file path is "C:\Program Files\dotnet\packs\Microsoft.NETCore.App.Ref\10.0.3\ref\net10.0\System.Diagnostics.Tools.dll".
             Reference found at search path location "{RawFileName}".
             This reference is not "CopyLocal" because at least one source item had "Private" set to "false" and no source items had "Private" set to "true".
         Unified primary reference "System.Diagnostics.TraceSource, Version=10.0.0.0, Culture=neutral, PublicKeyToken=b03f5f7f11d50a3a".
             Using this version instead of original version "5.0.0.0" in "C:\Users\krish.maniar.ATPL-LAP-723\.nuget\packages\microsoft.web.webview2\1.0.3800.47\lib_manual\net5.0-windows10.0.17763.0\Microsoft.Web.WebView2.Wpf.dll" because AutoUnify is 'true'.
   3:6>ResolveAssemblyReferences:
             Resolved file path is "C:\Program Files\dotnet\packs\Microsoft.NETCore.App.Ref\10.0.3\ref\net10.0\System.Diagnostics.TextWriterTraceListener.dll".
   5:6>ResolveAssemblyReferences:
             Resolved file path is "C:\Program Files\dotnet\packs\Microsoft.NETCore.App.Ref\10.0.3\ref\net10.0\System.Diagnostics.TraceSource.dll".
   3:6>ResolveAssemblyReferences:
             Reference found at search path location "{RawFileName}".
             This reference is not "CopyLocal" because at least one source item had "Private" set to "false" and no source items had "Private" set to "true".
         Primary reference "System.Diagnostics.Tools, Version=10.0.0.0, Culture=neutral, PublicKeyToken=b03f5f7f11d50a3a".
             Resolved file path is "C:\Program Files\dotnet\packs\Microsoft.NETCore.App.Ref\10.0.3\ref\net10.0\System.Diagnostics.Tools.dll".
   6:6>ResolveAssemblyReferences:
             C:\Program Files\dotnet\packs\Microsoft.AspNetCore.App.Ref\10.0.3\ref/net10.0/Microsoft.Extensions.Configuration.KeyPerFile.dll
   3:6>ResolveAssemblyReferences:
             Reference found at search path location "{RawFileName}".
   5:6>ResolveAssemblyReferences:
             Reference found at search path location "{RawFileName}".
   3:6>ResolveAssemblyReferences:
             This reference is not "CopyLocal" because at least one source item had "Private" set to "false" and no source items had "Private" set to "true".
   5:6>ResolveAssemblyReferences:
             This reference is not "CopyLocal" because at least one source item had "Private" set to "false" and no source items had "Private" set to "true".
   3:6>ResolveAssemblyReferences:
         Primary reference "System.Diagnostics.TraceSource, Version=10.0.0.0, Culture=neutral, PublicKeyToken=b03f5f7f11d50a3a".
   5:6>ResolveAssemblyReferences:
         Primary reference "System.Diagnostics.Tracing, Version=10.0.0.0, Culture=neutral, PublicKeyToken=b03f5f7f11d50a3a".
   3:6>ResolveAssemblyReferences:
             Resolved file path is "C:\Program Files\dotnet\packs\Microsoft.NETCore.App.Ref\10.0.3\ref\net10.0\System.Diagnostics.TraceSource.dll".
   5:6>ResolveAssemblyReferences:
             Resolved file path is "C:\Program Files\dotnet\packs\Microsoft.NETCore.App.Ref\10.0.3\ref\net10.0\System.Diagnostics.Tracing.dll".
   3:6>ResolveAssemblyReferences:
             Reference found at search path location "{RawFileName}".
   5:6>ResolveAssemblyReferences:
             Reference found at search path location "{RawFileName}".
             This reference is not "CopyLocal" because at least one source item had "Private" set to "false" and no source items had "Private" set to "true".
   6:6>ResolveAssemblyReferences:
                 Private = 'false'
   5:6>ResolveAssemblyReferences:
         Unified primary reference "System.Drawing.Primitives, Version=10.0.0.0, Culture=neutral, PublicKeyToken=b03f5f7f11d50a3a".
   3:6>ResolveAssemblyReferences:
             This reference is not "CopyLocal" because at least one source item had "Private" set to "false" and no source items had "Private" set to "true".
         Primary reference "System.Diagnostics.Tracing, Version=10.0.0.0, Culture=neutral, PublicKeyToken=b03f5f7f11d50a3a".
   5:6>ResolveAssemblyReferences:
             Using this version instead of original version "4.2.0.0" in "C:\Users\krish.maniar.ATPL-LAP-723\.nuget\packages\microsoft.web.webview2\1.0.3800.47\lib_manual\netcoreapp3.0\Microsoft.Web.WebView2.WinForms.dll" because AutoUnify is 'true'.
   3:6>ResolveAssemblyReferences:
             Resolved file path is "C:\Program Files\dotnet\packs\Microsoft.NETCore.App.Ref\10.0.3\ref\net10.0\System.Diagnostics.Tracing.dll".
   5:6>ResolveAssemblyReferences:
             Using this version instead of original version "5.0.0.0" in "C:\Users\krish.maniar.ATPL-LAP-723\.nuget\packages\microsoft.web.webview2\1.0.3800.47\lib_manual\net5.0-windows10.0.17763.0\Microsoft.Web.WebView2.Wpf.dll" because AutoUnify is 'true'.
   3:6>ResolveAssemblyReferences:
             Reference found at search path location "{RawFileName}".
   5:6>ResolveAssemblyReferences:
             Resolved file path is "C:\Program Files\dotnet\packs\Microsoft.NETCore.App.Ref\10.0.3\ref\net10.0\System.Drawing.Primitives.dll".
             Reference found at search path location "{RawFileName}".
   3:6>ResolveAssemblyReferences:
             This reference is not "CopyLocal" because at least one source item had "Private" set to "false" and no source items had "Private" set to "true".
   5:6>ResolveAssemblyReferences:
             This reference is not "CopyLocal" because at least one source item had "Private" set to "false" and no source items had "Private" set to "true".
   3:6>ResolveAssemblyReferences:
         Primary reference "System.Drawing.Primitives, Version=10.0.0.0, Culture=neutral, PublicKeyToken=b03f5f7f11d50a3a".
   5:6>ResolveAssemblyReferences:
         Primary reference "System.Dynamic.Runtime, Version=10.0.0.0, Culture=neutral, PublicKeyToken=b03f5f7f11d50a3a".
   3:6>ResolveAssemblyReferences:
             Resolved file path is "C:\Program Files\dotnet\packs\Microsoft.NETCore.App.Ref\10.0.3\ref\net10.0\System.Drawing.Primitives.dll".
   5:6>ResolveAssemblyReferences:
             Resolved file path is "C:\Program Files\dotnet\packs\Microsoft.NETCore.App.Ref\10.0.3\ref\net10.0\System.Dynamic.Runtime.dll".
   3:6>ResolveAssemblyReferences:
             Reference found at search path location "{RawFileName}".
   5:6>ResolveAssemblyReferences:
             Reference found at search path location "{RawFileName}".
             This reference is not "CopyLocal" because at least one source item had "Private" set to "false" and no source items had "Private" set to "true".
   3:6>ResolveAssemblyReferences:
             This reference is not "CopyLocal" because at least one source item had "Private" set to "false" and no source items had "Private" set to "true".
   5:6>ResolveAssemblyReferences:
         Primary reference "System.Formats.Asn1, Version=10.0.0.0, Culture=neutral, PublicKeyToken=cc7b13ffcd2ddd51".
             Resolved file path is "C:\Program Files\dotnet\packs\Microsoft.NETCore.App.Ref\10.0.3\ref\net10.0\System.Formats.Asn1.dll".
   3:6>ResolveAssemblyReferences:
         Primary reference "System.Drawing, Version=4.0.0.0, Culture=neutral, PublicKeyToken=b03f5f7f11d50a3a".
   5:6>ResolveAssemblyReferences:
             Reference found at search path location "{RawFileName}".
   3:6>ResolveAssemblyReferences:
             Resolved file path is "C:\Program Files\dotnet\packs\Microsoft.NETCore.App.Ref\10.0.3\ref\net10.0\System.Drawing.dll".
   5:6>ResolveAssemblyReferences:
             This reference is not "CopyLocal" because at least one source item had "Private" set to "false" and no source items had "Private" set to "true".
         Primary reference "System.Formats.Tar, Version=10.0.0.0, Culture=neutral, PublicKeyToken=cc7b13ffcd2ddd51".
   3:6>ResolveAssemblyReferences:
             Reference found at search path location "{RawFileName}".
   5:6>ResolveAssemblyReferences:
             Resolved file path is "C:\Program Files\dotnet\packs\Microsoft.NETCore.App.Ref\10.0.3\ref\net10.0\System.Formats.Tar.dll".
   3:6>ResolveAssemblyReferences:
             This reference is not "CopyLocal" because at least one source item had "Private" set to "false" and no source items had "Private" set to "true".
   6:6>ResolveAssemblyReferences:
             C:\Program Files\dotnet\packs\Microsoft.AspNetCore.App.Ref\10.0.3\ref/net10.0/Microsoft.Extensions.Configuration.UserSecrets.dll
   3:6>ResolveAssemblyReferences:
         Primary reference "System.Dynamic.Runtime, Version=10.0.0.0, Culture=neutral, PublicKeyToken=b03f5f7f11d50a3a".
   5:6>ResolveAssemblyReferences:
             Reference found at search path location "{RawFileName}".
             This reference is not "CopyLocal" because at least one source item had "Private" set to "false" and no source items had "Private" set to "true".
   3:6>ResolveAssemblyReferences:
             Resolved file path is "C:\Program Files\dotnet\packs\Microsoft.NETCore.App.Ref\10.0.3\ref\net10.0\System.Dynamic.Runtime.dll".
   5:6>ResolveAssemblyReferences:
         Primary reference "System.Globalization.Calendars, Version=10.0.0.0, Culture=neutral, PublicKeyToken=b03f5f7f11d50a3a".
   3:6>ResolveAssemblyReferences:
             Reference found at search path location "{RawFileName}".
   5:6>ResolveAssemblyReferences:
             Resolved file path is "C:\Program Files\dotnet\packs\Microsoft.NETCore.App.Ref\10.0.3\ref\net10.0\System.Globalization.Calendars.dll".
             Reference found at search path location "{RawFileName}".
   3:6>ResolveAssemblyReferences:
             This reference is not "CopyLocal" because at least one source item had "Private" set to "false" and no source items had "Private" set to "true".
   5:6>ResolveAssemblyReferences:
             This reference is not "CopyLocal" because at least one source item had "Private" set to "false" and no source items had "Private" set to "true".
         Primary reference "System.Globalization.Extensions, Version=10.0.0.0, Culture=neutral, PublicKeyToken=b03f5f7f11d50a3a".
   3:6>ResolveAssemblyReferences:
         Primary reference "System.Formats.Asn1, Version=10.0.0.0, Culture=neutral, PublicKeyToken=cc7b13ffcd2ddd51".
             Resolved file path is "C:\Program Files\dotnet\packs\Microsoft.NETCore.App.Ref\10.0.3\ref\net10.0\System.Formats.Asn1.dll".
   5:6>ResolveAssemblyReferences:
             Resolved file path is "C:\Program Files\dotnet\packs\Microsoft.NETCore.App.Ref\10.0.3\ref\net10.0\System.Globalization.Extensions.dll".
   3:6>ResolveAssemblyReferences:
             Reference found at search path location "{RawFileName}".
   5:6>ResolveAssemblyReferences:
             Reference found at search path location "{RawFileName}".
   3:6>ResolveAssemblyReferences:
             This reference is not "CopyLocal" because at least one source item had "Private" set to "false" and no source items had "Private" set to "true".
   5:6>ResolveAssemblyReferences:
             This reference is not "CopyLocal" because at least one source item had "Private" set to "false" and no source items had "Private" set to "true".
   3:6>ResolveAssemblyReferences:
         Primary reference "System.Formats.Tar, Version=10.0.0.0, Culture=neutral, PublicKeyToken=cc7b13ffcd2ddd51".
   5:6>ResolveAssemblyReferences:
         Primary reference "System.Globalization, Version=10.0.0.0, Culture=neutral, PublicKeyToken=b03f5f7f11d50a3a".
   3:6>ResolveAssemblyReferences:
             Resolved file path is "C:\Program Files\dotnet\packs\Microsoft.NETCore.App.Ref\10.0.3\ref\net10.0\System.Formats.Tar.dll".
   5:6>ResolveAssemblyReferences:
             Resolved file path is "C:\Program Files\dotnet\packs\Microsoft.NETCore.App.Ref\10.0.3\ref\net10.0\System.Globalization.dll".
   3:6>ResolveAssemblyReferences:
             Reference found at search path location "{RawFileName}".
   5:6>ResolveAssemblyReferences:
             Reference found at search path location "{RawFileName}".
   3:6>ResolveAssemblyReferences:
             This reference is not "CopyLocal" because at least one source item had "Private" set to "false" and no source items had "Private" set to "true".
   5:6>ResolveAssemblyReferences:
             This reference is not "CopyLocal" because at least one source item had "Private" set to "false" and no source items had "Private" set to "true".
   3:6>ResolveAssemblyReferences:
         Primary reference "System.Globalization.Calendars, Version=10.0.0.0, Culture=neutral, PublicKeyToken=b03f5f7f11d50a3a".
   5:6>ResolveAssemblyReferences:
         Primary reference "System.IO.Compression.Brotli, Version=10.0.0.0, Culture=neutral, PublicKeyToken=b77a5c561934e089".
   3:6>ResolveAssemblyReferences:
             Resolved file path is "C:\Program Files\dotnet\packs\Microsoft.NETCore.App.Ref\10.0.3\ref\net10.0\System.Globalization.Calendars.dll".
             Reference found at search path location "{RawFileName}".
   5:6>ResolveAssemblyReferences:
             Resolved file path is "C:\Program Files\dotnet\packs\Microsoft.NETCore.App.Ref\10.0.3\ref\net10.0\System.IO.Compression.Brotli.dll".
             Reference found at search path location "{RawFileName}".
   3:6>ResolveAssemblyReferences:
             This reference is not "CopyLocal" because at least one source item had "Private" set to "false" and no source items had "Private" set to "true".
         Primary reference "System.Globalization.Extensions, Version=10.0.0.0, Culture=neutral, PublicKeyToken=b03f5f7f11d50a3a".
   5:6>ResolveAssemblyReferences:
             This reference is not "CopyLocal" because at least one source item had "Private" set to "false" and no source items had "Private" set to "true".
         Primary reference "System.IO.Compression.FileSystem, Version=4.0.0.0, Culture=neutral, PublicKeyToken=b77a5c561934e089".
   3:6>ResolveAssemblyReferences:
             Resolved file path is "C:\Program Files\dotnet\packs\Microsoft.NETCore.App.Ref\10.0.3\ref\net10.0\System.Globalization.Extensions.dll".
   5:6>ResolveAssemblyReferences:
             Resolved file path is "C:\Program Files\dotnet\packs\Microsoft.NETCore.App.Ref\10.0.3\ref\net10.0\System.IO.Compression.FileSystem.dll".
             Reference found at search path location "{RawFileName}".
   3:6>ResolveAssemblyReferences:
             Reference found at search path location "{RawFileName}".
   5:6>ResolveAssemblyReferences:
             This reference is not "CopyLocal" because at least one source item had "Private" set to "false" and no source items had "Private" set to "true".
         Primary reference "System.IO.Compression.ZipFile, Version=10.0.0.0, Culture=neutral, PublicKeyToken=b77a5c561934e089".
             Resolved file path is "C:\Program Files\dotnet\packs\Microsoft.NETCore.App.Ref\10.0.3\ref\net10.0\System.IO.Compression.ZipFile.dll".
   3:6>ResolveAssemblyReferences:
             This reference is not "CopyLocal" because at least one source item had "Private" set to "false" and no source items had "Private" set to "true".
   5:6>ResolveAssemblyReferences:
             Reference found at search path location "{RawFileName}".
   3:6>ResolveAssemblyReferences:
         Primary reference "System.Globalization, Version=10.0.0.0, Culture=neutral, PublicKeyToken=b03f5f7f11d50a3a".
   5:6>ResolveAssemblyReferences:
             This reference is not "CopyLocal" because at least one source item had "Private" set to "false" and no source items had "Private" set to "true".
   3:6>ResolveAssemblyReferences:
             Resolved file path is "C:\Program Files\dotnet\packs\Microsoft.NETCore.App.Ref\10.0.3\ref\net10.0\System.Globalization.dll".
   5:6>ResolveAssemblyReferences:
         Primary reference "System.IO.Compression, Version=10.0.0.0, Culture=neutral, PublicKeyToken=b77a5c561934e089".
   3:6>ResolveAssemblyReferences:
             Reference found at search path location "{RawFileName}".
   5:6>ResolveAssemblyReferences:
             Resolved file path is "C:\Program Files\dotnet\packs\Microsoft.NETCore.App.Ref\10.0.3\ref\net10.0\System.IO.Compression.dll".
   3:6>ResolveAssemblyReferences:
             This reference is not "CopyLocal" because at least one source item had "Private" set to "false" and no source items had "Private" set to "true".
   5:6>ResolveAssemblyReferences:
             Reference found at search path location "{RawFileName}".
   3:6>ResolveAssemblyReferences:
         Primary reference "System.IO.Compression.Brotli, Version=10.0.0.0, Culture=neutral, PublicKeyToken=b77a5c561934e089".
   5:6>ResolveAssemblyReferences:
             This reference is not "CopyLocal" because at least one source item had "Private" set to "false" and no source items had "Private" set to "true".
   3:6>ResolveAssemblyReferences:
             Resolved file path is "C:\Program Files\dotnet\packs\Microsoft.NETCore.App.Ref\10.0.3\ref\net10.0\System.IO.Compression.Brotli.dll".
   5:6>ResolveAssemblyReferences:
         Primary reference "System.IO.FileSystem.AccessControl, Version=10.0.0.0, Culture=neutral, PublicKeyToken=b03f5f7f11d50a3a".
   3:6>ResolveAssemblyReferences:
             Reference found at search path location "{RawFileName}".
   5:6>ResolveAssemblyReferences:
             Resolved file path is "C:\Program Files\dotnet\packs\Microsoft.NETCore.App.Ref\10.0.3\ref\net10.0\System.IO.FileSystem.AccessControl.dll".
             Reference found at search path location "{RawFileName}".
   3:6>ResolveAssemblyReferences:
             This reference is not "CopyLocal" because at least one source item had "Private" set to "false" and no source items had "Private" set to "true".
   5:6>ResolveAssemblyReferences:
             This reference is not "CopyLocal" because at least one source item had "Private" set to "false" and no source items had "Private" set to "true".
   3:6>ResolveAssemblyReferences:
         Primary reference "System.IO.Compression.FileSystem, Version=4.0.0.0, Culture=neutral, PublicKeyToken=b77a5c561934e089".
   5:6>ResolveAssemblyReferences:
         Primary reference "System.IO.FileSystem.DriveInfo, Version=10.0.0.0, Culture=neutral, PublicKeyToken=b03f5f7f11d50a3a".
   3:6>ResolveAssemblyReferences:
             Resolved file path is "C:\Program Files\dotnet\packs\Microsoft.NETCore.App.Ref\10.0.3\ref\net10.0\System.IO.Compression.FileSystem.dll".
   5:6>ResolveAssemblyReferences:
             Resolved file path is "C:\Program Files\dotnet\packs\Microsoft.NETCore.App.Ref\10.0.3\ref\net10.0\System.IO.FileSystem.DriveInfo.dll".
   3:6>ResolveAssemblyReferences:
             Reference found at search path location "{RawFileName}".
   5:6>ResolveAssemblyReferences:
             Reference found at search path location "{RawFileName}".
   3:6>ResolveAssemblyReferences:
             This reference is not "CopyLocal" because at least one source item had "Private" set to "false" and no source items had "Private" set to "true".
   5:6>ResolveAssemblyReferences:
             This reference is not "CopyLocal" because at least one source item had "Private" set to "false" and no source items had "Private" set to "true".
   3:6>ResolveAssemblyReferences:
         Primary reference "System.IO.Compression.ZipFile, Version=10.0.0.0, Culture=neutral, PublicKeyToken=b77a5c561934e089".
   5:6>ResolveAssemblyReferences:
         Primary reference "System.IO.FileSystem.Primitives, Version=10.0.0.0, Culture=neutral, PublicKeyToken=b03f5f7f11d50a3a".
   3:6>ResolveAssemblyReferences:
             Resolved file path is "C:\Program Files\dotnet\packs\Microsoft.NETCore.App.Ref\10.0.3\ref\net10.0\System.IO.Compression.ZipFile.dll".
   5:6>ResolveAssemblyReferences:
             Resolved file path is "C:\Program Files\dotnet\packs\Microsoft.NETCore.App.Ref\10.0.3\ref\net10.0\System.IO.FileSystem.Primitives.dll".
   3:6>ResolveAssemblyReferences:
             Reference found at search path location "{RawFileName}".
   5:6>ResolveAssemblyReferences:
             Reference found at search path location "{RawFileName}".
   3:6>ResolveAssemblyReferences:
             This reference is not "CopyLocal" because at least one source item had "Private" set to "false" and no source items had "Private" set to "true".
         Primary reference "System.IO.Compression, Version=10.0.0.0, Culture=neutral, PublicKeyToken=b77a5c561934e089".
             Resolved file path is "C:\Program Files\dotnet\packs\Microsoft.NETCore.App.Ref\10.0.3\ref\net10.0\System.IO.Compression.dll".
   5:6>ResolveAssemblyReferences:
             This reference is not "CopyLocal" because at least one source item had "Private" set to "false" and no source items had "Private" set to "true".
   3:6>ResolveAssemblyReferences:
             Reference found at search path location "{RawFileName}".
   5:6>ResolveAssemblyReferences:
         Primary reference "System.IO.FileSystem.Watcher, Version=10.0.0.0, Culture=neutral, PublicKeyToken=b03f5f7f11d50a3a".
   3:6>ResolveAssemblyReferences:
             This reference is not "CopyLocal" because at least one source item had "Private" set to "false" and no source items had "Private" set to "true".
   5:6>ResolveAssemblyReferences:
             Resolved file path is "C:\Program Files\dotnet\packs\Microsoft.NETCore.App.Ref\10.0.3\ref\net10.0\System.IO.FileSystem.Watcher.dll".
             Reference found at search path location "{RawFileName}".
             This reference is not "CopyLocal" because at least one source item had "Private" set to "false" and no source items had "Private" set to "true".
         Primary reference "System.IO.FileSystem, Version=10.0.0.0, Culture=neutral, PublicKeyToken=b03f5f7f11d50a3a".
             Resolved file path is "C:\Program Files\dotnet\packs\Microsoft.NETCore.App.Ref\10.0.3\ref\net10.0\System.IO.FileSystem.dll".
   3:6>ResolveAssemblyReferences:
         Primary reference "System.IO.FileSystem.AccessControl, Version=10.0.0.0, Culture=neutral, PublicKeyToken=b03f5f7f11d50a3a".
   5:6>ResolveAssemblyReferences:
             Reference found at search path location "{RawFileName}".
   3:6>ResolveAssemblyReferences:
             Resolved file path is "C:\Program Files\dotnet\packs\Microsoft.NETCore.App.Ref\10.0.3\ref\net10.0\System.IO.FileSystem.AccessControl.dll".
   5:6>ResolveAssemblyReferences:
             This reference is not "CopyLocal" because at least one source item had "Private" set to "false" and no source items had "Private" set to "true".
   3:6>ResolveAssemblyReferences:
             Reference found at search path location "{RawFileName}".
   6:6>ResolveAssemblyReferences:
                 Private = 'false'
   3:6>ResolveAssemblyReferences:
             This reference is not "CopyLocal" because at least one source item had "Private" set to "false" and no source items had "Private" set to "true".
   5:6>ResolveAssemblyReferences:
         Primary reference "System.IO.IsolatedStorage, Version=10.0.0.0, Culture=neutral, PublicKeyToken=b03f5f7f11d50a3a".
   3:6>ResolveAssemblyReferences:
         Primary reference "System.IO.FileSystem.DriveInfo, Version=10.0.0.0, Culture=neutral, PublicKeyToken=b03f5f7f11d50a3a".
   5:6>ResolveAssemblyReferences:
             Resolved file path is "C:\Program Files\dotnet\packs\Microsoft.NETCore.App.Ref\10.0.3\ref\net10.0\System.IO.IsolatedStorage.dll".
   3:6>ResolveAssemblyReferences:
             Resolved file path is "C:\Program Files\dotnet\packs\Microsoft.NETCore.App.Ref\10.0.3\ref\net10.0\System.IO.FileSystem.DriveInfo.dll".
   5:6>ResolveAssemblyReferences:
             Reference found at search path location "{RawFileName}".
   3:6>ResolveAssemblyReferences:
             Reference found at search path location "{RawFileName}".
             This reference is not "CopyLocal" because at least one source item had "Private" set to "false" and no source items had "Private" set to "true".
   5:6>ResolveAssemblyReferences:
             This reference is not "CopyLocal" because at least one source item had "Private" set to "false" and no source items had "Private" set to "true".
         Primary reference "System.IO.MemoryMappedFiles, Version=10.0.0.0, Culture=neutral, PublicKeyToken=b03f5f7f11d50a3a".
   3:6>ResolveAssemblyReferences:
         Primary reference "System.IO.FileSystem.Primitives, Version=10.0.0.0, Culture=neutral, PublicKeyToken=b03f5f7f11d50a3a".
   5:6>ResolveAssemblyReferences:
             Resolved file path is "C:\Program Files\dotnet\packs\Microsoft.NETCore.App.Ref\10.0.3\ref\net10.0\System.IO.MemoryMappedFiles.dll".
   3:6>ResolveAssemblyReferences:
             Resolved file path is "C:\Program Files\dotnet\packs\Microsoft.NETCore.App.Ref\10.0.3\ref\net10.0\System.IO.FileSystem.Primitives.dll".
   5:6>ResolveAssemblyReferences:
             Reference found at search path location "{RawFileName}".
   3:6>ResolveAssemblyReferences:
             Reference found at search path location "{RawFileName}".
   6:6>ResolveAssemblyReferences:
             C:\Program Files\dotnet\packs\Microsoft.AspNetCore.App.Ref\10.0.3\ref/net10.0/Microsoft.Extensions.Configuration.Xml.dll
   3:6>ResolveAssemblyReferences:
             This reference is not "CopyLocal" because at least one source item had "Private" set to "false" and no source items had "Private" set to "true".
         Primary reference "System.IO.FileSystem.Watcher, Version=10.0.0.0, Culture=neutral, PublicKeyToken=b03f5f7f11d50a3a".
   5:6>ResolveAssemblyReferences:
             This reference is not "CopyLocal" because at least one source item had "Private" set to "false" and no source items had "Private" set to "true".
   3:6>ResolveAssemblyReferences:
             Resolved file path is "C:\Program Files\dotnet\packs\Microsoft.NETCore.App.Ref\10.0.3\ref\net10.0\System.IO.FileSystem.Watcher.dll".
   5:6>ResolveAssemblyReferences:
         Primary reference "System.IO.Pipelines, Version=10.0.0.0, Culture=neutral, PublicKeyToken=cc7b13ffcd2ddd51".
   3:6>ResolveAssemblyReferences:
             Reference found at search path location "{RawFileName}".
   5:6>ResolveAssemblyReferences:
             Resolved file path is "C:\Program Files\dotnet\packs\Microsoft.NETCore.App.Ref\10.0.3\ref\net10.0\System.IO.Pipelines.dll".
             Reference found at search path location "{RawFileName}".
   3:6>ResolveAssemblyReferences:
             This reference is not "CopyLocal" because at least one source item had "Private" set to "false" and no source items had "Private" set to "true".
   5:6>ResolveAssemblyReferences:
             This reference is not "CopyLocal" because at least one source item had "Private" set to "false" and no source items had "Private" set to "true".
   3:6>ResolveAssemblyReferences:
         Primary reference "System.IO.FileSystem, Version=10.0.0.0, Culture=neutral, PublicKeyToken=b03f5f7f11d50a3a".
   5:6>ResolveAssemblyReferences:
         Primary reference "System.IO.Pipes.AccessControl, Version=10.0.0.0, Culture=neutral, PublicKeyToken=b03f5f7f11d50a3a".
             Resolved file path is "C:\Program Files\dotnet\packs\Microsoft.NETCore.App.Ref\10.0.3\ref\net10.0\System.IO.Pipes.AccessControl.dll".
   3:6>ResolveAssemblyReferences:
             Resolved file path is "C:\Program Files\dotnet\packs\Microsoft.NETCore.App.Ref\10.0.3\ref\net10.0\System.IO.FileSystem.dll".
   5:6>ResolveAssemblyReferences:
             Reference found at search path location "{RawFileName}".
   3:6>ResolveAssemblyReferences:
             Reference found at search path location "{RawFileName}".
   5:6>ResolveAssemblyReferences:
             This reference is not "CopyLocal" because at least one source item had "Private" set to "false" and no source items had "Private" set to "true".
   3:6>ResolveAssemblyReferences:
             This reference is not "CopyLocal" because at least one source item had "Private" set to "false" and no source items had "Private" set to "true".
   5:6>ResolveAssemblyReferences:
         Primary reference "System.IO.Pipes, Version=10.0.0.0, Culture=neutral, PublicKeyToken=b03f5f7f11d50a3a".
   3:6>ResolveAssemblyReferences:
         Primary reference "System.IO.IsolatedStorage, Version=10.0.0.0, Culture=neutral, PublicKeyToken=b03f5f7f11d50a3a".
   5:6>ResolveAssemblyReferences:
             Resolved file path is "C:\Program Files\dotnet\packs\Microsoft.NETCore.App.Ref\10.0.3\ref\net10.0\System.IO.Pipes.dll".
   3:6>ResolveAssemblyReferences:
             Resolved file path is "C:\Program Files\dotnet\packs\Microsoft.NETCore.App.Ref\10.0.3\ref\net10.0\System.IO.IsolatedStorage.dll".
             Reference found at search path location "{RawFileName}".
   5:6>ResolveAssemblyReferences:
             Reference found at search path location "{RawFileName}".
   3:6>ResolveAssemblyReferences:
             This reference is not "CopyLocal" because at least one source item had "Private" set to "false" and no source items had "Private" set to "true".
   5:6>ResolveAssemblyReferences:
             This reference is not "CopyLocal" because at least one source item had "Private" set to "false" and no source items had "Private" set to "true".
   3:6>ResolveAssemblyReferences:
         Primary reference "System.IO.MemoryMappedFiles, Version=10.0.0.0, Culture=neutral, PublicKeyToken=b03f5f7f11d50a3a".
   5:6>ResolveAssemblyReferences:
         Primary reference "System.IO.UnmanagedMemoryStream, Version=10.0.0.0, Culture=neutral, PublicKeyToken=b03f5f7f11d50a3a".
   3:6>ResolveAssemblyReferences:
             Resolved file path is "C:\Program Files\dotnet\packs\Microsoft.NETCore.App.Ref\10.0.3\ref\net10.0\System.IO.MemoryMappedFiles.dll".
   5:6>ResolveAssemblyReferences:
             Resolved file path is "C:\Program Files\dotnet\packs\Microsoft.NETCore.App.Ref\10.0.3\ref\net10.0\System.IO.UnmanagedMemoryStream.dll".
   3:6>ResolveAssemblyReferences:
             Reference found at search path location "{RawFileName}".
             This reference is not "CopyLocal" because at least one source item had "Private" set to "false" and no source items had "Private" set to "true".
   5:6>ResolveAssemblyReferences:
             Reference found at search path location "{RawFileName}".
             This reference is not "CopyLocal" because at least one source item had "Private" set to "false" and no source items had "Private" set to "true".
   3:6>ResolveAssemblyReferences:
         Primary reference "System.IO.Pipelines, Version=10.0.0.0, Culture=neutral, PublicKeyToken=cc7b13ffcd2ddd51".
   5:6>ResolveAssemblyReferences:
         Primary reference "System.IO, Version=10.0.0.0, Culture=neutral, PublicKeyToken=b03f5f7f11d50a3a".
   3:6>ResolveAssemblyReferences:
             Resolved file path is "C:\Program Files\dotnet\packs\Microsoft.NETCore.App.Ref\10.0.3\ref\net10.0\System.IO.Pipelines.dll".
   5:6>ResolveAssemblyReferences:
             Resolved file path is "C:\Program Files\dotnet\packs\Microsoft.NETCore.App.Ref\10.0.3\ref\net10.0\System.IO.dll".
   3:6>ResolveAssemblyReferences:
             Reference found at search path location "{RawFileName}".
   5:6>ResolveAssemblyReferences:
             Reference found at search path location "{RawFileName}".
   3:6>ResolveAssemblyReferences:
             This reference is not "CopyLocal" because at least one source item had "Private" set to "false" and no source items had "Private" set to "true".
   5:6>ResolveAssemblyReferences:
             This reference is not "CopyLocal" because at least one source item had "Private" set to "false" and no source items had "Private" set to "true".
   3:6>ResolveAssemblyReferences:
         Primary reference "System.IO.Pipes.AccessControl, Version=10.0.0.0, Culture=neutral, PublicKeyToken=b03f5f7f11d50a3a".
   5:6>ResolveAssemblyReferences:
         Primary reference "System.Linq.AsyncEnumerable, Version=10.0.0.0, Culture=neutral, PublicKeyToken=b03f5f7f11d50a3a".
   3:6>ResolveAssemblyReferences:
             Resolved file path is "C:\Program Files\dotnet\packs\Microsoft.NETCore.App.Ref\10.0.3\ref\net10.0\System.IO.Pipes.AccessControl.dll".
             Reference found at search path location "{RawFileName}".
   5:6>ResolveAssemblyReferences:
             Resolved file path is "C:\Program Files\dotnet\packs\Microsoft.NETCore.App.Ref\10.0.3\ref\net10.0\System.Linq.AsyncEnumerable.dll".
   3:6>ResolveAssemblyReferences:
             This reference is not "CopyLocal" because at least one source item had "Private" set to "false" and no source items had "Private" set to "true".
   5:6>ResolveAssemblyReferences:
             Reference found at search path location "{RawFileName}".
   3:6>ResolveAssemblyReferences:
         Primary reference "System.IO.Pipes, Version=10.0.0.0, Culture=neutral, PublicKeyToken=b03f5f7f11d50a3a".
   5:6>ResolveAssemblyReferences:
             This reference is not "CopyLocal" because at least one source item had "Private" set to "false" and no source items had "Private" set to "true".
   3:6>ResolveAssemblyReferences:
             Resolved file path is "C:\Program Files\dotnet\packs\Microsoft.NETCore.App.Ref\10.0.3\ref\net10.0\System.IO.Pipes.dll".
   5:6>ResolveAssemblyReferences:
         Primary reference "System.Linq.Expressions, Version=10.0.0.0, Culture=neutral, PublicKeyToken=b03f5f7f11d50a3a".
   3:6>ResolveAssemblyReferences:
             Reference found at search path location "{RawFileName}".
   5:6>ResolveAssemblyReferences:
             Resolved file path is "C:\Program Files\dotnet\packs\Microsoft.NETCore.App.Ref\10.0.3\ref\net10.0\System.Linq.Expressions.dll".
             Reference found at search path location "{RawFileName}".
   3:6>ResolveAssemblyReferences:
             This reference is not "CopyLocal" because at least one source item had "Private" set to "false" and no source items had "Private" set to "true".
   5:6>ResolveAssemblyReferences:
             This reference is not "CopyLocal" because at least one source item had "Private" set to "false" and no source items had "Private" set to "true".
   3:6>ResolveAssemblyReferences:
         Primary reference "System.IO.UnmanagedMemoryStream, Version=10.0.0.0, Culture=neutral, PublicKeyToken=b03f5f7f11d50a3a".
   5:6>ResolveAssemblyReferences:
         Primary reference "System.Linq.Parallel, Version=10.0.0.0, Culture=neutral, PublicKeyToken=b03f5f7f11d50a3a".
   3:6>ResolveAssemblyReferences:
             Resolved file path is "C:\Program Files\dotnet\packs\Microsoft.NETCore.App.Ref\10.0.3\ref\net10.0\System.IO.UnmanagedMemoryStream.dll".
   5:6>ResolveAssemblyReferences:
             Resolved file path is "C:\Program Files\dotnet\packs\Microsoft.NETCore.App.Ref\10.0.3\ref\net10.0\System.Linq.Parallel.dll".
   3:6>ResolveAssemblyReferences:
             Reference found at search path location "{RawFileName}".
   5:6>ResolveAssemblyReferences:
             Reference found at search path location "{RawFileName}".
   3:6>ResolveAssemblyReferences:
             This reference is not "CopyLocal" because at least one source item had "Private" set to "false" and no source items had "Private" set to "true".
   5:6>ResolveAssemblyReferences:
             This reference is not "CopyLocal" because at least one source item had "Private" set to "false" and no source items had "Private" set to "true".
   3:6>ResolveAssemblyReferences:
         Primary reference "System.IO, Version=10.0.0.0, Culture=neutral, PublicKeyToken=b03f5f7f11d50a3a".
             Resolved file path is "C:\Program Files\dotnet\packs\Microsoft.NETCore.App.Ref\10.0.3\ref\net10.0\System.IO.dll".
   5:6>ResolveAssemblyReferences:
         Primary reference "System.Linq.Queryable, Version=10.0.0.0, Culture=neutral, PublicKeyToken=b03f5f7f11d50a3a".
   3:6>ResolveAssemblyReferences:
             Reference found at search path location "{RawFileName}".
   5:6>ResolveAssemblyReferences:
             Resolved file path is "C:\Program Files\dotnet\packs\Microsoft.NETCore.App.Ref\10.0.3\ref\net10.0\System.Linq.Queryable.dll".
             Reference found at search path location "{RawFileName}".
   3:6>ResolveAssemblyReferences:
             This reference is not "CopyLocal" because at least one source item had "Private" set to "false" and no source items had "Private" set to "true".
   5:6>ResolveAssemblyReferences:
             This reference is not "CopyLocal" because at least one source item had "Private" set to "false" and no source items had "Private" set to "true".
         Primary reference "System.Linq, Version=10.0.0.0, Culture=neutral, PublicKeyToken=b03f5f7f11d50a3a".
             Resolved file path is "C:\Program Files\dotnet\packs\Microsoft.NETCore.App.Ref\10.0.3\ref\net10.0\System.Linq.dll".
             Reference found at search path location "{RawFileName}".
   3:6>ResolveAssemblyReferences:
         Primary reference "System.Linq.AsyncEnumerable, Version=10.0.0.0, Culture=neutral, PublicKeyToken=b03f5f7f11d50a3a".
   5:6>ResolveAssemblyReferences:
             This reference is not "CopyLocal" because at least one source item had "Private" set to "false" and no source items had "Private" set to "true".
         Primary reference "System.Memory, Version=10.0.0.0, Culture=neutral, PublicKeyToken=cc7b13ffcd2ddd51".
   3:6>ResolveAssemblyReferences:
             Resolved file path is "C:\Program Files\dotnet\packs\Microsoft.NETCore.App.Ref\10.0.3\ref\net10.0\System.Linq.AsyncEnumerable.dll".
   5:6>ResolveAssemblyReferences:
             Resolved file path is "C:\Program Files\dotnet\packs\Microsoft.NETCore.App.Ref\10.0.3\ref\net10.0\System.Memory.dll".
   3:6>ResolveAssemblyReferences:
             Reference found at search path location "{RawFileName}".
   5:6>ResolveAssemblyReferences:
             Reference found at search path location "{RawFileName}".
             This reference is not "CopyLocal" because at least one source item had "Private" set to "false" and no source items had "Private" set to "true".
   3:6>ResolveAssemblyReferences:
             This reference is not "CopyLocal" because at least one source item had "Private" set to "false" and no source items had "Private" set to "true".
   5:6>ResolveAssemblyReferences:
         Primary reference "System.Net.Http.Json, Version=10.0.0.0, Culture=neutral, PublicKeyToken=cc7b13ffcd2ddd51".
   6:6>ResolveAssemblyReferences:
                 Private = 'false'
   5:6>ResolveAssemblyReferences:
             Resolved file path is "C:\Program Files\dotnet\packs\Microsoft.NETCore.App.Ref\10.0.3\ref\net10.0\System.Net.Http.Json.dll".
   3:6>ResolveAssemblyReferences:
         Primary reference "System.Linq.Expressions, Version=10.0.0.0, Culture=neutral, PublicKeyToken=b03f5f7f11d50a3a".
   5:6>ResolveAssemblyReferences:
             Reference found at search path location "{RawFileName}".
             This reference is not "CopyLocal" because at least one source item had "Private" set to "false" and no source items had "Private" set to "true".
         Primary reference "System.Net.Http, Version=10.0.0.0, Culture=neutral, PublicKeyToken=b03f5f7f11d50a3a".
   3:6>ResolveAssemblyReferences:
             Resolved file path is "C:\Program Files\dotnet\packs\Microsoft.NETCore.App.Ref\10.0.3\ref\net10.0\System.Linq.Expressions.dll".
   5:6>ResolveAssemblyReferences:
             Resolved file path is "C:\Program Files\dotnet\packs\Microsoft.NETCore.App.Ref\10.0.3\ref\net10.0\System.Net.Http.dll".
   3:6>ResolveAssemblyReferences:
             Reference found at search path location "{RawFileName}".
   5:6>ResolveAssemblyReferences:
             Reference found at search path location "{RawFileName}".
   3:6>ResolveAssemblyReferences:
             This reference is not "CopyLocal" because at least one source item had "Private" set to "false" and no source items had "Private" set to "true".
   5:6>ResolveAssemblyReferences:
             This reference is not "CopyLocal" because at least one source item had "Private" set to "false" and no source items had "Private" set to "true".
   3:6>ResolveAssemblyReferences:
         Primary reference "System.Linq.Parallel, Version=10.0.0.0, Culture=neutral, PublicKeyToken=b03f5f7f11d50a3a".
   5:6>ResolveAssemblyReferences:
         Primary reference "System.Net.HttpListener, Version=10.0.0.0, Culture=neutral, PublicKeyToken=cc7b13ffcd2ddd51".
   3:6>ResolveAssemblyReferences:
             Resolved file path is "C:\Program Files\dotnet\packs\Microsoft.NETCore.App.Ref\10.0.3\ref\net10.0\System.Linq.Parallel.dll".
   5:6>ResolveAssemblyReferences:
             Resolved file path is "C:\Program Files\dotnet\packs\Microsoft.NETCore.App.Ref\10.0.3\ref\net10.0\System.Net.HttpListener.dll".
   3:6>ResolveAssemblyReferences:
             Reference found at search path location "{RawFileName}".
   5:6>ResolveAssemblyReferences:
             Reference found at search path location "{RawFileName}".
   3:6>ResolveAssemblyReferences:
             This reference is not "CopyLocal" because at least one source item had "Private" set to "false" and no source items had "Private" set to "true".
         Primary reference "System.Linq.Queryable, Version=10.0.0.0, Culture=neutral, PublicKeyToken=b03f5f7f11d50a3a".
   5:6>ResolveAssemblyReferences:
             This reference is not "CopyLocal" because at least one source item had "Private" set to "false" and no source items had "Private" set to "true".
   3:6>ResolveAssemblyReferences:
             Resolved file path is "C:\Program Files\dotnet\packs\Microsoft.NETCore.App.Ref\10.0.3\ref\net10.0\System.Linq.Queryable.dll".
   5:6>ResolveAssemblyReferences:
         Primary reference "System.Net.Mail, Version=10.0.0.0, Culture=neutral, PublicKeyToken=cc7b13ffcd2ddd51".
   3:6>ResolveAssemblyReferences:
             Reference found at search path location "{RawFileName}".
   5:6>ResolveAssemblyReferences:
             Resolved file path is "C:\Program Files\dotnet\packs\Microsoft.NETCore.App.Ref\10.0.3\ref\net10.0\System.Net.Mail.dll".
   3:6>ResolveAssemblyReferences:
             This reference is not "CopyLocal" because at least one source item had "Private" set to "false" and no source items had "Private" set to "true".
   5:6>ResolveAssemblyReferences:
             Reference found at search path location "{RawFileName}".
   3:6>ResolveAssemblyReferences:
         Primary reference "System.Linq, Version=10.0.0.0, Culture=neutral, PublicKeyToken=b03f5f7f11d50a3a".
   5:6>ResolveAssemblyReferences:
             This reference is not "CopyLocal" because at least one source item had "Private" set to "false" and no source items had "Private" set to "true".
   3:6>ResolveAssemblyReferences:
             Resolved file path is "C:\Program Files\dotnet\packs\Microsoft.NETCore.App.Ref\10.0.3\ref\net10.0\System.Linq.dll".
             Reference found at search path location "{RawFileName}".
   5:6>ResolveAssemblyReferences:
         Primary reference "System.Net.NameResolution, Version=10.0.0.0, Culture=neutral, PublicKeyToken=b03f5f7f11d50a3a".
   3:6>ResolveAssemblyReferences:
             This reference is not "CopyLocal" because at least one source item had "Private" set to "false" and no source items had "Private" set to "true".
   5:6>ResolveAssemblyReferences:
             Resolved file path is "C:\Program Files\dotnet\packs\Microsoft.NETCore.App.Ref\10.0.3\ref\net10.0\System.Net.NameResolution.dll".
   3:6>ResolveAssemblyReferences:
         Primary reference "System.Memory, Version=10.0.0.0, Culture=neutral, PublicKeyToken=cc7b13ffcd2ddd51".
             Resolved file path is "C:\Program Files\dotnet\packs\Microsoft.NETCore.App.Ref\10.0.3\ref\net10.0\System.Memory.dll".
   5:6>ResolveAssemblyReferences:
             Reference found at search path location "{RawFileName}".
   3:6>ResolveAssemblyReferences:
             Reference found at search path location "{RawFileName}".
   5:6>ResolveAssemblyReferences:
             This reference is not "CopyLocal" because at least one source item had "Private" set to "false" and no source items had "Private" set to "true".
   3:6>ResolveAssemblyReferences:
             This reference is not "CopyLocal" because at least one source item had "Private" set to "false" and no source items had "Private" set to "true".
         Primary reference "System.Net.Http.Json, Version=10.0.0.0, Culture=neutral, PublicKeyToken=cc7b13ffcd2ddd51".
             Resolved file path is "C:\Program Files\dotnet\packs\Microsoft.NETCore.App.Ref\10.0.3\ref\net10.0\System.Net.Http.Json.dll".
   5:6>ResolveAssemblyReferences:
         Primary reference "System.Net.NetworkInformation, Version=10.0.0.0, Culture=neutral, PublicKeyToken=b03f5f7f11d50a3a".
   3:6>ResolveAssemblyReferences:
             Reference found at search path location "{RawFileName}".
   5:6>ResolveAssemblyReferences:
             Resolved file path is "C:\Program Files\dotnet\packs\Microsoft.NETCore.App.Ref\10.0.3\ref\net10.0\System.Net.NetworkInformation.dll".
             Reference found at search path location "{RawFileName}".
             This reference is not "CopyLocal" because at least one source item had "Private" set to "false" and no source items had "Private" set to "true".
   3:6>ResolveAssemblyReferences:
             This reference is not "CopyLocal" because at least one source item had "Private" set to "false" and no source items had "Private" set to "true".
   5:6>ResolveAssemblyReferences:
         Primary reference "System.Net.Ping, Version=10.0.0.0, Culture=neutral, PublicKeyToken=b03f5f7f11d50a3a".
   3:6>ResolveAssemblyReferences:
         Primary reference "System.Net.Http, Version=10.0.0.0, Culture=neutral, PublicKeyToken=b03f5f7f11d50a3a".
   5:6>ResolveAssemblyReferences:
             Resolved file path is "C:\Program Files\dotnet\packs\Microsoft.NETCore.App.Ref\10.0.3\ref\net10.0\System.Net.Ping.dll".
   6:6>ResolveAssemblyReferences:
             C:\Program Files\dotnet\packs\Microsoft.AspNetCore.App.Ref\10.0.3\ref/net10.0/Microsoft.Extensions.Configuration.dll
   3:6>ResolveAssemblyReferences:
             Resolved file path is "C:\Program Files\dotnet\packs\Microsoft.NETCore.App.Ref\10.0.3\ref\net10.0\System.Net.Http.dll".
   5:6>ResolveAssemblyReferences:
             Reference found at search path location "{RawFileName}".
   3:6>ResolveAssemblyReferences:
             Reference found at search path location "{RawFileName}".
   5:6>ResolveAssemblyReferences:
             This reference is not "CopyLocal" because at least one source item had "Private" set to "false" and no source items had "Private" set to "true".
         Primary reference "System.Net.Primitives, Version=10.0.0.0, Culture=neutral, PublicKeyToken=b03f5f7f11d50a3a".
   3:6>ResolveAssemblyReferences:
             This reference is not "CopyLocal" because at least one source item had "Private" set to "false" and no source items had "Private" set to "true".
   5:6>ResolveAssemblyReferences:
             Resolved file path is "C:\Program Files\dotnet\packs\Microsoft.NETCore.App.Ref\10.0.3\ref\net10.0\System.Net.Primitives.dll".
   3:6>ResolveAssemblyReferences:
         Primary reference "System.Net.HttpListener, Version=10.0.0.0, Culture=neutral, PublicKeyToken=cc7b13ffcd2ddd51".
   5:6>ResolveAssemblyReferences:
             Reference found at search path location "{RawFileName}".
             This reference is not "CopyLocal" because at least one source item had "Private" set to "false" and no source items had "Private" set to "true".
   3:6>ResolveAssemblyReferences:
             Resolved file path is "C:\Program Files\dotnet\packs\Microsoft.NETCore.App.Ref\10.0.3\ref\net10.0\System.Net.HttpListener.dll".
   5:6>ResolveAssemblyReferences:
         Primary reference "System.Net.Quic, Version=10.0.0.0, Culture=neutral, PublicKeyToken=b03f5f7f11d50a3a".
   3:6>ResolveAssemblyReferences:
             Reference found at search path location "{RawFileName}".
   6:6>ResolveAssemblyReferences:
                 Private = 'false'
   3:6>ResolveAssemblyReferences:
             This reference is not "CopyLocal" because at least one source item had "Private" set to "false" and no source items had "Private" set to "true".
   5:6>ResolveAssemblyReferences:
             Resolved file path is "C:\Program Files\dotnet\packs\Microsoft.NETCore.App.Ref\10.0.3\ref\net10.0\System.Net.Quic.dll".
   3:6>ResolveAssemblyReferences:
         Primary reference "System.Net.Mail, Version=10.0.0.0, Culture=neutral, PublicKeyToken=cc7b13ffcd2ddd51".
             Resolved file path is "C:\Program Files\dotnet\packs\Microsoft.NETCore.App.Ref\10.0.3\ref\net10.0\System.Net.Mail.dll".
             Reference found at search path location "{RawFileName}".
             This reference is not "CopyLocal" because at least one source item had "Private" set to "false" and no source items had "Private" set to "true".
         Primary reference "System.Net.NameResolution, Version=10.0.0.0, Culture=neutral, PublicKeyToken=b03f5f7f11d50a3a".
             Resolved file path is "C:\Program Files\dotnet\packs\Microsoft.NETCore.App.Ref\10.0.3\ref\net10.0\System.Net.NameResolution.dll".
             Reference found at search path location "{RawFileName}".
             This reference is not "CopyLocal" because at least one source item had "Private" set to "false" and no source items had "Private" set to "true".
         Primary reference "System.Net.NetworkInformation, Version=10.0.0.0, Culture=neutral, PublicKeyToken=b03f5f7f11d50a3a".
   5:6>ResolveAssemblyReferences:
             Reference found at search path location "{RawFileName}".
             This reference is not "CopyLocal" because at least one source item had "Private" set to "false" and no source items had "Private" set to "true".
   3:6>ResolveAssemblyReferences:
             Resolved file path is "C:\Program Files\dotnet\packs\Microsoft.NETCore.App.Ref\10.0.3\ref\net10.0\System.Net.NetworkInformation.dll".
   5:6>ResolveAssemblyReferences:
         Primary reference "System.Net.Requests, Version=10.0.0.0, Culture=neutral, PublicKeyToken=b03f5f7f11d50a3a".
   3:6>ResolveAssemblyReferences:
             Reference found at search path location "{RawFileName}".
   5:6>ResolveAssemblyReferences:
             Resolved file path is "C:\Program Files\dotnet\packs\Microsoft.NETCore.App.Ref\10.0.3\ref\net10.0\System.Net.Requests.dll".
   3:6>ResolveAssemblyReferences:
             This reference is not "CopyLocal" because at least one source item had "Private" set to "false" and no source items had "Private" set to "true".
   5:6>ResolveAssemblyReferences:
             Reference found at search path location "{RawFileName}".
   3:6>ResolveAssemblyReferences:
         Primary reference "System.Net.Ping, Version=10.0.0.0, Culture=neutral, PublicKeyToken=b03f5f7f11d50a3a".
   5:6>ResolveAssemblyReferences:
             This reference is not "CopyLocal" because at least one source item had "Private" set to "false" and no source items had "Private" set to "true".
   6:6>ResolveAssemblyReferences:
             C:\Program Files\dotnet\packs\Microsoft.AspNetCore.App.Ref\10.0.3\ref/net10.0/Microsoft.Extensions.DependencyInjection.Abstractions.dll
   5:6>ResolveAssemblyReferences:
         Primary reference "System.Net.Security, Version=10.0.0.0, Culture=neutral, PublicKeyToken=b03f5f7f11d50a3a".
   3:6>ResolveAssemblyReferences:
             Resolved file path is "C:\Program Files\dotnet\packs\Microsoft.NETCore.App.Ref\10.0.3\ref\net10.0\System.Net.Ping.dll".
   5:6>ResolveAssemblyReferences:
             Resolved file path is "C:\Program Files\dotnet\packs\Microsoft.NETCore.App.Ref\10.0.3\ref\net10.0\System.Net.Security.dll".
   6:6>ResolveAssemblyReferences:
                 Private = 'false'
   3:6>ResolveAssemblyReferences:
             Reference found at search path location "{RawFileName}".
   5:6>ResolveAssemblyReferences:
             Reference found at search path location "{RawFileName}".
   3:6>ResolveAssemblyReferences:
             This reference is not "CopyLocal" because at least one source item had "Private" set to "false" and no source items had "Private" set to "true".
         Primary reference "System.Net.Primitives, Version=10.0.0.0, Culture=neutral, PublicKeyToken=b03f5f7f11d50a3a".
   5:6>ResolveAssemblyReferences:
             This reference is not "CopyLocal" because at least one source item had "Private" set to "false" and no source items had "Private" set to "true".
   3:6>ResolveAssemblyReferences:
             Resolved file path is "C:\Program Files\dotnet\packs\Microsoft.NETCore.App.Ref\10.0.3\ref\net10.0\System.Net.Primitives.dll".
   5:6>ResolveAssemblyReferences:
         Primary reference "System.Net.ServerSentEvents, Version=10.0.0.0, Culture=neutral, PublicKeyToken=cc7b13ffcd2ddd51".
             Resolved file path is "C:\Program Files\dotnet\packs\Microsoft.NETCore.App.Ref\10.0.3\ref\net10.0\System.Net.ServerSentEvents.dll".
   3:6>ResolveAssemblyReferences:
             Reference found at search path location "{RawFileName}".
             This reference is not "CopyLocal" because at least one source item had "Private" set to "false" and no source items had "Private" set to "true".
   5:6>ResolveAssemblyReferences:
             Reference found at search path location "{RawFileName}".
   3:6>ResolveAssemblyReferences:
         Primary reference "System.Net.Quic, Version=10.0.0.0, Culture=neutral, PublicKeyToken=b03f5f7f11d50a3a".
   6:6>ResolveAssemblyReferences:
             C:\Program Files\dotnet\packs\Microsoft.AspNetCore.App.Ref\10.0.3\ref/net10.0/Microsoft.Extensions.DependencyInjection.dll
   3:6>ResolveAssemblyReferences:
             Resolved file path is "C:\Program Files\dotnet\packs\Microsoft.NETCore.App.Ref\10.0.3\ref\net10.0\System.Net.Quic.dll".
   5:6>ResolveAssemblyReferences:
             This reference is not "CopyLocal" because at least one source item had "Private" set to "false" and no source items had "Private" set to "true".
   3:6>ResolveAssemblyReferences:
             Reference found at search path location "{RawFileName}".
   5:6>ResolveAssemblyReferences:
         Primary reference "System.Net.ServicePoint, Version=10.0.0.0, Culture=neutral, PublicKeyToken=cc7b13ffcd2ddd51".
   3:6>ResolveAssemblyReferences:
             This reference is not "CopyLocal" because at least one source item had "Private" set to "false" and no source items had "Private" set to "true".
         Primary reference "System.Net.Requests, Version=10.0.0.0, Culture=neutral, PublicKeyToken=b03f5f7f11d50a3a".
   5:6>ResolveAssemblyReferences:
             Resolved file path is "C:\Program Files\dotnet\packs\Microsoft.NETCore.App.Ref\10.0.3\ref\net10.0\System.Net.ServicePoint.dll".
   3:6>ResolveAssemblyReferences:
             Resolved file path is "C:\Program Files\dotnet\packs\Microsoft.NETCore.App.Ref\10.0.3\ref\net10.0\System.Net.Requests.dll".
   5:6>ResolveAssemblyReferences:
             Reference found at search path location "{RawFileName}".
   3:6>ResolveAssemblyReferences:
             Reference found at search path location "{RawFileName}".
   5:6>ResolveAssemblyReferences:
             This reference is not "CopyLocal" because at least one source item had "Private" set to "false" and no source items had "Private" set to "true".
   3:6>ResolveAssemblyReferences:
             This reference is not "CopyLocal" because at least one source item had "Private" set to "false" and no source items had "Private" set to "true".
   5:6>ResolveAssemblyReferences:
         Primary reference "System.Net.Sockets, Version=10.0.0.0, Culture=neutral, PublicKeyToken=b03f5f7f11d50a3a".
   3:6>ResolveAssemblyReferences:
         Primary reference "System.Net.Security, Version=10.0.0.0, Culture=neutral, PublicKeyToken=b03f5f7f11d50a3a".
   5:6>ResolveAssemblyReferences:
             Resolved file path is "C:\Program Files\dotnet\packs\Microsoft.NETCore.App.Ref\10.0.3\ref\net10.0\System.Net.Sockets.dll".
   3:6>ResolveAssemblyReferences:
             Resolved file path is "C:\Program Files\dotnet\packs\Microsoft.NETCore.App.Ref\10.0.3\ref\net10.0\System.Net.Security.dll".
   5:6>ResolveAssemblyReferences:
             Reference found at search path location "{RawFileName}".
   3:6>ResolveAssemblyReferences:
             Reference found at search path location "{RawFileName}".
   5:6>ResolveAssemblyReferences:
             This reference is not "CopyLocal" because at least one source item had "Private" set to "false" and no source items had "Private" set to "true".
         Primary reference "System.Net.WebClient, Version=10.0.0.0, Culture=neutral, PublicKeyToken=cc7b13ffcd2ddd51".
   3:6>ResolveAssemblyReferences:
             This reference is not "CopyLocal" because at least one source item had "Private" set to "false" and no source items had "Private" set to "true".
   5:6>ResolveAssemblyReferences:
             Resolved file path is "C:\Program Files\dotnet\packs\Microsoft.NETCore.App.Ref\10.0.3\ref\net10.0\System.Net.WebClient.dll".
   3:6>ResolveAssemblyReferences:
         Primary reference "System.Net.ServerSentEvents, Version=10.0.0.0, Culture=neutral, PublicKeyToken=cc7b13ffcd2ddd51".
   5:6>ResolveAssemblyReferences:
             Reference found at search path location "{RawFileName}".
   6:6>ResolveAssemblyReferences:
                 Private = 'false'
   3:6>ResolveAssemblyReferences:
             Resolved file path is "C:\Program Files\dotnet\packs\Microsoft.NETCore.App.Ref\10.0.3\ref\net10.0\System.Net.ServerSentEvents.dll".
             Reference found at search path location "{RawFileName}".
   5:6>ResolveAssemblyReferences:
             This reference is not "CopyLocal" because at least one source item had "Private" set to "false" and no source items had "Private" set to "true".
   3:6>ResolveAssemblyReferences:
             This reference is not "CopyLocal" because at least one source item had "Private" set to "false" and no source items had "Private" set to "true".
   5:6>ResolveAssemblyReferences:
         Primary reference "System.Net.WebHeaderCollection, Version=10.0.0.0, Culture=neutral, PublicKeyToken=b03f5f7f11d50a3a".
             Resolved file path is "C:\Program Files\dotnet\packs\Microsoft.NETCore.App.Ref\10.0.3\ref\net10.0\System.Net.WebHeaderCollection.dll".
   3:6>ResolveAssemblyReferences:
         Primary reference "System.Net.ServicePoint, Version=10.0.0.0, Culture=neutral, PublicKeyToken=cc7b13ffcd2ddd51".
   5:6>ResolveAssemblyReferences:
             Reference found at search path location "{RawFileName}".
   3:6>ResolveAssemblyReferences:
             Resolved file path is "C:\Program Files\dotnet\packs\Microsoft.NETCore.App.Ref\10.0.3\ref\net10.0\System.Net.ServicePoint.dll".
   5:6>ResolveAssemblyReferences:
             This reference is not "CopyLocal" because at least one source item had "Private" set to "false" and no source items had "Private" set to "true".
   3:6>ResolveAssemblyReferences:
             Reference found at search path location "{RawFileName}".
             This reference is not "CopyLocal" because at least one source item had "Private" set to "false" and no source items had "Private" set to "true".
   5:6>ResolveAssemblyReferences:
         Primary reference "System.Net.WebProxy, Version=10.0.0.0, Culture=neutral, PublicKeyToken=cc7b13ffcd2ddd51".
             Resolved file path is "C:\Program Files\dotnet\packs\Microsoft.NETCore.App.Ref\10.0.3\ref\net10.0\System.Net.WebProxy.dll".
   3:6>ResolveAssemblyReferences:
         Primary reference "System.Net.Sockets, Version=10.0.0.0, Culture=neutral, PublicKeyToken=b03f5f7f11d50a3a".
   5:6>ResolveAssemblyReferences:
             Reference found at search path location "{RawFileName}".
             This reference is not "CopyLocal" because at least one source item had "Private" set to "false" and no source items had "Private" set to "true".
   3:6>ResolveAssemblyReferences:
             Resolved file path is "C:\Program Files\dotnet\packs\Microsoft.NETCore.App.Ref\10.0.3\ref\net10.0\System.Net.Sockets.dll".
   5:6>ResolveAssemblyReferences:
         Primary reference "System.Net.WebSockets.Client, Version=10.0.0.0, Culture=neutral, PublicKeyToken=b03f5f7f11d50a3a".
   3:6>ResolveAssemblyReferences:
             Reference found at search path location "{RawFileName}".
   5:6>ResolveAssemblyReferences:
             Resolved file path is "C:\Program Files\dotnet\packs\Microsoft.NETCore.App.Ref\10.0.3\ref\net10.0\System.Net.WebSockets.Client.dll".
   3:6>ResolveAssemblyReferences:
             This reference is not "CopyLocal" because at least one source item had "Private" set to "false" and no source items had "Private" set to "true".
   5:6>ResolveAssemblyReferences:
             Reference found at search path location "{RawFileName}".
   3:6>ResolveAssemblyReferences:
         Primary reference "System.Net.WebClient, Version=10.0.0.0, Culture=neutral, PublicKeyToken=cc7b13ffcd2ddd51".
   5:6>ResolveAssemblyReferences:
             This reference is not "CopyLocal" because at least one source item had "Private" set to "false" and no source items had "Private" set to "true".
   3:6>ResolveAssemblyReferences:
             Resolved file path is "C:\Program Files\dotnet\packs\Microsoft.NETCore.App.Ref\10.0.3\ref\net10.0\System.Net.WebClient.dll".
   6:6>ResolveAssemblyReferences:
             C:\Program Files\dotnet\packs\Microsoft.AspNetCore.App.Ref\10.0.3\ref/net10.0/Microsoft.Extensions.Diagnostics.Abstractions.dll
   5:6>ResolveAssemblyReferences:
         Primary reference "System.Net.WebSockets, Version=10.0.0.0, Culture=neutral, PublicKeyToken=b03f5f7f11d50a3a".
   3:6>ResolveAssemblyReferences:
             Reference found at search path location "{RawFileName}".
   5:6>ResolveAssemblyReferences:
             Resolved file path is "C:\Program Files\dotnet\packs\Microsoft.NETCore.App.Ref\10.0.3\ref\net10.0\System.Net.WebSockets.dll".
   3:6>ResolveAssemblyReferences:
             This reference is not "CopyLocal" because at least one source item had "Private" set to "false" and no source items had "Private" set to "true".
   5:6>ResolveAssemblyReferences:
             Reference found at search path location "{RawFileName}".
   3:6>ResolveAssemblyReferences:
         Primary reference "System.Net.WebHeaderCollection, Version=10.0.0.0, Culture=neutral, PublicKeyToken=b03f5f7f11d50a3a".
   5:6>ResolveAssemblyReferences:
             This reference is not "CopyLocal" because at least one source item had "Private" set to "false" and no source items had "Private" set to "true".
   3:6>ResolveAssemblyReferences:
             Resolved file path is "C:\Program Files\dotnet\packs\Microsoft.NETCore.App.Ref\10.0.3\ref\net10.0\System.Net.WebHeaderCollection.dll".
   5:6>ResolveAssemblyReferences:
         Primary reference "System.Net, Version=4.0.0.0, Culture=neutral, PublicKeyToken=b03f5f7f11d50a3a".
             Resolved file path is "C:\Program Files\dotnet\packs\Microsoft.NETCore.App.Ref\10.0.3\ref\net10.0\System.Net.dll".
   3:6>ResolveAssemblyReferences:
             Reference found at search path location "{RawFileName}".
   5:6>ResolveAssemblyReferences:
             Reference found at search path location "{RawFileName}".
   3:6>ResolveAssemblyReferences:
             This reference is not "CopyLocal" because at least one source item had "Private" set to "false" and no source items had "Private" set to "true".
   5:6>ResolveAssemblyReferences:
             This reference is not "CopyLocal" because at least one source item had "Private" set to "false" and no source items had "Private" set to "true".
   3:6>ResolveAssemblyReferences:
         Primary reference "System.Net.WebProxy, Version=10.0.0.0, Culture=neutral, PublicKeyToken=cc7b13ffcd2ddd51".
   5:6>ResolveAssemblyReferences:
         Primary reference "System.Numerics.Vectors, Version=10.0.0.0, Culture=neutral, PublicKeyToken=b03f5f7f11d50a3a".
   3:6>ResolveAssemblyReferences:
             Resolved file path is "C:\Program Files\dotnet\packs\Microsoft.NETCore.App.Ref\10.0.3\ref\net10.0\System.Net.WebProxy.dll".
             Reference found at search path location "{RawFileName}".
   5:6>ResolveAssemblyReferences:
             Resolved file path is "C:\Program Files\dotnet\packs\Microsoft.NETCore.App.Ref\10.0.3\ref\net10.0\System.Numerics.Vectors.dll".
             Reference found at search path location "{RawFileName}".
   3:6>ResolveAssemblyReferences:
             This reference is not "CopyLocal" because at least one source item had "Private" set to "false" and no source items had "Private" set to "true".
   5:6>ResolveAssemblyReferences:
             This reference is not "CopyLocal" because at least one source item had "Private" set to "false" and no source items had "Private" set to "true".
   6:6>ResolveAssemblyReferences:
                 Private = 'false'
   5:6>ResolveAssemblyReferences:
         Primary reference "System.Numerics, Version=4.0.0.0, Culture=neutral, PublicKeyToken=b77a5c561934e089".
   3:6>ResolveAssemblyReferences:
         Primary reference "System.Net.WebSockets.Client, Version=10.0.0.0, Culture=neutral, PublicKeyToken=b03f5f7f11d50a3a".
   5:6>ResolveAssemblyReferences:
             Resolved file path is "C:\Program Files\dotnet\packs\Microsoft.NETCore.App.Ref\10.0.3\ref\net10.0\System.Numerics.dll".
   3:6>ResolveAssemblyReferences:
             Resolved file path is "C:\Program Files\dotnet\packs\Microsoft.NETCore.App.Ref\10.0.3\ref\net10.0\System.Net.WebSockets.Client.dll".
   5:6>ResolveAssemblyReferences:
             Reference found at search path location "{RawFileName}".
   3:6>ResolveAssemblyReferences:
             Reference found at search path location "{RawFileName}".
   5:6>ResolveAssemblyReferences:
             This reference is not "CopyLocal" because at least one source item had "Private" set to "false" and no source items had "Private" set to "true".
   3:6>ResolveAssemblyReferences:
             This reference is not "CopyLocal" because at least one source item had "Private" set to "false" and no source items had "Private" set to "true".
   5:6>ResolveAssemblyReferences:
         Primary reference "System.ObjectModel, Version=10.0.0.0, Culture=neutral, PublicKeyToken=b03f5f7f11d50a3a".
   3:6>ResolveAssemblyReferences:
         Primary reference "System.Net.WebSockets, Version=10.0.0.0, Culture=neutral, PublicKeyToken=b03f5f7f11d50a3a".
   5:6>ResolveAssemblyReferences:
             Resolved file path is "C:\Program Files\dotnet\packs\Microsoft.NETCore.App.Ref\10.0.3\ref\net10.0\System.ObjectModel.dll".
             Reference found at search path location "{RawFileName}".
   3:6>ResolveAssemblyReferences:
             Resolved file path is "C:\Program Files\dotnet\packs\Microsoft.NETCore.App.Ref\10.0.3\ref\net10.0\System.Net.WebSockets.dll".
   5:6>ResolveAssemblyReferences:
             This reference is not "CopyLocal" because at least one source item had "Private" set to "false" and no source items had "Private" set to "true".
   3:6>ResolveAssemblyReferences:
             Reference found at search path location "{RawFileName}".
   5:6>ResolveAssemblyReferences:
         Primary reference "System.Reflection.DispatchProxy, Version=10.0.0.0, Culture=neutral, PublicKeyToken=b03f5f7f11d50a3a".
   3:6>ResolveAssemblyReferences:
             This reference is not "CopyLocal" because at least one source item had "Private" set to "false" and no source items had "Private" set to "true".
   5:6>ResolveAssemblyReferences:
             Resolved file path is "C:\Program Files\dotnet\packs\Microsoft.NETCore.App.Ref\10.0.3\ref\net10.0\System.Reflection.DispatchProxy.dll".
   6:6>ResolveAssemblyReferences:
             C:\Program Files\dotnet\packs\Microsoft.AspNetCore.App.Ref\10.0.3\ref/net10.0/Microsoft.Extensions.Diagnostics.HealthChecks.Abstractions.dll
   5:6>ResolveAssemblyReferences:
             Reference found at search path location "{RawFileName}".
   3:6>ResolveAssemblyReferences:
         Primary reference "System.Net, Version=4.0.0.0, Culture=neutral, PublicKeyToken=b03f5f7f11d50a3a".
   5:6>ResolveAssemblyReferences:
             This reference is not "CopyLocal" because at least one source item had "Private" set to "false" and no source items had "Private" set to "true".
   3:6>ResolveAssemblyReferences:
             Resolved file path is "C:\Program Files\dotnet\packs\Microsoft.NETCore.App.Ref\10.0.3\ref\net10.0\System.Net.dll".
             Reference found at search path location "{RawFileName}".
             This reference is not "CopyLocal" because at least one source item had "Private" set to "false" and no source items had "Private" set to "true".
   5:6>ResolveAssemblyReferences:
         Primary reference "System.Reflection.Emit.ILGeneration, Version=10.0.0.0, Culture=neutral, PublicKeyToken=b03f5f7f11d50a3a".
   3:6>ResolveAssemblyReferences:
         Primary reference "System.Numerics.Vectors, Version=10.0.0.0, Culture=neutral, PublicKeyToken=b03f5f7f11d50a3a".
             Resolved file path is "C:\Program Files\dotnet\packs\Microsoft.NETCore.App.Ref\10.0.3\ref\net10.0\System.Numerics.Vectors.dll".
   5:6>ResolveAssemblyReferences:
             Resolved file path is "C:\Program Files\dotnet\packs\Microsoft.NETCore.App.Ref\10.0.3\ref\net10.0\System.Reflection.Emit.ILGeneration.dll".
   3:6>ResolveAssemblyReferences:
             Reference found at search path location "{RawFileName}".
   5:6>ResolveAssemblyReferences:
             Reference found at search path location "{RawFileName}".
   3:6>ResolveAssemblyReferences:
             This reference is not "CopyLocal" because at least one source item had "Private" set to "false" and no source items had "Private" set to "true".
   5:6>ResolveAssemblyReferences:
             This reference is not "CopyLocal" because at least one source item had "Private" set to "false" and no source items had "Private" set to "true".
   3:6>ResolveAssemblyReferences:
         Primary reference "System.Numerics, Version=4.0.0.0, Culture=neutral, PublicKeyToken=b77a5c561934e089".
             Resolved file path is "C:\Program Files\dotnet\packs\Microsoft.NETCore.App.Ref\10.0.3\ref\net10.0\System.Numerics.dll".
             Reference found at search path location "{RawFileName}".
             This reference is not "CopyLocal" because at least one source item had "Private" set to "false" and no source items had "Private" set to "true".
   5:6>ResolveAssemblyReferences:
         Primary reference "System.Reflection.Emit.Lightweight, Version=10.0.0.0, Culture=neutral, PublicKeyToken=b03f5f7f11d50a3a".
   3:6>ResolveAssemblyReferences:
         Primary reference "System.ObjectModel, Version=10.0.0.0, Culture=neutral, PublicKeyToken=b03f5f7f11d50a3a".
   5:6>ResolveAssemblyReferences:
             Resolved file path is "C:\Program Files\dotnet\packs\Microsoft.NETCore.App.Ref\10.0.3\ref\net10.0\System.Reflection.Emit.Lightweight.dll".
   3:6>ResolveAssemblyReferences:
             Resolved file path is "C:\Program Files\dotnet\packs\Microsoft.NETCore.App.Ref\10.0.3\ref\net10.0\System.ObjectModel.dll".
   5:6>ResolveAssemblyReferences:
             Reference found at search path location "{RawFileName}".
   3:6>ResolveAssemblyReferences:
             Reference found at search path location "{RawFileName}".
   5:6>ResolveAssemblyReferences:
             This reference is not "CopyLocal" because at least one source item had "Private" set to "false" and no source items had "Private" set to "true".
   3:6>ResolveAssemblyReferences:
             This reference is not "CopyLocal" because at least one source item had "Private" set to "false" and no source items had "Private" set to "true".
   5:6>ResolveAssemblyReferences:
         Primary reference "System.Reflection.Emit, Version=10.0.0.0, Culture=neutral, PublicKeyToken=b03f5f7f11d50a3a".
   3:6>ResolveAssemblyReferences:
         Primary reference "System.Reflection.DispatchProxy, Version=10.0.0.0, Culture=neutral, PublicKeyToken=b03f5f7f11d50a3a".
   5:6>ResolveAssemblyReferences:
             Resolved file path is "C:\Program Files\dotnet\packs\Microsoft.NETCore.App.Ref\10.0.3\ref\net10.0\System.Reflection.Emit.dll".
   3:6>ResolveAssemblyReferences:
             Resolved file path is "C:\Program Files\dotnet\packs\Microsoft.NETCore.App.Ref\10.0.3\ref\net10.0\System.Reflection.DispatchProxy.dll".
   5:6>ResolveAssemblyReferences:
             Reference found at search path location "{RawFileName}".
   3:6>ResolveAssemblyReferences:
             Reference found at search path location "{RawFileName}".
   5:6>ResolveAssemblyReferences:
             This reference is not "CopyLocal" because at least one source item had "Private" set to "false" and no source items had "Private" set to "true".
   3:6>ResolveAssemblyReferences:
             This reference is not "CopyLocal" because at least one source item had "Private" set to "false" and no source items had "Private" set to "true".
   5:6>ResolveAssemblyReferences:
         Primary reference "System.Reflection.Extensions, Version=10.0.0.0, Culture=neutral, PublicKeyToken=b03f5f7f11d50a3a".
   3:6>ResolveAssemblyReferences:
         Primary reference "System.Reflection.Emit.ILGeneration, Version=10.0.0.0, Culture=neutral, PublicKeyToken=b03f5f7f11d50a3a".
             Resolved file path is "C:\Program Files\dotnet\packs\Microsoft.NETCore.App.Ref\10.0.3\ref\net10.0\System.Reflection.Emit.ILGeneration.dll".
   5:6>ResolveAssemblyReferences:
             Resolved file path is "C:\Program Files\dotnet\packs\Microsoft.NETCore.App.Ref\10.0.3\ref\net10.0\System.Reflection.Extensions.dll".
             Reference found at search path location "{RawFileName}".
   3:6>ResolveAssemblyReferences:
             Reference found at search path location "{RawFileName}".
   5:6>ResolveAssemblyReferences:
             This reference is not "CopyLocal" because at least one source item had "Private" set to "false" and no source items had "Private" set to "true".
   3:6>ResolveAssemblyReferences:
             This reference is not "CopyLocal" because at least one source item had "Private" set to "false" and no source items had "Private" set to "true".
   5:6>ResolveAssemblyReferences:
         Primary reference "System.Reflection.Metadata, Version=10.0.0.0, Culture=neutral, PublicKeyToken=b03f5f7f11d50a3a".
   3:6>ResolveAssemblyReferences:
         Primary reference "System.Reflection.Emit.Lightweight, Version=10.0.0.0, Culture=neutral, PublicKeyToken=b03f5f7f11d50a3a".
   5:6>ResolveAssemblyReferences:
             Resolved file path is "C:\Program Files\dotnet\packs\Microsoft.NETCore.App.Ref\10.0.3\ref\net10.0\System.Reflection.Metadata.dll".
   3:6>ResolveAssemblyReferences:
             Resolved file path is "C:\Program Files\dotnet\packs\Microsoft.NETCore.App.Ref\10.0.3\ref\net10.0\System.Reflection.Emit.Lightweight.dll".
             Reference found at search path location "{RawFileName}".
             This reference is not "CopyLocal" because at least one source item had "Private" set to "false" and no source items had "Private" set to "true".
   5:6>ResolveAssemblyReferences:
             Reference found at search path location "{RawFileName}".
   3:6>ResolveAssemblyReferences:
         Primary reference "System.Reflection.Emit, Version=10.0.0.0, Culture=neutral, PublicKeyToken=b03f5f7f11d50a3a".
   6:6>ResolveAssemblyReferences:
                 Private = 'false'
   5:6>ResolveAssemblyReferences:
             This reference is not "CopyLocal" because at least one source item had "Private" set to "false" and no source items had "Private" set to "true".
   3:6>ResolveAssemblyReferences:
             Resolved file path is "C:\Program Files\dotnet\packs\Microsoft.NETCore.App.Ref\10.0.3\ref\net10.0\System.Reflection.Emit.dll".
   5:6>ResolveAssemblyReferences:
         Primary reference "System.Reflection.Primitives, Version=10.0.0.0, Culture=neutral, PublicKeyToken=b03f5f7f11d50a3a".
   3:6>ResolveAssemblyReferences:
             Reference found at search path location "{RawFileName}".
   5:6>ResolveAssemblyReferences:
             Resolved file path is "C:\Program Files\dotnet\packs\Microsoft.NETCore.App.Ref\10.0.3\ref\net10.0\System.Reflection.Primitives.dll".
             Reference found at search path location "{RawFileName}".
   3:6>ResolveAssemblyReferences:
             This reference is not "CopyLocal" because at least one source item had "Private" set to "false" and no source items had "Private" set to "true".
   5:6>ResolveAssemblyReferences:
             This reference is not "CopyLocal" because at least one source item had "Private" set to "false" and no source items had "Private" set to "true".
   3:6>ResolveAssemblyReferences:
         Primary reference "System.Reflection.Extensions, Version=10.0.0.0, Culture=neutral, PublicKeyToken=b03f5f7f11d50a3a".
   5:6>ResolveAssemblyReferences:
         Primary reference "System.Reflection.TypeExtensions, Version=10.0.0.0, Culture=neutral, PublicKeyToken=b03f5f7f11d50a3a".
   3:6>ResolveAssemblyReferences:
             Resolved file path is "C:\Program Files\dotnet\packs\Microsoft.NETCore.App.Ref\10.0.3\ref\net10.0\System.Reflection.Extensions.dll".
   5:6>ResolveAssemblyReferences:
             Resolved file path is "C:\Program Files\dotnet\packs\Microsoft.NETCore.App.Ref\10.0.3\ref\net10.0\System.Reflection.TypeExtensions.dll".
   3:6>ResolveAssemblyReferences:
             Reference found at search path location "{RawFileName}".
   5:6>ResolveAssemblyReferences:
             Reference found at search path location "{RawFileName}".
   3:6>ResolveAssemblyReferences:
             This reference is not "CopyLocal" because at least one source item had "Private" set to "false" and no source items had "Private" set to "true".
   5:6>ResolveAssemblyReferences:
             This reference is not "CopyLocal" because at least one source item had "Private" set to "false" and no source items had "Private" set to "true".
   3:6>ResolveAssemblyReferences:
         Primary reference "System.Reflection.Metadata, Version=10.0.0.0, Culture=neutral, PublicKeyToken=b03f5f7f11d50a3a".
   5:6>ResolveAssemblyReferences:
         Primary reference "System.Reflection, Version=10.0.0.0, Culture=neutral, PublicKeyToken=b03f5f7f11d50a3a".
   3:6>ResolveAssemblyReferences:
             Resolved file path is "C:\Program Files\dotnet\packs\Microsoft.NETCore.App.Ref\10.0.3\ref\net10.0\System.Reflection.Metadata.dll".
   5:6>ResolveAssemblyReferences:
             Resolved file path is "C:\Program Files\dotnet\packs\Microsoft.NETCore.App.Ref\10.0.3\ref\net10.0\System.Reflection.dll".
   3:6>ResolveAssemblyReferences:
             Reference found at search path location "{RawFileName}".
   5:6>ResolveAssemblyReferences:
             Reference found at search path location "{RawFileName}".
   3:6>ResolveAssemblyReferences:
             This reference is not "CopyLocal" because at least one source item had "Private" set to "false" and no source items had "Private" set to "true".
   5:6>ResolveAssemblyReferences:
             This reference is not "CopyLocal" because at least one source item had "Private" set to "false" and no source items had "Private" set to "true".
   3:6>ResolveAssemblyReferences:
         Primary reference "System.Reflection.Primitives, Version=10.0.0.0, Culture=neutral, PublicKeyToken=b03f5f7f11d50a3a".
   5:6>ResolveAssemblyReferences:
         Primary reference "System.Resources.Reader, Version=10.0.0.0, Culture=neutral, PublicKeyToken=b03f5f7f11d50a3a".
   3:6>ResolveAssemblyReferences:
             Resolved file path is "C:\Program Files\dotnet\packs\Microsoft.NETCore.App.Ref\10.0.3\ref\net10.0\System.Reflection.Primitives.dll".
   5:6>ResolveAssemblyReferences:
             Resolved file path is "C:\Program Files\dotnet\packs\Microsoft.NETCore.App.Ref\10.0.3\ref\net10.0\System.Resources.Reader.dll".
   3:6>ResolveAssemblyReferences:
             Reference found at search path location "{RawFileName}".
   5:6>ResolveAssemblyReferences:
             Reference found at search path location "{RawFileName}".
             This reference is not "CopyLocal" because at least one source item had "Private" set to "false" and no source items had "Private" set to "true".
   3:6>ResolveAssemblyReferences:
             This reference is not "CopyLocal" because at least one source item had "Private" set to "false" and no source items had "Private" set to "true".
   5:6>ResolveAssemblyReferences:
         Primary reference "System.Resources.ResourceManager, Version=10.0.0.0, Culture=neutral, PublicKeyToken=b03f5f7f11d50a3a".
             Resolved file path is "C:\Program Files\dotnet\packs\Microsoft.NETCore.App.Ref\10.0.3\ref\net10.0\System.Resources.ResourceManager.dll".
   3:6>ResolveAssemblyReferences:
         Primary reference "System.Reflection.TypeExtensions, Version=10.0.0.0, Culture=neutral, PublicKeyToken=b03f5f7f11d50a3a".
   6:6>ResolveAssemblyReferences:
             C:\Program Files\dotnet\packs\Microsoft.AspNetCore.App.Ref\10.0.3\ref/net10.0/Microsoft.Extensions.Diagnostics.HealthChecks.dll
   5:6>ResolveAssemblyReferences:
             Reference found at search path location "{RawFileName}".
             This reference is not "CopyLocal" because at least one source item had "Private" set to "false" and no source items had "Private" set to "true".
         Primary reference "System.Resources.Writer, Version=10.0.0.0, Culture=neutral, PublicKeyToken=b03f5f7f11d50a3a".
             Resolved file path is "C:\Program Files\dotnet\packs\Microsoft.NETCore.App.Ref\10.0.3\ref\net10.0\System.Resources.Writer.dll".
             Reference found at search path location "{RawFileName}".
             This reference is not "CopyLocal" because at least one source item had "Private" set to "false" and no source items had "Private" set to "true".
         Primary reference "System.Runtime.CompilerServices.Unsafe, Version=10.0.0.0, Culture=neutral, PublicKeyToken=b03f5f7f11d50a3a".
             Resolved file path is "C:\Program Files\dotnet\packs\Microsoft.NETCore.App.Ref\10.0.3\ref\net10.0\System.Runtime.CompilerServices.Unsafe.dll".
             Reference found at search path location "{RawFileName}".
             This reference is not "CopyLocal" because at least one source item had "Private" set to "false" and no source items had "Private" set to "true".
         Primary reference "System.Runtime.CompilerServices.VisualC, Version=10.0.0.0, Culture=neutral, PublicKeyToken=b03f5f7f11d50a3a".
             Resolved file path is "C:\Program Files\dotnet\packs\Microsoft.NETCore.App.Ref\10.0.3\ref\net10.0\System.Runtime.CompilerServices.VisualC.dll".
             Reference found at search path location "{RawFileName}".
   3:6>ResolveAssemblyReferences:
             Resolved file path is "C:\Program Files\dotnet\packs\Microsoft.NETCore.App.Ref\10.0.3\ref\net10.0\System.Reflection.TypeExtensions.dll".
   5:6>ResolveAssemblyReferences:
             This reference is not "CopyLocal" because at least one source item had "Private" set to "false" and no source items had "Private" set to "true".
         Unified primary reference "System.Runtime.Extensions, Version=10.0.0.0, Culture=neutral, PublicKeyToken=b03f5f7f11d50a3a".
             Using this version instead of original version "4.2.1.0" in "C:\Users\krish.maniar.ATPL-LAP-723\.nuget\packages\microsoft.web.webview2\1.0.3800.47\lib_manual\netcoreapp3.0\Microsoft.Web.WebView2.WinForms.dll" because AutoUnify is 'true'.
   3:6>ResolveAssemblyReferences:
             Reference found at search path location "{RawFileName}".
   5:6>ResolveAssemblyReferences:
             Resolved file path is "C:\Program Files\dotnet\packs\Microsoft.NETCore.App.Ref\10.0.3\ref\net10.0\System.Runtime.Extensions.dll".
   3:6>ResolveAssemblyReferences:
             This reference is not "CopyLocal" because at least one source item had "Private" set to "false" and no source items had "Private" set to "true".
   5:6>ResolveAssemblyReferences:
             Reference found at search path location "{RawFileName}".
   3:6>ResolveAssemblyReferences:
         Primary reference "System.Reflection, Version=10.0.0.0, Culture=neutral, PublicKeyToken=b03f5f7f11d50a3a".
   5:6>ResolveAssemblyReferences:
             This reference is not "CopyLocal" because at least one source item had "Private" set to "false" and no source items had "Private" set to "true".
         Primary reference "System.Runtime.Handles, Version=10.0.0.0, Culture=neutral, PublicKeyToken=b03f5f7f11d50a3a".
   3:6>ResolveAssemblyReferences:
             Resolved file path is "C:\Program Files\dotnet\packs\Microsoft.NETCore.App.Ref\10.0.3\ref\net10.0\System.Reflection.dll".
             Reference found at search path location "{RawFileName}".
   5:6>ResolveAssemblyReferences:
             Resolved file path is "C:\Program Files\dotnet\packs\Microsoft.NETCore.App.Ref\10.0.3\ref\net10.0\System.Runtime.Handles.dll".
   3:6>ResolveAssemblyReferences:
             This reference is not "CopyLocal" because at least one source item had "Private" set to "false" and no source items had "Private" set to "true".
   5:6>ResolveAssemblyReferences:
             Reference found at search path location "{RawFileName}".
   6:6>ResolveAssemblyReferences:
                 Private = 'false'
   5:6>ResolveAssemblyReferences:
             This reference is not "CopyLocal" because at least one source item had "Private" set to "false" and no source items had "Private" set to "true".
         Primary reference "System.Runtime.InteropServices.JavaScript, Version=10.0.0.0, Culture=neutral, PublicKeyToken=b03f5f7f11d50a3a".
             Resolved file path is "C:\Program Files\dotnet\packs\Microsoft.NETCore.App.Ref\10.0.3\ref\net10.0\System.Runtime.InteropServices.JavaScript.dll".
             Reference found at search path location "{RawFileName}".
   3:6>ResolveAssemblyReferences:
         Primary reference "System.Resources.Reader, Version=10.0.0.0, Culture=neutral, PublicKeyToken=b03f5f7f11d50a3a".
   5:6>ResolveAssemblyReferences:
             This reference is not "CopyLocal" because at least one source item had "Private" set to "false" and no source items had "Private" set to "true".
   3:6>ResolveAssemblyReferences:
             Resolved file path is "C:\Program Files\dotnet\packs\Microsoft.NETCore.App.Ref\10.0.3\ref\net10.0\System.Resources.Reader.dll".
   5:6>ResolveAssemblyReferences:
         Primary reference "System.Runtime.InteropServices.RuntimeInformation, Version=10.0.0.0, Culture=neutral, PublicKeyToken=b03f5f7f11d50a3a".
   3:6>ResolveAssemblyReferences:
             Reference found at search path location "{RawFileName}".
   5:6>ResolveAssemblyReferences:
             Resolved file path is "C:\Program Files\dotnet\packs\Microsoft.NETCore.App.Ref\10.0.3\ref\net10.0\System.Runtime.InteropServices.RuntimeInformation.dll".
   3:6>ResolveAssemblyReferences:
             This reference is not "CopyLocal" because at least one source item had "Private" set to "false" and no source items had "Private" set to "true".
   5:6>ResolveAssemblyReferences:
             Reference found at search path location "{RawFileName}".
   3:6>ResolveAssemblyReferences:
         Primary reference "System.Resources.ResourceManager, Version=10.0.0.0, Culture=neutral, PublicKeyToken=b03f5f7f11d50a3a".
   5:6>ResolveAssemblyReferences:
             This reference is not "CopyLocal" because at least one source item had "Private" set to "false" and no source items had "Private" set to "true".
   3:6>ResolveAssemblyReferences:
             Resolved file path is "C:\Program Files\dotnet\packs\Microsoft.NETCore.App.Ref\10.0.3\ref\net10.0\System.Resources.ResourceManager.dll".
   5:6>ResolveAssemblyReferences:
         Unified primary reference "System.Runtime.InteropServices, Version=10.0.0.0, Culture=neutral, PublicKeyToken=b03f5f7f11d50a3a".
   3:6>ResolveAssemblyReferences:
             Reference found at search path location "{RawFileName}".
   5:6>ResolveAssemblyReferences:
             Using this version instead of original version "5.0.0.0" in "C:\Users\krish.maniar.ATPL-LAP-723\.nuget\packages\microsoft.web.webview2\1.0.3800.47\lib_manual\net5.0-windows10.0.17763.0\Microsoft.Web.WebView2.Wpf.dll" because AutoUnify is 'true'.
   6:6>ResolveAssemblyReferences:
             C:\Program Files\dotnet\packs\Microsoft.AspNetCore.App.Ref\10.0.3\ref/net10.0/Microsoft.Extensions.Diagnostics.dll
   5:6>ResolveAssemblyReferences:
             Resolved file path is "C:\Program Files\dotnet\packs\Microsoft.NETCore.App.Ref\10.0.3\ref\net10.0\System.Runtime.InteropServices.dll".
   3:6>ResolveAssemblyReferences:
             This reference is not "CopyLocal" because at least one source item had "Private" set to "false" and no source items had "Private" set to "true".
   5:6>ResolveAssemblyReferences:
             Reference found at search path location "{RawFileName}".
             This reference is not "CopyLocal" because at least one source item had "Private" set to "false" and no source items had "Private" set to "true".
   3:6>ResolveAssemblyReferences:
         Primary reference "System.Resources.Writer, Version=10.0.0.0, Culture=neutral, PublicKeyToken=b03f5f7f11d50a3a".
   5:6>ResolveAssemblyReferences:
         Primary reference "System.Runtime.Intrinsics, Version=10.0.0.0, Culture=neutral, PublicKeyToken=cc7b13ffcd2ddd51".
             Resolved file path is "C:\Program Files\dotnet\packs\Microsoft.NETCore.App.Ref\10.0.3\ref\net10.0\System.Runtime.Intrinsics.dll".
   3:6>ResolveAssemblyReferences:
             Resolved file path is "C:\Program Files\dotnet\packs\Microsoft.NETCore.App.Ref\10.0.3\ref\net10.0\System.Resources.Writer.dll".
             Reference found at search path location "{RawFileName}".
   5:6>ResolveAssemblyReferences:
             Reference found at search path location "{RawFileName}".
   3:6>ResolveAssemblyReferences:
             This reference is not "CopyLocal" because at least one source item had "Private" set to "false" and no source items had "Private" set to "true".
   5:6>ResolveAssemblyReferences:
             This reference is not "CopyLocal" because at least one source item had "Private" set to "false" and no source items had "Private" set to "true".
   3:6>ResolveAssemblyReferences:
         Primary reference "System.Runtime.CompilerServices.Unsafe, Version=10.0.0.0, Culture=neutral, PublicKeyToken=b03f5f7f11d50a3a".
             Resolved file path is "C:\Program Files\dotnet\packs\Microsoft.NETCore.App.Ref\10.0.3\ref\net10.0\System.Runtime.CompilerServices.Unsafe.dll".
             Reference found at search path location "{RawFileName}".
             This reference is not "CopyLocal" because at least one source item had "Private" set to "false" and no source items had "Private" set to "true".
         Primary reference "System.Runtime.CompilerServices.VisualC, Version=10.0.0.0, Culture=neutral, PublicKeyToken=b03f5f7f11d50a3a".
             Resolved file path is "C:\Program Files\dotnet\packs\Microsoft.NETCore.App.Ref\10.0.3\ref\net10.0\System.Runtime.CompilerServices.VisualC.dll".
             Reference found at search path location "{RawFileName}".
             This reference is not "CopyLocal" because at least one source item had "Private" set to "false" and no source items had "Private" set to "true".
         Primary reference "System.Runtime.Extensions, Version=10.0.0.0, Culture=neutral, PublicKeyToken=b03f5f7f11d50a3a".
   5:6>ResolveAssemblyReferences:
         Primary reference "System.Runtime.Loader, Version=10.0.0.0, Culture=neutral, PublicKeyToken=b03f5f7f11d50a3a".
   3:6>ResolveAssemblyReferences:
             Resolved file path is "C:\Program Files\dotnet\packs\Microsoft.NETCore.App.Ref\10.0.3\ref\net10.0\System.Runtime.Extensions.dll".
   5:6>ResolveAssemblyReferences:
             Resolved file path is "C:\Program Files\dotnet\packs\Microsoft.NETCore.App.Ref\10.0.3\ref\net10.0\System.Runtime.Loader.dll".
   3:6>ResolveAssemblyReferences:
             Reference found at search path location "{RawFileName}".
             This reference is not "CopyLocal" because at least one source item had "Private" set to "false" and no source items had "Private" set to "true".
         Primary reference "System.Runtime.Handles, Version=10.0.0.0, Culture=neutral, PublicKeyToken=b03f5f7f11d50a3a".
   5:6>ResolveAssemblyReferences:
             Reference found at search path location "{RawFileName}".
   3:6>ResolveAssemblyReferences:
             Resolved file path is "C:\Program Files\dotnet\packs\Microsoft.NETCore.App.Ref\10.0.3\ref\net10.0\System.Runtime.Handles.dll".
   5:6>ResolveAssemblyReferences:
             This reference is not "CopyLocal" because at least one source item had "Private" set to "false" and no source items had "Private" set to "true".
   6:6>ResolveAssemblyReferences:
                 Private = 'false'
   3:6>ResolveAssemblyReferences:
             Reference found at search path location "{RawFileName}".
   5:6>ResolveAssemblyReferences:
         Primary reference "System.Runtime.Numerics, Version=10.0.0.0, Culture=neutral, PublicKeyToken=b03f5f7f11d50a3a".
   3:6>ResolveAssemblyReferences:
             This reference is not "CopyLocal" because at least one source item had "Private" set to "false" and no source items had "Private" set to "true".
         Primary reference "System.Runtime.InteropServices.JavaScript, Version=10.0.0.0, Culture=neutral, PublicKeyToken=b03f5f7f11d50a3a".
   5:6>ResolveAssemblyReferences:
             Resolved file path is "C:\Program Files\dotnet\packs\Microsoft.NETCore.App.Ref\10.0.3\ref\net10.0\System.Runtime.Numerics.dll".
             Reference found at search path location "{RawFileName}".
             This reference is not "CopyLocal" because at least one source item had "Private" set to "false" and no source items had "Private" set to "true".
         Primary reference "System.Runtime.Serialization.Formatters, Version=8.1.0.0, Culture=neutral, PublicKeyToken=b03f5f7f11d50a3a".
             Resolved file path is "C:\Program Files\dotnet\packs\Microsoft.NETCore.App.Ref\10.0.3\ref\net10.0\System.Runtime.Serialization.Formatters.dll".
             Reference found at search path location "{RawFileName}".
             This reference is not "CopyLocal" because at least one source item had "Private" set to "false" and no source items had "Private" set to "true".
         Primary reference "System.Runtime.Serialization.Json, Version=10.0.0.0, Culture=neutral, PublicKeyToken=b03f5f7f11d50a3a".
             Resolved file path is "C:\Program Files\dotnet\packs\Microsoft.NETCore.App.Ref\10.0.3\ref\net10.0\System.Runtime.Serialization.Json.dll".
             Reference found at search path location "{RawFileName}".
             This reference is not "CopyLocal" because at least one source item had "Private" set to "false" and no source items had "Private" set to "true".
         Primary reference "System.Runtime.Serialization.Primitives, Version=10.0.0.0, Culture=neutral, PublicKeyToken=b03f5f7f11d50a3a".
   3:6>ResolveAssemblyReferences:
             Resolved file path is "C:\Program Files\dotnet\packs\Microsoft.NETCore.App.Ref\10.0.3\ref\net10.0\System.Runtime.InteropServices.JavaScript.dll".
   5:6>ResolveAssemblyReferences:
             Resolved file path is "C:\Program Files\dotnet\packs\Microsoft.NETCore.App.Ref\10.0.3\ref\net10.0\System.Runtime.Serialization.Primitives.dll".
             Reference found at search path location "{RawFileName}".
             This reference is not "CopyLocal" because at least one source item had "Private" set to "false" and no source items had "Private" set to "true".
         Primary reference "System.Runtime.Serialization.Xml, Version=10.0.0.0, Culture=neutral, PublicKeyToken=b03f5f7f11d50a3a".
             Resolved file path is "C:\Program Files\dotnet\packs\Microsoft.NETCore.App.Ref\10.0.3\ref\net10.0\System.Runtime.Serialization.Xml.dll".
             Reference found at search path location "{RawFileName}".
             This reference is not "CopyLocal" because at least one source item had "Private" set to "false" and no source items had "Private" set to "true".
         Primary reference "System.Runtime.Serialization, Version=4.0.0.0, Culture=neutral, PublicKeyToken=b77a5c561934e089".
             Resolved file path is "C:\Program Files\dotnet\packs\Microsoft.NETCore.App.Ref\10.0.3\ref\net10.0\System.Runtime.Serialization.dll".
   3:6>ResolveAssemblyReferences:
             Reference found at search path location "{RawFileName}".
   5:6>ResolveAssemblyReferences:
             Reference found at search path location "{RawFileName}".
             This reference is not "CopyLocal" because at least one source item had "Private" set to "false" and no source items had "Private" set to "true".
   3:6>ResolveAssemblyReferences:
             This reference is not "CopyLocal" because at least one source item had "Private" set to "false" and no source items had "Private" set to "true".
   5:6>ResolveAssemblyReferences:
         Unified primary reference "System.Runtime, Version=10.0.0.0, Culture=neutral, PublicKeyToken=b03f5f7f11d50a3a".
   6:6>ResolveAssemblyReferences:
             C:\Program Files\dotnet\packs\Microsoft.AspNetCore.App.Ref\10.0.3\ref/net10.0/Microsoft.Extensions.Features.dll
   3:6>ResolveAssemblyReferences:
         Primary reference "System.Runtime.InteropServices.RuntimeInformation, Version=10.0.0.0, Culture=neutral, PublicKeyToken=b03f5f7f11d50a3a".
   5:6>ResolveAssemblyReferences:
             Using this version instead of original version "4.2.1.0" in "C:\Users\krish.maniar.ATPL-LAP-723\.nuget\packages\microsoft.web.webview2\1.0.3800.47\lib_manual\netcoreapp3.0\Microsoft.Web.WebView2.WinForms.dll" because AutoUnify is 'true'.
             Using this version instead of original version "5.0.0.0" in "C:\Users\krish.maniar.ATPL-LAP-723\.nuget\packages\microsoft.web.webview2\1.0.3800.47\lib_manual\net5.0-windows10.0.17763.0\Microsoft.Web.WebView2.Wpf.dll" because AutoUnify is 'true'.
   3:6>ResolveAssemblyReferences:
             Resolved file path is "C:\Program Files\dotnet\packs\Microsoft.NETCore.App.Ref\10.0.3\ref\net10.0\System.Runtime.InteropServices.RuntimeInformation.dll".
   5:6>ResolveAssemblyReferences:
             Resolved file path is "C:\Program Files\dotnet\packs\Microsoft.NETCore.App.Ref\10.0.3\ref\net10.0\System.Runtime.dll".
   3:6>ResolveAssemblyReferences:
             Reference found at search path location "{RawFileName}".
   6:6>ResolveAssemblyReferences:
                 Private = 'false'
   3:6>ResolveAssemblyReferences:
             This reference is not "CopyLocal" because at least one source item had "Private" set to "false" and no source items had "Private" set to "true".
   5:6>ResolveAssemblyReferences:
             Reference found at search path location "{RawFileName}".
   3:6>ResolveAssemblyReferences:
         Primary reference "System.Runtime.InteropServices, Version=10.0.0.0, Culture=neutral, PublicKeyToken=b03f5f7f11d50a3a".
   6:6>ResolveAssemblyReferences:
             C:\Program Files\dotnet\packs\Microsoft.AspNetCore.App.Ref\10.0.3\ref/net10.0/Microsoft.Extensions.FileProviders.Abstractions.dll
   3:6>ResolveAssemblyReferences:
             Resolved file path is "C:\Program Files\dotnet\packs\Microsoft.NETCore.App.Ref\10.0.3\ref\net10.0\System.Runtime.InteropServices.dll".
   5:6>ResolveAssemblyReferences:
             This reference is not "CopyLocal" because at least one source item had "Private" set to "false" and no source items had "Private" set to "true".
   3:6>ResolveAssemblyReferences:
             Reference found at search path location "{RawFileName}".
   5:6>ResolveAssemblyReferences:
         Primary reference "System.Security.AccessControl, Version=10.0.0.0, Culture=neutral, PublicKeyToken=b03f5f7f11d50a3a".
   3:6>ResolveAssemblyReferences:
             This reference is not "CopyLocal" because at least one source item had "Private" set to "false" and no source items had "Private" set to "true".
   5:6>ResolveAssemblyReferences:
             Resolved file path is "C:\Program Files\dotnet\packs\Microsoft.NETCore.App.Ref\10.0.3\ref\net10.0\System.Security.AccessControl.dll".
   3:6>ResolveAssemblyReferences:
         Primary reference "System.Runtime.Intrinsics, Version=10.0.0.0, Culture=neutral, PublicKeyToken=cc7b13ffcd2ddd51".
             Resolved file path is "C:\Program Files\dotnet\packs\Microsoft.NETCore.App.Ref\10.0.3\ref\net10.0\System.Runtime.Intrinsics.dll".
   5:6>ResolveAssemblyReferences:
             Reference found at search path location "{RawFileName}".
   3:6>ResolveAssemblyReferences:
             Reference found at search path location "{RawFileName}".
   5:6>ResolveAssemblyReferences:
             This reference is not "CopyLocal" because at least one source item had "Private" set to "false" and no source items had "Private" set to "true".
   3:6>ResolveAssemblyReferences:
             This reference is not "CopyLocal" because at least one source item had "Private" set to "false" and no source items had "Private" set to "true".
   5:6>ResolveAssemblyReferences:
         Primary reference "System.Security.Claims, Version=10.0.0.0, Culture=neutral, PublicKeyToken=b03f5f7f11d50a3a".
   3:6>ResolveAssemblyReferences:
         Primary reference "System.Runtime.Loader, Version=10.0.0.0, Culture=neutral, PublicKeyToken=b03f5f7f11d50a3a".
   5:6>ResolveAssemblyReferences:
             Resolved file path is "C:\Program Files\dotnet\packs\Microsoft.NETCore.App.Ref\10.0.3\ref\net10.0\System.Security.Claims.dll".
   3:6>ResolveAssemblyReferences:
             Resolved file path is "C:\Program Files\dotnet\packs\Microsoft.NETCore.App.Ref\10.0.3\ref\net10.0\System.Runtime.Loader.dll".
   6:6>ResolveAssemblyReferences:
                 Private = 'false'
   5:6>ResolveAssemblyReferences:
             Reference found at search path location "{RawFileName}".
   6:6>ResolveAssemblyReferences:
             C:\Program Files\dotnet\packs\Microsoft.AspNetCore.App.Ref\10.0.3\ref/net10.0/Microsoft.Extensions.FileProviders.Composite.dll
   5:6>ResolveAssemblyReferences:
             This reference is not "CopyLocal" because at least one source item had "Private" set to "false" and no source items had "Private" set to "true".
         Primary reference "System.Security.Cryptography.Algorithms, Version=10.0.0.0, Culture=neutral, PublicKeyToken=b03f5f7f11d50a3a".
             Resolved file path is "C:\Program Files\dotnet\packs\Microsoft.NETCore.App.Ref\10.0.3\ref\net10.0\System.Security.Cryptography.Algorithms.dll".
             Reference found at search path location "{RawFileName}".
             This reference is not "CopyLocal" because at least one source item had "Private" set to "false" and no source items had "Private" set to "true".
   3:6>ResolveAssemblyReferences:
             Reference found at search path location "{RawFileName}".
             This reference is not "CopyLocal" because at least one source item had "Private" set to "false" and no source items had "Private" set to "true".
   5:6>ResolveAssemblyReferences:
         Primary reference "System.Security.Cryptography.Cng, Version=10.0.0.0, Culture=neutral, PublicKeyToken=b03f5f7f11d50a3a".
   3:6>ResolveAssemblyReferences:
         Primary reference "System.Runtime.Numerics, Version=10.0.0.0, Culture=neutral, PublicKeyToken=b03f5f7f11d50a3a".
   5:6>ResolveAssemblyReferences:
             Resolved file path is "C:\Program Files\dotnet\packs\Microsoft.NETCore.App.Ref\10.0.3\ref\net10.0\System.Security.Cryptography.Cng.dll".
   3:6>ResolveAssemblyReferences:
             Resolved file path is "C:\Program Files\dotnet\packs\Microsoft.NETCore.App.Ref\10.0.3\ref\net10.0\System.Runtime.Numerics.dll".
   5:6>ResolveAssemblyReferences:
             Reference found at search path location "{RawFileName}".
   3:6>ResolveAssemblyReferences:
             Reference found at search path location "{RawFileName}".
             This reference is not "CopyLocal" because at least one source item had "Private" set to "false" and no source items had "Private" set to "true".
         Primary reference "System.Runtime.Serialization.Formatters, Version=8.1.0.0, Culture=neutral, PublicKeyToken=b03f5f7f11d50a3a".
             Resolved file path is "C:\Program Files\dotnet\packs\Microsoft.NETCore.App.Ref\10.0.3\ref\net10.0\System.Runtime.Serialization.Formatters.dll".
   6:6>ResolveAssemblyReferences:
                 Private = 'false'
   3:6>ResolveAssemblyReferences:
             Reference found at search path location "{RawFileName}".
             This reference is not "CopyLocal" because at least one source item had "Private" set to "false" and no source items had "Private" set to "true".
         Primary reference "System.Runtime.Serialization.Json, Version=10.0.0.0, Culture=neutral, PublicKeyToken=b03f5f7f11d50a3a".
             Resolved file path is "C:\Program Files\dotnet\packs\Microsoft.NETCore.App.Ref\10.0.3\ref\net10.0\System.Runtime.Serialization.Json.dll".
   5:6>ResolveAssemblyReferences:
             This reference is not "CopyLocal" because at least one source item had "Private" set to "false" and no source items had "Private" set to "true".
   6:6>ResolveAssemblyReferences:
             C:\Program Files\dotnet\packs\Microsoft.AspNetCore.App.Ref\10.0.3\ref/net10.0/Microsoft.Extensions.FileProviders.Embedded.dll
   5:6>ResolveAssemblyReferences:
         Primary reference "System.Security.Cryptography.Csp, Version=10.0.0.0, Culture=neutral, PublicKeyToken=b03f5f7f11d50a3a".
             Resolved file path is "C:\Program Files\dotnet\packs\Microsoft.NETCore.App.Ref\10.0.3\ref\net10.0\System.Security.Cryptography.Csp.dll".
             Reference found at search path location "{RawFileName}".
   3:6>ResolveAssemblyReferences:
             Reference found at search path location "{RawFileName}".
   5:6>ResolveAssemblyReferences:
             This reference is not "CopyLocal" because at least one source item had "Private" set to "false" and no source items had "Private" set to "true".
   3:6>ResolveAssemblyReferences:
             This reference is not "CopyLocal" because at least one source item had "Private" set to "false" and no source items had "Private" set to "true".
   5:6>ResolveAssemblyReferences:
         Primary reference "System.Security.Cryptography.Encoding, Version=10.0.0.0, Culture=neutral, PublicKeyToken=b03f5f7f11d50a3a".
   3:6>ResolveAssemblyReferences:
         Primary reference "System.Runtime.Serialization.Primitives, Version=10.0.0.0, Culture=neutral, PublicKeyToken=b03f5f7f11d50a3a".
   5:6>ResolveAssemblyReferences:
             Resolved file path is "C:\Program Files\dotnet\packs\Microsoft.NETCore.App.Ref\10.0.3\ref\net10.0\System.Security.Cryptography.Encoding.dll".
             Reference found at search path location "{RawFileName}".
   3:6>ResolveAssemblyReferences:
             Resolved file path is "C:\Program Files\dotnet\packs\Microsoft.NETCore.App.Ref\10.0.3\ref\net10.0\System.Runtime.Serialization.Primitives.dll".
   5:6>ResolveAssemblyReferences:
             This reference is not "CopyLocal" because at least one source item had "Private" set to "false" and no source items had "Private" set to "true".
   3:6>ResolveAssemblyReferences:
             Reference found at search path location "{RawFileName}".
   5:6>ResolveAssemblyReferences:
         Primary reference "System.Security.Cryptography.OpenSsl, Version=10.0.0.0, Culture=neutral, PublicKeyToken=b03f5f7f11d50a3a".
   3:6>ResolveAssemblyReferences:
             This reference is not "CopyLocal" because at least one source item had "Private" set to "false" and no source items had "Private" set to "true".
   5:6>ResolveAssemblyReferences:
             Resolved file path is "C:\Program Files\dotnet\packs\Microsoft.NETCore.App.Ref\10.0.3\ref\net10.0\System.Security.Cryptography.OpenSsl.dll".
   6:6>ResolveAssemblyReferences:
                 Private = 'false'
   5:6>ResolveAssemblyReferences:
             Reference found at search path location "{RawFileName}".
   3:6>ResolveAssemblyReferences:
         Primary reference "System.Runtime.Serialization.Xml, Version=10.0.0.0, Culture=neutral, PublicKeyToken=b03f5f7f11d50a3a".
   5:6>ResolveAssemblyReferences:
             This reference is not "CopyLocal" because at least one source item had "Private" set to "false" and no source items had "Private" set to "true".
         Primary reference "System.Security.Cryptography.Primitives, Version=10.0.0.0, Culture=neutral, PublicKeyToken=b03f5f7f11d50a3a".
   3:6>ResolveAssemblyReferences:
             Resolved file path is "C:\Program Files\dotnet\packs\Microsoft.NETCore.App.Ref\10.0.3\ref\net10.0\System.Runtime.Serialization.Xml.dll".
   5:6>ResolveAssemblyReferences:
             Resolved file path is "C:\Program Files\dotnet\packs\Microsoft.NETCore.App.Ref\10.0.3\ref\net10.0\System.Security.Cryptography.Primitives.dll".
   3:6>ResolveAssemblyReferences:
             Reference found at search path location "{RawFileName}".
             This reference is not "CopyLocal" because at least one source item had "Private" set to "false" and no source items had "Private" set to "true".
   5:6>ResolveAssemblyReferences:
             Reference found at search path location "{RawFileName}".
             This reference is not "CopyLocal" because at least one source item had "Private" set to "false" and no source items had "Private" set to "true".
         Primary reference "System.Security.Cryptography.X509Certificates, Version=10.0.0.0, Culture=neutral, PublicKeyToken=b03f5f7f11d50a3a".
             Resolved file path is "C:\Program Files\dotnet\packs\Microsoft.NETCore.App.Ref\10.0.3\ref\net10.0\System.Security.Cryptography.X509Certificates.dll".
             Reference found at search path location "{RawFileName}".
             This reference is not "CopyLocal" because at least one source item had "Private" set to "false" and no source items had "Private" set to "true".
         Primary reference "System.Security.Cryptography, Version=10.0.0.0, Culture=neutral, PublicKeyToken=b03f5f7f11d50a3a".
             Resolved file path is "C:\Program Files\dotnet\packs\Microsoft.NETCore.App.Ref\10.0.3\ref\net10.0\System.Security.Cryptography.dll".
             Reference found at search path location "{RawFileName}".
             This reference is not "CopyLocal" because at least one source item had "Private" set to "false" and no source items had "Private" set to "true".
         Primary reference "System.Security.Principal.Windows, Version=10.0.0.0, Culture=neutral, PublicKeyToken=b03f5f7f11d50a3a".
             Resolved file path is "C:\Program Files\dotnet\packs\Microsoft.NETCore.App.Ref\10.0.3\ref\net10.0\System.Security.Principal.Windows.dll".
             Reference found at search path location "{RawFileName}".
             This reference is not "CopyLocal" because at least one source item had "Private" set to "false" and no source items had "Private" set to "true".
         Primary reference "System.Security.Principal, Version=10.0.0.0, Culture=neutral, PublicKeyToken=b03f5f7f11d50a3a".
             Resolved file path is "C:\Program Files\dotnet\packs\Microsoft.NETCore.App.Ref\10.0.3\ref\net10.0\System.Security.Principal.dll".
             Reference found at search path location "{RawFileName}".
             This reference is not "CopyLocal" because at least one source item had "Private" set to "false" and no source items had "Private" set to "true".
         Primary reference "System.Security.SecureString, Version=10.0.0.0, Culture=neutral, PublicKeyToken=b03f5f7f11d50a3a".
             Resolved file path is "C:\Program Files\dotnet\packs\Microsoft.NETCore.App.Ref\10.0.3\ref\net10.0\System.Security.SecureString.dll".
             Reference found at search path location "{RawFileName}".
   3:6>ResolveAssemblyReferences:
         Primary reference "System.Runtime.Serialization, Version=4.0.0.0, Culture=neutral, PublicKeyToken=b77a5c561934e089".
   5:6>ResolveAssemblyReferences:
             This reference is not "CopyLocal" because at least one source item had "Private" set to "false" and no source items had "Private" set to "true".
         Primary reference "System.Security, Version=4.0.0.0, Culture=neutral, PublicKeyToken=b03f5f7f11d50a3a".
             Resolved file path is "C:\Program Files\dotnet\packs\Microsoft.NETCore.App.Ref\10.0.3\ref\net10.0\System.Security.dll".
   3:6>ResolveAssemblyReferences:
             Resolved file path is "C:\Program Files\dotnet\packs\Microsoft.NETCore.App.Ref\10.0.3\ref\net10.0\System.Runtime.Serialization.dll".
   5:6>ResolveAssemblyReferences:
             Reference found at search path location "{RawFileName}".
             This reference is not "CopyLocal" because at least one source item had "Private" set to "false" and no source items had "Private" set to "true".
   3:6>ResolveAssemblyReferences:
             Reference found at search path location "{RawFileName}".
   5:6>ResolveAssemblyReferences:
         Primary reference "System.ServiceModel.Web, Version=4.0.0.0, Culture=neutral, PublicKeyToken=31bf3856ad364e35".
             Resolved file path is "C:\Program Files\dotnet\packs\Microsoft.NETCore.App.Ref\10.0.3\ref\net10.0\System.ServiceModel.Web.dll".
   3:6>ResolveAssemblyReferences:
             This reference is not "CopyLocal" because at least one source item had "Private" set to "false" and no source items had "Private" set to "true".
   6:6>ResolveAssemblyReferences:
             C:\Program Files\dotnet\packs\Microsoft.AspNetCore.App.Ref\10.0.3\ref/net10.0/Microsoft.Extensions.FileProviders.Physical.dll
   5:6>ResolveAssemblyReferences:
             Reference found at search path location "{RawFileName}".
   3:6>ResolveAssemblyReferences:
         Primary reference "System.Runtime, Version=10.0.0.0, Culture=neutral, PublicKeyToken=b03f5f7f11d50a3a".
   5:6>ResolveAssemblyReferences:
             This reference is not "CopyLocal" because at least one source item had "Private" set to "false" and no source items had "Private" set to "true".
         Primary reference "System.ServiceProcess, Version=4.0.0.0, Culture=neutral, PublicKeyToken=b03f5f7f11d50a3a".
   3:6>ResolveAssemblyReferences:
             Resolved file path is "C:\Program Files\dotnet\packs\Microsoft.NETCore.App.Ref\10.0.3\ref\net10.0\System.Runtime.dll".
             Reference found at search path location "{RawFileName}".
   5:6>ResolveAssemblyReferences:
             Resolved file path is "C:\Program Files\dotnet\packs\Microsoft.NETCore.App.Ref\10.0.3\ref\net10.0\System.ServiceProcess.dll".
             Reference found at search path location "{RawFileName}".
   3:6>ResolveAssemblyReferences:
             This reference is not "CopyLocal" because at least one source item had "Private" set to "false" and no source items had "Private" set to "true".
   5:6>ResolveAssemblyReferences:
             This reference is not "CopyLocal" because at least one source item had "Private" set to "false" and no source items had "Private" set to "true".
   3:6>ResolveAssemblyReferences:
         Primary reference "System.Security.AccessControl, Version=10.0.0.0, Culture=neutral, PublicKeyToken=b03f5f7f11d50a3a".
   5:6>ResolveAssemblyReferences:
         Primary reference "System.Text.Encoding.CodePages, Version=10.0.0.0, Culture=neutral, PublicKeyToken=b03f5f7f11d50a3a".
   3:6>ResolveAssemblyReferences:
             Resolved file path is "C:\Program Files\dotnet\packs\Microsoft.NETCore.App.Ref\10.0.3\ref\net10.0\System.Security.AccessControl.dll".
   5:6>ResolveAssemblyReferences:
             Resolved file path is "C:\Program Files\dotnet\packs\Microsoft.NETCore.App.Ref\10.0.3\ref\net10.0\System.Text.Encoding.CodePages.dll".
             Reference found at search path location "{RawFileName}".
   3:6>ResolveAssemblyReferences:
             Reference found at search path location "{RawFileName}".
   5:6>ResolveAssemblyReferences:
             This reference is not "CopyLocal" because at least one source item had "Private" set to "false" and no source items had "Private" set to "true".
   3:6>ResolveAssemblyReferences:
             This reference is not "CopyLocal" because at least one source item had "Private" set to "false" and no source items had "Private" set to "true".
         Primary reference "System.Security.Claims, Version=10.0.0.0, Culture=neutral, PublicKeyToken=b03f5f7f11d50a3a".
   5:6>ResolveAssemblyReferences:
         Primary reference "System.Text.Encoding.Extensions, Version=10.0.0.0, Culture=neutral, PublicKeyToken=b03f5f7f11d50a3a".
   3:6>ResolveAssemblyReferences:
             Resolved file path is "C:\Program Files\dotnet\packs\Microsoft.NETCore.App.Ref\10.0.3\ref\net10.0\System.Security.Claims.dll".
   5:6>ResolveAssemblyReferences:
             Resolved file path is "C:\Program Files\dotnet\packs\Microsoft.NETCore.App.Ref\10.0.3\ref\net10.0\System.Text.Encoding.Extensions.dll".
   3:6>ResolveAssemblyReferences:
             Reference found at search path location "{RawFileName}".
   5:6>ResolveAssemblyReferences:
             Reference found at search path location "{RawFileName}".
   6:6>ResolveAssemblyReferences:
                 Private = 'false'
   5:6>ResolveAssemblyReferences:
             This reference is not "CopyLocal" because at least one source item had "Private" set to "false" and no source items had "Private" set to "true".
         Primary reference "System.Text.Encoding, Version=10.0.0.0, Culture=neutral, PublicKeyToken=b03f5f7f11d50a3a".
   3:6>ResolveAssemblyReferences:
             This reference is not "CopyLocal" because at least one source item had "Private" set to "false" and no source items had "Private" set to "true".
   5:6>ResolveAssemblyReferences:
             Resolved file path is "C:\Program Files\dotnet\packs\Microsoft.NETCore.App.Ref\10.0.3\ref\net10.0\System.Text.Encoding.dll".
   3:6>ResolveAssemblyReferences:
         Primary reference "System.Security.Cryptography.Algorithms, Version=10.0.0.0, Culture=neutral, PublicKeyToken=b03f5f7f11d50a3a".
   5:6>ResolveAssemblyReferences:
             Reference found at search path location "{RawFileName}".
   3:6>ResolveAssemblyReferences:
             Resolved file path is "C:\Program Files\dotnet\packs\Microsoft.NETCore.App.Ref\10.0.3\ref\net10.0\System.Security.Cryptography.Algorithms.dll".
   5:6>ResolveAssemblyReferences:
             This reference is not "CopyLocal" because at least one source item had "Private" set to "false" and no source items had "Private" set to "true".
   3:6>ResolveAssemblyReferences:
             Reference found at search path location "{RawFileName}".
   5:6>ResolveAssemblyReferences:
         Primary reference "System.Text.Encodings.Web, Version=10.0.0.0, Culture=neutral, PublicKeyToken=cc7b13ffcd2ddd51".
   3:6>ResolveAssemblyReferences:
             This reference is not "CopyLocal" because at least one source item had "Private" set to "false" and no source items had "Private" set to "true".
   5:6>ResolveAssemblyReferences:
             Resolved file path is "C:\Program Files\dotnet\packs\Microsoft.NETCore.App.Ref\10.0.3\ref\net10.0\System.Text.Encodings.Web.dll".
             Reference found at search path location "{RawFileName}".
             This reference is not "CopyLocal" because at least one source item had "Private" set to "false" and no source items had "Private" set to "true".
   3:6>ResolveAssemblyReferences:
         Primary reference "System.Security.Cryptography.Cng, Version=10.0.0.0, Culture=neutral, PublicKeyToken=b03f5f7f11d50a3a".
   5:6>ResolveAssemblyReferences:
         Primary reference "System.Text.Json, Version=10.0.0.0, Culture=neutral, PublicKeyToken=cc7b13ffcd2ddd51".
   3:6>ResolveAssemblyReferences:
             Resolved file path is "C:\Program Files\dotnet\packs\Microsoft.NETCore.App.Ref\10.0.3\ref\net10.0\System.Security.Cryptography.Cng.dll".
   5:6>ResolveAssemblyReferences:
             Resolved file path is "C:\Program Files\dotnet\packs\Microsoft.NETCore.App.Ref\10.0.3\ref\net10.0\System.Text.Json.dll".
             Reference found at search path location "{RawFileName}".
             This reference is not "CopyLocal" because at least one source item had "Private" set to "false" and no source items had "Private" set to "true".
   3:6>ResolveAssemblyReferences:
             Reference found at search path location "{RawFileName}".
   6:6>ResolveAssemblyReferences:
             C:\Program Files\dotnet\packs\Microsoft.AspNetCore.App.Ref\10.0.3\ref/net10.0/Microsoft.Extensions.FileSystemGlobbing.dll
   5:6>ResolveAssemblyReferences:
         Primary reference "System.Text.RegularExpressions, Version=10.0.0.0, Culture=neutral, PublicKeyToken=b03f5f7f11d50a3a".
   3:6>ResolveAssemblyReferences:
             This reference is not "CopyLocal" because at least one source item had "Private" set to "false" and no source items had "Private" set to "true".
         Primary reference "System.Security.Cryptography.Csp, Version=10.0.0.0, Culture=neutral, PublicKeyToken=b03f5f7f11d50a3a".
             Resolved file path is "C:\Program Files\dotnet\packs\Microsoft.NETCore.App.Ref\10.0.3\ref\net10.0\System.Security.Cryptography.Csp.dll".
             Reference found at search path location "{RawFileName}".
             This reference is not "CopyLocal" because at least one source item had "Private" set to "false" and no source items had "Private" set to "true".
         Primary reference "System.Security.Cryptography.Encoding, Version=10.0.0.0, Culture=neutral, PublicKeyToken=b03f5f7f11d50a3a".
             Resolved file path is "C:\Program Files\dotnet\packs\Microsoft.NETCore.App.Ref\10.0.3\ref\net10.0\System.Security.Cryptography.Encoding.dll".
             Reference found at search path location "{RawFileName}".
             This reference is not "CopyLocal" because at least one source item had "Private" set to "false" and no source items had "Private" set to "true".
   5:6>ResolveAssemblyReferences:
             Resolved file path is "C:\Program Files\dotnet\packs\Microsoft.NETCore.App.Ref\10.0.3\ref\net10.0\System.Text.RegularExpressions.dll".
   3:6>ResolveAssemblyReferences:
         Primary reference "System.Security.Cryptography.OpenSsl, Version=10.0.0.0, Culture=neutral, PublicKeyToken=b03f5f7f11d50a3a".
   5:6>ResolveAssemblyReferences:
             Reference found at search path location "{RawFileName}".
   3:6>ResolveAssemblyReferences:
             Resolved file path is "C:\Program Files\dotnet\packs\Microsoft.NETCore.App.Ref\10.0.3\ref\net10.0\System.Security.Cryptography.OpenSsl.dll".
   5:6>ResolveAssemblyReferences:
             This reference is not "CopyLocal" because at least one source item had "Private" set to "false" and no source items had "Private" set to "true".
         Primary reference "System.Threading.AccessControl, Version=10.0.0.0, Culture=neutral, PublicKeyToken=b03f5f7f11d50a3a".
   3:6>ResolveAssemblyReferences:
             Reference found at search path location "{RawFileName}".
   5:6>ResolveAssemblyReferences:
             Resolved file path is "C:\Program Files\dotnet\packs\Microsoft.NETCore.App.Ref\10.0.3\ref\net10.0\System.Threading.AccessControl.dll".
             Reference found at search path location "{RawFileName}".
   3:6>ResolveAssemblyReferences:
             This reference is not "CopyLocal" because at least one source item had "Private" set to "false" and no source items had "Private" set to "true".
   5:6>ResolveAssemblyReferences:
             This reference is not "CopyLocal" because at least one source item had "Private" set to "false" and no source items had "Private" set to "true".
   3:6>ResolveAssemblyReferences:
         Primary reference "System.Security.Cryptography.Primitives, Version=10.0.0.0, Culture=neutral, PublicKeyToken=b03f5f7f11d50a3a".
   5:6>ResolveAssemblyReferences:
         Primary reference "System.Threading.Channels, Version=10.0.0.0, Culture=neutral, PublicKeyToken=cc7b13ffcd2ddd51".
   3:6>ResolveAssemblyReferences:
             Resolved file path is "C:\Program Files\dotnet\packs\Microsoft.NETCore.App.Ref\10.0.3\ref\net10.0\System.Security.Cryptography.Primitives.dll".
             Reference found at search path location "{RawFileName}".
   5:6>ResolveAssemblyReferences:
             Resolved file path is "C:\Program Files\dotnet\packs\Microsoft.NETCore.App.Ref\10.0.3\ref\net10.0\System.Threading.Channels.dll".
             Reference found at search path location "{RawFileName}".
   3:6>ResolveAssemblyReferences:
             This reference is not "CopyLocal" because at least one source item had "Private" set to "false" and no source items had "Private" set to "true".
   5:6>ResolveAssemblyReferences:
             This reference is not "CopyLocal" because at least one source item had "Private" set to "false" and no source items had "Private" set to "true".
   3:6>ResolveAssemblyReferences:
         Primary reference "System.Security.Cryptography.X509Certificates, Version=10.0.0.0, Culture=neutral, PublicKeyToken=b03f5f7f11d50a3a".
   5:6>ResolveAssemblyReferences:
         Primary reference "System.Threading.Overlapped, Version=10.0.0.0, Culture=neutral, PublicKeyToken=b03f5f7f11d50a3a".
             Resolved file path is "C:\Program Files\dotnet\packs\Microsoft.NETCore.App.Ref\10.0.3\ref\net10.0\System.Threading.Overlapped.dll".
             Reference found at search path location "{RawFileName}".
             This reference is not "CopyLocal" because at least one source item had "Private" set to "false" and no source items had "Private" set to "true".
   3:6>ResolveAssemblyReferences:
             Resolved file path is "C:\Program Files\dotnet\packs\Microsoft.NETCore.App.Ref\10.0.3\ref\net10.0\System.Security.Cryptography.X509Certificates.dll".
   5:6>ResolveAssemblyReferences:
         Primary reference "System.Threading.Tasks.Dataflow, Version=10.0.0.0, Culture=neutral, PublicKeyToken=b03f5f7f11d50a3a".
   3:6>ResolveAssemblyReferences:
             Reference found at search path location "{RawFileName}".
   5:6>ResolveAssemblyReferences:
             Resolved file path is "C:\Program Files\dotnet\packs\Microsoft.NETCore.App.Ref\10.0.3\ref\net10.0\System.Threading.Tasks.Dataflow.dll".
   3:6>ResolveAssemblyReferences:
             This reference is not "CopyLocal" because at least one source item had "Private" set to "false" and no source items had "Private" set to "true".
   5:6>ResolveAssemblyReferences:
             Reference found at search path location "{RawFileName}".
   3:6>ResolveAssemblyReferences:
         Primary reference "System.Security.Cryptography, Version=10.0.0.0, Culture=neutral, PublicKeyToken=b03f5f7f11d50a3a".
   5:6>ResolveAssemblyReferences:
             This reference is not "CopyLocal" because at least one source item had "Private" set to "false" and no source items had "Private" set to "true".
   3:6>ResolveAssemblyReferences:
             Resolved file path is "C:\Program Files\dotnet\packs\Microsoft.NETCore.App.Ref\10.0.3\ref\net10.0\System.Security.Cryptography.dll".
             Reference found at search path location "{RawFileName}".
   5:6>ResolveAssemblyReferences:
         Primary reference "System.Threading.Tasks.Extensions, Version=10.0.0.0, Culture=neutral, PublicKeyToken=cc7b13ffcd2ddd51".
   3:6>ResolveAssemblyReferences:
             This reference is not "CopyLocal" because at least one source item had "Private" set to "false" and no source items had "Private" set to "true".
   5:6>ResolveAssemblyReferences:
             Resolved file path is "C:\Program Files\dotnet\packs\Microsoft.NETCore.App.Ref\10.0.3\ref\net10.0\System.Threading.Tasks.Extensions.dll".
   3:6>ResolveAssemblyReferences:
         Primary reference "System.Security.Principal.Windows, Version=10.0.0.0, Culture=neutral, PublicKeyToken=b03f5f7f11d50a3a".
   5:6>ResolveAssemblyReferences:
             Reference found at search path location "{RawFileName}".
   3:6>ResolveAssemblyReferences:
             Resolved file path is "C:\Program Files\dotnet\packs\Microsoft.NETCore.App.Ref\10.0.3\ref\net10.0\System.Security.Principal.Windows.dll".
   5:6>ResolveAssemblyReferences:
             This reference is not "CopyLocal" because at least one source item had "Private" set to "false" and no source items had "Private" set to "true".
   3:6>ResolveAssemblyReferences:
             Reference found at search path location "{RawFileName}".
   5:6>ResolveAssemblyReferences:
         Primary reference "System.Threading.Tasks.Parallel, Version=10.0.0.0, Culture=neutral, PublicKeyToken=b03f5f7f11d50a3a".
   3:6>ResolveAssemblyReferences:
             This reference is not "CopyLocal" because at least one source item had "Private" set to "false" and no source items had "Private" set to "true".
   5:6>ResolveAssemblyReferences:
             Resolved file path is "C:\Program Files\dotnet\packs\Microsoft.NETCore.App.Ref\10.0.3\ref\net10.0\System.Threading.Tasks.Parallel.dll".
   3:6>ResolveAssemblyReferences:
         Primary reference "System.Security.Principal, Version=10.0.0.0, Culture=neutral, PublicKeyToken=b03f5f7f11d50a3a".
   5:6>ResolveAssemblyReferences:
             Reference found at search path location "{RawFileName}".
   3:6>ResolveAssemblyReferences:
             Resolved file path is "C:\Program Files\dotnet\packs\Microsoft.NETCore.App.Ref\10.0.3\ref\net10.0\System.Security.Principal.dll".
   5:6>ResolveAssemblyReferences:
             This reference is not "CopyLocal" because at least one source item had "Private" set to "false" and no source items had "Private" set to "true".
   3:6>ResolveAssemblyReferences:
             Reference found at search path location "{RawFileName}".
             This reference is not "CopyLocal" because at least one source item had "Private" set to "false" and no source items had "Private" set to "true".
         Primary reference "System.Security.SecureString, Version=10.0.0.0, Culture=neutral, PublicKeyToken=b03f5f7f11d50a3a".
             Resolved file path is "C:\Program Files\dotnet\packs\Microsoft.NETCore.App.Ref\10.0.3\ref\net10.0\System.Security.SecureString.dll".
             Reference found at search path location "{RawFileName}".
             This reference is not "CopyLocal" because at least one source item had "Private" set to "false" and no source items had "Private" set to "true".
         Primary reference "System.Security, Version=4.0.0.0, Culture=neutral, PublicKeyToken=b03f5f7f11d50a3a".
             Resolved file path is "C:\Program Files\dotnet\packs\Microsoft.NETCore.App.Ref\10.0.3\ref\net10.0\System.Security.dll".
             Reference found at search path location "{RawFileName}".
             This reference is not "CopyLocal" because at least one source item had "Private" set to "false" and no source items had "Private" set to "true".
   5:6>ResolveAssemblyReferences:
         Unified primary reference "System.Threading.Tasks, Version=10.0.0.0, Culture=neutral, PublicKeyToken=b03f5f7f11d50a3a".
   3:6>ResolveAssemblyReferences:
         Primary reference "System.ServiceModel.Web, Version=4.0.0.0, Culture=neutral, PublicKeyToken=31bf3856ad364e35".
   5:6>ResolveAssemblyReferences:
             Using this version instead of original version "4.1.1.0" in "C:\Users\krish.maniar.ATPL-LAP-723\.nuget\packages\microsoft.web.webview2\1.0.3800.47\lib_manual\netcoreapp3.0\Microsoft.Web.WebView2.WinForms.dll" because AutoUnify is 'true'.
   3:6>ResolveAssemblyReferences:
             Resolved file path is "C:\Program Files\dotnet\packs\Microsoft.NETCore.App.Ref\10.0.3\ref\net10.0\System.ServiceModel.Web.dll".
   5:6>ResolveAssemblyReferences:
             Resolved file path is "C:\Program Files\dotnet\packs\Microsoft.NETCore.App.Ref\10.0.3\ref\net10.0\System.Threading.Tasks.dll".
   3:6>ResolveAssemblyReferences:
             Reference found at search path location "{RawFileName}".
   5:6>ResolveAssemblyReferences:
             Reference found at search path location "{RawFileName}".
   3:6>ResolveAssemblyReferences:
             This reference is not "CopyLocal" because at least one source item had "Private" set to "false" and no source items had "Private" set to "true".
   5:6>ResolveAssemblyReferences:
             This reference is not "CopyLocal" because at least one source item had "Private" set to "false" and no source items had "Private" set to "true".
   3:6>ResolveAssemblyReferences:
         Primary reference "System.ServiceProcess, Version=4.0.0.0, Culture=neutral, PublicKeyToken=b03f5f7f11d50a3a".
   5:6>ResolveAssemblyReferences:
         Primary reference "System.Threading.Thread, Version=10.0.0.0, Culture=neutral, PublicKeyToken=b03f5f7f11d50a3a".
   6:6>ResolveAssemblyReferences:
                 Private = 'false'
   5:6>ResolveAssemblyReferences:
             Resolved file path is "C:\Program Files\dotnet\packs\Microsoft.NETCore.App.Ref\10.0.3\ref\net10.0\System.Threading.Thread.dll".
   3:6>ResolveAssemblyReferences:
             Resolved file path is "C:\Program Files\dotnet\packs\Microsoft.NETCore.App.Ref\10.0.3\ref\net10.0\System.ServiceProcess.dll".
   5:6>ResolveAssemblyReferences:
             Reference found at search path location "{RawFileName}".
             This reference is not "CopyLocal" because at least one source item had "Private" set to "false" and no source items had "Private" set to "true".
   3:6>ResolveAssemblyReferences:
             Reference found at search path location "{RawFileName}".
   5:6>ResolveAssemblyReferences:
         Primary reference "System.Threading.ThreadPool, Version=10.0.0.0, Culture=neutral, PublicKeyToken=b03f5f7f11d50a3a".
   3:6>ResolveAssemblyReferences:
             This reference is not "CopyLocal" because at least one source item had "Private" set to "false" and no source items had "Private" set to "true".
   5:6>ResolveAssemblyReferences:
             Resolved file path is "C:\Program Files\dotnet\packs\Microsoft.NETCore.App.Ref\10.0.3\ref\net10.0\System.Threading.ThreadPool.dll".
   3:6>ResolveAssemblyReferences:
         Primary reference "System.Text.Encoding.CodePages, Version=10.0.0.0, Culture=neutral, PublicKeyToken=b03f5f7f11d50a3a".
   5:6>ResolveAssemblyReferences:
             Reference found at search path location "{RawFileName}".
             This reference is not "CopyLocal" because at least one source item had "Private" set to "false" and no source items had "Private" set to "true".
         Primary reference "System.Threading.Timer, Version=10.0.0.0, Culture=neutral, PublicKeyToken=b03f5f7f11d50a3a".
   3:6>ResolveAssemblyReferences:
             Resolved file path is "C:\Program Files\dotnet\packs\Microsoft.NETCore.App.Ref\10.0.3\ref\net10.0\System.Text.Encoding.CodePages.dll".
   5:6>ResolveAssemblyReferences:
             Resolved file path is "C:\Program Files\dotnet\packs\Microsoft.NETCore.App.Ref\10.0.3\ref\net10.0\System.Threading.Timer.dll".
   3:6>ResolveAssemblyReferences:
             Reference found at search path location "{RawFileName}".
   5:6>ResolveAssemblyReferences:
             Reference found at search path location "{RawFileName}".
   3:6>ResolveAssemblyReferences:
             This reference is not "CopyLocal" because at least one source item had "Private" set to "false" and no source items had "Private" set to "true".
   5:6>ResolveAssemblyReferences:
             This reference is not "CopyLocal" because at least one source item had "Private" set to "false" and no source items had "Private" set to "true".
         Unified primary reference "System.Threading, Version=10.0.0.0, Culture=neutral, PublicKeyToken=b03f5f7f11d50a3a".
   3:6>ResolveAssemblyReferences:
         Primary reference "System.Text.Encoding.Extensions, Version=10.0.0.0, Culture=neutral, PublicKeyToken=b03f5f7f11d50a3a".
   5:6>ResolveAssemblyReferences:
             Using this version instead of original version "4.1.1.0" in "C:\Users\krish.maniar.ATPL-LAP-723\.nuget\packages\microsoft.web.webview2\1.0.3800.47\lib_manual\netcoreapp3.0\Microsoft.Web.WebView2.WinForms.dll" because AutoUnify is 'true'.
   3:6>ResolveAssemblyReferences:
             Resolved file path is "C:\Program Files\dotnet\packs\Microsoft.NETCore.App.Ref\10.0.3\ref\net10.0\System.Text.Encoding.Extensions.dll".
   5:6>ResolveAssemblyReferences:
             Using this version instead of original version "5.0.0.0" in "C:\Users\krish.maniar.ATPL-LAP-723\.nuget\packages\microsoft.web.webview2\1.0.3800.47\lib_manual\net5.0-windows10.0.17763.0\Microsoft.Web.WebView2.Wpf.dll" because AutoUnify is 'true'.
   3:6>ResolveAssemblyReferences:
             Reference found at search path location "{RawFileName}".
   5:6>ResolveAssemblyReferences:
             Resolved file path is "C:\Program Files\dotnet\packs\Microsoft.NETCore.App.Ref\10.0.3\ref\net10.0\System.Threading.dll".
             Reference found at search path location "{RawFileName}".
   3:6>ResolveAssemblyReferences:
             This reference is not "CopyLocal" because at least one source item had "Private" set to "false" and no source items had "Private" set to "true".
   5:6>ResolveAssemblyReferences:
             This reference is not "CopyLocal" because at least one source item had "Private" set to "false" and no source items had "Private" set to "true".
   6:6>ResolveAssemblyReferences:
             C:\Program Files\dotnet\packs\Microsoft.AspNetCore.App.Ref\10.0.3\ref/net10.0/Microsoft.Extensions.Hosting.Abstractions.dll
   3:6>ResolveAssemblyReferences:
         Primary reference "System.Text.Encoding, Version=10.0.0.0, Culture=neutral, PublicKeyToken=b03f5f7f11d50a3a".
   5:6>ResolveAssemblyReferences:
         Primary reference "System.Transactions.Local, Version=10.0.0.0, Culture=neutral, PublicKeyToken=cc7b13ffcd2ddd51".
   3:6>ResolveAssemblyReferences:
             Resolved file path is "C:\Program Files\dotnet\packs\Microsoft.NETCore.App.Ref\10.0.3\ref\net10.0\System.Text.Encoding.dll".
             Reference found at search path location "{RawFileName}".
             This reference is not "CopyLocal" because at least one source item had "Private" set to "false" and no source items had "Private" set to "true".
         Primary reference "System.Text.Encodings.Web, Version=10.0.0.0, Culture=neutral, PublicKeyToken=cc7b13ffcd2ddd51".
             Resolved file path is "C:\Program Files\dotnet\packs\Microsoft.NETCore.App.Ref\10.0.3\ref\net10.0\System.Text.Encodings.Web.dll".
             Reference found at search path location "{RawFileName}".
             This reference is not "CopyLocal" because at least one source item had "Private" set to "false" and no source items had "Private" set to "true".
   5:6>ResolveAssemblyReferences:
             Resolved file path is "C:\Program Files\dotnet\packs\Microsoft.NETCore.App.Ref\10.0.3\ref\net10.0\System.Transactions.Local.dll".
   3:6>ResolveAssemblyReferences:
         Primary reference "System.Text.Json, Version=10.0.0.0, Culture=neutral, PublicKeyToken=cc7b13ffcd2ddd51".
   5:6>ResolveAssemblyReferences:
             Reference found at search path location "{RawFileName}".
   3:6>ResolveAssemblyReferences:
             Resolved file path is "C:\Program Files\dotnet\packs\Microsoft.NETCore.App.Ref\10.0.3\ref\net10.0\System.Text.Json.dll".
   5:6>ResolveAssemblyReferences:
             This reference is not "CopyLocal" because at least one source item had "Private" set to "false" and no source items had "Private" set to "true".
   3:6>ResolveAssemblyReferences:
             Reference found at search path location "{RawFileName}".
   5:6>ResolveAssemblyReferences:
         Primary reference "System.Transactions, Version=4.0.0.0, Culture=neutral, PublicKeyToken=b77a5c561934e089".
   3:6>ResolveAssemblyReferences:
             This reference is not "CopyLocal" because at least one source item had "Private" set to "false" and no source items had "Private" set to "true".
   5:6>ResolveAssemblyReferences:
             Resolved file path is "C:\Program Files\dotnet\packs\Microsoft.NETCore.App.Ref\10.0.3\ref\net10.0\System.Transactions.dll".
   3:6>ResolveAssemblyReferences:
         Primary reference "System.Text.RegularExpressions, Version=10.0.0.0, Culture=neutral, PublicKeyToken=b03f5f7f11d50a3a".
   5:6>ResolveAssemblyReferences:
             Reference found at search path location "{RawFileName}".
   3:6>ResolveAssemblyReferences:
             Resolved file path is "C:\Program Files\dotnet\packs\Microsoft.NETCore.App.Ref\10.0.3\ref\net10.0\System.Text.RegularExpressions.dll".
   5:6>ResolveAssemblyReferences:
             This reference is not "CopyLocal" because at least one source item had "Private" set to "false" and no source items had "Private" set to "true".
   3:6>ResolveAssemblyReferences:
             Reference found at search path location "{RawFileName}".
   5:6>ResolveAssemblyReferences:
         Primary reference "System.ValueTuple, Version=10.0.0.0, Culture=neutral, PublicKeyToken=cc7b13ffcd2ddd51".
   3:6>ResolveAssemblyReferences:
             This reference is not "CopyLocal" because at least one source item had "Private" set to "false" and no source items had "Private" set to "true".
   5:6>ResolveAssemblyReferences:
             Resolved file path is "C:\Program Files\dotnet\packs\Microsoft.NETCore.App.Ref\10.0.3\ref\net10.0\System.ValueTuple.dll".
   3:6>ResolveAssemblyReferences:
         Primary reference "System.Threading.AccessControl, Version=10.0.0.0, Culture=neutral, PublicKeyToken=b03f5f7f11d50a3a".
   5:6>ResolveAssemblyReferences:
             Reference found at search path location "{RawFileName}".
             This reference is not "CopyLocal" because at least one source item had "Private" set to "false" and no source items had "Private" set to "true".
   3:6>ResolveAssemblyReferences:
             Resolved file path is "C:\Program Files\dotnet\packs\Microsoft.NETCore.App.Ref\10.0.3\ref\net10.0\System.Threading.AccessControl.dll".
   5:6>ResolveAssemblyReferences:
         Primary reference "System.Web.HttpUtility, Version=10.0.0.0, Culture=neutral, PublicKeyToken=cc7b13ffcd2ddd51".
   3:6>ResolveAssemblyReferences:
             Reference found at search path location "{RawFileName}".
   5:6>ResolveAssemblyReferences:
             Resolved file path is "C:\Program Files\dotnet\packs\Microsoft.NETCore.App.Ref\10.0.3\ref\net10.0\System.Web.HttpUtility.dll".
   3:6>ResolveAssemblyReferences:
             This reference is not "CopyLocal" because at least one source item had "Private" set to "false" and no source items had "Private" set to "true".
   5:6>ResolveAssemblyReferences:
             Reference found at search path location "{RawFileName}".
   3:6>ResolveAssemblyReferences:
         Primary reference "System.Threading.Channels, Version=10.0.0.0, Culture=neutral, PublicKeyToken=cc7b13ffcd2ddd51".
   5:6>ResolveAssemblyReferences:
             This reference is not "CopyLocal" because at least one source item had "Private" set to "false" and no source items had "Private" set to "true".
         Primary reference "System.Web, Version=4.0.0.0, Culture=neutral, PublicKeyToken=b03f5f7f11d50a3a".
   3:6>ResolveAssemblyReferences:
             Resolved file path is "C:\Program Files\dotnet\packs\Microsoft.NETCore.App.Ref\10.0.3\ref\net10.0\System.Threading.Channels.dll".
   5:6>ResolveAssemblyReferences:
             Resolved file path is "C:\Program Files\dotnet\packs\Microsoft.NETCore.App.Ref\10.0.3\ref\net10.0\System.Web.dll".
   3:6>ResolveAssemblyReferences:
             Reference found at search path location "{RawFileName}".
   5:6>ResolveAssemblyReferences:
             Reference found at search path location "{RawFileName}".
   3:6>ResolveAssemblyReferences:
             This reference is not "CopyLocal" because at least one source item had "Private" set to "false" and no source items had "Private" set to "true".
   5:6>ResolveAssemblyReferences:
             This reference is not "CopyLocal" because at least one source item had "Private" set to "false" and no source items had "Private" set to "true".
   3:6>ResolveAssemblyReferences:
         Primary reference "System.Threading.Overlapped, Version=10.0.0.0, Culture=neutral, PublicKeyToken=b03f5f7f11d50a3a".
   5:6>ResolveAssemblyReferences:
         Primary reference "System.Windows, Version=4.0.0.0, Culture=neutral, PublicKeyToken=b03f5f7f11d50a3a".
             Resolved file path is "C:\Program Files\dotnet\packs\Microsoft.NETCore.App.Ref\10.0.3\ref\net10.0\System.Windows.dll".
   3:6>ResolveAssemblyReferences:
             Resolved file path is "C:\Program Files\dotnet\packs\Microsoft.NETCore.App.Ref\10.0.3\ref\net10.0\System.Threading.Overlapped.dll".
   5:6>ResolveAssemblyReferences:
             Reference found at search path location "{RawFileName}".
   3:6>ResolveAssemblyReferences:
             Reference found at search path location "{RawFileName}".
             This reference is not "CopyLocal" because at least one source item had "Private" set to "false" and no source items had "Private" set to "true".
   5:6>ResolveAssemblyReferences:
             This reference is not "CopyLocal" because at least one source item had "Private" set to "false" and no source items had "Private" set to "true".
   3:6>ResolveAssemblyReferences:
         Primary reference "System.Threading.Tasks.Dataflow, Version=10.0.0.0, Culture=neutral, PublicKeyToken=b03f5f7f11d50a3a".
   5:6>ResolveAssemblyReferences:
         Primary reference "System.Xml.Linq, Version=4.0.0.0, Culture=neutral, PublicKeyToken=b77a5c561934e089".
   3:6>ResolveAssemblyReferences:
             Resolved file path is "C:\Program Files\dotnet\packs\Microsoft.NETCore.App.Ref\10.0.3\ref\net10.0\System.Threading.Tasks.Dataflow.dll".
   5:6>ResolveAssemblyReferences:
             Resolved file path is "C:\Program Files\dotnet\packs\Microsoft.NETCore.App.Ref\10.0.3\ref\net10.0\System.Xml.Linq.dll".
   3:6>ResolveAssemblyReferences:
             Reference found at search path location "{RawFileName}".
   5:6>ResolveAssemblyReferences:
             Reference found at search path location "{RawFileName}".
   3:6>ResolveAssemblyReferences:
             This reference is not "CopyLocal" because at least one source item had "Private" set to "false" and no source items had "Private" set to "true".
   5:6>ResolveAssemblyReferences:
             This reference is not "CopyLocal" because at least one source item had "Private" set to "false" and no source items had "Private" set to "true".
   3:6>ResolveAssemblyReferences:
         Primary reference "System.Threading.Tasks.Extensions, Version=10.0.0.0, Culture=neutral, PublicKeyToken=cc7b13ffcd2ddd51".
   5:6>ResolveAssemblyReferences:
         Primary reference "System.Xml.ReaderWriter, Version=10.0.0.0, Culture=neutral, PublicKeyToken=b03f5f7f11d50a3a".
   3:6>ResolveAssemblyReferences:
             Resolved file path is "C:\Program Files\dotnet\packs\Microsoft.NETCore.App.Ref\10.0.3\ref\net10.0\System.Threading.Tasks.Extensions.dll".
             Reference found at search path location "{RawFileName}".
             This reference is not "CopyLocal" because at least one source item had "Private" set to "false" and no source items had "Private" set to "true".
   5:6>ResolveAssemblyReferences:
             Resolved file path is "C:\Program Files\dotnet\packs\Microsoft.NETCore.App.Ref\10.0.3\ref\net10.0\System.Xml.ReaderWriter.dll".
   3:6>ResolveAssemblyReferences:
         Primary reference "System.Threading.Tasks.Parallel, Version=10.0.0.0, Culture=neutral, PublicKeyToken=b03f5f7f11d50a3a".
   5:6>ResolveAssemblyReferences:
             Reference found at search path location "{RawFileName}".
   3:6>ResolveAssemblyReferences:
             Resolved file path is "C:\Program Files\dotnet\packs\Microsoft.NETCore.App.Ref\10.0.3\ref\net10.0\System.Threading.Tasks.Parallel.dll".
   5:6>ResolveAssemblyReferences:
             This reference is not "CopyLocal" because at least one source item had "Private" set to "false" and no source items had "Private" set to "true".
         Primary reference "System.Xml.Serialization, Version=4.0.0.0, Culture=neutral, PublicKeyToken=b77a5c561934e089".
   3:6>ResolveAssemblyReferences:
             Reference found at search path location "{RawFileName}".
   5:6>ResolveAssemblyReferences:
             Resolved file path is "C:\Program Files\dotnet\packs\Microsoft.NETCore.App.Ref\10.0.3\ref\net10.0\System.Xml.Serialization.dll".
   3:6>ResolveAssemblyReferences:
             This reference is not "CopyLocal" because at least one source item had "Private" set to "false" and no source items had "Private" set to "true".
   5:6>ResolveAssemblyReferences:
             Reference found at search path location "{RawFileName}".
   3:6>ResolveAssemblyReferences:
         Primary reference "System.Threading.Tasks, Version=10.0.0.0, Culture=neutral, PublicKeyToken=b03f5f7f11d50a3a".
             Resolved file path is "C:\Program Files\dotnet\packs\Microsoft.NETCore.App.Ref\10.0.3\ref\net10.0\System.Threading.Tasks.dll".
   5:6>ResolveAssemblyReferences:
             This reference is not "CopyLocal" because at least one source item had "Private" set to "false" and no source items had "Private" set to "true".
   3:6>ResolveAssemblyReferences:
             Reference found at search path location "{RawFileName}".
   5:6>ResolveAssemblyReferences:
         Primary reference "System.Xml.XDocument, Version=10.0.0.0, Culture=neutral, PublicKeyToken=b03f5f7f11d50a3a".
   3:6>ResolveAssemblyReferences:
             This reference is not "CopyLocal" because at least one source item had "Private" set to "false" and no source items had "Private" set to "true".
         Primary reference "System.Threading.Thread, Version=10.0.0.0, Culture=neutral, PublicKeyToken=b03f5f7f11d50a3a".
   5:6>ResolveAssemblyReferences:
             Resolved file path is "C:\Program Files\dotnet\packs\Microsoft.NETCore.App.Ref\10.0.3\ref\net10.0\System.Xml.XDocument.dll".
   3:6>ResolveAssemblyReferences:
             Resolved file path is "C:\Program Files\dotnet\packs\Microsoft.NETCore.App.Ref\10.0.3\ref\net10.0\System.Threading.Thread.dll".
   5:6>ResolveAssemblyReferences:
             Reference found at search path location "{RawFileName}".
   3:6>ResolveAssemblyReferences:
             Reference found at search path location "{RawFileName}".
   5:6>ResolveAssemblyReferences:
             This reference is not "CopyLocal" because at least one source item had "Private" set to "false" and no source items had "Private" set to "true".
   3:6>ResolveAssemblyReferences:
             This reference is not "CopyLocal" because at least one source item had "Private" set to "false" and no source items had "Private" set to "true".
   5:6>ResolveAssemblyReferences:
         Primary reference "System.Xml.XPath.XDocument, Version=10.0.0.0, Culture=neutral, PublicKeyToken=b03f5f7f11d50a3a".
   3:6>ResolveAssemblyReferences:
         Primary reference "System.Threading.ThreadPool, Version=10.0.0.0, Culture=neutral, PublicKeyToken=b03f5f7f11d50a3a".
   5:6>ResolveAssemblyReferences:
             Resolved file path is "C:\Program Files\dotnet\packs\Microsoft.NETCore.App.Ref\10.0.3\ref\net10.0\System.Xml.XPath.XDocument.dll".
   3:6>ResolveAssemblyReferences:
             Resolved file path is "C:\Program Files\dotnet\packs\Microsoft.NETCore.App.Ref\10.0.3\ref\net10.0\System.Threading.ThreadPool.dll".
   5:6>ResolveAssemblyReferences:
             Reference found at search path location "{RawFileName}".
   3:6>ResolveAssemblyReferences:
             Reference found at search path location "{RawFileName}".
   5:6>ResolveAssemblyReferences:
             This reference is not "CopyLocal" because at least one source item had "Private" set to "false" and no source items had "Private" set to "true".
   3:6>ResolveAssemblyReferences:
             This reference is not "CopyLocal" because at least one source item had "Private" set to "false" and no source items had "Private" set to "true".
   5:6>ResolveAssemblyReferences:
         Primary reference "System.Xml.XPath, Version=10.0.0.0, Culture=neutral, PublicKeyToken=b03f5f7f11d50a3a".
   3:6>ResolveAssemblyReferences:
         Primary reference "System.Threading.Timer, Version=10.0.0.0, Culture=neutral, PublicKeyToken=b03f5f7f11d50a3a".
   5:6>ResolveAssemblyReferences:
             Resolved file path is "C:\Program Files\dotnet\packs\Microsoft.NETCore.App.Ref\10.0.3\ref\net10.0\System.Xml.XPath.dll".
             Reference found at search path location "{RawFileName}".
   3:6>ResolveAssemblyReferences:
             Resolved file path is "C:\Program Files\dotnet\packs\Microsoft.NETCore.App.Ref\10.0.3\ref\net10.0\System.Threading.Timer.dll".
   5:6>ResolveAssemblyReferences:
             This reference is not "CopyLocal" because at least one source item had "Private" set to "false" and no source items had "Private" set to "true".
   3:6>ResolveAssemblyReferences:
             Reference found at search path location "{RawFileName}".
   5:6>ResolveAssemblyReferences:
         Primary reference "System.Xml.XmlDocument, Version=10.0.0.0, Culture=neutral, PublicKeyToken=b03f5f7f11d50a3a".
             Resolved file path is "C:\Program Files\dotnet\packs\Microsoft.NETCore.App.Ref\10.0.3\ref\net10.0\System.Xml.XmlDocument.dll".
   3:6>ResolveAssemblyReferences:
             This reference is not "CopyLocal" because at least one source item had "Private" set to "false" and no source items had "Private" set to "true".
   5:6>ResolveAssemblyReferences:
             Reference found at search path location "{RawFileName}".
   6:6>ResolveAssemblyReferences:
                 Private = 'false'
   3:6>ResolveAssemblyReferences:
         Primary reference "System.Threading, Version=10.0.0.0, Culture=neutral, PublicKeyToken=b03f5f7f11d50a3a".
   5:6>ResolveAssemblyReferences:
             This reference is not "CopyLocal" because at least one source item had "Private" set to "false" and no source items had "Private" set to "true".
   3:6>ResolveAssemblyReferences:
             Resolved file path is "C:\Program Files\dotnet\packs\Microsoft.NETCore.App.Ref\10.0.3\ref\net10.0\System.Threading.dll".
             Reference found at search path location "{RawFileName}".
   5:6>ResolveAssemblyReferences:
         Primary reference "System.Xml.XmlSerializer, Version=10.0.0.0, Culture=neutral, PublicKeyToken=b03f5f7f11d50a3a".
   3:6>ResolveAssemblyReferences:
             This reference is not "CopyLocal" because at least one source item had "Private" set to "false" and no source items had "Private" set to "true".
   5:6>ResolveAssemblyReferences:
             Resolved file path is "C:\Program Files\dotnet\packs\Microsoft.NETCore.App.Ref\10.0.3\ref\net10.0\System.Xml.XmlSerializer.dll".
             Reference found at search path location "{RawFileName}".
   3:6>ResolveAssemblyReferences:
         Primary reference "System.Transactions.Local, Version=10.0.0.0, Culture=neutral, PublicKeyToken=cc7b13ffcd2ddd51".
             Resolved file path is "C:\Program Files\dotnet\packs\Microsoft.NETCore.App.Ref\10.0.3\ref\net10.0\System.Transactions.Local.dll".
   5:6>ResolveAssemblyReferences:
             This reference is not "CopyLocal" because at least one source item had "Private" set to "false" and no source items had "Private" set to "true".
   3:6>ResolveAssemblyReferences:
             Reference found at search path location "{RawFileName}".
   5:6>ResolveAssemblyReferences:
         Primary reference "System.Xml, Version=4.0.0.0, Culture=neutral, PublicKeyToken=b77a5c561934e089".
   3:6>ResolveAssemblyReferences:
             This reference is not "CopyLocal" because at least one source item had "Private" set to "false" and no source items had "Private" set to "true".
   5:6>ResolveAssemblyReferences:
             Resolved file path is "C:\Program Files\dotnet\packs\Microsoft.NETCore.App.Ref\10.0.3\ref\net10.0\System.Xml.dll".
             Reference found at search path location "{RawFileName}".
   3:6>ResolveAssemblyReferences:
         Primary reference "System.Transactions, Version=4.0.0.0, Culture=neutral, PublicKeyToken=b77a5c561934e089".
   5:6>ResolveAssemblyReferences:
             This reference is not "CopyLocal" because at least one source item had "Private" set to "false" and no source items had "Private" set to "true".
   3:6>ResolveAssemblyReferences:
             Resolved file path is "C:\Program Files\dotnet\packs\Microsoft.NETCore.App.Ref\10.0.3\ref\net10.0\System.Transactions.dll".
   5:6>ResolveAssemblyReferences:
         Primary reference "System, Version=4.0.0.0, Culture=neutral, PublicKeyToken=b77a5c561934e089".
   3:6>ResolveAssemblyReferences:
             Reference found at search path location "{RawFileName}".
   5:6>ResolveAssemblyReferences:
             Resolved file path is "C:\Program Files\dotnet\packs\Microsoft.NETCore.App.Ref\10.0.3\ref\net10.0\System.dll".
   3:6>ResolveAssemblyReferences:
             This reference is not "CopyLocal" because at least one source item had "Private" set to "false" and no source items had "Private" set to "true".
   5:6>ResolveAssemblyReferences:
             Reference found at search path location "{RawFileName}".
   3:6>ResolveAssemblyReferences:
         Primary reference "System.ValueTuple, Version=10.0.0.0, Culture=neutral, PublicKeyToken=cc7b13ffcd2ddd51".
   5:6>ResolveAssemblyReferences:
             This reference is not "CopyLocal" because at least one source item had "Private" set to "false" and no source items had "Private" set to "true".
   3:6>ResolveAssemblyReferences:
             Resolved file path is "C:\Program Files\dotnet\packs\Microsoft.NETCore.App.Ref\10.0.3\ref\net10.0\System.ValueTuple.dll".
   5:6>ResolveAssemblyReferences:
         Primary reference "mscorlib, Version=4.0.0.0, Culture=neutral, PublicKeyToken=b77a5c561934e089".
             Resolved file path is "C:\Program Files\dotnet\packs\Microsoft.NETCore.App.Ref\10.0.3\ref\net10.0\mscorlib.dll".
             Reference found at search path location "{RawFileName}".
   3:6>ResolveAssemblyReferences:
             Reference found at search path location "{RawFileName}".
   5:6>ResolveAssemblyReferences:
             This reference is not "CopyLocal" because at least one source item had "Private" set to "false" and no source items had "Private" set to "true".
   3:6>ResolveAssemblyReferences:
             This reference is not "CopyLocal" because at least one source item had "Private" set to "false" and no source items had "Private" set to "true".
   5:6>ResolveAssemblyReferences:
         Primary reference "netstandard, Version=2.1.0.0, Culture=neutral, PublicKeyToken=cc7b13ffcd2ddd51".
             Resolved file path is "C:\Program Files\dotnet\packs\Microsoft.NETCore.App.Ref\10.0.3\ref\net10.0\netstandard.dll".
   3:6>ResolveAssemblyReferences:
         Primary reference "System.Web.HttpUtility, Version=10.0.0.0, Culture=neutral, PublicKeyToken=cc7b13ffcd2ddd51".
   5:6>ResolveAssemblyReferences:
             Reference found at search path location "{RawFileName}".
   3:6>ResolveAssemblyReferences:
             Resolved file path is "C:\Program Files\dotnet\packs\Microsoft.NETCore.App.Ref\10.0.3\ref\net10.0\System.Web.HttpUtility.dll".
   5:6>ResolveAssemblyReferences:
             This reference is not "CopyLocal" because at least one source item had "Private" set to "false" and no source items had "Private" set to "true".
   3:6>ResolveAssemblyReferences:
             Reference found at search path location "{RawFileName}".
   5:6>ResolveAssemblyReferences:
         Primary reference "Accessibility, Version=4.0.0.0, Culture=neutral, PublicKeyToken=31bf3856ad364e35".
             Resolved file path is "C:\Program Files\dotnet\packs\Microsoft.WindowsDesktop.App.Ref\10.0.3\ref\net10.0\Accessibility.dll".
   3:6>ResolveAssemblyReferences:
             This reference is not "CopyLocal" because at least one source item had "Private" set to "false" and no source items had "Private" set to "true".
   5:6>ResolveAssemblyReferences:
             Reference found at search path location "{RawFileName}".
   3:6>ResolveAssemblyReferences:
         Primary reference "System.Web, Version=4.0.0.0, Culture=neutral, PublicKeyToken=b03f5f7f11d50a3a".
   5:6>ResolveAssemblyReferences:
             This reference is not "CopyLocal" because at least one source item had "Private" set to "false" and no source items had "Private" set to "true".
   3:6>ResolveAssemblyReferences:
             Resolved file path is "C:\Program Files\dotnet\packs\Microsoft.NETCore.App.Ref\10.0.3\ref\net10.0\System.Web.dll".
   5:6>ResolveAssemblyReferences:
         Primary reference "Microsoft.Win32.Registry.AccessControl, Version=10.0.0.0, Culture=neutral, PublicKeyToken=b03f5f7f11d50a3a".
   3:6>ResolveAssemblyReferences:
             Reference found at search path location "{RawFileName}".
   5:6>ResolveAssemblyReferences:
             Resolved file path is "C:\Program Files\dotnet\packs\Microsoft.WindowsDesktop.App.Ref\10.0.3\ref\net10.0\Microsoft.Win32.Registry.AccessControl.dll".
   3:6>ResolveAssemblyReferences:
             This reference is not "CopyLocal" because at least one source item had "Private" set to "false" and no source items had "Private" set to "true".
   5:6>ResolveAssemblyReferences:
             Reference found at search path location "{RawFileName}".
   3:6>ResolveAssemblyReferences:
         Primary reference "System.Windows, Version=4.0.0.0, Culture=neutral, PublicKeyToken=b03f5f7f11d50a3a".
   5:6>ResolveAssemblyReferences:
             This reference is not "CopyLocal" because at least one source item had "Private" set to "false" and no source items had "Private" set to "true".
   3:6>ResolveAssemblyReferences:
             Resolved file path is "C:\Program Files\dotnet\packs\Microsoft.NETCore.App.Ref\10.0.3\ref\net10.0\System.Windows.dll".
   5:6>ResolveAssemblyReferences:
         Primary reference "Microsoft.Win32.SystemEvents, Version=10.0.0.0, Culture=neutral, PublicKeyToken=cc7b13ffcd2ddd51".
   3:6>ResolveAssemblyReferences:
             Reference found at search path location "{RawFileName}".
   5:6>ResolveAssemblyReferences:
             Resolved file path is "C:\Program Files\dotnet\packs\Microsoft.WindowsDesktop.App.Ref\10.0.3\ref\net10.0\Microsoft.Win32.SystemEvents.dll".
             Reference found at search path location "{RawFileName}".
   3:6>ResolveAssemblyReferences:
             This reference is not "CopyLocal" because at least one source item had "Private" set to "false" and no source items had "Private" set to "true".
   5:6>ResolveAssemblyReferences:
             This reference is not "CopyLocal" because at least one source item had "Private" set to "false" and no source items had "Private" set to "true".
   3:6>ResolveAssemblyReferences:
         Primary reference "System.Xml.Linq, Version=4.0.0.0, Culture=neutral, PublicKeyToken=b77a5c561934e089".
   5:6>ResolveAssemblyReferences:
         Unified primary reference "PresentationCore, Version=10.0.0.0, Culture=neutral, PublicKeyToken=31bf3856ad364e35".
             Using this version instead of original version "5.0.0.0" in "C:\Users\krish.maniar.ATPL-LAP-723\.nuget\packages\microsoft.web.webview2\1.0.3800.47\lib_manual\net5.0-windows10.0.17763.0\Microsoft.Web.WebView2.Wpf.dll" because AutoUnify is 'true'.
   3:6>ResolveAssemblyReferences:
             Resolved file path is "C:\Program Files\dotnet\packs\Microsoft.NETCore.App.Ref\10.0.3\ref\net10.0\System.Xml.Linq.dll".
   5:6>ResolveAssemblyReferences:
             Resolved file path is "C:\Program Files\dotnet\packs\Microsoft.WindowsDesktop.App.Ref\10.0.3\ref\net10.0\PresentationCore.dll".
             Reference found at search path location "{RawFileName}".
             This reference is not "CopyLocal" because at least one source item had "Private" set to "false" and no source items had "Private" set to "true".
   3:6>ResolveAssemblyReferences:
             Reference found at search path location "{RawFileName}".
   5:6>ResolveAssemblyReferences:
         Primary reference "PresentationFramework.Aero, Version=10.0.0.0, Culture=neutral, PublicKeyToken=31bf3856ad364e35".
             Resolved file path is "C:\Program Files\dotnet\packs\Microsoft.WindowsDesktop.App.Ref\10.0.3\ref\net10.0\PresentationFramework.Aero.dll".
   3:6>ResolveAssemblyReferences:
             This reference is not "CopyLocal" because at least one source item had "Private" set to "false" and no source items had "Private" set to "true".
   5:6>ResolveAssemblyReferences:
             Reference found at search path location "{RawFileName}".
   3:6>ResolveAssemblyReferences:
         Primary reference "System.Xml.ReaderWriter, Version=10.0.0.0, Culture=neutral, PublicKeyToken=b03f5f7f11d50a3a".
   5:6>ResolveAssemblyReferences:
             This reference is not "CopyLocal" because at least one source item had "Private" set to "false" and no source items had "Private" set to "true".
   3:6>ResolveAssemblyReferences:
             Resolved file path is "C:\Program Files\dotnet\packs\Microsoft.NETCore.App.Ref\10.0.3\ref\net10.0\System.Xml.ReaderWriter.dll".
   5:6>ResolveAssemblyReferences:
         Primary reference "PresentationFramework.Aero2, Version=10.0.0.0, Culture=neutral, PublicKeyToken=31bf3856ad364e35".
   3:6>ResolveAssemblyReferences:
             Reference found at search path location "{RawFileName}".
   5:6>ResolveAssemblyReferences:
             Resolved file path is "C:\Program Files\dotnet\packs\Microsoft.WindowsDesktop.App.Ref\10.0.3\ref\net10.0\PresentationFramework.Aero2.dll".
   3:6>ResolveAssemblyReferences:
             This reference is not "CopyLocal" because at least one source item had "Private" set to "false" and no source items had "Private" set to "true".
   5:6>ResolveAssemblyReferences:
             Reference found at search path location "{RawFileName}".
   3:6>ResolveAssemblyReferences:
         Primary reference "System.Xml.Serialization, Version=4.0.0.0, Culture=neutral, PublicKeyToken=b77a5c561934e089".
   5:6>ResolveAssemblyReferences:
             This reference is not "CopyLocal" because at least one source item had "Private" set to "false" and no source items had "Private" set to "true".
         Primary reference "PresentationFramework.AeroLite, Version=10.0.0.0, Culture=neutral, PublicKeyToken=31bf3856ad364e35".
   3:6>ResolveAssemblyReferences:
             Resolved file path is "C:\Program Files\dotnet\packs\Microsoft.NETCore.App.Ref\10.0.3\ref\net10.0\System.Xml.Serialization.dll".
   5:6>ResolveAssemblyReferences:
             Resolved file path is "C:\Program Files\dotnet\packs\Microsoft.WindowsDesktop.App.Ref\10.0.3\ref\net10.0\PresentationFramework.AeroLite.dll".
             Reference found at search path location "{RawFileName}".
   3:6>ResolveAssemblyReferences:
             Reference found at search path location "{RawFileName}".
   5:6>ResolveAssemblyReferences:
             This reference is not "CopyLocal" because at least one source item had "Private" set to "false" and no source items had "Private" set to "true".
   3:6>ResolveAssemblyReferences:
             This reference is not "CopyLocal" because at least one source item had "Private" set to "false" and no source items had "Private" set to "true".
   5:6>ResolveAssemblyReferences:
         Primary reference "PresentationFramework.Classic, Version=10.0.0.0, Culture=neutral, PublicKeyToken=31bf3856ad364e35".
             Resolved file path is "C:\Program Files\dotnet\packs\Microsoft.WindowsDesktop.App.Ref\10.0.3\ref\net10.0\PresentationFramework.Classic.dll".
             Reference found at search path location "{RawFileName}".
   3:6>ResolveAssemblyReferences:
         Primary reference "System.Xml.XDocument, Version=10.0.0.0, Culture=neutral, PublicKeyToken=b03f5f7f11d50a3a".
   5:6>ResolveAssemblyReferences:
             This reference is not "CopyLocal" because at least one source item had "Private" set to "false" and no source items had "Private" set to "true".
   3:6>ResolveAssemblyReferences:
             Resolved file path is "C:\Program Files\dotnet\packs\Microsoft.NETCore.App.Ref\10.0.3\ref\net10.0\System.Xml.XDocument.dll".
   5:6>ResolveAssemblyReferences:
         Primary reference "PresentationFramework.Luna, Version=10.0.0.0, Culture=neutral, PublicKeyToken=31bf3856ad364e35".
   3:6>ResolveAssemblyReferences:
             Reference found at search path location "{RawFileName}".
   5:6>ResolveAssemblyReferences:
             Resolved file path is "C:\Program Files\dotnet\packs\Microsoft.WindowsDesktop.App.Ref\10.0.3\ref\net10.0\PresentationFramework.Luna.dll".
   3:6>ResolveAssemblyReferences:
             This reference is not "CopyLocal" because at least one source item had "Private" set to "false" and no source items had "Private" set to "true".
   5:6>ResolveAssemblyReferences:
             Reference found at search path location "{RawFileName}".
   3:6>ResolveAssemblyReferences:
         Primary reference "System.Xml.XPath.XDocument, Version=10.0.0.0, Culture=neutral, PublicKeyToken=b03f5f7f11d50a3a".
   5:6>ResolveAssemblyReferences:
             This reference is not "CopyLocal" because at least one source item had "Private" set to "false" and no source items had "Private" set to "true".
   3:6>ResolveAssemblyReferences:
             Resolved file path is "C:\Program Files\dotnet\packs\Microsoft.NETCore.App.Ref\10.0.3\ref\net10.0\System.Xml.XPath.XDocument.dll".
   5:6>ResolveAssemblyReferences:
         Primary reference "PresentationFramework.Royale, Version=10.0.0.0, Culture=neutral, PublicKeyToken=31bf3856ad364e35".
   3:6>ResolveAssemblyReferences:
             Reference found at search path location "{RawFileName}".
   5:6>ResolveAssemblyReferences:
             Resolved file path is "C:\Program Files\dotnet\packs\Microsoft.WindowsDesktop.App.Ref\10.0.3\ref\net10.0\PresentationFramework.Royale.dll".
   3:6>ResolveAssemblyReferences:
             This reference is not "CopyLocal" because at least one source item had "Private" set to "false" and no source items had "Private" set to "true".
   5:6>ResolveAssemblyReferences:
             Reference found at search path location "{RawFileName}".
   6:6>ResolveAssemblyReferences:
             C:\Program Files\dotnet\packs\Microsoft.AspNetCore.App.Ref\10.0.3\ref/net10.0/Microsoft.Extensions.Hosting.dll
   3:6>ResolveAssemblyReferences:
         Primary reference "System.Xml.XPath, Version=10.0.0.0, Culture=neutral, PublicKeyToken=b03f5f7f11d50a3a".
   5:6>ResolveAssemblyReferences:
             This reference is not "CopyLocal" because at least one source item had "Private" set to "false" and no source items had "Private" set to "true".
   3:6>ResolveAssemblyReferences:
             Resolved file path is "C:\Program Files\dotnet\packs\Microsoft.NETCore.App.Ref\10.0.3\ref\net10.0\System.Xml.XPath.dll".
   5:6>ResolveAssemblyReferences:
         Unified primary reference "PresentationFramework, Version=10.0.0.0, Culture=neutral, PublicKeyToken=31bf3856ad364e35".
   3:6>ResolveAssemblyReferences:
             Reference found at search path location "{RawFileName}".
   5:6>ResolveAssemblyReferences:
             Using this version instead of original version "5.0.0.0" in "C:\Users\krish.maniar.ATPL-LAP-723\.nuget\packages\microsoft.web.webview2\1.0.3800.47\lib_manual\net5.0-windows10.0.17763.0\Microsoft.Web.WebView2.Wpf.dll" because AutoUnify is 'true'.
   3:6>ResolveAssemblyReferences:
             This reference is not "CopyLocal" because at least one source item had "Private" set to "false" and no source items had "Private" set to "true".
   5:6>ResolveAssemblyReferences:
             Resolved file path is "C:\Program Files\dotnet\packs\Microsoft.WindowsDesktop.App.Ref\10.0.3\ref\net10.0\PresentationFramework.dll".
   3:6>ResolveAssemblyReferences:
         Primary reference "System.Xml.XmlDocument, Version=10.0.0.0, Culture=neutral, PublicKeyToken=b03f5f7f11d50a3a".
   5:6>ResolveAssemblyReferences:
             Reference found at search path location "{RawFileName}".
   3:6>ResolveAssemblyReferences:
             Resolved file path is "C:\Program Files\dotnet\packs\Microsoft.NETCore.App.Ref\10.0.3\ref\net10.0\System.Xml.XmlDocument.dll".
   5:6>ResolveAssemblyReferences:
             This reference is not "CopyLocal" because at least one source item had "Private" set to "false" and no source items had "Private" set to "true".
   3:6>ResolveAssemblyReferences:
             Reference found at search path location "{RawFileName}".
   5:6>ResolveAssemblyReferences:
         Primary reference "PresentationUI, Version=10.0.0.0, Culture=neutral, PublicKeyToken=b77a5c561934e089".
   3:6>ResolveAssemblyReferences:
             This reference is not "CopyLocal" because at least one source item had "Private" set to "false" and no source items had "Private" set to "true".
   5:6>ResolveAssemblyReferences:
             Resolved file path is "C:\Program Files\dotnet\packs\Microsoft.WindowsDesktop.App.Ref\10.0.3\ref\net10.0\PresentationUI.dll".
             Reference found at search path location "{RawFileName}".
             This reference is not "CopyLocal" because at least one source item had "Private" set to "false" and no source items had "Private" set to "true".
   6:6>ResolveAssemblyReferences:
                 Private = 'false'
   5:6>ResolveAssemblyReferences:
         Primary reference "ReachFramework, Version=10.0.0.0, Culture=neutral, PublicKeyToken=31bf3856ad364e35".
   3:6>ResolveAssemblyReferences:
         Primary reference "System.Xml.XmlSerializer, Version=10.0.0.0, Culture=neutral, PublicKeyToken=b03f5f7f11d50a3a".
             Resolved file path is "C:\Program Files\dotnet\packs\Microsoft.NETCore.App.Ref\10.0.3\ref\net10.0\System.Xml.XmlSerializer.dll".
   5:6>ResolveAssemblyReferences:
             Resolved file path is "C:\Program Files\dotnet\packs\Microsoft.WindowsDesktop.App.Ref\10.0.3\ref\net10.0\ReachFramework.dll".
   3:6>ResolveAssemblyReferences:
             Reference found at search path location "{RawFileName}".
   5:6>ResolveAssemblyReferences:
             Reference found at search path location "{RawFileName}".
             This reference is not "CopyLocal" because at least one source item had "Private" set to "false" and no source items had "Private" set to "true".
   3:6>ResolveAssemblyReferences:
             This reference is not "CopyLocal" because at least one source item had "Private" set to "false" and no source items had "Private" set to "true".
   6:6>ResolveAssemblyReferences:
             C:\Program Files\dotnet\packs\Microsoft.AspNetCore.App.Ref\10.0.3\ref/net10.0/Microsoft.Extensions.Http.dll
   5:6>ResolveAssemblyReferences:
         Primary reference "System.CodeDom, Version=10.0.0.0, Culture=neutral, PublicKeyToken=cc7b13ffcd2ddd51".
   3:6>ResolveAssemblyReferences:
         Primary reference "System.Xml, Version=4.0.0.0, Culture=neutral, PublicKeyToken=b77a5c561934e089".
   5:6>ResolveAssemblyReferences:
             Resolved file path is "C:\Program Files\dotnet\packs\Microsoft.WindowsDesktop.App.Ref\10.0.3\ref\net10.0\System.CodeDom.dll".
             Reference found at search path location "{RawFileName}".
   3:6>ResolveAssemblyReferences:
             Resolved file path is "C:\Program Files\dotnet\packs\Microsoft.NETCore.App.Ref\10.0.3\ref\net10.0\System.Xml.dll".
   5:6>ResolveAssemblyReferences:
             This reference is not "CopyLocal" because at least one source item had "Private" set to "false" and no source items had "Private" set to "true".
   3:6>ResolveAssemblyReferences:
             Reference found at search path location "{RawFileName}".
   5:6>ResolveAssemblyReferences:
         Primary reference "System.Configuration.ConfigurationManager, Version=10.0.0.0, Culture=neutral, PublicKeyToken=cc7b13ffcd2ddd51".
             Resolved file path is "C:\Program Files\dotnet\packs\Microsoft.WindowsDesktop.App.Ref\10.0.3\ref\net10.0\System.Configuration.ConfigurationManager.dll".
   3:6>ResolveAssemblyReferences:
             This reference is not "CopyLocal" because at least one source item had "Private" set to "false" and no source items had "Private" set to "true".
   5:6>ResolveAssemblyReferences:
             Reference found at search path location "{RawFileName}".
   3:6>ResolveAssemblyReferences:
         Primary reference "System, Version=4.0.0.0, Culture=neutral, PublicKeyToken=b77a5c561934e089".
   5:6>ResolveAssemblyReferences:
             This reference is not "CopyLocal" because at least one source item had "Private" set to "false" and no source items had "Private" set to "true".
         Primary reference "System.Diagnostics.EventLog, Version=10.0.0.0, Culture=neutral, PublicKeyToken=cc7b13ffcd2ddd51".
   3:6>ResolveAssemblyReferences:
             Resolved file path is "C:\Program Files\dotnet\packs\Microsoft.NETCore.App.Ref\10.0.3\ref\net10.0\System.dll".
   5:6>ResolveAssemblyReferences:
             Resolved file path is "C:\Program Files\dotnet\packs\Microsoft.WindowsDesktop.App.Ref\10.0.3\ref\net10.0\System.Diagnostics.EventLog.dll".
   3:6>ResolveAssemblyReferences:
             Reference found at search path location "{RawFileName}".
   5:6>ResolveAssemblyReferences:
             Reference found at search path location "{RawFileName}".
   3:6>ResolveAssemblyReferences:
             This reference is not "CopyLocal" because at least one source item had "Private" set to "false" and no source items had "Private" set to "true".
   5:6>ResolveAssemblyReferences:
             This reference is not "CopyLocal" because at least one source item had "Private" set to "false" and no source items had "Private" set to "true".
   3:6>ResolveAssemblyReferences:
         Primary reference "mscorlib, Version=4.0.0.0, Culture=neutral, PublicKeyToken=b77a5c561934e089".
   5:6>ResolveAssemblyReferences:
         Primary reference "System.Diagnostics.PerformanceCounter, Version=10.0.0.0, Culture=neutral, PublicKeyToken=cc7b13ffcd2ddd51".
   3:6>ResolveAssemblyReferences:
             Resolved file path is "C:\Program Files\dotnet\packs\Microsoft.NETCore.App.Ref\10.0.3\ref\net10.0\mscorlib.dll".
   5:6>ResolveAssemblyReferences:
             Resolved file path is "C:\Program Files\dotnet\packs\Microsoft.WindowsDesktop.App.Ref\10.0.3\ref\net10.0\System.Diagnostics.PerformanceCounter.dll".
   3:6>ResolveAssemblyReferences:
             Reference found at search path location "{RawFileName}".
   5:6>ResolveAssemblyReferences:
             Reference found at search path location "{RawFileName}".
   3:6>ResolveAssemblyReferences:
             This reference is not "CopyLocal" because at least one source item had "Private" set to "false" and no source items had "Private" set to "true".
   5:6>ResolveAssemblyReferences:
             This reference is not "CopyLocal" because at least one source item had "Private" set to "false" and no source items had "Private" set to "true".
   3:6>ResolveAssemblyReferences:
         Primary reference "netstandard, Version=2.1.0.0, Culture=neutral, PublicKeyToken=cc7b13ffcd2ddd51".
   6:6>ResolveAssemblyReferences:
                 Private = 'false'
   5:6>ResolveAssemblyReferences:
         Primary reference "System.DirectoryServices, Version=10.0.0.0, Culture=neutral, PublicKeyToken=b03f5f7f11d50a3a".
             Resolved file path is "C:\Program Files\dotnet\packs\Microsoft.WindowsDesktop.App.Ref\10.0.3\ref\net10.0\System.DirectoryServices.dll".
   3:6>ResolveAssemblyReferences:
             Resolved file path is "C:\Program Files\dotnet\packs\Microsoft.NETCore.App.Ref\10.0.3\ref\net10.0\netstandard.dll".
             Reference found at search path location "{RawFileName}".
   5:6>ResolveAssemblyReferences:
             Reference found at search path location "{RawFileName}".
   3:6>ResolveAssemblyReferences:
             This reference is not "CopyLocal" because at least one source item had "Private" set to "false" and no source items had "Private" set to "true".
   6:6>ResolveAssemblyReferences:
             C:\Program Files\dotnet\packs\Microsoft.AspNetCore.App.Ref\10.0.3\ref/net10.0/Microsoft.Extensions.Identity.Core.dll
   3:6>ResolveAssemblyReferences:
         Primary reference "Accessibility, Version=4.0.0.0, Culture=neutral, PublicKeyToken=31bf3856ad364e35".
   5:6>ResolveAssemblyReferences:
             This reference is not "CopyLocal" because at least one source item had "Private" set to "false" and no source items had "Private" set to "true".
   3:6>ResolveAssemblyReferences:
             Resolved file path is "C:\Program Files\dotnet\packs\Microsoft.WindowsDesktop.App.Ref\10.0.3\ref\net10.0\Accessibility.dll".
   6:6>ResolveAssemblyReferences:
                 Private = 'false'
   5:6>ResolveAssemblyReferences:
         Unified primary reference "System.Drawing.Common, Version=10.0.0.0, Culture=neutral, PublicKeyToken=cc7b13ffcd2ddd51".
   3:6>ResolveAssemblyReferences:
             Reference found at search path location "{RawFileName}".
   5:6>ResolveAssemblyReferences:
             Using this version instead of original version "4.0.1.0" in "C:\Users\krish.maniar.ATPL-LAP-723\.nuget\packages\microsoft.web.webview2\1.0.3800.47\lib_manual\netcoreapp3.0\Microsoft.Web.WebView2.WinForms.dll" because AutoUnify is 'true'.
   3:6>ResolveAssemblyReferences:
             This reference is not "CopyLocal" because at least one source item had "Private" set to "false" and no source items had "Private" set to "true".
   5:6>ResolveAssemblyReferences:
             Resolved file path is "C:\Program Files\dotnet\packs\Microsoft.WindowsDesktop.App.Ref\10.0.3\ref\net10.0\System.Drawing.Common.dll".
             Reference found at search path location "{RawFileName}".
   3:6>ResolveAssemblyReferences:
         Primary reference "Microsoft.Win32.Registry.AccessControl, Version=10.0.0.0, Culture=neutral, PublicKeyToken=b03f5f7f11d50a3a".
   5:6>ResolveAssemblyReferences:
             This reference is not "CopyLocal" because at least one source item had "Private" set to "false" and no source items had "Private" set to "true".
   3:6>ResolveAssemblyReferences:
             Resolved file path is "C:\Program Files\dotnet\packs\Microsoft.WindowsDesktop.App.Ref\10.0.3\ref\net10.0\Microsoft.Win32.Registry.AccessControl.dll".
   5:6>ResolveAssemblyReferences:
         Primary reference "System.Formats.Nrbf, Version=10.0.0.0, Culture=neutral, PublicKeyToken=cc7b13ffcd2ddd51".
   3:6>ResolveAssemblyReferences:
             Reference found at search path location "{RawFileName}".
   5:6>ResolveAssemblyReferences:
             Resolved file path is "C:\Program Files\dotnet\packs\Microsoft.WindowsDesktop.App.Ref\10.0.3\ref\net10.0\System.Formats.Nrbf.dll".
             Reference found at search path location "{RawFileName}".
   3:6>ResolveAssemblyReferences:
             This reference is not "CopyLocal" because at least one source item had "Private" set to "false" and no source items had "Private" set to "true".
         Primary reference "Microsoft.Win32.SystemEvents, Version=10.0.0.0, Culture=neutral, PublicKeyToken=cc7b13ffcd2ddd51".
   5:6>ResolveAssemblyReferences:
             This reference is not "CopyLocal" because at least one source item had "Private" set to "false" and no source items had "Private" set to "true".
   3:6>ResolveAssemblyReferences:
             Resolved file path is "C:\Program Files\dotnet\packs\Microsoft.WindowsDesktop.App.Ref\10.0.3\ref\net10.0\Microsoft.Win32.SystemEvents.dll".
   5:6>ResolveAssemblyReferences:
         Primary reference "System.IO.Packaging, Version=10.0.0.0, Culture=neutral, PublicKeyToken=b03f5f7f11d50a3a".
   3:6>ResolveAssemblyReferences:
             Reference found at search path location "{RawFileName}".
   5:6>ResolveAssemblyReferences:
             Resolved file path is "C:\Program Files\dotnet\packs\Microsoft.WindowsDesktop.App.Ref\10.0.3\ref\net10.0\System.IO.Packaging.dll".
   3:6>ResolveAssemblyReferences:
             This reference is not "CopyLocal" because at least one source item had "Private" set to "false" and no source items had "Private" set to "true".
   5:6>ResolveAssemblyReferences:
             Reference found at search path location "{RawFileName}".
   6:6>ResolveAssemblyReferences:
             C:\Program Files\dotnet\packs\Microsoft.AspNetCore.App.Ref\10.0.3\ref/net10.0/Microsoft.Extensions.Identity.Stores.dll
   3:6>ResolveAssemblyReferences:
         Primary reference "PresentationCore, Version=10.0.0.0, Culture=neutral, PublicKeyToken=31bf3856ad364e35".
   5:6>ResolveAssemblyReferences:
             This reference is not "CopyLocal" because at least one source item had "Private" set to "false" and no source items had "Private" set to "true".
   3:6>ResolveAssemblyReferences:
             Resolved file path is "C:\Program Files\dotnet\packs\Microsoft.WindowsDesktop.App.Ref\10.0.3\ref\net10.0\PresentationCore.dll".
   5:6>ResolveAssemblyReferences:
         Primary reference "System.Printing, Version=10.0.0.0, Culture=neutral, PublicKeyToken=31bf3856ad364e35".
   6:6>ResolveAssemblyReferences:
                 Private = 'false'
   5:6>ResolveAssemblyReferences:
             Resolved file path is "C:\Program Files\dotnet\packs\Microsoft.WindowsDesktop.App.Ref\10.0.3\ref\net10.0\System.Printing.dll".
   3:6>ResolveAssemblyReferences:
             Reference found at search path location "{RawFileName}".
   5:6>ResolveAssemblyReferences:
             Reference found at search path location "{RawFileName}".
             This reference is not "CopyLocal" because at least one source item had "Private" set to "false" and no source items had "Private" set to "true".
   3:6>ResolveAssemblyReferences:
             This reference is not "CopyLocal" because at least one source item had "Private" set to "false" and no source items had "Private" set to "true".
   5:6>ResolveAssemblyReferences:
         Primary reference "System.Private.Windows.Core, Version=10.0.0.0, Culture=neutral, PublicKeyToken=b77a5c561934e089".
   3:6>ResolveAssemblyReferences:
         Primary reference "PresentationFramework.Aero, Version=10.0.0.0, Culture=neutral, PublicKeyToken=31bf3856ad364e35".
   5:6>ResolveAssemblyReferences:
             Resolved file path is "C:\Program Files\dotnet\packs\Microsoft.WindowsDesktop.App.Ref\10.0.3\ref\net10.0\System.Private.Windows.Core.dll".
   3:6>ResolveAssemblyReferences:
             Resolved file path is "C:\Program Files\dotnet\packs\Microsoft.WindowsDesktop.App.Ref\10.0.3\ref\net10.0\PresentationFramework.Aero.dll".
   5:6>ResolveAssemblyReferences:
             Reference found at search path location "{RawFileName}".
             This reference is not "CopyLocal" because at least one source item had "Private" set to "false" and no source items had "Private" set to "true".
   3:6>ResolveAssemblyReferences:
             Reference found at search path location "{RawFileName}".
   5:6>ResolveAssemblyReferences:
         Primary reference "System.Private.Windows.GdiPlus, Version=10.0.0.0, Culture=neutral, PublicKeyToken=b77a5c561934e089".
   3:6>ResolveAssemblyReferences:
             This reference is not "CopyLocal" because at least one source item had "Private" set to "false" and no source items had "Private" set to "true".
   5:6>ResolveAssemblyReferences:
             Resolved file path is "C:\Program Files\dotnet\packs\Microsoft.WindowsDesktop.App.Ref\10.0.3\ref\net10.0\System.Private.Windows.GdiPlus.dll".
   3:6>ResolveAssemblyReferences:
         Primary reference "PresentationFramework.Aero2, Version=10.0.0.0, Culture=neutral, PublicKeyToken=31bf3856ad364e35".
   5:6>ResolveAssemblyReferences:
             Reference found at search path location "{RawFileName}".
   3:6>ResolveAssemblyReferences:
             Resolved file path is "C:\Program Files\dotnet\packs\Microsoft.WindowsDesktop.App.Ref\10.0.3\ref\net10.0\PresentationFramework.Aero2.dll".
   5:6>ResolveAssemblyReferences:
             This reference is not "CopyLocal" because at least one source item had "Private" set to "false" and no source items had "Private" set to "true".
   3:6>ResolveAssemblyReferences:
             Reference found at search path location "{RawFileName}".
   5:6>ResolveAssemblyReferences:
         Primary reference "System.Resources.Extensions, Version=10.0.0.0, Culture=neutral, PublicKeyToken=cc7b13ffcd2ddd51".
   6:6>ResolveAssemblyReferences:
             C:\Program Files\dotnet\packs\Microsoft.AspNetCore.App.Ref\10.0.3\ref/net10.0/Microsoft.Extensions.Localization.Abstractions.dll
   3:6>ResolveAssemblyReferences:
             This reference is not "CopyLocal" because at least one source item had "Private" set to "false" and no source items had "Private" set to "true".
   5:6>ResolveAssemblyReferences:
             Resolved file path is "C:\Program Files\dotnet\packs\Microsoft.WindowsDesktop.App.Ref\10.0.3\ref\net10.0\System.Resources.Extensions.dll".
   3:6>ResolveAssemblyReferences:
         Primary reference "PresentationFramework.AeroLite, Version=10.0.0.0, Culture=neutral, PublicKeyToken=31bf3856ad364e35".
   5:6>ResolveAssemblyReferences:
             Reference found at search path location "{RawFileName}".
   3:6>ResolveAssemblyReferences:
             Resolved file path is "C:\Program Files\dotnet\packs\Microsoft.WindowsDesktop.App.Ref\10.0.3\ref\net10.0\PresentationFramework.AeroLite.dll".
             Reference found at search path location "{RawFileName}".
   5:6>ResolveAssemblyReferences:
             This reference is not "CopyLocal" because at least one source item had "Private" set to "false" and no source items had "Private" set to "true".
         Primary reference "System.Security.Cryptography.Pkcs, Version=10.0.0.0, Culture=neutral, PublicKeyToken=b03f5f7f11d50a3a".
   3:6>ResolveAssemblyReferences:
             This reference is not "CopyLocal" because at least one source item had "Private" set to "false" and no source items had "Private" set to "true".
   5:6>ResolveAssemblyReferences:
             Resolved file path is "C:\Program Files\dotnet\packs\Microsoft.WindowsDesktop.App.Ref\10.0.3\ref\net10.0\System.Security.Cryptography.Pkcs.dll".
   3:6>ResolveAssemblyReferences:
         Primary reference "PresentationFramework.Classic, Version=10.0.0.0, Culture=neutral, PublicKeyToken=31bf3856ad364e35".
   5:6>ResolveAssemblyReferences:
             Reference found at search path location "{RawFileName}".
             This reference is not "CopyLocal" because at least one source item had "Private" set to "false" and no source items had "Private" set to "true".
   3:6>ResolveAssemblyReferences:
             Resolved file path is "C:\Program Files\dotnet\packs\Microsoft.WindowsDesktop.App.Ref\10.0.3\ref\net10.0\PresentationFramework.Classic.dll".
   5:6>ResolveAssemblyReferences:
         Primary reference "System.Security.Cryptography.ProtectedData, Version=10.0.0.0, Culture=neutral, PublicKeyToken=b03f5f7f11d50a3a".
             Resolved file path is "C:\Program Files\dotnet\packs\Microsoft.WindowsDesktop.App.Ref\10.0.3\ref\net10.0\System.Security.Cryptography.ProtectedData.dll".
   3:6>ResolveAssemblyReferences:
             Reference found at search path location "{RawFileName}".
   5:6>ResolveAssemblyReferences:
             Reference found at search path location "{RawFileName}".
             This reference is not "CopyLocal" because at least one source item had "Private" set to "false" and no source items had "Private" set to "true".
         Primary reference "System.Security.Cryptography.Xml, Version=10.0.0.0, Culture=neutral, PublicKeyToken=cc7b13ffcd2ddd51".
   3:6>ResolveAssemblyReferences:
             This reference is not "CopyLocal" because at least one source item had "Private" set to "false" and no source items had "Private" set to "true".
   5:6>ResolveAssemblyReferences:
             Resolved file path is "C:\Program Files\dotnet\packs\Microsoft.WindowsDesktop.App.Ref\10.0.3\ref\net10.0\System.Security.Cryptography.Xml.dll".
             Reference found at search path location "{RawFileName}".
             This reference is not "CopyLocal" because at least one source item had "Private" set to "false" and no source items had "Private" set to "true".
         Primary reference "System.Security.Permissions, Version=10.0.0.0, Culture=neutral, PublicKeyToken=cc7b13ffcd2ddd51".
   3:6>ResolveAssemblyReferences:
         Primary reference "PresentationFramework.Luna, Version=10.0.0.0, Culture=neutral, PublicKeyToken=31bf3856ad364e35".
   5:6>ResolveAssemblyReferences:
             Resolved file path is "C:\Program Files\dotnet\packs\Microsoft.WindowsDesktop.App.Ref\10.0.3\ref\net10.0\System.Security.Permissions.dll".
             Reference found at search path location "{RawFileName}".
   3:6>ResolveAssemblyReferences:
             Resolved file path is "C:\Program Files\dotnet\packs\Microsoft.WindowsDesktop.App.Ref\10.0.3\ref\net10.0\PresentationFramework.Luna.dll".
   5:6>ResolveAssemblyReferences:
             This reference is not "CopyLocal" because at least one source item had "Private" set to "false" and no source items had "Private" set to "true".
   3:6>ResolveAssemblyReferences:
             Reference found at search path location "{RawFileName}".
   5:6>ResolveAssemblyReferences:
         Primary reference "System.Windows.Controls.Ribbon, Version=10.0.0.0, Culture=neutral, PublicKeyToken=b77a5c561934e089".
   3:6>ResolveAssemblyReferences:
             This reference is not "CopyLocal" because at least one source item had "Private" set to "false" and no source items had "Private" set to "true".
   5:6>ResolveAssemblyReferences:
             Resolved file path is "C:\Program Files\dotnet\packs\Microsoft.WindowsDesktop.App.Ref\10.0.3\ref\net10.0\System.Windows.Controls.Ribbon.dll".
   3:6>ResolveAssemblyReferences:
         Primary reference "PresentationFramework.Royale, Version=10.0.0.0, Culture=neutral, PublicKeyToken=31bf3856ad364e35".
   5:6>ResolveAssemblyReferences:
             Reference found at search path location "{RawFileName}".
   3:6>ResolveAssemblyReferences:
             Resolved file path is "C:\Program Files\dotnet\packs\Microsoft.WindowsDesktop.App.Ref\10.0.3\ref\net10.0\PresentationFramework.Royale.dll".
   5:6>ResolveAssemblyReferences:
             This reference is not "CopyLocal" because at least one source item had "Private" set to "false" and no source items had "Private" set to "true".
   3:6>ResolveAssemblyReferences:
             Reference found at search path location "{RawFileName}".
   5:6>ResolveAssemblyReferences:
         Primary reference "System.Windows.Extensions, Version=10.0.0.0, Culture=neutral, PublicKeyToken=cc7b13ffcd2ddd51".
             Resolved file path is "C:\Program Files\dotnet\packs\Microsoft.WindowsDesktop.App.Ref\10.0.3\ref\net10.0\System.Windows.Extensions.dll".
             Reference found at search path location "{RawFileName}".
   3:6>ResolveAssemblyReferences:
             This reference is not "CopyLocal" because at least one source item had "Private" set to "false" and no source items had "Private" set to "true".
   5:6>ResolveAssemblyReferences:
             This reference is not "CopyLocal" because at least one source item had "Private" set to "false" and no source items had "Private" set to "true".
         Primary reference "System.Windows.Input.Manipulations, Version=10.0.0.0, Culture=neutral, PublicKeyToken=b77a5c561934e089".
   3:6>ResolveAssemblyReferences:
         Primary reference "PresentationFramework, Version=10.0.0.0, Culture=neutral, PublicKeyToken=31bf3856ad364e35".
   5:6>ResolveAssemblyReferences:
             Resolved file path is "C:\Program Files\dotnet\packs\Microsoft.WindowsDesktop.App.Ref\10.0.3\ref\net10.0\System.Windows.Input.Manipulations.dll".
   3:6>ResolveAssemblyReferences:
             Resolved file path is "C:\Program Files\dotnet\packs\Microsoft.WindowsDesktop.App.Ref\10.0.3\ref\net10.0\PresentationFramework.dll".
   5:6>ResolveAssemblyReferences:
             Reference found at search path location "{RawFileName}".
   3:6>ResolveAssemblyReferences:
             Reference found at search path location "{RawFileName}".
   5:6>ResolveAssemblyReferences:
             This reference is not "CopyLocal" because at least one source item had "Private" set to "false" and no source items had "Private" set to "true".
         Primary reference "System.Windows.Presentation, Version=10.0.0.0, Culture=neutral, PublicKeyToken=b77a5c561934e089".
             Resolved file path is "C:\Program Files\dotnet\packs\Microsoft.WindowsDesktop.App.Ref\10.0.3\ref\net10.0\System.Windows.Presentation.dll".
   3:6>ResolveAssemblyReferences:
             This reference is not "CopyLocal" because at least one source item had "Private" set to "false" and no source items had "Private" set to "true".
   5:6>ResolveAssemblyReferences:
             Reference found at search path location "{RawFileName}".
   3:6>ResolveAssemblyReferences:
         Primary reference "PresentationUI, Version=10.0.0.0, Culture=neutral, PublicKeyToken=b77a5c561934e089".
   5:6>ResolveAssemblyReferences:
             This reference is not "CopyLocal" because at least one source item had "Private" set to "false" and no source items had "Private" set to "true".
   3:6>ResolveAssemblyReferences:
             Resolved file path is "C:\Program Files\dotnet\packs\Microsoft.WindowsDesktop.App.Ref\10.0.3\ref\net10.0\PresentationUI.dll".
   5:6>ResolveAssemblyReferences:
         Primary reference "System.Windows.Primitives, Version=10.0.0.0, Culture=neutral, PublicKeyToken=31bf3856ad364e35".
             Resolved file path is "C:\Program Files\dotnet\packs\Microsoft.WindowsDesktop.App.Ref\10.0.3\ref\net10.0\System.Windows.Primitives.dll".
   3:6>ResolveAssemblyReferences:
             Reference found at search path location "{RawFileName}".
   5:6>ResolveAssemblyReferences:
             Reference found at search path location "{RawFileName}".
   3:6>ResolveAssemblyReferences:
             This reference is not "CopyLocal" because at least one source item had "Private" set to "false" and no source items had "Private" set to "true".
         Primary reference "ReachFramework, Version=10.0.0.0, Culture=neutral, PublicKeyToken=31bf3856ad364e35".
   5:6>ResolveAssemblyReferences:
             This reference is not "CopyLocal" because at least one source item had "Private" set to "false" and no source items had "Private" set to "true".
   3:6>ResolveAssemblyReferences:
             Resolved file path is "C:\Program Files\dotnet\packs\Microsoft.WindowsDesktop.App.Ref\10.0.3\ref\net10.0\ReachFramework.dll".
   5:6>ResolveAssemblyReferences:
         Primary reference "System.Xaml, Version=10.0.0.0, Culture=neutral, PublicKeyToken=b77a5c561934e089".
   3:6>ResolveAssemblyReferences:
             Reference found at search path location "{RawFileName}".
   5:6>ResolveAssemblyReferences:
             Resolved file path is "C:\Program Files\dotnet\packs\Microsoft.WindowsDesktop.App.Ref\10.0.3\ref\net10.0\System.Xaml.dll".
   3:6>ResolveAssemblyReferences:
             This reference is not "CopyLocal" because at least one source item had "Private" set to "false" and no source items had "Private" set to "true".
   6:6>ResolveAssemblyReferences:
                 Private = 'false'
   3:6>ResolveAssemblyReferences:
         Primary reference "System.CodeDom, Version=10.0.0.0, Culture=neutral, PublicKeyToken=cc7b13ffcd2ddd51".
             Resolved file path is "C:\Program Files\dotnet\packs\Microsoft.WindowsDesktop.App.Ref\10.0.3\ref\net10.0\System.CodeDom.dll".
   5:6>ResolveAssemblyReferences:
             Reference found at search path location "{RawFileName}".
   3:6>ResolveAssemblyReferences:
             Reference found at search path location "{RawFileName}".
   5:6>ResolveAssemblyReferences:
             This reference is not "CopyLocal" because at least one source item had "Private" set to "false" and no source items had "Private" set to "true".
   3:6>ResolveAssemblyReferences:
             This reference is not "CopyLocal" because at least one source item had "Private" set to "false" and no source items had "Private" set to "true".
   5:6>ResolveAssemblyReferences:
         Primary reference "UIAutomationClient, Version=10.0.0.0, Culture=neutral, PublicKeyToken=31bf3856ad364e35".
   3:6>ResolveAssemblyReferences:
         Primary reference "System.Configuration.ConfigurationManager, Version=10.0.0.0, Culture=neutral, PublicKeyToken=cc7b13ffcd2ddd51".
   5:6>ResolveAssemblyReferences:
             Resolved file path is "C:\Program Files\dotnet\packs\Microsoft.WindowsDesktop.App.Ref\10.0.3\ref\net10.0\UIAutomationClient.dll".
   6:6>ResolveAssemblyReferences:
             C:\Program Files\dotnet\packs\Microsoft.AspNetCore.App.Ref\10.0.3\ref/net10.0/Microsoft.Extensions.Localization.dll
   3:6>ResolveAssemblyReferences:
             Resolved file path is "C:\Program Files\dotnet\packs\Microsoft.WindowsDesktop.App.Ref\10.0.3\ref\net10.0\System.Configuration.ConfigurationManager.dll".
   5:6>ResolveAssemblyReferences:
             Reference found at search path location "{RawFileName}".
             This reference is not "CopyLocal" because at least one source item had "Private" set to "false" and no source items had "Private" set to "true".
         Primary reference "UIAutomationClientSideProviders, Version=10.0.0.0, Culture=neutral, PublicKeyToken=b77a5c561934e089".
   3:6>ResolveAssemblyReferences:
             Reference found at search path location "{RawFileName}".
   5:6>ResolveAssemblyReferences:
             Resolved file path is "C:\Program Files\dotnet\packs\Microsoft.WindowsDesktop.App.Ref\10.0.3\ref\net10.0\UIAutomationClientSideProviders.dll".
             Reference found at search path location "{RawFileName}".
   3:6>ResolveAssemblyReferences:
             This reference is not "CopyLocal" because at least one source item had "Private" set to "false" and no source items had "Private" set to "true".
   5:6>ResolveAssemblyReferences:
             This reference is not "CopyLocal" because at least one source item had "Private" set to "false" and no source items had "Private" set to "true".
         Primary reference "UIAutomationProvider, Version=10.0.0.0, Culture=neutral, PublicKeyToken=31bf3856ad364e35".
             Resolved file path is "C:\Program Files\dotnet\packs\Microsoft.WindowsDesktop.App.Ref\10.0.3\ref\net10.0\UIAutomationProvider.dll".
             Reference found at search path location "{RawFileName}".
   3:6>ResolveAssemblyReferences:
         Primary reference "System.Diagnostics.EventLog, Version=10.0.0.0, Culture=neutral, PublicKeyToken=cc7b13ffcd2ddd51".
   5:6>ResolveAssemblyReferences:
             This reference is not "CopyLocal" because at least one source item had "Private" set to "false" and no source items had "Private" set to "true".
         Primary reference "UIAutomationTypes, Version=10.0.0.0, Culture=neutral, PublicKeyToken=31bf3856ad364e35".
   3:6>ResolveAssemblyReferences:
             Resolved file path is "C:\Program Files\dotnet\packs\Microsoft.WindowsDesktop.App.Ref\10.0.3\ref\net10.0\System.Diagnostics.EventLog.dll".
             Reference found at search path location "{RawFileName}".
   5:6>ResolveAssemblyReferences:
             Resolved file path is "C:\Program Files\dotnet\packs\Microsoft.WindowsDesktop.App.Ref\10.0.3\ref\net10.0\UIAutomationTypes.dll".
   3:6>ResolveAssemblyReferences:
             This reference is not "CopyLocal" because at least one source item had "Private" set to "false" and no source items had "Private" set to "true".
   5:6>ResolveAssemblyReferences:
             Reference found at search path location "{RawFileName}".
   3:6>ResolveAssemblyReferences:
         Primary reference "System.Diagnostics.PerformanceCounter, Version=10.0.0.0, Culture=neutral, PublicKeyToken=cc7b13ffcd2ddd51".
   5:6>ResolveAssemblyReferences:
             This reference is not "CopyLocal" because at least one source item had "Private" set to "false" and no source items had "Private" set to "true".
         Unified primary reference "WindowsBase, Version=10.0.0.0, Culture=neutral, PublicKeyToken=31bf3856ad364e35".
   3:6>ResolveAssemblyReferences:
             Resolved file path is "C:\Program Files\dotnet\packs\Microsoft.WindowsDesktop.App.Ref\10.0.3\ref\net10.0\System.Diagnostics.PerformanceCounter.dll".
   5:6>ResolveAssemblyReferences:
             Using this version instead of original version "5.0.0.0" in "C:\Users\krish.maniar.ATPL-LAP-723\.nuget\packages\microsoft.web.webview2\1.0.3800.47\lib_manual\net5.0-windows10.0.17763.0\Microsoft.Web.WebView2.Wpf.dll" because AutoUnify is 'true'.
   3:6>ResolveAssemblyReferences:
             Reference found at search path location "{RawFileName}".
   5:6>ResolveAssemblyReferences:
             Resolved file path is "C:\Program Files\dotnet\packs\Microsoft.WindowsDesktop.App.Ref\10.0.3\ref\net10.0\WindowsBase.dll".
             Reference found at search path location "{RawFileName}".
   3:6>ResolveAssemblyReferences:
             This reference is not "CopyLocal" because at least one source item had "Private" set to "false" and no source items had "Private" set to "true".
         Primary reference "System.DirectoryServices, Version=10.0.0.0, Culture=neutral, PublicKeyToken=b03f5f7f11d50a3a".
   5:6>ResolveAssemblyReferences:
             This reference is not "CopyLocal" because at least one source item had "Private" set to "false" and no source items had "Private" set to "true".
   3:6>ResolveAssemblyReferences:
             Resolved file path is "C:\Program Files\dotnet\packs\Microsoft.WindowsDesktop.App.Ref\10.0.3\ref\net10.0\System.DirectoryServices.dll".
   5:6>ResolveAssemblyReferences:
         Primary reference "Microsoft.VisualBasic.Forms, Version=10.0.0.0, Culture=neutral, PublicKeyToken=b03f5f7f11d50a3a".
             Resolved file path is "C:\Program Files\dotnet\packs\Microsoft.WindowsDesktop.App.Ref\10.0.3\ref\net10.0\Microsoft.VisualBasic.Forms.dll".
   3:6>ResolveAssemblyReferences:
             Reference found at search path location "{RawFileName}".
   5:6>ResolveAssemblyReferences:
             Reference found at search path location "{RawFileName}".
   3:6>ResolveAssemblyReferences:
             This reference is not "CopyLocal" because at least one source item had "Private" set to "false" and no source items had "Private" set to "true".
   5:6>ResolveAssemblyReferences:
             This reference is not "CopyLocal" because at least one source item had "Private" set to "false" and no source items had "Private" set to "true".
   3:6>ResolveAssemblyReferences:
         Primary reference "System.Drawing.Common, Version=10.0.0.0, Culture=neutral, PublicKeyToken=cc7b13ffcd2ddd51".
   5:6>ResolveAssemblyReferences:
         Primary reference "Microsoft.VisualBasic, Version=10.1.0.0, Culture=neutral, PublicKeyToken=b03f5f7f11d50a3a".
   3:6>ResolveAssemblyReferences:
             Resolved file path is "C:\Program Files\dotnet\packs\Microsoft.WindowsDesktop.App.Ref\10.0.3\ref\net10.0\System.Drawing.Common.dll".
   5:6>ResolveAssemblyReferences:
             Resolved file path is "C:\Program Files\dotnet\packs\Microsoft.WindowsDesktop.App.Ref\10.0.3\ref\net10.0\Microsoft.VisualBasic.dll".
   3:6>ResolveAssemblyReferences:
             Reference found at search path location "{RawFileName}".
   5:6>ResolveAssemblyReferences:
             Reference found at search path location "{RawFileName}".
   3:6>ResolveAssemblyReferences:
             This reference is not "CopyLocal" because at least one source item had "Private" set to "false" and no source items had "Private" set to "true".
   5:6>ResolveAssemblyReferences:
             This reference is not "CopyLocal" because at least one source item had "Private" set to "false" and no source items had "Private" set to "true".
   3:6>ResolveAssemblyReferences:
         Primary reference "System.Formats.Nrbf, Version=10.0.0.0, Culture=neutral, PublicKeyToken=cc7b13ffcd2ddd51".
   5:6>ResolveAssemblyReferences:
         Primary reference "System.Design, Version=10.0.0.0, Culture=neutral, PublicKeyToken=b03f5f7f11d50a3a".
   3:6>ResolveAssemblyReferences:
             Resolved file path is "C:\Program Files\dotnet\packs\Microsoft.WindowsDesktop.App.Ref\10.0.3\ref\net10.0\System.Formats.Nrbf.dll".
   6:6>ResolveAssemblyReferences:
                 Private = 'false'
   5:6>ResolveAssemblyReferences:
             Resolved file path is "C:\Program Files\dotnet\packs\Microsoft.WindowsDesktop.App.Ref\10.0.3\ref\net10.0\System.Design.dll".
   3:6>ResolveAssemblyReferences:
             Reference found at search path location "{RawFileName}".
   5:6>ResolveAssemblyReferences:
             Reference found at search path location "{RawFileName}".
             This reference is not "CopyLocal" because at least one source item had "Private" set to "false" and no source items had "Private" set to "true".
   3:6>ResolveAssemblyReferences:
             This reference is not "CopyLocal" because at least one source item had "Private" set to "false" and no source items had "Private" set to "true".
   5:6>ResolveAssemblyReferences:
         Primary reference "System.Drawing.Design, Version=10.0.0.0, Culture=neutral, PublicKeyToken=b03f5f7f11d50a3a".
   3:6>ResolveAssemblyReferences:
         Primary reference "System.IO.Packaging, Version=10.0.0.0, Culture=neutral, PublicKeyToken=b03f5f7f11d50a3a".
   5:6>ResolveAssemblyReferences:
             Resolved file path is "C:\Program Files\dotnet\packs\Microsoft.WindowsDesktop.App.Ref\10.0.3\ref\net10.0\System.Drawing.Design.dll".
   3:6>ResolveAssemblyReferences:
             Resolved file path is "C:\Program Files\dotnet\packs\Microsoft.WindowsDesktop.App.Ref\10.0.3\ref\net10.0\System.IO.Packaging.dll".
   5:6>ResolveAssemblyReferences:
             Reference found at search path location "{RawFileName}".
   6:6>ResolveAssemblyReferences:
             C:\Program Files\dotnet\packs\Microsoft.AspNetCore.App.Ref\10.0.3\ref/net10.0/Microsoft.Extensions.Logging.Abstractions.dll
   5:6>ResolveAssemblyReferences:
             This reference is not "CopyLocal" because at least one source item had "Private" set to "false" and no source items had "Private" set to "true".
   3:6>ResolveAssemblyReferences:
             Reference found at search path location "{RawFileName}".
   5:6>ResolveAssemblyReferences:
         Unified primary reference "System.Drawing, Version=10.0.0.0, Culture=neutral, PublicKeyToken=b03f5f7f11d50a3a".
   3:6>ResolveAssemblyReferences:
             This reference is not "CopyLocal" because at least one source item had "Private" set to "false" and no source items had "Private" set to "true".
   6:6>ResolveAssemblyReferences:
                 Private = 'false'
   5:6>ResolveAssemblyReferences:
             Using this version instead of original version "4.0.0.0" in "C:\Users\krish.maniar.ATPL-LAP-723\.nuget\packages\microsoft.web.webview2\1.0.3800.47\lib_manual\netcoreapp3.0\Microsoft.Web.WebView2.Core.dll" because AutoUnify is 'true'.
             Resolved file path is "C:\Program Files\dotnet\packs\Microsoft.WindowsDesktop.App.Ref\10.0.3\ref\net10.0\System.Drawing.dll".
   3:6>ResolveAssemblyReferences:
         Primary reference "System.Printing, Version=10.0.0.0, Culture=neutral, PublicKeyToken=31bf3856ad364e35".
   5:6>ResolveAssemblyReferences:
             Reference found at search path location "{RawFileName}".
   3:6>ResolveAssemblyReferences:
             Resolved file path is "C:\Program Files\dotnet\packs\Microsoft.WindowsDesktop.App.Ref\10.0.3\ref\net10.0\System.Printing.dll".
   5:6>ResolveAssemblyReferences:
             This reference is not "CopyLocal" because at least one source item had "Private" set to "false" and no source items had "Private" set to "true".
   3:6>ResolveAssemblyReferences:
             Reference found at search path location "{RawFileName}".
   5:6>ResolveAssemblyReferences:
         Primary reference "System.Windows.Forms.Design.Editors, Version=10.0.0.0, Culture=neutral, PublicKeyToken=b03f5f7f11d50a3a".
             Resolved file path is "C:\Program Files\dotnet\packs\Microsoft.WindowsDesktop.App.Ref\10.0.3\ref\net10.0\System.Windows.Forms.Design.Editors.dll".
   3:6>ResolveAssemblyReferences:
             This reference is not "CopyLocal" because at least one source item had "Private" set to "false" and no source items had "Private" set to "true".
   5:6>ResolveAssemblyReferences:
             Reference found at search path location "{RawFileName}".
   3:6>ResolveAssemblyReferences:
         Primary reference "System.Private.Windows.Core, Version=10.0.0.0, Culture=neutral, PublicKeyToken=b77a5c561934e089".
   5:6>ResolveAssemblyReferences:
             This reference is not "CopyLocal" because at least one source item had "Private" set to "false" and no source items had "Private" set to "true".
   3:6>ResolveAssemblyReferences:
             Resolved file path is "C:\Program Files\dotnet\packs\Microsoft.WindowsDesktop.App.Ref\10.0.3\ref\net10.0\System.Private.Windows.Core.dll".
   5:6>ResolveAssemblyReferences:
         Primary reference "System.Windows.Forms.Design, Version=10.0.0.0, Culture=neutral, PublicKeyToken=b77a5c561934e089".
             Resolved file path is "C:\Program Files\dotnet\packs\Microsoft.WindowsDesktop.App.Ref\10.0.3\ref\net10.0\System.Windows.Forms.Design.dll".
   3:6>ResolveAssemblyReferences:
             Reference found at search path location "{RawFileName}".
   5:6>ResolveAssemblyReferences:
             Reference found at search path location "{RawFileName}".
   3:6>ResolveAssemblyReferences:
             This reference is not "CopyLocal" because at least one source item had "Private" set to "false" and no source items had "Private" set to "true".
   5:6>ResolveAssemblyReferences:
             This reference is not "CopyLocal" because at least one source item had "Private" set to "false" and no source items had "Private" set to "true".
   3:6>ResolveAssemblyReferences:
         Primary reference "System.Private.Windows.GdiPlus, Version=10.0.0.0, Culture=neutral, PublicKeyToken=b77a5c561934e089".
   5:6>ResolveAssemblyReferences:
         Primary reference "System.Windows.Forms.Primitives, Version=10.0.0.0, Culture=neutral, PublicKeyToken=b77a5c561934e089".
   3:6>ResolveAssemblyReferences:
             Resolved file path is "C:\Program Files\dotnet\packs\Microsoft.WindowsDesktop.App.Ref\10.0.3\ref\net10.0\System.Private.Windows.GdiPlus.dll".
   5:6>ResolveAssemblyReferences:
             Resolved file path is "C:\Program Files\dotnet\packs\Microsoft.WindowsDesktop.App.Ref\10.0.3\ref\net10.0\System.Windows.Forms.Primitives.dll".
   6:6>ResolveAssemblyReferences:
             C:\Program Files\dotnet\packs\Microsoft.AspNetCore.App.Ref\10.0.3\ref/net10.0/Microsoft.Extensions.Logging.Configuration.dll
   3:6>ResolveAssemblyReferences:
             Reference found at search path location "{RawFileName}".
   5:6>ResolveAssemblyReferences:
             Reference found at search path location "{RawFileName}".
             This reference is not "CopyLocal" because at least one source item had "Private" set to "false" and no source items had "Private" set to "true".
   3:6>ResolveAssemblyReferences:
             This reference is not "CopyLocal" because at least one source item had "Private" set to "false" and no source items had "Private" set to "true".
   6:6>ResolveAssemblyReferences:
                 Private = 'false'
   5:6>ResolveAssemblyReferences:
         Unified primary reference "System.Windows.Forms, Version=10.0.0.0, Culture=neutral, PublicKeyToken=b77a5c561934e089".
   3:6>ResolveAssemblyReferences:
         Primary reference "System.Resources.Extensions, Version=10.0.0.0, Culture=neutral, PublicKeyToken=cc7b13ffcd2ddd51".
             Resolved file path is "C:\Program Files\dotnet\packs\Microsoft.WindowsDesktop.App.Ref\10.0.3\ref\net10.0\System.Resources.Extensions.dll".
   5:6>ResolveAssemblyReferences:
             Using this version instead of original version "4.0.0.0" in "C:\Users\krish.maniar.ATPL-LAP-723\.nuget\packages\microsoft.web.webview2\1.0.3800.47\lib_manual\netcoreapp3.0\Microsoft.Web.WebView2.WinForms.dll" because AutoUnify is 'true'.
   3:6>ResolveAssemblyReferences:
             Reference found at search path location "{RawFileName}".
   5:6>ResolveAssemblyReferences:
             Resolved file path is "C:\Program Files\dotnet\packs\Microsoft.WindowsDesktop.App.Ref\10.0.3\ref\net10.0\System.Windows.Forms.dll".
   6:6>ResolveAssemblyReferences:
             C:\Program Files\dotnet\packs\Microsoft.AspNetCore.App.Ref\10.0.3\ref/net10.0/Microsoft.Extensions.Logging.Console.dll
   5:6>ResolveAssemblyReferences:
             Reference found at search path location "{RawFileName}".
             This reference is not "CopyLocal" because at least one source item had "Private" set to "false" and no source items had "Private" set to "true".
         Primary reference "WindowsFormsIntegration, Version=10.0.0.0, Culture=neutral, PublicKeyToken=31bf3856ad364e35".
             Resolved file path is "C:\Program Files\dotnet\packs\Microsoft.WindowsDesktop.App.Ref\10.0.3\ref\net10.0\WindowsFormsIntegration.dll".
             Reference found at search path location "{RawFileName}".
             This reference is not "CopyLocal" because at least one source item had "Private" set to "false" and no source items had "Private" set to "true".
         Dependency "Microsoft.Windows.SDK.NET, Version=10.0.17763.10, Culture=neutral, PublicKeyToken=31bf3856ad364e35".
             Could not resolve this reference. Could not locate the assembly "Microsoft.Windows.SDK.NET, Version=10.0.17763.10, Culture=neutral, PublicKeyToken=31bf3856ad364e35". Check to make sure the assembly exists on disk. If this reference is required by your code, you may get compilation errors.
   3:6>ResolveAssemblyReferences:
             This reference is not "CopyLocal" because at least one source item had "Private" set to "false" and no source items had "Private" set to "true".
   5:6>ResolveAssemblyReferences:
                 For SearchPath "C:\Users\krish.maniar.ATPL-LAP-723\.nuget\packages\microsoft.web.webview2\1.0.3800.47\lib_manual\net5.0-windows10.0.17763.0" (added by referencing assembly "C:\Users\krish.maniar.ATPL-LAP-723\.nuget\packages\microsoft.web.webview2\1.0.3800.47\lib_manual\net5.0-windows10.0.17763.0\Microsoft.Web.WebView2.Wpf.dll").
   3:6>ResolveAssemblyReferences:
         Primary reference "System.Security.Cryptography.Pkcs, Version=10.0.0.0, Culture=neutral, PublicKeyToken=b03f5f7f11d50a3a".
   5:6>ResolveAssemblyReferences:
                 Considered "C:\Users\krish.maniar.ATPL-LAP-723\.nuget\packages\microsoft.web.webview2\1.0.3800.47\lib_manual\net5.0-windows10.0.17763.0\Microsoft.Windows.SDK.NET.winmd", but it didn't exist.
                 Considered "C:\Users\krish.maniar.ATPL-LAP-723\.nuget\packages\microsoft.web.webview2\1.0.3800.47\lib_manual\net5.0-windows10.0.17763.0\Microsoft.Windows.SDK.NET.dll", but it didn't exist.
   3:6>ResolveAssemblyReferences:
             Resolved file path is "C:\Program Files\dotnet\packs\Microsoft.WindowsDesktop.App.Ref\10.0.3\ref\net10.0\System.Security.Cryptography.Pkcs.dll".
             Reference found at search path location "{RawFileName}".
   5:6>ResolveAssemblyReferences:
                 Considered "C:\Users\krish.maniar.ATPL-LAP-723\.nuget\packages\microsoft.web.webview2\1.0.3800.47\lib_manual\net5.0-windows10.0.17763.0\Microsoft.Windows.SDK.NET.exe", but it didn't exist.
   3:6>ResolveAssemblyReferences:
             This reference is not "CopyLocal" because at least one source item had "Private" set to "false" and no source items had "Private" set to "true".
   5:6>ResolveAssemblyReferences:
                 For SearchPath "{CandidateAssemblyFiles}".
                 Considered "C:\Users\krish.maniar.ATPL-LAP-723\.nuget\packages\microsoft.web.webview2\1.0.3800.47\build\\..\runtimes\win-x64\native\WebView2Loader.dll",
         			but its name "WebView2Loader"
         			didn't match the expected name "Microsoft.Windows.SDK.NET, Version=10.0.17763.10, Culture=neutral, PublicKeyToken=31bf3856ad364e35".
   3:6>ResolveAssemblyReferences:
         Primary reference "System.Security.Cryptography.ProtectedData, Version=10.0.0.0, Culture=neutral, PublicKeyToken=b03f5f7f11d50a3a".
   5:6>ResolveAssemblyReferences:
                 Considered "SetUp\Output\TicketConsolidatorSetup.exe",
         			but its name "TicketConsolidatorSetup"
         			didn't match the expected name "Microsoft.Windows.SDK.NET, Version=10.0.17763.10, Culture=neutral, PublicKeyToken=31bf3856ad364e35".
   3:6>ResolveAssemblyReferences:
             Resolved file path is "C:\Program Files\dotnet\packs\Microsoft.WindowsDesktop.App.Ref\10.0.3\ref\net10.0\System.Security.Cryptography.ProtectedData.dll".
   5:6>ResolveAssemblyReferences:
             Required by "C:\Users\krish.maniar.ATPL-LAP-723\.nuget\packages\microsoft.web.webview2\1.0.3800.47\buildTransitive\..\\lib_manual\net5.0-windows10.0.17763.0\Microsoft.Web.WebView2.Wpf.dll".
   3:6>ResolveAssemblyReferences:
             Reference found at search path location "{RawFileName}".
   5:6>ResolveAssemblyReferences:
         Dependency "WinRT.Runtime, Version=1.6.0.0, Culture=neutral, PublicKeyToken=99ea127f02d97709".
   3:6>ResolveAssemblyReferences:
             This reference is not "CopyLocal" because at least one source item had "Private" set to "false" and no source items had "Private" set to "true".
   5:6>ResolveAssemblyReferences:
             Could not resolve this reference. Could not locate the assembly "WinRT.Runtime, Version=1.6.0.0, Culture=neutral, PublicKeyToken=99ea127f02d97709". Check to make sure the assembly exists on disk. If this reference is required by your code, you may get compilation errors.
   3:6>ResolveAssemblyReferences:
         Primary reference "System.Security.Cryptography.Xml, Version=10.0.0.0, Culture=neutral, PublicKeyToken=cc7b13ffcd2ddd51".
   5:6>ResolveAssemblyReferences:
                 For SearchPath "C:\Users\krish.maniar.ATPL-LAP-723\.nuget\packages\microsoft.web.webview2\1.0.3800.47\lib_manual\net5.0-windows10.0.17763.0" (added by referencing assembly "C:\Users\krish.maniar.ATPL-LAP-723\.nuget\packages\microsoft.web.webview2\1.0.3800.47\lib_manual\net5.0-windows10.0.17763.0\Microsoft.Web.WebView2.Wpf.dll").
   3:6>ResolveAssemblyReferences:
             Resolved file path is "C:\Program Files\dotnet\packs\Microsoft.WindowsDesktop.App.Ref\10.0.3\ref\net10.0\System.Security.Cryptography.Xml.dll".
             Reference found at search path location "{RawFileName}".
   5:6>ResolveAssemblyReferences:
                 Considered "C:\Users\krish.maniar.ATPL-LAP-723\.nuget\packages\microsoft.web.webview2\1.0.3800.47\lib_manual\net5.0-windows10.0.17763.0\WinRT.Runtime.winmd", but it didn't exist.
                 Considered "C:\Users\krish.maniar.ATPL-LAP-723\.nuget\packages\microsoft.web.webview2\1.0.3800.47\lib_manual\net5.0-windows10.0.17763.0\WinRT.Runtime.dll", but it didn't exist.
   3:6>ResolveAssemblyReferences:
             This reference is not "CopyLocal" because at least one source item had "Private" set to "false" and no source items had "Private" set to "true".
         Primary reference "System.Security.Permissions, Version=10.0.0.0, Culture=neutral, PublicKeyToken=cc7b13ffcd2ddd51".
   5:6>ResolveAssemblyReferences:
                 Considered "C:\Users\krish.maniar.ATPL-LAP-723\.nuget\packages\microsoft.web.webview2\1.0.3800.47\lib_manual\net5.0-windows10.0.17763.0\WinRT.Runtime.exe", but it didn't exist.
   3:6>ResolveAssemblyReferences:
             Resolved file path is "C:\Program Files\dotnet\packs\Microsoft.WindowsDesktop.App.Ref\10.0.3\ref\net10.0\System.Security.Permissions.dll".
             Reference found at search path location "{RawFileName}".
   5:6>ResolveAssemblyReferences:
                 For SearchPath "{CandidateAssemblyFiles}".
   3:6>ResolveAssemblyReferences:
             This reference is not "CopyLocal" because at least one source item had "Private" set to "false" and no source items had "Private" set to "true".
   5:6>ResolveAssemblyReferences:
                 Considered "C:\Users\krish.maniar.ATPL-LAP-723\.nuget\packages\microsoft.web.webview2\1.0.3800.47\build\\..\runtimes\win-x64\native\WebView2Loader.dll",
         			but its name "WebView2Loader"
         			didn't match the expected name "WinRT.Runtime, Version=1.6.0.0, Culture=neutral, PublicKeyToken=99ea127f02d97709".
   3:6>ResolveAssemblyReferences:
         Primary reference "System.Windows.Controls.Ribbon, Version=10.0.0.0, Culture=neutral, PublicKeyToken=b77a5c561934e089".
   5:6>ResolveAssemblyReferences:
                 Considered "SetUp\Output\TicketConsolidatorSetup.exe",
         			but its name "TicketConsolidatorSetup"
         			didn't match the expected name "WinRT.Runtime, Version=1.6.0.0, Culture=neutral, PublicKeyToken=99ea127f02d97709".
             Required by "C:\Users\krish.maniar.ATPL-LAP-723\.nuget\packages\microsoft.web.webview2\1.0.3800.47\buildTransitive\..\\lib_manual\net5.0-windows10.0.17763.0\Microsoft.Web.WebView2.Wpf.dll".
   3:6>ResolveAssemblyReferences:
             Resolved file path is "C:\Program Files\dotnet\packs\Microsoft.WindowsDesktop.App.Ref\10.0.3\ref\net10.0\System.Windows.Controls.Ribbon.dll".
   6:6>ResolveAssemblyReferences:
                 Private = 'false'
   5:6>Done executing task "ResolveAssemblyReference".
   3:6>ResolveAssemblyReferences:
             Reference found at search path location "{RawFileName}".
             This reference is not "CopyLocal" because at least one source item had "Private" set to "false" and no source items had "Private" set to "true".
   5:6>Done building target "ResolveAssemblyReferences" in project "TicketConsolidator.UI.csproj".
   3:6>ResolveAssemblyReferences:
         Primary reference "System.Windows.Extensions, Version=10.0.0.0, Culture=neutral, PublicKeyToken=cc7b13ffcd2ddd51".
   5:6>Target "AfterResolveReferences" in file "C:\Program Files\dotnet\sdk\10.0.103\Microsoft.Common.CurrentVersion.targets" from project "c:\Apps\TicketConsolidator\src\TicketConsolidator.UI\TicketConsolidator.UI.csproj" (target "ResolveReferences" depends on it):
   5:6>Done building target "AfterResolveReferences" in project "TicketConsolidator.UI.csproj".
   3:6>ResolveAssemblyReferences:
             Resolved file path is "C:\Program Files\dotnet\packs\Microsoft.WindowsDesktop.App.Ref\10.0.3\ref\net10.0\System.Windows.Extensions.dll".
             Reference found at search path location "{RawFileName}".
             This reference is not "CopyLocal" because at least one source item had "Private" set to "false" and no source items had "Private" set to "true".
   5:6>Target "ResolveReferences" in file "C:\Program Files\dotnet\sdk\10.0.103\Microsoft.Common.CurrentVersion.targets" from project "c:\Apps\TicketConsolidator\src\TicketConsolidator.UI\TicketConsolidator.UI.csproj" (target "_BlockWinMDsOnUnsupportedTFMs" depends on it):
   5:6>Done building target "ResolveReferences" in project "TicketConsolidator.UI.csproj".
   3:6>ResolveAssemblyReferences:
         Primary reference "System.Windows.Input.Manipulations, Version=10.0.0.0, Culture=neutral, PublicKeyToken=b77a5c561934e089".
             Resolved file path is "C:\Program Files\dotnet\packs\Microsoft.WindowsDesktop.App.Ref\10.0.3\ref\net10.0\System.Windows.Input.Manipulations.dll".
   5:6>Target "_BlockWinMDsOnUnsupportedTFMs" in file "C:\Program Files\dotnet\sdk\10.0.103\Sdks\Microsoft.NET.Sdk\targets\Microsoft.NET.Sdk.targets" from project "c:\Apps\TicketConsolidator\src\TicketConsolidator.UI\TicketConsolidator.UI.csproj" (target "CoreBuild" depends on it):
   5:6>Using "CheckForUnsupportedWinMDReferences" task from assembly "C:\Program Files\dotnet\sdk\10.0.103\Sdks\Microsoft.NET.Sdk\targets\..\tools\net10.0\Microsoft.NET.Build.Tasks.dll".
   3:6>ResolveAssemblyReferences:
             Reference found at search path location "{RawFileName}".
   5:6>Task "CheckForUnsupportedWinMDReferences"
   3:6>ResolveAssemblyReferences:
             This reference is not "CopyLocal" because at least one source item had "Private" set to "false" and no source items had "Private" set to "true".
   5:6>Done executing task "CheckForUnsupportedWinMDReferences".
   3:6>ResolveAssemblyReferences:
         Primary reference "System.Windows.Presentation, Version=10.0.0.0, Culture=neutral, PublicKeyToken=b77a5c561934e089".
   5:6>Done building target "_BlockWinMDsOnUnsupportedTFMs" in project "TicketConsolidator.UI.csproj".
   3:6>ResolveAssemblyReferences:
             Resolved file path is "C:\Program Files\dotnet\packs\Microsoft.WindowsDesktop.App.Ref\10.0.3\ref\net10.0\System.Windows.Presentation.dll".
   5:6>Target "ResolveReferences" skipped. Previously built successfully.
   3:6>ResolveAssemblyReferences:
             Reference found at search path location "{RawFileName}".
             This reference is not "CopyLocal" because at least one source item had "Private" set to "false" and no source items had "Private" set to "true".
         Primary reference "System.Windows.Primitives, Version=10.0.0.0, Culture=neutral, PublicKeyToken=31bf3856ad364e35".
   5:6>Target "MarkupCompilePass1" in file "C:\Program Files\dotnet\sdk\10.0.103\Sdks\Microsoft.NET.Sdk.WindowsDesktop\targets\Microsoft.WinFX.targets" from project "c:\Apps\TicketConsolidator\src\TicketConsolidator.UI\TicketConsolidator.UI.csproj" (target "PrepareResources" depends on it):
   5:6>Assembly loaded during TaskRun: PresentationBuildTasks, Version=10.0.3.0, Culture=neutral, PublicKeyToken=31bf3856ad364e35 (location: C:\Program Files\dotnet\sdk\10.0.103\Sdks\Microsoft.NET.Sdk.WindowsDesktop\tools\net10.0\PresentationBuildTasks.dll, MVID: 998aef56-c393-41c2-862b-fc95f38aaff8, AssemblyLoadContext: MSBuild plugin C:\Program Files\dotnet\sdk\10.0.103\Sdks\Microsoft.NET.Sdk.WindowsDesktop\tools\net10.0\PresentationBuildTasks.dll)
   3:6>ResolveAssemblyReferences:
             Resolved file path is "C:\Program Files\dotnet\packs\Microsoft.WindowsDesktop.App.Ref\10.0.3\ref\net10.0\System.Windows.Primitives.dll".
   5:6>MarkupCompilePass1:
       Using "MarkupCompilePass1" task from assembly "C:\Program Files\dotnet\sdk\10.0.103\Sdks\Microsoft.NET.Sdk.WindowsDesktop\tools\net10.0\PresentationBuildTasks.dll".
       Task "MarkupCompilePass1"
   3:6>ResolveAssemblyReferences:
             Reference found at search path location "{RawFileName}".
   5:6>MarkupCompilePass1:
         
         
   3:6>ResolveAssemblyReferences:
             This reference is not "CopyLocal" because at least one source item had "Private" set to "false" and no source items had "Private" set to "true".
   5:6>MarkupCompilePass1:
         Microsoft (R) Build Task 'MarkupCompilePass1' Version '10.0.326.7603'.
         Copyright (C) Microsoft Corporation 2005. All rights reserved.
   3:6>ResolveAssemblyReferences:
         Primary reference "System.Xaml, Version=10.0.0.0, Culture=neutral, PublicKeyToken=b77a5c561934e089".
             Resolved file path is "C:\Program Files\dotnet\packs\Microsoft.WindowsDesktop.App.Ref\10.0.3\ref\net10.0\System.Xaml.dll".
   5:6>MarkupCompilePass1:
         
         
   3:6>ResolveAssemblyReferences:
             Reference found at search path location "{RawFileName}".
   5:6>MarkupCompilePass1:
         Input: Markup ApplicationDefinition file: 'c:\Apps\TicketConsolidator\src\TicketConsolidator.UI\App.xaml'.
   3:6>ResolveAssemblyReferences:
             This reference is not "CopyLocal" because at least one source item had "Private" set to "false" and no source items had "Private" set to "true".
   5:6>MarkupCompilePass1:
         Current project directory is 'c:\Apps\TicketConsolidator\src\TicketConsolidator.UI\'.
   3:6>ResolveAssemblyReferences:
         Primary reference "UIAutomationClient, Version=10.0.0.0, Culture=neutral, PublicKeyToken=31bf3856ad364e35".
   5:6>MarkupCompilePass1:
         Analysis Result : 'PagesWithLocalType'.
   3:6>ResolveAssemblyReferences:
             Resolved file path is "C:\Program Files\dotnet\packs\Microsoft.WindowsDesktop.App.Ref\10.0.3\ref\net10.0\UIAutomationClient.dll".
   5:6>MarkupCompilePass1:
         Recompiled XAML file : 'c:\Apps\TicketConsolidator\src\TicketConsolidator.UI\MainWindow.xaml'.
   3:6>ResolveAssemblyReferences:
             Reference found at search path location "{RawFileName}".
   5:6>MarkupCompilePass1:
         Recompiled XAML file : 'c:\Apps\TicketConsolidator\src\TicketConsolidator.UI\Views\DashboardView.xaml'.
   3:6>ResolveAssemblyReferences:
             This reference is not "CopyLocal" because at least one source item had "Private" set to "false" and no source items had "Private" set to "true".
   5:6>MarkupCompilePass1:
         Recompiled XAML file : 'c:\Apps\TicketConsolidator\src\TicketConsolidator.UI\Views\SettingsView.xaml'.
         Started the markup compilation.
   3:6>ResolveAssemblyReferences:
         Primary reference "UIAutomationClientSideProviders, Version=10.0.0.0, Culture=neutral, PublicKeyToken=b77a5c561934e089".
             Resolved file path is "C:\Program Files\dotnet\packs\Microsoft.WindowsDesktop.App.Ref\10.0.3\ref\net10.0\UIAutomationClientSideProviders.dll".
   5:6>MarkupCompilePass1:
         OutputType is 'winexe'.
         Input: Assembly Reference file: 'C:\Program Files\dotnet\packs\Microsoft.WindowsDesktop.App.Ref\10.0.3\ref\net10.0\Accessibility.dll'.
   3:6>ResolveAssemblyReferences:
             Reference found at search path location "{RawFileName}".
   5:6>MarkupCompilePass1:
         Input: Assembly Reference file: 'C:\Users\krish.maniar.ATPL-LAP-723\.nuget\packages\avalonedit\6.3.1.120\lib\net8.0-windows7.0\ICSharpCode.AvalonEdit.dll'.
   3:6>ResolveAssemblyReferences:
             This reference is not "CopyLocal" because at least one source item had "Private" set to "false" and no source items had "Private" set to "true".
   5:6>MarkupCompilePass1:
         Input: Assembly Reference file: 'C:\Users\krish.maniar.ATPL-LAP-723\.nuget\packages\materialdesigncolors\2.1.4\lib\net7.0\MaterialDesignColors.dll'.
   3:6>ResolveAssemblyReferences:
         Primary reference "UIAutomationProvider, Version=10.0.0.0, Culture=neutral, PublicKeyToken=31bf3856ad364e35".
   5:6>MarkupCompilePass1:
         Input: Assembly Reference file: 'C:\Users\krish.maniar.ATPL-LAP-723\.nuget\packages\materialdesignthemes\4.9.0\lib\net7.0\MaterialDesignThemes.Wpf.dll'.
   3:6>ResolveAssemblyReferences:
             Resolved file path is "C:\Program Files\dotnet\packs\Microsoft.WindowsDesktop.App.Ref\10.0.3\ref\net10.0\UIAutomationProvider.dll".
   5:6>MarkupCompilePass1:
         Input: Assembly Reference file: 'C:\Program Files\dotnet\packs\Microsoft.NETCore.App.Ref\10.0.3\ref\net10.0\Microsoft.CSharp.dll'.
   3:6>ResolveAssemblyReferences:
             Reference found at search path location "{RawFileName}".
   5:6>MarkupCompilePass1:
         Input: Assembly Reference file: 'C:\Users\krish.maniar.ATPL-LAP-723\.nuget\packages\microsoft.extensions.configuration.abstractions\10.0.1\lib\net10.0\Microsoft.Extensions.Configuration.Abstractions.dll'.
   3:6>ResolveAssemblyReferences:
             This reference is not "CopyLocal" because at least one source item had "Private" set to "false" and no source items had "Private" set to "true".
   5:6>MarkupCompilePass1:
         Input: Assembly Reference file: 'C:\Users\krish.maniar.ATPL-LAP-723\.nuget\packages\microsoft.extensions.configuration.binder\10.0.1\lib\net10.0\Microsoft.Extensions.Configuration.Binder.dll'.
   3:6>ResolveAssemblyReferences:
         Primary reference "UIAutomationTypes, Version=10.0.0.0, Culture=neutral, PublicKeyToken=31bf3856ad364e35".
   5:6>MarkupCompilePass1:
         Input: Assembly Reference file: 'C:\Users\krish.maniar.ATPL-LAP-723\.nuget\packages\microsoft.extensions.configuration\10.0.1\lib\net10.0\Microsoft.Extensions.Configuration.dll'.
   3:6>ResolveAssemblyReferences:
             Resolved file path is "C:\Program Files\dotnet\packs\Microsoft.WindowsDesktop.App.Ref\10.0.3\ref\net10.0\UIAutomationTypes.dll".
   5:6>MarkupCompilePass1:
         Input: Assembly Reference file: 'C:\Users\krish.maniar.ATPL-LAP-723\.nuget\packages\microsoft.extensions.configuration.fileextensions\10.0.1\lib\net10.0\Microsoft.Extensions.Configuration.FileExtensions.dll'.
         Input: Assembly Reference file: 'C:\Users\krish.maniar.ATPL-LAP-723\.nuget\packages\microsoft.extensions.configuration.json\10.0.1\lib\net10.0\Microsoft.Extensions.Configuration.Json.dll'.
         Input: Assembly Reference file: 'C:\Users\krish.maniar.ATPL-LAP-723\.nuget\packages\microsoft.extensions.dependencyinjection.abstractions\10.0.1\lib\net10.0\Microsoft.Extensions.DependencyInjection.Abstractions.dll'.
         Input: Assembly Reference file: 'C:\Users\krish.maniar.ATPL-LAP-723\.nuget\packages\microsoft.extensions.dependencyinjection\10.0.1\lib\net10.0\Microsoft.Extensions.DependencyInjection.dll'.
   3:6>ResolveAssemblyReferences:
             Reference found at search path location "{RawFileName}".
   5:6>MarkupCompilePass1:
         Input: Assembly Reference file: 'C:\Users\krish.maniar.ATPL-LAP-723\.nuget\packages\microsoft.extensions.fileproviders.abstractions\10.0.1\lib\net10.0\Microsoft.Extensions.FileProviders.Abstractions.dll'.
         Input: Assembly Reference file: 'C:\Users\krish.maniar.ATPL-LAP-723\.nuget\packages\microsoft.extensions.fileproviders.physical\10.0.1\lib\net10.0\Microsoft.Extensions.FileProviders.Physical.dll'.
   3:6>ResolveAssemblyReferences:
             This reference is not "CopyLocal" because at least one source item had "Private" set to "false" and no source items had "Private" set to "true".
   5:6>MarkupCompilePass1:
         Input: Assembly Reference file: 'C:\Users\krish.maniar.ATPL-LAP-723\.nuget\packages\microsoft.extensions.filesystemglobbing\10.0.1\lib\net10.0\Microsoft.Extensions.FileSystemGlobbing.dll'.
   3:6>ResolveAssemblyReferences:
         Primary reference "WindowsBase, Version=10.0.0.0, Culture=neutral, PublicKeyToken=31bf3856ad364e35".
   5:6>MarkupCompilePass1:
         Input: Assembly Reference file: 'C:\Users\krish.maniar.ATPL-LAP-723\.nuget\packages\microsoft.extensions.primitives\10.0.1\lib\net10.0\Microsoft.Extensions.Primitives.dll'.
         Input: Assembly Reference file: 'C:\Program Files\dotnet\packs\Microsoft.NETCore.App.Ref\10.0.3\ref\net10.0\Microsoft.VisualBasic.Core.dll'.
   3:6>ResolveAssemblyReferences:
             Resolved file path is "C:\Program Files\dotnet\packs\Microsoft.WindowsDesktop.App.Ref\10.0.3\ref\net10.0\WindowsBase.dll".
   5:6>MarkupCompilePass1:
         Input: Assembly Reference file: 'C:\Program Files\dotnet\packs\Microsoft.WindowsDesktop.App.Ref\10.0.3\ref\net10.0\Microsoft.VisualBasic.dll'.
   3:6>ResolveAssemblyReferences:
             Reference found at search path location "{RawFileName}".
   5:6>MarkupCompilePass1:
         Input: Assembly Reference file: 'C:\Program Files\dotnet\packs\Microsoft.WindowsDesktop.App.Ref\10.0.3\ref\net10.0\Microsoft.VisualBasic.Forms.dll'.
         Input: Assembly Reference file: 'C:\Users\krish.maniar.ATPL-LAP-723\.nuget\packages\microsoft.web.webview2\1.0.3800.47\lib_manual\netcoreapp3.0\Microsoft.Web.WebView2.Core.dll'.
         Input: Assembly Reference file: 'C:\Users\krish.maniar.ATPL-LAP-723\.nuget\packages\microsoft.web.webview2\1.0.3800.47\lib_manual\netcoreapp3.0\Microsoft.Web.WebView2.WinForms.dll'.
   3:6>ResolveAssemblyReferences:
             This reference is not "CopyLocal" because at least one source item had "Private" set to "false" and no source items had "Private" set to "true".
   5:6>MarkupCompilePass1:
         Input: Assembly Reference file: 'C:\Users\krish.maniar.ATPL-LAP-723\.nuget\packages\microsoft.web.webview2\1.0.3800.47\lib_manual\net5.0-windows10.0.17763.0\Microsoft.Web.WebView2.Wpf.dll'.
   3:6>Done executing task "ResolveAssemblyReference".
   5:6>MarkupCompilePass1:
         Input: Assembly Reference file: 'C:\Program Files\dotnet\packs\Microsoft.NETCore.App.Ref\10.0.3\ref\net10.0\Microsoft.Win32.Primitives.dll'.
   3:6>Done building target "ResolveAssemblyReferences" in project "TicketConsolidator.UnitTests.csproj".
   5:6>MarkupCompilePass1:
         Input: Assembly Reference file: 'C:\Program Files\dotnet\packs\Microsoft.WindowsDesktop.App.Ref\10.0.3\ref\net10.0\Microsoft.Win32.Registry.AccessControl.dll'.
         Input: Assembly Reference file: 'C:\Program Files\dotnet\packs\Microsoft.NETCore.App.Ref\10.0.3\ref\net10.0\Microsoft.Win32.Registry.dll'.
   3:6>Target "AfterResolveReferences" in file "C:\Program Files\dotnet\sdk\10.0.103\Microsoft.Common.CurrentVersion.targets" from project "c:\Apps\TicketConsolidator\tests\TicketConsolidator.UnitTests\TicketConsolidator.UnitTests.csproj" (target "ResolveReferences" depends on it):
   3:6>Done building target "AfterResolveReferences" in project "TicketConsolidator.UnitTests.csproj".
   5:6>MarkupCompilePass1:
         Input: Assembly Reference file: 'C:\Program Files\dotnet\packs\Microsoft.WindowsDesktop.App.Ref\10.0.3\ref\net10.0\Microsoft.Win32.SystemEvents.dll'.
         Input: Assembly Reference file: 'C:\Users\krish.maniar.ATPL-LAP-723\.nuget\packages\microsoft.xaml.behaviors.wpf\1.1.135\lib\net6.0-windows7.0\Microsoft.Xaml.Behaviors.dll'.
   3:6>Target "ResolveReferences" in file "C:\Program Files\dotnet\sdk\10.0.103\Microsoft.Common.CurrentVersion.targets" from project "c:\Apps\TicketConsolidator\tests\TicketConsolidator.UnitTests\TicketConsolidator.UnitTests.csproj" (target "_BlockWinMDsOnUnsupportedTFMs" depends on it):
   3:6>Done building target "ResolveReferences" in project "TicketConsolidator.UnitTests.csproj".
   5:6>MarkupCompilePass1:
         Input: Assembly Reference file: 'C:\Program Files\dotnet\packs\Microsoft.NETCore.App.Ref\10.0.3\ref\net10.0\mscorlib.dll'.
         Input: Assembly Reference file: 'C:\Program Files\dotnet\packs\Microsoft.NETCore.App.Ref\10.0.3\ref\net10.0\netstandard.dll'.
         Input: Assembly Reference file: 'C:\Program Files\dotnet\packs\Microsoft.WindowsDesktop.App.Ref\10.0.3\ref\net10.0\PresentationCore.dll'.
         Input: Assembly Reference file: 'C:\Program Files\dotnet\packs\Microsoft.WindowsDesktop.App.Ref\10.0.3\ref\net10.0\PresentationFramework.Aero.dll'.
         Input: Assembly Reference file: 'C:\Program Files\dotnet\packs\Microsoft.WindowsDesktop.App.Ref\10.0.3\ref\net10.0\PresentationFramework.Aero2.dll'.
   3:6>Target "_BlockWinMDsOnUnsupportedTFMs" in file "C:\Program Files\dotnet\sdk\10.0.103\Sdks\Microsoft.NET.Sdk\targets\Microsoft.NET.Sdk.targets" from project "c:\Apps\TicketConsolidator\tests\TicketConsolidator.UnitTests\TicketConsolidator.UnitTests.csproj" (target "CoreBuild" depends on it):
   3:6>Using "CheckForUnsupportedWinMDReferences" task from assembly "C:\Program Files\dotnet\sdk\10.0.103\Sdks\Microsoft.NET.Sdk\targets\..\tools\net10.0\Microsoft.NET.Build.Tasks.dll".
       Task "CheckForUnsupportedWinMDReferences"
   5:6>MarkupCompilePass1:
         Input: Assembly Reference file: 'C:\Program Files\dotnet\packs\Microsoft.WindowsDesktop.App.Ref\10.0.3\ref\net10.0\PresentationFramework.AeroLite.dll'.
         Input: Assembly Reference file: 'C:\Program Files\dotnet\packs\Microsoft.WindowsDesktop.App.Ref\10.0.3\ref\net10.0\PresentationFramework.Classic.dll'.
   3:6>Done executing task "CheckForUnsupportedWinMDReferences".
   5:6>MarkupCompilePass1:
         Input: Assembly Reference file: 'C:\Program Files\dotnet\packs\Microsoft.WindowsDesktop.App.Ref\10.0.3\ref\net10.0\PresentationFramework.dll'.
         Input: Assembly Reference file: 'C:\Program Files\dotnet\packs\Microsoft.WindowsDesktop.App.Ref\10.0.3\ref\net10.0\PresentationFramework.Luna.dll'.
   3:6>Done building target "_BlockWinMDsOnUnsupportedTFMs" in project "TicketConsolidator.UnitTests.csproj".
   5:6>MarkupCompilePass1:
         Input: Assembly Reference file: 'C:\Program Files\dotnet\packs\Microsoft.WindowsDesktop.App.Ref\10.0.3\ref\net10.0\PresentationFramework.Royale.dll'.
   3:6>Target "ResolveReferences" skipped. Previously built successfully.
   5:6>MarkupCompilePass1:
         Input: Assembly Reference file: 'C:\Program Files\dotnet\packs\Microsoft.WindowsDesktop.App.Ref\10.0.3\ref\net10.0\PresentationUI.dll'.
   3:6>Target "ResolvePackageDependenciesForBuild" skipped. Previously built successfully.
   5:6>MarkupCompilePass1:
         Input: Assembly Reference file: 'C:\Program Files\dotnet\packs\Microsoft.WindowsDesktop.App.Ref\10.0.3\ref\net10.0\ReachFramework.dll'.
   3:6>Target "_HandlePackageFileConflicts" skipped. Previously built successfully.
   5:6>MarkupCompilePass1:
         Input: Assembly Reference file: 'C:\Program Files\dotnet\packs\Microsoft.NETCore.App.Ref\10.0.3\ref\net10.0\System.AppContext.dll'.
         Input: Assembly Reference file: 'C:\Program Files\dotnet\packs\Microsoft.NETCore.App.Ref\10.0.3\ref\net10.0\System.Buffers.dll'.
   3:6>Target "CopyAdditionalFiles" in file "C:\Program Files\dotnet\sdk\10.0.103\Roslyn\Microsoft.Managed.Core.targets" from project "c:\Apps\TicketConsolidator\tests\TicketConsolidator.UnitTests\TicketConsolidator.UnitTests.csproj" (target "AssignTargetPaths" depends on it):
   3:6>Done building target "CopyAdditionalFiles" in project "TicketConsolidator.UnitTests.csproj".
   5:6>MarkupCompilePass1:
         Input: Assembly Reference file: 'C:\Program Files\dotnet\packs\Microsoft.WindowsDesktop.App.Ref\10.0.3\ref\net10.0\System.CodeDom.dll'.
   3:6>Target "_ComputeNETCoreBuildOutputFiles" in file "C:\Program Files\dotnet\sdk\10.0.103\Sdks\Microsoft.NET.Sdk\targets\Microsoft.NET.Sdk.targets" from project "c:\Apps\TicketConsolidator\tests\TicketConsolidator.UnitTests\TicketConsolidator.UnitTests.csproj" (target "AssignTargetPaths" depends on it):
   3:6>Done building target "_ComputeNETCoreBuildOutputFiles" in project "TicketConsolidator.UnitTests.csproj".
   5:6>MarkupCompilePass1:
         Input: Assembly Reference file: 'C:\Program Files\dotnet\packs\Microsoft.NETCore.App.Ref\10.0.3\ref\net10.0\System.Collections.Concurrent.dll'.
         Input: Assembly Reference file: 'C:\Program Files\dotnet\packs\Microsoft.NETCore.App.Ref\10.0.3\ref\net10.0\System.Collections.dll'.
   3:6>Target "AssignTargetPaths" in file "C:\Program Files\dotnet\sdk\10.0.103\Microsoft.Common.CurrentVersion.targets" from project "c:\Apps\TicketConsolidator\tests\TicketConsolidator.UnitTests\TicketConsolidator.UnitTests.csproj" (target "PrepareResourceNames" depends on it):
   3:6>Using "AssignTargetPath" task from assembly "Microsoft.Build.Tasks.Core, Version=15.1.0.0, Culture=neutral, PublicKeyToken=b03f5f7f11d50a3a".
   5:6>MarkupCompilePass1:
         Input: Assembly Reference file: 'C:\Program Files\dotnet\packs\Microsoft.NETCore.App.Ref\10.0.3\ref\net10.0\System.Collections.Immutable.dll'.
         Input: Assembly Reference file: 'C:\Program Files\dotnet\packs\Microsoft.NETCore.App.Ref\10.0.3\ref\net10.0\System.Collections.NonGeneric.dll'.
   3:6>Task "AssignTargetPath"
   5:6>MarkupCompilePass1:
         Input: Assembly Reference file: 'C:\Program Files\dotnet\packs\Microsoft.NETCore.App.Ref\10.0.3\ref\net10.0\System.Collections.Specialized.dll'.
         Input: Assembly Reference file: 'C:\Program Files\dotnet\packs\Microsoft.NETCore.App.Ref\10.0.3\ref\net10.0\System.ComponentModel.Annotations.dll'.
   3:6>Done executing task "AssignTargetPath".
   5:6>MarkupCompilePass1:
         Input: Assembly Reference file: 'C:\Program Files\dotnet\packs\Microsoft.NETCore.App.Ref\10.0.3\ref\net10.0\System.ComponentModel.DataAnnotations.dll'.
   3:6>Task "AssignTargetPath"
   5:6>MarkupCompilePass1:
         Input: Assembly Reference file: 'C:\Program Files\dotnet\packs\Microsoft.NETCore.App.Ref\10.0.3\ref\net10.0\System.ComponentModel.dll'.
         Input: Assembly Reference file: 'C:\Program Files\dotnet\packs\Microsoft.NETCore.App.Ref\10.0.3\ref\net10.0\System.ComponentModel.EventBasedAsync.dll'.
   3:6>Done executing task "AssignTargetPath".
   5:6>MarkupCompilePass1:
         Input: Assembly Reference file: 'C:\Program Files\dotnet\packs\Microsoft.NETCore.App.Ref\10.0.3\ref\net10.0\System.ComponentModel.Primitives.dll'.
   3:6>Task "AssignTargetPath"
   5:6>MarkupCompilePass1:
         Input: Assembly Reference file: 'C:\Program Files\dotnet\packs\Microsoft.NETCore.App.Ref\10.0.3\ref\net10.0\System.ComponentModel.TypeConverter.dll'.
   3:6>Done executing task "AssignTargetPath".
       Task "AssignTargetPath"
       Done executing task "AssignTargetPath".
   5:6>MarkupCompilePass1:
         Input: Assembly Reference file: 'C:\Program Files\dotnet\packs\Microsoft.WindowsDesktop.App.Ref\10.0.3\ref\net10.0\System.Configuration.ConfigurationManager.dll'.
   3:6>Done building target "AssignTargetPaths" in project "TicketConsolidator.UnitTests.csproj".
   5:6>MarkupCompilePass1:
         Input: Assembly Reference file: 'C:\Program Files\dotnet\packs\Microsoft.NETCore.App.Ref\10.0.3\ref\net10.0\System.Configuration.dll'.
   3:6>Target "AssignTargetPaths" skipped. Previously built successfully.
   5:6>MarkupCompilePass1:
         Input: Assembly Reference file: 'C:\Program Files\dotnet\packs\Microsoft.NETCore.App.Ref\10.0.3\ref\net10.0\System.Console.dll'.
         Input: Assembly Reference file: 'C:\Program Files\dotnet\packs\Microsoft.NETCore.App.Ref\10.0.3\ref\net10.0\System.Core.dll'.
         Input: Assembly Reference file: 'C:\Program Files\dotnet\packs\Microsoft.NETCore.App.Ref\10.0.3\ref\net10.0\System.Data.Common.dll'.
   3:6>Target "SplitResourcesByCulture" in file "C:\Program Files\dotnet\sdk\10.0.103\Microsoft.Common.CurrentVersion.targets" from project "c:\Apps\TicketConsolidator\tests\TicketConsolidator.UnitTests\TicketConsolidator.UnitTests.csproj" (target "PrepareResourceNames" depends on it):
   3:6>Using "AssignCulture" task from assembly "Microsoft.Build.Tasks.Core, Version=15.1.0.0, Culture=neutral, PublicKeyToken=b03f5f7f11d50a3a".
   5:6>MarkupCompilePass1:
         Input: Assembly Reference file: 'C:\Program Files\dotnet\packs\Microsoft.NETCore.App.Ref\10.0.3\ref\net10.0\System.Data.DataSetExtensions.dll'.
   3:6>Task "AssignCulture"
   5:6>MarkupCompilePass1:
         Input: Assembly Reference file: 'C:\Program Files\dotnet\packs\Microsoft.NETCore.App.Ref\10.0.3\ref\net10.0\System.Data.dll'.
   3:6>Done executing task "AssignCulture".
   5:6>MarkupCompilePass1:
         Input: Assembly Reference file: 'C:\Users\krish.maniar.ATPL-LAP-723\.nuget\packages\system.data.sqlclient\4.9.0\lib\net8.0\System.Data.SqlClient.dll'.
         Input: Assembly Reference file: 'C:\Program Files\dotnet\packs\Microsoft.WindowsDesktop.App.Ref\10.0.3\ref\net10.0\System.Design.dll'.
   3:6>Done building target "SplitResourcesByCulture" in project "TicketConsolidator.UnitTests.csproj".
   5:6>MarkupCompilePass1:
         Input: Assembly Reference file: 'C:\Program Files\dotnet\packs\Microsoft.NETCore.App.Ref\10.0.3\ref\net10.0\System.Diagnostics.Contracts.dll'.
   6:6>ResolveAssemblyReferences:
             C:\Program Files\dotnet\packs\Microsoft.AspNetCore.App.Ref\10.0.3\ref/net10.0/Microsoft.Extensions.Logging.Debug.dll
   5:6>MarkupCompilePass1:
         Input: Assembly Reference file: 'C:\Program Files\dotnet\packs\Microsoft.NETCore.App.Ref\10.0.3\ref\net10.0\System.Diagnostics.Debug.dll'.
   3:6>Target "CreateCustomManifestResourceNames" in file "C:\Program Files\dotnet\sdk\10.0.103\Microsoft.Common.CurrentVersion.targets" from project "c:\Apps\TicketConsolidator\tests\TicketConsolidator.UnitTests\TicketConsolidator.UnitTests.csproj" (target "PrepareResourceNames" depends on it):
   3:6>Done building target "CreateCustomManifestResourceNames" in project "TicketConsolidator.UnitTests.csproj".
   5:6>MarkupCompilePass1:
         Input: Assembly Reference file: 'C:\Program Files\dotnet\packs\Microsoft.NETCore.App.Ref\10.0.3\ref\net10.0\System.Diagnostics.DiagnosticSource.dll'.
         Input: Assembly Reference file: 'C:\Program Files\dotnet\packs\Microsoft.WindowsDesktop.App.Ref\10.0.3\ref\net10.0\System.Diagnostics.EventLog.dll'.
   3:6>Target "PrepareResourceNames" in file "C:\Program Files\dotnet\sdk\10.0.103\Microsoft.Common.CurrentVersion.targets" from project "c:\Apps\TicketConsolidator\tests\TicketConsolidator.UnitTests\TicketConsolidator.UnitTests.csproj" (target "PrepareResources" depends on it):
   3:6>Done building target "PrepareResourceNames" in project "TicketConsolidator.UnitTests.csproj".
       Target "ResolveAssemblyReferences" skipped. Previously built successfully.
   5:6>MarkupCompilePass1:
         Input: Assembly Reference file: 'C:\Program Files\dotnet\packs\Microsoft.NETCore.App.Ref\10.0.3\ref\net10.0\System.Diagnostics.FileVersionInfo.dll'.
   3:6>Target "SplitResourcesByCulture" skipped. Previously built successfully.
   5:6>MarkupCompilePass1:
         Input: Assembly Reference file: 'C:\Program Files\dotnet\packs\Microsoft.WindowsDesktop.App.Ref\10.0.3\ref\net10.0\System.Diagnostics.PerformanceCounter.dll'.
         Input: Assembly Reference file: 'C:\Program Files\dotnet\packs\Microsoft.NETCore.App.Ref\10.0.3\ref\net10.0\System.Diagnostics.Process.dll'.
   3:6>Target "BeforeResGen" in file "C:\Program Files\dotnet\sdk\10.0.103\Microsoft.Common.CurrentVersion.targets" from project "c:\Apps\TicketConsolidator\tests\TicketConsolidator.UnitTests\TicketConsolidator.UnitTests.csproj" (target "ResGen" depends on it):
   3:6>Done building target "BeforeResGen" in project "TicketConsolidator.UnitTests.csproj".
   5:6>MarkupCompilePass1:
         Input: Assembly Reference file: 'C:\Program Files\dotnet\packs\Microsoft.NETCore.App.Ref\10.0.3\ref\net10.0\System.Diagnostics.StackTrace.dll'.
   3:6>Target "ResolveReferences" skipped. Previously built successfully.
   5:6>MarkupCompilePass1:
         Input: Assembly Reference file: 'C:\Program Files\dotnet\packs\Microsoft.NETCore.App.Ref\10.0.3\ref\net10.0\System.Diagnostics.TextWriterTraceListener.dll'.
         Input: Assembly Reference file: 'C:\Program Files\dotnet\packs\Microsoft.NETCore.App.Ref\10.0.3\ref\net10.0\System.Diagnostics.Tools.dll'.
   3:6>Target "FindReferenceAssembliesForReferences" in file "C:\Program Files\dotnet\sdk\10.0.103\Microsoft.Common.CurrentVersion.targets" from project "c:\Apps\TicketConsolidator\tests\TicketConsolidator.UnitTests\TicketConsolidator.UnitTests.csproj" (target "CoreResGen" depends on it):
   3:6>Done building target "FindReferenceAssembliesForReferences" in project "TicketConsolidator.UnitTests.csproj".
   5:6>MarkupCompilePass1:
         Input: Assembly Reference file: 'C:\Program Files\dotnet\packs\Microsoft.NETCore.App.Ref\10.0.3\ref\net10.0\System.Diagnostics.TraceSource.dll'.
         Input: Assembly Reference file: 'C:\Program Files\dotnet\packs\Microsoft.NETCore.App.Ref\10.0.3\ref\net10.0\System.Diagnostics.Tracing.dll'.
   3:6>Target "CoreResGen" in file "C:\Program Files\dotnet\sdk\10.0.103\Microsoft.Common.CurrentVersion.targets" from project "c:\Apps\TicketConsolidator\tests\TicketConsolidator.UnitTests\TicketConsolidator.UnitTests.csproj" (target "ResGen" depends on it):
   3:6>Done building target "CoreResGen" in project "TicketConsolidator.UnitTests.csproj".
   5:6>MarkupCompilePass1:
         Input: Assembly Reference file: 'C:\Program Files\dotnet\packs\Microsoft.WindowsDesktop.App.Ref\10.0.3\ref\net10.0\System.DirectoryServices.dll'.
   6:6>ResolveAssemblyReferences:
                 Private = 'false'
   5:6>MarkupCompilePass1:
         Input: Assembly Reference file: 'C:\Program Files\dotnet\packs\Microsoft.NETCore.App.Ref\10.0.3\ref\net10.0\System.dll'.
   3:6>Target "AfterResGen" in file "C:\Program Files\dotnet\sdk\10.0.103\Microsoft.Common.CurrentVersion.targets" from project "c:\Apps\TicketConsolidator\tests\TicketConsolidator.UnitTests\TicketConsolidator.UnitTests.csproj" (target "ResGen" depends on it):
   3:6>Done building target "AfterResGen" in project "TicketConsolidator.UnitTests.csproj".
   5:6>MarkupCompilePass1:
         Input: Assembly Reference file: 'C:\Program Files\dotnet\packs\Microsoft.WindowsDesktop.App.Ref\10.0.3\ref\net10.0\System.Drawing.Common.dll'.
         Input: Assembly Reference file: 'C:\Program Files\dotnet\packs\Microsoft.WindowsDesktop.App.Ref\10.0.3\ref\net10.0\System.Drawing.Design.dll'.
   3:6>Target "ResGen" in file "C:\Program Files\dotnet\sdk\10.0.103\Microsoft.Common.CurrentVersion.targets" from project "c:\Apps\TicketConsolidator\tests\TicketConsolidator.UnitTests\TicketConsolidator.UnitTests.csproj" (target "PrepareResources" depends on it):
   3:6>Done building target "ResGen" in project "TicketConsolidator.UnitTests.csproj".
   5:6>MarkupCompilePass1:
         Input: Assembly Reference file: 'C:\Program Files\dotnet\packs\Microsoft.WindowsDesktop.App.Ref\10.0.3\ref\net10.0\System.Drawing.dll'.
   3:6>Target "PrepareResources" in file "C:\Program Files\dotnet\sdk\10.0.103\Microsoft.Common.CurrentVersion.targets" from project "c:\Apps\TicketConsolidator\tests\TicketConsolidator.UnitTests\TicketConsolidator.UnitTests.csproj" (target "CoreBuild" depends on it):
   3:6>Done building target "PrepareResources" in project "TicketConsolidator.UnitTests.csproj".
   5:6>MarkupCompilePass1:
         Input: Assembly Reference file: 'C:\Program Files\dotnet\packs\Microsoft.NETCore.App.Ref\10.0.3\ref\net10.0\System.Drawing.Primitives.dll'.
   3:6>Target "ResolveReferences" skipped. Previously built successfully.
   5:6>MarkupCompilePass1:
         Input: Assembly Reference file: 'C:\Program Files\dotnet\packs\Microsoft.NETCore.App.Ref\10.0.3\ref\net10.0\System.Dynamic.Runtime.dll'.
         Input: Assembly Reference file: 'C:\Program Files\dotnet\packs\Microsoft.NETCore.App.Ref\10.0.3\ref\net10.0\System.Formats.Asn1.dll'.
         Input: Assembly Reference file: 'C:\Program Files\dotnet\packs\Microsoft.WindowsDesktop.App.Ref\10.0.3\ref\net10.0\System.Formats.Nrbf.dll'.
         Input: Assembly Reference file: 'C:\Program Files\dotnet\packs\Microsoft.NETCore.App.Ref\10.0.3\ref\net10.0\System.Formats.Tar.dll'.
   6:6>ResolveAssemblyReferences:
             C:\Program Files\dotnet\packs\Microsoft.AspNetCore.App.Ref\10.0.3\ref/net10.0/Microsoft.Extensions.Logging.EventLog.dll
   3:6>Target "_SetEmbeddedWin32ManifestProperties" in file "C:\Program Files\dotnet\sdk\10.0.103\Microsoft.Common.CurrentVersion.targets" from project "c:\Apps\TicketConsolidator\tests\TicketConsolidator.UnitTests\TicketConsolidator.UnitTests.csproj" (target "SetWin32ManifestProperties" depends on it):
   3:6>Using "GetFrameworkPath" task from assembly "Microsoft.Build.Tasks.Core, Version=15.1.0.0, Culture=neutral, PublicKeyToken=b03f5f7f11d50a3a".
   5:6>MarkupCompilePass1:
         Input: Assembly Reference file: 'C:\Program Files\dotnet\packs\Microsoft.NETCore.App.Ref\10.0.3\ref\net10.0\System.Globalization.Calendars.dll'.
   3:6>Task "GetFrameworkPath"
   5:6>MarkupCompilePass1:
         Input: Assembly Reference file: 'C:\Program Files\dotnet\packs\Microsoft.NETCore.App.Ref\10.0.3\ref\net10.0\System.Globalization.dll'.
   3:6>Done executing task "GetFrameworkPath".
   5:6>MarkupCompilePass1:
         Input: Assembly Reference file: 'C:\Program Files\dotnet\packs\Microsoft.NETCore.App.Ref\10.0.3\ref\net10.0\System.Globalization.Extensions.dll'.
   3:6>Done building target "_SetEmbeddedWin32ManifestProperties" in project "TicketConsolidator.UnitTests.csproj".
   6:6>ResolveAssemblyReferences:
                 Private = 'false'
   5:6>MarkupCompilePass1:
         Input: Assembly Reference file: 'C:\Program Files\dotnet\packs\Microsoft.NETCore.App.Ref\10.0.3\ref\net10.0\System.IO.Compression.Brotli.dll'.
   3:6>Target "SetWin32ManifestProperties" in file "C:\Program Files\dotnet\sdk\10.0.103\Microsoft.Common.CurrentVersion.targets" from project "c:\Apps\TicketConsolidator\tests\TicketConsolidator.UnitTests\TicketConsolidator.UnitTests.csproj" (target "Compile" depends on it):
   3:6>Done building target "SetWin32ManifestProperties" in project "TicketConsolidator.UnitTests.csproj".
   5:6>MarkupCompilePass1:
         Input: Assembly Reference file: 'C:\Program Files\dotnet\packs\Microsoft.NETCore.App.Ref\10.0.3\ref\net10.0\System.IO.Compression.dll'.
   3:6>Target "FindReferenceAssembliesForReferences" skipped. Previously built successfully.
   5:6>MarkupCompilePass1:
         Input: Assembly Reference file: 'C:\Program Files\dotnet\packs\Microsoft.NETCore.App.Ref\10.0.3\ref\net10.0\System.IO.Compression.FileSystem.dll'.
   3:6>Target "_GenerateCompileInputs" in file "C:\Program Files\dotnet\sdk\10.0.103\Microsoft.Common.CurrentVersion.targets" from project "c:\Apps\TicketConsolidator\tests\TicketConsolidator.UnitTests\TicketConsolidator.UnitTests.csproj" (target "Compile" depends on it):
   3:6>Done building target "_GenerateCompileInputs" in project "TicketConsolidator.UnitTests.csproj".
   5:6>MarkupCompilePass1:
         Input: Assembly Reference file: 'C:\Program Files\dotnet\packs\Microsoft.NETCore.App.Ref\10.0.3\ref\net10.0\System.IO.Compression.ZipFile.dll'.
   3:6>Target "PrepareForBuild" skipped. Previously built successfully.
   5:6>MarkupCompilePass1:
         Input: Assembly Reference file: 'C:\Program Files\dotnet\packs\Microsoft.NETCore.App.Ref\10.0.3\ref\net10.0\System.IO.dll'.
         Input: Assembly Reference file: 'C:\Program Files\dotnet\packs\Microsoft.NETCore.App.Ref\10.0.3\ref\net10.0\System.IO.FileSystem.AccessControl.dll'.
         Input: Assembly Reference file: 'C:\Program Files\dotnet\packs\Microsoft.NETCore.App.Ref\10.0.3\ref\net10.0\System.IO.FileSystem.dll'.
   3:6>Target "GenerateMSBuildEditorConfigFileShouldRun" in file "C:\Program Files\dotnet\sdk\10.0.103\Roslyn\Microsoft.Managed.Core.targets" from project "c:\Apps\TicketConsolidator\tests\TicketConsolidator.UnitTests\TicketConsolidator.UnitTests.csproj" (target "GenerateMSBuildEditorConfigFile" depends on it):
   3:6>Done building target "GenerateMSBuildEditorConfigFileShouldRun" in project "TicketConsolidator.UnitTests.csproj".
   5:6>MarkupCompilePass1:
         Input: Assembly Reference file: 'C:\Program Files\dotnet\packs\Microsoft.NETCore.App.Ref\10.0.3\ref\net10.0\System.IO.FileSystem.DriveInfo.dll'.
         Input: Assembly Reference file: 'C:\Program Files\dotnet\packs\Microsoft.NETCore.App.Ref\10.0.3\ref\net10.0\System.IO.FileSystem.Primitives.dll'.
         Input: Assembly Reference file: 'C:\Program Files\dotnet\packs\Microsoft.NETCore.App.Ref\10.0.3\ref\net10.0\System.IO.FileSystem.Watcher.dll'.
   3:6>Target "AddGlobalAnalyzerConfigForPackage_MicrosoftCodeAnalysisCSharpCodeStyle" in file "C:\Program Files\dotnet\sdk\10.0.103\Sdks\Microsoft.NET.Sdk\codestyle\cs\build\Microsoft.CodeAnalysis.CSharp.CodeStyle.targets" from project "c:\Apps\TicketConsolidator\tests\TicketConsolidator.UnitTests\TicketConsolidator.UnitTests.csproj" (target "GenerateMSBuildEditorConfigFileCore" depends on it):
   3:6>Done building target "AddGlobalAnalyzerConfigForPackage_MicrosoftCodeAnalysisCSharpCodeStyle" in project "TicketConsolidator.UnitTests.csproj".
   5:6>MarkupCompilePass1:
         Input: Assembly Reference file: 'C:\Program Files\dotnet\packs\Microsoft.NETCore.App.Ref\10.0.3\ref\net10.0\System.IO.IsolatedStorage.dll'.
         Input: Assembly Reference file: 'C:\Program Files\dotnet\packs\Microsoft.NETCore.App.Ref\10.0.3\ref\net10.0\System.IO.MemoryMappedFiles.dll'.
         Input: Assembly Reference file: 'C:\Program Files\dotnet\packs\Microsoft.WindowsDesktop.App.Ref\10.0.3\ref\net10.0\System.IO.Packaging.dll'.
   3:6>Target "GenerateMSBuildEditorConfigFileCore" in file "C:\Program Files\dotnet\sdk\10.0.103\Roslyn\Microsoft.Managed.Core.targets" from project "c:\Apps\TicketConsolidator\tests\TicketConsolidator.UnitTests\TicketConsolidator.UnitTests.csproj" (target "GenerateMSBuildEditorConfigFile" depends on it):
   3:6>Building target "GenerateMSBuildEditorConfigFileCore" completely.
   5:6>MarkupCompilePass1:
         Input: Assembly Reference file: 'C:\Program Files\dotnet\packs\Microsoft.NETCore.App.Ref\10.0.3\ref\net10.0\System.IO.Pipelines.dll'.
   3:6>GenerateMSBuildEditorConfigFileCore:
       No input files were specified.
   5:6>MarkupCompilePass1:
         Input: Assembly Reference file: 'C:\Program Files\dotnet\packs\Microsoft.NETCore.App.Ref\10.0.3\ref\net10.0\System.IO.Pipes.AccessControl.dll'.
         Input: Assembly Reference file: 'C:\Program Files\dotnet\packs\Microsoft.NETCore.App.Ref\10.0.3\ref\net10.0\System.IO.Pipes.dll'.
   3:6>GenerateMSBuildEditorConfigFileCore:
       Using "GenerateMSBuildEditorConfig" task from assembly "C:\Program Files\dotnet\sdk\10.0.103\Sdks\Microsoft.NET.Sdk\targets\..\..\..\Roslyn\Microsoft.Build.Tasks.CodeAnalysis.dll".
   5:6>MarkupCompilePass1:
         Input: Assembly Reference file: 'C:\Program Files\dotnet\packs\Microsoft.NETCore.App.Ref\10.0.3\ref\net10.0\System.IO.UnmanagedMemoryStream.dll'.
         Input: Assembly Reference file: 'C:\Program Files\dotnet\packs\Microsoft.NETCore.App.Ref\10.0.3\ref\net10.0\System.Linq.AsyncEnumerable.dll'.
         Input: Assembly Reference file: 'C:\Program Files\dotnet\packs\Microsoft.NETCore.App.Ref\10.0.3\ref\net10.0\System.Linq.dll'.
   3:6>Task "GenerateMSBuildEditorConfig"
   5:6>MarkupCompilePass1:
         Input: Assembly Reference file: 'C:\Program Files\dotnet\packs\Microsoft.NETCore.App.Ref\10.0.3\ref\net10.0\System.Linq.Expressions.dll'.
         Input: Assembly Reference file: 'C:\Program Files\dotnet\packs\Microsoft.NETCore.App.Ref\10.0.3\ref\net10.0\System.Linq.Parallel.dll'.
   3:6>Done executing task "GenerateMSBuildEditorConfig".
   5:6>MarkupCompilePass1:
         Input: Assembly Reference file: 'C:\Program Files\dotnet\packs\Microsoft.NETCore.App.Ref\10.0.3\ref\net10.0\System.Linq.Queryable.dll'.
   3:6>Done building target "GenerateMSBuildEditorConfigFileCore" in project "TicketConsolidator.UnitTests.csproj".
   5:6>MarkupCompilePass1:
         Input: Assembly Reference file: 'C:\Program Files\dotnet\packs\Microsoft.NETCore.App.Ref\10.0.3\ref\net10.0\System.Memory.dll'.
   6:6>ResolveAssemblyReferences:
             C:\Program Files\dotnet\packs\Microsoft.AspNetCore.App.Ref\10.0.3\ref/net10.0/Microsoft.Extensions.Logging.EventSource.dll
   5:6>MarkupCompilePass1:
         Input: Assembly Reference file: 'C:\Program Files\dotnet\packs\Microsoft.NETCore.App.Ref\10.0.3\ref\net10.0\System.Net.dll'.
   3:6>Target "GenerateMSBuildEditorConfigFile" in file "C:\Program Files\dotnet\sdk\10.0.103\Roslyn\Microsoft.Managed.Core.targets" from project "c:\Apps\TicketConsolidator\tests\TicketConsolidator.UnitTests\TicketConsolidator.UnitTests.csproj" (target "BeforeCompile" depends on it):
   3:6>Done building target "GenerateMSBuildEditorConfigFile" in project "TicketConsolidator.UnitTests.csproj".
   5:6>MarkupCompilePass1:
         Input: Assembly Reference file: 'C:\Program Files\dotnet\packs\Microsoft.NETCore.App.Ref\10.0.3\ref\net10.0\System.Net.Http.dll'.
   3:6>Target "PrepareForBuild" skipped. Previously built successfully.
   5:6>MarkupCompilePass1:
         Input: Assembly Reference file: 'C:\Program Files\dotnet\packs\Microsoft.NETCore.App.Ref\10.0.3\ref\net10.0\System.Net.Http.Json.dll'.
         Input: Assembly Reference file: 'C:\Program Files\dotnet\packs\Microsoft.NETCore.App.Ref\10.0.3\ref\net10.0\System.Net.HttpListener.dll'.
   3:6>Target "GetReferenceAssemblyPaths" skipped. Previously built successfully.
   5:6>MarkupCompilePass1:
         Input: Assembly Reference file: 'C:\Program Files\dotnet\packs\Microsoft.NETCore.App.Ref\10.0.3\ref\net10.0\System.Net.Mail.dll'.
         Input: Assembly Reference file: 'C:\Program Files\dotnet\packs\Microsoft.NETCore.App.Ref\10.0.3\ref\net10.0\System.Net.NameResolution.dll'.
   3:6>Target "_SetTargetFrameworkMonikerAttribute" in file "C:\Program Files\dotnet\sdk\10.0.103\Microsoft.CSharp.CurrentVersion.targets" from project "c:\Apps\TicketConsolidator\tests\TicketConsolidator.UnitTests\TicketConsolidator.UnitTests.csproj" (target "GenerateTargetFrameworkMonikerAttribute" depends on it):
   3:6>Done building target "_SetTargetFrameworkMonikerAttribute" in project "TicketConsolidator.UnitTests.csproj".
   6:6>ResolveAssemblyReferences:
                 Private = 'false'
   5:6>MarkupCompilePass1:
         Input: Assembly Reference file: 'C:\Program Files\dotnet\packs\Microsoft.NETCore.App.Ref\10.0.3\ref\net10.0\System.Net.NetworkInformation.dll'.
         Input: Assembly Reference file: 'C:\Program Files\dotnet\packs\Microsoft.NETCore.App.Ref\10.0.3\ref\net10.0\System.Net.Ping.dll'.
   3:6>Target "GenerateTargetFrameworkMonikerAttribute" in file "C:\Program Files\dotnet\sdk\10.0.103\Microsoft.Common.CurrentVersion.targets" from project "c:\Apps\TicketConsolidator\tests\TicketConsolidator.UnitTests\TicketConsolidator.UnitTests.csproj" (target "BeforeCompile" depends on it):
   3:6>Skipping target "GenerateTargetFrameworkMonikerAttribute" because all output files are up-to-date with respect to the input files.
   5:6>MarkupCompilePass1:
         Input: Assembly Reference file: 'C:\Program Files\dotnet\packs\Microsoft.NETCore.App.Ref\10.0.3\ref\net10.0\System.Net.Primitives.dll'.
         Input: Assembly Reference file: 'C:\Program Files\dotnet\packs\Microsoft.NETCore.App.Ref\10.0.3\ref\net10.0\System.Net.Quic.dll'.
   3:6>GenerateTargetFrameworkMonikerAttribute:
       Input files: C:\Program Files\dotnet\sdk\10.0.103\Microsoft.Common.targets
   5:6>MarkupCompilePass1:
         Input: Assembly Reference file: 'C:\Program Files\dotnet\packs\Microsoft.NETCore.App.Ref\10.0.3\ref\net10.0\System.Net.Requests.dll'.
   3:6>GenerateTargetFrameworkMonikerAttribute:
       Output files: obj\Debug\net10.0-windows\.NETCoreApp,Version=v10.0.AssemblyAttributes.cs
   3:6>Done building target "GenerateTargetFrameworkMonikerAttribute" in project "TicketConsolidator.UnitTests.csproj".
   5:6>MarkupCompilePass1:
         Input: Assembly Reference file: 'C:\Program Files\dotnet\packs\Microsoft.NETCore.App.Ref\10.0.3\ref\net10.0\System.Net.Security.dll'.
   6:6>ResolveAssemblyReferences:
             C:\Program Files\dotnet\packs\Microsoft.AspNetCore.App.Ref\10.0.3\ref/net10.0/Microsoft.Extensions.Logging.TraceSource.dll
   3:6>Target "PrepareForBuild" skipped. Previously built successfully.
   5:6>MarkupCompilePass1:
         Input: Assembly Reference file: 'C:\Program Files\dotnet\packs\Microsoft.NETCore.App.Ref\10.0.3\ref\net10.0\System.Net.ServerSentEvents.dll'.
         Input: Assembly Reference file: 'C:\Program Files\dotnet\packs\Microsoft.NETCore.App.Ref\10.0.3\ref\net10.0\System.Net.ServicePoint.dll'.
   3:6>Target "GetAssemblyVersion" in file "C:\Program Files\dotnet\sdk\10.0.103\Sdks\Microsoft.NET.Sdk\targets\Microsoft.NET.GenerateAssemblyInfo.targets" from project "c:\Apps\TicketConsolidator\tests\TicketConsolidator.UnitTests\TicketConsolidator.UnitTests.csproj" (target "GetAssemblyAttributes" depends on it):
   3:6>Done building target "GetAssemblyVersion" in project "TicketConsolidator.UnitTests.csproj".
   5:6>MarkupCompilePass1:
         Input: Assembly Reference file: 'C:\Program Files\dotnet\packs\Microsoft.NETCore.App.Ref\10.0.3\ref\net10.0\System.Net.Sockets.dll'.
         Input: Assembly Reference file: 'C:\Program Files\dotnet\packs\Microsoft.NETCore.App.Ref\10.0.3\ref\net10.0\System.Net.WebClient.dll'.
   3:6>Target "InitializeSourceControlInformationFromSourceControlManager" in file "C:\Program Files\dotnet\sdk\10.0.103\Sdks\Microsoft.Build.Tasks.Git\build\Microsoft.Build.Tasks.Git.targets" from project "c:\Apps\TicketConsolidator\tests\TicketConsolidator.UnitTests\TicketConsolidator.UnitTests.csproj" (target "_InitializeSourceControlInformationFromSourceControlManager" depends on it):
   3:6>Using "Microsoft.Build.Tasks.Git.LocateRepository" task from assembly "C:\Program Files\dotnet\sdk\10.0.103\Sdks\Microsoft.Build.Tasks.Git\build\..\tools\net\Microsoft.Build.Tasks.Git.dll".
   5:6>MarkupCompilePass1:
         Input: Assembly Reference file: 'C:\Program Files\dotnet\packs\Microsoft.NETCore.App.Ref\10.0.3\ref\net10.0\System.Net.WebHeaderCollection.dll'.
   3:6>Task "Microsoft.Build.Tasks.Git.LocateRepository"
         SourceLink: Repository instance not found in cache: '*:c:\Apps\TicketConsolidator\.git'
   5:6>MarkupCompilePass1:
         Input: Assembly Reference file: 'C:\Program Files\dotnet\packs\Microsoft.NETCore.App.Ref\10.0.3\ref\net10.0\System.Net.WebProxy.dll'.
         Input: Assembly Reference file: 'C:\Program Files\dotnet\packs\Microsoft.NETCore.App.Ref\10.0.3\ref\net10.0\System.Net.WebSockets.Client.dll'.
   3:6>Done executing task "Microsoft.Build.Tasks.Git.LocateRepository".
   5:6>MarkupCompilePass1:
         Input: Assembly Reference file: 'C:\Program Files\dotnet\packs\Microsoft.NETCore.App.Ref\10.0.3\ref\net10.0\System.Net.WebSockets.dll'.
   3:6>Done building target "InitializeSourceControlInformationFromSourceControlManager" in project "TicketConsolidator.UnitTests.csproj".
   5:6>MarkupCompilePass1:
         Input: Assembly Reference file: 'C:\Program Files\dotnet\packs\Microsoft.NETCore.App.Ref\10.0.3\ref\net10.0\System.Numerics.dll'.
         Input: Assembly Reference file: 'C:\Program Files\dotnet\packs\Microsoft.NETCore.App.Ref\10.0.3\ref\net10.0\System.Numerics.Vectors.dll'.
         Input: Assembly Reference file: 'C:\Program Files\dotnet\packs\Microsoft.NETCore.App.Ref\10.0.3\ref\net10.0\System.ObjectModel.dll'.
   3:6>Target "_SourceLinkHasSingleProvider" in file "C:\Program Files\dotnet\sdk\10.0.103\Sdks\Microsoft.SourceLink.Common\build\InitializeSourceControlInformation.targets" from project "c:\Apps\TicketConsolidator\tests\TicketConsolidator.UnitTests\TicketConsolidator.UnitTests.csproj" (target "_InitializeSourceControlInformationFromSourceControlManager" depends on it):
   3:6>Using "Microsoft.SourceLink.Common.SourceLinkHasSingleProvider" task from assembly "C:\Program Files\dotnet\sdk\10.0.103\Sdks\Microsoft.SourceLink.Common\build\..\tools\net\Microsoft.SourceLink.Common.dll".
   6:6>ResolveAssemblyReferences:
                 Private = 'false'
   5:6>MarkupCompilePass1:
         Input: Assembly Reference file: 'C:\Program Files\dotnet\packs\Microsoft.WindowsDesktop.App.Ref\10.0.3\ref\net10.0\System.Printing.dll'.
   3:6>Task "Microsoft.SourceLink.Common.SourceLinkHasSingleProvider"
   5:6>MarkupCompilePass1:
         Input: Assembly Reference file: 'C:\Program Files\dotnet\packs\Microsoft.WindowsDesktop.App.Ref\10.0.3\ref\net10.0\System.Private.Windows.Core.dll'.
   3:6>Done executing task "Microsoft.SourceLink.Common.SourceLinkHasSingleProvider".
   3:6>Done building target "_SourceLinkHasSingleProvider" in project "TicketConsolidator.UnitTests.csproj".
   5:6>MarkupCompilePass1:
         Input: Assembly Reference file: 'C:\Program Files\dotnet\packs\Microsoft.WindowsDesktop.App.Ref\10.0.3\ref\net10.0\System.Private.Windows.GdiPlus.dll'.
         Input: Assembly Reference file: 'C:\Program Files\dotnet\packs\Microsoft.NETCore.App.Ref\10.0.3\ref\net10.0\System.Reflection.DispatchProxy.dll'.
   3:6>Target "TranslateGitHubUrlsInSourceControlInformation" in file "C:\Program Files\dotnet\sdk\10.0.103\Sdks\Microsoft.SourceLink.GitHub\build\Microsoft.SourceLink.GitHub.targets" from project "c:\Apps\TicketConsolidator\tests\TicketConsolidator.UnitTests\TicketConsolidator.UnitTests.csproj" (target "_InitializeSourceControlInformationFromSourceControlManager" depends on it):
   3:6>Using "Microsoft.SourceLink.GitHub.TranslateRepositoryUrls" task from assembly "C:\Program Files\dotnet\sdk\10.0.103\Sdks\Microsoft.SourceLink.GitHub\build\..\tools\net\Microsoft.SourceLink.GitHub.dll".
   6:6>ResolveAssemblyReferences:
             C:\Program Files\dotnet\packs\Microsoft.AspNetCore.App.Ref\10.0.3\ref/net10.0/Microsoft.Extensions.Logging.dll
   3:6>Task "Microsoft.SourceLink.GitHub.TranslateRepositoryUrls"
       Done executing task "Microsoft.SourceLink.GitHub.TranslateRepositoryUrls".
   3:6>Done building target "TranslateGitHubUrlsInSourceControlInformation" in project "TicketConsolidator.UnitTests.csproj".
   3:6>Target "TranslateGitLabUrlsInSourceControlInformation" in file "C:\Program Files\dotnet\sdk\10.0.103\Sdks\Microsoft.SourceLink.GitLab\build\Microsoft.SourceLink.GitLab.targets" from project "c:\Apps\TicketConsolidator\tests\TicketConsolidator.UnitTests\TicketConsolidator.UnitTests.csproj" (target "_InitializeSourceControlInformationFromSourceControlManager" depends on it):
       Using "Microsoft.SourceLink.GitLab.TranslateRepositoryUrls" task from assembly "C:\Program Files\dotnet\sdk\10.0.103\Sdks\Microsoft.SourceLink.GitLab\build\..\tools\net\Microsoft.SourceLink.GitLab.dll".
       Task "Microsoft.SourceLink.GitLab.TranslateRepositoryUrls"
       Done executing task "Microsoft.SourceLink.GitLab.TranslateRepositoryUrls".
   3:6>Done building target "TranslateGitLabUrlsInSourceControlInformation" in project "TicketConsolidator.UnitTests.csproj".
   5:6>MarkupCompilePass1:
         Input: Assembly Reference file: 'C:\Program Files\dotnet\packs\Microsoft.NETCore.App.Ref\10.0.3\ref\net10.0\System.Reflection.dll'.
         Input: Assembly Reference file: 'C:\Program Files\dotnet\packs\Microsoft.NETCore.App.Ref\10.0.3\ref\net10.0\System.Reflection.Emit.dll'.
   3:6>Target "TranslateAzureReposGitUrlsInSourceControlInformation" in file "C:\Program Files\dotnet\sdk\10.0.103\Sdks\Microsoft.SourceLink.AzureRepos.Git\build\Microsoft.SourceLink.AzureRepos.Git.targets" from project "c:\Apps\TicketConsolidator\tests\TicketConsolidator.UnitTests\TicketConsolidator.UnitTests.csproj" (target "_InitializeSourceControlInformationFromSourceControlManager" depends on it):
   3:6>Using "Microsoft.SourceLink.AzureRepos.Git.TranslateRepositoryUrls" task from assembly "C:\Program Files\dotnet\sdk\10.0.103\Sdks\Microsoft.SourceLink.AzureRepos.Git\build\..\tools\net\Microsoft.SourceLink.AzureRepos.Git.dll".
       Task "Microsoft.SourceLink.AzureRepos.Git.TranslateRepositoryUrls"
   5:6>MarkupCompilePass1:
         Input: Assembly Reference file: 'C:\Program Files\dotnet\packs\Microsoft.NETCore.App.Ref\10.0.3\ref\net10.0\System.Reflection.Emit.ILGeneration.dll'.
   3:6>Done executing task "Microsoft.SourceLink.AzureRepos.Git.TranslateRepositoryUrls".
   6:6>ResolveAssemblyReferences:
                 Private = 'false'
   5:6>MarkupCompilePass1:
         Input: Assembly Reference file: 'C:\Program Files\dotnet\packs\Microsoft.NETCore.App.Ref\10.0.3\ref\net10.0\System.Reflection.Emit.Lightweight.dll'.
   3:6>Done building target "TranslateAzureReposGitUrlsInSourceControlInformation" in project "TicketConsolidator.UnitTests.csproj".
   5:6>MarkupCompilePass1:
         Input: Assembly Reference file: 'C:\Program Files\dotnet\packs\Microsoft.NETCore.App.Ref\10.0.3\ref\net10.0\System.Reflection.Extensions.dll'.
   3:6>Target "TranslateBitbucketGitUrlsInSourceControlInformation" in file "C:\Program Files\dotnet\sdk\10.0.103\Sdks\Microsoft.SourceLink.Bitbucket.Git\build\Microsoft.SourceLink.Bitbucket.Git.targets" from project "c:\Apps\TicketConsolidator\tests\TicketConsolidator.UnitTests\TicketConsolidator.UnitTests.csproj" (target "_InitializeSourceControlInformationFromSourceControlManager" depends on it):
   3:6>Using "Microsoft.SourceLink.Bitbucket.Git.TranslateRepositoryUrls" task from assembly "C:\Program Files\dotnet\sdk\10.0.103\Sdks\Microsoft.SourceLink.Bitbucket.Git\build\..\tools\net\Microsoft.SourceLink.Bitbucket.Git.dll".
   5:6>MarkupCompilePass1:
         Input: Assembly Reference file: 'C:\Program Files\dotnet\packs\Microsoft.NETCore.App.Ref\10.0.3\ref\net10.0\System.Reflection.Metadata.dll'.
   6:6>ResolveAssemblyReferences:
             C:\Program Files\dotnet\packs\Microsoft.AspNetCore.App.Ref\10.0.3\ref/net10.0/Microsoft.Extensions.ObjectPool.dll
   3:6>Task "Microsoft.SourceLink.Bitbucket.Git.TranslateRepositoryUrls"
   5:6>MarkupCompilePass1:
         Input: Assembly Reference file: 'C:\Program Files\dotnet\packs\Microsoft.NETCore.App.Ref\10.0.3\ref\net10.0\System.Reflection.Primitives.dll'.
   3:6>Done executing task "Microsoft.SourceLink.Bitbucket.Git.TranslateRepositoryUrls".
   6:6>ResolveAssemblyReferences:
                 Private = 'false'
   5:6>MarkupCompilePass1:
         Input: Assembly Reference file: 'C:\Program Files\dotnet\packs\Microsoft.NETCore.App.Ref\10.0.3\ref\net10.0\System.Reflection.TypeExtensions.dll'.
   3:6>Done building target "TranslateBitbucketGitUrlsInSourceControlInformation" in project "TicketConsolidator.UnitTests.csproj".
   6:6>ResolveAssemblyReferences:
             C:\Program Files\dotnet\packs\Microsoft.AspNetCore.App.Ref\10.0.3\ref/net10.0/Microsoft.Extensions.Options.ConfigurationExtensions.dll
   5:6>MarkupCompilePass1:
         Input: Assembly Reference file: 'C:\Program Files\dotnet\packs\Microsoft.WindowsDesktop.App.Ref\10.0.3\ref\net10.0\System.Resources.Extensions.dll'.
         Input: Assembly Reference file: 'C:\Program Files\dotnet\packs\Microsoft.NETCore.App.Ref\10.0.3\ref\net10.0\System.Resources.Reader.dll'.
         Input: Assembly Reference file: 'C:\Program Files\dotnet\packs\Microsoft.NETCore.App.Ref\10.0.3\ref\net10.0\System.Resources.ResourceManager.dll'.
   3:6>Target "SourceControlManagerPublishTranslatedUrls" in file "C:\Program Files\dotnet\sdk\10.0.103\Sdks\Microsoft.SourceLink.Common\build\InitializeSourceControlInformation.targets" from project "c:\Apps\TicketConsolidator\tests\TicketConsolidator.UnitTests\TicketConsolidator.UnitTests.csproj" (target "_InitializeSourceControlInformationFromSourceControlManager" depends on it):
   3:6>Done building target "SourceControlManagerPublishTranslatedUrls" in project "TicketConsolidator.UnitTests.csproj".
   5:6>MarkupCompilePass1:
         Input: Assembly Reference file: 'C:\Program Files\dotnet\packs\Microsoft.NETCore.App.Ref\10.0.3\ref\net10.0\System.Resources.Writer.dll'.
   6:6>ResolveAssemblyReferences:
                 Private = 'false'
   3:6>Target "_InitializeSourceControlInformationFromSourceControlManager" in file "C:\Program Files\dotnet\sdk\10.0.103\Sdks\Microsoft.SourceLink.Common\build\InitializeSourceControlInformation.targets" from project "c:\Apps\TicketConsolidator\tests\TicketConsolidator.UnitTests\TicketConsolidator.UnitTests.csproj" (target "InitializeSourceControlInformation" depends on it):
   3:6>Done building target "_InitializeSourceControlInformationFromSourceControlManager" in project "TicketConsolidator.UnitTests.csproj".
   5:6>MarkupCompilePass1:
         Input: Assembly Reference file: 'C:\Program Files\dotnet\packs\Microsoft.NETCore.App.Ref\10.0.3\ref\net10.0\System.Runtime.CompilerServices.Unsafe.dll'.
         Input: Assembly Reference file: 'C:\Program Files\dotnet\packs\Microsoft.NETCore.App.Ref\10.0.3\ref\net10.0\System.Runtime.CompilerServices.VisualC.dll'.
   3:6>Target "InitializeSourceControlInformation" in file "C:\Program Files\dotnet\sdk\10.0.103\Microsoft.Common.CurrentVersion.targets" from project "c:\Apps\TicketConsolidator\tests\TicketConsolidator.UnitTests\TicketConsolidator.UnitTests.csproj" (target "GetAssemblyAttributes" depends on it):
   3:6>Done building target "InitializeSourceControlInformation" in project "TicketConsolidator.UnitTests.csproj".
   6:6>ResolveAssemblyReferences:
             C:\Program Files\dotnet\packs\Microsoft.AspNetCore.App.Ref\10.0.3\ref/net10.0/Microsoft.Extensions.Options.DataAnnotations.dll
   5:6>MarkupCompilePass1:
         Input: Assembly Reference file: 'C:\Program Files\dotnet\packs\Microsoft.NETCore.App.Ref\10.0.3\ref\net10.0\System.Runtime.dll'.
   3:6>Target "GetAssemblyVersion" skipped. Previously built successfully.
       Target "InitializeSourceControlInformation" skipped. Previously built successfully.
   5:6>MarkupCompilePass1:
         Input: Assembly Reference file: 'C:\Program Files\dotnet\packs\Microsoft.NETCore.App.Ref\10.0.3\ref\net10.0\System.Runtime.Extensions.dll'.
   6:6>ResolveAssemblyReferences:
                 Private = 'false'
   3:6>Target "AddSourceRevisionToInformationalVersion" in file "C:\Program Files\dotnet\sdk\10.0.103\Sdks\Microsoft.NET.Sdk\targets\Microsoft.NET.GenerateAssemblyInfo.targets" from project "c:\Apps\TicketConsolidator\tests\TicketConsolidator.UnitTests\TicketConsolidator.UnitTests.csproj" (target "GetAssemblyAttributes" depends on it):
   3:6>C:\Program Files\dotnet\sdk\10.0.103\Sdks\Microsoft.NET.Sdk\targets\Microsoft.NET.GenerateAssemblyInfo.targets(70,7): message : Property reassignment: $(InformationalVersion)="1.0.0.0+fbfcdd5225fd150fadeb804e73797ac5c1514175" (previous value: "1.0.0.0") at C:\Program Files\dotnet\sdk\10.0.103\Sdks\Microsoft.NET.Sdk\targets\Microsoft.NET.GenerateAssemblyInfo.targets (70,7) [c:\Apps\TicketConsolidator\tests\TicketConsolidator.UnitTests\TicketConsolidator.UnitTests.csproj]
   5:6>MarkupCompilePass1:
         Input: Assembly Reference file: 'C:\Program Files\dotnet\packs\Microsoft.NETCore.App.Ref\10.0.3\ref\net10.0\System.Runtime.Handles.dll'.
   3:6>Done building target "AddSourceRevisionToInformationalVersion" in project "TicketConsolidator.UnitTests.csproj".
   5:6>MarkupCompilePass1:
         Input: Assembly Reference file: 'C:\Program Files\dotnet\packs\Microsoft.NETCore.App.Ref\10.0.3\ref\net10.0\System.Runtime.InteropServices.dll'.
         Input: Assembly Reference file: 'C:\Program Files\dotnet\packs\Microsoft.NETCore.App.Ref\10.0.3\ref\net10.0\System.Runtime.InteropServices.JavaScript.dll'.
         Input: Assembly Reference file: 'C:\Program Files\dotnet\packs\Microsoft.NETCore.App.Ref\10.0.3\ref\net10.0\System.Runtime.InteropServices.RuntimeInformation.dll'.
   3:6>Target "GetAssemblyAttributes" in file "C:\Program Files\dotnet\sdk\10.0.103\Sdks\Microsoft.NET.Sdk\targets\Microsoft.NET.GenerateAssemblyInfo.targets" from project "c:\Apps\TicketConsolidator\tests\TicketConsolidator.UnitTests\TicketConsolidator.UnitTests.csproj" (target "CreateGeneratedAssemblyInfoInputsCacheFile" depends on it):
   3:6>Done building target "GetAssemblyAttributes" in project "TicketConsolidator.UnitTests.csproj".
   5:6>MarkupCompilePass1:
         Input: Assembly Reference file: 'C:\Program Files\dotnet\packs\Microsoft.NETCore.App.Ref\10.0.3\ref\net10.0\System.Runtime.Intrinsics.dll'.
         Input: Assembly Reference file: 'C:\Program Files\dotnet\packs\Microsoft.NETCore.App.Ref\10.0.3\ref\net10.0\System.Runtime.Loader.dll'.
         Input: Assembly Reference file: 'C:\Program Files\dotnet\packs\Microsoft.NETCore.App.Ref\10.0.3\ref\net10.0\System.Runtime.Numerics.dll'.
   3:6>Target "CreateGeneratedAssemblyInfoInputsCacheFile" in file "C:\Program Files\dotnet\sdk\10.0.103\Sdks\Microsoft.NET.Sdk\targets\Microsoft.NET.GenerateAssemblyInfo.targets" from project "c:\Apps\TicketConsolidator\tests\TicketConsolidator.UnitTests\TicketConsolidator.UnitTests.csproj" (target "CoreGenerateAssemblyInfo" depends on it):
   3:6>Using "Hash" task from assembly "Microsoft.Build.Tasks.Core, Version=15.1.0.0, Culture=neutral, PublicKeyToken=b03f5f7f11d50a3a".
   5:6>MarkupCompilePass1:
         Input: Assembly Reference file: 'C:\Program Files\dotnet\packs\Microsoft.NETCore.App.Ref\10.0.3\ref\net10.0\System.Runtime.Serialization.dll'.
   3:6>Task "Hash"
       Done executing task "Hash".
       Task "WriteLinesToFile"
         Skipping write to file "obj\Debug\net10.0-windows\TicketConsolidator.UnitTests.AssemblyInfoInputs.cache" because content would not change.
   5:6>MarkupCompilePass1:
         Input: Assembly Reference file: 'C:\Program Files\dotnet\packs\Microsoft.NETCore.App.Ref\10.0.3\ref\net10.0\System.Runtime.Serialization.Formatters.dll'.
   3:6>Done executing task "WriteLinesToFile".
   5:6>MarkupCompilePass1:
         Input: Assembly Reference file: 'C:\Program Files\dotnet\packs\Microsoft.NETCore.App.Ref\10.0.3\ref\net10.0\System.Runtime.Serialization.Json.dll'.
   3:6>Done building target "CreateGeneratedAssemblyInfoInputsCacheFile" in project "TicketConsolidator.UnitTests.csproj".
   5:6>MarkupCompilePass1:
         Input: Assembly Reference file: 'C:\Program Files\dotnet\packs\Microsoft.NETCore.App.Ref\10.0.3\ref\net10.0\System.Runtime.Serialization.Primitives.dll'.
   3:6>Target "CoreGenerateAssemblyInfo" in file "C:\Program Files\dotnet\sdk\10.0.103\Sdks\Microsoft.NET.Sdk\targets\Microsoft.NET.GenerateAssemblyInfo.targets" from project "c:\Apps\TicketConsolidator\tests\TicketConsolidator.UnitTests\TicketConsolidator.UnitTests.csproj" (target "GenerateAssemblyInfo" depends on it):
   3:6>Skipping target "CoreGenerateAssemblyInfo" because all output files are up-to-date with respect to the input files.
       Input files: obj\Debug\net10.0-windows\TicketConsolidator.UnitTests.AssemblyInfoInputs.cache
   5:6>MarkupCompilePass1:
         Input: Assembly Reference file: 'C:\Program Files\dotnet\packs\Microsoft.NETCore.App.Ref\10.0.3\ref\net10.0\System.Runtime.Serialization.Xml.dll'.
   3:6>CoreGenerateAssemblyInfo:
       Output files: obj\Debug\net10.0-windows\TicketConsolidator.UnitTests.AssemblyInfo.cs
   5:6>MarkupCompilePass1:
         Input: Assembly Reference file: 'C:\Program Files\dotnet\packs\Microsoft.NETCore.App.Ref\10.0.3\ref\net10.0\System.Security.AccessControl.dll'.
   3:6>Done building target "CoreGenerateAssemblyInfo" in project "TicketConsolidator.UnitTests.csproj".
   5:6>MarkupCompilePass1:
         Input: Assembly Reference file: 'C:\Program Files\dotnet\packs\Microsoft.NETCore.App.Ref\10.0.3\ref\net10.0\System.Security.Claims.dll'.
         Input: Assembly Reference file: 'C:\Program Files\dotnet\packs\Microsoft.NETCore.App.Ref\10.0.3\ref\net10.0\System.Security.Cryptography.Algorithms.dll'.
   3:6>Target "GenerateAssemblyInfo" in file "C:\Program Files\dotnet\sdk\10.0.103\Sdks\Microsoft.NET.Sdk\targets\Microsoft.NET.GenerateAssemblyInfo.targets" from project "c:\Apps\TicketConsolidator\tests\TicketConsolidator.UnitTests\TicketConsolidator.UnitTests.csproj" (target "BeforeCompile" depends on it):
   3:6>Done building target "GenerateAssemblyInfo" in project "TicketConsolidator.UnitTests.csproj".
   5:6>MarkupCompilePass1:
         Input: Assembly Reference file: 'C:\Program Files\dotnet\packs\Microsoft.NETCore.App.Ref\10.0.3\ref\net10.0\System.Security.Cryptography.Cng.dll'.
         Input: Assembly Reference file: 'C:\Program Files\dotnet\packs\Microsoft.NETCore.App.Ref\10.0.3\ref\net10.0\System.Security.Cryptography.Csp.dll'.
         Input: Assembly Reference file: 'C:\Program Files\dotnet\packs\Microsoft.NETCore.App.Ref\10.0.3\ref\net10.0\System.Security.Cryptography.dll'.
   3:6>Target "BeforeCompile" in file "C:\Program Files\dotnet\sdk\10.0.103\Microsoft.Common.CurrentVersion.targets" from project "c:\Apps\TicketConsolidator\tests\TicketConsolidator.UnitTests\TicketConsolidator.UnitTests.csproj" (target "Compile" depends on it):
   3:6>Done building target "BeforeCompile" in project "TicketConsolidator.UnitTests.csproj".
   5:6>MarkupCompilePass1:
         Input: Assembly Reference file: 'C:\Program Files\dotnet\packs\Microsoft.NETCore.App.Ref\10.0.3\ref\net10.0\System.Security.Cryptography.Encoding.dll'.
   3:6>Target "ResolveAssemblyReferences" skipped. Previously built successfully.
   5:6>MarkupCompilePass1:
         Input: Assembly Reference file: 'C:\Program Files\dotnet\packs\Microsoft.NETCore.App.Ref\10.0.3\ref\net10.0\System.Security.Cryptography.OpenSsl.dll'.
   3:6>Target "_GenerateCompileInputs" skipped. Previously built successfully.
   5:6>MarkupCompilePass1:
         Input: Assembly Reference file: 'C:\Program Files\dotnet\packs\Microsoft.WindowsDesktop.App.Ref\10.0.3\ref\net10.0\System.Security.Cryptography.Pkcs.dll'.
         Input: Assembly Reference file: 'C:\Program Files\dotnet\packs\Microsoft.NETCore.App.Ref\10.0.3\ref\net10.0\System.Security.Cryptography.Primitives.dll'.
   3:6>Target "_GenerateCompileDependencyCache" in file "C:\Program Files\dotnet\sdk\10.0.103\Microsoft.Common.CurrentVersion.targets" from project "c:\Apps\TicketConsolidator\tests\TicketConsolidator.UnitTests\TicketConsolidator.UnitTests.csproj" (target "Compile" depends on it):
   3:6>Task "Hash"
   5:6>MarkupCompilePass1:
         Input: Assembly Reference file: 'C:\Program Files\dotnet\packs\Microsoft.WindowsDesktop.App.Ref\10.0.3\ref\net10.0\System.Security.Cryptography.ProtectedData.dll'.
         Input: Assembly Reference file: 'C:\Program Files\dotnet\packs\Microsoft.NETCore.App.Ref\10.0.3\ref\net10.0\System.Security.Cryptography.X509Certificates.dll'.
   3:6>Done executing task "Hash".
   5:6>MarkupCompilePass1:
         Input: Assembly Reference file: 'C:\Program Files\dotnet\packs\Microsoft.WindowsDesktop.App.Ref\10.0.3\ref\net10.0\System.Security.Cryptography.Xml.dll'.
   3:6>Task "WriteLinesToFile"
   5:6>MarkupCompilePass1:
         Input: Assembly Reference file: 'C:\Program Files\dotnet\packs\Microsoft.NETCore.App.Ref\10.0.3\ref\net10.0\System.Security.dll'.
   3:6>_GenerateCompileDependencyCache:
         Skipping write to file "obj\Debug\net10.0-windows\TicketConsolidator.UnitTests.csproj.CoreCompileInputs.cache" because content would not change.
   5:6>MarkupCompilePass1:
         Input: Assembly Reference file: 'C:\Program Files\dotnet\packs\Microsoft.WindowsDesktop.App.Ref\10.0.3\ref\net10.0\System.Security.Permissions.dll'.
   3:6>Done executing task "WriteLinesToFile".
   5:6>MarkupCompilePass1:
         Input: Assembly Reference file: 'C:\Program Files\dotnet\packs\Microsoft.NETCore.App.Ref\10.0.3\ref\net10.0\System.Security.Principal.dll'.
   3:6>Done building target "_GenerateCompileDependencyCache" in project "TicketConsolidator.UnitTests.csproj".
   5:6>MarkupCompilePass1:
         Input: Assembly Reference file: 'C:\Program Files\dotnet\packs\Microsoft.NETCore.App.Ref\10.0.3\ref\net10.0\System.Security.Principal.Windows.dll'.
         Input: Assembly Reference file: 'C:\Program Files\dotnet\packs\Microsoft.NETCore.App.Ref\10.0.3\ref\net10.0\System.Security.SecureString.dll'.
   3:6>Target "_BeforeVBCSCoreCompile" in file "C:\Program Files\dotnet\sdk\10.0.103\Roslyn\Microsoft.Managed.Core.targets" from project "c:\Apps\TicketConsolidator\tests\TicketConsolidator.UnitTests\TicketConsolidator.UnitTests.csproj" (target "CoreCompile" depends on it):
   3:6>Done building target "_BeforeVBCSCoreCompile" in project "TicketConsolidator.UnitTests.csproj".
   5:6>MarkupCompilePass1:
         Input: Assembly Reference file: 'C:\Program Files\dotnet\packs\Microsoft.NETCore.App.Ref\10.0.3\ref\net10.0\System.ServiceModel.Web.dll'.
         Input: Assembly Reference file: 'C:\Program Files\dotnet\packs\Microsoft.NETCore.App.Ref\10.0.3\ref\net10.0\System.ServiceProcess.dll'.
   3:6>Target "_ComputeSkipAnalyzers" in file "C:\Program Files\dotnet\sdk\10.0.103\Roslyn\Microsoft.Managed.Core.targets" from project "c:\Apps\TicketConsolidator\tests\TicketConsolidator.UnitTests\TicketConsolidator.UnitTests.csproj" (target "CoreCompile" depends on it):
   3:6>Done building target "_ComputeSkipAnalyzers" in project "TicketConsolidator.UnitTests.csproj".
   5:6>MarkupCompilePass1:
         Input: Assembly Reference file: 'C:\Program Files\dotnet\packs\Microsoft.NETCore.App.Ref\10.0.3\ref\net10.0\System.Text.Encoding.CodePages.dll'.
   3:6>Target "ResolveProjectReferences" skipped. Previously built successfully.
   3:6>Target "MsCoverageReferencedPathMaps" in file "C:\Users\krish.maniar.ATPL-LAP-723\.nuget\packages\microsoft.codecoverage\17.14.1\build\netstandard2.0\Microsoft.CodeCoverage.targets" from project "c:\Apps\TicketConsolidator\tests\TicketConsolidator.UnitTests\TicketConsolidator.UnitTests.csproj" (target "CoreCompile" depends on it):
       Task "MSBuild"
         Global Properties:
   5:6>MarkupCompilePass1:
         Input: Assembly Reference file: 'C:\Program Files\dotnet\packs\Microsoft.NETCore.App.Ref\10.0.3\ref\net10.0\System.Text.Encoding.dll'.
   3:6>MsCoverageReferencedPathMaps:
           TargetFramework=net10.0
   6:6>ResolveAssemblyReferences:
             C:\Program Files\dotnet\packs\Microsoft.AspNetCore.App.Ref\10.0.3\ref/net10.0/Microsoft.Extensions.Options.dll
   5:6>MarkupCompilePass1:
         Input: Assembly Reference file: 'C:\Program Files\dotnet\packs\Microsoft.NETCore.App.Ref\10.0.3\ref\net10.0\System.Text.Encoding.Extensions.dll'.
   3:6>MsCoverageReferencedPathMaps:
         Removing Properties for project "c:\Apps\TicketConsolidator\src\TicketConsolidator.Domain\TicketConsolidator.Domain.csproj":
           TargetFramework
           RuntimeIdentifier
           SelfContained
   5:6>MarkupCompilePass1:
         Input: Assembly Reference file: 'C:\Program Files\dotnet\packs\Microsoft.NETCore.App.Ref\10.0.3\ref\net10.0\System.Text.Encodings.Web.dll'.
         Input: Assembly Reference file: 'C:\Program Files\dotnet\packs\Microsoft.NETCore.App.Ref\10.0.3\ref\net10.0\System.Text.Json.dll'.
   3:6>Project "c:\Apps\TicketConsolidator\tests\TicketConsolidator.UnitTests\TicketConsolidator.UnitTests.csproj" (3:6) is building "c:\Apps\TicketConsolidator\src\TicketConsolidator.Domain\TicketConsolidator.Domain.csproj" (7:28) on node 1 (InitializeSourceRootMappedPaths target(s)).
  7:28>Target "InitializeSourceRootMappedPaths" skipped. Previously built successfully.
   5:6>MarkupCompilePass1:
         Input: Assembly Reference file: 'C:\Program Files\dotnet\packs\Microsoft.NETCore.App.Ref\10.0.3\ref\net10.0\System.Text.RegularExpressions.dll'.
  7:28>Done Building Project "c:\Apps\TicketConsolidator\src\TicketConsolidator.Domain\TicketConsolidator.Domain.csproj" (InitializeSourceRootMappedPaths target(s)).
   5:6>MarkupCompilePass1:
         Input: Assembly Reference file: 'C:\Program Files\dotnet\packs\Microsoft.NETCore.App.Ref\10.0.3\ref\net10.0\System.Threading.AccessControl.dll'.
         Input: Assembly Reference file: 'C:\Program Files\dotnet\packs\Microsoft.NETCore.App.Ref\10.0.3\ref\net10.0\System.Threading.Channels.dll'.
   6:6>ResolveAssemblyReferences:
                 Private = 'false'
   5:6>MarkupCompilePass1:
         Input: Assembly Reference file: 'C:\Program Files\dotnet\packs\Microsoft.NETCore.App.Ref\10.0.3\ref\net10.0\System.Threading.dll'.
         Input: Assembly Reference file: 'C:\Program Files\dotnet\packs\Microsoft.NETCore.App.Ref\10.0.3\ref\net10.0\System.Threading.Overlapped.dll'.
         Input: Assembly Reference file: 'C:\Program Files\dotnet\packs\Microsoft.NETCore.App.Ref\10.0.3\ref\net10.0\System.Threading.Tasks.Dataflow.dll'.
         Input: Assembly Reference file: 'C:\Program Files\dotnet\packs\Microsoft.NETCore.App.Ref\10.0.3\ref\net10.0\System.Threading.Tasks.dll'.
         Input: Assembly Reference file: 'C:\Program Files\dotnet\packs\Microsoft.NETCore.App.Ref\10.0.3\ref\net10.0\System.Threading.Tasks.Extensions.dll'.
         Input: Assembly Reference file: 'C:\Program Files\dotnet\packs\Microsoft.NETCore.App.Ref\10.0.3\ref\net10.0\System.Threading.Tasks.Parallel.dll'.
         Input: Assembly Reference file: 'C:\Program Files\dotnet\packs\Microsoft.NETCore.App.Ref\10.0.3\ref\net10.0\System.Threading.Thread.dll'.
         Input: Assembly Reference file: 'C:\Program Files\dotnet\packs\Microsoft.NETCore.App.Ref\10.0.3\ref\net10.0\System.Threading.ThreadPool.dll'.
         Input: Assembly Reference file: 'C:\Program Files\dotnet\packs\Microsoft.NETCore.App.Ref\10.0.3\ref\net10.0\System.Threading.Timer.dll'.
         Input: Assembly Reference file: 'C:\Program Files\dotnet\packs\Microsoft.NETCore.App.Ref\10.0.3\ref\net10.0\System.Transactions.dll'.
         Input: Assembly Reference file: 'C:\Program Files\dotnet\packs\Microsoft.NETCore.App.Ref\10.0.3\ref\net10.0\System.Transactions.Local.dll'.
         Input: Assembly Reference file: 'C:\Program Files\dotnet\packs\Microsoft.NETCore.App.Ref\10.0.3\ref\net10.0\System.ValueTuple.dll'.
         Input: Assembly Reference file: 'C:\Program Files\dotnet\packs\Microsoft.NETCore.App.Ref\10.0.3\ref\net10.0\System.Web.dll'.
         Input: Assembly Reference file: 'C:\Program Files\dotnet\packs\Microsoft.NETCore.App.Ref\10.0.3\ref\net10.0\System.Web.HttpUtility.dll'.
         Input: Assembly Reference file: 'C:\Program Files\dotnet\packs\Microsoft.WindowsDesktop.App.Ref\10.0.3\ref\net10.0\System.Windows.Controls.Ribbon.dll'.
         Input: Assembly Reference file: 'C:\Program Files\dotnet\packs\Microsoft.NETCore.App.Ref\10.0.3\ref\net10.0\System.Windows.dll'.
         Input: Assembly Reference file: 'C:\Program Files\dotnet\packs\Microsoft.WindowsDesktop.App.Ref\10.0.3\ref\net10.0\System.Windows.Extensions.dll'.
         Input: Assembly Reference file: 'C:\Program Files\dotnet\packs\Microsoft.WindowsDesktop.App.Ref\10.0.3\ref\net10.0\System.Windows.Forms.Design.dll'.
         Input: Assembly Reference file: 'C:\Program Files\dotnet\packs\Microsoft.WindowsDesktop.App.Ref\10.0.3\ref\net10.0\System.Windows.Forms.Design.Editors.dll'.
   6:6>ResolveAssemblyReferences:
             C:\Program Files\dotnet\packs\Microsoft.AspNetCore.App.Ref\10.0.3\ref/net10.0/Microsoft.Extensions.Primitives.dll
   5:6>MarkupCompilePass1:
         Input: Assembly Reference file: 'C:\Program Files\dotnet\packs\Microsoft.WindowsDesktop.App.Ref\10.0.3\ref\net10.0\System.Windows.Forms.dll'.
         Input: Assembly Reference file: 'C:\Program Files\dotnet\packs\Microsoft.WindowsDesktop.App.Ref\10.0.3\ref\net10.0\System.Windows.Forms.Primitives.dll'.
         Input: Assembly Reference file: 'C:\Program Files\dotnet\packs\Microsoft.WindowsDesktop.App.Ref\10.0.3\ref\net10.0\System.Windows.Input.Manipulations.dll'.
         Input: Assembly Reference file: 'C:\Program Files\dotnet\packs\Microsoft.WindowsDesktop.App.Ref\10.0.3\ref\net10.0\System.Windows.Presentation.dll'.
         Input: Assembly Reference file: 'C:\Program Files\dotnet\packs\Microsoft.WindowsDesktop.App.Ref\10.0.3\ref\net10.0\System.Windows.Primitives.dll'.
   3:6>MsCoverageReferencedPathMaps:
         Removing Properties for project "c:\Apps\TicketConsolidator\src\TicketConsolidator.Application\TicketConsolidator.Application.csproj":
   5:6>MarkupCompilePass1:
         Input: Assembly Reference file: 'C:\Program Files\dotnet\packs\Microsoft.WindowsDesktop.App.Ref\10.0.3\ref\net10.0\System.Xaml.dll'.
         Input: Assembly Reference file: 'C:\Program Files\dotnet\packs\Microsoft.NETCore.App.Ref\10.0.3\ref\net10.0\System.Xml.dll'.
         Input: Assembly Reference file: 'C:\Program Files\dotnet\packs\Microsoft.NETCore.App.Ref\10.0.3\ref\net10.0\System.Xml.Linq.dll'.
         Input: Assembly Reference file: 'C:\Program Files\dotnet\packs\Microsoft.NETCore.App.Ref\10.0.3\ref\net10.0\System.Xml.ReaderWriter.dll'.
         Input: Assembly Reference file: 'C:\Program Files\dotnet\packs\Microsoft.NETCore.App.Ref\10.0.3\ref\net10.0\System.Xml.Serialization.dll'.
   3:6>MsCoverageReferencedPathMaps:
           TargetFramework
   5:6>MarkupCompilePass1:
         Input: Assembly Reference file: 'C:\Program Files\dotnet\packs\Microsoft.NETCore.App.Ref\10.0.3\ref\net10.0\System.Xml.XDocument.dll'.
         Input: Assembly Reference file: 'C:\Program Files\dotnet\packs\Microsoft.NETCore.App.Ref\10.0.3\ref\net10.0\System.Xml.XmlDocument.dll'.
   6:6>ResolveAssemblyReferences:
                 Private = 'false'
   5:6>MarkupCompilePass1:
         Input: Assembly Reference file: 'C:\Program Files\dotnet\packs\Microsoft.NETCore.App.Ref\10.0.3\ref\net10.0\System.Xml.XmlSerializer.dll'.
   3:6>MsCoverageReferencedPathMaps:
           RuntimeIdentifier
   5:6>MarkupCompilePass1:
         Input: Assembly Reference file: 'C:\Program Files\dotnet\packs\Microsoft.NETCore.App.Ref\10.0.3\ref\net10.0\System.Xml.XPath.dll'.
         Input: Assembly Reference file: 'C:\Program Files\dotnet\packs\Microsoft.NETCore.App.Ref\10.0.3\ref\net10.0\System.Xml.XPath.XDocument.dll'.
   3:6>MsCoverageReferencedPathMaps:
           SelfContained
   5:6>MarkupCompilePass1:
         Input: Assembly Reference file: 'c:\Apps\TicketConsolidator\src\TicketConsolidator.Application\bin\Debug\net10.0\TicketConsolidator.Application.dll'.
         Input: Assembly Reference file: 'c:\Apps\TicketConsolidator\src\TicketConsolidator.Domain\bin\Debug\net10.0\TicketConsolidator.Domain.dll'.
         Input: Assembly Reference file: 'c:\Apps\TicketConsolidator\src\TicketConsolidator.Infrastructure\bin\Debug\net10.0-windows\TicketConsolidator.Infrastructure.dll'.
         Input: Assembly Reference file: 'C:\Program Files\dotnet\packs\Microsoft.WindowsDesktop.App.Ref\10.0.3\ref\net10.0\UIAutomationClient.dll'.
         Input: Assembly Reference file: 'C:\Program Files\dotnet\packs\Microsoft.WindowsDesktop.App.Ref\10.0.3\ref\net10.0\UIAutomationClientSideProviders.dll'.
   6:6>ResolveAssemblyReferences:
             C:\Program Files\dotnet\packs\Microsoft.AspNetCore.App.Ref\10.0.3\ref/net10.0/Microsoft.Extensions.Validation.dll
   5:6>MarkupCompilePass1:
         Input: Assembly Reference file: 'C:\Program Files\dotnet\packs\Microsoft.WindowsDesktop.App.Ref\10.0.3\ref\net10.0\UIAutomationProvider.dll'.
         Input: Assembly Reference file: 'C:\Program Files\dotnet\packs\Microsoft.WindowsDesktop.App.Ref\10.0.3\ref\net10.0\UIAutomationTypes.dll'.
         Input: Assembly Reference file: 'C:\Program Files\dotnet\packs\Microsoft.WindowsDesktop.App.Ref\10.0.3\ref\net10.0\WindowsBase.dll'.
         Input: Assembly Reference file: 'C:\Program Files\dotnet\packs\Microsoft.WindowsDesktop.App.Ref\10.0.3\ref\net10.0\WindowsFormsIntegration.dll'.
   3:6>Project "c:\Apps\TicketConsolidator\tests\TicketConsolidator.UnitTests\TicketConsolidator.UnitTests.csproj" (3:6) is building "c:\Apps\TicketConsolidator\src\TicketConsolidator.Application\TicketConsolidator.Application.csproj" (2:23) on node 3 (InitializeSourceRootMappedPaths target(s)).
  2:23>Target "InitializeSourceRootMappedPaths" skipped. Previously built successfully.
  2:23>Done Building Project "c:\Apps\TicketConsolidator\src\TicketConsolidator.Application\TicketConsolidator.Application.csproj" (InitializeSourceRootMappedPaths target(s)).
   6:6>ResolveAssemblyReferences:
                 Private = 'false'
             C:\Program Files\dotnet\packs\Microsoft.AspNetCore.App.Ref\10.0.3\ref/net10.0/Microsoft.Extensions.WebEncoders.dll
                 Private = 'false'
   3:6>Done executing task "MSBuild".
       Task "MSBuild"
         Global Properties:
           TargetFramework=net10.0-windows
         Removing Properties for project "c:\Apps\TicketConsolidator\src\TicketConsolidator.Infrastructure\TicketConsolidator.Infrastructure.csproj":
           TargetFramework
           RuntimeIdentifier
           SelfContained
   3:6>Project "c:\Apps\TicketConsolidator\tests\TicketConsolidator.UnitTests\TicketConsolidator.UnitTests.csproj" (3:6) is building "c:\Apps\TicketConsolidator\src\TicketConsolidator.Infrastructure\TicketConsolidator.Infrastructure.csproj" (4:19) on node 2 (InitializeSourceRootMappedPaths target(s)).
  4:19>Target "NETStandardCompatError_Microsoft_Extensions_Configuration_Binder" skipped. Previously built successfully.
       Target "InitializeSourceRootMappedPaths" skipped. Previously built successfully.
  4:19>Done Building Project "c:\Apps\TicketConsolidator\src\TicketConsolidator.Infrastructure\TicketConsolidator.Infrastructure.csproj" (InitializeSourceRootMappedPaths target(s)).
   3:6>Done executing task "MSBuild".
       Task "WriteLinesToFile"
         Skipping write to file "bin\Debug\net10.0-windows\.msCoverageSourceRootsMapping_TicketConsolidator.UnitTests" because content would not change.
       Done executing task "WriteLinesToFile".
   3:6>Done building target "MsCoverageReferencedPathMaps" in project "TicketConsolidator.UnitTests.csproj".
       Target "ResolveProjectReferences" skipped. Previously built successfully.
   3:6>Target "ReferencedPathMaps" in file "C:\Users\krish.maniar.ATPL-LAP-723\.nuget\packages\coverlet.collector\6.0.4\build\netstandard2.0\coverlet.collector.targets" from project "c:\Apps\TicketConsolidator\tests\TicketConsolidator.UnitTests\TicketConsolidator.UnitTests.csproj" (target "CoreCompile" depends on it):
       Task "MSBuild"
         Global Properties:
           TargetFramework=net10.0
         Removing Properties for project "c:\Apps\TicketConsolidator\src\TicketConsolidator.Domain\TicketConsolidator.Domain.csproj":
           TargetFramework
           RuntimeIdentifier
           SelfContained
   3:6>Project "c:\Apps\TicketConsolidator\tests\TicketConsolidator.UnitTests\TicketConsolidator.UnitTests.csproj" (3:6) is building "c:\Apps\TicketConsolidator\src\TicketConsolidator.Domain\TicketConsolidator.Domain.csproj" (7:29) on node 1 (InitializeSourceRootMappedPaths target(s)).
  7:29>Target "InitializeSourceRootMappedPaths" skipped. Previously built successfully.
  7:29>Done Building Project "c:\Apps\TicketConsolidator\src\TicketConsolidator.Domain\TicketConsolidator.Domain.csproj" (InitializeSourceRootMappedPaths target(s)).
   6:6>ResolveAssemblyReferences:
             C:\Program Files\dotnet\packs\Microsoft.AspNetCore.App.Ref\10.0.3\ref/net10.0/Microsoft.JSInterop.dll
                 Private = 'false'
             C:\Program Files\dotnet\packs\Microsoft.AspNetCore.App.Ref\10.0.3\ref/net10.0/Microsoft.Net.Http.Headers.dll
                 Private = 'false'
             C:\Program Files\dotnet\packs\Microsoft.AspNetCore.App.Ref\10.0.3\ref/net10.0/System.Diagnostics.EventLog.dll
                 Private = 'false'
             C:\Program Files\dotnet\packs\Microsoft.AspNetCore.App.Ref\10.0.3\ref/net10.0/System.Formats.Cbor.dll
                 Private = 'false'
             C:\Program Files\dotnet\packs\Microsoft.AspNetCore.App.Ref\10.0.3\ref/net10.0/System.Security.Cryptography.Xml.dll
                 Private = 'false'
             C:\Program Files\dotnet\packs\Microsoft.AspNetCore.App.Ref\10.0.3\ref/net10.0/System.Threading.RateLimiting.dll
                 Private = 'false'
             C:\Program Files\dotnet\packs\Microsoft.WindowsDesktop.App.Ref\10.0.3\ref/net10.0/Accessibility.dll
                 Private = 'false'
             C:\Program Files\dotnet\packs\Microsoft.WindowsDesktop.App.Ref\10.0.3\ref/net10.0/Microsoft.Win32.Registry.AccessControl.dll
                 Private = 'false'
             C:\Program Files\dotnet\packs\Microsoft.WindowsDesktop.App.Ref\10.0.3\ref/net10.0/Microsoft.Win32.SystemEvents.dll
                 Private = 'false'
             C:\Program Files\dotnet\packs\Microsoft.WindowsDesktop.App.Ref\10.0.3\ref/net10.0/PresentationCore.dll
   3:6>ReferencedPathMaps:
         Removing Properties for project "c:\Apps\TicketConsolidator\src\TicketConsolidator.Application\TicketConsolidator.Application.csproj":
           TargetFramework
           RuntimeIdentifier
           SelfContained
   6:6>ResolveAssemblyReferences:
                 Private = 'false'
   3:6>Project "c:\Apps\TicketConsolidator\tests\TicketConsolidator.UnitTests\TicketConsolidator.UnitTests.csproj" (3:6) is building "c:\Apps\TicketConsolidator\src\TicketConsolidator.Application\TicketConsolidator.Application.csproj" (2:24) on node 3 (InitializeSourceRootMappedPaths target(s)).
  2:24>Target "InitializeSourceRootMappedPaths" skipped. Previously built successfully.
  2:24>Done Building Project "c:\Apps\TicketConsolidator\src\TicketConsolidator.Application\TicketConsolidator.Application.csproj" (InitializeSourceRootMappedPaths target(s)).
   6:6>ResolveAssemblyReferences:
             C:\Program Files\dotnet\packs\Microsoft.WindowsDesktop.App.Ref\10.0.3\ref/net10.0/PresentationFramework.Aero.dll
                 Private = 'false'
             C:\Program Files\dotnet\packs\Microsoft.WindowsDesktop.App.Ref\10.0.3\ref/net10.0/PresentationFramework.Aero2.dll
                 Private = 'false'
             C:\Program Files\dotnet\packs\Microsoft.WindowsDesktop.App.Ref\10.0.3\ref/net10.0/PresentationFramework.AeroLite.dll
                 Private = 'false'
             C:\Program Files\dotnet\packs\Microsoft.WindowsDesktop.App.Ref\10.0.3\ref/net10.0/PresentationFramework.Classic.dll
                 Private = 'false'
             C:\Program Files\dotnet\packs\Microsoft.WindowsDesktop.App.Ref\10.0.3\ref/net10.0/PresentationFramework.Luna.dll
   3:6>Done executing task "MSBuild".
   6:6>ResolveAssemblyReferences:
                 Private = 'false'
   3:6>Task "MSBuild"
         Global Properties:
           TargetFramework=net10.0-windows
         Removing Properties for project "c:\Apps\TicketConsolidator\src\TicketConsolidator.Infrastructure\TicketConsolidator.Infrastructure.csproj":
   6:6>ResolveAssemblyReferences:
             C:\Program Files\dotnet\packs\Microsoft.WindowsDesktop.App.Ref\10.0.3\ref/net10.0/PresentationFramework.Royale.dll
                 Private = 'false'
   3:6>ReferencedPathMaps:
           TargetFramework
   6:6>ResolveAssemblyReferences:
             C:\Program Files\dotnet\packs\Microsoft.WindowsDesktop.App.Ref\10.0.3\ref/net10.0/PresentationFramework.dll
                 Private = 'false'
   3:6>ReferencedPathMaps:
           RuntimeIdentifier
           SelfContained
   6:6>ResolveAssemblyReferences:
             C:\Program Files\dotnet\packs\Microsoft.WindowsDesktop.App.Ref\10.0.3\ref/net10.0/PresentationUI.dll
                 Private = 'false'
             C:\Program Files\dotnet\packs\Microsoft.WindowsDesktop.App.Ref\10.0.3\ref/net10.0/ReachFramework.dll
                 Private = 'false'
   3:6>Project "c:\Apps\TicketConsolidator\tests\TicketConsolidator.UnitTests\TicketConsolidator.UnitTests.csproj" (3:6) is building "c:\Apps\TicketConsolidator\src\TicketConsolidator.Infrastructure\TicketConsolidator.Infrastructure.csproj" (4:20) on node 2 (InitializeSourceRootMappedPaths target(s)).
  4:20>Target "NETStandardCompatError_Microsoft_Extensions_Configuration_Binder" skipped. Previously built successfully.
       Target "InitializeSourceRootMappedPaths" skipped. Previously built successfully.
   6:6>ResolveAssemblyReferences:
             C:\Program Files\dotnet\packs\Microsoft.WindowsDesktop.App.Ref\10.0.3\ref/net10.0/System.CodeDom.dll
                 Private = 'false'
  4:20>Done Building Project "c:\Apps\TicketConsolidator\src\TicketConsolidator.Infrastructure\TicketConsolidator.Infrastructure.csproj" (InitializeSourceRootMappedPaths target(s)).
   6:6>ResolveAssemblyReferences:
             C:\Program Files\dotnet\packs\Microsoft.WindowsDesktop.App.Ref\10.0.3\ref/net10.0/System.Configuration.ConfigurationManager.dll
                 Private = 'false'
             C:\Program Files\dotnet\packs\Microsoft.WindowsDesktop.App.Ref\10.0.3\ref/net10.0/System.Diagnostics.PerformanceCounter.dll
                 Private = 'false'
             C:\Program Files\dotnet\packs\Microsoft.WindowsDesktop.App.Ref\10.0.3\ref/net10.0/System.DirectoryServices.dll
                 Private = 'false'
             C:\Program Files\dotnet\packs\Microsoft.WindowsDesktop.App.Ref\10.0.3\ref/net10.0/System.Drawing.Common.dll
                 Private = 'false'
             C:\Program Files\dotnet\packs\Microsoft.WindowsDesktop.App.Ref\10.0.3\ref/net10.0/System.Formats.Nrbf.dll
                 Private = 'false'
             C:\Program Files\dotnet\packs\Microsoft.WindowsDesktop.App.Ref\10.0.3\ref/net10.0/System.IO.Packaging.dll
                 Private = 'false'
             C:\Program Files\dotnet\packs\Microsoft.WindowsDesktop.App.Ref\10.0.3\ref/net10.0/System.Printing.dll
                 Private = 'false'
   3:6>Done executing task "MSBuild".
   6:6>ResolveAssemblyReferences:
             C:\Program Files\dotnet\packs\Microsoft.WindowsDesktop.App.Ref\10.0.3\ref/net10.0/System.Private.Windows.Core.dll
                 Private = 'false'
             C:\Program Files\dotnet\packs\Microsoft.WindowsDesktop.App.Ref\10.0.3\ref/net10.0/System.Private.Windows.GdiPlus.dll
                 Private = 'false'
             C:\Program Files\dotnet\packs\Microsoft.WindowsDesktop.App.Ref\10.0.3\ref/net10.0/System.Resources.Extensions.dll
   3:6>Task "WriteLinesToFile"
   6:6>ResolveAssemblyReferences:
                 Private = 'false'
             C:\Program Files\dotnet\packs\Microsoft.WindowsDesktop.App.Ref\10.0.3\ref/net10.0/System.Security.Cryptography.Pkcs.dll
                 Private = 'false'
             C:\Program Files\dotnet\packs\Microsoft.WindowsDesktop.App.Ref\10.0.3\ref/net10.0/System.Security.Cryptography.ProtectedData.dll
                 Private = 'false'
             C:\Program Files\dotnet\packs\Microsoft.WindowsDesktop.App.Ref\10.0.3\ref/net10.0/System.Security.Permissions.dll
                 Private = 'false'
             C:\Program Files\dotnet\packs\Microsoft.WindowsDesktop.App.Ref\10.0.3\ref/net10.0/System.Windows.Controls.Ribbon.dll
                 Private = 'false'
   3:6>ReferencedPathMaps:
         Skipping write to file "bin\Debug\net10.0-windows\CoverletSourceRootsMapping_TicketConsolidator.UnitTests" because content would not change.
   6:6>ResolveAssemblyReferences:
             C:\Program Files\dotnet\packs\Microsoft.WindowsDesktop.App.Ref\10.0.3\ref/net10.0/System.Windows.Extensions.dll
                 Private = 'false'
   3:6>Done executing task "WriteLinesToFile".
   6:6>ResolveAssemblyReferences:
             C:\Program Files\dotnet\packs\Microsoft.WindowsDesktop.App.Ref\10.0.3\ref/net10.0/System.Windows.Input.Manipulations.dll
                 Private = 'false'
   3:6>Done building target "ReferencedPathMaps" in project "TicketConsolidator.UnitTests.csproj".
       Target "BeforeCompile" skipped. Previously built successfully.
       Target "InitializeSourceControlInformationFromSourceControlManager" skipped. Previously built successfully.
   6:6>ResolveAssemblyReferences:
             C:\Program Files\dotnet\packs\Microsoft.WindowsDesktop.App.Ref\10.0.3\ref/net10.0/System.Windows.Presentation.dll
                 Private = 'false'
   3:6>Target "SetEmbeddedFilesFromSourceControlManagerUntrackedFiles" in file "C:\Program Files\dotnet\sdk\10.0.103\Sdks\Microsoft.Build.Tasks.Git\build\Microsoft.Build.Tasks.Git.targets" from project "c:\Apps\TicketConsolidator\tests\TicketConsolidator.UnitTests\TicketConsolidator.UnitTests.csproj" (target "_SetEmbeddedFilesFromSourceControlManagerUntrackedFiles" depends on it):
   3:6>Using "Microsoft.Build.Tasks.Git.GetUntrackedFiles" task from assembly "C:\Program Files\dotnet\sdk\10.0.103\Sdks\Microsoft.Build.Tasks.Git\build\..\tools\net\Microsoft.Build.Tasks.Git.dll".
   6:6>ResolveAssemblyReferences:
             C:\Program Files\dotnet\packs\Microsoft.WindowsDesktop.App.Ref\10.0.3\ref/net10.0/System.Windows.Primitives.dll
                 Private = 'false'
             C:\Program Files\dotnet\packs\Microsoft.WindowsDesktop.App.Ref\10.0.3\ref/net10.0/System.Xaml.dll
                 Private = 'false'
             C:\Program Files\dotnet\packs\Microsoft.WindowsDesktop.App.Ref\10.0.3\ref/net10.0/UIAutomationClient.dll
                 Private = 'false'
             C:\Program Files\dotnet\packs\Microsoft.WindowsDesktop.App.Ref\10.0.3\ref/net10.0/UIAutomationClientSideProviders.dll
   3:6>Task "Microsoft.Build.Tasks.Git.GetUntrackedFiles"
   6:6>ResolveAssemblyReferences:
                 Private = 'false'
   3:6>SetEmbeddedFilesFromSourceControlManagerUntrackedFiles:
         SourceLink: Reusing cached git repository information.
   6:6>ResolveAssemblyReferences:
             C:\Program Files\dotnet\packs\Microsoft.WindowsDesktop.App.Ref\10.0.3\ref/net10.0/UIAutomationProvider.dll
   3:6>Done executing task "Microsoft.Build.Tasks.Git.GetUntrackedFiles".
   3:6>Done building target "SetEmbeddedFilesFromSourceControlManagerUntrackedFiles" in project "TicketConsolidator.UnitTests.csproj".
   3:6>Target "_SetEmbeddedFilesFromSourceControlManagerUntrackedFiles" in file "C:\Program Files\dotnet\sdk\10.0.103\Sdks\Microsoft.SourceLink.Common\build\Microsoft.SourceLink.Common.targets" from project "c:\Apps\TicketConsolidator\tests\TicketConsolidator.UnitTests\TicketConsolidator.UnitTests.csproj" (target "CoreCompile" depends on it):
   3:6>Done building target "_SetEmbeddedFilesFromSourceControlManagerUntrackedFiles" in project "TicketConsolidator.UnitTests.csproj".
   6:6>ResolveAssemblyReferences:
                 Private = 'false'
             C:\Program Files\dotnet\packs\Microsoft.WindowsDesktop.App.Ref\10.0.3\ref/net10.0/UIAutomationTypes.dll
                 Private = 'false'
             C:\Program Files\dotnet\packs\Microsoft.WindowsDesktop.App.Ref\10.0.3\ref/net10.0/WindowsBase.dll
                 Private = 'false'
         AssemblyFiles:
   3:6>Target "InitializeSourceControlInformation" skipped. Previously built successfully.
   3:6>Target "_SetSourceLinkFilePath" in file "C:\Program Files\dotnet\sdk\10.0.103\Sdks\Microsoft.SourceLink.Common\build\Microsoft.SourceLink.Common.targets" from project "c:\Apps\TicketConsolidator\tests\TicketConsolidator.UnitTests\TicketConsolidator.UnitTests.csproj" (target "_GenerateSourceLinkFile" depends on it):
   3:6>Done building target "_SetSourceLinkFilePath" in project "TicketConsolidator.UnitTests.csproj".
       Target "InitializeSourceControlInformation" skipped. Previously built successfully.
   3:6>Target "_InitializeSourceRootMappedPathsFromSourceControl" in file "C:\Program Files\dotnet\sdk\10.0.103\Roslyn\Microsoft.Managed.Core.targets" from project "c:\Apps\TicketConsolidator\tests\TicketConsolidator.UnitTests\TicketConsolidator.UnitTests.csproj" (target "InitializeSourceRootMappedPaths" depends on it):
   3:6>Done building target "_InitializeSourceRootMappedPathsFromSourceControl" in project "TicketConsolidator.UnitTests.csproj".
   6:6>ResolveAssemblyReferences:
             c:\Apps\TicketConsolidator\src\TicketConsolidator.Domain\bin\Debug\net10.0\TicketConsolidator.Domain.dll
             c:\Apps\TicketConsolidator\src\TicketConsolidator.Infrastructure\bin\Debug\net10.0-windows\TicketConsolidator.Infrastructure.dll
             c:\Apps\TicketConsolidator\src\TicketConsolidator.Application\bin\Debug\net10.0\TicketConsolidator.Application.dll
   3:6>Target "InitializeSourceRootMappedPaths" in file "C:\Program Files\dotnet\sdk\10.0.103\Roslyn\Microsoft.Managed.Core.targets" from project "c:\Apps\TicketConsolidator\tests\TicketConsolidator.UnitTests\TicketConsolidator.UnitTests.csproj" (target "_InitializeSourceRootMappedPathsOpt" depends on it):
   3:6>Using "Microsoft.CodeAnalysis.BuildTasks.MapSourceRoots" task from assembly "C:\Program Files\dotnet\sdk\10.0.103\Sdks\Microsoft.NET.Sdk\targets\..\..\..\Roslyn\Microsoft.Build.Tasks.CodeAnalysis.dll".
       Task "Microsoft.CodeAnalysis.BuildTasks.MapSourceRoots"
   6:6>ResolveAssemblyReferences:
         CandidateAssemblyFiles:
   3:6>Done executing task "Microsoft.CodeAnalysis.BuildTasks.MapSourceRoots".
   6:6>ResolveAssemblyReferences:
         TargetFrameworkDirectories:
   3:6>Done building target "InitializeSourceRootMappedPaths" in project "TicketConsolidator.UnitTests.csproj".
   6:6>ResolveAssemblyReferences:
             
         NonCultureResourceDirectories:
   3:6>Target "_InitializeSourceRootMappedPathsOpt" in file "C:\Program Files\dotnet\sdk\10.0.103\Sdks\Microsoft.SourceLink.Common\build\Microsoft.SourceLink.Common.targets" from project "c:\Apps\TicketConsolidator\tests\TicketConsolidator.UnitTests\TicketConsolidator.UnitTests.csproj" (target "_GenerateSourceLinkFile" depends on it):
   3:6>Done building target "_InitializeSourceRootMappedPathsOpt" in project "TicketConsolidator.UnitTests.csproj".
   6:6>ResolveAssemblyReferences:
             
         InstalledAssemblyTables:
         IgnoreInstalledAssemblyTable:
             False
         SearchPaths:
             {CandidateAssemblyFiles}
   3:6>Target "_InitializeGitHubSourceLinkUrl" in file "C:\Program Files\dotnet\sdk\10.0.103\Sdks\Microsoft.SourceLink.GitHub\build\Microsoft.SourceLink.GitHub.targets" from project "c:\Apps\TicketConsolidator\tests\TicketConsolidator.UnitTests\TicketConsolidator.UnitTests.csproj" (target "_GenerateSourceLinkFile" depends on it):
   3:6>Building target "_InitializeGitHubSourceLinkUrl" completely.
   6:6>ResolveAssemblyReferences:
             {HintPathFromItem}
   3:6>_InitializeGitHubSourceLinkUrl:
       No input files were specified.
   6:6>ResolveAssemblyReferences:
             {TargetFrameworkDirectory}
             {RawFileName}
         AllowedAssemblyExtensions:
             .winmd
   3:6>_InitializeGitHubSourceLinkUrl:
       Using "Microsoft.SourceLink.GitHub.GetSourceLinkUrl" task from assembly "C:\Program Files\dotnet\sdk\10.0.103\Sdks\Microsoft.SourceLink.GitHub\build\..\tools\net\Microsoft.SourceLink.GitHub.dll".
   6:6>ResolveAssemblyReferences:
             .dll
             .exe
         AllowedRelatedFileExtensions:
   3:6>Task "Microsoft.SourceLink.GitHub.GetSourceLinkUrl"
   6:6>ResolveAssemblyReferences:
             .pdb
   3:6>Done executing task "Microsoft.SourceLink.GitHub.GetSourceLinkUrl".
   6:6>ResolveAssemblyReferences:
             .xml
             .pri
   3:6>Done building target "_InitializeGitHubSourceLinkUrl" in project "TicketConsolidator.UnitTests.csproj".
   6:6>ResolveAssemblyReferences:
             .dll.config
   3:6>Target "_InitializeGitHubSourceLinkUrl" in file "C:\Program Files\dotnet\sdk\10.0.103\Sdks\Microsoft.SourceLink.GitHub\build\Microsoft.SourceLink.GitHub.targets" from project "c:\Apps\TicketConsolidator\tests\TicketConsolidator.UnitTests\TicketConsolidator.UnitTests.csproj" (target "_GenerateSourceLinkFile" depends on it):
   3:6>Building target "_InitializeGitHubSourceLinkUrl" completely.
   6:6>ResolveAssemblyReferences:
             .exe.config
   3:6>_InitializeGitHubSourceLinkUrl:
       No input files were specified.
       Task "Microsoft.SourceLink.GitHub.GetSourceLinkUrl"
       Done executing task "Microsoft.SourceLink.GitHub.GetSourceLinkUrl".
   6:6>ResolveAssemblyReferences:
         AppConfigFile:
   3:6>Done building target "_InitializeGitHubSourceLinkUrl" in project "TicketConsolidator.UnitTests.csproj".
   6:6>ResolveAssemblyReferences:
             
         AutoUnify:
   3:6>Target "_InitializeGitHubSourceLinkUrl" in file "C:\Program Files\dotnet\sdk\10.0.103\Sdks\Microsoft.SourceLink.GitHub\build\Microsoft.SourceLink.GitHub.targets" from project "c:\Apps\TicketConsolidator\tests\TicketConsolidator.UnitTests\TicketConsolidator.UnitTests.csproj" (target "_GenerateSourceLinkFile" depends on it):
   3:6>Building target "_InitializeGitHubSourceLinkUrl" completely.
   6:6>ResolveAssemblyReferences:
             True
         EnableCustomCulture:
   3:6>_InitializeGitHubSourceLinkUrl:
       No input files were specified.
   6:6>ResolveAssemblyReferences:
             False
   3:6>Task "Microsoft.SourceLink.GitHub.GetSourceLinkUrl"
       Done executing task "Microsoft.SourceLink.GitHub.GetSourceLinkUrl".
   6:6>ResolveAssemblyReferences:
         EnableCustomCulture:
   3:6>Done building target "_InitializeGitHubSourceLinkUrl" in project "TicketConsolidator.UnitTests.csproj".
   6:6>ResolveAssemblyReferences:
             False
   3:6>Target "_InitializeGitLabSourceLinkUrl" in file "C:\Program Files\dotnet\sdk\10.0.103\Sdks\Microsoft.SourceLink.GitLab\build\Microsoft.SourceLink.GitLab.targets" from project "c:\Apps\TicketConsolidator\tests\TicketConsolidator.UnitTests\TicketConsolidator.UnitTests.csproj" (target "_GenerateSourceLinkFile" depends on it):
   3:6>Building target "_InitializeGitLabSourceLinkUrl" completely.
       No input files were specified.
   6:6>ResolveAssemblyReferences:
         CopyLocalDependenciesWhenParentReferenceInGac:
   3:6>_InitializeGitLabSourceLinkUrl:
       Using "Microsoft.SourceLink.GitLab.GetSourceLinkUrl" task from assembly "C:\Program Files\dotnet\sdk\10.0.103\Sdks\Microsoft.SourceLink.GitLab\build\..\tools\net\Microsoft.SourceLink.GitLab.dll".
   6:6>ResolveAssemblyReferences:
             True
         FindDependencies:
   3:6>Task "Microsoft.SourceLink.GitLab.GetSourceLinkUrl"
   6:6>ResolveAssemblyReferences:
             True
   3:6>_InitializeGitLabSourceLinkUrl:
       C:\Program Files\dotnet\sdk\10.0.103\Sdks\Microsoft.SourceLink.GitLab\build\Microsoft.SourceLink.GitLab.targets(37,7): message : Property reassignment: $(_SourceLinkUrlToUpdate)="N/A" (previous value: "https://raw.githubusercontent.com/JeetVegad/TicketConsolidator/fbfcdd5225fd150fadeb804e73797ac5c1514175/*") at C:\Program Files\dotnet\sdk\10.0.103\Sdks\Microsoft.SourceLink.GitLab\build\Microsoft.SourceLink.GitLab.targets (37,7) [c:\Apps\TicketConsolidator\tests\TicketConsolidator.UnitTests\TicketConsolidator.UnitTests.csproj]
       Done executing task "Microsoft.SourceLink.GitLab.GetSourceLinkUrl".
   6:6>ResolveAssemblyReferences:
         TargetProcessorArchitecture:
   3:6>Done building target "_InitializeGitLabSourceLinkUrl" in project "TicketConsolidator.UnitTests.csproj".
   6:6>ResolveAssemblyReferences:
             msil
         StateFile:
   3:6>Target "_InitializeGitLabSourceLinkUrl" in file "C:\Program Files\dotnet\sdk\10.0.103\Sdks\Microsoft.SourceLink.GitLab\build\Microsoft.SourceLink.GitLab.targets" from project "c:\Apps\TicketConsolidator\tests\TicketConsolidator.UnitTests\TicketConsolidator.UnitTests.csproj" (target "_GenerateSourceLinkFile" depends on it):
   3:6>Building target "_InitializeGitLabSourceLinkUrl" completely.
   6:6>ResolveAssemblyReferences:
             obj\Debug\net10.0-windows\TicketConsolidator.Web.csproj.AssemblyReference.cache
   3:6>_InitializeGitLabSourceLinkUrl:
       No input files were specified.
   6:6>ResolveAssemblyReferences:
         InstalledAssemblySubsetTables:
   3:6>Task "Microsoft.SourceLink.GitLab.GetSourceLinkUrl"
   6:6>ResolveAssemblyReferences:
         IgnoreInstalledAssemblySubsetTable:
             False
         TargetFrameworkSubsets:
   3:6>_InitializeGitLabSourceLinkUrl:
       C:\Program Files\dotnet\sdk\10.0.103\Sdks\Microsoft.SourceLink.GitLab\build\Microsoft.SourceLink.GitLab.targets(37,7): message : Property reassignment: $(_SourceLinkUrlToUpdate)="N/A" (previous value: "https://raw.githubusercontent.com/JeetVegad/TicketConsolidator/fbfcdd5225fd150fadeb804e73797ac5c1514175/*") at C:\Program Files\dotnet\sdk\10.0.103\Sdks\Microsoft.SourceLink.GitLab\build\Microsoft.SourceLink.GitLab.targets (37,7) [c:\Apps\TicketConsolidator\tests\TicketConsolidator.UnitTests\TicketConsolidator.UnitTests.csproj]
   6:6>ResolveAssemblyReferences:
         FullTargetFrameworkSubsetNames:
   3:6>Done executing task "Microsoft.SourceLink.GitLab.GetSourceLinkUrl".
   3:6>Done building target "_InitializeGitLabSourceLinkUrl" in project "TicketConsolidator.UnitTests.csproj".
   6:6>ResolveAssemblyReferences:
             Full
         ProfileName:
   3:6>Target "_InitializeGitLabSourceLinkUrl" in file "C:\Program Files\dotnet\sdk\10.0.103\Sdks\Microsoft.SourceLink.GitLab\build\Microsoft.SourceLink.GitLab.targets" from project "c:\Apps\TicketConsolidator\tests\TicketConsolidator.UnitTests\TicketConsolidator.UnitTests.csproj" (target "_GenerateSourceLinkFile" depends on it):
   3:6>Building target "_InitializeGitLabSourceLinkUrl" completely.
       No input files were specified.
   6:6>ResolveAssemblyReferences:
             
   3:6>Task "Microsoft.SourceLink.GitLab.GetSourceLinkUrl"
   6:6>ResolveAssemblyReferences:
         FullFrameworkFolders:
         LatestTargetFrameworkDirectories:
         ProfileTablesLocation:
         Primary reference "TicketConsolidator.Domain, Version=1.0.0.0, Culture=neutral, PublicKeyToken=null".
             Resolved file path is "c:\Apps\TicketConsolidator\src\TicketConsolidator.Domain\bin\Debug\net10.0\TicketConsolidator.Domain.dll".
             Reference found at search path location "c:\Apps\TicketConsolidator\src\TicketConsolidator.Domain\bin\Debug\net10.0\TicketConsolidator.Domain.dll".
             Found related file "c:\Apps\TicketConsolidator\src\TicketConsolidator.Domain\bin\Debug\net10.0\TicketConsolidator.Domain.pdb".
         Primary reference "TicketConsolidator.Infrastructure, Version=1.0.0.0, Culture=neutral, PublicKeyToken=null".
             Resolved file path is "c:\Apps\TicketConsolidator\src\TicketConsolidator.Infrastructure\bin\Debug\net10.0-windows\TicketConsolidator.Infrastructure.dll".
             Reference found at search path location "c:\Apps\TicketConsolidator\src\TicketConsolidator.Infrastructure\bin\Debug\net10.0-windows\TicketConsolidator.Infrastructure.dll".
             Found related file "c:\Apps\TicketConsolidator\src\TicketConsolidator.Infrastructure\bin\Debug\net10.0-windows\TicketConsolidator.Infrastructure.pdb".
         Primary reference "TicketConsolidator.Application, Version=1.0.0.0, Culture=neutral, PublicKeyToken=null".
             Resolved file path is "c:\Apps\TicketConsolidator\src\TicketConsolidator.Application\bin\Debug\net10.0\TicketConsolidator.Application.dll".
             Reference found at search path location "c:\Apps\TicketConsolidator\src\TicketConsolidator.Application\bin\Debug\net10.0\TicketConsolidator.Application.dll".
   3:6>_InitializeGitLabSourceLinkUrl:
       C:\Program Files\dotnet\sdk\10.0.103\Sdks\Microsoft.SourceLink.GitLab\build\Microsoft.SourceLink.GitLab.targets(37,7): message : Property reassignment: $(_SourceLinkUrlToUpdate)="N/A" (previous value: "https://raw.githubusercontent.com/JeetVegad/TicketConsolidator/fbfcdd5225fd150fadeb804e73797ac5c1514175/*") at C:\Program Files\dotnet\sdk\10.0.103\Sdks\Microsoft.SourceLink.GitLab\build\Microsoft.SourceLink.GitLab.targets (37,7) [c:\Apps\TicketConsolidator\tests\TicketConsolidator.UnitTests\TicketConsolidator.UnitTests.csproj]
   6:6>ResolveAssemblyReferences:
             Found related file "c:\Apps\TicketConsolidator\src\TicketConsolidator.Application\bin\Debug\net10.0\TicketConsolidator.Application.pdb".
         Primary reference "System.Data.SqlClient, Version=4.6.1.6, Culture=neutral, PublicKeyToken=b03f5f7f11d50a3a".
             Resolved file path is "C:\Users\krish.maniar.ATPL-LAP-723\.nuget\packages\system.data.sqlclient\4.9.0\lib\net8.0\System.Data.SqlClient.dll".
             Reference found at search path location "{HintPathFromItem}".
   3:6>Done executing task "Microsoft.SourceLink.GitLab.GetSourceLinkUrl".
   6:6>ResolveAssemblyReferences:
             This reference is not "CopyLocal" because at least one source item had "Private" set to "false" and no source items had "Private" set to "true".
         Primary reference "Microsoft.CSharp, Version=10.0.0.0, Culture=neutral, PublicKeyToken=b03f5f7f11d50a3a".
   3:6>Done building target "_InitializeGitLabSourceLinkUrl" in project "TicketConsolidator.UnitTests.csproj".
   6:6>ResolveAssemblyReferences:
             Resolved file path is "C:\Program Files\dotnet\packs\Microsoft.NETCore.App.Ref\10.0.3\ref\net10.0\Microsoft.CSharp.dll".
             Reference found at search path location "{RawFileName}".
             This reference is not "CopyLocal" because at least one source item had "Private" set to "false" and no source items had "Private" set to "true".
         Primary reference "Microsoft.VisualBasic.Core, Version=15.0.0.0, Culture=neutral, PublicKeyToken=b03f5f7f11d50a3a".
   3:6>Target "_InitializeAzureReposGitSourceLinkUrl" in file "C:\Program Files\dotnet\sdk\10.0.103\Sdks\Microsoft.SourceLink.AzureRepos.Git\build\Microsoft.SourceLink.AzureRepos.Git.targets" from project "c:\Apps\TicketConsolidator\tests\TicketConsolidator.UnitTests\TicketConsolidator.UnitTests.csproj" (target "_GenerateSourceLinkFile" depends on it):
   3:6>Building target "_InitializeAzureReposGitSourceLinkUrl" completely.
   6:6>ResolveAssemblyReferences:
             Resolved file path is "C:\Program Files\dotnet\packs\Microsoft.NETCore.App.Ref\10.0.3\ref\net10.0\Microsoft.VisualBasic.Core.dll".
   3:6>_InitializeAzureReposGitSourceLinkUrl:
       No input files were specified.
   6:6>ResolveAssemblyReferences:
             Reference found at search path location "{RawFileName}".
             This reference is not "CopyLocal" because at least one source item had "Private" set to "false" and no source items had "Private" set to "true".
         Primary reference "Microsoft.VisualBasic, Version=10.0.0.0, Culture=neutral, PublicKeyToken=b03f5f7f11d50a3a".
             Resolved file path is "C:\Program Files\dotnet\packs\Microsoft.NETCore.App.Ref\10.0.3\ref\net10.0\Microsoft.VisualBasic.dll".
             Reference found at search path location "{RawFileName}".
   3:6>_InitializeAzureReposGitSourceLinkUrl:
       Using "Microsoft.SourceLink.AzureRepos.Git.GetSourceLinkUrl" task from assembly "C:\Program Files\dotnet\sdk\10.0.103\Sdks\Microsoft.SourceLink.AzureRepos.Git\build\..\tools\net\Microsoft.SourceLink.AzureRepos.Git.dll".
   6:6>ResolveAssemblyReferences:
             This reference is not "CopyLocal" because at least one source item had "Private" set to "false" and no source items had "Private" set to "true".
         Primary reference "Microsoft.Win32.Primitives, Version=10.0.0.0, Culture=neutral, PublicKeyToken=b03f5f7f11d50a3a".
             Resolved file path is "C:\Program Files\dotnet\packs\Microsoft.NETCore.App.Ref\10.0.3\ref\net10.0\Microsoft.Win32.Primitives.dll".
             Reference found at search path location "{RawFileName}".
             This reference is not "CopyLocal" because at least one source item had "Private" set to "false" and no source items had "Private" set to "true".
         Primary reference "Microsoft.Win32.Registry, Version=10.0.0.0, Culture=neutral, PublicKeyToken=b03f5f7f11d50a3a".
             Resolved file path is "C:\Program Files\dotnet\packs\Microsoft.NETCore.App.Ref\10.0.3\ref\net10.0\Microsoft.Win32.Registry.dll".
             Reference found at search path location "{RawFileName}".
             This reference is not "CopyLocal" because at least one source item had "Private" set to "false" and no source items had "Private" set to "true".
   3:6>Task "Microsoft.SourceLink.AzureRepos.Git.GetSourceLinkUrl"
   6:6>ResolveAssemblyReferences:
         Primary reference "System.AppContext, Version=10.0.0.0, Culture=neutral, PublicKeyToken=b03f5f7f11d50a3a".
             Resolved file path is "C:\Program Files\dotnet\packs\Microsoft.NETCore.App.Ref\10.0.3\ref\net10.0\System.AppContext.dll".
             Reference found at search path location "{RawFileName}".
             This reference is not "CopyLocal" because at least one source item had "Private" set to "false" and no source items had "Private" set to "true".
   3:6>Done executing task "Microsoft.SourceLink.AzureRepos.Git.GetSourceLinkUrl".
   6:6>ResolveAssemblyReferences:
         Primary reference "System.Buffers, Version=10.0.0.0, Culture=neutral, PublicKeyToken=cc7b13ffcd2ddd51".
             Resolved file path is "C:\Program Files\dotnet\packs\Microsoft.NETCore.App.Ref\10.0.3\ref\net10.0\System.Buffers.dll".
   3:6>Done building target "_InitializeAzureReposGitSourceLinkUrl" in project "TicketConsolidator.UnitTests.csproj".
   6:6>ResolveAssemblyReferences:
             Reference found at search path location "{RawFileName}".
             This reference is not "CopyLocal" because at least one source item had "Private" set to "false" and no source items had "Private" set to "true".
         Primary reference "System.Collections.Concurrent, Version=10.0.0.0, Culture=neutral, PublicKeyToken=b03f5f7f11d50a3a".
             Resolved file path is "C:\Program Files\dotnet\packs\Microsoft.NETCore.App.Ref\10.0.3\ref\net10.0\System.Collections.Concurrent.dll".
             Reference found at search path location "{RawFileName}".
   3:6>Target "_InitializeAzureReposGitSourceLinkUrl" in file "C:\Program Files\dotnet\sdk\10.0.103\Sdks\Microsoft.SourceLink.AzureRepos.Git\build\Microsoft.SourceLink.AzureRepos.Git.targets" from project "c:\Apps\TicketConsolidator\tests\TicketConsolidator.UnitTests\TicketConsolidator.UnitTests.csproj" (target "_GenerateSourceLinkFile" depends on it):
   3:6>Building target "_InitializeAzureReposGitSourceLinkUrl" completely.
   6:6>ResolveAssemblyReferences:
             This reference is not "CopyLocal" because at least one source item had "Private" set to "false" and no source items had "Private" set to "true".
   3:6>_InitializeAzureReposGitSourceLinkUrl:
       No input files were specified.
   6:6>ResolveAssemblyReferences:
         Primary reference "System.Collections.Immutable, Version=10.0.0.0, Culture=neutral, PublicKeyToken=b03f5f7f11d50a3a".
             Resolved file path is "C:\Program Files\dotnet\packs\Microsoft.NETCore.App.Ref\10.0.3\ref\net10.0\System.Collections.Immutable.dll".
             Reference found at search path location "{RawFileName}".
             This reference is not "CopyLocal" because at least one source item had "Private" set to "false" and no source items had "Private" set to "true".
         Primary reference "System.Collections.NonGeneric, Version=10.0.0.0, Culture=neutral, PublicKeyToken=b03f5f7f11d50a3a".
   3:6>Task "Microsoft.SourceLink.AzureRepos.Git.GetSourceLinkUrl"
   6:6>ResolveAssemblyReferences:
             Resolved file path is "C:\Program Files\dotnet\packs\Microsoft.NETCore.App.Ref\10.0.3\ref\net10.0\System.Collections.NonGeneric.dll".
   3:6>Done executing task "Microsoft.SourceLink.AzureRepos.Git.GetSourceLinkUrl".
   6:6>ResolveAssemblyReferences:
             Reference found at search path location "{RawFileName}".
             This reference is not "CopyLocal" because at least one source item had "Private" set to "false" and no source items had "Private" set to "true".
   3:6>Done building target "_InitializeAzureReposGitSourceLinkUrl" in project "TicketConsolidator.UnitTests.csproj".
   6:6>ResolveAssemblyReferences:
         Primary reference "System.Collections.Specialized, Version=10.0.0.0, Culture=neutral, PublicKeyToken=b03f5f7f11d50a3a".
             Resolved file path is "C:\Program Files\dotnet\packs\Microsoft.NETCore.App.Ref\10.0.3\ref\net10.0\System.Collections.Specialized.dll".
             Reference found at search path location "{RawFileName}".
   3:6>Target "_InitializeAzureReposGitSourceLinkUrl" in file "C:\Program Files\dotnet\sdk\10.0.103\Sdks\Microsoft.SourceLink.AzureRepos.Git\build\Microsoft.SourceLink.AzureRepos.Git.targets" from project "c:\Apps\TicketConsolidator\tests\TicketConsolidator.UnitTests\TicketConsolidator.UnitTests.csproj" (target "_GenerateSourceLinkFile" depends on it):
   3:6>Building target "_InitializeAzureReposGitSourceLinkUrl" completely.
   6:6>ResolveAssemblyReferences:
             This reference is not "CopyLocal" because at least one source item had "Private" set to "false" and no source items had "Private" set to "true".
         Primary reference "System.Collections, Version=10.0.0.0, Culture=neutral, PublicKeyToken=b03f5f7f11d50a3a".
             Resolved file path is "C:\Program Files\dotnet\packs\Microsoft.NETCore.App.Ref\10.0.3\ref\net10.0\System.Collections.dll".
   3:6>_InitializeAzureReposGitSourceLinkUrl:
       No input files were specified.
   6:6>ResolveAssemblyReferences:
             Reference found at search path location "{RawFileName}".
             This reference is not "CopyLocal" because at least one source item had "Private" set to "false" and no source items had "Private" set to "true".
   3:6>Task "Microsoft.SourceLink.AzureRepos.Git.GetSourceLinkUrl"
   6:6>ResolveAssemblyReferences:
         Primary reference "System.ComponentModel.Annotations, Version=10.0.0.0, Culture=neutral, PublicKeyToken=b03f5f7f11d50a3a".
   3:6>Done executing task "Microsoft.SourceLink.AzureRepos.Git.GetSourceLinkUrl".
   6:6>ResolveAssemblyReferences:
             Resolved file path is "C:\Program Files\dotnet\packs\Microsoft.NETCore.App.Ref\10.0.3\ref\net10.0\System.ComponentModel.Annotations.dll".
   3:6>Done building target "_InitializeAzureReposGitSourceLinkUrl" in project "TicketConsolidator.UnitTests.csproj".
   6:6>ResolveAssemblyReferences:
             Reference found at search path location "{RawFileName}".
             This reference is not "CopyLocal" because at least one source item had "Private" set to "false" and no source items had "Private" set to "true".
         Primary reference "System.ComponentModel.DataAnnotations, Version=4.0.0.0, Culture=neutral, PublicKeyToken=31bf3856ad364e35".
             Resolved file path is "C:\Program Files\dotnet\packs\Microsoft.NETCore.App.Ref\10.0.3\ref\net10.0\System.ComponentModel.DataAnnotations.dll".
   3:6>Target "_InitializeBitbucketGitSourceLinkUrl" in file "C:\Program Files\dotnet\sdk\10.0.103\Sdks\Microsoft.SourceLink.Bitbucket.Git\build\Microsoft.SourceLink.Bitbucket.Git.targets" from project "c:\Apps\TicketConsolidator\tests\TicketConsolidator.UnitTests\TicketConsolidator.UnitTests.csproj" (target "_GenerateSourceLinkFile" depends on it):
   3:6>Building target "_InitializeBitbucketGitSourceLinkUrl" completely.
   6:6>ResolveAssemblyReferences:
             Reference found at search path location "{RawFileName}".
             This reference is not "CopyLocal" because at least one source item had "Private" set to "false" and no source items had "Private" set to "true".
         Primary reference "System.ComponentModel.EventBasedAsync, Version=10.0.0.0, Culture=neutral, PublicKeyToken=b03f5f7f11d50a3a".
             Resolved file path is "C:\Program Files\dotnet\packs\Microsoft.NETCore.App.Ref\10.0.3\ref\net10.0\System.ComponentModel.EventBasedAsync.dll".
   3:6>_InitializeBitbucketGitSourceLinkUrl:
       No input files were specified.
       Using "Microsoft.SourceLink.Bitbucket.Git.GetSourceLinkUrl" task from assembly "C:\Program Files\dotnet\sdk\10.0.103\Sdks\Microsoft.SourceLink.Bitbucket.Git\build\..\tools\net\Microsoft.SourceLink.Bitbucket.Git.dll".
       Task "Microsoft.SourceLink.Bitbucket.Git.GetSourceLinkUrl"
       Done executing task "Microsoft.SourceLink.Bitbucket.Git.GetSourceLinkUrl".
   6:6>ResolveAssemblyReferences:
             Reference found at search path location "{RawFileName}".
   3:6>Done building target "_InitializeBitbucketGitSourceLinkUrl" in project "TicketConsolidator.UnitTests.csproj".
   3:6>Target "_InitializeBitbucketGitSourceLinkUrl" in file "C:\Program Files\dotnet\sdk\10.0.103\Sdks\Microsoft.SourceLink.Bitbucket.Git\build\Microsoft.SourceLink.Bitbucket.Git.targets" from project "c:\Apps\TicketConsolidator\tests\TicketConsolidator.UnitTests\TicketConsolidator.UnitTests.csproj" (target "_GenerateSourceLinkFile" depends on it):
       Building target "_InitializeBitbucketGitSourceLinkUrl" completely.
       No input files were specified.
   6:6>ResolveAssemblyReferences:
             This reference is not "CopyLocal" because at least one source item had "Private" set to "false" and no source items had "Private" set to "true".
   3:6>Task "Microsoft.SourceLink.Bitbucket.Git.GetSourceLinkUrl"
   6:6>ResolveAssemblyReferences:
         Primary reference "System.ComponentModel.Primitives, Version=10.0.0.0, Culture=neutral, PublicKeyToken=b03f5f7f11d50a3a".
   3:6>Done executing task "Microsoft.SourceLink.Bitbucket.Git.GetSourceLinkUrl".
   6:6>ResolveAssemblyReferences:
             Resolved file path is "C:\Program Files\dotnet\packs\Microsoft.NETCore.App.Ref\10.0.3\ref\net10.0\System.ComponentModel.Primitives.dll".
   3:6>Done building target "_InitializeBitbucketGitSourceLinkUrl" in project "TicketConsolidator.UnitTests.csproj".
   3:6>Target "_InitializeBitbucketGitSourceLinkUrl" in file "C:\Program Files\dotnet\sdk\10.0.103\Sdks\Microsoft.SourceLink.Bitbucket.Git\build\Microsoft.SourceLink.Bitbucket.Git.targets" from project "c:\Apps\TicketConsolidator\tests\TicketConsolidator.UnitTests\TicketConsolidator.UnitTests.csproj" (target "_GenerateSourceLinkFile" depends on it):
       Building target "_InitializeBitbucketGitSourceLinkUrl" completely.
   6:6>ResolveAssemblyReferences:
             Reference found at search path location "{RawFileName}".
   3:6>_InitializeBitbucketGitSourceLinkUrl:
       No input files were specified.
   6:6>ResolveAssemblyReferences:
             This reference is not "CopyLocal" because at least one source item had "Private" set to "false" and no source items had "Private" set to "true".
   3:6>Task "Microsoft.SourceLink.Bitbucket.Git.GetSourceLinkUrl"
   6:6>ResolveAssemblyReferences:
         Primary reference "System.ComponentModel.TypeConverter, Version=10.0.0.0, Culture=neutral, PublicKeyToken=b03f5f7f11d50a3a".
   3:6>Done executing task "Microsoft.SourceLink.Bitbucket.Git.GetSourceLinkUrl".
   6:6>ResolveAssemblyReferences:
             Resolved file path is "C:\Program Files\dotnet\packs\Microsoft.NETCore.App.Ref\10.0.3\ref\net10.0\System.ComponentModel.TypeConverter.dll".
             Reference found at search path location "{RawFileName}".
   3:6>Done building target "_InitializeBitbucketGitSourceLinkUrl" in project "TicketConsolidator.UnitTests.csproj".
   6:6>ResolveAssemblyReferences:
             This reference is not "CopyLocal" because at least one source item had "Private" set to "false" and no source items had "Private" set to "true".
         Primary reference "System.ComponentModel, Version=10.0.0.0, Culture=neutral, PublicKeyToken=b03f5f7f11d50a3a".
   3:6>Target "_GenerateSourceLinkFile" in file "C:\Program Files\dotnet\sdk\10.0.103\Sdks\Microsoft.SourceLink.Common\build\Microsoft.SourceLink.Common.targets" from project "c:\Apps\TicketConsolidator\tests\TicketConsolidator.UnitTests\TicketConsolidator.UnitTests.csproj" (target "GenerateSourceLinkFile" depends on it):
   3:6>Building target "_GenerateSourceLinkFile" completely.
   6:6>ResolveAssemblyReferences:
             Resolved file path is "C:\Program Files\dotnet\packs\Microsoft.NETCore.App.Ref\10.0.3\ref\net10.0\System.ComponentModel.dll".
   3:6>_GenerateSourceLinkFile:
       No input files were specified.
   6:6>ResolveAssemblyReferences:
             Reference found at search path location "{RawFileName}".
   3:6>_GenerateSourceLinkFile:
       Using "Microsoft.SourceLink.Common.GenerateSourceLinkFile" task from assembly "C:\Program Files\dotnet\sdk\10.0.103\Sdks\Microsoft.SourceLink.Common\build\..\tools\net\Microsoft.SourceLink.Common.dll".
   6:6>ResolveAssemblyReferences:
             This reference is not "CopyLocal" because at least one source item had "Private" set to "false" and no source items had "Private" set to "true".
         Primary reference "System.Configuration, Version=4.0.0.0, Culture=neutral, PublicKeyToken=b03f5f7f11d50a3a".
             Resolved file path is "C:\Program Files\dotnet\packs\Microsoft.NETCore.App.Ref\10.0.3\ref\net10.0\System.Configuration.dll".
             Reference found at search path location "{RawFileName}".
             This reference is not "CopyLocal" because at least one source item had "Private" set to "false" and no source items had "Private" set to "true".
         Primary reference "System.Console, Version=10.0.0.0, Culture=neutral, PublicKeyToken=b03f5f7f11d50a3a".
             Resolved file path is "C:\Program Files\dotnet\packs\Microsoft.NETCore.App.Ref\10.0.3\ref\net10.0\System.Console.dll".
             Reference found at search path location "{RawFileName}".
             This reference is not "CopyLocal" because at least one source item had "Private" set to "false" and no source items had "Private" set to "true".
         Primary reference "System.Core, Version=4.0.0.0, Culture=neutral, PublicKeyToken=b77a5c561934e089".
             Resolved file path is "C:\Program Files\dotnet\packs\Microsoft.NETCore.App.Ref\10.0.3\ref\net10.0\System.Core.dll".
             Reference found at search path location "{RawFileName}".
             This reference is not "CopyLocal" because at least one source item had "Private" set to "false" and no source items had "Private" set to "true".
         Primary reference "System.Data.Common, Version=10.0.0.0, Culture=neutral, PublicKeyToken=b03f5f7f11d50a3a".
             Resolved file path is "C:\Program Files\dotnet\packs\Microsoft.NETCore.App.Ref\10.0.3\ref\net10.0\System.Data.Common.dll".
             Reference found at search path location "{RawFileName}".
             This reference is not "CopyLocal" because at least one source item had "Private" set to "false" and no source items had "Private" set to "true".
         Primary reference "System.Data.DataSetExtensions, Version=10.0.0.0, Culture=neutral, PublicKeyToken=b77a5c561934e089".
             Resolved file path is "C:\Program Files\dotnet\packs\Microsoft.NETCore.App.Ref\10.0.3\ref\net10.0\System.Data.DataSetExtensions.dll".
             Reference found at search path location "{RawFileName}".
             This reference is not "CopyLocal" because at least one source item had "Private" set to "false" and no source items had "Private" set to "true".
         Primary reference "System.Data, Version=4.0.0.0, Culture=neutral, PublicKeyToken=b77a5c561934e089".
             Resolved file path is "C:\Program Files\dotnet\packs\Microsoft.NETCore.App.Ref\10.0.3\ref\net10.0\System.Data.dll".
   3:6>Task "Microsoft.SourceLink.Common.GenerateSourceLinkFile"
   6:6>ResolveAssemblyReferences:
             Reference found at search path location "{RawFileName}".
             This reference is not "CopyLocal" because at least one source item had "Private" set to "false" and no source items had "Private" set to "true".
         Primary reference "System.Diagnostics.Contracts, Version=10.0.0.0, Culture=neutral, PublicKeyToken=b03f5f7f11d50a3a".
   3:6>_GenerateSourceLinkFile:
         Source Link file 'obj\Debug\net10.0-windows\TicketConsolidator.UnitTests.sourcelink.json' is up-to-date.
   6:6>ResolveAssemblyReferences:
             Resolved file path is "C:\Program Files\dotnet\packs\Microsoft.NETCore.App.Ref\10.0.3\ref\net10.0\System.Diagnostics.Contracts.dll".
             Reference found at search path location "{RawFileName}".
   3:6>Done executing task "Microsoft.SourceLink.Common.GenerateSourceLinkFile".
   3:6>Done building target "_GenerateSourceLinkFile" in project "TicketConsolidator.UnitTests.csproj".
   3:6>Target "GenerateSourceLinkFile" in file "C:\Program Files\dotnet\sdk\10.0.103\Sdks\Microsoft.SourceLink.Common\build\Microsoft.SourceLink.Common.targets" from project "c:\Apps\TicketConsolidator\tests\TicketConsolidator.UnitTests\TicketConsolidator.UnitTests.csproj" (target "CoreCompile" depends on it):
   3:6>Done building target "GenerateSourceLinkFile" in project "TicketConsolidator.UnitTests.csproj".
   3:6>Target "AddGlobalAnalyzerConfigForPackage_MicrosoftCodeAnalysisNetAnalyzers" in file "C:\Program Files\dotnet\sdk\10.0.103\Sdks\Microsoft.NET.Sdk\analyzers\build\Microsoft.CodeAnalysis.NetAnalyzers.targets" from project "c:\Apps\TicketConsolidator\tests\TicketConsolidator.UnitTests\TicketConsolidator.UnitTests.csproj" (target "CoreCompile" depends on it):
   3:6>Done building target "AddGlobalAnalyzerConfigForPackage_MicrosoftCodeAnalysisNetAnalyzers" in project "TicketConsolidator.UnitTests.csproj".
   6:6>ResolveAssemblyReferences:
             This reference is not "CopyLocal" because at least one source item had "Private" set to "false" and no source items had "Private" set to "true".
   3:6>Target "CoreCompile" in file "C:\Program Files\dotnet\sdk\10.0.103\Roslyn\Microsoft.CSharp.Core.targets" from project "c:\Apps\TicketConsolidator\tests\TicketConsolidator.UnitTests\TicketConsolidator.UnitTests.csproj" (target "Compile" depends on it):
   3:6>Skipping target "CoreCompile" because all output files are up-to-date with respect to the input files.
   6:6>ResolveAssemblyReferences:
         Primary reference "System.Diagnostics.Debug, Version=10.0.0.0, Culture=neutral, PublicKeyToken=b03f5f7f11d50a3a".
             Resolved file path is "C:\Program Files\dotnet\packs\Microsoft.NETCore.App.Ref\10.0.3\ref\net10.0\System.Diagnostics.Debug.dll".
   3:6>CoreCompile:
       Input files: 
           ScriptValidatorTests.cs
           SqlParserTests.cs
           UnitTest1.cs
           C:\Users\krish.maniar.ATPL-LAP-723\.nuget\packages\microsoft.net.test.sdk\17.14.1\build\net8.0\Microsoft.NET.Test.Sdk.Program.cs
           obj\Debug\net10.0-windows\TicketConsolidator.UnitTests.GlobalUsings.g.cs
           obj\Debug\net10.0-windows\.NETCoreApp,Version=v10.0.AssemblyAttributes.cs
           obj\Debug\net10.0-windows\TicketConsolidator.UnitTests.AssemblyInfo.cs
           C:\Program Files\dotnet\packs\Microsoft.WindowsDesktop.App.Ref\10.0.3\ref\net10.0\Accessibility.dll
           C:\Program Files\dotnet\packs\Microsoft.NETCore.App.Ref\10.0.3\ref\net10.0\Microsoft.CSharp.dll
           C:\Users\krish.maniar.ATPL-LAP-723\.nuget\packages\microsoft.extensions.configuration.abstractions\10.0.1\lib\net10.0\Microsoft.Extensions.Configuration.Abstractions.dll
           C:\Users\krish.maniar.ATPL-LAP-723\.nuget\packages\microsoft.extensions.configuration.binder\10.0.1\lib\net10.0\Microsoft.Extensions.Configuration.Binder.dll
           C:\Users\krish.maniar.ATPL-LAP-723\.nuget\packages\microsoft.extensions.configuration\10.0.1\lib\net10.0\Microsoft.Extensions.Configuration.dll
           C:\Users\krish.maniar.ATPL-LAP-723\.nuget\packages\microsoft.extensions.configuration.fileextensions\10.0.1\lib\net10.0\Microsoft.Extensions.Configuration.FileExtensions.dll
           C:\Users\krish.maniar.ATPL-LAP-723\.nuget\packages\microsoft.extensions.configuration.json\10.0.1\lib\net10.0\Microsoft.Extensions.Configuration.Json.dll
           C:\Users\krish.maniar.ATPL-LAP-723\.nuget\packages\microsoft.extensions.fileproviders.abstractions\10.0.1\lib\net10.0\Microsoft.Extensions.FileProviders.Abstractions.dll
           C:\Users\krish.maniar.ATPL-LAP-723\.nuget\packages\microsoft.extensions.fileproviders.physical\10.0.1\lib\net10.0\Microsoft.Extensions.FileProviders.Physical.dll
           C:\Users\krish.maniar.ATPL-LAP-723\.nuget\packages\microsoft.extensions.filesystemglobbing\10.0.1\lib\net10.0\Microsoft.Extensions.FileSystemGlobbing.dll
           C:\Users\krish.maniar.ATPL-LAP-723\.nuget\packages\microsoft.extensions.primitives\10.0.1\lib\net10.0\Microsoft.Extensions.Primitives.dll
           C:\Users\krish.maniar.ATPL-LAP-723\.nuget\packages\microsoft.testplatform.testhost\17.14.1\lib\net8.0\Microsoft.TestPlatform.CommunicationUtilities.dll
           C:\Users\krish.maniar.ATPL-LAP-723\.nuget\packages\microsoft.testplatform.testhost\17.14.1\lib\net8.0\Microsoft.TestPlatform.CoreUtilities.dll
           C:\Users\krish.maniar.ATPL-LAP-723\.nuget\packages\microsoft.testplatform.testhost\17.14.1\lib\net8.0\Microsoft.TestPlatform.CrossPlatEngine.dll
           C:\Users\krish.maniar.ATPL-LAP-723\.nuget\packages\microsoft.testplatform.testhost\17.14.1\lib\net8.0\Microsoft.TestPlatform.PlatformAbstractions.dll
           C:\Users\krish.maniar.ATPL-LAP-723\.nuget\packages\microsoft.testplatform.testhost\17.14.1\lib\net8.0\Microsoft.TestPlatform.Utilities.dll
           C:\Program Files\dotnet\packs\Microsoft.NETCore.App.Ref\10.0.3\ref\net10.0\Microsoft.VisualBasic.Core.dll
           C:\Program Files\dotnet\packs\Microsoft.NETCore.App.Ref\10.0.3\ref\net10.0\Microsoft.VisualBasic.dll
           C:\Users\krish.maniar.ATPL-LAP-723\.nuget\packages\microsoft.codecoverage\17.14.1\lib\net8.0\Microsoft.VisualStudio.CodeCoverage.Shim.dll
           C:\Users\krish.maniar.ATPL-LAP-723\.nuget\packages\microsoft.testplatform.testhost\17.14.1\lib\net8.0\Microsoft.VisualStudio.TestPlatform.Common.dll
           C:\Users\krish.maniar.ATPL-LAP-723\.nuget\packages\microsoft.testplatform.testhost\17.14.1\lib\net8.0\Microsoft.VisualStudio.TestPlatform.ObjectModel.dll
           C:\Program Files\dotnet\packs\Microsoft.NETCore.App.Ref\10.0.3\ref\net10.0\Microsoft.Win32.Primitives.dll
           C:\Program Files\dotnet\packs\Microsoft.WindowsDesktop.App.Ref\10.0.3\ref\net10.0\Microsoft.Win32.Registry.AccessControl.dll
           C:\Program Files\dotnet\packs\Microsoft.NETCore.App.Ref\10.0.3\ref\net10.0\Microsoft.Win32.Registry.dll
           C:\Program Files\dotnet\packs\Microsoft.WindowsDesktop.App.Ref\10.0.3\ref\net10.0\Microsoft.Win32.SystemEvents.dll
           C:\Program Files\dotnet\packs\Microsoft.NETCore.App.Ref\10.0.3\ref\net10.0\mscorlib.dll
           C:\Program Files\dotnet\packs\Microsoft.NETCore.App.Ref\10.0.3\ref\net10.0\netstandard.dll
           C:\Users\krish.maniar.ATPL-LAP-723\.nuget\packages\newtonsoft.json\13.0.3\lib\net6.0\Newtonsoft.Json.dll
           C:\Program Files\dotnet\packs\Microsoft.WindowsDesktop.App.Ref\10.0.3\ref\net10.0\PresentationCore.dll
           C:\Program Files\dotnet\packs\Microsoft.WindowsDesktop.App.Ref\10.0.3\ref\net10.0\PresentationFramework.Aero.dll
           C:\Program Files\dotnet\packs\Microsoft.WindowsDesktop.App.Ref\10.0.3\ref\net10.0\PresentationFramework.Aero2.dll
           C:\Program Files\dotnet\packs\Microsoft.WindowsDesktop.App.Ref\10.0.3\ref\net10.0\PresentationFramework.AeroLite.dll
           C:\Program Files\dotnet\packs\Microsoft.WindowsDesktop.App.Ref\10.0.3\ref\net10.0\PresentationFramework.Classic.dll
           C:\Program Files\dotnet\packs\Microsoft.WindowsDesktop.App.Ref\10.0.3\ref\net10.0\PresentationFramework.dll
           C:\Program Files\dotnet\packs\Microsoft.WindowsDesktop.App.Ref\10.0.3\ref\net10.0\PresentationFramework.Luna.dll
           C:\Program Files\dotnet\packs\Microsoft.WindowsDesktop.App.Ref\10.0.3\ref\net10.0\PresentationFramework.Royale.dll
           C:\Program Files\dotnet\packs\Microsoft.WindowsDesktop.App.Ref\10.0.3\ref\net10.0\PresentationUI.dll
           C:\Program Files\dotnet\packs\Microsoft.WindowsDesktop.App.Ref\10.0.3\ref\net10.0\ReachFramework.dll
           C:\Program Files\dotnet\packs\Microsoft.NETCore.App.Ref\10.0.3\ref\net10.0\System.AppContext.dll
           C:\Program Files\dotnet\packs\Microsoft.NETCore.App.Ref\10.0.3\ref\net10.0\System.Buffers.dll
           C:\Program Files\dotnet\packs\Microsoft.WindowsDesktop.App.Ref\10.0.3\ref\net10.0\System.CodeDom.dll
           C:\Program Files\dotnet\packs\Microsoft.NETCore.App.Ref\10.0.3\ref\net10.0\System.Collections.Concurrent.dll
           C:\Program Files\dotnet\packs\Microsoft.NETCore.App.Ref\10.0.3\ref\net10.0\System.Collections.dll
           C:\Program Files\dotnet\packs\Microsoft.NETCore.App.Ref\10.0.3\ref\net10.0\System.Collections.Immutable.dll
           C:\Program Files\dotnet\packs\Microsoft.NETCore.App.Ref\10.0.3\ref\net10.0\System.Collections.NonGeneric.dll
           C:\Program Files\dotnet\packs\Microsoft.NETCore.App.Ref\10.0.3\ref\net10.0\System.Collections.Specialized.dll
           C:\Program Files\dotnet\packs\Microsoft.NETCore.App.Ref\10.0.3\ref\net10.0\System.ComponentModel.Annotations.dll
           C:\Program Files\dotnet\packs\Microsoft.NETCore.App.Ref\10.0.3\ref\net10.0\System.ComponentModel.DataAnnotations.dll
           C:\Program Files\dotnet\packs\Microsoft.NETCore.App.Ref\10.0.3\ref\net10.0\System.ComponentModel.dll
           C:\Program Files\dotnet\packs\Microsoft.NETCore.App.Ref\10.0.3\ref\net10.0\System.ComponentModel.EventBasedAsync.dll
           C:\Program Files\dotnet\packs\Microsoft.NETCore.App.Ref\10.0.3\ref\net10.0\System.ComponentModel.Primitives.dll
           C:\Program Files\dotnet\packs\Microsoft.NETCore.App.Ref\10.0.3\ref\net10.0\System.ComponentModel.TypeConverter.dll
           C:\Program Files\dotnet\packs\Microsoft.WindowsDesktop.App.Ref\10.0.3\ref\net10.0\System.Configuration.ConfigurationManager.dll
           C:\Program Files\dotnet\packs\Microsoft.NETCore.App.Ref\10.0.3\ref\net10.0\System.Configuration.dll
           C:\Program Files\dotnet\packs\Microsoft.NETCore.App.Ref\10.0.3\ref\net10.0\System.Console.dll
           C:\Program Files\dotnet\packs\Microsoft.NETCore.App.Ref\10.0.3\ref\net10.0\System.Core.dll
           C:\Program Files\dotnet\packs\Microsoft.NETCore.App.Ref\10.0.3\ref\net10.0\System.Data.Common.dll
           C:\Program Files\dotnet\packs\Microsoft.NETCore.App.Ref\10.0.3\ref\net10.0\System.Data.DataSetExtensions.dll
           C:\Program Files\dotnet\packs\Microsoft.NETCore.App.Ref\10.0.3\ref\net10.0\System.Data.dll
           C:\Users\krish.maniar.ATPL-LAP-723\.nuget\packages\system.data.sqlclient\4.9.0\lib\net8.0\System.Data.SqlClient.dll
           C:\Program Files\dotnet\packs\Microsoft.NETCore.App.Ref\10.0.3\ref\net10.0\System.Diagnostics.Contracts.dll
           C:\Program Files\dotnet\packs\Microsoft.NETCore.App.Ref\10.0.3\ref\net10.0\System.Diagnostics.Debug.dll
           C:\Program Files\dotnet\packs\Microsoft.NETCore.App.Ref\10.0.3\ref\net10.0\System.Diagnostics.DiagnosticSource.dll
           C:\Program Files\dotnet\packs\Microsoft.WindowsDesktop.App.Ref\10.0.3\ref\net10.0\System.Diagnostics.EventLog.dll
           C:\Program Files\dotnet\packs\Microsoft.NETCore.App.Ref\10.0.3\ref\net10.0\System.Diagnostics.FileVersionInfo.dll
           C:\Program Files\dotnet\packs\Microsoft.WindowsDesktop.App.Ref\10.0.3\ref\net10.0\System.Diagnostics.PerformanceCounter.dll
           C:\Program Files\dotnet\packs\Microsoft.NETCore.App.Ref\10.0.3\ref\net10.0\System.Diagnostics.Process.dll
           C:\Program Files\dotnet\packs\Microsoft.NETCore.App.Ref\10.0.3\ref\net10.0\System.Diagnostics.StackTrace.dll
           C:\Program Files\dotnet\packs\Microsoft.NETCore.App.Ref\10.0.3\ref\net10.0\System.Diagnostics.TextWriterTraceListener.dll
           C:\Program Files\dotnet\packs\Microsoft.NETCore.App.Ref\10.0.3\ref\net10.0\System.Diagnostics.Tools.dll
           C:\Program Files\dotnet\packs\Microsoft.NETCore.App.Ref\10.0.3\ref\net10.0\System.Diagnostics.TraceSource.dll
           C:\Program Files\dotnet\packs\Microsoft.NETCore.App.Ref\10.0.3\ref\net10.0\System.Diagnostics.Tracing.dll
           C:\Program Files\dotnet\packs\Microsoft.WindowsDesktop.App.Ref\10.0.3\ref\net10.0\System.DirectoryServices.dll
           C:\Program Files\dotnet\packs\Microsoft.NETCore.App.Ref\10.0.3\ref\net10.0\System.dll
           C:\Program Files\dotnet\packs\Microsoft.WindowsDesktop.App.Ref\10.0.3\ref\net10.0\System.Drawing.Common.dll
           C:\Program Files\dotnet\packs\Microsoft.NETCore.App.Ref\10.0.3\ref\net10.0\System.Drawing.dll
           C:\Program Files\dotnet\packs\Microsoft.NETCore.App.Ref\10.0.3\ref\net10.0\System.Drawing.Primitives.dll
           C:\Program Files\dotnet\packs\Microsoft.NETCore.App.Ref\10.0.3\ref\net10.0\System.Dynamic.Runtime.dll
           C:\Program Files\dotnet\packs\Microsoft.NETCore.App.Ref\10.0.3\ref\net10.0\System.Formats.Asn1.dll
           C:\Program Files\dotnet\packs\Microsoft.WindowsDesktop.App.Ref\10.0.3\ref\net10.0\System.Formats.Nrbf.dll
           C:\Program Files\dotnet\packs\Microsoft.NETCore.App.Ref\10.0.3\ref\net10.0\System.Formats.Tar.dll
           C:\Program Files\dotnet\packs\Microsoft.NETCore.App.Ref\10.0.3\ref\net10.0\System.Globalization.Calendars.dll
           C:\Program Files\dotnet\packs\Microsoft.NETCore.App.Ref\10.0.3\ref\net10.0\System.Globalization.dll
           C:\Program Files\dotnet\packs\Microsoft.NETCore.App.Ref\10.0.3\ref\net10.0\System.Globalization.Extensions.dll
           C:\Program Files\dotnet\packs\Microsoft.NETCore.App.Ref\10.0.3\ref\net10.0\System.IO.Compression.Brotli.dll
           C:\Program Files\dotnet\packs\Microsoft.NETCore.App.Ref\10.0.3\ref\net10.0\System.IO.Compression.dll
           C:\Program Files\dotnet\packs\Microsoft.NETCore.App.Ref\10.0.3\ref\net10.0\System.IO.Compression.FileSystem.dll
           C:\Program Files\dotnet\packs\Microsoft.NETCore.App.Ref\10.0.3\ref\net10.0\System.IO.Compression.ZipFile.dll
           C:\Program Files\dotnet\packs\Microsoft.NETCore.App.Ref\10.0.3\ref\net10.0\System.IO.dll
           C:\Program Files\dotnet\packs\Microsoft.NETCore.App.Ref\10.0.3\ref\net10.0\System.IO.FileSystem.AccessControl.dll
           C:\Program Files\dotnet\packs\Microsoft.NETCore.App.Ref\10.0.3\ref\net10.0\System.IO.FileSystem.dll
           C:\Program Files\dotnet\packs\Microsoft.NETCore.App.Ref\10.0.3\ref\net10.0\System.IO.FileSystem.DriveInfo.dll
           C:\Program Files\dotnet\packs\Microsoft.NETCore.App.Ref\10.0.3\ref\net10.0\System.IO.FileSystem.Primitives.dll
           C:\Program Files\dotnet\packs\Microsoft.NETCore.App.Ref\10.0.3\ref\net10.0\System.IO.FileSystem.Watcher.dll
           C:\Program Files\dotnet\packs\Microsoft.NETCore.App.Ref\10.0.3\ref\net10.0\System.IO.IsolatedStorage.dll
           C:\Program Files\dotnet\packs\Microsoft.NETCore.App.Ref\10.0.3\ref\net10.0\System.IO.MemoryMappedFiles.dll
           C:\Program Files\dotnet\packs\Microsoft.WindowsDesktop.App.Ref\10.0.3\ref\net10.0\System.IO.Packaging.dll
           C:\Program Files\dotnet\packs\Microsoft.NETCore.App.Ref\10.0.3\ref\net10.0\System.IO.Pipelines.dll
           C:\Program Files\dotnet\packs\Microsoft.NETCore.App.Ref\10.0.3\ref\net10.0\System.IO.Pipes.AccessControl.dll
           C:\Program Files\dotnet\packs\Microsoft.NETCore.App.Ref\10.0.3\ref\net10.0\System.IO.Pipes.dll
           C:\Program Files\dotnet\packs\Microsoft.NETCore.App.Ref\10.0.3\ref\net10.0\System.IO.UnmanagedMemoryStream.dll
           C:\Program Files\dotnet\packs\Microsoft.NETCore.App.Ref\10.0.3\ref\net10.0\System.Linq.AsyncEnumerable.dll
           C:\Program Files\dotnet\packs\Microsoft.NETCore.App.Ref\10.0.3\ref\net10.0\System.Linq.dll
           C:\Program Files\dotnet\packs\Microsoft.NETCore.App.Ref\10.0.3\ref\net10.0\System.Linq.Expressions.dll
           C:\Program Files\dotnet\packs\Microsoft.NETCore.App.Ref\10.0.3\ref\net10.0\System.Linq.Parallel.dll
           C:\Program Files\dotnet\packs\Microsoft.NETCore.App.Ref\10.0.3\ref\net10.0\System.Linq.Queryable.dll
           C:\Program Files\dotnet\packs\Microsoft.NETCore.App.Ref\10.0.3\ref\net10.0\System.Memory.dll
           C:\Program Files\dotnet\packs\Microsoft.NETCore.App.Ref\10.0.3\ref\net10.0\System.Net.dll
           C:\Program Files\dotnet\packs\Microsoft.NETCore.App.Ref\10.0.3\ref\net10.0\System.Net.Http.dll
           C:\Program Files\dotnet\packs\Microsoft.NETCore.App.Ref\10.0.3\ref\net10.0\System.Net.Http.Json.dll
           C:\Program Files\dotnet\packs\Microsoft.NETCore.App.Ref\10.0.3\ref\net10.0\System.Net.HttpListener.dll
           C:\Program Files\dotnet\packs\Microsoft.NETCore.App.Ref\10.0.3\ref\net10.0\System.Net.Mail.dll
           C:\Program Files\dotnet\packs\Microsoft.NETCore.App.Ref\10.0.3\ref\net10.0\System.Net.NameResolution.dll
           C:\Program Files\dotnet\packs\Microsoft.NETCore.App.Ref\10.0.3\ref\net10.0\System.Net.NetworkInformation.dll
           C:\Program Files\dotnet\packs\Microsoft.NETCore.App.Ref\10.0.3\ref\net10.0\System.Net.Ping.dll
           C:\Program Files\dotnet\packs\Microsoft.NETCore.App.Ref\10.0.3\ref\net10.0\System.Net.Primitives.dll
           C:\Program Files\dotnet\packs\Microsoft.NETCore.App.Ref\10.0.3\ref\net10.0\System.Net.Quic.dll
           C:\Program Files\dotnet\packs\Microsoft.NETCore.App.Ref\10.0.3\ref\net10.0\System.Net.Requests.dll
           C:\Program Files\dotnet\packs\Microsoft.NETCore.App.Ref\10.0.3\ref\net10.0\System.Net.Security.dll
           C:\Program Files\dotnet\packs\Microsoft.NETCore.App.Ref\10.0.3\ref\net10.0\System.Net.ServerSentEvents.dll
           C:\Program Files\dotnet\packs\Microsoft.NETCore.App.Ref\10.0.3\ref\net10.0\System.Net.ServicePoint.dll
           C:\Program Files\dotnet\packs\Microsoft.NETCore.App.Ref\10.0.3\ref\net10.0\System.Net.Sockets.dll
           C:\Program Files\dotnet\packs\Microsoft.NETCore.App.Ref\10.0.3\ref\net10.0\System.Net.WebClient.dll
           C:\Program Files\dotnet\packs\Microsoft.NETCore.App.Ref\10.0.3\ref\net10.0\System.Net.WebHeaderCollection.dll
           C:\Program Files\dotnet\packs\Microsoft.NETCore.App.Ref\10.0.3\ref\net10.0\System.Net.WebProxy.dll
           C:\Program Files\dotnet\packs\Microsoft.NETCore.App.Ref\10.0.3\ref\net10.0\System.Net.WebSockets.Client.dll
           C:\Program Files\dotnet\packs\Microsoft.NETCore.App.Ref\10.0.3\ref\net10.0\System.Net.WebSockets.dll
           C:\Program Files\dotnet\packs\Microsoft.NETCore.App.Ref\10.0.3\ref\net10.0\System.Numerics.dll
           C:\Program Files\dotnet\packs\Microsoft.NETCore.App.Ref\10.0.3\ref\net10.0\System.Numerics.Vectors.dll
           C:\Program Files\dotnet\packs\Microsoft.NETCore.App.Ref\10.0.3\ref\net10.0\System.ObjectModel.dll
           C:\Program Files\dotnet\packs\Microsoft.WindowsDesktop.App.Ref\10.0.3\ref\net10.0\System.Printing.dll
           C:\Program Files\dotnet\packs\Microsoft.WindowsDesktop.App.Ref\10.0.3\ref\net10.0\System.Private.Windows.Core.dll
           C:\Program Files\dotnet\packs\Microsoft.WindowsDesktop.App.Ref\10.0.3\ref\net10.0\System.Private.Windows.GdiPlus.dll
           C:\Program Files\dotnet\packs\Microsoft.NETCore.App.Ref\10.0.3\ref\net10.0\System.Reflection.DispatchProxy.dll
           C:\Program Files\dotnet\packs\Microsoft.NETCore.App.Ref\10.0.3\ref\net10.0\System.Reflection.dll
           C:\Program Files\dotnet\packs\Microsoft.NETCore.App.Ref\10.0.3\ref\net10.0\System.Reflection.Emit.dll
           C:\Program Files\dotnet\packs\Microsoft.NETCore.App.Ref\10.0.3\ref\net10.0\System.Reflection.Emit.ILGeneration.dll
           C:\Program Files\dotnet\packs\Microsoft.NETCore.App.Ref\10.0.3\ref\net10.0\System.Reflection.Emit.Lightweight.dll
           C:\Program Files\dotnet\packs\Microsoft.NETCore.App.Ref\10.0.3\ref\net10.0\System.Reflection.Extensions.dll
           C:\Program Files\dotnet\packs\Microsoft.NETCore.App.Ref\10.0.3\ref\net10.0\System.Reflection.Metadata.dll
           C:\Program Files\dotnet\packs\Microsoft.NETCore.App.Ref\10.0.3\ref\net10.0\System.Reflection.Primitives.dll
           C:\Program Files\dotnet\packs\Microsoft.NETCore.App.Ref\10.0.3\ref\net10.0\System.Reflection.TypeExtensions.dll
           C:\Program Files\dotnet\packs\Microsoft.WindowsDesktop.App.Ref\10.0.3\ref\net10.0\System.Resources.Extensions.dll
           C:\Program Files\dotnet\packs\Microsoft.NETCore.App.Ref\10.0.3\ref\net10.0\System.Resources.Reader.dll
           C:\Program Files\dotnet\packs\Microsoft.NETCore.App.Ref\10.0.3\ref\net10.0\System.Resources.ResourceManager.dll
           C:\Program Files\dotnet\packs\Microsoft.NETCore.App.Ref\10.0.3\ref\net10.0\System.Resources.Writer.dll
           C:\Program Files\dotnet\packs\Microsoft.NETCore.App.Ref\10.0.3\ref\net10.0\System.Runtime.CompilerServices.Unsafe.dll
           C:\Program Files\dotnet\packs\Microsoft.NETCore.App.Ref\10.0.3\ref\net10.0\System.Runtime.CompilerServices.VisualC.dll
           C:\Program Files\dotnet\packs\Microsoft.NETCore.App.Ref\10.0.3\ref\net10.0\System.Runtime.dll
           C:\Program Files\dotnet\packs\Microsoft.NETCore.App.Ref\10.0.3\ref\net10.0\System.Runtime.Extensions.dll
           C:\Program Files\dotnet\packs\Microsoft.NETCore.App.Ref\10.0.3\ref\net10.0\System.Runtime.Handles.dll
           C:\Program Files\dotnet\packs\Microsoft.NETCore.App.Ref\10.0.3\ref\net10.0\System.Runtime.InteropServices.dll
           C:\Program Files\dotnet\packs\Microsoft.NETCore.App.Ref\10.0.3\ref\net10.0\System.Runtime.InteropServices.JavaScript.dll
           C:\Program Files\dotnet\packs\Microsoft.NETCore.App.Ref\10.0.3\ref\net10.0\System.Runtime.InteropServices.RuntimeInformation.dll
           C:\Program Files\dotnet\packs\Microsoft.NETCore.App.Ref\10.0.3\ref\net10.0\System.Runtime.Intrinsics.dll
           C:\Program Files\dotnet\packs\Microsoft.NETCore.App.Ref\10.0.3\ref\net10.0\System.Runtime.Loader.dll
           C:\Program Files\dotnet\packs\Microsoft.NETCore.App.Ref\10.0.3\ref\net10.0\System.Runtime.Numerics.dll
           C:\Program Files\dotnet\packs\Microsoft.NETCore.App.Ref\10.0.3\ref\net10.0\System.Runtime.Serialization.dll
           C:\Program Files\dotnet\packs\Microsoft.NETCore.App.Ref\10.0.3\ref\net10.0\System.Runtime.Serialization.Formatters.dll
           C:\Program Files\dotnet\packs\Microsoft.NETCore.App.Ref\10.0.3\ref\net10.0\System.Runtime.Serialization.Json.dll
           C:\Program Files\dotnet\packs\Microsoft.NETCore.App.Ref\10.0.3\ref\net10.0\System.Runtime.Serialization.Primitives.dll
           C:\Program Files\dotnet\packs\Microsoft.NETCore.App.Ref\10.0.3\ref\net10.0\System.Runtime.Serialization.Xml.dll
           C:\Program Files\dotnet\packs\Microsoft.NETCore.App.Ref\10.0.3\ref\net10.0\System.Security.AccessControl.dll
           C:\Program Files\dotnet\packs\Microsoft.NETCore.App.Ref\10.0.3\ref\net10.0\System.Security.Claims.dll
           C:\Program Files\dotnet\packs\Microsoft.NETCore.App.Ref\10.0.3\ref\net10.0\System.Security.Cryptography.Algorithms.dll
           C:\Program Files\dotnet\packs\Microsoft.NETCore.App.Ref\10.0.3\ref\net10.0\System.Security.Cryptography.Cng.dll
           C:\Program Files\dotnet\packs\Microsoft.NETCore.App.Ref\10.0.3\ref\net10.0\System.Security.Cryptography.Csp.dll
           C:\Program Files\dotnet\packs\Microsoft.NETCore.App.Ref\10.0.3\ref\net10.0\System.Security.Cryptography.dll
           C:\Program Files\dotnet\packs\Microsoft.NETCore.App.Ref\10.0.3\ref\net10.0\System.Security.Cryptography.Encoding.dll
           C:\Program Files\dotnet\packs\Microsoft.NETCore.App.Ref\10.0.3\ref\net10.0\System.Security.Cryptography.OpenSsl.dll
           C:\Program Files\dotnet\packs\Microsoft.WindowsDesktop.App.Ref\10.0.3\ref\net10.0\System.Security.Cryptography.Pkcs.dll
           C:\Program Files\dotnet\packs\Microsoft.NETCore.App.Ref\10.0.3\ref\net10.0\System.Security.Cryptography.Primitives.dll
           C:\Program Files\dotnet\packs\Microsoft.WindowsDesktop.App.Ref\10.0.3\ref\net10.0\System.Security.Cryptography.ProtectedData.dll
           C:\Program Files\dotnet\packs\Microsoft.NETCore.App.Ref\10.0.3\ref\net10.0\System.Security.Cryptography.X509Certificates.dll
           C:\Program Files\dotnet\packs\Microsoft.WindowsDesktop.App.Ref\10.0.3\ref\net10.0\System.Security.Cryptography.Xml.dll
           C:\Program Files\dotnet\packs\Microsoft.NETCore.App.Ref\10.0.3\ref\net10.0\System.Security.dll
           C:\Program Files\dotnet\packs\Microsoft.WindowsDesktop.App.Ref\10.0.3\ref\net10.0\System.Security.Permissions.dll
           C:\Program Files\dotnet\packs\Microsoft.NETCore.App.Ref\10.0.3\ref\net10.0\System.Security.Principal.dll
           C:\Program Files\dotnet\packs\Microsoft.NETCore.App.Ref\10.0.3\ref\net10.0\System.Security.Principal.Windows.dll
           C:\Program Files\dotnet\packs\Microsoft.NETCore.App.Ref\10.0.3\ref\net10.0\System.Security.SecureString.dll
           C:\Program Files\dotnet\packs\Microsoft.NETCore.App.Ref\10.0.3\ref\net10.0\System.ServiceModel.Web.dll
           C:\Program Files\dotnet\packs\Microsoft.NETCore.App.Ref\10.0.3\ref\net10.0\System.ServiceProcess.dll
           C:\Program Files\dotnet\packs\Microsoft.NETCore.App.Ref\10.0.3\ref\net10.0\System.Text.Encoding.CodePages.dll
           C:\Program Files\dotnet\packs\Microsoft.NETCore.App.Ref\10.0.3\ref\net10.0\System.Text.Encoding.dll
           C:\Program Files\dotnet\packs\Microsoft.NETCore.App.Ref\10.0.3\ref\net10.0\System.Text.Encoding.Extensions.dll
           C:\Program Files\dotnet\packs\Microsoft.NETCore.App.Ref\10.0.3\ref\net10.0\System.Text.Encodings.Web.dll
           C:\Program Files\dotnet\packs\Microsoft.NETCore.App.Ref\10.0.3\ref\net10.0\System.Text.Json.dll
           C:\Program Files\dotnet\packs\Microsoft.NETCore.App.Ref\10.0.3\ref\net10.0\System.Text.RegularExpressions.dll
           C:\Program Files\dotnet\packs\Microsoft.NETCore.App.Ref\10.0.3\ref\net10.0\System.Threading.AccessControl.dll
           C:\Program Files\dotnet\packs\Microsoft.NETCore.App.Ref\10.0.3\ref\net10.0\System.Threading.Channels.dll
           C:\Program Files\dotnet\packs\Microsoft.NETCore.App.Ref\10.0.3\ref\net10.0\System.Threading.dll
           C:\Program Files\dotnet\packs\Microsoft.NETCore.App.Ref\10.0.3\ref\net10.0\System.Threading.Overlapped.dll
           C:\Program Files\dotnet\packs\Microsoft.NETCore.App.Ref\10.0.3\ref\net10.0\System.Threading.Tasks.Dataflow.dll
           C:\Program Files\dotnet\packs\Microsoft.NETCore.App.Ref\10.0.3\ref\net10.0\System.Threading.Tasks.dll
           C:\Program Files\dotnet\packs\Microsoft.NETCore.App.Ref\10.0.3\ref\net10.0\System.Threading.Tasks.Extensions.dll
           C:\Program Files\dotnet\packs\Microsoft.NETCore.App.Ref\10.0.3\ref\net10.0\System.Threading.Tasks.Parallel.dll
           C:\Program Files\dotnet\packs\Microsoft.NETCore.App.Ref\10.0.3\ref\net10.0\System.Threading.Thread.dll
           C:\Program Files\dotnet\packs\Microsoft.NETCore.App.Ref\10.0.3\ref\net10.0\System.Threading.ThreadPool.dll
           C:\Program Files\dotnet\packs\Microsoft.NETCore.App.Ref\10.0.3\ref\net10.0\System.Threading.Timer.dll
           C:\Program Files\dotnet\packs\Microsoft.NETCore.App.Ref\10.0.3\ref\net10.0\System.Transactions.dll
           C:\Program Files\dotnet\packs\Microsoft.NETCore.App.Ref\10.0.3\ref\net10.0\System.Transactions.Local.dll
           C:\Program Files\dotnet\packs\Microsoft.NETCore.App.Ref\10.0.3\ref\net10.0\System.ValueTuple.dll
           C:\Program Files\dotnet\packs\Microsoft.NETCore.App.Ref\10.0.3\ref\net10.0\System.Web.dll
           C:\Program Files\dotnet\packs\Microsoft.NETCore.App.Ref\10.0.3\ref\net10.0\System.Web.HttpUtility.dll
           C:\Program Files\dotnet\packs\Microsoft.WindowsDesktop.App.Ref\10.0.3\ref\net10.0\System.Windows.Controls.Ribbon.dll
           C:\Program Files\dotnet\packs\Microsoft.NETCore.App.Ref\10.0.3\ref\net10.0\System.Windows.dll
           C:\Program Files\dotnet\packs\Microsoft.WindowsDesktop.App.Ref\10.0.3\ref\net10.0\System.Windows.Extensions.dll
           C:\Program Files\dotnet\packs\Microsoft.WindowsDesktop.App.Ref\10.0.3\ref\net10.0\System.Windows.Input.Manipulations.dll
           C:\Program Files\dotnet\packs\Microsoft.WindowsDesktop.App.Ref\10.0.3\ref\net10.0\System.Windows.Presentation.dll
           C:\Program Files\dotnet\packs\Microsoft.WindowsDesktop.App.Ref\10.0.3\ref\net10.0\System.Windows.Primitives.dll
           C:\Program Files\dotnet\packs\Microsoft.WindowsDesktop.App.Ref\10.0.3\ref\net10.0\System.Xaml.dll
           C:\Program Files\dotnet\packs\Microsoft.NETCore.App.Ref\10.0.3\ref\net10.0\System.Xml.dll
           C:\Program Files\dotnet\packs\Microsoft.NETCore.App.Ref\10.0.3\ref\net10.0\System.Xml.Linq.dll
           C:\Program Files\dotnet\packs\Microsoft.NETCore.App.Ref\10.0.3\ref\net10.0\System.Xml.ReaderWriter.dll
           C:\Program Files\dotnet\packs\Microsoft.NETCore.App.Ref\10.0.3\ref\net10.0\System.Xml.Serialization.dll
           C:\Program Files\dotnet\packs\Microsoft.NETCore.App.Ref\10.0.3\ref\net10.0\System.Xml.XDocument.dll
           C:\Program Files\dotnet\packs\Microsoft.NETCore.App.Ref\10.0.3\ref\net10.0\System.Xml.XmlDocument.dll
           C:\Program Files\dotnet\packs\Microsoft.NETCore.App.Ref\10.0.3\ref\net10.0\System.Xml.XmlSerializer.dll
           C:\Program Files\dotnet\packs\Microsoft.NETCore.App.Ref\10.0.3\ref\net10.0\System.Xml.XPath.dll
           C:\Program Files\dotnet\packs\Microsoft.NETCore.App.Ref\10.0.3\ref\net10.0\System.Xml.XPath.XDocument.dll
           C:\Users\krish.maniar.ATPL-LAP-723\.nuget\packages\microsoft.testplatform.testhost\17.14.1\lib\net8.0\testhost.dll
           c:\Apps\TicketConsolidator\src\TicketConsolidator.Application\obj\Debug\net10.0\ref\TicketConsolidator.Application.dll
           c:\Apps\TicketConsolidator\src\TicketConsolidator.Domain\obj\Debug\net10.0\ref\TicketConsolidator.Domain.dll
           c:\Apps\TicketConsolidator\src\TicketConsolidator.Infrastructure\obj\Debug\net10.0-windows\ref\TicketConsolidator.Infrastructure.dll
           C:\Program Files\dotnet\packs\Microsoft.WindowsDesktop.App.Ref\10.0.3\ref\net10.0\UIAutomationClient.dll
           C:\Program Files\dotnet\packs\Microsoft.WindowsDesktop.App.Ref\10.0.3\ref\net10.0\UIAutomationClientSideProviders.dll
           C:\Program Files\dotnet\packs\Microsoft.WindowsDesktop.App.Ref\10.0.3\ref\net10.0\UIAutomationProvider.dll
           C:\Program Files\dotnet\packs\Microsoft.WindowsDesktop.App.Ref\10.0.3\ref\net10.0\UIAutomationTypes.dll
           C:\Program Files\dotnet\packs\Microsoft.WindowsDesktop.App.Ref\10.0.3\ref\net10.0\WindowsBase.dll
           C:\Users\krish.maniar.ATPL-LAP-723\.nuget\packages\xunit.abstractions\2.0.3\lib\netstandard2.0\xunit.abstractions.dll
           C:\Users\krish.maniar.ATPL-LAP-723\.nuget\packages\xunit.assert\2.9.3\lib\net6.0\xunit.assert.dll
           C:\Users\krish.maniar.ATPL-LAP-723\.nuget\packages\xunit.extensibility.core\2.9.3\lib\netstandard1.1\xunit.core.dll
           C:\Users\krish.maniar.ATPL-LAP-723\.nuget\packages\xunit.extensibility.execution\2.9.3\lib\netstandard1.1\xunit.execution.dotnet.dll
           obj\Debug\net10.0-windows\TicketConsolidator.UnitTests.csproj.CoreCompileInputs.cache
           C:\Program Files\dotnet\sdk\10.0.103\Sdks\Microsoft.NET.Sdk\targets\..\analyzers\Microsoft.CodeAnalysis.CSharp.NetAnalyzers.dll
           C:\Program Files\dotnet\sdk\10.0.103\Sdks\Microsoft.NET.Sdk\targets\..\analyzers\Microsoft.CodeAnalysis.NetAnalyzers.dll
           C:\Users\krish.maniar.ATPL-LAP-723\.nuget\packages\xunit.analyzers\1.18.0\analyzers\dotnet\cs\xunit.analyzers.dll
           C:\Users\krish.maniar.ATPL-LAP-723\.nuget\packages\xunit.analyzers\1.18.0\analyzers\dotnet\cs\xunit.analyzers.fixes.dll
           C:\Program Files\dotnet\packs\Microsoft.NETCore.App.Ref\10.0.3\analyzers/dotnet/cs/Microsoft.Interop.ComInterfaceGenerator.dll
           C:\Program Files\dotnet\packs\Microsoft.NETCore.App.Ref\10.0.3\analyzers/dotnet/cs/Microsoft.Interop.JavaScript.JSImportGenerator.dll
           C:\Program Files\dotnet\packs\Microsoft.NETCore.App.Ref\10.0.3\analyzers/dotnet/cs/Microsoft.Interop.LibraryImportGenerator.dll
           C:\Program Files\dotnet\packs\Microsoft.NETCore.App.Ref\10.0.3\analyzers/dotnet/cs/Microsoft.Interop.SourceGeneration.dll
           C:\Program Files\dotnet\packs\Microsoft.NETCore.App.Ref\10.0.3\analyzers/dotnet/cs/System.Text.Json.SourceGeneration.dll
           C:\Program Files\dotnet\packs\Microsoft.NETCore.App.Ref\10.0.3\analyzers/dotnet/cs/System.Text.RegularExpressions.Generator.dll
           obj\Debug\net10.0-windows\TicketConsolidator.UnitTests.GeneratedMSBuildEditorConfig.editorconfig
           C:\Program Files\dotnet\sdk\10.0.103\Sdks\Microsoft.NET.Sdk\analyzers\build\config\analysislevel_10_default.globalconfig
           c:\Apps\TicketConsolidator\tests\TicketConsolidator.UnitTests\TicketConsolidator.UnitTests.csproj
           C:\Program Files\dotnet\sdk\10.0.103\Current\Microsoft.Common.targets\ImportAfter\Microsoft.TestPlatform.ImportAfter.targets
           obj\Debug\net10.0-windows\TicketConsolidator.UnitTests.sourcelink.json
   6:6>ResolveAssemblyReferences:
             Reference found at search path location "{RawFileName}".
   3:6>CoreCompile:
       Output files: 
           obj\Debug\net10.0-windows\TicketConsolidator.UnitTests.dll
           obj\Debug\net10.0-windows\refint\TicketConsolidator.UnitTests.dll
           obj\Debug\net10.0-windows\TicketConsolidator.UnitTests.pdb
       C:\Program Files\dotnet\sdk\10.0.103\Roslyn\Microsoft.CSharp.Core.targets(66,7): message : Property reassignment: $(NoWarn)="1701;1702;1701;1702" (previous value: "1701;1702") at C:\Program Files\dotnet\sdk\10.0.103\Roslyn\Microsoft.CSharp.Core.targets (66,7) [c:\Apps\TicketConsolidator\tests\TicketConsolidator.UnitTests\TicketConsolidator.UnitTests.csproj]
   3:6>Done building target "CoreCompile" in project "TicketConsolidator.UnitTests.csproj".
   3:6>Target "AfterCompile" in file "C:\Program Files\dotnet\sdk\10.0.103\Microsoft.Common.CurrentVersion.targets" from project "c:\Apps\TicketConsolidator\tests\TicketConsolidator.UnitTests\TicketConsolidator.UnitTests.csproj" (target "Compile" depends on it):
   3:6>Done building target "AfterCompile" in project "TicketConsolidator.UnitTests.csproj".
   6:6>ResolveAssemblyReferences:
             This reference is not "CopyLocal" because at least one source item had "Private" set to "false" and no source items had "Private" set to "true".
         Primary reference "System.Diagnostics.DiagnosticSource, Version=10.0.0.0, Culture=neutral, PublicKeyToken=cc7b13ffcd2ddd51".
   3:6>Target "Compile" in file "C:\Program Files\dotnet\sdk\10.0.103\Microsoft.Common.CurrentVersion.targets" from project "c:\Apps\TicketConsolidator\tests\TicketConsolidator.UnitTests\TicketConsolidator.UnitTests.csproj" (target "CoreBuild" depends on it):
   3:6>Done building target "Compile" in project "TicketConsolidator.UnitTests.csproj".
   6:6>ResolveAssemblyReferences:
             Resolved file path is "C:\Program Files\dotnet\packs\Microsoft.NETCore.App.Ref\10.0.3\ref\net10.0\System.Diagnostics.DiagnosticSource.dll".
             Reference found at search path location "{RawFileName}".
             This reference is not "CopyLocal" because at least one source item had "Private" set to "false" and no source items had "Private" set to "true".
         Primary reference "System.Diagnostics.FileVersionInfo, Version=10.0.0.0, Culture=neutral, PublicKeyToken=b03f5f7f11d50a3a".
             Resolved file path is "C:\Program Files\dotnet\packs\Microsoft.NETCore.App.Ref\10.0.3\ref\net10.0\System.Diagnostics.FileVersionInfo.dll".
             Reference found at search path location "{RawFileName}".
             This reference is not "CopyLocal" because at least one source item had "Private" set to "false" and no source items had "Private" set to "true".
         Primary reference "System.Diagnostics.Process, Version=10.0.0.0, Culture=neutral, PublicKeyToken=b03f5f7f11d50a3a".
             Resolved file path is "C:\Program Files\dotnet\packs\Microsoft.NETCore.App.Ref\10.0.3\ref\net10.0\System.Diagnostics.Process.dll".
             Reference found at search path location "{RawFileName}".
             This reference is not "CopyLocal" because at least one source item had "Private" set to "false" and no source items had "Private" set to "true".
         Primary reference "System.Diagnostics.StackTrace, Version=10.0.0.0, Culture=neutral, PublicKeyToken=b03f5f7f11d50a3a".
             Resolved file path is "C:\Program Files\dotnet\packs\Microsoft.NETCore.App.Ref\10.0.3\ref\net10.0\System.Diagnostics.StackTrace.dll".
             Reference found at search path location "{RawFileName}".
             This reference is not "CopyLocal" because at least one source item had "Private" set to "false" and no source items had "Private" set to "true".
         Primary reference "System.Diagnostics.TextWriterTraceListener, Version=10.0.0.0, Culture=neutral, PublicKeyToken=b03f5f7f11d50a3a".
             Resolved file path is "C:\Program Files\dotnet\packs\Microsoft.NETCore.App.Ref\10.0.3\ref\net10.0\System.Diagnostics.TextWriterTraceListener.dll".
             Reference found at search path location "{RawFileName}".
             This reference is not "CopyLocal" because at least one source item had "Private" set to "false" and no source items had "Private" set to "true".
         Primary reference "System.Diagnostics.Tools, Version=10.0.0.0, Culture=neutral, PublicKeyToken=b03f5f7f11d50a3a".
   3:6>Target "_GenerateSatelliteAssemblyInputs" in file "C:\Program Files\dotnet\sdk\10.0.103\Microsoft.Common.CurrentVersion.targets" from project "c:\Apps\TicketConsolidator\tests\TicketConsolidator.UnitTests\TicketConsolidator.UnitTests.csproj" (target "CreateSatelliteAssemblies" depends on it):
   3:6>Done building target "_GenerateSatelliteAssemblyInputs" in project "TicketConsolidator.UnitTests.csproj".
   6:6>ResolveAssemblyReferences:
             Resolved file path is "C:\Program Files\dotnet\packs\Microsoft.NETCore.App.Ref\10.0.3\ref\net10.0\System.Diagnostics.Tools.dll".
             Reference found at search path location "{RawFileName}".
   3:6>Target "CreateSatelliteAssemblies" in file "C:\Program Files\dotnet\sdk\10.0.103\Microsoft.Common.CurrentVersion.targets" from project "c:\Apps\TicketConsolidator\tests\TicketConsolidator.UnitTests\TicketConsolidator.UnitTests.csproj" (target "CoreBuild" depends on it):
   3:6>Done building target "CreateSatelliteAssemblies" in project "TicketConsolidator.UnitTests.csproj".
   6:6>ResolveAssemblyReferences:
             This reference is not "CopyLocal" because at least one source item had "Private" set to "false" and no source items had "Private" set to "true".
   3:6>Target "GetTargetPathWithTargetPlatformMoniker" in file "C:\Program Files\dotnet\sdk\10.0.103\Microsoft.Common.CurrentVersion.targets" from project "c:\Apps\TicketConsolidator\tests\TicketConsolidator.UnitTests\TicketConsolidator.UnitTests.csproj" (target "GetTargetPath" depends on it):
   3:6>Done building target "GetTargetPathWithTargetPlatformMoniker" in project "TicketConsolidator.UnitTests.csproj".
   6:6>ResolveAssemblyReferences:
         Primary reference "System.Diagnostics.TraceSource, Version=10.0.0.0, Culture=neutral, PublicKeyToken=b03f5f7f11d50a3a".
             Resolved file path is "C:\Program Files\dotnet\packs\Microsoft.NETCore.App.Ref\10.0.3\ref\net10.0\System.Diagnostics.TraceSource.dll".
   3:6>Target "GetTargetPath" in file "C:\Program Files\dotnet\sdk\10.0.103\Microsoft.Common.CurrentVersion.targets" from project "c:\Apps\TicketConsolidator\tests\TicketConsolidator.UnitTests\TicketConsolidator.UnitTests.csproj" (target "CoreBuild" depends on it):
   3:6>Done building target "GetTargetPath" in project "TicketConsolidator.UnitTests.csproj".
   6:6>ResolveAssemblyReferences:
             Reference found at search path location "{RawFileName}".
   3:6>Target "_CopyFilesMarkedCopyLocal" in file "C:\Program Files\dotnet\sdk\10.0.103\Microsoft.Common.CurrentVersion.targets" from project "c:\Apps\TicketConsolidator\tests\TicketConsolidator.UnitTests\TicketConsolidator.UnitTests.csproj" (target "CopyFilesToOutputDirectory" depends on it):
   3:6>Using "Copy" task from assembly "Microsoft.Build.Tasks.Core, Version=15.1.0.0, Culture=neutral, PublicKeyToken=b03f5f7f11d50a3a".
       Task "Copy"
         Did not copy from file "C:\Users\krish.maniar.ATPL-LAP-723\.nuget\packages\microsoft.extensions.configuration.binder\10.0.1\lib\net10.0\Microsoft.Extensions.Configuration.Binder.dll" to file "bin\Debug\net10.0-windows\Microsoft.Extensions.Configuration.Binder.dll" because the "SkipUnchangedFiles" parameter was set to "true" in the project and the files' sizes and timestamps match.
         Did not copy from file "C:\Users\krish.maniar.ATPL-LAP-723\.nuget\packages\microsoft.codecoverage\17.14.1\lib\net8.0\Microsoft.VisualStudio.CodeCoverage.Shim.dll" to file "bin\Debug\net10.0-windows\Microsoft.VisualStudio.CodeCoverage.Shim.dll" because the "SkipUnchangedFiles" parameter was set to "true" in the project and the files' sizes and timestamps match.
         Did not copy from file "C:\Users\krish.maniar.ATPL-LAP-723\.nuget\packages\microsoft.extensions.configuration\10.0.1\lib\net10.0\Microsoft.Extensions.Configuration.dll" to file "bin\Debug\net10.0-windows\Microsoft.Extensions.Configuration.dll" because the "SkipUnchangedFiles" parameter was set to "true" in the project and the files' sizes and timestamps match.
         Did not copy from file "C:\Users\krish.maniar.ATPL-LAP-723\.nuget\packages\microsoft.extensions.configuration.json\10.0.1\lib\net10.0\Microsoft.Extensions.Configuration.Json.dll" to file "bin\Debug\net10.0-windows\Microsoft.Extensions.Configuration.Json.dll" because the "SkipUnchangedFiles" parameter was set to "true" in the project and the files' sizes and timestamps match.
         Did not copy from file "C:\Users\krish.maniar.ATPL-LAP-723\.nuget\packages\microsoft.extensions.configuration.fileextensions\10.0.1\lib\net10.0\Microsoft.Extensions.Configuration.FileExtensions.dll" to file "bin\Debug\net10.0-windows\Microsoft.Extensions.Configuration.FileExtensions.dll" because the "SkipUnchangedFiles" parameter was set to "true" in the project and the files' sizes and timestamps match.
   6:6>ResolveAssemblyReferences:
             This reference is not "CopyLocal" because at least one source item had "Private" set to "false" and no source items had "Private" set to "true".
   3:6>_CopyFilesMarkedCopyLocal:
         Did not copy from file "C:\Users\krish.maniar.ATPL-LAP-723\.nuget\packages\microsoft.extensions.configuration.abstractions\10.0.1\lib\net10.0\Microsoft.Extensions.Configuration.Abstractions.dll" to file "bin\Debug\net10.0-windows\Microsoft.Extensions.Configuration.Abstractions.dll" because the "SkipUnchangedFiles" parameter was set to "true" in the project and the files' sizes and timestamps match.
   6:6>ResolveAssemblyReferences:
         Primary reference "System.Diagnostics.Tracing, Version=10.0.0.0, Culture=neutral, PublicKeyToken=b03f5f7f11d50a3a".
   3:6>_CopyFilesMarkedCopyLocal:
         Did not copy from file "C:\Users\krish.maniar.ATPL-LAP-723\.nuget\packages\microsoft.extensions.primitives\10.0.1\lib\net10.0\Microsoft.Extensions.Primitives.dll" to file "bin\Debug\net10.0-windows\Microsoft.Extensions.Primitives.dll" because the "SkipUnchangedFiles" parameter was set to "true" in the project and the files' sizes and timestamps match.
         Did not copy from file "C:\Users\krish.maniar.ATPL-LAP-723\.nuget\packages\microsoft.extensions.fileproviders.abstractions\10.0.1\lib\net10.0\Microsoft.Extensions.FileProviders.Abstractions.dll" to file "bin\Debug\net10.0-windows\Microsoft.Extensions.FileProviders.Abstractions.dll" because the "SkipUnchangedFiles" parameter was set to "true" in the project and the files' sizes and timestamps match.
   6:6>ResolveAssemblyReferences:
             Resolved file path is "C:\Program Files\dotnet\packs\Microsoft.NETCore.App.Ref\10.0.3\ref\net10.0\System.Diagnostics.Tracing.dll".
   3:6>_CopyFilesMarkedCopyLocal:
         Did not copy from file "C:\Users\krish.maniar.ATPL-LAP-723\.nuget\packages\microsoft.extensions.filesystemglobbing\10.0.1\lib\net10.0\Microsoft.Extensions.FileSystemGlobbing.dll" to file "bin\Debug\net10.0-windows\Microsoft.Extensions.FileSystemGlobbing.dll" because the "SkipUnchangedFiles" parameter was set to "true" in the project and the files' sizes and timestamps match.
   6:6>ResolveAssemblyReferences:
             Reference found at search path location "{RawFileName}".
   3:6>_CopyFilesMarkedCopyLocal:
         Did not copy from file "C:\Users\krish.maniar.ATPL-LAP-723\.nuget\packages\microsoft.testplatform.objectmodel\17.14.1\lib\net8.0\Microsoft.TestPlatform.PlatformAbstractions.dll" to file "bin\Debug\net10.0-windows\Microsoft.TestPlatform.PlatformAbstractions.dll" because the "SkipUnchangedFiles" parameter was set to "true" in the project and the files' sizes and timestamps match.
   6:6>ResolveAssemblyReferences:
             This reference is not "CopyLocal" because at least one source item had "Private" set to "false" and no source items had "Private" set to "true".
   3:6>_CopyFilesMarkedCopyLocal:
         Did not copy from file "C:\Users\krish.maniar.ATPL-LAP-723\.nuget\packages\microsoft.extensions.fileproviders.physical\10.0.1\lib\net10.0\Microsoft.Extensions.FileProviders.Physical.dll" to file "bin\Debug\net10.0-windows\Microsoft.Extensions.FileProviders.Physical.dll" because the "SkipUnchangedFiles" parameter was set to "true" in the project and the files' sizes and timestamps match.
   6:6>ResolveAssemblyReferences:
         Primary reference "System.Drawing.Primitives, Version=10.0.0.0, Culture=neutral, PublicKeyToken=b03f5f7f11d50a3a".
             Resolved file path is "C:\Program Files\dotnet\packs\Microsoft.NETCore.App.Ref\10.0.3\ref\net10.0\System.Drawing.Primitives.dll".
   3:6>_CopyFilesMarkedCopyLocal:
         Did not copy from file "C:\Users\krish.maniar.ATPL-LAP-723\.nuget\packages\microsoft.testplatform.objectmodel\17.14.1\lib\net8.0\Microsoft.TestPlatform.CoreUtilities.dll" to file "bin\Debug\net10.0-windows\Microsoft.TestPlatform.CoreUtilities.dll" because the "SkipUnchangedFiles" parameter was set to "true" in the project and the files' sizes and timestamps match.
   6:6>ResolveAssemblyReferences:
             Reference found at search path location "{RawFileName}".
   3:6>_CopyFilesMarkedCopyLocal:
         Did not copy from file "C:\Users\krish.maniar.ATPL-LAP-723\.nuget\packages\microsoft.testplatform.objectmodel\17.14.1\lib\net8.0\Microsoft.VisualStudio.TestPlatform.ObjectModel.dll" to file "bin\Debug\net10.0-windows\Microsoft.VisualStudio.TestPlatform.ObjectModel.dll" because the "SkipUnchangedFiles" parameter was set to "true" in the project and the files' sizes and timestamps match.
   6:6>ResolveAssemblyReferences:
             This reference is not "CopyLocal" because at least one source item had "Private" set to "false" and no source items had "Private" set to "true".
         Primary reference "System.Drawing, Version=4.0.0.0, Culture=neutral, PublicKeyToken=b03f5f7f11d50a3a".
   3:6>_CopyFilesMarkedCopyLocal:
         Did not copy from file "C:\Users\krish.maniar.ATPL-LAP-723\.nuget\packages\microsoft.testplatform.testhost\17.14.1\lib\net8.0\Microsoft.TestPlatform.CommunicationUtilities.dll" to file "bin\Debug\net10.0-windows\Microsoft.TestPlatform.CommunicationUtilities.dll" because the "SkipUnchangedFiles" parameter was set to "true" in the project and the files' sizes and timestamps match.
         Did not copy from file "C:\Users\krish.maniar.ATPL-LAP-723\.nuget\packages\microsoft.testplatform.testhost\17.14.1\lib\net8.0\Microsoft.TestPlatform.CrossPlatEngine.dll" to file "bin\Debug\net10.0-windows\Microsoft.TestPlatform.CrossPlatEngine.dll" because the "SkipUnchangedFiles" parameter was set to "true" in the project and the files' sizes and timestamps match.
   6:6>ResolveAssemblyReferences:
             Resolved file path is "C:\Program Files\dotnet\packs\Microsoft.NETCore.App.Ref\10.0.3\ref\net10.0\System.Drawing.dll".
             Reference found at search path location "{RawFileName}".
   3:6>_CopyFilesMarkedCopyLocal:
         Did not copy from file "C:\Users\krish.maniar.ATPL-LAP-723\.nuget\packages\newtonsoft.json\13.0.3\lib\net6.0\Newtonsoft.Json.dll" to file "bin\Debug\net10.0-windows\Newtonsoft.Json.dll" because the "SkipUnchangedFiles" parameter was set to "true" in the project and the files' sizes and timestamps match.
         Did not copy from file "C:\Users\krish.maniar.ATPL-LAP-723\.nuget\packages\microsoft.testplatform.testhost\17.14.1\lib\net8.0\Microsoft.TestPlatform.Utilities.dll" to file "bin\Debug\net10.0-windows\Microsoft.TestPlatform.Utilities.dll" because the "SkipUnchangedFiles" parameter was set to "true" in the project and the files' sizes and timestamps match.
         Did not copy from file "C:\Users\krish.maniar.ATPL-LAP-723\.nuget\packages\microsoft.testplatform.testhost\17.14.1\lib\net8.0\testhost.dll" to file "bin\Debug\net10.0-windows\testhost.dll" because the "SkipUnchangedFiles" parameter was set to "true" in the project and the files' sizes and timestamps match.
         Did not copy from file "C:\Users\krish.maniar.ATPL-LAP-723\.nuget\packages\system.data.sqlclient\4.9.0\lib\net8.0\System.Data.SqlClient.dll" to file "bin\Debug\net10.0-windows\System.Data.SqlClient.dll" because the "SkipUnchangedFiles" parameter was set to "true" in the project and the files' sizes and timestamps match.
         Did not copy from file "C:\Users\krish.maniar.ATPL-LAP-723\.nuget\packages\microsoft.testplatform.testhost\17.14.1\lib\net8.0\Microsoft.VisualStudio.TestPlatform.Common.dll" to file "bin\Debug\net10.0-windows\Microsoft.VisualStudio.TestPlatform.Common.dll" because the "SkipUnchangedFiles" parameter was set to "true" in the project and the files' sizes and timestamps match.
         Did not copy from file "C:\Users\krish.maniar.ATPL-LAP-723\.nuget\packages\xunit.extensibility.execution\2.9.3\lib\netstandard1.1\xunit.execution.dotnet.dll" to file "bin\Debug\net10.0-windows\xunit.execution.dotnet.dll" because the "SkipUnchangedFiles" parameter was set to "true" in the project and the files' sizes and timestamps match.
         Did not copy from file "C:\Users\krish.maniar.ATPL-LAP-723\.nuget\packages\xunit.assert\2.9.3\lib\net6.0\xunit.assert.dll" to file "bin\Debug\net10.0-windows\xunit.assert.dll" because the "SkipUnchangedFiles" parameter was set to "true" in the project and the files' sizes and timestamps match.
   6:6>ResolveAssemblyReferences:
             This reference is not "CopyLocal" because at least one source item had "Private" set to "false" and no source items had "Private" set to "true".
   3:6>_CopyFilesMarkedCopyLocal:
         Did not copy from file "C:\Users\krish.maniar.ATPL-LAP-723\.nuget\packages\microsoft.testplatform.objectmodel\17.14.1\lib\net8.0\cs\Microsoft.TestPlatform.CoreUtilities.resources.dll" to file "bin\Debug\net10.0-windows\cs\Microsoft.TestPlatform.CoreUtilities.resources.dll" because the "SkipUnchangedFiles" parameter was set to "true" in the project and the files' sizes and timestamps match.
         Did not copy from file "C:\Users\krish.maniar.ATPL-LAP-723\.nuget\packages\xunit.abstractions\2.0.3\lib\netstandard2.0\xunit.abstractions.dll" to file "bin\Debug\net10.0-windows\xunit.abstractions.dll" because the "SkipUnchangedFiles" parameter was set to "true" in the project and the files' sizes and timestamps match.
   6:6>ResolveAssemblyReferences:
         Primary reference "System.Dynamic.Runtime, Version=10.0.0.0, Culture=neutral, PublicKeyToken=b03f5f7f11d50a3a".
   3:6>_CopyFilesMarkedCopyLocal:
         Did not copy from file "C:\Users\krish.maniar.ATPL-LAP-723\.nuget\packages\xunit.extensibility.core\2.9.3\lib\netstandard1.1\xunit.core.dll" to file "bin\Debug\net10.0-windows\xunit.core.dll" because the "SkipUnchangedFiles" parameter was set to "true" in the project and the files' sizes and timestamps match.
         Did not copy from file "C:\Users\krish.maniar.ATPL-LAP-723\.nuget\packages\microsoft.testplatform.objectmodel\17.14.1\lib\net8.0\de\Microsoft.TestPlatform.CoreUtilities.resources.dll" to file "bin\Debug\net10.0-windows\de\Microsoft.TestPlatform.CoreUtilities.resources.dll" because the "SkipUnchangedFiles" parameter was set to "true" in the project and the files' sizes and timestamps match.
         Did not copy from file "C:\Users\krish.maniar.ATPL-LAP-723\.nuget\packages\microsoft.testplatform.objectmodel\17.14.1\lib\net8.0\de\Microsoft.VisualStudio.TestPlatform.ObjectModel.resources.dll" to file "bin\Debug\net10.0-windows\de\Microsoft.VisualStudio.TestPlatform.ObjectModel.resources.dll" because the "SkipUnchangedFiles" parameter was set to "true" in the project and the files' sizes and timestamps match.
   6:6>ResolveAssemblyReferences:
             Resolved file path is "C:\Program Files\dotnet\packs\Microsoft.NETCore.App.Ref\10.0.3\ref\net10.0\System.Dynamic.Runtime.dll".
   3:6>_CopyFilesMarkedCopyLocal:
         Did not copy from file "C:\Users\krish.maniar.ATPL-LAP-723\.nuget\packages\microsoft.testplatform.objectmodel\17.14.1\lib\net8.0\cs\Microsoft.VisualStudio.TestPlatform.ObjectModel.resources.dll" to file "bin\Debug\net10.0-windows\cs\Microsoft.VisualStudio.TestPlatform.ObjectModel.resources.dll" because the "SkipUnchangedFiles" parameter was set to "true" in the project and the files' sizes and timestamps match.
         Did not copy from file "C:\Users\krish.maniar.ATPL-LAP-723\.nuget\packages\microsoft.testplatform.objectmodel\17.14.1\lib\net8.0\es\Microsoft.TestPlatform.CoreUtilities.resources.dll" to file "bin\Debug\net10.0-windows\es\Microsoft.TestPlatform.CoreUtilities.resources.dll" because the "SkipUnchangedFiles" parameter was set to "true" in the project and the files' sizes and timestamps match.
         Did not copy from file "C:\Users\krish.maniar.ATPL-LAP-723\.nuget\packages\microsoft.testplatform.objectmodel\17.14.1\lib\net8.0\fr\Microsoft.VisualStudio.TestPlatform.ObjectModel.resources.dll" to file "bin\Debug\net10.0-windows\fr\Microsoft.VisualStudio.TestPlatform.ObjectModel.resources.dll" because the "SkipUnchangedFiles" parameter was set to "true" in the project and the files' sizes and timestamps match.
         Did not copy from file "C:\Users\krish.maniar.ATPL-LAP-723\.nuget\packages\microsoft.testplatform.objectmodel\17.14.1\lib\net8.0\fr\Microsoft.TestPlatform.CoreUtilities.resources.dll" to file "bin\Debug\net10.0-windows\fr\Microsoft.TestPlatform.CoreUtilities.resources.dll" because the "SkipUnchangedFiles" parameter was set to "true" in the project and the files' sizes and timestamps match.
         Did not copy from file "C:\Users\krish.maniar.ATPL-LAP-723\.nuget\packages\microsoft.testplatform.objectmodel\17.14.1\lib\net8.0\it\Microsoft.TestPlatform.CoreUtilities.resources.dll" to file "bin\Debug\net10.0-windows\it\Microsoft.TestPlatform.CoreUtilities.resources.dll" because the "SkipUnchangedFiles" parameter was set to "true" in the project and the files' sizes and timestamps match.
         Did not copy from file "C:\Users\krish.maniar.ATPL-LAP-723\.nuget\packages\microsoft.testplatform.objectmodel\17.14.1\lib\net8.0\es\Microsoft.VisualStudio.TestPlatform.ObjectModel.resources.dll" to file "bin\Debug\net10.0-windows\es\Microsoft.VisualStudio.TestPlatform.ObjectModel.resources.dll" because the "SkipUnchangedFiles" parameter was set to "true" in the project and the files' sizes and timestamps match.
         Did not copy from file "C:\Users\krish.maniar.ATPL-LAP-723\.nuget\packages\microsoft.testplatform.objectmodel\17.14.1\lib\net8.0\ko\Microsoft.TestPlatform.CoreUtilities.resources.dll" to file "bin\Debug\net10.0-windows\ko\Microsoft.TestPlatform.CoreUtilities.resources.dll" because the "SkipUnchangedFiles" parameter was set to "true" in the project and the files' sizes and timestamps match.
         Did not copy from file "C:\Users\krish.maniar.ATPL-LAP-723\.nuget\packages\microsoft.testplatform.objectmodel\17.14.1\lib\net8.0\ja\Microsoft.VisualStudio.TestPlatform.ObjectModel.resources.dll" to file "bin\Debug\net10.0-windows\ja\Microsoft.VisualStudio.TestPlatform.ObjectModel.resources.dll" because the "SkipUnchangedFiles" parameter was set to "true" in the project and the files' sizes and timestamps match.
         Did not copy from file "C:\Users\krish.maniar.ATPL-LAP-723\.nuget\packages\microsoft.testplatform.objectmodel\17.14.1\lib\net8.0\it\Microsoft.VisualStudio.TestPlatform.ObjectModel.resources.dll" to file "bin\Debug\net10.0-windows\it\Microsoft.VisualStudio.TestPlatform.ObjectModel.resources.dll" because the "SkipUnchangedFiles" parameter was set to "true" in the project and the files' sizes and timestamps match.
         Did not copy from file "C:\Users\krish.maniar.ATPL-LAP-723\.nuget\packages\microsoft.testplatform.objectmodel\17.14.1\lib\net8.0\ja\Microsoft.TestPlatform.CoreUtilities.resources.dll" to file "bin\Debug\net10.0-windows\ja\Microsoft.TestPlatform.CoreUtilities.resources.dll" because the "SkipUnchangedFiles" parameter was set to "true" in the project and the files' sizes and timestamps match.
   6:6>ResolveAssemblyReferences:
             Reference found at search path location "{RawFileName}".
   3:6>_CopyFilesMarkedCopyLocal:
         Did not copy from file "C:\Users\krish.maniar.ATPL-LAP-723\.nuget\packages\microsoft.testplatform.objectmodel\17.14.1\lib\net8.0\pl\Microsoft.TestPlatform.CoreUtilities.resources.dll" to file "bin\Debug\net10.0-windows\pl\Microsoft.TestPlatform.CoreUtilities.resources.dll" because the "SkipUnchangedFiles" parameter was set to "true" in the project and the files' sizes and timestamps match.
         Did not copy from file "C:\Users\krish.maniar.ATPL-LAP-723\.nuget\packages\microsoft.testplatform.objectmodel\17.14.1\lib\net8.0\ko\Microsoft.VisualStudio.TestPlatform.ObjectModel.resources.dll" to file "bin\Debug\net10.0-windows\ko\Microsoft.VisualStudio.TestPlatform.ObjectModel.resources.dll" because the "SkipUnchangedFiles" parameter was set to "true" in the project and the files' sizes and timestamps match.
         Did not copy from file "C:\Users\krish.maniar.ATPL-LAP-723\.nuget\packages\microsoft.testplatform.objectmodel\17.14.1\lib\net8.0\pt-BR\Microsoft.TestPlatform.CoreUtilities.resources.dll" to file "bin\Debug\net10.0-windows\pt-BR\Microsoft.TestPlatform.CoreUtilities.resources.dll" because the "SkipUnchangedFiles" parameter was set to "true" in the project and the files' sizes and timestamps match.
   6:6>ResolveAssemblyReferences:
             This reference is not "CopyLocal" because at least one source item had "Private" set to "false" and no source items had "Private" set to "true".
   3:6>_CopyFilesMarkedCopyLocal:
         Did not copy from file "C:\Users\krish.maniar.ATPL-LAP-723\.nuget\packages\microsoft.testplatform.objectmodel\17.14.1\lib\net8.0\pl\Microsoft.VisualStudio.TestPlatform.ObjectModel.resources.dll" to file "bin\Debug\net10.0-windows\pl\Microsoft.VisualStudio.TestPlatform.ObjectModel.resources.dll" because the "SkipUnchangedFiles" parameter was set to "true" in the project and the files' sizes and timestamps match.
         Did not copy from file "C:\Users\krish.maniar.ATPL-LAP-723\.nuget\packages\microsoft.testplatform.objectmodel\17.14.1\lib\net8.0\pt-BR\Microsoft.VisualStudio.TestPlatform.ObjectModel.resources.dll" to file "bin\Debug\net10.0-windows\pt-BR\Microsoft.VisualStudio.TestPlatform.ObjectModel.resources.dll" because the "SkipUnchangedFiles" parameter was set to "true" in the project and the files' sizes and timestamps match.
         Did not copy from file "C:\Users\krish.maniar.ATPL-LAP-723\.nuget\packages\microsoft.testplatform.objectmodel\17.14.1\lib\net8.0\ru\Microsoft.TestPlatform.CoreUtilities.resources.dll" to file "bin\Debug\net10.0-windows\ru\Microsoft.TestPlatform.CoreUtilities.resources.dll" because the "SkipUnchangedFiles" parameter was set to "true" in the project and the files' sizes and timestamps match.
   6:6>ResolveAssemblyReferences:
         Primary reference "System.Formats.Asn1, Version=10.0.0.0, Culture=neutral, PublicKeyToken=cc7b13ffcd2ddd51".
   3:6>_CopyFilesMarkedCopyLocal:
         Did not copy from file "C:\Users\krish.maniar.ATPL-LAP-723\.nuget\packages\microsoft.testplatform.objectmodel\17.14.1\lib\net8.0\ru\Microsoft.VisualStudio.TestPlatform.ObjectModel.resources.dll" to file "bin\Debug\net10.0-windows\ru\Microsoft.VisualStudio.TestPlatform.ObjectModel.resources.dll" because the "SkipUnchangedFiles" parameter was set to "true" in the project and the files' sizes and timestamps match.
         Did not copy from file "C:\Users\krish.maniar.ATPL-LAP-723\.nuget\packages\microsoft.testplatform.objectmodel\17.14.1\lib\net8.0\tr\Microsoft.TestPlatform.CoreUtilities.resources.dll" to file "bin\Debug\net10.0-windows\tr\Microsoft.TestPlatform.CoreUtilities.resources.dll" because the "SkipUnchangedFiles" parameter was set to "true" in the project and the files' sizes and timestamps match.
         Did not copy from file "C:\Users\krish.maniar.ATPL-LAP-723\.nuget\packages\microsoft.testplatform.objectmodel\17.14.1\lib\net8.0\zh-Hans\Microsoft.TestPlatform.CoreUtilities.resources.dll" to file "bin\Debug\net10.0-windows\zh-Hans\Microsoft.TestPlatform.CoreUtilities.resources.dll" because the "SkipUnchangedFiles" parameter was set to "true" in the project and the files' sizes and timestamps match.
   6:6>ResolveAssemblyReferences:
             Resolved file path is "C:\Program Files\dotnet\packs\Microsoft.NETCore.App.Ref\10.0.3\ref\net10.0\System.Formats.Asn1.dll".
   3:6>_CopyFilesMarkedCopyLocal:
         Did not copy from file "C:\Users\krish.maniar.ATPL-LAP-723\.nuget\packages\microsoft.testplatform.objectmodel\17.14.1\lib\net8.0\tr\Microsoft.VisualStudio.TestPlatform.ObjectModel.resources.dll" to file "bin\Debug\net10.0-windows\tr\Microsoft.VisualStudio.TestPlatform.ObjectModel.resources.dll" because the "SkipUnchangedFiles" parameter was set to "true" in the project and the files' sizes and timestamps match.
         Did not copy from file "C:\Users\krish.maniar.ATPL-LAP-723\.nuget\packages\microsoft.testplatform.objectmodel\17.14.1\lib\net8.0\zh-Hant\Microsoft.TestPlatform.CoreUtilities.resources.dll" to file "bin\Debug\net10.0-windows\zh-Hant\Microsoft.TestPlatform.CoreUtilities.resources.dll" because the "SkipUnchangedFiles" parameter was set to "true" in the project and the files' sizes and timestamps match.
         Did not copy from file "C:\Users\krish.maniar.ATPL-LAP-723\.nuget\packages\microsoft.testplatform.testhost\17.14.1\lib\net8.0\cs\Microsoft.TestPlatform.CommunicationUtilities.resources.dll" to file "bin\Debug\net10.0-windows\cs\Microsoft.TestPlatform.CommunicationUtilities.resources.dll" because the "SkipUnchangedFiles" parameter was set to "true" in the project and the files' sizes and timestamps match.
         Did not copy from file "C:\Users\krish.maniar.ATPL-LAP-723\.nuget\packages\microsoft.testplatform.objectmodel\17.14.1\lib\net8.0\zh-Hant\Microsoft.VisualStudio.TestPlatform.ObjectModel.resources.dll" to file "bin\Debug\net10.0-windows\zh-Hant\Microsoft.VisualStudio.TestPlatform.ObjectModel.resources.dll" because the "SkipUnchangedFiles" parameter was set to "true" in the project and the files' sizes and timestamps match.
         Did not copy from file "C:\Users\krish.maniar.ATPL-LAP-723\.nuget\packages\microsoft.testplatform.objectmodel\17.14.1\lib\net8.0\zh-Hans\Microsoft.VisualStudio.TestPlatform.ObjectModel.resources.dll" to file "bin\Debug\net10.0-windows\zh-Hans\Microsoft.VisualStudio.TestPlatform.ObjectModel.resources.dll" because the "SkipUnchangedFiles" parameter was set to "true" in the project and the files' sizes and timestamps match.
         Did not copy from file "C:\Users\krish.maniar.ATPL-LAP-723\.nuget\packages\microsoft.testplatform.testhost\17.14.1\lib\net8.0\cs\Microsoft.VisualStudio.TestPlatform.Common.resources.dll" to file "bin\Debug\net10.0-windows\cs\Microsoft.VisualStudio.TestPlatform.Common.resources.dll" because the "SkipUnchangedFiles" parameter was set to "true" in the project and the files' sizes and timestamps match.
         Did not copy from file "C:\Users\krish.maniar.ATPL-LAP-723\.nuget\packages\microsoft.testplatform.testhost\17.14.1\lib\net8.0\cs\Microsoft.TestPlatform.CrossPlatEngine.resources.dll" to file "bin\Debug\net10.0-windows\cs\Microsoft.TestPlatform.CrossPlatEngine.resources.dll" because the "SkipUnchangedFiles" parameter was set to "true" in the project and the files' sizes and timestamps match.
         Did not copy from file "C:\Users\krish.maniar.ATPL-LAP-723\.nuget\packages\microsoft.testplatform.testhost\17.14.1\lib\net8.0\de\Microsoft.TestPlatform.CrossPlatEngine.resources.dll" to file "bin\Debug\net10.0-windows\de\Microsoft.TestPlatform.CrossPlatEngine.resources.dll" because the "SkipUnchangedFiles" parameter was set to "true" in the project and the files' sizes and timestamps match.
         Did not copy from file "C:\Users\krish.maniar.ATPL-LAP-723\.nuget\packages\microsoft.testplatform.testhost\17.14.1\lib\net8.0\de\Microsoft.TestPlatform.CommunicationUtilities.resources.dll" to file "bin\Debug\net10.0-windows\de\Microsoft.TestPlatform.CommunicationUtilities.resources.dll" because the "SkipUnchangedFiles" parameter was set to "true" in the project and the files' sizes and timestamps match.
         Did not copy from file "C:\Users\krish.maniar.ATPL-LAP-723\.nuget\packages\microsoft.testplatform.testhost\17.14.1\lib\net8.0\de\Microsoft.VisualStudio.TestPlatform.Common.resources.dll" to file "bin\Debug\net10.0-windows\de\Microsoft.VisualStudio.TestPlatform.Common.resources.dll" because the "SkipUnchangedFiles" parameter was set to "true" in the project and the files' sizes and timestamps match.
         Did not copy from file "C:\Users\krish.maniar.ATPL-LAP-723\.nuget\packages\microsoft.testplatform.testhost\17.14.1\lib\net8.0\es\Microsoft.TestPlatform.CrossPlatEngine.resources.dll" to file "bin\Debug\net10.0-windows\es\Microsoft.TestPlatform.CrossPlatEngine.resources.dll" because the "SkipUnchangedFiles" parameter was set to "true" in the project and the files' sizes and timestamps match.
         Did not copy from file "C:\Users\krish.maniar.ATPL-LAP-723\.nuget\packages\microsoft.testplatform.testhost\17.14.1\lib\net8.0\es\Microsoft.TestPlatform.CommunicationUtilities.resources.dll" to file "bin\Debug\net10.0-windows\es\Microsoft.TestPlatform.CommunicationUtilities.resources.dll" because the "SkipUnchangedFiles" parameter was set to "true" in the project and the files' sizes and timestamps match.
         Did not copy from file "C:\Users\krish.maniar.ATPL-LAP-723\.nuget\packages\microsoft.testplatform.testhost\17.14.1\lib\net8.0\es\Microsoft.VisualStudio.TestPlatform.Common.resources.dll" to file "bin\Debug\net10.0-windows\es\Microsoft.VisualStudio.TestPlatform.Common.resources.dll" because the "SkipUnchangedFiles" parameter was set to "true" in the project and the files' sizes and timestamps match.
         Did not copy from file "C:\Users\krish.maniar.ATPL-LAP-723\.nuget\packages\microsoft.testplatform.testhost\17.14.1\lib\net8.0\fr\Microsoft.TestPlatform.CommunicationUtilities.resources.dll" to file "bin\Debug\net10.0-windows\fr\Microsoft.TestPlatform.CommunicationUtilities.resources.dll" because the "SkipUnchangedFiles" parameter was set to "true" in the project and the files' sizes and timestamps match.
         Did not copy from file "C:\Users\krish.maniar.ATPL-LAP-723\.nuget\packages\microsoft.testplatform.testhost\17.14.1\lib\net8.0\fr\Microsoft.TestPlatform.CrossPlatEngine.resources.dll" to file "bin\Debug\net10.0-windows\fr\Microsoft.TestPlatform.CrossPlatEngine.resources.dll" because the "SkipUnchangedFiles" parameter was set to "true" in the project and the files' sizes and timestamps match.
         Did not copy from file "C:\Users\krish.maniar.ATPL-LAP-723\.nuget\packages\microsoft.testplatform.testhost\17.14.1\lib\net8.0\fr\Microsoft.VisualStudio.TestPlatform.Common.resources.dll" to file "bin\Debug\net10.0-windows\fr\Microsoft.VisualStudio.TestPlatform.Common.resources.dll" because the "SkipUnchangedFiles" parameter was set to "true" in the project and the files' sizes and timestamps match.
   6:6>ResolveAssemblyReferences:
             Reference found at search path location "{RawFileName}".
   3:6>_CopyFilesMarkedCopyLocal:
         Did not copy from file "C:\Users\krish.maniar.ATPL-LAP-723\.nuget\packages\microsoft.testplatform.testhost\17.14.1\lib\net8.0\it\Microsoft.TestPlatform.CommunicationUtilities.resources.dll" to file "bin\Debug\net10.0-windows\it\Microsoft.TestPlatform.CommunicationUtilities.resources.dll" because the "SkipUnchangedFiles" parameter was set to "true" in the project and the files' sizes and timestamps match.
         Did not copy from file "C:\Users\krish.maniar.ATPL-LAP-723\.nuget\packages\microsoft.testplatform.testhost\17.14.1\lib\net8.0\it\Microsoft.TestPlatform.CrossPlatEngine.resources.dll" to file "bin\Debug\net10.0-windows\it\Microsoft.TestPlatform.CrossPlatEngine.resources.dll" because the "SkipUnchangedFiles" parameter was set to "true" in the project and the files' sizes and timestamps match.
         Did not copy from file "C:\Users\krish.maniar.ATPL-LAP-723\.nuget\packages\microsoft.testplatform.testhost\17.14.1\lib\net8.0\ja\Microsoft.TestPlatform.CommunicationUtilities.resources.dll" to file "bin\Debug\net10.0-windows\ja\Microsoft.TestPlatform.CommunicationUtilities.resources.dll" because the "SkipUnchangedFiles" parameter was set to "true" in the project and the files' sizes and timestamps match.
         Did not copy from file "C:\Users\krish.maniar.ATPL-LAP-723\.nuget\packages\microsoft.testplatform.testhost\17.14.1\lib\net8.0\it\Microsoft.VisualStudio.TestPlatform.Common.resources.dll" to file "bin\Debug\net10.0-windows\it\Microsoft.VisualStudio.TestPlatform.Common.resources.dll" because the "SkipUnchangedFiles" parameter was set to "true" in the project and the files' sizes and timestamps match.
         Did not copy from file "C:\Users\krish.maniar.ATPL-LAP-723\.nuget\packages\microsoft.testplatform.testhost\17.14.1\lib\net8.0\ja\Microsoft.TestPlatform.CrossPlatEngine.resources.dll" to file "bin\Debug\net10.0-windows\ja\Microsoft.TestPlatform.CrossPlatEngine.resources.dll" because the "SkipUnchangedFiles" parameter was set to "true" in the project and the files' sizes and timestamps match.
         Did not copy from file "C:\Users\krish.maniar.ATPL-LAP-723\.nuget\packages\microsoft.testplatform.testhost\17.14.1\lib\net8.0\ko\Microsoft.TestPlatform.CommunicationUtilities.resources.dll" to file "bin\Debug\net10.0-windows\ko\Microsoft.TestPlatform.CommunicationUtilities.resources.dll" because the "SkipUnchangedFiles" parameter was set to "true" in the project and the files' sizes and timestamps match.
         Did not copy from file "C:\Users\krish.maniar.ATPL-LAP-723\.nuget\packages\microsoft.testplatform.testhost\17.14.1\lib\net8.0\ja\Microsoft.VisualStudio.TestPlatform.Common.resources.dll" to file "bin\Debug\net10.0-windows\ja\Microsoft.VisualStudio.TestPlatform.Common.resources.dll" because the "SkipUnchangedFiles" parameter was set to "true" in the project and the files' sizes and timestamps match.
         Did not copy from file "C:\Users\krish.maniar.ATPL-LAP-723\.nuget\packages\microsoft.testplatform.testhost\17.14.1\lib\net8.0\ko\Microsoft.TestPlatform.CrossPlatEngine.resources.dll" to file "bin\Debug\net10.0-windows\ko\Microsoft.TestPlatform.CrossPlatEngine.resources.dll" because the "SkipUnchangedFiles" parameter was set to "true" in the project and the files' sizes and timestamps match.
         Did not copy from file "C:\Users\krish.maniar.ATPL-LAP-723\.nuget\packages\microsoft.testplatform.testhost\17.14.1\lib\net8.0\ko\Microsoft.VisualStudio.TestPlatform.Common.resources.dll" to file "bin\Debug\net10.0-windows\ko\Microsoft.VisualStudio.TestPlatform.Common.resources.dll" because the "SkipUnchangedFiles" parameter was set to "true" in the project and the files' sizes and timestamps match.
         Did not copy from file "C:\Users\krish.maniar.ATPL-LAP-723\.nuget\packages\microsoft.testplatform.testhost\17.14.1\lib\net8.0\pl\Microsoft.TestPlatform.CrossPlatEngine.resources.dll" to file "bin\Debug\net10.0-windows\pl\Microsoft.TestPlatform.CrossPlatEngine.resources.dll" because the "SkipUnchangedFiles" parameter was set to "true" in the project and the files' sizes and timestamps match.
         Did not copy from file "C:\Users\krish.maniar.ATPL-LAP-723\.nuget\packages\microsoft.testplatform.testhost\17.14.1\lib\net8.0\pl\Microsoft.VisualStudio.TestPlatform.Common.resources.dll" to file "bin\Debug\net10.0-windows\pl\Microsoft.VisualStudio.TestPlatform.Common.resources.dll" because the "SkipUnchangedFiles" parameter was set to "true" in the project and the files' sizes and timestamps match.
         Did not copy from file "C:\Users\krish.maniar.ATPL-LAP-723\.nuget\packages\microsoft.testplatform.testhost\17.14.1\lib\net8.0\pl\Microsoft.TestPlatform.CommunicationUtilities.resources.dll" to file "bin\Debug\net10.0-windows\pl\Microsoft.TestPlatform.CommunicationUtilities.resources.dll" because the "SkipUnchangedFiles" parameter was set to "true" in the project and the files' sizes and timestamps match.
         Did not copy from file "C:\Users\krish.maniar.ATPL-LAP-723\.nuget\packages\microsoft.testplatform.testhost\17.14.1\lib\net8.0\pt-BR\Microsoft.TestPlatform.CommunicationUtilities.resources.dll" to file "bin\Debug\net10.0-windows\pt-BR\Microsoft.TestPlatform.CommunicationUtilities.resources.dll" because the "SkipUnchangedFiles" parameter was set to "true" in the project and the files' sizes and timestamps match.
   6:6>ResolveAssemblyReferences:
             This reference is not "CopyLocal" because at least one source item had "Private" set to "false" and no source items had "Private" set to "true".
   3:6>_CopyFilesMarkedCopyLocal:
         Did not copy from file "C:\Users\krish.maniar.ATPL-LAP-723\.nuget\packages\microsoft.testplatform.testhost\17.14.1\lib\net8.0\pt-BR\Microsoft.TestPlatform.CrossPlatEngine.resources.dll" to file "bin\Debug\net10.0-windows\pt-BR\Microsoft.TestPlatform.CrossPlatEngine.resources.dll" because the "SkipUnchangedFiles" parameter was set to "true" in the project and the files' sizes and timestamps match.
   6:6>ResolveAssemblyReferences:
         Primary reference "System.Formats.Tar, Version=10.0.0.0, Culture=neutral, PublicKeyToken=cc7b13ffcd2ddd51".
             Resolved file path is "C:\Program Files\dotnet\packs\Microsoft.NETCore.App.Ref\10.0.3\ref\net10.0\System.Formats.Tar.dll".
             Reference found at search path location "{RawFileName}".
             This reference is not "CopyLocal" because at least one source item had "Private" set to "false" and no source items had "Private" set to "true".
         Primary reference "System.Globalization.Calendars, Version=10.0.0.0, Culture=neutral, PublicKeyToken=b03f5f7f11d50a3a".
             Resolved file path is "C:\Program Files\dotnet\packs\Microsoft.NETCore.App.Ref\10.0.3\ref\net10.0\System.Globalization.Calendars.dll".
             Reference found at search path location "{RawFileName}".
             This reference is not "CopyLocal" because at least one source item had "Private" set to "false" and no source items had "Private" set to "true".
         Primary reference "System.Globalization.Extensions, Version=10.0.0.0, Culture=neutral, PublicKeyToken=b03f5f7f11d50a3a".
             Resolved file path is "C:\Program Files\dotnet\packs\Microsoft.NETCore.App.Ref\10.0.3\ref\net10.0\System.Globalization.Extensions.dll".
   3:6>_CopyFilesMarkedCopyLocal:
         Did not copy from file "C:\Users\krish.maniar.ATPL-LAP-723\.nuget\packages\microsoft.testplatform.testhost\17.14.1\lib\net8.0\pt-BR\Microsoft.VisualStudio.TestPlatform.Common.resources.dll" to file "bin\Debug\net10.0-windows\pt-BR\Microsoft.VisualStudio.TestPlatform.Common.resources.dll" because the "SkipUnchangedFiles" parameter was set to "true" in the project and the files' sizes and timestamps match.
   6:6>ResolveAssemblyReferences:
             Reference found at search path location "{RawFileName}".
   3:6>_CopyFilesMarkedCopyLocal:
         Did not copy from file "C:\Users\krish.maniar.ATPL-LAP-723\.nuget\packages\microsoft.testplatform.testhost\17.14.1\lib\net8.0\ru\Microsoft.TestPlatform.CommunicationUtilities.resources.dll" to file "bin\Debug\net10.0-windows\ru\Microsoft.TestPlatform.CommunicationUtilities.resources.dll" because the "SkipUnchangedFiles" parameter was set to "true" in the project and the files' sizes and timestamps match.
   6:6>ResolveAssemblyReferences:
             This reference is not "CopyLocal" because at least one source item had "Private" set to "false" and no source items had "Private" set to "true".
   3:6>_CopyFilesMarkedCopyLocal:
         Did not copy from file "C:\Users\krish.maniar.ATPL-LAP-723\.nuget\packages\microsoft.testplatform.testhost\17.14.1\lib\net8.0\ru\Microsoft.VisualStudio.TestPlatform.Common.resources.dll" to file "bin\Debug\net10.0-windows\ru\Microsoft.VisualStudio.TestPlatform.Common.resources.dll" because the "SkipUnchangedFiles" parameter was set to "true" in the project and the files' sizes and timestamps match.
   6:6>ResolveAssemblyReferences:
         Primary reference "System.Globalization, Version=10.0.0.0, Culture=neutral, PublicKeyToken=b03f5f7f11d50a3a".
   3:6>_CopyFilesMarkedCopyLocal:
         Did not copy from file "C:\Users\krish.maniar.ATPL-LAP-723\.nuget\packages\microsoft.testplatform.testhost\17.14.1\lib\net8.0\ru\Microsoft.TestPlatform.CrossPlatEngine.resources.dll" to file "bin\Debug\net10.0-windows\ru\Microsoft.TestPlatform.CrossPlatEngine.resources.dll" because the "SkipUnchangedFiles" parameter was set to "true" in the project and the files' sizes and timestamps match.
   6:6>ResolveAssemblyReferences:
             Resolved file path is "C:\Program Files\dotnet\packs\Microsoft.NETCore.App.Ref\10.0.3\ref\net10.0\System.Globalization.dll".
   3:6>_CopyFilesMarkedCopyLocal:
         Did not copy from file "C:\Users\krish.maniar.ATPL-LAP-723\.nuget\packages\microsoft.testplatform.testhost\17.14.1\lib\net8.0\tr\Microsoft.TestPlatform.CommunicationUtilities.resources.dll" to file "bin\Debug\net10.0-windows\tr\Microsoft.TestPlatform.CommunicationUtilities.resources.dll" because the "SkipUnchangedFiles" parameter was set to "true" in the project and the files' sizes and timestamps match.
   6:6>ResolveAssemblyReferences:
             Reference found at search path location "{RawFileName}".
   3:6>_CopyFilesMarkedCopyLocal:
         Did not copy from file "C:\Users\krish.maniar.ATPL-LAP-723\.nuget\packages\microsoft.testplatform.testhost\17.14.1\lib\net8.0\zh-Hans\Microsoft.TestPlatform.CrossPlatEngine.resources.dll" to file "bin\Debug\net10.0-windows\zh-Hans\Microsoft.TestPlatform.CrossPlatEngine.resources.dll" because the "SkipUnchangedFiles" parameter was set to "true" in the project and the files' sizes and timestamps match.
   6:6>ResolveAssemblyReferences:
             This reference is not "CopyLocal" because at least one source item had "Private" set to "false" and no source items had "Private" set to "true".
   3:6>_CopyFilesMarkedCopyLocal:
         Did not copy from file "C:\Users\krish.maniar.ATPL-LAP-723\.nuget\packages\microsoft.testplatform.testhost\17.14.1\lib\net8.0\zh-Hans\Microsoft.TestPlatform.CommunicationUtilities.resources.dll" to file "bin\Debug\net10.0-windows\zh-Hans\Microsoft.TestPlatform.CommunicationUtilities.resources.dll" because the "SkipUnchangedFiles" parameter was set to "true" in the project and the files' sizes and timestamps match.
   6:6>ResolveAssemblyReferences:
         Primary reference "System.IO.Compression.Brotli, Version=10.0.0.0, Culture=neutral, PublicKeyToken=b77a5c561934e089".
   3:6>_CopyFilesMarkedCopyLocal:
         Did not copy from file "C:\Users\krish.maniar.ATPL-LAP-723\.nuget\packages\microsoft.testplatform.testhost\17.14.1\lib\net8.0\zh-Hans\Microsoft.VisualStudio.TestPlatform.Common.resources.dll" to file "bin\Debug\net10.0-windows\zh-Hans\Microsoft.VisualStudio.TestPlatform.Common.resources.dll" because the "SkipUnchangedFiles" parameter was set to "true" in the project and the files' sizes and timestamps match.
   6:6>ResolveAssemblyReferences:
             Resolved file path is "C:\Program Files\dotnet\packs\Microsoft.NETCore.App.Ref\10.0.3\ref\net10.0\System.IO.Compression.Brotli.dll".
   3:6>_CopyFilesMarkedCopyLocal:
         Did not copy from file "C:\Users\krish.maniar.ATPL-LAP-723\.nuget\packages\microsoft.testplatform.testhost\17.14.1\lib\net8.0\tr\Microsoft.VisualStudio.TestPlatform.Common.resources.dll" to file "bin\Debug\net10.0-windows\tr\Microsoft.VisualStudio.TestPlatform.Common.resources.dll" because the "SkipUnchangedFiles" parameter was set to "true" in the project and the files' sizes and timestamps match.
   6:6>ResolveAssemblyReferences:
             Reference found at search path location "{RawFileName}".
   3:6>_CopyFilesMarkedCopyLocal:
         Did not copy from file "C:\Users\krish.maniar.ATPL-LAP-723\.nuget\packages\microsoft.testplatform.testhost\17.14.1\lib\net8.0\zh-Hant\Microsoft.TestPlatform.CommunicationUtilities.resources.dll" to file "bin\Debug\net10.0-windows\zh-Hant\Microsoft.TestPlatform.CommunicationUtilities.resources.dll" because the "SkipUnchangedFiles" parameter was set to "true" in the project and the files' sizes and timestamps match.
   6:6>ResolveAssemblyReferences:
             This reference is not "CopyLocal" because at least one source item had "Private" set to "false" and no source items had "Private" set to "true".
   3:6>_CopyFilesMarkedCopyLocal:
         Did not copy from file "C:\Users\krish.maniar.ATPL-LAP-723\.nuget\packages\runtime.win-arm64.runtime.native.system.data.sqlclient.sni\4.4.0\runtimes\win-arm64\native\sni.dll" to file "bin\Debug\net10.0-windows\runtimes\win-arm64\native\sni.dll" because the "SkipUnchangedFiles" parameter was set to "true" in the project and the files' sizes and timestamps match.
   6:6>ResolveAssemblyReferences:
         Primary reference "System.IO.Compression.FileSystem, Version=4.0.0.0, Culture=neutral, PublicKeyToken=b77a5c561934e089".
             Resolved file path is "C:\Program Files\dotnet\packs\Microsoft.NETCore.App.Ref\10.0.3\ref\net10.0\System.IO.Compression.FileSystem.dll".
   3:6>_CopyFilesMarkedCopyLocal:
         Did not copy from file "C:\Users\krish.maniar.ATPL-LAP-723\.nuget\packages\microsoft.testplatform.testhost\17.14.1\lib\net8.0\zh-Hant\Microsoft.VisualStudio.TestPlatform.Common.resources.dll" to file "bin\Debug\net10.0-windows\zh-Hant\Microsoft.VisualStudio.TestPlatform.Common.resources.dll" because the "SkipUnchangedFiles" parameter was set to "true" in the project and the files' sizes and timestamps match.
   6:6>ResolveAssemblyReferences:
             Reference found at search path location "{RawFileName}".
   3:6>_CopyFilesMarkedCopyLocal:
         Did not copy from file "C:\Users\krish.maniar.ATPL-LAP-723\.nuget\packages\runtime.win-x64.runtime.native.system.data.sqlclient.sni\4.4.0\runtimes\win-x64\native\sni.dll" to file "bin\Debug\net10.0-windows\runtimes\win-x64\native\sni.dll" because the "SkipUnchangedFiles" parameter was set to "true" in the project and the files' sizes and timestamps match.
   6:6>ResolveAssemblyReferences:
             This reference is not "CopyLocal" because at least one source item had "Private" set to "false" and no source items had "Private" set to "true".
   3:6>_CopyFilesMarkedCopyLocal:
         Did not copy from file "C:\Users\krish.maniar.ATPL-LAP-723\.nuget\packages\system.data.sqlclient\4.9.0\runtimes\unix\lib\net8.0\System.Data.SqlClient.dll" to file "bin\Debug\net10.0-windows\runtimes\unix\lib\net8.0\System.Data.SqlClient.dll" because the "SkipUnchangedFiles" parameter was set to "true" in the project and the files' sizes and timestamps match.
   6:6>ResolveAssemblyReferences:
         Primary reference "System.IO.Compression.ZipFile, Version=10.0.0.0, Culture=neutral, PublicKeyToken=b77a5c561934e089".
   3:6>_CopyFilesMarkedCopyLocal:
         Did not copy from file "C:\Users\krish.maniar.ATPL-LAP-723\.nuget\packages\runtime.win-x86.runtime.native.system.data.sqlclient.sni\4.4.0\runtimes\win-x86\native\sni.dll" to file "bin\Debug\net10.0-windows\runtimes\win-x86\native\sni.dll" because the "SkipUnchangedFiles" parameter was set to "true" in the project and the files' sizes and timestamps match.
   6:6>ResolveAssemblyReferences:
             Resolved file path is "C:\Program Files\dotnet\packs\Microsoft.NETCore.App.Ref\10.0.3\ref\net10.0\System.IO.Compression.ZipFile.dll".
   3:6>_CopyFilesMarkedCopyLocal:
         Did not copy from file "C:\Users\krish.maniar.ATPL-LAP-723\.nuget\packages\system.data.sqlclient\4.9.0\runtimes\win\lib\net8.0\System.Data.SqlClient.dll" to file "bin\Debug\net10.0-windows\runtimes\win\lib\net8.0\System.Data.SqlClient.dll" because the "SkipUnchangedFiles" parameter was set to "true" in the project and the files' sizes and timestamps match.
         Did not copy from file "C:\Users\krish.maniar.ATPL-LAP-723\.nuget\packages\microsoft.testplatform.testhost\17.14.1\lib\net8.0\zh-Hant\Microsoft.TestPlatform.CrossPlatEngine.resources.dll" to file "bin\Debug\net10.0-windows\zh-Hant\Microsoft.TestPlatform.CrossPlatEngine.resources.dll" because the "SkipUnchangedFiles" parameter was set to "true" in the project and the files' sizes and timestamps match.
   6:6>ResolveAssemblyReferences:
             Reference found at search path location "{RawFileName}".
   3:6>_CopyFilesMarkedCopyLocal:
         Did not copy from file "c:\Apps\TicketConsolidator\src\TicketConsolidator.Domain\bin\Debug\net10.0\TicketConsolidator.Domain.dll" to file "bin\Debug\net10.0-windows\TicketConsolidator.Domain.dll" because the "SkipUnchangedFiles" parameter was set to "true" in the project and the files' sizes and timestamps match.
   6:6>ResolveAssemblyReferences:
             This reference is not "CopyLocal" because at least one source item had "Private" set to "false" and no source items had "Private" set to "true".
   3:6>_CopyFilesMarkedCopyLocal:
         Did not copy from file "c:\Apps\TicketConsolidator\src\TicketConsolidator.Infrastructure\bin\Debug\net10.0-windows\TicketConsolidator.Infrastructure.dll" to file "bin\Debug\net10.0-windows\TicketConsolidator.Infrastructure.dll" because the "SkipUnchangedFiles" parameter was set to "true" in the project and the files' sizes and timestamps match.
         Did not copy from file "c:\Apps\TicketConsolidator\src\TicketConsolidator.Application\bin\Debug\net10.0\TicketConsolidator.Application.dll" to file "bin\Debug\net10.0-windows\TicketConsolidator.Application.dll" because the "SkipUnchangedFiles" parameter was set to "true" in the project and the files' sizes and timestamps match.
   6:6>ResolveAssemblyReferences:
         Primary reference "System.IO.Compression, Version=10.0.0.0, Culture=neutral, PublicKeyToken=b77a5c561934e089".
   3:6>_CopyFilesMarkedCopyLocal:
         Did not copy from file "c:\Apps\TicketConsolidator\src\TicketConsolidator.Domain\bin\Debug\net10.0\TicketConsolidator.Domain.pdb" to file "bin\Debug\net10.0-windows\TicketConsolidator.Domain.pdb" because the "SkipUnchangedFiles" parameter was set to "true" in the project and the files' sizes and timestamps match.
   6:6>ResolveAssemblyReferences:
             Resolved file path is "C:\Program Files\dotnet\packs\Microsoft.NETCore.App.Ref\10.0.3\ref\net10.0\System.IO.Compression.dll".
   3:6>_CopyFilesMarkedCopyLocal:
         Did not copy from file "c:\Apps\TicketConsolidator\src\TicketConsolidator.Infrastructure\bin\Debug\net10.0-windows\TicketConsolidator.Infrastructure.pdb" to file "bin\Debug\net10.0-windows\TicketConsolidator.Infrastructure.pdb" because the "SkipUnchangedFiles" parameter was set to "true" in the project and the files' sizes and timestamps match.
   6:6>ResolveAssemblyReferences:
             Reference found at search path location "{RawFileName}".
   3:6>_CopyFilesMarkedCopyLocal:
         Did not copy from file "c:\Apps\TicketConsolidator\src\TicketConsolidator.Application\bin\Debug\net10.0\TicketConsolidator.Application.pdb" to file "bin\Debug\net10.0-windows\TicketConsolidator.Application.pdb" because the "SkipUnchangedFiles" parameter was set to "true" in the project and the files' sizes and timestamps match.
   6:6>ResolveAssemblyReferences:
             This reference is not "CopyLocal" because at least one source item had "Private" set to "false" and no source items had "Private" set to "true".
   3:6>_CopyFilesMarkedCopyLocal:
         Did not copy from file "C:\Users\krish.maniar.ATPL-LAP-723\.nuget\packages\microsoft.testplatform.testhost\17.14.1\lib\net8.0\tr\Microsoft.TestPlatform.CrossPlatEngine.resources.dll" to file "bin\Debug\net10.0-windows\tr\Microsoft.TestPlatform.CrossPlatEngine.resources.dll" because the "SkipUnchangedFiles" parameter was set to "true" in the project and the files' sizes and timestamps match.
   6:6>ResolveAssemblyReferences:
         Primary reference "System.IO.FileSystem.AccessControl, Version=10.0.0.0, Culture=neutral, PublicKeyToken=b03f5f7f11d50a3a".
   3:6>Done executing task "Copy".
   3:6>Done building target "_CopyFilesMarkedCopyLocal" in project "TicketConsolidator.UnitTests.csproj".
       Target "AssignTargetPaths" skipped. Previously built successfully.
   6:6>ResolveAssemblyReferences:
             Resolved file path is "C:\Program Files\dotnet\packs\Microsoft.NETCore.App.Ref\10.0.3\ref\net10.0\System.IO.FileSystem.AccessControl.dll".
             Reference found at search path location "{RawFileName}".
   3:6>Target "AssignProjectConfiguration" skipped. Previously built successfully.
   6:6>ResolveAssemblyReferences:
             This reference is not "CopyLocal" because at least one source item had "Private" set to "false" and no source items had "Private" set to "true".
   3:6>Target "_SplitProjectReferencesByFileExistence" skipped. Previously built successfully.
       Target "_GetProjectReferenceTargetFrameworkProperties" skipped. Previously built successfully.
   6:6>ResolveAssemblyReferences:
         Primary reference "System.IO.FileSystem.DriveInfo, Version=10.0.0.0, Culture=neutral, PublicKeyToken=b03f5f7f11d50a3a".
             Resolved file path is "C:\Program Files\dotnet\packs\Microsoft.NETCore.App.Ref\10.0.3\ref\net10.0\System.IO.FileSystem.DriveInfo.dll".
             Reference found at search path location "{RawFileName}".
             This reference is not "CopyLocal" because at least one source item had "Private" set to "false" and no source items had "Private" set to "true".
         Primary reference "System.IO.FileSystem.Primitives, Version=10.0.0.0, Culture=neutral, PublicKeyToken=b03f5f7f11d50a3a".
   3:6>Target "_PopulateCommonStateForGetCopyToOutputDirectoryItems" in file "C:\Program Files\dotnet\sdk\10.0.103\Microsoft.Common.CurrentVersion.targets" from project "c:\Apps\TicketConsolidator\tests\TicketConsolidator.UnitTests\TicketConsolidator.UnitTests.csproj" (target "GetCopyToOutputDirectoryItems" depends on it):
   3:6>Done building target "_PopulateCommonStateForGetCopyToOutputDirectoryItems" in project "TicketConsolidator.UnitTests.csproj".
   6:6>ResolveAssemblyReferences:
             Resolved file path is "C:\Program Files\dotnet\packs\Microsoft.NETCore.App.Ref\10.0.3\ref\net10.0\System.IO.FileSystem.Primitives.dll".
             Reference found at search path location "{RawFileName}".
   3:6>Target "AddDepsJsonAndRuntimeConfigToCopyItemsForReferencingProjects" in file "C:\Program Files\dotnet\sdk\10.0.103\Sdks\Microsoft.NET.Sdk\targets\Microsoft.NET.Sdk.targets" from project "c:\Apps\TicketConsolidator\tests\TicketConsolidator.UnitTests\TicketConsolidator.UnitTests.csproj" (target "GetCopyToOutputDirectoryItems" depends on it):
   3:6>Done building target "AddDepsJsonAndRuntimeConfigToCopyItemsForReferencingProjects" in project "TicketConsolidator.UnitTests.csproj".
   6:6>ResolveAssemblyReferences:
             This reference is not "CopyLocal" because at least one source item had "Private" set to "false" and no source items had "Private" set to "true".
         Primary reference "System.IO.FileSystem.Watcher, Version=10.0.0.0, Culture=neutral, PublicKeyToken=b03f5f7f11d50a3a".
   3:6>Target "GetCopyToOutputDirectoryItems" in file "C:\Program Files\dotnet\sdk\10.0.103\Microsoft.Common.CurrentVersion.targets" from project "c:\Apps\TicketConsolidator\tests\TicketConsolidator.UnitTests\TicketConsolidator.UnitTests.csproj" (target "_CopySourceItemsToOutputDirectory" depends on it):
   3:6>Using "CallTarget" task from assembly "Microsoft.Build.Tasks.Core, Version=15.1.0.0, Culture=neutral, PublicKeyToken=b03f5f7f11d50a3a".
   6:6>ResolveAssemblyReferences:
             Resolved file path is "C:\Program Files\dotnet\packs\Microsoft.NETCore.App.Ref\10.0.3\ref\net10.0\System.IO.FileSystem.Watcher.dll".
   3:6>Task "CallTarget"
   6:6>ResolveAssemblyReferences:
             Reference found at search path location "{RawFileName}".
   3:6>Target "_PopulateCommonStateForGetCopyToOutputDirectoryItems" skipped. Previously built successfully.
   6:6>ResolveAssemblyReferences:
             This reference is not "CopyLocal" because at least one source item had "Private" set to "false" and no source items had "Private" set to "true".
         Primary reference "System.IO.FileSystem, Version=10.0.0.0, Culture=neutral, PublicKeyToken=b03f5f7f11d50a3a".
   3:6>Target "_AddOutputPathToGlobalPropertiesToRemove" skipped. Previously built successfully.
   6:6>ResolveAssemblyReferences:
             Resolved file path is "C:\Program Files\dotnet\packs\Microsoft.NETCore.App.Ref\10.0.3\ref\net10.0\System.IO.FileSystem.dll".
             Reference found at search path location "{RawFileName}".
   3:6>Target "_GetCopyToOutputDirectoryItemsFromTransitiveProjectReferences" in file "C:\Program Files\dotnet\sdk\10.0.103\Microsoft.Common.CurrentVersion.targets" from project "c:\Apps\TicketConsolidator\tests\TicketConsolidator.UnitTests\TicketConsolidator.UnitTests.csproj" (target "GetCopyToOutputDirectoryItems" depends on it):
   3:6>Task "MSBuild"
   6:6>ResolveAssemblyReferences:
             This reference is not "CopyLocal" because at least one source item had "Private" set to "false" and no source items had "Private" set to "true".
   3:6>_GetCopyToOutputDirectoryItemsFromTransitiveProjectReferences:
         Global Properties:
   6:6>ResolveAssemblyReferences:
         Primary reference "System.IO.IsolatedStorage, Version=10.0.0.0, Culture=neutral, PublicKeyToken=b03f5f7f11d50a3a".
   3:6>_GetCopyToOutputDirectoryItemsFromTransitiveProjectReferences:
           Configuration=Debug
           Platform=AnyCPU
   6:6>ResolveAssemblyReferences:
             Resolved file path is "C:\Program Files\dotnet\packs\Microsoft.NETCore.App.Ref\10.0.3\ref\net10.0\System.IO.IsolatedStorage.dll".
   3:6>_GetCopyToOutputDirectoryItemsFromTransitiveProjectReferences:
         Removing Properties for project "..\..\src\TicketConsolidator.Domain\TicketConsolidator.Domain.csproj":
   6:6>ResolveAssemblyReferences:
             Reference found at search path location "{RawFileName}".
   3:6>_GetCopyToOutputDirectoryItemsFromTransitiveProjectReferences:
           TargetFramework
   6:6>ResolveAssemblyReferences:
             This reference is not "CopyLocal" because at least one source item had "Private" set to "false" and no source items had "Private" set to "true".
   3:6>_GetCopyToOutputDirectoryItemsFromTransitiveProjectReferences:
           RuntimeIdentifier
   6:6>ResolveAssemblyReferences:
         Primary reference "System.IO.MemoryMappedFiles, Version=10.0.0.0, Culture=neutral, PublicKeyToken=b03f5f7f11d50a3a".
   3:6>_GetCopyToOutputDirectoryItemsFromTransitiveProjectReferences:
           SelfContained
         Removing Properties for project "..\..\src\TicketConsolidator.Application\TicketConsolidator.Application.csproj":
   6:6>ResolveAssemblyReferences:
             Resolved file path is "C:\Program Files\dotnet\packs\Microsoft.NETCore.App.Ref\10.0.3\ref\net10.0\System.IO.MemoryMappedFiles.dll".
   3:6>_GetCopyToOutputDirectoryItemsFromTransitiveProjectReferences:
           TargetFramework
   6:6>ResolveAssemblyReferences:
             Reference found at search path location "{RawFileName}".
   3:6>_GetCopyToOutputDirectoryItemsFromTransitiveProjectReferences:
           RuntimeIdentifier
   6:6>ResolveAssemblyReferences:
             This reference is not "CopyLocal" because at least one source item had "Private" set to "false" and no source items had "Private" set to "true".
   3:6>_GetCopyToOutputDirectoryItemsFromTransitiveProjectReferences:
           SelfContained
   6:6>ResolveAssemblyReferences:
         Primary reference "System.IO.Pipelines, Version=10.0.0.0, Culture=neutral, PublicKeyToken=cc7b13ffcd2ddd51".
   3:6>_GetCopyToOutputDirectoryItemsFromTransitiveProjectReferences:
         Removing Properties for project "..\..\src\TicketConsolidator.Infrastructure\TicketConsolidator.Infrastructure.csproj":
   6:6>ResolveAssemblyReferences:
             Resolved file path is "C:\Program Files\dotnet\packs\Microsoft.NETCore.App.Ref\10.0.3\ref\net10.0\System.IO.Pipelines.dll".
   3:6>_GetCopyToOutputDirectoryItemsFromTransitiveProjectReferences:
           TargetFramework
   6:6>ResolveAssemblyReferences:
             Reference found at search path location "{RawFileName}".
   3:6>_GetCopyToOutputDirectoryItemsFromTransitiveProjectReferences:
           RuntimeIdentifier
   6:6>ResolveAssemblyReferences:
             This reference is not "CopyLocal" because at least one source item had "Private" set to "false" and no source items had "Private" set to "true".
   3:6>_GetCopyToOutputDirectoryItemsFromTransitiveProjectReferences:
           SelfContained
   6:6>ResolveAssemblyReferences:
         Primary reference "System.IO.Pipes.AccessControl, Version=10.0.0.0, Culture=neutral, PublicKeyToken=b03f5f7f11d50a3a".
             Resolved file path is "C:\Program Files\dotnet\packs\Microsoft.NETCore.App.Ref\10.0.3\ref\net10.0\System.IO.Pipes.AccessControl.dll".
             Reference found at search path location "{RawFileName}".
             This reference is not "CopyLocal" because at least one source item had "Private" set to "false" and no source items had "Private" set to "true".
   3:6>Project "c:\Apps\TicketConsolidator\tests\TicketConsolidator.UnitTests\TicketConsolidator.UnitTests.csproj" (3:6) is building "c:\Apps\TicketConsolidator\src\TicketConsolidator.Domain\TicketConsolidator.Domain.csproj" (7:30) on node 1 (GetCopyToOutputDirectoryItems target(s)).
  7:30>Target "GetCopyToOutputDirectoryItems" skipped. Previously built successfully.
  7:30>Done Building Project "c:\Apps\TicketConsolidator\src\TicketConsolidator.Domain\TicketConsolidator.Domain.csproj" (GetCopyToOutputDirectoryItems target(s)).
   3:6>Project "c:\Apps\TicketConsolidator\tests\TicketConsolidator.UnitTests\TicketConsolidator.UnitTests.csproj" (3:6) is building "c:\Apps\TicketConsolidator\src\TicketConsolidator.Application\TicketConsolidator.Application.csproj" (2:25) on node 3 (GetCopyToOutputDirectoryItems target(s)).
  2:25>Target "GetCopyToOutputDirectoryItems" skipped. Previously built successfully.
  2:25>Done Building Project "c:\Apps\TicketConsolidator\src\TicketConsolidator.Application\TicketConsolidator.Application.csproj" (GetCopyToOutputDirectoryItems target(s)).
   6:6>ResolveAssemblyReferences:
         Primary reference "System.IO.Pipes, Version=10.0.0.0, Culture=neutral, PublicKeyToken=b03f5f7f11d50a3a".
             Resolved file path is "C:\Program Files\dotnet\packs\Microsoft.NETCore.App.Ref\10.0.3\ref\net10.0\System.IO.Pipes.dll".
             Reference found at search path location "{RawFileName}".
             This reference is not "CopyLocal" because at least one source item had "Private" set to "false" and no source items had "Private" set to "true".
         Primary reference "System.IO.UnmanagedMemoryStream, Version=10.0.0.0, Culture=neutral, PublicKeyToken=b03f5f7f11d50a3a".
             Resolved file path is "C:\Program Files\dotnet\packs\Microsoft.NETCore.App.Ref\10.0.3\ref\net10.0\System.IO.UnmanagedMemoryStream.dll".
             Reference found at search path location "{RawFileName}".
             This reference is not "CopyLocal" because at least one source item had "Private" set to "false" and no source items had "Private" set to "true".
         Primary reference "System.IO, Version=10.0.0.0, Culture=neutral, PublicKeyToken=b03f5f7f11d50a3a".
             Resolved file path is "C:\Program Files\dotnet\packs\Microsoft.NETCore.App.Ref\10.0.3\ref\net10.0\System.IO.dll".
             Reference found at search path location "{RawFileName}".
             This reference is not "CopyLocal" because at least one source item had "Private" set to "false" and no source items had "Private" set to "true".
         Primary reference "System.Linq.AsyncEnumerable, Version=10.0.0.0, Culture=neutral, PublicKeyToken=b03f5f7f11d50a3a".
             Resolved file path is "C:\Program Files\dotnet\packs\Microsoft.NETCore.App.Ref\10.0.3\ref\net10.0\System.Linq.AsyncEnumerable.dll".
   3:6>Project "c:\Apps\TicketConsolidator\tests\TicketConsolidator.UnitTests\TicketConsolidator.UnitTests.csproj" (3:6) is building "c:\Apps\TicketConsolidator\src\TicketConsolidator.Infrastructure\TicketConsolidator.Infrastructure.csproj" (4:21) on node 2 (GetCopyToOutputDirectoryItems target(s)).
  4:21>Target "NETStandardCompatError_Microsoft_Extensions_Configuration_Binder" skipped. Previously built successfully.
   6:6>ResolveAssemblyReferences:
             Reference found at search path location "{RawFileName}".
  4:21>Target "GetCopyToOutputDirectoryItems" skipped. Previously built successfully.
  4:21>Done Building Project "c:\Apps\TicketConsolidator\src\TicketConsolidator.Infrastructure\TicketConsolidator.Infrastructure.csproj" (GetCopyToOutputDirectoryItems target(s)).
   6:6>ResolveAssemblyReferences:
             This reference is not "CopyLocal" because at least one source item had "Private" set to "false" and no source items had "Private" set to "true".
         Primary reference "System.Linq.Expressions, Version=10.0.0.0, Culture=neutral, PublicKeyToken=b03f5f7f11d50a3a".
             Resolved file path is "C:\Program Files\dotnet\packs\Microsoft.NETCore.App.Ref\10.0.3\ref\net10.0\System.Linq.Expressions.dll".
             Reference found at search path location "{RawFileName}".
             This reference is not "CopyLocal" because at least one source item had "Private" set to "false" and no source items had "Private" set to "true".
         Primary reference "System.Linq.Parallel, Version=10.0.0.0, Culture=neutral, PublicKeyToken=b03f5f7f11d50a3a".
             Resolved file path is "C:\Program Files\dotnet\packs\Microsoft.NETCore.App.Ref\10.0.3\ref\net10.0\System.Linq.Parallel.dll".
             Reference found at search path location "{RawFileName}".
             This reference is not "CopyLocal" because at least one source item had "Private" set to "false" and no source items had "Private" set to "true".
         Primary reference "System.Linq.Queryable, Version=10.0.0.0, Culture=neutral, PublicKeyToken=b03f5f7f11d50a3a".
             Resolved file path is "C:\Program Files\dotnet\packs\Microsoft.NETCore.App.Ref\10.0.3\ref\net10.0\System.Linq.Queryable.dll".
             Reference found at search path location "{RawFileName}".
             This reference is not "CopyLocal" because at least one source item had "Private" set to "false" and no source items had "Private" set to "true".
         Primary reference "System.Linq, Version=10.0.0.0, Culture=neutral, PublicKeyToken=b03f5f7f11d50a3a".
             Resolved file path is "C:\Program Files\dotnet\packs\Microsoft.NETCore.App.Ref\10.0.3\ref\net10.0\System.Linq.dll".
   3:6>Done executing task "MSBuild".
   6:6>ResolveAssemblyReferences:
             Reference found at search path location "{RawFileName}".
             This reference is not "CopyLocal" because at least one source item had "Private" set to "false" and no source items had "Private" set to "true".
   3:6>Task "AssignTargetPath"
   6:6>ResolveAssemblyReferences:
         Primary reference "System.Memory, Version=10.0.0.0, Culture=neutral, PublicKeyToken=cc7b13ffcd2ddd51".
   3:6>Done executing task "AssignTargetPath".
   6:6>ResolveAssemblyReferences:
             Resolved file path is "C:\Program Files\dotnet\packs\Microsoft.NETCore.App.Ref\10.0.3\ref\net10.0\System.Memory.dll".
             Reference found at search path location "{RawFileName}".
   3:6>Done building target "_GetCopyToOutputDirectoryItemsFromTransitiveProjectReferences" in project "TicketConsolidator.UnitTests.csproj".
   6:6>ResolveAssemblyReferences:
             This reference is not "CopyLocal" because at least one source item had "Private" set to "false" and no source items had "Private" set to "true".
   3:6>Done executing task "CallTarget".
   6:6>ResolveAssemblyReferences:
         Primary reference "System.Net.Http.Json, Version=10.0.0.0, Culture=neutral, PublicKeyToken=cc7b13ffcd2ddd51".
   3:6>Task "CallTarget"
   6:6>ResolveAssemblyReferences:
             Resolved file path is "C:\Program Files\dotnet\packs\Microsoft.NETCore.App.Ref\10.0.3\ref\net10.0\System.Net.Http.Json.dll".
             Reference found at search path location "{RawFileName}".
             This reference is not "CopyLocal" because at least one source item had "Private" set to "false" and no source items had "Private" set to "true".
         Primary reference "System.Net.Http, Version=10.0.0.0, Culture=neutral, PublicKeyToken=b03f5f7f11d50a3a".
             Resolved file path is "C:\Program Files\dotnet\packs\Microsoft.NETCore.App.Ref\10.0.3\ref\net10.0\System.Net.Http.dll".
   3:6>Target "AssignTargetPaths" skipped. Previously built successfully.
   6:6>ResolveAssemblyReferences:
             Reference found at search path location "{RawFileName}".
             This reference is not "CopyLocal" because at least one source item had "Private" set to "false" and no source items had "Private" set to "true".
         Primary reference "System.Net.HttpListener, Version=10.0.0.0, Culture=neutral, PublicKeyToken=cc7b13ffcd2ddd51".
   3:6>Target "_PopulateCommonStateForGetCopyToOutputDirectoryItems" skipped. Previously built successfully.
   6:6>ResolveAssemblyReferences:
             Resolved file path is "C:\Program Files\dotnet\packs\Microsoft.NETCore.App.Ref\10.0.3\ref\net10.0\System.Net.HttpListener.dll".
             Reference found at search path location "{RawFileName}".
   3:6>Target "_GetCopyToOutputDirectoryItemsFromThisProject" in file "C:\Program Files\dotnet\sdk\10.0.103\Microsoft.Common.CurrentVersion.targets" from project "c:\Apps\TicketConsolidator\tests\TicketConsolidator.UnitTests\TicketConsolidator.UnitTests.csproj" (target "GetCopyToOutputDirectoryItems" depends on it):
   3:6>Task "AssignTargetPath"
   6:6>ResolveAssemblyReferences:
             This reference is not "CopyLocal" because at least one source item had "Private" set to "false" and no source items had "Private" set to "true".
         Primary reference "System.Net.Mail, Version=10.0.0.0, Culture=neutral, PublicKeyToken=cc7b13ffcd2ddd51".
             Resolved file path is "C:\Program Files\dotnet\packs\Microsoft.NETCore.App.Ref\10.0.3\ref\net10.0\System.Net.Mail.dll".
   3:6>Done executing task "AssignTargetPath".
   6:6>ResolveAssemblyReferences:
             Reference found at search path location "{RawFileName}".
   3:6>Done building target "_GetCopyToOutputDirectoryItemsFromThisProject" in project "TicketConsolidator.UnitTests.csproj".
   6:6>ResolveAssemblyReferences:
             This reference is not "CopyLocal" because at least one source item had "Private" set to "false" and no source items had "Private" set to "true".
         Primary reference "System.Net.NameResolution, Version=10.0.0.0, Culture=neutral, PublicKeyToken=b03f5f7f11d50a3a".
   3:6>Done executing task "CallTarget".
   6:6>ResolveAssemblyReferences:
             Resolved file path is "C:\Program Files\dotnet\packs\Microsoft.NETCore.App.Ref\10.0.3\ref\net10.0\System.Net.NameResolution.dll".
             Reference found at search path location "{RawFileName}".
             This reference is not "CopyLocal" because at least one source item had "Private" set to "false" and no source items had "Private" set to "true".
         Primary reference "System.Net.NetworkInformation, Version=10.0.0.0, Culture=neutral, PublicKeyToken=b03f5f7f11d50a3a".
             Resolved file path is "C:\Program Files\dotnet\packs\Microsoft.NETCore.App.Ref\10.0.3\ref\net10.0\System.Net.NetworkInformation.dll".
             Reference found at search path location "{RawFileName}".
             This reference is not "CopyLocal" because at least one source item had "Private" set to "false" and no source items had "Private" set to "true".
         Primary reference "System.Net.Ping, Version=10.0.0.0, Culture=neutral, PublicKeyToken=b03f5f7f11d50a3a".
             Resolved file path is "C:\Program Files\dotnet\packs\Microsoft.NETCore.App.Ref\10.0.3\ref\net10.0\System.Net.Ping.dll".
             Reference found at search path location "{RawFileName}".
   3:6>Done building target "GetCopyToOutputDirectoryItems" in project "TicketConsolidator.UnitTests.csproj".
   6:6>ResolveAssemblyReferences:
             This reference is not "CopyLocal" because at least one source item had "Private" set to "false" and no source items had "Private" set to "true".
         Primary reference "System.Net.Primitives, Version=10.0.0.0, Culture=neutral, PublicKeyToken=b03f5f7f11d50a3a".
             Resolved file path is "C:\Program Files\dotnet\packs\Microsoft.NETCore.App.Ref\10.0.3\ref\net10.0\System.Net.Primitives.dll".
             Reference found at search path location "{RawFileName}".
             This reference is not "CopyLocal" because at least one source item had "Private" set to "false" and no source items had "Private" set to "true".
         Primary reference "System.Net.Quic, Version=10.0.0.0, Culture=neutral, PublicKeyToken=b03f5f7f11d50a3a".
             Resolved file path is "C:\Program Files\dotnet\packs\Microsoft.NETCore.App.Ref\10.0.3\ref\net10.0\System.Net.Quic.dll".
             Reference found at search path location "{RawFileName}".
             This reference is not "CopyLocal" because at least one source item had "Private" set to "false" and no source items had "Private" set to "true".
         Primary reference "System.Net.Requests, Version=10.0.0.0, Culture=neutral, PublicKeyToken=b03f5f7f11d50a3a".
   3:6>Target "_CopyOutOfDateSourceItemsToOutputDirectory" in file "C:\Program Files\dotnet\sdk\10.0.103\Microsoft.Common.CurrentVersion.targets" from project "c:\Apps\TicketConsolidator\tests\TicketConsolidator.UnitTests\TicketConsolidator.UnitTests.csproj" (target "_CopySourceItemsToOutputDirectory" depends on it):
   3:6>Skipping target "_CopyOutOfDateSourceItemsToOutputDirectory" because all output files are up-to-date with respect to the input files.
   6:6>ResolveAssemblyReferences:
             Resolved file path is "C:\Program Files\dotnet\packs\Microsoft.NETCore.App.Ref\10.0.3\ref\net10.0\System.Net.Requests.dll".
   3:6>_CopyOutOfDateSourceItemsToOutputDirectory:
       Input files: 
           C:\Users\krish.maniar.ATPL-LAP-723\.nuget\packages\microsoft.testplatform.testhost\17.14.1\build\net8.0\x64\testhost.exe
           C:\Users\krish.maniar.ATPL-LAP-723\.nuget\packages\microsoft.testplatform.testhost\17.14.1\build\net8.0\x64\testhost.dll
           C:\Users\krish.maniar.ATPL-LAP-723\.nuget\packages\xunit.runner.visualstudio\3.1.4\build\net8.0\xunit.abstractions.dll
           C:\Users\krish.maniar.ATPL-LAP-723\.nuget\packages\xunit.runner.visualstudio\3.1.4\build\net8.0\xunit.runner.visualstudio.testadapter.dll
   6:6>ResolveAssemblyReferences:
             Reference found at search path location "{RawFileName}".
   3:6>_CopyOutOfDateSourceItemsToOutputDirectory:
       Output files: 
           bin\Debug\net10.0-windows\testhost.exe
           bin\Debug\net10.0-windows\testhost.dll
           bin\Debug\net10.0-windows\xunit.abstractions.dll
           bin\Debug\net10.0-windows\xunit.runner.visualstudio.testadapter.dll
   3:6>Done building target "_CopyOutOfDateSourceItemsToOutputDirectory" in project "TicketConsolidator.UnitTests.csproj".
   6:6>ResolveAssemblyReferences:
             This reference is not "CopyLocal" because at least one source item had "Private" set to "false" and no source items had "Private" set to "true".
         Primary reference "System.Net.Security, Version=10.0.0.0, Culture=neutral, PublicKeyToken=b03f5f7f11d50a3a".
             Resolved file path is "C:\Program Files\dotnet\packs\Microsoft.NETCore.App.Ref\10.0.3\ref\net10.0\System.Net.Security.dll".
             Reference found at search path location "{RawFileName}".
             This reference is not "CopyLocal" because at least one source item had "Private" set to "false" and no source items had "Private" set to "true".
         Primary reference "System.Net.ServerSentEvents, Version=10.0.0.0, Culture=neutral, PublicKeyToken=cc7b13ffcd2ddd51".
             Resolved file path is "C:\Program Files\dotnet\packs\Microsoft.NETCore.App.Ref\10.0.3\ref\net10.0\System.Net.ServerSentEvents.dll".
             Reference found at search path location "{RawFileName}".
             This reference is not "CopyLocal" because at least one source item had "Private" set to "false" and no source items had "Private" set to "true".
         Primary reference "System.Net.ServicePoint, Version=10.0.0.0, Culture=neutral, PublicKeyToken=cc7b13ffcd2ddd51".
             Resolved file path is "C:\Program Files\dotnet\packs\Microsoft.NETCore.App.Ref\10.0.3\ref\net10.0\System.Net.ServicePoint.dll".
             Reference found at search path location "{RawFileName}".
             This reference is not "CopyLocal" because at least one source item had "Private" set to "false" and no source items had "Private" set to "true".
         Primary reference "System.Net.Sockets, Version=10.0.0.0, Culture=neutral, PublicKeyToken=b03f5f7f11d50a3a".
             Resolved file path is "C:\Program Files\dotnet\packs\Microsoft.NETCore.App.Ref\10.0.3\ref\net10.0\System.Net.Sockets.dll".
             Reference found at search path location "{RawFileName}".
             This reference is not "CopyLocal" because at least one source item had "Private" set to "false" and no source items had "Private" set to "true".
         Primary reference "System.Net.WebClient, Version=10.0.0.0, Culture=neutral, PublicKeyToken=cc7b13ffcd2ddd51".
             Resolved file path is "C:\Program Files\dotnet\packs\Microsoft.NETCore.App.Ref\10.0.3\ref\net10.0\System.Net.WebClient.dll".
             Reference found at search path location "{RawFileName}".
             This reference is not "CopyLocal" because at least one source item had "Private" set to "false" and no source items had "Private" set to "true".
         Primary reference "System.Net.WebHeaderCollection, Version=10.0.0.0, Culture=neutral, PublicKeyToken=b03f5f7f11d50a3a".
             Resolved file path is "C:\Program Files\dotnet\packs\Microsoft.NETCore.App.Ref\10.0.3\ref\net10.0\System.Net.WebHeaderCollection.dll".
             Reference found at search path location "{RawFileName}".
             This reference is not "CopyLocal" because at least one source item had "Private" set to "false" and no source items had "Private" set to "true".
         Primary reference "System.Net.WebProxy, Version=10.0.0.0, Culture=neutral, PublicKeyToken=cc7b13ffcd2ddd51".
             Resolved file path is "C:\Program Files\dotnet\packs\Microsoft.NETCore.App.Ref\10.0.3\ref\net10.0\System.Net.WebProxy.dll".
             Reference found at search path location "{RawFileName}".
             This reference is not "CopyLocal" because at least one source item had "Private" set to "false" and no source items had "Private" set to "true".
         Primary reference "System.Net.WebSockets.Client, Version=10.0.0.0, Culture=neutral, PublicKeyToken=b03f5f7f11d50a3a".
             Resolved file path is "C:\Program Files\dotnet\packs\Microsoft.NETCore.App.Ref\10.0.3\ref\net10.0\System.Net.WebSockets.Client.dll".
             Reference found at search path location "{RawFileName}".
             This reference is not "CopyLocal" because at least one source item had "Private" set to "false" and no source items had "Private" set to "true".
         Primary reference "System.Net.WebSockets, Version=10.0.0.0, Culture=neutral, PublicKeyToken=b03f5f7f11d50a3a".
             Resolved file path is "C:\Program Files\dotnet\packs\Microsoft.NETCore.App.Ref\10.0.3\ref\net10.0\System.Net.WebSockets.dll".
             Reference found at search path location "{RawFileName}".
             This reference is not "CopyLocal" because at least one source item had "Private" set to "false" and no source items had "Private" set to "true".
         Primary reference "System.Net, Version=4.0.0.0, Culture=neutral, PublicKeyToken=b03f5f7f11d50a3a".
             Resolved file path is "C:\Program Files\dotnet\packs\Microsoft.NETCore.App.Ref\10.0.3\ref\net10.0\System.Net.dll".
             Reference found at search path location "{RawFileName}".
             This reference is not "CopyLocal" because at least one source item had "Private" set to "false" and no source items had "Private" set to "true".
         Primary reference "System.Numerics.Vectors, Version=10.0.0.0, Culture=neutral, PublicKeyToken=b03f5f7f11d50a3a".
             Resolved file path is "C:\Program Files\dotnet\packs\Microsoft.NETCore.App.Ref\10.0.3\ref\net10.0\System.Numerics.Vectors.dll".
             Reference found at search path location "{RawFileName}".
             This reference is not "CopyLocal" because at least one source item had "Private" set to "false" and no source items had "Private" set to "true".
         Primary reference "System.Numerics, Version=4.0.0.0, Culture=neutral, PublicKeyToken=b77a5c561934e089".
             Resolved file path is "C:\Program Files\dotnet\packs\Microsoft.NETCore.App.Ref\10.0.3\ref\net10.0\System.Numerics.dll".
             Reference found at search path location "{RawFileName}".
             This reference is not "CopyLocal" because at least one source item had "Private" set to "false" and no source items had "Private" set to "true".
         Primary reference "System.ObjectModel, Version=10.0.0.0, Culture=neutral, PublicKeyToken=b03f5f7f11d50a3a".
             Resolved file path is "C:\Program Files\dotnet\packs\Microsoft.NETCore.App.Ref\10.0.3\ref\net10.0\System.ObjectModel.dll".
             Reference found at search path location "{RawFileName}".
             This reference is not "CopyLocal" because at least one source item had "Private" set to "false" and no source items had "Private" set to "true".
         Primary reference "System.Reflection.DispatchProxy, Version=10.0.0.0, Culture=neutral, PublicKeyToken=b03f5f7f11d50a3a".
             Resolved file path is "C:\Program Files\dotnet\packs\Microsoft.NETCore.App.Ref\10.0.3\ref\net10.0\System.Reflection.DispatchProxy.dll".
             Reference found at search path location "{RawFileName}".
             This reference is not "CopyLocal" because at least one source item had "Private" set to "false" and no source items had "Private" set to "true".
         Primary reference "System.Reflection.Emit.ILGeneration, Version=10.0.0.0, Culture=neutral, PublicKeyToken=b03f5f7f11d50a3a".
             Resolved file path is "C:\Program Files\dotnet\packs\Microsoft.NETCore.App.Ref\10.0.3\ref\net10.0\System.Reflection.Emit.ILGeneration.dll".
             Reference found at search path location "{RawFileName}".
             This reference is not "CopyLocal" because at least one source item had "Private" set to "false" and no source items had "Private" set to "true".
         Primary reference "System.Reflection.Emit.Lightweight, Version=10.0.0.0, Culture=neutral, PublicKeyToken=b03f5f7f11d50a3a".
             Resolved file path is "C:\Program Files\dotnet\packs\Microsoft.NETCore.App.Ref\10.0.3\ref\net10.0\System.Reflection.Emit.Lightweight.dll".
             Reference found at search path location "{RawFileName}".
             This reference is not "CopyLocal" because at least one source item had "Private" set to "false" and no source items had "Private" set to "true".
         Primary reference "System.Reflection.Emit, Version=10.0.0.0, Culture=neutral, PublicKeyToken=b03f5f7f11d50a3a".
             Resolved file path is "C:\Program Files\dotnet\packs\Microsoft.NETCore.App.Ref\10.0.3\ref\net10.0\System.Reflection.Emit.dll".
             Reference found at search path location "{RawFileName}".
             This reference is not "CopyLocal" because at least one source item had "Private" set to "false" and no source items had "Private" set to "true".
         Primary reference "System.Reflection.Extensions, Version=10.0.0.0, Culture=neutral, PublicKeyToken=b03f5f7f11d50a3a".
             Resolved file path is "C:\Program Files\dotnet\packs\Microsoft.NETCore.App.Ref\10.0.3\ref\net10.0\System.Reflection.Extensions.dll".
             Reference found at search path location "{RawFileName}".
             This reference is not "CopyLocal" because at least one source item had "Private" set to "false" and no source items had "Private" set to "true".
         Primary reference "System.Reflection.Metadata, Version=10.0.0.0, Culture=neutral, PublicKeyToken=b03f5f7f11d50a3a".
             Resolved file path is "C:\Program Files\dotnet\packs\Microsoft.NETCore.App.Ref\10.0.3\ref\net10.0\System.Reflection.Metadata.dll".
             Reference found at search path location "{RawFileName}".
             This reference is not "CopyLocal" because at least one source item had "Private" set to "false" and no source items had "Private" set to "true".
         Primary reference "System.Reflection.Primitives, Version=10.0.0.0, Culture=neutral, PublicKeyToken=b03f5f7f11d50a3a".
             Resolved file path is "C:\Program Files\dotnet\packs\Microsoft.NETCore.App.Ref\10.0.3\ref\net10.0\System.Reflection.Primitives.dll".
             Reference found at search path location "{RawFileName}".
             This reference is not "CopyLocal" because at least one source item had "Private" set to "false" and no source items had "Private" set to "true".
         Primary reference "System.Reflection.TypeExtensions, Version=10.0.0.0, Culture=neutral, PublicKeyToken=b03f5f7f11d50a3a".
             Resolved file path is "C:\Program Files\dotnet\packs\Microsoft.NETCore.App.Ref\10.0.3\ref\net10.0\System.Reflection.TypeExtensions.dll".
             Reference found at search path location "{RawFileName}".
             This reference is not "CopyLocal" because at least one source item had "Private" set to "false" and no source items had "Private" set to "true".
         Primary reference "System.Reflection, Version=10.0.0.0, Culture=neutral, PublicKeyToken=b03f5f7f11d50a3a".
             Resolved file path is "C:\Program Files\dotnet\packs\Microsoft.NETCore.App.Ref\10.0.3\ref\net10.0\System.Reflection.dll".
             Reference found at search path location "{RawFileName}".
             This reference is not "CopyLocal" because at least one source item had "Private" set to "false" and no source items had "Private" set to "true".
         Primary reference "System.Resources.Reader, Version=10.0.0.0, Culture=neutral, PublicKeyToken=b03f5f7f11d50a3a".
             Resolved file path is "C:\Program Files\dotnet\packs\Microsoft.NETCore.App.Ref\10.0.3\ref\net10.0\System.Resources.Reader.dll".
             Reference found at search path location "{RawFileName}".
             This reference is not "CopyLocal" because at least one source item had "Private" set to "false" and no source items had "Private" set to "true".
         Primary reference "System.Resources.ResourceManager, Version=10.0.0.0, Culture=neutral, PublicKeyToken=b03f5f7f11d50a3a".
   3:6>Target "_CopySourceItemsToOutputDirectory" in file "C:\Program Files\dotnet\sdk\10.0.103\Microsoft.Common.CurrentVersion.targets" from project "c:\Apps\TicketConsolidator\tests\TicketConsolidator.UnitTests\TicketConsolidator.UnitTests.csproj" (target "CopyFilesToOutputDirectory" depends on it):
   3:6>Done building target "_CopySourceItemsToOutputDirectory" in project "TicketConsolidator.UnitTests.csproj".
   6:6>ResolveAssemblyReferences:
             Resolved file path is "C:\Program Files\dotnet\packs\Microsoft.NETCore.App.Ref\10.0.3\ref\net10.0\System.Resources.ResourceManager.dll".
             Reference found at search path location "{RawFileName}".
             This reference is not "CopyLocal" because at least one source item had "Private" set to "false" and no source items had "Private" set to "true".
         Primary reference "System.Resources.Writer, Version=10.0.0.0, Culture=neutral, PublicKeyToken=b03f5f7f11d50a3a".
   3:6>Target "_CheckForCompileOutputs" in file "C:\Program Files\dotnet\sdk\10.0.103\Microsoft.Common.CurrentVersion.targets" from project "c:\Apps\TicketConsolidator\tests\TicketConsolidator.UnitTests\TicketConsolidator.UnitTests.csproj" (target "CopyFilesToOutputDirectory" depends on it):
   3:6>Done building target "_CheckForCompileOutputs" in project "TicketConsolidator.UnitTests.csproj".
   6:6>ResolveAssemblyReferences:
             Resolved file path is "C:\Program Files\dotnet\packs\Microsoft.NETCore.App.Ref\10.0.3\ref\net10.0\System.Resources.Writer.dll".
             Reference found at search path location "{RawFileName}".
             This reference is not "CopyLocal" because at least one source item had "Private" set to "false" and no source items had "Private" set to "true".
         Primary reference "System.Runtime.CompilerServices.Unsafe, Version=10.0.0.0, Culture=neutral, PublicKeyToken=b03f5f7f11d50a3a".
   3:6>Target "_DefaultMicrosoftNETPlatformLibrary" skipped. Previously built successfully.
   6:6>ResolveAssemblyReferences:
             Resolved file path is "C:\Program Files\dotnet\packs\Microsoft.NETCore.App.Ref\10.0.3\ref\net10.0\System.Runtime.CompilerServices.Unsafe.dll".
   3:6>Target "_HandlePackageFileConflicts" skipped. Previously built successfully.
   6:6>ResolveAssemblyReferences:
             Reference found at search path location "{RawFileName}".
   3:6>Target "ResolveAssemblyReferences" skipped. Previously built successfully.
   6:6>ResolveAssemblyReferences:
             This reference is not "CopyLocal" because at least one source item had "Private" set to "false" and no source items had "Private" set to "true".
         Primary reference "System.Runtime.CompilerServices.VisualC, Version=10.0.0.0, Culture=neutral, PublicKeyToken=b03f5f7f11d50a3a".
   3:6>Target "_ComputeReferenceAssemblies" in file "C:\Program Files\dotnet\sdk\10.0.103\Sdks\Microsoft.NET.Sdk\targets\Microsoft.NET.Sdk.targets" from project "c:\Apps\TicketConsolidator\tests\TicketConsolidator.UnitTests\TicketConsolidator.UnitTests.csproj" (target "GenerateBuildDependencyFile" depends on it):
   3:6>Done building target "_ComputeReferenceAssemblies" in project "TicketConsolidator.UnitTests.csproj".
   6:6>ResolveAssemblyReferences:
             Resolved file path is "C:\Program Files\dotnet\packs\Microsoft.NETCore.App.Ref\10.0.3\ref\net10.0\System.Runtime.CompilerServices.VisualC.dll".
             Reference found at search path location "{RawFileName}".
             This reference is not "CopyLocal" because at least one source item had "Private" set to "false" and no source items had "Private" set to "true".
         Primary reference "System.Runtime.Extensions, Version=10.0.0.0, Culture=neutral, PublicKeyToken=b03f5f7f11d50a3a".
             Resolved file path is "C:\Program Files\dotnet\packs\Microsoft.NETCore.App.Ref\10.0.3\ref\net10.0\System.Runtime.Extensions.dll".
             Reference found at search path location "{RawFileName}".
             This reference is not "CopyLocal" because at least one source item had "Private" set to "false" and no source items had "Private" set to "true".
   3:6>Target "_ComputeUserRuntimeAssemblies" in file "C:\Program Files\dotnet\sdk\10.0.103\Sdks\Microsoft.NET.Sdk\targets\Microsoft.NET.Sdk.targets" from project "c:\Apps\TicketConsolidator\tests\TicketConsolidator.UnitTests\TicketConsolidator.UnitTests.csproj" (target "GenerateBuildDependencyFile" depends on it):
   3:6>Done building target "_ComputeUserRuntimeAssemblies" in project "TicketConsolidator.UnitTests.csproj".
   6:6>ResolveAssemblyReferences:
         Primary reference "System.Runtime.Handles, Version=10.0.0.0, Culture=neutral, PublicKeyToken=b03f5f7f11d50a3a".
   3:6>Target "_ComputePackageReferencePublish" skipped. Previously built successfully.
   6:6>ResolveAssemblyReferences:
             Resolved file path is "C:\Program Files\dotnet\packs\Microsoft.NETCore.App.Ref\10.0.3\ref\net10.0\System.Runtime.Handles.dll".
             Reference found at search path location "{RawFileName}".
             This reference is not "CopyLocal" because at least one source item had "Private" set to "false" and no source items had "Private" set to "true".
         Primary reference "System.Runtime.InteropServices.JavaScript, Version=10.0.0.0, Culture=neutral, PublicKeyToken=b03f5f7f11d50a3a".
             Resolved file path is "C:\Program Files\dotnet\packs\Microsoft.NETCore.App.Ref\10.0.3\ref\net10.0\System.Runtime.InteropServices.JavaScript.dll".
             Reference found at search path location "{RawFileName}".
             This reference is not "CopyLocal" because at least one source item had "Private" set to "false" and no source items had "Private" set to "true".
         Primary reference "System.Runtime.InteropServices.RuntimeInformation, Version=10.0.0.0, Culture=neutral, PublicKeyToken=b03f5f7f11d50a3a".
             Resolved file path is "C:\Program Files\dotnet\packs\Microsoft.NETCore.App.Ref\10.0.3\ref\net10.0\System.Runtime.InteropServices.RuntimeInformation.dll".
             Reference found at search path location "{RawFileName}".
   3:6>Target "GenerateBuildDependencyFile" in file "C:\Program Files\dotnet\sdk\10.0.103\Sdks\Microsoft.NET.Sdk\targets\Microsoft.NET.Sdk.targets" from project "c:\Apps\TicketConsolidator\tests\TicketConsolidator.UnitTests\TicketConsolidator.UnitTests.csproj" (target "CopyFilesToOutputDirectory" depends on it):
   3:6>Skipping target "GenerateBuildDependencyFile" because all output files are up-to-date with respect to the input files.
   6:6>ResolveAssemblyReferences:
             This reference is not "CopyLocal" because at least one source item had "Private" set to "false" and no source items had "Private" set to "true".
         Primary reference "System.Runtime.InteropServices, Version=10.0.0.0, Culture=neutral, PublicKeyToken=b03f5f7f11d50a3a".
   3:6>GenerateBuildDependencyFile:
       Input files: 
           c:\Apps\TicketConsolidator\tests\TicketConsolidator.UnitTests\obj\project.assets.json
           c:\Apps\TicketConsolidator\tests\TicketConsolidator.UnitTests\obj\Debug\net10.0-windows\TicketConsolidator.UnitTests.assets.cache
           c:\Apps\TicketConsolidator\tests\TicketConsolidator.UnitTests\TicketConsolidator.UnitTests.csproj
           C:\Program Files\dotnet\sdk\10.0.103\Current\Microsoft.Common.targets\ImportAfter\Microsoft.TestPlatform.ImportAfter.targets
   6:6>ResolveAssemblyReferences:
             Resolved file path is "C:\Program Files\dotnet\packs\Microsoft.NETCore.App.Ref\10.0.3\ref\net10.0\System.Runtime.InteropServices.dll".
   3:6>GenerateBuildDependencyFile:
       Output files: c:\Apps\TicketConsolidator\tests\TicketConsolidator.UnitTests\bin\Debug\net10.0-windows\TicketConsolidator.UnitTests.deps.json
   6:6>ResolveAssemblyReferences:
             Reference found at search path location "{RawFileName}".
             This reference is not "CopyLocal" because at least one source item had "Private" set to "false" and no source items had "Private" set to "true".
         Primary reference "System.Runtime.Intrinsics, Version=10.0.0.0, Culture=neutral, PublicKeyToken=cc7b13ffcd2ddd51".
             Resolved file path is "C:\Program Files\dotnet\packs\Microsoft.NETCore.App.Ref\10.0.3\ref\net10.0\System.Runtime.Intrinsics.dll".
             Reference found at search path location "{RawFileName}".
             This reference is not "CopyLocal" because at least one source item had "Private" set to "false" and no source items had "Private" set to "true".
         Primary reference "System.Runtime.Loader, Version=10.0.0.0, Culture=neutral, PublicKeyToken=b03f5f7f11d50a3a".
   3:6>Done building target "GenerateBuildDependencyFile" in project "TicketConsolidator.UnitTests.csproj".
   6:6>ResolveAssemblyReferences:
             Resolved file path is "C:\Program Files\dotnet\packs\Microsoft.NETCore.App.Ref\10.0.3\ref\net10.0\System.Runtime.Loader.dll".
   3:6>Target "_DefaultMicrosoftNETPlatformLibrary" skipped. Previously built successfully.
   6:6>ResolveAssemblyReferences:
             Reference found at search path location "{RawFileName}".
   3:6>Target "_GenerateRuntimeConfigurationFilesInputCache" in file "C:\Program Files\dotnet\sdk\10.0.103\Sdks\Microsoft.NET.Sdk\targets\Microsoft.NET.Sdk.targets" from project "c:\Apps\TicketConsolidator\tests\TicketConsolidator.UnitTests\TicketConsolidator.UnitTests.csproj" (target "GenerateBuildRuntimeConfigurationFiles" depends on it):
   3:6>Task "Hash"
   6:6>ResolveAssemblyReferences:
             This reference is not "CopyLocal" because at least one source item had "Private" set to "false" and no source items had "Private" set to "true".
         Primary reference "System.Runtime.Numerics, Version=10.0.0.0, Culture=neutral, PublicKeyToken=b03f5f7f11d50a3a".
             Resolved file path is "C:\Program Files\dotnet\packs\Microsoft.NETCore.App.Ref\10.0.3\ref\net10.0\System.Runtime.Numerics.dll".
             Reference found at search path location "{RawFileName}".
             This reference is not "CopyLocal" because at least one source item had "Private" set to "false" and no source items had "Private" set to "true".
   3:6>Done executing task "Hash".
   6:6>ResolveAssemblyReferences:
         Primary reference "System.Runtime.Serialization.Formatters, Version=8.1.0.0, Culture=neutral, PublicKeyToken=b03f5f7f11d50a3a".
   3:6>Task "WriteLinesToFile"
   6:6>ResolveAssemblyReferences:
             Resolved file path is "C:\Program Files\dotnet\packs\Microsoft.NETCore.App.Ref\10.0.3\ref\net10.0\System.Runtime.Serialization.Formatters.dll".
             Reference found at search path location "{RawFileName}".
             This reference is not "CopyLocal" because at least one source item had "Private" set to "false" and no source items had "Private" set to "true".
         Primary reference "System.Runtime.Serialization.Json, Version=10.0.0.0, Culture=neutral, PublicKeyToken=b03f5f7f11d50a3a".
             Resolved file path is "C:\Program Files\dotnet\packs\Microsoft.NETCore.App.Ref\10.0.3\ref\net10.0\System.Runtime.Serialization.Json.dll".
             Reference found at search path location "{RawFileName}".
             This reference is not "CopyLocal" because at least one source item had "Private" set to "false" and no source items had "Private" set to "true".
         Primary reference "System.Runtime.Serialization.Primitives, Version=10.0.0.0, Culture=neutral, PublicKeyToken=b03f5f7f11d50a3a".
   3:6>_GenerateRuntimeConfigurationFilesInputCache:
         Skipping write to file "c:\Apps\TicketConsolidator\tests\TicketConsolidator.UnitTests\obj\Debug\net10.0-windows\TicketConsolidator.UnitTests.genruntimeconfig.cache" because content would not change.
   6:6>ResolveAssemblyReferences:
             Resolved file path is "C:\Program Files\dotnet\packs\Microsoft.NETCore.App.Ref\10.0.3\ref\net10.0\System.Runtime.Serialization.Primitives.dll".
   3:6>Done executing task "WriteLinesToFile".
   6:6>ResolveAssemblyReferences:
             Reference found at search path location "{RawFileName}".
             This reference is not "CopyLocal" because at least one source item had "Private" set to "false" and no source items had "Private" set to "true".
   3:6>Done building target "_GenerateRuntimeConfigurationFilesInputCache" in project "TicketConsolidator.UnitTests.csproj".
   6:6>ResolveAssemblyReferences:
         Primary reference "System.Runtime.Serialization.Xml, Version=10.0.0.0, Culture=neutral, PublicKeyToken=b03f5f7f11d50a3a".
   3:6>Target "GenerateBuildRuntimeConfigurationFiles" in file "C:\Program Files\dotnet\sdk\10.0.103\Sdks\Microsoft.NET.Sdk\targets\Microsoft.NET.Sdk.targets" from project "c:\Apps\TicketConsolidator\tests\TicketConsolidator.UnitTests\TicketConsolidator.UnitTests.csproj" (target "CopyFilesToOutputDirectory" depends on it):
   3:6>Skipping target "GenerateBuildRuntimeConfigurationFiles" because all output files are up-to-date with respect to the input files.
   6:6>ResolveAssemblyReferences:
             Resolved file path is "C:\Program Files\dotnet\packs\Microsoft.NETCore.App.Ref\10.0.3\ref\net10.0\System.Runtime.Serialization.Xml.dll".
   3:6>GenerateBuildRuntimeConfigurationFiles:
       Input files: 
           c:\Apps\TicketConsolidator\tests\TicketConsolidator.UnitTests\obj\project.assets.json
           c:\Apps\TicketConsolidator\tests\TicketConsolidator.UnitTests\obj\Debug\net10.0-windows\TicketConsolidator.UnitTests.assets.cache
           c:\Apps\TicketConsolidator\tests\TicketConsolidator.UnitTests\obj\Debug\net10.0-windows\TicketConsolidator.UnitTests.genruntimeconfig.cache
       Output files: c:\Apps\TicketConsolidator\tests\TicketConsolidator.UnitTests\bin\Debug\net10.0-windows\TicketConsolidator.UnitTests.runtimeconfig.json
   6:6>ResolveAssemblyReferences:
             Reference found at search path location "{RawFileName}".
             This reference is not "CopyLocal" because at least one source item had "Private" set to "false" and no source items had "Private" set to "true".
         Primary reference "System.Runtime.Serialization, Version=4.0.0.0, Culture=neutral, PublicKeyToken=b77a5c561934e089".
   3:6>Done building target "GenerateBuildRuntimeConfigurationFiles" in project "TicketConsolidator.UnitTests.csproj".
   6:6>ResolveAssemblyReferences:
             Resolved file path is "C:\Program Files\dotnet\packs\Microsoft.NETCore.App.Ref\10.0.3\ref\net10.0\System.Runtime.Serialization.dll".
             Reference found at search path location "{RawFileName}".
   3:6>Target "CopyFilesToOutputDirectory" in file "C:\Program Files\dotnet\sdk\10.0.103\Microsoft.Common.CurrentVersion.targets" from project "c:\Apps\TicketConsolidator\tests\TicketConsolidator.UnitTests\TicketConsolidator.UnitTests.csproj" (target "PrepareForRun" depends on it):
   3:6>Task "Copy"
   6:6>ResolveAssemblyReferences:
             This reference is not "CopyLocal" because at least one source item had "Private" set to "false" and no source items had "Private" set to "true".
         Primary reference "System.Runtime, Version=10.0.0.0, Culture=neutral, PublicKeyToken=b03f5f7f11d50a3a".
             Resolved file path is "C:\Program Files\dotnet\packs\Microsoft.NETCore.App.Ref\10.0.3\ref\net10.0\System.Runtime.dll".
             Reference found at search path location "{RawFileName}".
             This reference is not "CopyLocal" because at least one source item had "Private" set to "false" and no source items had "Private" set to "true".
         Primary reference "System.Security.AccessControl, Version=10.0.0.0, Culture=neutral, PublicKeyToken=b03f5f7f11d50a3a".
             Resolved file path is "C:\Program Files\dotnet\packs\Microsoft.NETCore.App.Ref\10.0.3\ref\net10.0\System.Security.AccessControl.dll".
             Reference found at search path location "{RawFileName}".
             This reference is not "CopyLocal" because at least one source item had "Private" set to "false" and no source items had "Private" set to "true".
         Primary reference "System.Security.Claims, Version=10.0.0.0, Culture=neutral, PublicKeyToken=b03f5f7f11d50a3a".
             Resolved file path is "C:\Program Files\dotnet\packs\Microsoft.NETCore.App.Ref\10.0.3\ref\net10.0\System.Security.Claims.dll".
   3:6>CopyFilesToOutputDirectory:
         Did not copy from file "obj\Debug\net10.0-windows\TicketConsolidator.UnitTests.dll" to file "bin\Debug\net10.0-windows\TicketConsolidator.UnitTests.dll" because the "SkipUnchangedFiles" parameter was set to "true" in the project and the files' sizes and timestamps match.
   6:6>ResolveAssemblyReferences:
             Reference found at search path location "{RawFileName}".
   3:6>Done executing task "Copy".
   6:6>ResolveAssemblyReferences:
             This reference is not "CopyLocal" because at least one source item had "Private" set to "false" and no source items had "Private" set to "true".
         Primary reference "System.Security.Cryptography.Algorithms, Version=10.0.0.0, Culture=neutral, PublicKeyToken=b03f5f7f11d50a3a".
             Resolved file path is "C:\Program Files\dotnet\packs\Microsoft.NETCore.App.Ref\10.0.3\ref\net10.0\System.Security.Cryptography.Algorithms.dll".
             Reference found at search path location "{RawFileName}".
   3:6>CopyFilesToOutputDirectory:
       Using "CopyRefAssembly" task from assembly "C:\Program Files\dotnet\sdk\10.0.103\Sdks\Microsoft.NET.Sdk\targets\..\..\..\Roslyn\Microsoft.Build.Tasks.CodeAnalysis.dll".
   6:6>ResolveAssemblyReferences:
             This reference is not "CopyLocal" because at least one source item had "Private" set to "false" and no source items had "Private" set to "true".
   3:6>Task "CopyRefAssembly"
   6:6>ResolveAssemblyReferences:
         Primary reference "System.Security.Cryptography.Cng, Version=10.0.0.0, Culture=neutral, PublicKeyToken=b03f5f7f11d50a3a".
             Resolved file path is "C:\Program Files\dotnet\packs\Microsoft.NETCore.App.Ref\10.0.3\ref\net10.0\System.Security.Cryptography.Cng.dll".
             Reference found at search path location "{RawFileName}".
             This reference is not "CopyLocal" because at least one source item had "Private" set to "false" and no source items had "Private" set to "true".
         Primary reference "System.Security.Cryptography.Csp, Version=10.0.0.0, Culture=neutral, PublicKeyToken=b03f5f7f11d50a3a".
             Resolved file path is "C:\Program Files\dotnet\packs\Microsoft.NETCore.App.Ref\10.0.3\ref\net10.0\System.Security.Cryptography.Csp.dll".
             Reference found at search path location "{RawFileName}".
             This reference is not "CopyLocal" because at least one source item had "Private" set to "false" and no source items had "Private" set to "true".
         Primary reference "System.Security.Cryptography.Encoding, Version=10.0.0.0, Culture=neutral, PublicKeyToken=b03f5f7f11d50a3a".
             Resolved file path is "C:\Program Files\dotnet\packs\Microsoft.NETCore.App.Ref\10.0.3\ref\net10.0\System.Security.Cryptography.Encoding.dll".
             Reference found at search path location "{RawFileName}".
             This reference is not "CopyLocal" because at least one source item had "Private" set to "false" and no source items had "Private" set to "true".
         Primary reference "System.Security.Cryptography.OpenSsl, Version=10.0.0.0, Culture=neutral, PublicKeyToken=b03f5f7f11d50a3a".
             Resolved file path is "C:\Program Files\dotnet\packs\Microsoft.NETCore.App.Ref\10.0.3\ref\net10.0\System.Security.Cryptography.OpenSsl.dll".
             Reference found at search path location "{RawFileName}".
             This reference is not "CopyLocal" because at least one source item had "Private" set to "false" and no source items had "Private" set to "true".
         Primary reference "System.Security.Cryptography.Primitives, Version=10.0.0.0, Culture=neutral, PublicKeyToken=b03f5f7f11d50a3a".
   3:6>CopyFilesToOutputDirectory:
         Reference assembly "c:\Apps\TicketConsolidator\tests\TicketConsolidator.UnitTests\obj\Debug\net10.0-windows\ref\TicketConsolidator.UnitTests.dll" already has latest information. Leaving it untouched.
   6:6>ResolveAssemblyReferences:
             Resolved file path is "C:\Program Files\dotnet\packs\Microsoft.NETCore.App.Ref\10.0.3\ref\net10.0\System.Security.Cryptography.Primitives.dll".
             Reference found at search path location "{RawFileName}".
   3:6>Done executing task "CopyRefAssembly".
   6:6>ResolveAssemblyReferences:
             This reference is not "CopyLocal" because at least one source item had "Private" set to "false" and no source items had "Private" set to "true".
   3:6>Task "Message"
   6:6>ResolveAssemblyReferences:
         Primary reference "System.Security.Cryptography.X509Certificates, Version=10.0.0.0, Culture=neutral, PublicKeyToken=b03f5f7f11d50a3a".
             Resolved file path is "C:\Program Files\dotnet\packs\Microsoft.NETCore.App.Ref\10.0.3\ref\net10.0\System.Security.Cryptography.X509Certificates.dll".
             Reference found at search path location "{RawFileName}".
             This reference is not "CopyLocal" because at least one source item had "Private" set to "false" and no source items had "Private" set to "true".
   3:6>CopyFilesToOutputDirectory:
         TicketConsolidator.UnitTests -> c:\Apps\TicketConsolidator\tests\TicketConsolidator.UnitTests\bin\Debug\net10.0-windows\TicketConsolidator.UnitTests.dll
       Done executing task "Message".
   6:6>ResolveAssemblyReferences:
         Primary reference "System.Security.Cryptography, Version=10.0.0.0, Culture=neutral, PublicKeyToken=b03f5f7f11d50a3a".
   3:6>Task "Copy"
   6:6>ResolveAssemblyReferences:
             Resolved file path is "C:\Program Files\dotnet\packs\Microsoft.NETCore.App.Ref\10.0.3\ref\net10.0\System.Security.Cryptography.dll".
             Reference found at search path location "{RawFileName}".
             This reference is not "CopyLocal" because at least one source item had "Private" set to "false" and no source items had "Private" set to "true".
         Primary reference "System.Security.Principal.Windows, Version=10.0.0.0, Culture=neutral, PublicKeyToken=b03f5f7f11d50a3a".
             Resolved file path is "C:\Program Files\dotnet\packs\Microsoft.NETCore.App.Ref\10.0.3\ref\net10.0\System.Security.Principal.Windows.dll".
   3:6>CopyFilesToOutputDirectory:
         Did not copy from file "obj\Debug\net10.0-windows\TicketConsolidator.UnitTests.pdb" to file "bin\Debug\net10.0-windows\TicketConsolidator.UnitTests.pdb" because the "SkipUnchangedFiles" parameter was set to "true" in the project and the files' sizes and timestamps match.
       Done executing task "Copy".
   6:6>ResolveAssemblyReferences:
             Reference found at search path location "{RawFileName}".
             This reference is not "CopyLocal" because at least one source item had "Private" set to "false" and no source items had "Private" set to "true".
   3:6>Done building target "CopyFilesToOutputDirectory" in project "TicketConsolidator.UnitTests.csproj".
   6:6>ResolveAssemblyReferences:
         Primary reference "System.Security.Principal, Version=10.0.0.0, Culture=neutral, PublicKeyToken=b03f5f7f11d50a3a".
             Resolved file path is "C:\Program Files\dotnet\packs\Microsoft.NETCore.App.Ref\10.0.3\ref\net10.0\System.Security.Principal.dll".
   3:6>Target "PrepareForRun" in file "C:\Program Files\dotnet\sdk\10.0.103\Microsoft.Common.CurrentVersion.targets" from project "c:\Apps\TicketConsolidator\tests\TicketConsolidator.UnitTests\TicketConsolidator.UnitTests.csproj" (target "CoreBuild" depends on it):
   3:6>Done building target "PrepareForRun" in project "TicketConsolidator.UnitTests.csproj".
   6:6>ResolveAssemblyReferences:
             Reference found at search path location "{RawFileName}".
   3:6>Target "_CheckForCompileOutputs" skipped. Previously built successfully.
   6:6>ResolveAssemblyReferences:
             This reference is not "CopyLocal" because at least one source item had "Private" set to "false" and no source items had "Private" set to "true".
         Primary reference "System.Security.SecureString, Version=10.0.0.0, Culture=neutral, PublicKeyToken=b03f5f7f11d50a3a".
   3:6>Target "_CleanGetCurrentAndPriorFileWrites" in file "C:\Program Files\dotnet\sdk\10.0.103\Microsoft.Common.CurrentVersion.targets" from project "c:\Apps\TicketConsolidator\tests\TicketConsolidator.UnitTests\TicketConsolidator.UnitTests.csproj" (target "IncrementalClean" depends on it):
   3:6>Using "ReadLinesFromFile" task from assembly "Microsoft.Build.Tasks.Core, Version=15.1.0.0, Culture=neutral, PublicKeyToken=b03f5f7f11d50a3a".
   6:6>ResolveAssemblyReferences:
             Resolved file path is "C:\Program Files\dotnet\packs\Microsoft.NETCore.App.Ref\10.0.3\ref\net10.0\System.Security.SecureString.dll".
   3:6>Task "ReadLinesFromFile"
   6:6>ResolveAssemblyReferences:
             Reference found at search path location "{RawFileName}".
             This reference is not "CopyLocal" because at least one source item had "Private" set to "false" and no source items had "Private" set to "true".
         Primary reference "System.Security, Version=4.0.0.0, Culture=neutral, PublicKeyToken=b03f5f7f11d50a3a".
             Resolved file path is "C:\Program Files\dotnet\packs\Microsoft.NETCore.App.Ref\10.0.3\ref\net10.0\System.Security.dll".
             Reference found at search path location "{RawFileName}".
             This reference is not "CopyLocal" because at least one source item had "Private" set to "false" and no source items had "Private" set to "true".
         Primary reference "System.ServiceModel.Web, Version=4.0.0.0, Culture=neutral, PublicKeyToken=31bf3856ad364e35".
             Resolved file path is "C:\Program Files\dotnet\packs\Microsoft.NETCore.App.Ref\10.0.3\ref\net10.0\System.ServiceModel.Web.dll".
             Reference found at search path location "{RawFileName}".
             This reference is not "CopyLocal" because at least one source item had "Private" set to "false" and no source items had "Private" set to "true".
         Primary reference "System.ServiceProcess, Version=4.0.0.0, Culture=neutral, PublicKeyToken=b03f5f7f11d50a3a".
             Resolved file path is "C:\Program Files\dotnet\packs\Microsoft.NETCore.App.Ref\10.0.3\ref\net10.0\System.ServiceProcess.dll".
             Reference found at search path location "{RawFileName}".
             This reference is not "CopyLocal" because at least one source item had "Private" set to "false" and no source items had "Private" set to "true".
         Primary reference "System.Text.Encoding.CodePages, Version=10.0.0.0, Culture=neutral, PublicKeyToken=b03f5f7f11d50a3a".
             Resolved file path is "C:\Program Files\dotnet\packs\Microsoft.NETCore.App.Ref\10.0.3\ref\net10.0\System.Text.Encoding.CodePages.dll".
   3:6>Done executing task "ReadLinesFromFile".
   6:6>ResolveAssemblyReferences:
             Reference found at search path location "{RawFileName}".
   3:6>Task "ConvertToAbsolutePath"
   6:6>ResolveAssemblyReferences:
             This reference is not "CopyLocal" because at least one source item had "Private" set to "false" and no source items had "Private" set to "true".
         Primary reference "System.Text.Encoding.Extensions, Version=10.0.0.0, Culture=neutral, PublicKeyToken=b03f5f7f11d50a3a".
             Resolved file path is "C:\Program Files\dotnet\packs\Microsoft.NETCore.App.Ref\10.0.3\ref\net10.0\System.Text.Encoding.Extensions.dll".
             Reference found at search path location "{RawFileName}".
             This reference is not "CopyLocal" because at least one source item had "Private" set to "false" and no source items had "Private" set to "true".
         Primary reference "System.Text.Encoding, Version=10.0.0.0, Culture=neutral, PublicKeyToken=b03f5f7f11d50a3a".
   3:6>Done executing task "ConvertToAbsolutePath".
   6:6>ResolveAssemblyReferences:
             Resolved file path is "C:\Program Files\dotnet\packs\Microsoft.NETCore.App.Ref\10.0.3\ref\net10.0\System.Text.Encoding.dll".
             Reference found at search path location "{RawFileName}".
             This reference is not "CopyLocal" because at least one source item had "Private" set to "false" and no source items had "Private" set to "true".
         Primary reference "System.Text.Encodings.Web, Version=10.0.0.0, Culture=neutral, PublicKeyToken=cc7b13ffcd2ddd51".
             Resolved file path is "C:\Program Files\dotnet\packs\Microsoft.NETCore.App.Ref\10.0.3\ref\net10.0\System.Text.Encodings.Web.dll".
             Reference found at search path location "{RawFileName}".
             This reference is not "CopyLocal" because at least one source item had "Private" set to "false" and no source items had "Private" set to "true".
         Primary reference "System.Text.Json, Version=10.0.0.0, Culture=neutral, PublicKeyToken=cc7b13ffcd2ddd51".
             Resolved file path is "C:\Program Files\dotnet\packs\Microsoft.NETCore.App.Ref\10.0.3\ref\net10.0\System.Text.Json.dll".
             Reference found at search path location "{RawFileName}".
   3:6>_CleanGetCurrentAndPriorFileWrites:
       Using "FindUnderPath" task from assembly "Microsoft.Build.Tasks.Core, Version=15.1.0.0, Culture=neutral, PublicKeyToken=b03f5f7f11d50a3a".
   6:6>ResolveAssemblyReferences:
             This reference is not "CopyLocal" because at least one source item had "Private" set to "false" and no source items had "Private" set to "true".
   3:6>Task "FindUnderPath"
   6:6>ResolveAssemblyReferences:
         Primary reference "System.Text.RegularExpressions, Version=10.0.0.0, Culture=neutral, PublicKeyToken=b03f5f7f11d50a3a".
             Resolved file path is "C:\Program Files\dotnet\packs\Microsoft.NETCore.App.Ref\10.0.3\ref\net10.0\System.Text.RegularExpressions.dll".
   3:6>_CleanGetCurrentAndPriorFileWrites:
         Comparison path is "c:\Apps\TicketConsolidator\tests\TicketConsolidator.UnitTests".
   6:6>ResolveAssemblyReferences:
             Reference found at search path location "{RawFileName}".
   3:6>Done executing task "FindUnderPath".
   6:6>ResolveAssemblyReferences:
             This reference is not "CopyLocal" because at least one source item had "Private" set to "false" and no source items had "Private" set to "true".
         Primary reference "System.Threading.AccessControl, Version=10.0.0.0, Culture=neutral, PublicKeyToken=b03f5f7f11d50a3a".
             Resolved file path is "C:\Program Files\dotnet\packs\Microsoft.NETCore.App.Ref\10.0.3\ref\net10.0\System.Threading.AccessControl.dll".
   3:6>Task "FindUnderPath"
   6:6>ResolveAssemblyReferences:
             Reference found at search path location "{RawFileName}".
             This reference is not "CopyLocal" because at least one source item had "Private" set to "false" and no source items had "Private" set to "true".
   3:6>_CleanGetCurrentAndPriorFileWrites:
         Comparison path is "bin\Debug\net10.0-windows\".
   6:6>ResolveAssemblyReferences:
         Primary reference "System.Threading.Channels, Version=10.0.0.0, Culture=neutral, PublicKeyToken=cc7b13ffcd2ddd51".
             Resolved file path is "C:\Program Files\dotnet\packs\Microsoft.NETCore.App.Ref\10.0.3\ref\net10.0\System.Threading.Channels.dll".
   3:6>Done executing task "FindUnderPath".
   6:6>ResolveAssemblyReferences:
             Reference found at search path location "{RawFileName}".
             This reference is not "CopyLocal" because at least one source item had "Private" set to "false" and no source items had "Private" set to "true".
         Primary reference "System.Threading.Overlapped, Version=10.0.0.0, Culture=neutral, PublicKeyToken=b03f5f7f11d50a3a".
             Resolved file path is "C:\Program Files\dotnet\packs\Microsoft.NETCore.App.Ref\10.0.3\ref\net10.0\System.Threading.Overlapped.dll".
   3:6>Task "FindUnderPath"
   6:6>ResolveAssemblyReferences:
             Reference found at search path location "{RawFileName}".
   3:6>_CleanGetCurrentAndPriorFileWrites:
         Comparison path is "obj\Debug\net10.0-windows\".
   6:6>ResolveAssemblyReferences:
             This reference is not "CopyLocal" because at least one source item had "Private" set to "false" and no source items had "Private" set to "true".
         Primary reference "System.Threading.Tasks.Dataflow, Version=10.0.0.0, Culture=neutral, PublicKeyToken=b03f5f7f11d50a3a".
             Resolved file path is "C:\Program Files\dotnet\packs\Microsoft.NETCore.App.Ref\10.0.3\ref\net10.0\System.Threading.Tasks.Dataflow.dll".
             Reference found at search path location "{RawFileName}".
             This reference is not "CopyLocal" because at least one source item had "Private" set to "false" and no source items had "Private" set to "true".
         Primary reference "System.Threading.Tasks.Extensions, Version=10.0.0.0, Culture=neutral, PublicKeyToken=cc7b13ffcd2ddd51".
             Resolved file path is "C:\Program Files\dotnet\packs\Microsoft.NETCore.App.Ref\10.0.3\ref\net10.0\System.Threading.Tasks.Extensions.dll".
             Reference found at search path location "{RawFileName}".
             This reference is not "CopyLocal" because at least one source item had "Private" set to "false" and no source items had "Private" set to "true".
   3:6>Done executing task "FindUnderPath".
   6:6>ResolveAssemblyReferences:
         Primary reference "System.Threading.Tasks.Parallel, Version=10.0.0.0, Culture=neutral, PublicKeyToken=b03f5f7f11d50a3a".
             Resolved file path is "C:\Program Files\dotnet\packs\Microsoft.NETCore.App.Ref\10.0.3\ref\net10.0\System.Threading.Tasks.Parallel.dll".
             Reference found at search path location "{RawFileName}".
             This reference is not "CopyLocal" because at least one source item had "Private" set to "false" and no source items had "Private" set to "true".
   3:6>Task "RemoveDuplicates"
   6:6>ResolveAssemblyReferences:
         Primary reference "System.Threading.Tasks, Version=10.0.0.0, Culture=neutral, PublicKeyToken=b03f5f7f11d50a3a".
             Resolved file path is "C:\Program Files\dotnet\packs\Microsoft.NETCore.App.Ref\10.0.3\ref\net10.0\System.Threading.Tasks.dll".
             Reference found at search path location "{RawFileName}".
   3:6>Done executing task "RemoveDuplicates".
   6:6>ResolveAssemblyReferences:
             This reference is not "CopyLocal" because at least one source item had "Private" set to "false" and no source items had "Private" set to "true".
         Primary reference "System.Threading.Thread, Version=10.0.0.0, Culture=neutral, PublicKeyToken=b03f5f7f11d50a3a".
             Resolved file path is "C:\Program Files\dotnet\packs\Microsoft.NETCore.App.Ref\10.0.3\ref\net10.0\System.Threading.Thread.dll".
   3:6>Done building target "_CleanGetCurrentAndPriorFileWrites" in project "TicketConsolidator.UnitTests.csproj".
   6:6>ResolveAssemblyReferences:
             Reference found at search path location "{RawFileName}".
             This reference is not "CopyLocal" because at least one source item had "Private" set to "false" and no source items had "Private" set to "true".
         Primary reference "System.Threading.ThreadPool, Version=10.0.0.0, Culture=neutral, PublicKeyToken=b03f5f7f11d50a3a".
             Resolved file path is "C:\Program Files\dotnet\packs\Microsoft.NETCore.App.Ref\10.0.3\ref\net10.0\System.Threading.ThreadPool.dll".
             Reference found at search path location "{RawFileName}".
             This reference is not "CopyLocal" because at least one source item had "Private" set to "false" and no source items had "Private" set to "true".
         Primary reference "System.Threading.Timer, Version=10.0.0.0, Culture=neutral, PublicKeyToken=b03f5f7f11d50a3a".
             Resolved file path is "C:\Program Files\dotnet\packs\Microsoft.NETCore.App.Ref\10.0.3\ref\net10.0\System.Threading.Timer.dll".
             Reference found at search path location "{RawFileName}".
             This reference is not "CopyLocal" because at least one source item had "Private" set to "false" and no source items had "Private" set to "true".
         Primary reference "System.Threading, Version=10.0.0.0, Culture=neutral, PublicKeyToken=b03f5f7f11d50a3a".
             Resolved file path is "C:\Program Files\dotnet\packs\Microsoft.NETCore.App.Ref\10.0.3\ref\net10.0\System.Threading.dll".
   3:6>Target "IncrementalClean" in file "C:\Program Files\dotnet\sdk\10.0.103\Microsoft.Common.CurrentVersion.targets" from project "c:\Apps\TicketConsolidator\tests\TicketConsolidator.UnitTests\TicketConsolidator.UnitTests.csproj" (target "CoreBuild" depends on it):
   3:6>Task "FindUnderPath"
   6:6>ResolveAssemblyReferences:
             Reference found at search path location "{RawFileName}".
   3:6>IncrementalClean:
         Comparison path is "bin\Debug\net10.0-windows\".
   6:6>ResolveAssemblyReferences:
             This reference is not "CopyLocal" because at least one source item had "Private" set to "false" and no source items had "Private" set to "true".
   3:6>Done executing task "FindUnderPath".
   6:6>ResolveAssemblyReferences:
         Primary reference "System.Transactions.Local, Version=10.0.0.0, Culture=neutral, PublicKeyToken=cc7b13ffcd2ddd51".
             Resolved file path is "C:\Program Files\dotnet\packs\Microsoft.NETCore.App.Ref\10.0.3\ref\net10.0\System.Transactions.Local.dll".
             Reference found at search path location "{RawFileName}".
   3:6>Task "FindUnderPath"
         Comparison path is "obj\Debug\net10.0-windows\".
   6:6>ResolveAssemblyReferences:
             This reference is not "CopyLocal" because at least one source item had "Private" set to "false" and no source items had "Private" set to "true".
   3:6>Done executing task "FindUnderPath".
   6:6>ResolveAssemblyReferences:
         Primary reference "System.Transactions, Version=4.0.0.0, Culture=neutral, PublicKeyToken=b77a5c561934e089".
             Resolved file path is "C:\Program Files\dotnet\packs\Microsoft.NETCore.App.Ref\10.0.3\ref\net10.0\System.Transactions.dll".
             Reference found at search path location "{RawFileName}".
             This reference is not "CopyLocal" because at least one source item had "Private" set to "false" and no source items had "Private" set to "true".
         Primary reference "System.ValueTuple, Version=10.0.0.0, Culture=neutral, PublicKeyToken=cc7b13ffcd2ddd51".
             Resolved file path is "C:\Program Files\dotnet\packs\Microsoft.NETCore.App.Ref\10.0.3\ref\net10.0\System.ValueTuple.dll".
   3:6>IncrementalClean:
       Using "Delete" task from assembly "Microsoft.Build.Tasks.Core, Version=15.1.0.0, Culture=neutral, PublicKeyToken=b03f5f7f11d50a3a".
   6:6>ResolveAssemblyReferences:
             Reference found at search path location "{RawFileName}".
             This reference is not "CopyLocal" because at least one source item had "Private" set to "false" and no source items had "Private" set to "true".
         Primary reference "System.Web.HttpUtility, Version=10.0.0.0, Culture=neutral, PublicKeyToken=cc7b13ffcd2ddd51".
             Resolved file path is "C:\Program Files\dotnet\packs\Microsoft.NETCore.App.Ref\10.0.3\ref\net10.0\System.Web.HttpUtility.dll".
             Reference found at search path location "{RawFileName}".
             This reference is not "CopyLocal" because at least one source item had "Private" set to "false" and no source items had "Private" set to "true".
         Primary reference "System.Web, Version=4.0.0.0, Culture=neutral, PublicKeyToken=b03f5f7f11d50a3a".
             Resolved file path is "C:\Program Files\dotnet\packs\Microsoft.NETCore.App.Ref\10.0.3\ref\net10.0\System.Web.dll".
             Reference found at search path location "{RawFileName}".
   3:6>Task "Delete"
   6:6>ResolveAssemblyReferences:
             This reference is not "CopyLocal" because at least one source item had "Private" set to "false" and no source items had "Private" set to "true".
   3:6>Done executing task "Delete".
   6:6>ResolveAssemblyReferences:
         Primary reference "System.Windows, Version=4.0.0.0, Culture=neutral, PublicKeyToken=b03f5f7f11d50a3a".
   3:6>Task "RemoveDuplicates"
   6:6>ResolveAssemblyReferences:
             Resolved file path is "C:\Program Files\dotnet\packs\Microsoft.NETCore.App.Ref\10.0.3\ref\net10.0\System.Windows.dll".
   3:6>Done executing task "RemoveDuplicates".
   6:6>ResolveAssemblyReferences:
             Reference found at search path location "{RawFileName}".
   3:6>Done building target "IncrementalClean" in project "TicketConsolidator.UnitTests.csproj".
       Target "GenerateBuildDependencyFile" skipped. Previously built successfully.
   6:6>ResolveAssemblyReferences:
             This reference is not "CopyLocal" because at least one source item had "Private" set to "false" and no source items had "Private" set to "true".
   3:6>Target "GenerateBuildRuntimeConfigurationFiles" skipped. Previously built successfully.
   6:6>ResolveAssemblyReferences:
         Primary reference "System.Xml.Linq, Version=4.0.0.0, Culture=neutral, PublicKeyToken=b77a5c561934e089".
             Resolved file path is "C:\Program Files\dotnet\packs\Microsoft.NETCore.App.Ref\10.0.3\ref\net10.0\System.Xml.Linq.dll".
             Reference found at search path location "{RawFileName}".
   3:6>Target "CoreBuild" in file "C:\Program Files\dotnet\sdk\10.0.103\Microsoft.Common.CurrentVersion.targets" from project "c:\Apps\TicketConsolidator\tests\TicketConsolidator.UnitTests\TicketConsolidator.UnitTests.csproj" (target "Build" depends on it):
   3:6>Done building target "CoreBuild" in project "TicketConsolidator.UnitTests.csproj".
   6:6>ResolveAssemblyReferences:
             This reference is not "CopyLocal" because at least one source item had "Private" set to "false" and no source items had "Private" set to "true".
         Primary reference "System.Xml.ReaderWriter, Version=10.0.0.0, Culture=neutral, PublicKeyToken=b03f5f7f11d50a3a".
             Resolved file path is "C:\Program Files\dotnet\packs\Microsoft.NETCore.App.Ref\10.0.3\ref\net10.0\System.Xml.ReaderWriter.dll".
             Reference found at search path location "{RawFileName}".
             This reference is not "CopyLocal" because at least one source item had "Private" set to "false" and no source items had "Private" set to "true".
         Primary reference "System.Xml.Serialization, Version=4.0.0.0, Culture=neutral, PublicKeyToken=b77a5c561934e089".
             Resolved file path is "C:\Program Files\dotnet\packs\Microsoft.NETCore.App.Ref\10.0.3\ref\net10.0\System.Xml.Serialization.dll".
             Reference found at search path location "{RawFileName}".
             This reference is not "CopyLocal" because at least one source item had "Private" set to "false" and no source items had "Private" set to "true".
         Primary reference "System.Xml.XDocument, Version=10.0.0.0, Culture=neutral, PublicKeyToken=b03f5f7f11d50a3a".
             Resolved file path is "C:\Program Files\dotnet\packs\Microsoft.NETCore.App.Ref\10.0.3\ref\net10.0\System.Xml.XDocument.dll".
   3:6>Target "AfterBuild" in file "C:\Program Files\dotnet\sdk\10.0.103\Microsoft.Common.CurrentVersion.targets" from project "c:\Apps\TicketConsolidator\tests\TicketConsolidator.UnitTests\TicketConsolidator.UnitTests.csproj" (target "Build" depends on it):
   3:6>Done building target "AfterBuild" in project "TicketConsolidator.UnitTests.csproj".
   6:6>ResolveAssemblyReferences:
             Reference found at search path location "{RawFileName}".
             This reference is not "CopyLocal" because at least one source item had "Private" set to "false" and no source items had "Private" set to "true".
   3:6>Target "_CheckForInvalidConfigurationAndPlatform" skipped. Previously built successfully.
       Target "_CheckForInvalidConfigurationAndPlatform" skipped. Previously built successfully.
   6:6>ResolveAssemblyReferences:
         Primary reference "System.Xml.XPath.XDocument, Version=10.0.0.0, Culture=neutral, PublicKeyToken=b03f5f7f11d50a3a".
             Resolved file path is "C:\Program Files\dotnet\packs\Microsoft.NETCore.App.Ref\10.0.3\ref\net10.0\System.Xml.XPath.XDocument.dll".
             Reference found at search path location "{RawFileName}".
             This reference is not "CopyLocal" because at least one source item had "Private" set to "false" and no source items had "Private" set to "true".
         Primary reference "System.Xml.XPath, Version=10.0.0.0, Culture=neutral, PublicKeyToken=b03f5f7f11d50a3a".
             Resolved file path is "C:\Program Files\dotnet\packs\Microsoft.NETCore.App.Ref\10.0.3\ref\net10.0\System.Xml.XPath.dll".
   3:6>Target "Build" in file "C:\Program Files\dotnet\sdk\10.0.103\Microsoft.Common.CurrentVersion.targets" from project "c:\Apps\TicketConsolidator\tests\TicketConsolidator.UnitTests\TicketConsolidator.UnitTests.csproj" (entry point):
   3:6>Done building target "Build" in project "TicketConsolidator.UnitTests.csproj".
   6:6>ResolveAssemblyReferences:
             Reference found at search path location "{RawFileName}".
             This reference is not "CopyLocal" because at least one source item had "Private" set to "false" and no source items had "Private" set to "true".
         Primary reference "System.Xml.XmlDocument, Version=10.0.0.0, Culture=neutral, PublicKeyToken=b03f5f7f11d50a3a".
             Resolved file path is "C:\Program Files\dotnet\packs\Microsoft.NETCore.App.Ref\10.0.3\ref\net10.0\System.Xml.XmlDocument.dll".
   3:6>Target "_CheckContainersPackage" in file "C:\Program Files\dotnet\sdk\10.0.103\Containers\build\Microsoft.NET.Build.Containers.targets" from project "c:\Apps\TicketConsolidator\tests\TicketConsolidator.UnitTests\TicketConsolidator.UnitTests.csproj" (entry point):
   3:6>Done building target "_CheckContainersPackage" in project "TicketConsolidator.UnitTests.csproj".
   6:6>ResolveAssemblyReferences:
             Reference found at search path location "{RawFileName}".
             This reference is not "CopyLocal" because at least one source item had "Private" set to "false" and no source items had "Private" set to "true".
         Primary reference "System.Xml.XmlSerializer, Version=10.0.0.0, Culture=neutral, PublicKeyToken=b03f5f7f11d50a3a".
             Resolved file path is "C:\Program Files\dotnet\packs\Microsoft.NETCore.App.Ref\10.0.3\ref\net10.0\System.Xml.XmlSerializer.dll".
   3:6>Done Building Project "c:\Apps\TicketConsolidator\tests\TicketConsolidator.UnitTests\TicketConsolidator.UnitTests.csproj" (default targets).
   6:6>ResolveAssemblyReferences:
             Reference found at search path location "{RawFileName}".
             This reference is not "CopyLocal" because at least one source item had "Private" set to "false" and no source items had "Private" set to "true".
         Primary reference "System.Xml, Version=4.0.0.0, Culture=neutral, PublicKeyToken=b77a5c561934e089".
             Resolved file path is "C:\Program Files\dotnet\packs\Microsoft.NETCore.App.Ref\10.0.3\ref\net10.0\System.Xml.dll".
             Reference found at search path location "{RawFileName}".
             This reference is not "CopyLocal" because at least one source item had "Private" set to "false" and no source items had "Private" set to "true".
         Primary reference "System, Version=4.0.0.0, Culture=neutral, PublicKeyToken=b77a5c561934e089".
             Resolved file path is "C:\Program Files\dotnet\packs\Microsoft.NETCore.App.Ref\10.0.3\ref\net10.0\System.dll".
             Reference found at search path location "{RawFileName}".
             This reference is not "CopyLocal" because at least one source item had "Private" set to "false" and no source items had "Private" set to "true".
         Primary reference "mscorlib, Version=4.0.0.0, Culture=neutral, PublicKeyToken=b77a5c561934e089".
             Resolved file path is "C:\Program Files\dotnet\packs\Microsoft.NETCore.App.Ref\10.0.3\ref\net10.0\mscorlib.dll".
             Reference found at search path location "{RawFileName}".
             This reference is not "CopyLocal" because at least one source item had "Private" set to "false" and no source items had "Private" set to "true".
         Primary reference "netstandard, Version=2.1.0.0, Culture=neutral, PublicKeyToken=cc7b13ffcd2ddd51".
             Resolved file path is "C:\Program Files\dotnet\packs\Microsoft.NETCore.App.Ref\10.0.3\ref\net10.0\netstandard.dll".
             Reference found at search path location "{RawFileName}".
             This reference is not "CopyLocal" because at least one source item had "Private" set to "false" and no source items had "Private" set to "true".
         Primary reference "Microsoft.AspNetCore.Antiforgery, Version=10.0.0.0, Culture=neutral, PublicKeyToken=adb9793829ddae60".
             Resolved file path is "C:\Program Files\dotnet\packs\Microsoft.AspNetCore.App.Ref\10.0.3\ref\net10.0\Microsoft.AspNetCore.Antiforgery.dll".
             Reference found at search path location "{RawFileName}".
             This reference is not "CopyLocal" because at least one source item had "Private" set to "false" and no source items had "Private" set to "true".
         Primary reference "Microsoft.AspNetCore.Authentication.Abstractions, Version=10.0.0.0, Culture=neutral, PublicKeyToken=adb9793829ddae60".
             Resolved file path is "C:\Program Files\dotnet\packs\Microsoft.AspNetCore.App.Ref\10.0.3\ref\net10.0\Microsoft.AspNetCore.Authentication.Abstractions.dll".
             Reference found at search path location "{RawFileName}".
             This reference is not "CopyLocal" because at least one source item had "Private" set to "false" and no source items had "Private" set to "true".
         Primary reference "Microsoft.AspNetCore.Authentication.BearerToken, Version=10.0.0.0, Culture=neutral, PublicKeyToken=adb9793829ddae60".
             Resolved file path is "C:\Program Files\dotnet\packs\Microsoft.AspNetCore.App.Ref\10.0.3\ref\net10.0\Microsoft.AspNetCore.Authentication.BearerToken.dll".
             Reference found at search path location "{RawFileName}".
             This reference is not "CopyLocal" because at least one source item had "Private" set to "false" and no source items had "Private" set to "true".
         Primary reference "Microsoft.AspNetCore.Authentication.Cookies, Version=10.0.0.0, Culture=neutral, PublicKeyToken=adb9793829ddae60".
             Resolved file path is "C:\Program Files\dotnet\packs\Microsoft.AspNetCore.App.Ref\10.0.3\ref\net10.0\Microsoft.AspNetCore.Authentication.Cookies.dll".
             Reference found at search path location "{RawFileName}".
             This reference is not "CopyLocal" because at least one source item had "Private" set to "false" and no source items had "Private" set to "true".
         Primary reference "Microsoft.AspNetCore.Authentication.Core, Version=10.0.0.0, Culture=neutral, PublicKeyToken=adb9793829ddae60".
             Resolved file path is "C:\Program Files\dotnet\packs\Microsoft.AspNetCore.App.Ref\10.0.3\ref\net10.0\Microsoft.AspNetCore.Authentication.Core.dll".
             Reference found at search path location "{RawFileName}".
             This reference is not "CopyLocal" because at least one source item had "Private" set to "false" and no source items had "Private" set to "true".
         Primary reference "Microsoft.AspNetCore.Authentication.OAuth, Version=10.0.0.0, Culture=neutral, PublicKeyToken=adb9793829ddae60".
             Resolved file path is "C:\Program Files\dotnet\packs\Microsoft.AspNetCore.App.Ref\10.0.3\ref\net10.0\Microsoft.AspNetCore.Authentication.OAuth.dll".
             Reference found at search path location "{RawFileName}".
             This reference is not "CopyLocal" because at least one source item had "Private" set to "false" and no source items had "Private" set to "true".
         Primary reference "Microsoft.AspNetCore.Authentication, Version=10.0.0.0, Culture=neutral, PublicKeyToken=adb9793829ddae60".
             Resolved file path is "C:\Program Files\dotnet\packs\Microsoft.AspNetCore.App.Ref\10.0.3\ref\net10.0\Microsoft.AspNetCore.Authentication.dll".
             Reference found at search path location "{RawFileName}".
             This reference is not "CopyLocal" because at least one source item had "Private" set to "false" and no source items had "Private" set to "true".
         Primary reference "Microsoft.AspNetCore.Authorization.Policy, Version=10.0.0.0, Culture=neutral, PublicKeyToken=adb9793829ddae60".
             Resolved file path is "C:\Program Files\dotnet\packs\Microsoft.AspNetCore.App.Ref\10.0.3\ref\net10.0\Microsoft.AspNetCore.Authorization.Policy.dll".
             Reference found at search path location "{RawFileName}".
             This reference is not "CopyLocal" because at least one source item had "Private" set to "false" and no source items had "Private" set to "true".
         Primary reference "Microsoft.AspNetCore.Authorization, Version=10.0.0.0, Culture=neutral, PublicKeyToken=adb9793829ddae60".
             Resolved file path is "C:\Program Files\dotnet\packs\Microsoft.AspNetCore.App.Ref\10.0.3\ref\net10.0\Microsoft.AspNetCore.Authorization.dll".
             Reference found at search path location "{RawFileName}".
             This reference is not "CopyLocal" because at least one source item had "Private" set to "false" and no source items had "Private" set to "true".
         Primary reference "Microsoft.AspNetCore.Components.Authorization, Version=10.0.0.0, Culture=neutral, PublicKeyToken=adb9793829ddae60".
             Resolved file path is "C:\Program Files\dotnet\packs\Microsoft.AspNetCore.App.Ref\10.0.3\ref\net10.0\Microsoft.AspNetCore.Components.Authorization.dll".
             Reference found at search path location "{RawFileName}".
             This reference is not "CopyLocal" because at least one source item had "Private" set to "false" and no source items had "Private" set to "true".
         Primary reference "Microsoft.AspNetCore.Components.Endpoints, Version=10.0.0.0, Culture=neutral, PublicKeyToken=adb9793829ddae60".
             Resolved file path is "C:\Program Files\dotnet\packs\Microsoft.AspNetCore.App.Ref\10.0.3\ref\net10.0\Microsoft.AspNetCore.Components.Endpoints.dll".
             Reference found at search path location "{RawFileName}".
             This reference is not "CopyLocal" because at least one source item had "Private" set to "false" and no source items had "Private" set to "true".
         Primary reference "Microsoft.AspNetCore.Components.Forms, Version=10.0.0.0, Culture=neutral, PublicKeyToken=adb9793829ddae60".
             Resolved file path is "C:\Program Files\dotnet\packs\Microsoft.AspNetCore.App.Ref\10.0.3\ref\net10.0\Microsoft.AspNetCore.Components.Forms.dll".
             Reference found at search path location "{RawFileName}".
             This reference is not "CopyLocal" because at least one source item had "Private" set to "false" and no source items had "Private" set to "true".
         Primary reference "Microsoft.AspNetCore.Components.Server, Version=10.0.0.0, Culture=neutral, PublicKeyToken=adb9793829ddae60".
             Resolved file path is "C:\Program Files\dotnet\packs\Microsoft.AspNetCore.App.Ref\10.0.3\ref\net10.0\Microsoft.AspNetCore.Components.Server.dll".
             Reference found at search path location "{RawFileName}".
             This reference is not "CopyLocal" because at least one source item had "Private" set to "false" and no source items had "Private" set to "true".
         Primary reference "Microsoft.AspNetCore.Components.Web, Version=10.0.0.0, Culture=neutral, PublicKeyToken=adb9793829ddae60".
             Resolved file path is "C:\Program Files\dotnet\packs\Microsoft.AspNetCore.App.Ref\10.0.3\ref\net10.0\Microsoft.AspNetCore.Components.Web.dll".
             Reference found at search path location "{RawFileName}".
             This reference is not "CopyLocal" because at least one source item had "Private" set to "false" and no source items had "Private" set to "true".
         Primary reference "Microsoft.AspNetCore.Components, Version=10.0.0.0, Culture=neutral, PublicKeyToken=adb9793829ddae60".
             Resolved file path is "C:\Program Files\dotnet\packs\Microsoft.AspNetCore.App.Ref\10.0.3\ref\net10.0\Microsoft.AspNetCore.Components.dll".
             Reference found at search path location "{RawFileName}".
             This reference is not "CopyLocal" because at least one source item had "Private" set to "false" and no source items had "Private" set to "true".
         Primary reference "Microsoft.AspNetCore.Connections.Abstractions, Version=10.0.0.0, Culture=neutral, PublicKeyToken=adb9793829ddae60".
             Resolved file path is "C:\Program Files\dotnet\packs\Microsoft.AspNetCore.App.Ref\10.0.3\ref\net10.0\Microsoft.AspNetCore.Connections.Abstractions.dll".
             Reference found at search path location "{RawFileName}".
             This reference is not "CopyLocal" because at least one source item had "Private" set to "false" and no source items had "Private" set to "true".
         Primary reference "Microsoft.AspNetCore.CookiePolicy, Version=10.0.0.0, Culture=neutral, PublicKeyToken=adb9793829ddae60".
             Resolved file path is "C:\Program Files\dotnet\packs\Microsoft.AspNetCore.App.Ref\10.0.3\ref\net10.0\Microsoft.AspNetCore.CookiePolicy.dll".
             Reference found at search path location "{RawFileName}".
             This reference is not "CopyLocal" because at least one source item had "Private" set to "false" and no source items had "Private" set to "true".
         Primary reference "Microsoft.AspNetCore.Cors, Version=10.0.0.0, Culture=neutral, PublicKeyToken=adb9793829ddae60".
             Resolved file path is "C:\Program Files\dotnet\packs\Microsoft.AspNetCore.App.Ref\10.0.3\ref\net10.0\Microsoft.AspNetCore.Cors.dll".
             Reference found at search path location "{RawFileName}".
             This reference is not "CopyLocal" because at least one source item had "Private" set to "false" and no source items had "Private" set to "true".
         Primary reference "Microsoft.AspNetCore.Cryptography.Internal, Version=10.0.0.0, Culture=neutral, PublicKeyToken=adb9793829ddae60".
             Resolved file path is "C:\Program Files\dotnet\packs\Microsoft.AspNetCore.App.Ref\10.0.3\ref\net10.0\Microsoft.AspNetCore.Cryptography.Internal.dll".
             Reference found at search path location "{RawFileName}".
             This reference is not "CopyLocal" because at least one source item had "Private" set to "false" and no source items had "Private" set to "true".
         Primary reference "Microsoft.AspNetCore.Cryptography.KeyDerivation, Version=10.0.0.0, Culture=neutral, PublicKeyToken=adb9793829ddae60".
             Resolved file path is "C:\Program Files\dotnet\packs\Microsoft.AspNetCore.App.Ref\10.0.3\ref\net10.0\Microsoft.AspNetCore.Cryptography.KeyDerivation.dll".
             Reference found at search path location "{RawFileName}".
             This reference is not "CopyLocal" because at least one source item had "Private" set to "false" and no source items had "Private" set to "true".
         Primary reference "Microsoft.AspNetCore.DataProtection.Abstractions, Version=10.0.0.0, Culture=neutral, PublicKeyToken=adb9793829ddae60".
             Resolved file path is "C:\Program Files\dotnet\packs\Microsoft.AspNetCore.App.Ref\10.0.3\ref\net10.0\Microsoft.AspNetCore.DataProtection.Abstractions.dll".
             Reference found at search path location "{RawFileName}".
             This reference is not "CopyLocal" because at least one source item had "Private" set to "false" and no source items had "Private" set to "true".
         Primary reference "Microsoft.AspNetCore.DataProtection.Extensions, Version=10.0.0.0, Culture=neutral, PublicKeyToken=adb9793829ddae60".
             Resolved file path is "C:\Program Files\dotnet\packs\Microsoft.AspNetCore.App.Ref\10.0.3\ref\net10.0\Microsoft.AspNetCore.DataProtection.Extensions.dll".
             Reference found at search path location "{RawFileName}".
             This reference is not "CopyLocal" because at least one source item had "Private" set to "false" and no source items had "Private" set to "true".
         Primary reference "Microsoft.AspNetCore.DataProtection, Version=10.0.0.0, Culture=neutral, PublicKeyToken=adb9793829ddae60".
             Resolved file path is "C:\Program Files\dotnet\packs\Microsoft.AspNetCore.App.Ref\10.0.3\ref\net10.0\Microsoft.AspNetCore.DataProtection.dll".
             Reference found at search path location "{RawFileName}".
             This reference is not "CopyLocal" because at least one source item had "Private" set to "false" and no source items had "Private" set to "true".
         Primary reference "Microsoft.AspNetCore.Diagnostics.Abstractions, Version=10.0.0.0, Culture=neutral, PublicKeyToken=adb9793829ddae60".
             Resolved file path is "C:\Program Files\dotnet\packs\Microsoft.AspNetCore.App.Ref\10.0.3\ref\net10.0\Microsoft.AspNetCore.Diagnostics.Abstractions.dll".
             Reference found at search path location "{RawFileName}".
             This reference is not "CopyLocal" because at least one source item had "Private" set to "false" and no source items had "Private" set to "true".
         Primary reference "Microsoft.AspNetCore.Diagnostics.HealthChecks, Version=10.0.0.0, Culture=neutral, PublicKeyToken=adb9793829ddae60".
             Resolved file path is "C:\Program Files\dotnet\packs\Microsoft.AspNetCore.App.Ref\10.0.3\ref\net10.0\Microsoft.AspNetCore.Diagnostics.HealthChecks.dll".
             Reference found at search path location "{RawFileName}".
             This reference is not "CopyLocal" because at least one source item had "Private" set to "false" and no source items had "Private" set to "true".
         Primary reference "Microsoft.AspNetCore.Diagnostics, Version=10.0.0.0, Culture=neutral, PublicKeyToken=adb9793829ddae60".
             Resolved file path is "C:\Program Files\dotnet\packs\Microsoft.AspNetCore.App.Ref\10.0.3\ref\net10.0\Microsoft.AspNetCore.Diagnostics.dll".
             Reference found at search path location "{RawFileName}".
             This reference is not "CopyLocal" because at least one source item had "Private" set to "false" and no source items had "Private" set to "true".
         Primary reference "Microsoft.AspNetCore.HostFiltering, Version=10.0.0.0, Culture=neutral, PublicKeyToken=adb9793829ddae60".
             Resolved file path is "C:\Program Files\dotnet\packs\Microsoft.AspNetCore.App.Ref\10.0.3\ref\net10.0\Microsoft.AspNetCore.HostFiltering.dll".
             Reference found at search path location "{RawFileName}".
             This reference is not "CopyLocal" because at least one source item had "Private" set to "false" and no source items had "Private" set to "true".
         Primary reference "Microsoft.AspNetCore.Hosting.Abstractions, Version=10.0.0.0, Culture=neutral, PublicKeyToken=adb9793829ddae60".
             Resolved file path is "C:\Program Files\dotnet\packs\Microsoft.AspNetCore.App.Ref\10.0.3\ref\net10.0\Microsoft.AspNetCore.Hosting.Abstractions.dll".
             Reference found at search path location "{RawFileName}".
             This reference is not "CopyLocal" because at least one source item had "Private" set to "false" and no source items had "Private" set to "true".
         Primary reference "Microsoft.AspNetCore.Hosting.Server.Abstractions, Version=10.0.0.0, Culture=neutral, PublicKeyToken=adb9793829ddae60".
             Resolved file path is "C:\Program Files\dotnet\packs\Microsoft.AspNetCore.App.Ref\10.0.3\ref\net10.0\Microsoft.AspNetCore.Hosting.Server.Abstractions.dll".
             Reference found at search path location "{RawFileName}".
             This reference is not "CopyLocal" because at least one source item had "Private" set to "false" and no source items had "Private" set to "true".
         Primary reference "Microsoft.AspNetCore.Hosting, Version=10.0.0.0, Culture=neutral, PublicKeyToken=adb9793829ddae60".
             Resolved file path is "C:\Program Files\dotnet\packs\Microsoft.AspNetCore.App.Ref\10.0.3\ref\net10.0\Microsoft.AspNetCore.Hosting.dll".
             Reference found at search path location "{RawFileName}".
             This reference is not "CopyLocal" because at least one source item had "Private" set to "false" and no source items had "Private" set to "true".
         Primary reference "Microsoft.AspNetCore.Html.Abstractions, Version=10.0.0.0, Culture=neutral, PublicKeyToken=adb9793829ddae60".
             Resolved file path is "C:\Program Files\dotnet\packs\Microsoft.AspNetCore.App.Ref\10.0.3\ref\net10.0\Microsoft.AspNetCore.Html.Abstractions.dll".
             Reference found at search path location "{RawFileName}".
             This reference is not "CopyLocal" because at least one source item had "Private" set to "false" and no source items had "Private" set to "true".
         Primary reference "Microsoft.AspNetCore.Http.Abstractions, Version=10.0.0.0, Culture=neutral, PublicKeyToken=adb9793829ddae60".
             Resolved file path is "C:\Program Files\dotnet\packs\Microsoft.AspNetCore.App.Ref\10.0.3\ref\net10.0\Microsoft.AspNetCore.Http.Abstractions.dll".
             Reference found at search path location "{RawFileName}".
             This reference is not "CopyLocal" because at least one source item had "Private" set to "false" and no source items had "Private" set to "true".
         Primary reference "Microsoft.AspNetCore.Http.Connections.Common, Version=10.0.0.0, Culture=neutral, PublicKeyToken=adb9793829ddae60".
             Resolved file path is "C:\Program Files\dotnet\packs\Microsoft.AspNetCore.App.Ref\10.0.3\ref\net10.0\Microsoft.AspNetCore.Http.Connections.Common.dll".
             Reference found at search path location "{RawFileName}".
             This reference is not "CopyLocal" because at least one source item had "Private" set to "false" and no source items had "Private" set to "true".
         Primary reference "Microsoft.AspNetCore.Http.Connections, Version=10.0.0.0, Culture=neutral, PublicKeyToken=adb9793829ddae60".
             Resolved file path is "C:\Program Files\dotnet\packs\Microsoft.AspNetCore.App.Ref\10.0.3\ref\net10.0\Microsoft.AspNetCore.Http.Connections.dll".
             Reference found at search path location "{RawFileName}".
             This reference is not "CopyLocal" because at least one source item had "Private" set to "false" and no source items had "Private" set to "true".
         Primary reference "Microsoft.AspNetCore.Http.Extensions, Version=10.0.0.0, Culture=neutral, PublicKeyToken=adb9793829ddae60".
             Resolved file path is "C:\Program Files\dotnet\packs\Microsoft.AspNetCore.App.Ref\10.0.3\ref\net10.0\Microsoft.AspNetCore.Http.Extensions.dll".
             Reference found at search path location "{RawFileName}".
             This reference is not "CopyLocal" because at least one source item had "Private" set to "false" and no source items had "Private" set to "true".
         Primary reference "Microsoft.AspNetCore.Http.Features, Version=10.0.0.0, Culture=neutral, PublicKeyToken=adb9793829ddae60".
             Resolved file path is "C:\Program Files\dotnet\packs\Microsoft.AspNetCore.App.Ref\10.0.3\ref\net10.0\Microsoft.AspNetCore.Http.Features.dll".
             Reference found at search path location "{RawFileName}".
             This reference is not "CopyLocal" because at least one source item had "Private" set to "false" and no source items had "Private" set to "true".
         Primary reference "Microsoft.AspNetCore.Http.Results, Version=10.0.0.0, Culture=neutral, PublicKeyToken=adb9793829ddae60".
             Resolved file path is "C:\Program Files\dotnet\packs\Microsoft.AspNetCore.App.Ref\10.0.3\ref\net10.0\Microsoft.AspNetCore.Http.Results.dll".
             Reference found at search path location "{RawFileName}".
             This reference is not "CopyLocal" because at least one source item had "Private" set to "false" and no source items had "Private" set to "true".
         Primary reference "Microsoft.AspNetCore.Http, Version=10.0.0.0, Culture=neutral, PublicKeyToken=adb9793829ddae60".
             Resolved file path is "C:\Program Files\dotnet\packs\Microsoft.AspNetCore.App.Ref\10.0.3\ref\net10.0\Microsoft.AspNetCore.Http.dll".
             Reference found at search path location "{RawFileName}".
             This reference is not "CopyLocal" because at least one source item had "Private" set to "false" and no source items had "Private" set to "true".
         Primary reference "Microsoft.AspNetCore.HttpLogging, Version=10.0.0.0, Culture=neutral, PublicKeyToken=adb9793829ddae60".
             Resolved file path is "C:\Program Files\dotnet\packs\Microsoft.AspNetCore.App.Ref\10.0.3\ref\net10.0\Microsoft.AspNetCore.HttpLogging.dll".
             Reference found at search path location "{RawFileName}".
             This reference is not "CopyLocal" because at least one source item had "Private" set to "false" and no source items had "Private" set to "true".
         Primary reference "Microsoft.AspNetCore.HttpOverrides, Version=10.0.0.0, Culture=neutral, PublicKeyToken=adb9793829ddae60".
             Resolved file path is "C:\Program Files\dotnet\packs\Microsoft.AspNetCore.App.Ref\10.0.3\ref\net10.0\Microsoft.AspNetCore.HttpOverrides.dll".
             Reference found at search path location "{RawFileName}".
             This reference is not "CopyLocal" because at least one source item had "Private" set to "false" and no source items had "Private" set to "true".
         Primary reference "Microsoft.AspNetCore.HttpsPolicy, Version=10.0.0.0, Culture=neutral, PublicKeyToken=adb9793829ddae60".
             Resolved file path is "C:\Program Files\dotnet\packs\Microsoft.AspNetCore.App.Ref\10.0.3\ref\net10.0\Microsoft.AspNetCore.HttpsPolicy.dll".
             Reference found at search path location "{RawFileName}".
             This reference is not "CopyLocal" because at least one source item had "Private" set to "false" and no source items had "Private" set to "true".
         Primary reference "Microsoft.AspNetCore.Identity, Version=10.0.0.0, Culture=neutral, PublicKeyToken=adb9793829ddae60".
             Resolved file path is "C:\Program Files\dotnet\packs\Microsoft.AspNetCore.App.Ref\10.0.3\ref\net10.0\Microsoft.AspNetCore.Identity.dll".
             Reference found at search path location "{RawFileName}".
             This reference is not "CopyLocal" because at least one source item had "Private" set to "false" and no source items had "Private" set to "true".
         Primary reference "Microsoft.AspNetCore.Localization.Routing, Version=10.0.0.0, Culture=neutral, PublicKeyToken=adb9793829ddae60".
             Resolved file path is "C:\Program Files\dotnet\packs\Microsoft.AspNetCore.App.Ref\10.0.3\ref\net10.0\Microsoft.AspNetCore.Localization.Routing.dll".
             Reference found at search path location "{RawFileName}".
             This reference is not "CopyLocal" because at least one source item had "Private" set to "false" and no source items had "Private" set to "true".
         Primary reference "Microsoft.AspNetCore.Localization, Version=10.0.0.0, Culture=neutral, PublicKeyToken=adb9793829ddae60".
             Resolved file path is "C:\Program Files\dotnet\packs\Microsoft.AspNetCore.App.Ref\10.0.3\ref\net10.0\Microsoft.AspNetCore.Localization.dll".
             Reference found at search path location "{RawFileName}".
             This reference is not "CopyLocal" because at least one source item had "Private" set to "false" and no source items had "Private" set to "true".
         Primary reference "Microsoft.AspNetCore.Metadata, Version=10.0.0.0, Culture=neutral, PublicKeyToken=adb9793829ddae60".
             Resolved file path is "C:\Program Files\dotnet\packs\Microsoft.AspNetCore.App.Ref\10.0.3\ref\net10.0\Microsoft.AspNetCore.Metadata.dll".
             Reference found at search path location "{RawFileName}".
             This reference is not "CopyLocal" because at least one source item had "Private" set to "false" and no source items had "Private" set to "true".
         Primary reference "Microsoft.AspNetCore.Mvc.Abstractions, Version=10.0.0.0, Culture=neutral, PublicKeyToken=adb9793829ddae60".
             Resolved file path is "C:\Program Files\dotnet\packs\Microsoft.AspNetCore.App.Ref\10.0.3\ref\net10.0\Microsoft.AspNetCore.Mvc.Abstractions.dll".
             Reference found at search path location "{RawFileName}".
             This reference is not "CopyLocal" because at least one source item had "Private" set to "false" and no source items had "Private" set to "true".
         Primary reference "Microsoft.AspNetCore.Mvc.ApiExplorer, Version=10.0.0.0, Culture=neutral, PublicKeyToken=adb9793829ddae60".
             Resolved file path is "C:\Program Files\dotnet\packs\Microsoft.AspNetCore.App.Ref\10.0.3\ref\net10.0\Microsoft.AspNetCore.Mvc.ApiExplorer.dll".
             Reference found at search path location "{RawFileName}".
             This reference is not "CopyLocal" because at least one source item had "Private" set to "false" and no source items had "Private" set to "true".
         Primary reference "Microsoft.AspNetCore.Mvc.Core, Version=10.0.0.0, Culture=neutral, PublicKeyToken=adb9793829ddae60".
             Resolved file path is "C:\Program Files\dotnet\packs\Microsoft.AspNetCore.App.Ref\10.0.3\ref\net10.0\Microsoft.AspNetCore.Mvc.Core.dll".
             Reference found at search path location "{RawFileName}".
             This reference is not "CopyLocal" because at least one source item had "Private" set to "false" and no source items had "Private" set to "true".
         Primary reference "Microsoft.AspNetCore.Mvc.Cors, Version=10.0.0.0, Culture=neutral, PublicKeyToken=adb9793829ddae60".
             Resolved file path is "C:\Program Files\dotnet\packs\Microsoft.AspNetCore.App.Ref\10.0.3\ref\net10.0\Microsoft.AspNetCore.Mvc.Cors.dll".
             Reference found at search path location "{RawFileName}".
             This reference is not "CopyLocal" because at least one source item had "Private" set to "false" and no source items had "Private" set to "true".
         Primary reference "Microsoft.AspNetCore.Mvc.DataAnnotations, Version=10.0.0.0, Culture=neutral, PublicKeyToken=adb9793829ddae60".
             Resolved file path is "C:\Program Files\dotnet\packs\Microsoft.AspNetCore.App.Ref\10.0.3\ref\net10.0\Microsoft.AspNetCore.Mvc.DataAnnotations.dll".
             Reference found at search path location "{RawFileName}".
             This reference is not "CopyLocal" because at least one source item had "Private" set to "false" and no source items had "Private" set to "true".
         Primary reference "Microsoft.AspNetCore.Mvc.Formatters.Json, Version=10.0.0.0, Culture=neutral, PublicKeyToken=adb9793829ddae60".
             Resolved file path is "C:\Program Files\dotnet\packs\Microsoft.AspNetCore.App.Ref\10.0.3\ref\net10.0\Microsoft.AspNetCore.Mvc.Formatters.Json.dll".
             Reference found at search path location "{RawFileName}".
             This reference is not "CopyLocal" because at least one source item had "Private" set to "false" and no source items had "Private" set to "true".
         Primary reference "Microsoft.AspNetCore.Mvc.Formatters.Xml, Version=10.0.0.0, Culture=neutral, PublicKeyToken=adb9793829ddae60".
             Resolved file path is "C:\Program Files\dotnet\packs\Microsoft.AspNetCore.App.Ref\10.0.3\ref\net10.0\Microsoft.AspNetCore.Mvc.Formatters.Xml.dll".
             Reference found at search path location "{RawFileName}".
             This reference is not "CopyLocal" because at least one source item had "Private" set to "false" and no source items had "Private" set to "true".
         Primary reference "Microsoft.AspNetCore.Mvc.Localization, Version=10.0.0.0, Culture=neutral, PublicKeyToken=adb9793829ddae60".
             Resolved file path is "C:\Program Files\dotnet\packs\Microsoft.AspNetCore.App.Ref\10.0.3\ref\net10.0\Microsoft.AspNetCore.Mvc.Localization.dll".
             Reference found at search path location "{RawFileName}".
             This reference is not "CopyLocal" because at least one source item had "Private" set to "false" and no source items had "Private" set to "true".
         Primary reference "Microsoft.AspNetCore.Mvc.Razor, Version=10.0.0.0, Culture=neutral, PublicKeyToken=adb9793829ddae60".
             Resolved file path is "C:\Program Files\dotnet\packs\Microsoft.AspNetCore.App.Ref\10.0.3\ref\net10.0\Microsoft.AspNetCore.Mvc.Razor.dll".
             Reference found at search path location "{RawFileName}".
             This reference is not "CopyLocal" because at least one source item had "Private" set to "false" and no source items had "Private" set to "true".
         Primary reference "Microsoft.AspNetCore.Mvc.RazorPages, Version=10.0.0.0, Culture=neutral, PublicKeyToken=adb9793829ddae60".
             Resolved file path is "C:\Program Files\dotnet\packs\Microsoft.AspNetCore.App.Ref\10.0.3\ref\net10.0\Microsoft.AspNetCore.Mvc.RazorPages.dll".
             Reference found at search path location "{RawFileName}".
             This reference is not "CopyLocal" because at least one source item had "Private" set to "false" and no source items had "Private" set to "true".
         Primary reference "Microsoft.AspNetCore.Mvc.TagHelpers, Version=10.0.0.0, Culture=neutral, PublicKeyToken=adb9793829ddae60".
             Resolved file path is "C:\Program Files\dotnet\packs\Microsoft.AspNetCore.App.Ref\10.0.3\ref\net10.0\Microsoft.AspNetCore.Mvc.TagHelpers.dll".
             Reference found at search path location "{RawFileName}".
             This reference is not "CopyLocal" because at least one source item had "Private" set to "false" and no source items had "Private" set to "true".
         Primary reference "Microsoft.AspNetCore.Mvc.ViewFeatures, Version=10.0.0.0, Culture=neutral, PublicKeyToken=adb9793829ddae60".
             Resolved file path is "C:\Program Files\dotnet\packs\Microsoft.AspNetCore.App.Ref\10.0.3\ref\net10.0\Microsoft.AspNetCore.Mvc.ViewFeatures.dll".
             Reference found at search path location "{RawFileName}".
             This reference is not "CopyLocal" because at least one source item had "Private" set to "false" and no source items had "Private" set to "true".
         Primary reference "Microsoft.AspNetCore.Mvc, Version=10.0.0.0, Culture=neutral, PublicKeyToken=adb9793829ddae60".
             Resolved file path is "C:\Program Files\dotnet\packs\Microsoft.AspNetCore.App.Ref\10.0.3\ref\net10.0\Microsoft.AspNetCore.Mvc.dll".
             Reference found at search path location "{RawFileName}".
             This reference is not "CopyLocal" because at least one source item had "Private" set to "false" and no source items had "Private" set to "true".
         Primary reference "Microsoft.AspNetCore.OutputCaching, Version=10.0.0.0, Culture=neutral, PublicKeyToken=adb9793829ddae60".
             Resolved file path is "C:\Program Files\dotnet\packs\Microsoft.AspNetCore.App.Ref\10.0.3\ref\net10.0\Microsoft.AspNetCore.OutputCaching.dll".
             Reference found at search path location "{RawFileName}".
             This reference is not "CopyLocal" because at least one source item had "Private" set to "false" and no source items had "Private" set to "true".
         Primary reference "Microsoft.AspNetCore.RateLimiting, Version=10.0.0.0, Culture=neutral, PublicKeyToken=adb9793829ddae60".
             Resolved file path is "C:\Program Files\dotnet\packs\Microsoft.AspNetCore.App.Ref\10.0.3\ref\net10.0\Microsoft.AspNetCore.RateLimiting.dll".
             Reference found at search path location "{RawFileName}".
             This reference is not "CopyLocal" because at least one source item had "Private" set to "false" and no source items had "Private" set to "true".
         Primary reference "Microsoft.AspNetCore.Razor.Runtime, Version=10.0.0.0, Culture=neutral, PublicKeyToken=adb9793829ddae60".
             Resolved file path is "C:\Program Files\dotnet\packs\Microsoft.AspNetCore.App.Ref\10.0.3\ref\net10.0\Microsoft.AspNetCore.Razor.Runtime.dll".
             Reference found at search path location "{RawFileName}".
             This reference is not "CopyLocal" because at least one source item had "Private" set to "false" and no source items had "Private" set to "true".
         Primary reference "Microsoft.AspNetCore.Razor, Version=10.0.0.0, Culture=neutral, PublicKeyToken=adb9793829ddae60".
             Resolved file path is "C:\Program Files\dotnet\packs\Microsoft.AspNetCore.App.Ref\10.0.3\ref\net10.0\Microsoft.AspNetCore.Razor.dll".
             Reference found at search path location "{RawFileName}".
             This reference is not "CopyLocal" because at least one source item had "Private" set to "false" and no source items had "Private" set to "true".
         Primary reference "Microsoft.AspNetCore.RequestDecompression, Version=10.0.0.0, Culture=neutral, PublicKeyToken=adb9793829ddae60".
             Resolved file path is "C:\Program Files\dotnet\packs\Microsoft.AspNetCore.App.Ref\10.0.3\ref\net10.0\Microsoft.AspNetCore.RequestDecompression.dll".
             Reference found at search path location "{RawFileName}".
             This reference is not "CopyLocal" because at least one source item had "Private" set to "false" and no source items had "Private" set to "true".
         Primary reference "Microsoft.AspNetCore.ResponseCaching.Abstractions, Version=10.0.0.0, Culture=neutral, PublicKeyToken=adb9793829ddae60".
             Resolved file path is "C:\Program Files\dotnet\packs\Microsoft.AspNetCore.App.Ref\10.0.3\ref\net10.0\Microsoft.AspNetCore.ResponseCaching.Abstractions.dll".
             Reference found at search path location "{RawFileName}".
             This reference is not "CopyLocal" because at least one source item had "Private" set to "false" and no source items had "Private" set to "true".
         Primary reference "Microsoft.AspNetCore.ResponseCaching, Version=10.0.0.0, Culture=neutral, PublicKeyToken=adb9793829ddae60".
             Resolved file path is "C:\Program Files\dotnet\packs\Microsoft.AspNetCore.App.Ref\10.0.3\ref\net10.0\Microsoft.AspNetCore.ResponseCaching.dll".
             Reference found at search path location "{RawFileName}".
             This reference is not "CopyLocal" because at least one source item had "Private" set to "false" and no source items had "Private" set to "true".
         Primary reference "Microsoft.AspNetCore.ResponseCompression, Version=10.0.0.0, Culture=neutral, PublicKeyToken=adb9793829ddae60".
             Resolved file path is "C:\Program Files\dotnet\packs\Microsoft.AspNetCore.App.Ref\10.0.3\ref\net10.0\Microsoft.AspNetCore.ResponseCompression.dll".
             Reference found at search path location "{RawFileName}".
             This reference is not "CopyLocal" because at least one source item had "Private" set to "false" and no source items had "Private" set to "true".
         Primary reference "Microsoft.AspNetCore.Rewrite, Version=10.0.0.0, Culture=neutral, PublicKeyToken=adb9793829ddae60".
             Resolved file path is "C:\Program Files\dotnet\packs\Microsoft.AspNetCore.App.Ref\10.0.3\ref\net10.0\Microsoft.AspNetCore.Rewrite.dll".
             Reference found at search path location "{RawFileName}".
             This reference is not "CopyLocal" because at least one source item had "Private" set to "false" and no source items had "Private" set to "true".
         Primary reference "Microsoft.AspNetCore.Routing.Abstractions, Version=10.0.0.0, Culture=neutral, PublicKeyToken=adb9793829ddae60".
             Resolved file path is "C:\Program Files\dotnet\packs\Microsoft.AspNetCore.App.Ref\10.0.3\ref\net10.0\Microsoft.AspNetCore.Routing.Abstractions.dll".
             Reference found at search path location "{RawFileName}".
             This reference is not "CopyLocal" because at least one source item had "Private" set to "false" and no source items had "Private" set to "true".
         Primary reference "Microsoft.AspNetCore.Routing, Version=10.0.0.0, Culture=neutral, PublicKeyToken=adb9793829ddae60".
             Resolved file path is "C:\Program Files\dotnet\packs\Microsoft.AspNetCore.App.Ref\10.0.3\ref\net10.0\Microsoft.AspNetCore.Routing.dll".
             Reference found at search path location "{RawFileName}".
             This reference is not "CopyLocal" because at least one source item had "Private" set to "false" and no source items had "Private" set to "true".
         Primary reference "Microsoft.AspNetCore.Server.HttpSys, Version=10.0.0.0, Culture=neutral, PublicKeyToken=adb9793829ddae60".
             Resolved file path is "C:\Program Files\dotnet\packs\Microsoft.AspNetCore.App.Ref\10.0.3\ref\net10.0\Microsoft.AspNetCore.Server.HttpSys.dll".
             Reference found at search path location "{RawFileName}".
             This reference is not "CopyLocal" because at least one source item had "Private" set to "false" and no source items had "Private" set to "true".
         Primary reference "Microsoft.AspNetCore.Server.IIS, Version=10.0.0.0, Culture=neutral, PublicKeyToken=adb9793829ddae60".
             Resolved file path is "C:\Program Files\dotnet\packs\Microsoft.AspNetCore.App.Ref\10.0.3\ref\net10.0\Microsoft.AspNetCore.Server.IIS.dll".
             Reference found at search path location "{RawFileName}".
             This reference is not "CopyLocal" because at least one source item had "Private" set to "false" and no source items had "Private" set to "true".
         Primary reference "Microsoft.AspNetCore.Server.IISIntegration, Version=10.0.0.0, Culture=neutral, PublicKeyToken=adb9793829ddae60".
             Resolved file path is "C:\Program Files\dotnet\packs\Microsoft.AspNetCore.App.Ref\10.0.3\ref\net10.0\Microsoft.AspNetCore.Server.IISIntegration.dll".
             Reference found at search path location "{RawFileName}".
             This reference is not "CopyLocal" because at least one source item had "Private" set to "false" and no source items had "Private" set to "true".
         Primary reference "Microsoft.AspNetCore.Server.Kestrel.Core, Version=10.0.0.0, Culture=neutral, PublicKeyToken=adb9793829ddae60".
             Resolved file path is "C:\Program Files\dotnet\packs\Microsoft.AspNetCore.App.Ref\10.0.3\ref\net10.0\Microsoft.AspNetCore.Server.Kestrel.Core.dll".
             Reference found at search path location "{RawFileName}".
             This reference is not "CopyLocal" because at least one source item had "Private" set to "false" and no source items had "Private" set to "true".
         Primary reference "Microsoft.AspNetCore.Server.Kestrel.Transport.NamedPipes, Version=10.0.0.0, Culture=neutral, PublicKeyToken=adb9793829ddae60".
             Resolved file path is "C:\Program Files\dotnet\packs\Microsoft.AspNetCore.App.Ref\10.0.3\ref\net10.0\Microsoft.AspNetCore.Server.Kestrel.Transport.NamedPipes.dll".
             Reference found at search path location "{RawFileName}".
             This reference is not "CopyLocal" because at least one source item had "Private" set to "false" and no source items had "Private" set to "true".
         Primary reference "Microsoft.AspNetCore.Server.Kestrel.Transport.Quic, Version=10.0.0.0, Culture=neutral, PublicKeyToken=adb9793829ddae60".
             Resolved file path is "C:\Program Files\dotnet\packs\Microsoft.AspNetCore.App.Ref\10.0.3\ref\net10.0\Microsoft.AspNetCore.Server.Kestrel.Transport.Quic.dll".
             Reference found at search path location "{RawFileName}".
             This reference is not "CopyLocal" because at least one source item had "Private" set to "false" and no source items had "Private" set to "true".
         Primary reference "Microsoft.AspNetCore.Server.Kestrel.Transport.Sockets, Version=10.0.0.0, Culture=neutral, PublicKeyToken=adb9793829ddae60".
             Resolved file path is "C:\Program Files\dotnet\packs\Microsoft.AspNetCore.App.Ref\10.0.3\ref\net10.0\Microsoft.AspNetCore.Server.Kestrel.Transport.Sockets.dll".
             Reference found at search path location "{RawFileName}".
             This reference is not "CopyLocal" because at least one source item had "Private" set to "false" and no source items had "Private" set to "true".
         Primary reference "Microsoft.AspNetCore.Server.Kestrel, Version=10.0.0.0, Culture=neutral, PublicKeyToken=adb9793829ddae60".
             Resolved file path is "C:\Program Files\dotnet\packs\Microsoft.AspNetCore.App.Ref\10.0.3\ref\net10.0\Microsoft.AspNetCore.Server.Kestrel.dll".
             Reference found at search path location "{RawFileName}".
             This reference is not "CopyLocal" because at least one source item had "Private" set to "false" and no source items had "Private" set to "true".
         Primary reference "Microsoft.AspNetCore.Session, Version=10.0.0.0, Culture=neutral, PublicKeyToken=adb9793829ddae60".
             Resolved file path is "C:\Program Files\dotnet\packs\Microsoft.AspNetCore.App.Ref\10.0.3\ref\net10.0\Microsoft.AspNetCore.Session.dll".
             Reference found at search path location "{RawFileName}".
             This reference is not "CopyLocal" because at least one source item had "Private" set to "false" and no source items had "Private" set to "true".
         Primary reference "Microsoft.AspNetCore.SignalR.Common, Version=10.0.0.0, Culture=neutral, PublicKeyToken=adb9793829ddae60".
             Resolved file path is "C:\Program Files\dotnet\packs\Microsoft.AspNetCore.App.Ref\10.0.3\ref\net10.0\Microsoft.AspNetCore.SignalR.Common.dll".
             Reference found at search path location "{RawFileName}".
             This reference is not "CopyLocal" because at least one source item had "Private" set to "false" and no source items had "Private" set to "true".
         Primary reference "Microsoft.AspNetCore.SignalR.Core, Version=10.0.0.0, Culture=neutral, PublicKeyToken=adb9793829ddae60".
             Resolved file path is "C:\Program Files\dotnet\packs\Microsoft.AspNetCore.App.Ref\10.0.3\ref\net10.0\Microsoft.AspNetCore.SignalR.Core.dll".
             Reference found at search path location "{RawFileName}".
             This reference is not "CopyLocal" because at least one source item had "Private" set to "false" and no source items had "Private" set to "true".
         Primary reference "Microsoft.AspNetCore.SignalR.Protocols.Json, Version=10.0.0.0, Culture=neutral, PublicKeyToken=adb9793829ddae60".
             Resolved file path is "C:\Program Files\dotnet\packs\Microsoft.AspNetCore.App.Ref\10.0.3\ref\net10.0\Microsoft.AspNetCore.SignalR.Protocols.Json.dll".
             Reference found at search path location "{RawFileName}".
             This reference is not "CopyLocal" because at least one source item had "Private" set to "false" and no source items had "Private" set to "true".
         Primary reference "Microsoft.AspNetCore.SignalR, Version=10.0.0.0, Culture=neutral, PublicKeyToken=adb9793829ddae60".
             Resolved file path is "C:\Program Files\dotnet\packs\Microsoft.AspNetCore.App.Ref\10.0.3\ref\net10.0\Microsoft.AspNetCore.SignalR.dll".
             Reference found at search path location "{RawFileName}".
             This reference is not "CopyLocal" because at least one source item had "Private" set to "false" and no source items had "Private" set to "true".
         Primary reference "Microsoft.AspNetCore.StaticAssets, Version=10.0.0.0, Culture=neutral, PublicKeyToken=adb9793829ddae60".
             Resolved file path is "C:\Program Files\dotnet\packs\Microsoft.AspNetCore.App.Ref\10.0.3\ref\net10.0\Microsoft.AspNetCore.StaticAssets.dll".
             Reference found at search path location "{RawFileName}".
             This reference is not "CopyLocal" because at least one source item had "Private" set to "false" and no source items had "Private" set to "true".
         Primary reference "Microsoft.AspNetCore.StaticFiles, Version=10.0.0.0, Culture=neutral, PublicKeyToken=adb9793829ddae60".
             Resolved file path is "C:\Program Files\dotnet\packs\Microsoft.AspNetCore.App.Ref\10.0.3\ref\net10.0\Microsoft.AspNetCore.StaticFiles.dll".
             Reference found at search path location "{RawFileName}".
             This reference is not "CopyLocal" because at least one source item had "Private" set to "false" and no source items had "Private" set to "true".
         Primary reference "Microsoft.AspNetCore.WebSockets, Version=10.0.0.0, Culture=neutral, PublicKeyToken=adb9793829ddae60".
             Resolved file path is "C:\Program Files\dotnet\packs\Microsoft.AspNetCore.App.Ref\10.0.3\ref\net10.0\Microsoft.AspNetCore.WebSockets.dll".
             Reference found at search path location "{RawFileName}".
             This reference is not "CopyLocal" because at least one source item had "Private" set to "false" and no source items had "Private" set to "true".
         Primary reference "Microsoft.AspNetCore.WebUtilities, Version=10.0.0.0, Culture=neutral, PublicKeyToken=adb9793829ddae60".
             Resolved file path is "C:\Program Files\dotnet\packs\Microsoft.AspNetCore.App.Ref\10.0.3\ref\net10.0\Microsoft.AspNetCore.WebUtilities.dll".
             Reference found at search path location "{RawFileName}".
             This reference is not "CopyLocal" because at least one source item had "Private" set to "false" and no source items had "Private" set to "true".
         Primary reference "Microsoft.AspNetCore, Version=10.0.0.0, Culture=neutral, PublicKeyToken=adb9793829ddae60".
             Resolved file path is "C:\Program Files\dotnet\packs\Microsoft.AspNetCore.App.Ref\10.0.3\ref\net10.0\Microsoft.AspNetCore.dll".
             Reference found at search path location "{RawFileName}".
             This reference is not "CopyLocal" because at least one source item had "Private" set to "false" and no source items had "Private" set to "true".
         Primary reference "Microsoft.Extensions.Caching.Abstractions, Version=10.0.0.0, Culture=neutral, PublicKeyToken=adb9793829ddae60".
             Resolved file path is "C:\Program Files\dotnet\packs\Microsoft.AspNetCore.App.Ref\10.0.3\ref\net10.0\Microsoft.Extensions.Caching.Abstractions.dll".
             Reference found at search path location "{RawFileName}".
             This reference is not "CopyLocal" because at least one source item had "Private" set to "false" and no source items had "Private" set to "true".
         Primary reference "Microsoft.Extensions.Caching.Memory, Version=10.0.0.0, Culture=neutral, PublicKeyToken=adb9793829ddae60".
             Resolved file path is "C:\Program Files\dotnet\packs\Microsoft.AspNetCore.App.Ref\10.0.3\ref\net10.0\Microsoft.Extensions.Caching.Memory.dll".
             Reference found at search path location "{RawFileName}".
             This reference is not "CopyLocal" because at least one source item had "Private" set to "false" and no source items had "Private" set to "true".
         Primary reference "Microsoft.Extensions.Configuration.Abstractions, Version=10.0.0.0, Culture=neutral, PublicKeyToken=adb9793829ddae60".
             Resolved file path is "C:\Program Files\dotnet\packs\Microsoft.AspNetCore.App.Ref\10.0.3\ref\net10.0\Microsoft.Extensions.Configuration.Abstractions.dll".
             Reference found at search path location "{RawFileName}".
             This reference is not "CopyLocal" because at least one source item had "Private" set to "false" and no source items had "Private" set to "true".
         Primary reference "Microsoft.Extensions.Configuration.Binder, Version=10.0.0.0, Culture=neutral, PublicKeyToken=adb9793829ddae60".
             Resolved file path is "C:\Program Files\dotnet\packs\Microsoft.AspNetCore.App.Ref\10.0.3\ref\net10.0\Microsoft.Extensions.Configuration.Binder.dll".
             Reference found at search path location "{RawFileName}".
             This reference is not "CopyLocal" because at least one source item had "Private" set to "false" and no source items had "Private" set to "true".
         Primary reference "Microsoft.Extensions.Configuration.CommandLine, Version=10.0.0.0, Culture=neutral, PublicKeyToken=adb9793829ddae60".
             Resolved file path is "C:\Program Files\dotnet\packs\Microsoft.AspNetCore.App.Ref\10.0.3\ref\net10.0\Microsoft.Extensions.Configuration.CommandLine.dll".
             Reference found at search path location "{RawFileName}".
             This reference is not "CopyLocal" because at least one source item had "Private" set to "false" and no source items had "Private" set to "true".
         Primary reference "Microsoft.Extensions.Configuration.EnvironmentVariables, Version=10.0.0.0, Culture=neutral, PublicKeyToken=adb9793829ddae60".
             Resolved file path is "C:\Program Files\dotnet\packs\Microsoft.AspNetCore.App.Ref\10.0.3\ref\net10.0\Microsoft.Extensions.Configuration.EnvironmentVariables.dll".
             Reference found at search path location "{RawFileName}".
             This reference is not "CopyLocal" because at least one source item had "Private" set to "false" and no source items had "Private" set to "true".
         Primary reference "Microsoft.Extensions.Configuration.FileExtensions, Version=10.0.0.0, Culture=neutral, PublicKeyToken=adb9793829ddae60".
             Resolved file path is "C:\Program Files\dotnet\packs\Microsoft.AspNetCore.App.Ref\10.0.3\ref\net10.0\Microsoft.Extensions.Configuration.FileExtensions.dll".
             Reference found at search path location "{RawFileName}".
             This reference is not "CopyLocal" because at least one source item had "Private" set to "false" and no source items had "Private" set to "true".
         Primary reference "Microsoft.Extensions.Configuration.Ini, Version=10.0.0.0, Culture=neutral, PublicKeyToken=adb9793829ddae60".
             Resolved file path is "C:\Program Files\dotnet\packs\Microsoft.AspNetCore.App.Ref\10.0.3\ref\net10.0\Microsoft.Extensions.Configuration.Ini.dll".
             Reference found at search path location "{RawFileName}".
             This reference is not "CopyLocal" because at least one source item had "Private" set to "false" and no source items had "Private" set to "true".
         Primary reference "Microsoft.Extensions.Configuration.Json, Version=10.0.0.0, Culture=neutral, PublicKeyToken=adb9793829ddae60".
             Resolved file path is "C:\Program Files\dotnet\packs\Microsoft.AspNetCore.App.Ref\10.0.3\ref\net10.0\Microsoft.Extensions.Configuration.Json.dll".
             Reference found at search path location "{RawFileName}".
             This reference is not "CopyLocal" because at least one source item had "Private" set to "false" and no source items had "Private" set to "true".
         Primary reference "Microsoft.Extensions.Configuration.KeyPerFile, Version=10.0.0.0, Culture=neutral, PublicKeyToken=adb9793829ddae60".
             Resolved file path is "C:\Program Files\dotnet\packs\Microsoft.AspNetCore.App.Ref\10.0.3\ref\net10.0\Microsoft.Extensions.Configuration.KeyPerFile.dll".
             Reference found at search path location "{RawFileName}".
             This reference is not "CopyLocal" because at least one source item had "Private" set to "false" and no source items had "Private" set to "true".
         Primary reference "Microsoft.Extensions.Configuration.UserSecrets, Version=10.0.0.0, Culture=neutral, PublicKeyToken=adb9793829ddae60".
             Resolved file path is "C:\Program Files\dotnet\packs\Microsoft.AspNetCore.App.Ref\10.0.3\ref\net10.0\Microsoft.Extensions.Configuration.UserSecrets.dll".
             Reference found at search path location "{RawFileName}".
             This reference is not "CopyLocal" because at least one source item had "Private" set to "false" and no source items had "Private" set to "true".
         Primary reference "Microsoft.Extensions.Configuration.Xml, Version=10.0.0.0, Culture=neutral, PublicKeyToken=adb9793829ddae60".
             Resolved file path is "C:\Program Files\dotnet\packs\Microsoft.AspNetCore.App.Ref\10.0.3\ref\net10.0\Microsoft.Extensions.Configuration.Xml.dll".
             Reference found at search path location "{RawFileName}".
             This reference is not "CopyLocal" because at least one source item had "Private" set to "false" and no source items had "Private" set to "true".
         Primary reference "Microsoft.Extensions.Configuration, Version=10.0.0.0, Culture=neutral, PublicKeyToken=adb9793829ddae60".
             Resolved file path is "C:\Program Files\dotnet\packs\Microsoft.AspNetCore.App.Ref\10.0.3\ref\net10.0\Microsoft.Extensions.Configuration.dll".
             Reference found at search path location "{RawFileName}".
             This reference is not "CopyLocal" because at least one source item had "Private" set to "false" and no source items had "Private" set to "true".
         Primary reference "Microsoft.Extensions.DependencyInjection.Abstractions, Version=10.0.0.0, Culture=neutral, PublicKeyToken=adb9793829ddae60".
             Resolved file path is "C:\Program Files\dotnet\packs\Microsoft.AspNetCore.App.Ref\10.0.3\ref\net10.0\Microsoft.Extensions.DependencyInjection.Abstractions.dll".
             Reference found at search path location "{RawFileName}".
             This reference is not "CopyLocal" because at least one source item had "Private" set to "false" and no source items had "Private" set to "true".
         Primary reference "Microsoft.Extensions.DependencyInjection, Version=10.0.0.0, Culture=neutral, PublicKeyToken=adb9793829ddae60".
             Resolved file path is "C:\Program Files\dotnet\packs\Microsoft.AspNetCore.App.Ref\10.0.3\ref\net10.0\Microsoft.Extensions.DependencyInjection.dll".
             Reference found at search path location "{RawFileName}".
             This reference is not "CopyLocal" because at least one source item had "Private" set to "false" and no source items had "Private" set to "true".
         Primary reference "Microsoft.Extensions.Diagnostics.Abstractions, Version=10.0.0.0, Culture=neutral, PublicKeyToken=adb9793829ddae60".
             Resolved file path is "C:\Program Files\dotnet\packs\Microsoft.AspNetCore.App.Ref\10.0.3\ref\net10.0\Microsoft.Extensions.Diagnostics.Abstractions.dll".
             Reference found at search path location "{RawFileName}".
             This reference is not "CopyLocal" because at least one source item had "Private" set to "false" and no source items had "Private" set to "true".
         Primary reference "Microsoft.Extensions.Diagnostics.HealthChecks.Abstractions, Version=10.0.0.0, Culture=neutral, PublicKeyToken=adb9793829ddae60".
             Resolved file path is "C:\Program Files\dotnet\packs\Microsoft.AspNetCore.App.Ref\10.0.3\ref\net10.0\Microsoft.Extensions.Diagnostics.HealthChecks.Abstractions.dll".
             Reference found at search path location "{RawFileName}".
             This reference is not "CopyLocal" because at least one source item had "Private" set to "false" and no source items had "Private" set to "true".
         Primary reference "Microsoft.Extensions.Diagnostics.HealthChecks, Version=10.0.0.0, Culture=neutral, PublicKeyToken=adb9793829ddae60".
             Resolved file path is "C:\Program Files\dotnet\packs\Microsoft.AspNetCore.App.Ref\10.0.3\ref\net10.0\Microsoft.Extensions.Diagnostics.HealthChecks.dll".
             Reference found at search path location "{RawFileName}".
             This reference is not "CopyLocal" because at least one source item had "Private" set to "false" and no source items had "Private" set to "true".
         Primary reference "Microsoft.Extensions.Diagnostics, Version=10.0.0.0, Culture=neutral, PublicKeyToken=adb9793829ddae60".
             Resolved file path is "C:\Program Files\dotnet\packs\Microsoft.AspNetCore.App.Ref\10.0.3\ref\net10.0\Microsoft.Extensions.Diagnostics.dll".
             Reference found at search path location "{RawFileName}".
             This reference is not "CopyLocal" because at least one source item had "Private" set to "false" and no source items had "Private" set to "true".
         Primary reference "Microsoft.Extensions.Features, Version=10.0.0.0, Culture=neutral, PublicKeyToken=adb9793829ddae60".
             Resolved file path is "C:\Program Files\dotnet\packs\Microsoft.AspNetCore.App.Ref\10.0.3\ref\net10.0\Microsoft.Extensions.Features.dll".
             Reference found at search path location "{RawFileName}".
             This reference is not "CopyLocal" because at least one source item had "Private" set to "false" and no source items had "Private" set to "true".
         Primary reference "Microsoft.Extensions.FileProviders.Abstractions, Version=10.0.0.0, Culture=neutral, PublicKeyToken=adb9793829ddae60".
             Resolved file path is "C:\Program Files\dotnet\packs\Microsoft.AspNetCore.App.Ref\10.0.3\ref\net10.0\Microsoft.Extensions.FileProviders.Abstractions.dll".
             Reference found at search path location "{RawFileName}".
             This reference is not "CopyLocal" because at least one source item had "Private" set to "false" and no source items had "Private" set to "true".
         Primary reference "Microsoft.Extensions.FileProviders.Composite, Version=10.0.0.0, Culture=neutral, PublicKeyToken=adb9793829ddae60".
             Resolved file path is "C:\Program Files\dotnet\packs\Microsoft.AspNetCore.App.Ref\10.0.3\ref\net10.0\Microsoft.Extensions.FileProviders.Composite.dll".
             Reference found at search path location "{RawFileName}".
             This reference is not "CopyLocal" because at least one source item had "Private" set to "false" and no source items had "Private" set to "true".
         Primary reference "Microsoft.Extensions.FileProviders.Embedded, Version=10.0.0.0, Culture=neutral, PublicKeyToken=adb9793829ddae60".
             Resolved file path is "C:\Program Files\dotnet\packs\Microsoft.AspNetCore.App.Ref\10.0.3\ref\net10.0\Microsoft.Extensions.FileProviders.Embedded.dll".
             Reference found at search path location "{RawFileName}".
             This reference is not "CopyLocal" because at least one source item had "Private" set to "false" and no source items had "Private" set to "true".
         Primary reference "Microsoft.Extensions.FileProviders.Physical, Version=10.0.0.0, Culture=neutral, PublicKeyToken=adb9793829ddae60".
             Resolved file path is "C:\Program Files\dotnet\packs\Microsoft.AspNetCore.App.Ref\10.0.3\ref\net10.0\Microsoft.Extensions.FileProviders.Physical.dll".
             Reference found at search path location "{RawFileName}".
             This reference is not "CopyLocal" because at least one source item had "Private" set to "false" and no source items had "Private" set to "true".
         Primary reference "Microsoft.Extensions.FileSystemGlobbing, Version=10.0.0.0, Culture=neutral, PublicKeyToken=adb9793829ddae60".
             Resolved file path is "C:\Program Files\dotnet\packs\Microsoft.AspNetCore.App.Ref\10.0.3\ref\net10.0\Microsoft.Extensions.FileSystemGlobbing.dll".
             Reference found at search path location "{RawFileName}".
             This reference is not "CopyLocal" because at least one source item had "Private" set to "false" and no source items had "Private" set to "true".
         Primary reference "Microsoft.Extensions.Hosting.Abstractions, Version=10.0.0.0, Culture=neutral, PublicKeyToken=adb9793829ddae60".
             Resolved file path is "C:\Program Files\dotnet\packs\Microsoft.AspNetCore.App.Ref\10.0.3\ref\net10.0\Microsoft.Extensions.Hosting.Abstractions.dll".
             Reference found at search path location "{RawFileName}".
             This reference is not "CopyLocal" because at least one source item had "Private" set to "false" and no source items had "Private" set to "true".
         Primary reference "Microsoft.Extensions.Hosting, Version=10.0.0.0, Culture=neutral, PublicKeyToken=adb9793829ddae60".
             Resolved file path is "C:\Program Files\dotnet\packs\Microsoft.AspNetCore.App.Ref\10.0.3\ref\net10.0\Microsoft.Extensions.Hosting.dll".
             Reference found at search path location "{RawFileName}".
             This reference is not "CopyLocal" because at least one source item had "Private" set to "false" and no source items had "Private" set to "true".
         Primary reference "Microsoft.Extensions.Http, Version=10.0.0.0, Culture=neutral, PublicKeyToken=adb9793829ddae60".
             Resolved file path is "C:\Program Files\dotnet\packs\Microsoft.AspNetCore.App.Ref\10.0.3\ref\net10.0\Microsoft.Extensions.Http.dll".
             Reference found at search path location "{RawFileName}".
             This reference is not "CopyLocal" because at least one source item had "Private" set to "false" and no source items had "Private" set to "true".
         Primary reference "Microsoft.Extensions.Identity.Core, Version=10.0.0.0, Culture=neutral, PublicKeyToken=adb9793829ddae60".
             Resolved file path is "C:\Program Files\dotnet\packs\Microsoft.AspNetCore.App.Ref\10.0.3\ref\net10.0\Microsoft.Extensions.Identity.Core.dll".
             Reference found at search path location "{RawFileName}".
             This reference is not "CopyLocal" because at least one source item had "Private" set to "false" and no source items had "Private" set to "true".
         Primary reference "Microsoft.Extensions.Identity.Stores, Version=10.0.0.0, Culture=neutral, PublicKeyToken=adb9793829ddae60".
             Resolved file path is "C:\Program Files\dotnet\packs\Microsoft.AspNetCore.App.Ref\10.0.3\ref\net10.0\Microsoft.Extensions.Identity.Stores.dll".
             Reference found at search path location "{RawFileName}".
             This reference is not "CopyLocal" because at least one source item had "Private" set to "false" and no source items had "Private" set to "true".
         Primary reference "Microsoft.Extensions.Localization.Abstractions, Version=10.0.0.0, Culture=neutral, PublicKeyToken=adb9793829ddae60".
             Resolved file path is "C:\Program Files\dotnet\packs\Microsoft.AspNetCore.App.Ref\10.0.3\ref\net10.0\Microsoft.Extensions.Localization.Abstractions.dll".
             Reference found at search path location "{RawFileName}".
             This reference is not "CopyLocal" because at least one source item had "Private" set to "false" and no source items had "Private" set to "true".
         Primary reference "Microsoft.Extensions.Localization, Version=10.0.0.0, Culture=neutral, PublicKeyToken=adb9793829ddae60".
             Resolved file path is "C:\Program Files\dotnet\packs\Microsoft.AspNetCore.App.Ref\10.0.3\ref\net10.0\Microsoft.Extensions.Localization.dll".
             Reference found at search path location "{RawFileName}".
             This reference is not "CopyLocal" because at least one source item had "Private" set to "false" and no source items had "Private" set to "true".
         Primary reference "Microsoft.Extensions.Logging.Abstractions, Version=10.0.0.0, Culture=neutral, PublicKeyToken=adb9793829ddae60".
             Resolved file path is "C:\Program Files\dotnet\packs\Microsoft.AspNetCore.App.Ref\10.0.3\ref\net10.0\Microsoft.Extensions.Logging.Abstractions.dll".
             Reference found at search path location "{RawFileName}".
             This reference is not "CopyLocal" because at least one source item had "Private" set to "false" and no source items had "Private" set to "true".
         Primary reference "Microsoft.Extensions.Logging.Configuration, Version=10.0.0.0, Culture=neutral, PublicKeyToken=adb9793829ddae60".
             Resolved file path is "C:\Program Files\dotnet\packs\Microsoft.AspNetCore.App.Ref\10.0.3\ref\net10.0\Microsoft.Extensions.Logging.Configuration.dll".
             Reference found at search path location "{RawFileName}".
             This reference is not "CopyLocal" because at least one source item had "Private" set to "false" and no source items had "Private" set to "true".
         Primary reference "Microsoft.Extensions.Logging.Console, Version=10.0.0.0, Culture=neutral, PublicKeyToken=adb9793829ddae60".
             Resolved file path is "C:\Program Files\dotnet\packs\Microsoft.AspNetCore.App.Ref\10.0.3\ref\net10.0\Microsoft.Extensions.Logging.Console.dll".
             Reference found at search path location "{RawFileName}".
             This reference is not "CopyLocal" because at least one source item had "Private" set to "false" and no source items had "Private" set to "true".
         Primary reference "Microsoft.Extensions.Logging.Debug, Version=10.0.0.0, Culture=neutral, PublicKeyToken=adb9793829ddae60".
             Resolved file path is "C:\Program Files\dotnet\packs\Microsoft.AspNetCore.App.Ref\10.0.3\ref\net10.0\Microsoft.Extensions.Logging.Debug.dll".
             Reference found at search path location "{RawFileName}".
             This reference is not "CopyLocal" because at least one source item had "Private" set to "false" and no source items had "Private" set to "true".
         Primary reference "Microsoft.Extensions.Logging.EventLog, Version=10.0.0.0, Culture=neutral, PublicKeyToken=adb9793829ddae60".
             Resolved file path is "C:\Program Files\dotnet\packs\Microsoft.AspNetCore.App.Ref\10.0.3\ref\net10.0\Microsoft.Extensions.Logging.EventLog.dll".
             Reference found at search path location "{RawFileName}".
             This reference is not "CopyLocal" because at least one source item had "Private" set to "false" and no source items had "Private" set to "true".
         Primary reference "Microsoft.Extensions.Logging.EventSource, Version=10.0.0.0, Culture=neutral, PublicKeyToken=adb9793829ddae60".
             Resolved file path is "C:\Program Files\dotnet\packs\Microsoft.AspNetCore.App.Ref\10.0.3\ref\net10.0\Microsoft.Extensions.Logging.EventSource.dll".
             Reference found at search path location "{RawFileName}".
             This reference is not "CopyLocal" because at least one source item had "Private" set to "false" and no source items had "Private" set to "true".
         Primary reference "Microsoft.Extensions.Logging.TraceSource, Version=10.0.0.0, Culture=neutral, PublicKeyToken=adb9793829ddae60".
             Resolved file path is "C:\Program Files\dotnet\packs\Microsoft.AspNetCore.App.Ref\10.0.3\ref\net10.0\Microsoft.Extensions.Logging.TraceSource.dll".
             Reference found at search path location "{RawFileName}".
             This reference is not "CopyLocal" because at least one source item had "Private" set to "false" and no source items had "Private" set to "true".
         Primary reference "Microsoft.Extensions.Logging, Version=10.0.0.0, Culture=neutral, PublicKeyToken=adb9793829ddae60".
             Resolved file path is "C:\Program Files\dotnet\packs\Microsoft.AspNetCore.App.Ref\10.0.3\ref\net10.0\Microsoft.Extensions.Logging.dll".
             Reference found at search path location "{RawFileName}".
             This reference is not "CopyLocal" because at least one source item had "Private" set to "false" and no source items had "Private" set to "true".
         Primary reference "Microsoft.Extensions.ObjectPool, Version=10.0.0.0, Culture=neutral, PublicKeyToken=adb9793829ddae60".
             Resolved file path is "C:\Program Files\dotnet\packs\Microsoft.AspNetCore.App.Ref\10.0.3\ref\net10.0\Microsoft.Extensions.ObjectPool.dll".
             Reference found at search path location "{RawFileName}".
             This reference is not "CopyLocal" because at least one source item had "Private" set to "false" and no source items had "Private" set to "true".
         Primary reference "Microsoft.Extensions.Options.ConfigurationExtensions, Version=10.0.0.0, Culture=neutral, PublicKeyToken=adb9793829ddae60".
             Resolved file path is "C:\Program Files\dotnet\packs\Microsoft.AspNetCore.App.Ref\10.0.3\ref\net10.0\Microsoft.Extensions.Options.ConfigurationExtensions.dll".
             Reference found at search path location "{RawFileName}".
             This reference is not "CopyLocal" because at least one source item had "Private" set to "false" and no source items had "Private" set to "true".
         Primary reference "Microsoft.Extensions.Options.DataAnnotations, Version=10.0.0.0, Culture=neutral, PublicKeyToken=adb9793829ddae60".
             Resolved file path is "C:\Program Files\dotnet\packs\Microsoft.AspNetCore.App.Ref\10.0.3\ref\net10.0\Microsoft.Extensions.Options.DataAnnotations.dll".
             Reference found at search path location "{RawFileName}".
             This reference is not "CopyLocal" because at least one source item had "Private" set to "false" and no source items had "Private" set to "true".
         Primary reference "Microsoft.Extensions.Options, Version=10.0.0.0, Culture=neutral, PublicKeyToken=adb9793829ddae60".
             Resolved file path is "C:\Program Files\dotnet\packs\Microsoft.AspNetCore.App.Ref\10.0.3\ref\net10.0\Microsoft.Extensions.Options.dll".
             Reference found at search path location "{RawFileName}".
             This reference is not "CopyLocal" because at least one source item had "Private" set to "false" and no source items had "Private" set to "true".
         Primary reference "Microsoft.Extensions.Primitives, Version=10.0.0.0, Culture=neutral, PublicKeyToken=adb9793829ddae60".
             Resolved file path is "C:\Program Files\dotnet\packs\Microsoft.AspNetCore.App.Ref\10.0.3\ref\net10.0\Microsoft.Extensions.Primitives.dll".
             Reference found at search path location "{RawFileName}".
             This reference is not "CopyLocal" because at least one source item had "Private" set to "false" and no source items had "Private" set to "true".
         Primary reference "Microsoft.Extensions.Validation, Version=10.0.0.0, Culture=neutral, PublicKeyToken=adb9793829ddae60".
             Resolved file path is "C:\Program Files\dotnet\packs\Microsoft.AspNetCore.App.Ref\10.0.3\ref\net10.0\Microsoft.Extensions.Validation.dll".
             Reference found at search path location "{RawFileName}".
             This reference is not "CopyLocal" because at least one source item had "Private" set to "false" and no source items had "Private" set to "true".
         Primary reference "Microsoft.Extensions.WebEncoders, Version=10.0.0.0, Culture=neutral, PublicKeyToken=adb9793829ddae60".
             Resolved file path is "C:\Program Files\dotnet\packs\Microsoft.AspNetCore.App.Ref\10.0.3\ref\net10.0\Microsoft.Extensions.WebEncoders.dll".
             Reference found at search path location "{RawFileName}".
             This reference is not "CopyLocal" because at least one source item had "Private" set to "false" and no source items had "Private" set to "true".
         Primary reference "Microsoft.JSInterop, Version=10.0.0.0, Culture=neutral, PublicKeyToken=adb9793829ddae60".
             Resolved file path is "C:\Program Files\dotnet\packs\Microsoft.AspNetCore.App.Ref\10.0.3\ref\net10.0\Microsoft.JSInterop.dll".
             Reference found at search path location "{RawFileName}".
             This reference is not "CopyLocal" because at least one source item had "Private" set to "false" and no source items had "Private" set to "true".
         Primary reference "Microsoft.Net.Http.Headers, Version=10.0.0.0, Culture=neutral, PublicKeyToken=adb9793829ddae60".
             Resolved file path is "C:\Program Files\dotnet\packs\Microsoft.AspNetCore.App.Ref\10.0.3\ref\net10.0\Microsoft.Net.Http.Headers.dll".
             Reference found at search path location "{RawFileName}".
             This reference is not "CopyLocal" because at least one source item had "Private" set to "false" and no source items had "Private" set to "true".
         Primary reference "System.Diagnostics.EventLog, Version=10.0.0.0, Culture=neutral, PublicKeyToken=cc7b13ffcd2ddd51".
             Resolved file path is "C:\Program Files\dotnet\packs\Microsoft.AspNetCore.App.Ref\10.0.3\ref\net10.0\System.Diagnostics.EventLog.dll".
             Reference found at search path location "{RawFileName}".
             This reference is not "CopyLocal" because at least one source item had "Private" set to "false" and no source items had "Private" set to "true".
         Primary reference "System.Formats.Cbor, Version=10.0.0.0, Culture=neutral, PublicKeyToken=cc7b13ffcd2ddd51".
             Resolved file path is "C:\Program Files\dotnet\packs\Microsoft.AspNetCore.App.Ref\10.0.3\ref\net10.0\System.Formats.Cbor.dll".
             Reference found at search path location "{RawFileName}".
             This reference is not "CopyLocal" because at least one source item had "Private" set to "false" and no source items had "Private" set to "true".
         Primary reference "System.Security.Cryptography.Xml, Version=10.0.0.0, Culture=neutral, PublicKeyToken=cc7b13ffcd2ddd51".
             Resolved file path is "C:\Program Files\dotnet\packs\Microsoft.AspNetCore.App.Ref\10.0.3\ref\net10.0\System.Security.Cryptography.Xml.dll".
             Reference found at search path location "{RawFileName}".
             This reference is not "CopyLocal" because at least one source item had "Private" set to "false" and no source items had "Private" set to "true".
         Primary reference "System.Threading.RateLimiting, Version=10.0.0.0, Culture=neutral, PublicKeyToken=cc7b13ffcd2ddd51".
             Resolved file path is "C:\Program Files\dotnet\packs\Microsoft.AspNetCore.App.Ref\10.0.3\ref\net10.0\System.Threading.RateLimiting.dll".
             Reference found at search path location "{RawFileName}".
             This reference is not "CopyLocal" because at least one source item had "Private" set to "false" and no source items had "Private" set to "true".
         Primary reference "Accessibility, Version=4.0.0.0, Culture=neutral, PublicKeyToken=31bf3856ad364e35".
             Resolved file path is "C:\Program Files\dotnet\packs\Microsoft.WindowsDesktop.App.Ref\10.0.3\ref\net10.0\Accessibility.dll".
             Reference found at search path location "{RawFileName}".
             This reference is not "CopyLocal" because at least one source item had "Private" set to "false" and no source items had "Private" set to "true".
         Primary reference "Microsoft.Win32.Registry.AccessControl, Version=10.0.0.0, Culture=neutral, PublicKeyToken=b03f5f7f11d50a3a".
             Resolved file path is "C:\Program Files\dotnet\packs\Microsoft.WindowsDesktop.App.Ref\10.0.3\ref\net10.0\Microsoft.Win32.Registry.AccessControl.dll".
             Reference found at search path location "{RawFileName}".
             This reference is not "CopyLocal" because at least one source item had "Private" set to "false" and no source items had "Private" set to "true".
         Primary reference "Microsoft.Win32.SystemEvents, Version=10.0.0.0, Culture=neutral, PublicKeyToken=cc7b13ffcd2ddd51".
             Resolved file path is "C:\Program Files\dotnet\packs\Microsoft.WindowsDesktop.App.Ref\10.0.3\ref\net10.0\Microsoft.Win32.SystemEvents.dll".
             Reference found at search path location "{RawFileName}".
             This reference is not "CopyLocal" because at least one source item had "Private" set to "false" and no source items had "Private" set to "true".
         Primary reference "PresentationCore, Version=10.0.0.0, Culture=neutral, PublicKeyToken=31bf3856ad364e35".
             Resolved file path is "C:\Program Files\dotnet\packs\Microsoft.WindowsDesktop.App.Ref\10.0.3\ref\net10.0\PresentationCore.dll".
             Reference found at search path location "{RawFileName}".
             This reference is not "CopyLocal" because at least one source item had "Private" set to "false" and no source items had "Private" set to "true".
         Primary reference "PresentationFramework.Aero, Version=10.0.0.0, Culture=neutral, PublicKeyToken=31bf3856ad364e35".
             Resolved file path is "C:\Program Files\dotnet\packs\Microsoft.WindowsDesktop.App.Ref\10.0.3\ref\net10.0\PresentationFramework.Aero.dll".
             Reference found at search path location "{RawFileName}".
             This reference is not "CopyLocal" because at least one source item had "Private" set to "false" and no source items had "Private" set to "true".
         Primary reference "PresentationFramework.Aero2, Version=10.0.0.0, Culture=neutral, PublicKeyToken=31bf3856ad364e35".
             Resolved file path is "C:\Program Files\dotnet\packs\Microsoft.WindowsDesktop.App.Ref\10.0.3\ref\net10.0\PresentationFramework.Aero2.dll".
             Reference found at search path location "{RawFileName}".
             This reference is not "CopyLocal" because at least one source item had "Private" set to "false" and no source items had "Private" set to "true".
         Primary reference "PresentationFramework.AeroLite, Version=10.0.0.0, Culture=neutral, PublicKeyToken=31bf3856ad364e35".
             Resolved file path is "C:\Program Files\dotnet\packs\Microsoft.WindowsDesktop.App.Ref\10.0.3\ref\net10.0\PresentationFramework.AeroLite.dll".
             Reference found at search path location "{RawFileName}".
             This reference is not "CopyLocal" because at least one source item had "Private" set to "false" and no source items had "Private" set to "true".
         Primary reference "PresentationFramework.Classic, Version=10.0.0.0, Culture=neutral, PublicKeyToken=31bf3856ad364e35".
             Resolved file path is "C:\Program Files\dotnet\packs\Microsoft.WindowsDesktop.App.Ref\10.0.3\ref\net10.0\PresentationFramework.Classic.dll".
             Reference found at search path location "{RawFileName}".
             This reference is not "CopyLocal" because at least one source item had "Private" set to "false" and no source items had "Private" set to "true".
         Primary reference "PresentationFramework.Luna, Version=10.0.0.0, Culture=neutral, PublicKeyToken=31bf3856ad364e35".
             Resolved file path is "C:\Program Files\dotnet\packs\Microsoft.WindowsDesktop.App.Ref\10.0.3\ref\net10.0\PresentationFramework.Luna.dll".
             Reference found at search path location "{RawFileName}".
             This reference is not "CopyLocal" because at least one source item had "Private" set to "false" and no source items had "Private" set to "true".
         Primary reference "PresentationFramework.Royale, Version=10.0.0.0, Culture=neutral, PublicKeyToken=31bf3856ad364e35".
             Resolved file path is "C:\Program Files\dotnet\packs\Microsoft.WindowsDesktop.App.Ref\10.0.3\ref\net10.0\PresentationFramework.Royale.dll".
             Reference found at search path location "{RawFileName}".
             This reference is not "CopyLocal" because at least one source item had "Private" set to "false" and no source items had "Private" set to "true".
         Primary reference "PresentationFramework, Version=10.0.0.0, Culture=neutral, PublicKeyToken=31bf3856ad364e35".
             Resolved file path is "C:\Program Files\dotnet\packs\Microsoft.WindowsDesktop.App.Ref\10.0.3\ref\net10.0\PresentationFramework.dll".
             Reference found at search path location "{RawFileName}".
             This reference is not "CopyLocal" because at least one source item had "Private" set to "false" and no source items had "Private" set to "true".
         Primary reference "PresentationUI, Version=10.0.0.0, Culture=neutral, PublicKeyToken=b77a5c561934e089".
             Resolved file path is "C:\Program Files\dotnet\packs\Microsoft.WindowsDesktop.App.Ref\10.0.3\ref\net10.0\PresentationUI.dll".
             Reference found at search path location "{RawFileName}".
             This reference is not "CopyLocal" because at least one source item had "Private" set to "false" and no source items had "Private" set to "true".
         Primary reference "ReachFramework, Version=10.0.0.0, Culture=neutral, PublicKeyToken=31bf3856ad364e35".
             Resolved file path is "C:\Program Files\dotnet\packs\Microsoft.WindowsDesktop.App.Ref\10.0.3\ref\net10.0\ReachFramework.dll".
             Reference found at search path location "{RawFileName}".
             This reference is not "CopyLocal" because at least one source item had "Private" set to "false" and no source items had "Private" set to "true".
         Primary reference "System.CodeDom, Version=10.0.0.0, Culture=neutral, PublicKeyToken=cc7b13ffcd2ddd51".
             Resolved file path is "C:\Program Files\dotnet\packs\Microsoft.WindowsDesktop.App.Ref\10.0.3\ref\net10.0\System.CodeDom.dll".
             Reference found at search path location "{RawFileName}".
             This reference is not "CopyLocal" because at least one source item had "Private" set to "false" and no source items had "Private" set to "true".
         Primary reference "System.Configuration.ConfigurationManager, Version=10.0.0.0, Culture=neutral, PublicKeyToken=cc7b13ffcd2ddd51".
             Resolved file path is "C:\Program Files\dotnet\packs\Microsoft.WindowsDesktop.App.Ref\10.0.3\ref\net10.0\System.Configuration.ConfigurationManager.dll".
             Reference found at search path location "{RawFileName}".
             This reference is not "CopyLocal" because at least one source item had "Private" set to "false" and no source items had "Private" set to "true".
         Primary reference "System.Diagnostics.PerformanceCounter, Version=10.0.0.0, Culture=neutral, PublicKeyToken=cc7b13ffcd2ddd51".
             Resolved file path is "C:\Program Files\dotnet\packs\Microsoft.WindowsDesktop.App.Ref\10.0.3\ref\net10.0\System.Diagnostics.PerformanceCounter.dll".
             Reference found at search path location "{RawFileName}".
             This reference is not "CopyLocal" because at least one source item had "Private" set to "false" and no source items had "Private" set to "true".
         Primary reference "System.DirectoryServices, Version=10.0.0.0, Culture=neutral, PublicKeyToken=b03f5f7f11d50a3a".
             Resolved file path is "C:\Program Files\dotnet\packs\Microsoft.WindowsDesktop.App.Ref\10.0.3\ref\net10.0\System.DirectoryServices.dll".
             Reference found at search path location "{RawFileName}".
             This reference is not "CopyLocal" because at least one source item had "Private" set to "false" and no source items had "Private" set to "true".
         Primary reference "System.Drawing.Common, Version=10.0.0.0, Culture=neutral, PublicKeyToken=cc7b13ffcd2ddd51".
             Resolved file path is "C:\Program Files\dotnet\packs\Microsoft.WindowsDesktop.App.Ref\10.0.3\ref\net10.0\System.Drawing.Common.dll".
             Reference found at search path location "{RawFileName}".
             This reference is not "CopyLocal" because at least one source item had "Private" set to "false" and no source items had "Private" set to "true".
         Primary reference "System.Formats.Nrbf, Version=10.0.0.0, Culture=neutral, PublicKeyToken=cc7b13ffcd2ddd51".
             Resolved file path is "C:\Program Files\dotnet\packs\Microsoft.WindowsDesktop.App.Ref\10.0.3\ref\net10.0\System.Formats.Nrbf.dll".
             Reference found at search path location "{RawFileName}".
             This reference is not "CopyLocal" because at least one source item had "Private" set to "false" and no source items had "Private" set to "true".
         Primary reference "System.IO.Packaging, Version=10.0.0.0, Culture=neutral, PublicKeyToken=b03f5f7f11d50a3a".
             Resolved file path is "C:\Program Files\dotnet\packs\Microsoft.WindowsDesktop.App.Ref\10.0.3\ref\net10.0\System.IO.Packaging.dll".
             Reference found at search path location "{RawFileName}".
             This reference is not "CopyLocal" because at least one source item had "Private" set to "false" and no source items had "Private" set to "true".
         Primary reference "System.Printing, Version=10.0.0.0, Culture=neutral, PublicKeyToken=31bf3856ad364e35".
             Resolved file path is "C:\Program Files\dotnet\packs\Microsoft.WindowsDesktop.App.Ref\10.0.3\ref\net10.0\System.Printing.dll".
             Reference found at search path location "{RawFileName}".
             This reference is not "CopyLocal" because at least one source item had "Private" set to "false" and no source items had "Private" set to "true".
         Primary reference "System.Private.Windows.Core, Version=10.0.0.0, Culture=neutral, PublicKeyToken=b77a5c561934e089".
             Resolved file path is "C:\Program Files\dotnet\packs\Microsoft.WindowsDesktop.App.Ref\10.0.3\ref\net10.0\System.Private.Windows.Core.dll".
             Reference found at search path location "{RawFileName}".
             This reference is not "CopyLocal" because at least one source item had "Private" set to "false" and no source items had "Private" set to "true".
         Primary reference "System.Private.Windows.GdiPlus, Version=10.0.0.0, Culture=neutral, PublicKeyToken=b77a5c561934e089".
             Resolved file path is "C:\Program Files\dotnet\packs\Microsoft.WindowsDesktop.App.Ref\10.0.3\ref\net10.0\System.Private.Windows.GdiPlus.dll".
             Reference found at search path location "{RawFileName}".
             This reference is not "CopyLocal" because at least one source item had "Private" set to "false" and no source items had "Private" set to "true".
         Primary reference "System.Resources.Extensions, Version=10.0.0.0, Culture=neutral, PublicKeyToken=cc7b13ffcd2ddd51".
             Resolved file path is "C:\Program Files\dotnet\packs\Microsoft.WindowsDesktop.App.Ref\10.0.3\ref\net10.0\System.Resources.Extensions.dll".
             Reference found at search path location "{RawFileName}".
             This reference is not "CopyLocal" because at least one source item had "Private" set to "false" and no source items had "Private" set to "true".
         Primary reference "System.Security.Cryptography.Pkcs, Version=10.0.0.0, Culture=neutral, PublicKeyToken=b03f5f7f11d50a3a".
             Resolved file path is "C:\Program Files\dotnet\packs\Microsoft.WindowsDesktop.App.Ref\10.0.3\ref\net10.0\System.Security.Cryptography.Pkcs.dll".
             Reference found at search path location "{RawFileName}".
             This reference is not "CopyLocal" because at least one source item had "Private" set to "false" and no source items had "Private" set to "true".
         Primary reference "System.Security.Cryptography.ProtectedData, Version=10.0.0.0, Culture=neutral, PublicKeyToken=b03f5f7f11d50a3a".
             Resolved file path is "C:\Program Files\dotnet\packs\Microsoft.WindowsDesktop.App.Ref\10.0.3\ref\net10.0\System.Security.Cryptography.ProtectedData.dll".
             Reference found at search path location "{RawFileName}".
             This reference is not "CopyLocal" because at least one source item had "Private" set to "false" and no source items had "Private" set to "true".
         Primary reference "System.Security.Permissions, Version=10.0.0.0, Culture=neutral, PublicKeyToken=cc7b13ffcd2ddd51".
             Resolved file path is "C:\Program Files\dotnet\packs\Microsoft.WindowsDesktop.App.Ref\10.0.3\ref\net10.0\System.Security.Permissions.dll".
             Reference found at search path location "{RawFileName}".
             This reference is not "CopyLocal" because at least one source item had "Private" set to "false" and no source items had "Private" set to "true".
         Primary reference "System.Windows.Controls.Ribbon, Version=10.0.0.0, Culture=neutral, PublicKeyToken=b77a5c561934e089".
             Resolved file path is "C:\Program Files\dotnet\packs\Microsoft.WindowsDesktop.App.Ref\10.0.3\ref\net10.0\System.Windows.Controls.Ribbon.dll".
             Reference found at search path location "{RawFileName}".
             This reference is not "CopyLocal" because at least one source item had "Private" set to "false" and no source items had "Private" set to "true".
         Primary reference "System.Windows.Extensions, Version=10.0.0.0, Culture=neutral, PublicKeyToken=cc7b13ffcd2ddd51".
             Resolved file path is "C:\Program Files\dotnet\packs\Microsoft.WindowsDesktop.App.Ref\10.0.3\ref\net10.0\System.Windows.Extensions.dll".
             Reference found at search path location "{RawFileName}".
             This reference is not "CopyLocal" because at least one source item had "Private" set to "false" and no source items had "Private" set to "true".
         Primary reference "System.Windows.Input.Manipulations, Version=10.0.0.0, Culture=neutral, PublicKeyToken=b77a5c561934e089".
             Resolved file path is "C:\Program Files\dotnet\packs\Microsoft.WindowsDesktop.App.Ref\10.0.3\ref\net10.0\System.Windows.Input.Manipulations.dll".
             Reference found at search path location "{RawFileName}".
             This reference is not "CopyLocal" because at least one source item had "Private" set to "false" and no source items had "Private" set to "true".
         Primary reference "System.Windows.Presentation, Version=10.0.0.0, Culture=neutral, PublicKeyToken=b77a5c561934e089".
             Resolved file path is "C:\Program Files\dotnet\packs\Microsoft.WindowsDesktop.App.Ref\10.0.3\ref\net10.0\System.Windows.Presentation.dll".
             Reference found at search path location "{RawFileName}".
             This reference is not "CopyLocal" because at least one source item had "Private" set to "false" and no source items had "Private" set to "true".
         Primary reference "System.Windows.Primitives, Version=10.0.0.0, Culture=neutral, PublicKeyToken=31bf3856ad364e35".
             Resolved file path is "C:\Program Files\dotnet\packs\Microsoft.WindowsDesktop.App.Ref\10.0.3\ref\net10.0\System.Windows.Primitives.dll".
             Reference found at search path location "{RawFileName}".
             This reference is not "CopyLocal" because at least one source item had "Private" set to "false" and no source items had "Private" set to "true".
         Primary reference "System.Xaml, Version=10.0.0.0, Culture=neutral, PublicKeyToken=b77a5c561934e089".
             Resolved file path is "C:\Program Files\dotnet\packs\Microsoft.WindowsDesktop.App.Ref\10.0.3\ref\net10.0\System.Xaml.dll".
             Reference found at search path location "{RawFileName}".
             This reference is not "CopyLocal" because at least one source item had "Private" set to "false" and no source items had "Private" set to "true".
         Primary reference "UIAutomationClient, Version=10.0.0.0, Culture=neutral, PublicKeyToken=31bf3856ad364e35".
             Resolved file path is "C:\Program Files\dotnet\packs\Microsoft.WindowsDesktop.App.Ref\10.0.3\ref\net10.0\UIAutomationClient.dll".
             Reference found at search path location "{RawFileName}".
             This reference is not "CopyLocal" because at least one source item had "Private" set to "false" and no source items had "Private" set to "true".
         Primary reference "UIAutomationClientSideProviders, Version=10.0.0.0, Culture=neutral, PublicKeyToken=b77a5c561934e089".
             Resolved file path is "C:\Program Files\dotnet\packs\Microsoft.WindowsDesktop.App.Ref\10.0.3\ref\net10.0\UIAutomationClientSideProviders.dll".
             Reference found at search path location "{RawFileName}".
             This reference is not "CopyLocal" because at least one source item had "Private" set to "false" and no source items had "Private" set to "true".
         Primary reference "UIAutomationProvider, Version=10.0.0.0, Culture=neutral, PublicKeyToken=31bf3856ad364e35".
             Resolved file path is "C:\Program Files\dotnet\packs\Microsoft.WindowsDesktop.App.Ref\10.0.3\ref\net10.0\UIAutomationProvider.dll".
             Reference found at search path location "{RawFileName}".
             This reference is not "CopyLocal" because at least one source item had "Private" set to "false" and no source items had "Private" set to "true".
         Primary reference "UIAutomationTypes, Version=10.0.0.0, Culture=neutral, PublicKeyToken=31bf3856ad364e35".
             Resolved file path is "C:\Program Files\dotnet\packs\Microsoft.WindowsDesktop.App.Ref\10.0.3\ref\net10.0\UIAutomationTypes.dll".
             Reference found at search path location "{RawFileName}".
             This reference is not "CopyLocal" because at least one source item had "Private" set to "false" and no source items had "Private" set to "true".
         Primary reference "WindowsBase, Version=10.0.0.0, Culture=neutral, PublicKeyToken=31bf3856ad364e35".
             Resolved file path is "C:\Program Files\dotnet\packs\Microsoft.WindowsDesktop.App.Ref\10.0.3\ref\net10.0\WindowsBase.dll".
             Reference found at search path location "{RawFileName}".
             This reference is not "CopyLocal" because at least one source item had "Private" set to "false" and no source items had "Private" set to "true".
       Done executing task "ResolveAssemblyReference".
   6:6>Done building target "ResolveAssemblyReferences" in project "TicketConsolidator.Web.csproj".
   6:6>Target "AfterResolveReferences" in file "C:\Program Files\dotnet\sdk\10.0.103\Microsoft.Common.CurrentVersion.targets" from project "c:\Apps\TicketConsolidator\src\TicketConsolidator.Web\TicketConsolidator.Web.csproj" (target "ResolveReferences" depends on it):
   6:6>Done building target "AfterResolveReferences" in project "TicketConsolidator.Web.csproj".
   6:6>Target "ResolveReferences" in file "C:\Program Files\dotnet\sdk\10.0.103\Microsoft.Common.CurrentVersion.targets" from project "c:\Apps\TicketConsolidator\src\TicketConsolidator.Web\TicketConsolidator.Web.csproj" (target "_BlockWinMDsOnUnsupportedTFMs" depends on it):
   6:6>Done building target "ResolveReferences" in project "TicketConsolidator.Web.csproj".
   6:6>Target "_BlockWinMDsOnUnsupportedTFMs" in file "C:\Program Files\dotnet\sdk\10.0.103\Sdks\Microsoft.NET.Sdk\targets\Microsoft.NET.Sdk.targets" from project "c:\Apps\TicketConsolidator\src\TicketConsolidator.Web\TicketConsolidator.Web.csproj" (target "CoreBuild" depends on it):
       Using "CheckForUnsupportedWinMDReferences" task from assembly "C:\Program Files\dotnet\sdk\10.0.103\Sdks\Microsoft.NET.Sdk\targets\..\tools\net10.0\Microsoft.NET.Build.Tasks.dll".
       Task "CheckForUnsupportedWinMDReferences"
       Done executing task "CheckForUnsupportedWinMDReferences".
   6:6>Done building target "_BlockWinMDsOnUnsupportedTFMs" in project "TicketConsolidator.Web.csproj".
       Target "ResolveReferences" skipped. Previously built successfully.
       Target "ResolvePackageDependenciesForBuild" skipped. Previously built successfully.
       Target "_HandlePackageFileConflicts" skipped. Previously built successfully.
   6:6>Target "CopyAdditionalFiles" in file "C:\Program Files\dotnet\sdk\10.0.103\Roslyn\Microsoft.Managed.Core.targets" from project "c:\Apps\TicketConsolidator\src\TicketConsolidator.Web\TicketConsolidator.Web.csproj" (target "AssignTargetPaths" depends on it):
   6:6>Done building target "CopyAdditionalFiles" in project "TicketConsolidator.Web.csproj".
       Target "ResolvePackageAssets" skipped. Previously built successfully.
       Target "ResolveFrameworkReferences" skipped. Previously built successfully.
   6:6>Target "_GetAppHostPaths" in file "C:\Program Files\dotnet\sdk\10.0.103\Sdks\Microsoft.NET.Sdk\targets\Microsoft.NET.Sdk.targets" from project "c:\Apps\TicketConsolidator\src\TicketConsolidator.Web\TicketConsolidator.Web.csproj" (target "_ComputeNETCoreBuildOutputFiles" depends on it):
   6:6>Done building target "_GetAppHostPaths" in project "TicketConsolidator.Web.csproj".
   6:6>Target "_GetAppHostCreationConfiguration" in file "C:\Program Files\dotnet\sdk\10.0.103\Sdks\Microsoft.NET.Sdk\targets\Microsoft.NET.Sdk.targets" from project "c:\Apps\TicketConsolidator\src\TicketConsolidator.Web\TicketConsolidator.Web.csproj" (target "_ComputeNETCoreBuildOutputFiles" depends on it):
   6:6>Done building target "_GetAppHostCreationConfiguration" in project "TicketConsolidator.Web.csproj".
   6:6>Target "_ComputeNETCoreBuildOutputFiles" in file "C:\Program Files\dotnet\sdk\10.0.103\Sdks\Microsoft.NET.Sdk\targets\Microsoft.NET.Sdk.targets" from project "c:\Apps\TicketConsolidator\src\TicketConsolidator.Web\TicketConsolidator.Web.csproj" (target "AssignTargetPaths" depends on it):
   6:6>Done building target "_ComputeNETCoreBuildOutputFiles" in project "TicketConsolidator.Web.csproj".
   6:6>Target "ResolveStaticWebAssetsConfiguration" in file "C:\Program Files\dotnet\sdk\10.0.103\Sdks\Microsoft.NET.Sdk.StaticWebAssets\targets\Microsoft.NET.Sdk.StaticWebAssets.targets" from project "c:\Apps\TicketConsolidator\src\TicketConsolidator.Web\TicketConsolidator.Web.csproj" (target "ResolveProjectStaticWebAssets" depends on it):
   6:6>Done building target "ResolveStaticWebAssetsConfiguration" in project "TicketConsolidator.Web.csproj".
   6:6>Target "UpdateExistingPackageStaticWebAssets" in file "C:\Program Files\dotnet\sdk\10.0.103\Sdks\Microsoft.NET.Sdk.StaticWebAssets\targets\Microsoft.NET.Sdk.StaticWebAssets.targets" from project "c:\Apps\TicketConsolidator\src\TicketConsolidator.Web\TicketConsolidator.Web.csproj" (target "ResolveProjectStaticWebAssets" depends on it):
       Using "UpdatePackageStaticWebAssets" task from assembly "C:\Program Files\dotnet\sdk\10.0.103\Sdks\Microsoft.NET.Sdk.StaticWebAssets\targets\..\tasks\net10.0\Microsoft.NET.Sdk.StaticWebAssets.Tasks.dll".
       Task "UpdatePackageStaticWebAssets"
       Done executing task "UpdatePackageStaticWebAssets".
       Using "DefineStaticWebAssetEndpoints" task from assembly "C:\Program Files\dotnet\sdk\10.0.103\Sdks\Microsoft.NET.Sdk.StaticWebAssets\targets\..\tasks\net10.0\Microsoft.NET.Sdk.StaticWebAssets.Tasks.dll".
       Task "DefineStaticWebAssetEndpoints"
       Done executing task "DefineStaticWebAssetEndpoints".
   6:6>Done building target "UpdateExistingPackageStaticWebAssets" in project "TicketConsolidator.Web.csproj".
   6:6>Target "ResolveProjectStaticWebAssets" in file "C:\Program Files\dotnet\sdk\10.0.103\Sdks\Microsoft.NET.Sdk.StaticWebAssets\targets\Microsoft.NET.Sdk.StaticWebAssets.targets" from project "c:\Apps\TicketConsolidator\src\TicketConsolidator.Web\TicketConsolidator.Web.csproj" (target "AssignTargetPaths" depends on it):
       Using "DefineStaticWebAssets" task from assembly "C:\Program Files\dotnet\sdk\10.0.103\Sdks\Microsoft.NET.Sdk.StaticWebAssets\targets\..\tasks\net10.0\Microsoft.NET.Sdk.StaticWebAssets.Tasks.dll".
       Task "DefineStaticWebAssets"
         Assembly loaded during TaskRun (Microsoft.AspNetCore.StaticWebAssets.Tasks.DefineStaticWebAssets): System.Text.Encodings.Web, Version=10.0.0.0, Culture=neutral, PublicKeyToken=cc7b13ffcd2ddd51 (location: C:\Program Files\dotnet\shared\Microsoft.NETCore.App\10.0.3\System.Text.Encodings.Web.dll, MVID: abb4e65f-0f42-4a32-8c87-f5432ece4212, AssemblyLoadContext: Default)
         Cache is fully up to date.
       Done executing task "DefineStaticWebAssets".
       Task "DefineStaticWebAssetEndpoints"
         No match for css/open-iconic/ICON-LICENSE. Using default content type 'application/octet-stream'
         No match for css/open-iconic/FONT-LICENSE. Using default content type 'application/octet-stream'
         Matched css/open-iconic/font/fonts/open-iconic.ttf to application/x-font-ttf using pattern *.ttf
         Matched js/codeEditor.js to text/javascript using pattern *.js
         Matched css/theme.css to text/css using pattern *.css
         Matched favicon.ico to image/x-icon using pattern *.ico
         Matched css/site.css to text/css using pattern *.css
         Matched css/glass.css to text/css using pattern *.css
         Matched css/open-iconic/font/fonts/open-iconic.otf to font/otf using pattern *.otf
         Matched css/open-iconic/README.md to text/markdown using pattern *.md
         Matched css/open-iconic/font/fonts/open-iconic.eot to application/vnd.ms-fontobject using pattern *.eot
         Matched css/bootstrap/bootstrap.min.css.map to text/plain using pattern *.map
         Matched css/open-iconic/font/css/open-iconic-bootstrap.min.css to text/css using pattern *.css
         Matched css/codeEditor.css to text/css using pattern *.css
         Matched css/animations.css to text/css using pattern *.css
         Matched css/open-iconic/font/fonts/open-iconic.svg to image/svg+xml using pattern *.svg
         Matched css/open-iconic/font/fonts/open-iconic.woff to application/font-woff using pattern *.woff
         Matched css/bootstrap/bootstrap.min.css to text/css using pattern *.css
         Adding endpoint favicon.ico for asset c:\Apps\TicketConsolidator\src\TicketConsolidator.Web\wwwroot\favicon.ico.
         Adding endpoint css/open-iconic/font/fonts/open-iconic.eot for asset c:\Apps\TicketConsolidator\src\TicketConsolidator.Web\wwwroot\css\open-iconic\font\fonts\open-iconic.eot.
         Adding endpoint css/glass.css for asset c:\Apps\TicketConsolidator\src\TicketConsolidator.Web\wwwroot\css\glass.css.
         Adding endpoint css/open-iconic/font/fonts/open-iconic.woff for asset c:\Apps\TicketConsolidator\src\TicketConsolidator.Web\wwwroot\css\open-iconic\font\fonts\open-iconic.woff.
         Adding endpoint css/animations.css for asset c:\Apps\TicketConsolidator\src\TicketConsolidator.Web\wwwroot\css\animations.css.
         Adding endpoint css/open-iconic/font/fonts/open-iconic.ttf for asset c:\Apps\TicketConsolidator\src\TicketConsolidator.Web\wwwroot\css\open-iconic\font\fonts\open-iconic.ttf.
         Adding endpoint css/bootstrap/bootstrap.min.css.map for asset c:\Apps\TicketConsolidator\src\TicketConsolidator.Web\wwwroot\css\bootstrap\bootstrap.min.css.map.
         Adding endpoint css/open-iconic/font/fonts/open-iconic.otf for asset c:\Apps\TicketConsolidator\src\TicketConsolidator.Web\wwwroot\css\open-iconic\font\fonts\open-iconic.otf.
         Adding endpoint css/theme.css for asset c:\Apps\TicketConsolidator\src\TicketConsolidator.Web\wwwroot\css\theme.css.
         Adding endpoint css/open-iconic/ICON-LICENSE for asset c:\Apps\TicketConsolidator\src\TicketConsolidator.Web\wwwroot\css\open-iconic\ICON-LICENSE.
         Adding endpoint js/codeEditor.js for asset c:\Apps\TicketConsolidator\src\TicketConsolidator.Web\wwwroot\js\codeEditor.js.
         Matched js/codeEditor.js to text/javascript using pattern *.js
         Matched favicon.ico to image/x-icon using pattern *.ico
         Matched css/open-iconic/font/fonts/open-iconic.woff to application/font-woff using pattern *.woff
         Matched css/open-iconic/font/fonts/open-iconic.eot to application/vnd.ms-fontobject using pattern *.eot
         Adding endpoint css/site.css for asset c:\Apps\TicketConsolidator\src\TicketConsolidator.Web\wwwroot\css\site.css.
         Adding endpoint css/open-iconic/README.md for asset c:\Apps\TicketConsolidator\src\TicketConsolidator.Web\wwwroot\css\open-iconic\README.md.
         Adding endpoint css/codeEditor.css for asset c:\Apps\TicketConsolidator\src\TicketConsolidator.Web\wwwroot\css\codeEditor.css.
         Matched css/site.css to text/css using pattern *.css
         Matched css/open-iconic/README.md to text/markdown using pattern *.md
         Matched css/codeEditor.css to text/css using pattern *.css
         Matched css/glass.css to text/css using pattern *.css
         Matched css/animations.css to text/css using pattern *.css
         Matched css/open-iconic/font/fonts/open-iconic.ttf to application/x-font-ttf using pattern *.ttf
         Adding endpoint css/open-iconic/FONT-LICENSE for asset c:\Apps\TicketConsolidator\src\TicketConsolidator.Web\wwwroot\css\open-iconic\FONT-LICENSE.
         No match for css/open-iconic/FONT-LICENSE. Using default content type 'application/octet-stream'
         Adding endpoint css/bootstrap/bootstrap.min.css for asset c:\Apps\TicketConsolidator\src\TicketConsolidator.Web\wwwroot\css\bootstrap\bootstrap.min.css.
         Matched css/bootstrap/bootstrap.min.css.map to text/plain using pattern *.map
         Matched css/open-iconic/font/fonts/open-iconic.otf to font/otf using pattern *.otf
         Matched css/bootstrap/bootstrap.min.css to text/css using pattern *.css
         Adding endpoint css/open-iconic/font/fonts/open-iconic.svg for asset c:\Apps\TicketConsolidator\src\TicketConsolidator.Web\wwwroot\css\open-iconic\font\fonts\open-iconic.svg.
         Matched css/theme.css to text/css using pattern *.css
         No match for css/open-iconic/ICON-LICENSE. Using default content type 'application/octet-stream'
         Matched css/open-iconic/font/fonts/open-iconic.svg to image/svg+xml using pattern *.svg
         Adding endpoint css/open-iconic/font/css/open-iconic-bootstrap.min.css for asset c:\Apps\TicketConsolidator\src\TicketConsolidator.Web\wwwroot\css\open-iconic\font\css\open-iconic-bootstrap.min.css.
         Matched css/open-iconic/font/css/open-iconic-bootstrap.min.css to text/css using pattern *.css
         Adding endpoint css/bootstrap/bootstrap.min.css.kao5znno1s.map for asset c:\Apps\TicketConsolidator\src\TicketConsolidator.Web\wwwroot\css\bootstrap\bootstrap.min.css.map.
         Adding endpoint css/site.4rehuv7qkx.css for asset c:\Apps\TicketConsolidator\src\TicketConsolidator.Web\wwwroot\css\site.css.
         Adding endpoint css/open-iconic/font/fonts/open-iconic.wk8x8xm0ah.otf for asset c:\Apps\TicketConsolidator\src\TicketConsolidator.Web\wwwroot\css\open-iconic\font\fonts\open-iconic.otf.
         Adding endpoint css/open-iconic/font/css/open-iconic-bootstrap.min.cmapd0fi15.css for asset c:\Apps\TicketConsolidator\src\TicketConsolidator.Web\wwwroot\css\open-iconic\font\css\open-iconic-bootstrap.min.css.
         Adding endpoint css/open-iconic/FONT-LICENSE.48tmkg660f for asset c:\Apps\TicketConsolidator\src\TicketConsolidator.Web\wwwroot\css\open-iconic\FONT-LICENSE.
         Adding endpoint js/codeEditor.2x18zjng45.js for asset c:\Apps\TicketConsolidator\src\TicketConsolidator.Web\wwwroot\js\codeEditor.js.
         Adding endpoint css/open-iconic/ICON-LICENSE.4dwjve0o0b for asset c:\Apps\TicketConsolidator\src\TicketConsolidator.Web\wwwroot\css\open-iconic\ICON-LICENSE.
         Adding endpoint css/bootstrap/bootstrap.min.etnb7xlipe.css for asset c:\Apps\TicketConsolidator\src\TicketConsolidator.Web\wwwroot\css\bootstrap\bootstrap.min.css.
         Adding endpoint css/codeEditor.ff9h3twzzh.css for asset c:\Apps\TicketConsolidator\src\TicketConsolidator.Web\wwwroot\css\codeEditor.css.
         Adding endpoint css/open-iconic/README.psxpu4y82n.md for asset c:\Apps\TicketConsolidator\src\TicketConsolidator.Web\wwwroot\css\open-iconic\README.md.
         Adding endpoint css/theme.q8i2ynhbd1.css for asset c:\Apps\TicketConsolidator\src\TicketConsolidator.Web\wwwroot\css\theme.css.
         Adding endpoint css/open-iconic/font/fonts/open-iconic.ll5grcv8wv.ttf for asset c:\Apps\TicketConsolidator\src\TicketConsolidator.Web\wwwroot\css\open-iconic\font\fonts\open-iconic.ttf.
         Adding endpoint css/open-iconic/font/fonts/open-iconic.0uw8dim9nl.eot for asset c:\Apps\TicketConsolidator\src\TicketConsolidator.Web\wwwroot\css\open-iconic\font\fonts\open-iconic.eot.
         Adding endpoint css/open-iconic/font/fonts/open-iconic.h4d0pazwgy.woff for asset c:\Apps\TicketConsolidator\src\TicketConsolidator.Web\wwwroot\css\open-iconic\font\fonts\open-iconic.woff.
         Adding endpoint css/animations.i2q58c2osp.css for asset c:\Apps\TicketConsolidator\src\TicketConsolidator.Web\wwwroot\css\animations.css.
         Adding endpoint favicon.61n19gt1b8.ico for asset c:\Apps\TicketConsolidator\src\TicketConsolidator.Web\wwwroot\favicon.ico.
         Adding endpoint css/open-iconic/font/fonts/open-iconic.sjnzgf7e1h.svg for asset c:\Apps\TicketConsolidator\src\TicketConsolidator.Web\wwwroot\css\open-iconic\font\fonts\open-iconic.svg.
         Adding endpoint css/glass.mcc55oau0q.css for asset c:\Apps\TicketConsolidator\src\TicketConsolidator.Web\wwwroot\css\glass.css.
         Assembly loaded during TaskRun (Microsoft.AspNetCore.StaticWebAssets.Tasks.DefineStaticWebAssetEndpoints): System.IO.Pipelines, Version=10.0.0.0, Culture=neutral, PublicKeyToken=cc7b13ffcd2ddd51 (location: C:\Program Files\dotnet\shared\Microsoft.NETCore.App\10.0.3\System.IO.Pipelines.dll, MVID: 47531204-037a-4e5d-8cf9-b7a73083f638, AssemblyLoadContext: Default)
       Done executing task "DefineStaticWebAssetEndpoints".
   6:6>Done building target "ResolveProjectStaticWebAssets" in project "TicketConsolidator.Web.csproj".
   6:6>Target "AssignTargetPaths" in file "C:\Program Files\dotnet\sdk\10.0.103\Microsoft.Common.CurrentVersion.targets" from project "c:\Apps\TicketConsolidator\src\TicketConsolidator.Web\TicketConsolidator.Web.csproj" (target "PrepareResourceNames" depends on it):
       Using "AssignTargetPath" task from assembly "Microsoft.Build.Tasks.Core, Version=15.1.0.0, Culture=neutral, PublicKeyToken=b03f5f7f11d50a3a".
       Task "AssignTargetPath"
       Done executing task "AssignTargetPath".
       Task "AssignTargetPath"
       Done executing task "AssignTargetPath".
       Task "AssignTargetPath"
       Done executing task "AssignTargetPath".
       Task "AssignTargetPath"
       Done executing task "AssignTargetPath".
   6:6>Done building target "AssignTargetPaths" in project "TicketConsolidator.Web.csproj".
       Target "AssignTargetPaths" skipped. Previously built successfully.
   6:6>Target "SplitResourcesByCulture" in file "C:\Program Files\dotnet\sdk\10.0.103\Microsoft.Common.CurrentVersion.targets" from project "c:\Apps\TicketConsolidator\src\TicketConsolidator.Web\TicketConsolidator.Web.csproj" (target "PrepareResourceNames" depends on it):
       Using "AssignCulture" task from assembly "Microsoft.Build.Tasks.Core, Version=15.1.0.0, Culture=neutral, PublicKeyToken=b03f5f7f11d50a3a".
       Task "AssignCulture"
       Done executing task "AssignCulture".
   6:6>Done building target "SplitResourcesByCulture" in project "TicketConsolidator.Web.csproj".
   6:6>Target "CreateCustomManifestResourceNames" in file "C:\Program Files\dotnet\sdk\10.0.103\Microsoft.Common.CurrentVersion.targets" from project "c:\Apps\TicketConsolidator\src\TicketConsolidator.Web\TicketConsolidator.Web.csproj" (target "PrepareResourceNames" depends on it):
   6:6>Done building target "CreateCustomManifestResourceNames" in project "TicketConsolidator.Web.csproj".
   6:6>Target "PrepareResourceNames" in file "C:\Program Files\dotnet\sdk\10.0.103\Microsoft.Common.CurrentVersion.targets" from project "c:\Apps\TicketConsolidator\src\TicketConsolidator.Web\TicketConsolidator.Web.csproj" (target "PrepareResources" depends on it):
   6:6>Done building target "PrepareResourceNames" in project "TicketConsolidator.Web.csproj".
       Target "ResolveAssemblyReferences" skipped. Previously built successfully.
       Target "SplitResourcesByCulture" skipped. Previously built successfully.
   6:6>Target "BeforeResGen" in file "C:\Program Files\dotnet\sdk\10.0.103\Microsoft.Common.CurrentVersion.targets" from project "c:\Apps\TicketConsolidator\src\TicketConsolidator.Web\TicketConsolidator.Web.csproj" (target "ResGen" depends on it):
   6:6>Done building target "BeforeResGen" in project "TicketConsolidator.Web.csproj".
       Target "ResolveReferences" skipped. Previously built successfully.
   6:6>Target "FindReferenceAssembliesForReferences" in file "C:\Program Files\dotnet\sdk\10.0.103\Microsoft.Common.CurrentVersion.targets" from project "c:\Apps\TicketConsolidator\src\TicketConsolidator.Web\TicketConsolidator.Web.csproj" (target "CoreResGen" depends on it):
   6:6>Done building target "FindReferenceAssembliesForReferences" in project "TicketConsolidator.Web.csproj".
   6:6>Target "CoreResGen" in file "C:\Program Files\dotnet\sdk\10.0.103\Microsoft.Common.CurrentVersion.targets" from project "c:\Apps\TicketConsolidator\src\TicketConsolidator.Web\TicketConsolidator.Web.csproj" (target "ResGen" depends on it):
   6:6>Done building target "CoreResGen" in project "TicketConsolidator.Web.csproj".
   6:6>Target "AfterResGen" in file "C:\Program Files\dotnet\sdk\10.0.103\Microsoft.Common.CurrentVersion.targets" from project "c:\Apps\TicketConsolidator\src\TicketConsolidator.Web\TicketConsolidator.Web.csproj" (target "ResGen" depends on it):
   6:6>Done building target "AfterResGen" in project "TicketConsolidator.Web.csproj".
   6:6>Target "ResGen" in file "C:\Program Files\dotnet\sdk\10.0.103\Microsoft.Common.CurrentVersion.targets" from project "c:\Apps\TicketConsolidator\src\TicketConsolidator.Web\TicketConsolidator.Web.csproj" (target "PrepareResources" depends on it):
   6:6>Done building target "ResGen" in project "TicketConsolidator.Web.csproj".
   6:6>Target "PrepareResources" in file "C:\Program Files\dotnet\sdk\10.0.103\Microsoft.Common.CurrentVersion.targets" from project "c:\Apps\TicketConsolidator\src\TicketConsolidator.Web\TicketConsolidator.Web.csproj" (target "CoreBuild" depends on it):
   6:6>Done building target "PrepareResources" in project "TicketConsolidator.Web.csproj".
       Target "ResolveReferences" skipped. Previously built successfully.
   6:6>Target "_SetEmbeddedWin32ManifestProperties" in file "C:\Program Files\dotnet\sdk\10.0.103\Microsoft.Common.CurrentVersion.targets" from project "c:\Apps\TicketConsolidator\src\TicketConsolidator.Web\TicketConsolidator.Web.csproj" (target "SetWin32ManifestProperties" depends on it):
       Using "GetFrameworkPath" task from assembly "Microsoft.Build.Tasks.Core, Version=15.1.0.0, Culture=neutral, PublicKeyToken=b03f5f7f11d50a3a".
       Task "GetFrameworkPath"
       Done executing task "GetFrameworkPath".
   6:6>Done building target "_SetEmbeddedWin32ManifestProperties" in project "TicketConsolidator.Web.csproj".
   6:6>Target "SetWin32ManifestProperties" in file "C:\Program Files\dotnet\sdk\10.0.103\Microsoft.Common.CurrentVersion.targets" from project "c:\Apps\TicketConsolidator\src\TicketConsolidator.Web\TicketConsolidator.Web.csproj" (target "Compile" depends on it):
   6:6>Done building target "SetWin32ManifestProperties" in project "TicketConsolidator.Web.csproj".
       Target "FindReferenceAssembliesForReferences" skipped. Previously built successfully.
   6:6>Target "_GenerateCompileInputs" in file "C:\Program Files\dotnet\sdk\10.0.103\Microsoft.Common.CurrentVersion.targets" from project "c:\Apps\TicketConsolidator\src\TicketConsolidator.Web\TicketConsolidator.Web.csproj" (target "Compile" depends on it):
   6:6>Done building target "_GenerateCompileInputs" in project "TicketConsolidator.Web.csproj".
       Target "PrepareForBuild" skipped. Previously built successfully.
   6:6>Target "ResolveRazorConfiguration" in file "C:\Program Files\dotnet\sdk\10.0.103\Sdks\Microsoft.NET.Sdk.Razor\targets\Sdk.Razor.CurrentVersion.targets" from project "c:\Apps\TicketConsolidator\src\TicketConsolidator.Web\TicketConsolidator.Web.csproj" (target "PrepareForRazorGenerate" depends on it):
       Using "FindInList" task from assembly "Microsoft.Build.Tasks.Core, Version=15.1.0.0, Culture=neutral, PublicKeyToken=b03f5f7f11d50a3a".
       Task "FindInList"
         Found "MVC-3.0".
       Done executing task "FindInList".
   6:6>Done building target "ResolveRazorConfiguration" in project "TicketConsolidator.Web.csproj".
       Target "ResolveRazorGenerateInputs" skipped. Previously built successfully.
   6:6>Target "ResolveScopedCssInputs" in file "C:\Program Files\dotnet\sdk\10.0.103\Sdks\Microsoft.NET.Sdk.StaticWebAssets\targets\Microsoft.NET.Sdk.StaticWebAssets.ScopedCss.targets" from project "c:\Apps\TicketConsolidator\src\TicketConsolidator.Web\TicketConsolidator.Web.csproj" (target "ComputeCssScope" depends on it):
       Using "DiscoverDefaultScopedCssItems" task from assembly "C:\Program Files\dotnet\sdk\10.0.103\Sdks\Microsoft.NET.Sdk.StaticWebAssets\targets\..\tasks\net10.0\Microsoft.NET.Sdk.StaticWebAssets.Tasks.dll".
       Task "DiscoverDefaultScopedCssItems"
       Done executing task "DiscoverDefaultScopedCssItems".
   6:6>Done building target "ResolveScopedCssInputs" in project "TicketConsolidator.Web.csproj".
   6:6>Target "ComputeCssScope" in file "C:\Program Files\dotnet\sdk\10.0.103\Sdks\Microsoft.NET.Sdk.StaticWebAssets\targets\Microsoft.NET.Sdk.StaticWebAssets.ScopedCss.targets" from project "c:\Apps\TicketConsolidator\src\TicketConsolidator.Web\TicketConsolidator.Web.csproj" (target "ResolveCssScopes" depends on it):
       Using "ComputeCssScope" task from assembly "C:\Program Files\dotnet\sdk\10.0.103\Sdks\Microsoft.NET.Sdk.StaticWebAssets\targets\..\tasks\net10.0\Microsoft.NET.Sdk.StaticWebAssets.Tasks.dll".
       Task "ComputeCssScope"
         Assembly loaded during TaskRun (Microsoft.AspNetCore.StaticWebAssets.Tasks.ComputeCssScope): System.Runtime.Numerics, Version=10.0.0.0, Culture=neutral, PublicKeyToken=b03f5f7f11d50a3a (location: C:\Program Files\dotnet\shared\Microsoft.NETCore.App\10.0.3\System.Runtime.Numerics.dll, MVID: a1d287c5-84bc-4499-8e90-494a1a3f9350, AssemblyLoadContext: Default)
         Assembly loaded during TaskRun (Microsoft.AspNetCore.StaticWebAssets.Tasks.ComputeCssScope): System.Runtime.Intrinsics, Version=10.0.0.0, Culture=neutral, PublicKeyToken=cc7b13ffcd2ddd51 (location: C:\Program Files\dotnet\shared\Microsoft.NETCore.App\10.0.3\System.Runtime.Intrinsics.dll, MVID: 9f5af1ce-aa80-4680-b03a-60771503d33f, AssemblyLoadContext: Default)
       Done executing task "ComputeCssScope".
   6:6>Done building target "ComputeCssScope" in project "TicketConsolidator.Web.csproj".
       Target "ResolveRazorComponentInputs" skipped. Previously built successfully.
       Target "ResolveRazorGenerateInputs" skipped. Previously built successfully.
   6:6>Target "ResolveCssScopes" in file "C:\Program Files\dotnet\sdk\10.0.103\Sdks\Microsoft.NET.Sdk.Razor\targets\Sdk.Razor.CurrentVersion.targets" from project "c:\Apps\TicketConsolidator\src\TicketConsolidator.Web\TicketConsolidator.Web.csproj" (target "AssignRazorGenerateTargetPaths" depends on it):
       Using "ApplyCssScopes" task from assembly "C:\Program Files\dotnet\sdk\10.0.103\Sdks\Microsoft.NET.Sdk.StaticWebAssets\targets\..\tasks\net10.0\Microsoft.NET.Sdk.StaticWebAssets.Tasks.dll".
       Task "ApplyCssScopes"
       Done executing task "ApplyCssScopes".
   6:6>Done building target "ResolveCssScopes" in project "TicketConsolidator.Web.csproj".
   6:6>Target "AssignRazorGenerateTargetPaths" in file "C:\Program Files\dotnet\sdk\10.0.103\Sdks\Microsoft.NET.Sdk.Razor\targets\Sdk.Razor.CurrentVersion.targets" from project "c:\Apps\TicketConsolidator\src\TicketConsolidator.Web\TicketConsolidator.Web.csproj" (target "PrepareForRazorGenerate" depends on it):
       Task "AssignTargetPath"
       Done executing task "AssignTargetPath".
   6:6>Done building target "AssignRazorGenerateTargetPaths" in project "TicketConsolidator.Web.csproj".
   6:6>Target "_ResolveGeneratedRazorCompileInputs" in file "C:\Program Files\dotnet\sdk\10.0.103\Sdks\Microsoft.NET.Sdk.Razor\targets\Sdk.Razor.CurrentVersion.targets" from project "c:\Apps\TicketConsolidator\src\TicketConsolidator.Web\TicketConsolidator.Web.csproj" (target "PrepareForRazorGenerate" depends on it):
   6:6>Done building target "_ResolveGeneratedRazorCompileInputs" in project "TicketConsolidator.Web.csproj".
   6:6>Target "PrepareForRazorGenerate" in file "C:\Program Files\dotnet\sdk\10.0.103\Sdks\Microsoft.NET.Sdk.Razor\targets\Sdk.Razor.CurrentVersion.targets" from project "c:\Apps\TicketConsolidator\src\TicketConsolidator.Web\TicketConsolidator.Web.csproj" (target "_PrepareRazorSourceGenerators" depends on it):
   6:6>Done building target "PrepareForRazorGenerate" in project "TicketConsolidator.Web.csproj".
       Target "ResolveRazorConfiguration" skipped. Previously built successfully.
       Target "ResolveRazorComponentInputs" skipped. Previously built successfully.
   6:6>Target "AssignRazorComponentTargetPaths" in file "C:\Program Files\dotnet\sdk\10.0.103\Sdks\Microsoft.NET.Sdk.Razor\targets\Sdk.Razor.CurrentVersion.targets" from project "c:\Apps\TicketConsolidator\src\TicketConsolidator.Web\TicketConsolidator.Web.csproj" (target "PrepareForRazorComponentGenerate" depends on it):
       Task "AssignTargetPath"
       Done executing task "AssignTargetPath".
   6:6>Done building target "AssignRazorComponentTargetPaths" in project "TicketConsolidator.Web.csproj".
   6:6>Target "PrepareForRazorComponentGenerate" in file "C:\Program Files\dotnet\sdk\10.0.103\Sdks\Microsoft.NET.Sdk.Razor\targets\Sdk.Razor.CurrentVersion.targets" from project "c:\Apps\TicketConsolidator\src\TicketConsolidator.Web\TicketConsolidator.Web.csproj" (target "_PrepareRazorSourceGenerators" depends on it):
   6:6>Done building target "PrepareForRazorComponentGenerate" in project "TicketConsolidator.Web.csproj".
   6:6>Target "_PrepareRazorSourceGenerators" in file "C:\Program Files\dotnet\sdk\10.0.103\Sdks\Microsoft.NET.Sdk.Razor\targets\Microsoft.NET.Sdk.Razor.SourceGenerators.targets" from project "c:\Apps\TicketConsolidator\src\TicketConsolidator.Web\TicketConsolidator.Web.csproj" (target "GenerateMSBuildEditorConfigFileShouldRun" depends on it):
       Using "EncodeRazorInputItem" task from assembly "C:\Program Files\dotnet\sdk\10.0.103\Sdks\Microsoft.NET.Sdk.Razor\targets\..\tasks\net10.0\Microsoft.NET.Sdk.Razor.Tasks.dll".
       Task "EncodeRazorInputItem"
       Done executing task "EncodeRazorInputItem".
   6:6>Done building target "_PrepareRazorSourceGenerators" in project "TicketConsolidator.Web.csproj".
   6:6>Target "GenerateMSBuildEditorConfigFileShouldRun" in file "C:\Program Files\dotnet\sdk\10.0.103\Roslyn\Microsoft.Managed.Core.targets" from project "c:\Apps\TicketConsolidator\src\TicketConsolidator.Web\TicketConsolidator.Web.csproj" (target "GenerateMSBuildEditorConfigFile" depends on it):
   6:6>Done building target "GenerateMSBuildEditorConfigFileShouldRun" in project "TicketConsolidator.Web.csproj".
   6:6>Target "AddGlobalAnalyzerConfigForPackage_MicrosoftCodeAnalysisCSharpCodeStyle" in file "C:\Program Files\dotnet\sdk\10.0.103\Sdks\Microsoft.NET.Sdk\codestyle\cs\build\Microsoft.CodeAnalysis.CSharp.CodeStyle.targets" from project "c:\Apps\TicketConsolidator\src\TicketConsolidator.Web\TicketConsolidator.Web.csproj" (target "GenerateMSBuildEditorConfigFileCore" depends on it):
   6:6>Done building target "AddGlobalAnalyzerConfigForPackage_MicrosoftCodeAnalysisCSharpCodeStyle" in project "TicketConsolidator.Web.csproj".
   6:6>Target "GenerateMSBuildEditorConfigFileCore" in file "C:\Program Files\dotnet\sdk\10.0.103\Roslyn\Microsoft.Managed.Core.targets" from project "c:\Apps\TicketConsolidator\src\TicketConsolidator.Web\TicketConsolidator.Web.csproj" (target "GenerateMSBuildEditorConfigFile" depends on it):
       Building target "GenerateMSBuildEditorConfigFileCore" completely.
       No input files were specified.
       Using "GenerateMSBuildEditorConfig" task from assembly "C:\Program Files\dotnet\sdk\10.0.103\Sdks\Microsoft.NET.Sdk\targets\..\..\..\Roslyn\Microsoft.Build.Tasks.CodeAnalysis.dll".
       Task "GenerateMSBuildEditorConfig"
       Done executing task "GenerateMSBuildEditorConfig".
   6:6>Done building target "GenerateMSBuildEditorConfigFileCore" in project "TicketConsolidator.Web.csproj".
   6:6>Target "GenerateMSBuildEditorConfigFile" in file "C:\Program Files\dotnet\sdk\10.0.103\Roslyn\Microsoft.Managed.Core.targets" from project "c:\Apps\TicketConsolidator\src\TicketConsolidator.Web\TicketConsolidator.Web.csproj" (target "BeforeCompile" depends on it):
   6:6>Done building target "GenerateMSBuildEditorConfigFile" in project "TicketConsolidator.Web.csproj".
       Target "PrepareForBuild" skipped. Previously built successfully.
       Target "GetReferenceAssemblyPaths" skipped. Previously built successfully.
   6:6>Target "_SetTargetFrameworkMonikerAttribute" in file "C:\Program Files\dotnet\sdk\10.0.103\Microsoft.CSharp.CurrentVersion.targets" from project "c:\Apps\TicketConsolidator\src\TicketConsolidator.Web\TicketConsolidator.Web.csproj" (target "GenerateTargetFrameworkMonikerAttribute" depends on it):
   6:6>Done building target "_SetTargetFrameworkMonikerAttribute" in project "TicketConsolidator.Web.csproj".
   6:6>Target "GenerateTargetFrameworkMonikerAttribute" in file "C:\Program Files\dotnet\sdk\10.0.103\Microsoft.Common.CurrentVersion.targets" from project "c:\Apps\TicketConsolidator\src\TicketConsolidator.Web\TicketConsolidator.Web.csproj" (target "BeforeCompile" depends on it):
       Skipping target "GenerateTargetFrameworkMonikerAttribute" because all output files are up-to-date with respect to the input files.
       Input files: C:\Program Files\dotnet\sdk\10.0.103\Microsoft.Common.targets
       Output files: obj\Debug\net10.0-windows\.NETCoreApp,Version=v10.0.AssemblyAttributes.cs
   6:6>Done building target "GenerateTargetFrameworkMonikerAttribute" in project "TicketConsolidator.Web.csproj".
       Target "PrepareForBuild" skipped. Previously built successfully.
   6:6>Target "GetAssemblyVersion" in file "C:\Program Files\dotnet\sdk\10.0.103\Sdks\Microsoft.NET.Sdk\targets\Microsoft.NET.GenerateAssemblyInfo.targets" from project "c:\Apps\TicketConsolidator\src\TicketConsolidator.Web\TicketConsolidator.Web.csproj" (target "GetAssemblyAttributes" depends on it):
   6:6>Done building target "GetAssemblyVersion" in project "TicketConsolidator.Web.csproj".
   6:6>Target "InitializeSourceControlInformationFromSourceControlManager" in file "C:\Program Files\dotnet\sdk\10.0.103\Sdks\Microsoft.Build.Tasks.Git\build\Microsoft.Build.Tasks.Git.targets" from project "c:\Apps\TicketConsolidator\src\TicketConsolidator.Web\TicketConsolidator.Web.csproj" (target "_InitializeSourceControlInformationFromSourceControlManager" depends on it):
       Using "Microsoft.Build.Tasks.Git.LocateRepository" task from assembly "C:\Program Files\dotnet\sdk\10.0.103\Sdks\Microsoft.Build.Tasks.Git\build\..\tools\net\Microsoft.Build.Tasks.Git.dll".
       Task "Microsoft.Build.Tasks.Git.LocateRepository"
         SourceLink: Repository instance not found in cache: '*:c:\Apps\TicketConsolidator\.git'
       Done executing task "Microsoft.Build.Tasks.Git.LocateRepository".
   6:6>Done building target "InitializeSourceControlInformationFromSourceControlManager" in project "TicketConsolidator.Web.csproj".
   6:6>Target "_SourceLinkHasSingleProvider" in file "C:\Program Files\dotnet\sdk\10.0.103\Sdks\Microsoft.SourceLink.Common\build\InitializeSourceControlInformation.targets" from project "c:\Apps\TicketConsolidator\src\TicketConsolidator.Web\TicketConsolidator.Web.csproj" (target "_InitializeSourceControlInformationFromSourceControlManager" depends on it):
       Using "Microsoft.SourceLink.Common.SourceLinkHasSingleProvider" task from assembly "C:\Program Files\dotnet\sdk\10.0.103\Sdks\Microsoft.SourceLink.Common\build\..\tools\net\Microsoft.SourceLink.Common.dll".
       Task "Microsoft.SourceLink.Common.SourceLinkHasSingleProvider"
       Done executing task "Microsoft.SourceLink.Common.SourceLinkHasSingleProvider".
   6:6>Done building target "_SourceLinkHasSingleProvider" in project "TicketConsolidator.Web.csproj".
   6:6>Target "TranslateGitHubUrlsInSourceControlInformation" in file "C:\Program Files\dotnet\sdk\10.0.103\Sdks\Microsoft.SourceLink.GitHub\build\Microsoft.SourceLink.GitHub.targets" from project "c:\Apps\TicketConsolidator\src\TicketConsolidator.Web\TicketConsolidator.Web.csproj" (target "_InitializeSourceControlInformationFromSourceControlManager" depends on it):
       Using "Microsoft.SourceLink.GitHub.TranslateRepositoryUrls" task from assembly "C:\Program Files\dotnet\sdk\10.0.103\Sdks\Microsoft.SourceLink.GitHub\build\..\tools\net\Microsoft.SourceLink.GitHub.dll".
       Task "Microsoft.SourceLink.GitHub.TranslateRepositoryUrls"
       Done executing task "Microsoft.SourceLink.GitHub.TranslateRepositoryUrls".
   6:6>Done building target "TranslateGitHubUrlsInSourceControlInformation" in project "TicketConsolidator.Web.csproj".
   6:6>Target "TranslateGitLabUrlsInSourceControlInformation" in file "C:\Program Files\dotnet\sdk\10.0.103\Sdks\Microsoft.SourceLink.GitLab\build\Microsoft.SourceLink.GitLab.targets" from project "c:\Apps\TicketConsolidator\src\TicketConsolidator.Web\TicketConsolidator.Web.csproj" (target "_InitializeSourceControlInformationFromSourceControlManager" depends on it):
       Using "Microsoft.SourceLink.GitLab.TranslateRepositoryUrls" task from assembly "C:\Program Files\dotnet\sdk\10.0.103\Sdks\Microsoft.SourceLink.GitLab\build\..\tools\net\Microsoft.SourceLink.GitLab.dll".
       Task "Microsoft.SourceLink.GitLab.TranslateRepositoryUrls"
       Done executing task "Microsoft.SourceLink.GitLab.TranslateRepositoryUrls".
   6:6>Done building target "TranslateGitLabUrlsInSourceControlInformation" in project "TicketConsolidator.Web.csproj".
   6:6>Target "TranslateAzureReposGitUrlsInSourceControlInformation" in file "C:\Program Files\dotnet\sdk\10.0.103\Sdks\Microsoft.SourceLink.AzureRepos.Git\build\Microsoft.SourceLink.AzureRepos.Git.targets" from project "c:\Apps\TicketConsolidator\src\TicketConsolidator.Web\TicketConsolidator.Web.csproj" (target "_InitializeSourceControlInformationFromSourceControlManager" depends on it):
       Using "Microsoft.SourceLink.AzureRepos.Git.TranslateRepositoryUrls" task from assembly "C:\Program Files\dotnet\sdk\10.0.103\Sdks\Microsoft.SourceLink.AzureRepos.Git\build\..\tools\net\Microsoft.SourceLink.AzureRepos.Git.dll".
       Task "Microsoft.SourceLink.AzureRepos.Git.TranslateRepositoryUrls"
       Done executing task "Microsoft.SourceLink.AzureRepos.Git.TranslateRepositoryUrls".
   6:6>Done building target "TranslateAzureReposGitUrlsInSourceControlInformation" in project "TicketConsolidator.Web.csproj".
   6:6>Target "TranslateBitbucketGitUrlsInSourceControlInformation" in file "C:\Program Files\dotnet\sdk\10.0.103\Sdks\Microsoft.SourceLink.Bitbucket.Git\build\Microsoft.SourceLink.Bitbucket.Git.targets" from project "c:\Apps\TicketConsolidator\src\TicketConsolidator.Web\TicketConsolidator.Web.csproj" (target "_InitializeSourceControlInformationFromSourceControlManager" depends on it):
       Using "Microsoft.SourceLink.Bitbucket.Git.TranslateRepositoryUrls" task from assembly "C:\Program Files\dotnet\sdk\10.0.103\Sdks\Microsoft.SourceLink.Bitbucket.Git\build\..\tools\net\Microsoft.SourceLink.Bitbucket.Git.dll".
       Task "Microsoft.SourceLink.Bitbucket.Git.TranslateRepositoryUrls"
       Done executing task "Microsoft.SourceLink.Bitbucket.Git.TranslateRepositoryUrls".
   6:6>Done building target "TranslateBitbucketGitUrlsInSourceControlInformation" in project "TicketConsolidator.Web.csproj".
   6:6>Target "SourceControlManagerPublishTranslatedUrls" in file "C:\Program Files\dotnet\sdk\10.0.103\Sdks\Microsoft.SourceLink.Common\build\InitializeSourceControlInformation.targets" from project "c:\Apps\TicketConsolidator\src\TicketConsolidator.Web\TicketConsolidator.Web.csproj" (target "_InitializeSourceControlInformationFromSourceControlManager" depends on it):
   6:6>Done building target "SourceControlManagerPublishTranslatedUrls" in project "TicketConsolidator.Web.csproj".
   6:6>Target "_InitializeSourceControlInformationFromSourceControlManager" in file "C:\Program Files\dotnet\sdk\10.0.103\Sdks\Microsoft.SourceLink.Common\build\InitializeSourceControlInformation.targets" from project "c:\Apps\TicketConsolidator\src\TicketConsolidator.Web\TicketConsolidator.Web.csproj" (target "InitializeSourceControlInformation" depends on it):
   6:6>Done building target "_InitializeSourceControlInformationFromSourceControlManager" in project "TicketConsolidator.Web.csproj".
   6:6>Target "InitializeSourceControlInformation" in file "C:\Program Files\dotnet\sdk\10.0.103\Microsoft.Common.CurrentVersion.targets" from project "c:\Apps\TicketConsolidator\src\TicketConsolidator.Web\TicketConsolidator.Web.csproj" (target "GetAssemblyAttributes" depends on it):
   6:6>Done building target "InitializeSourceControlInformation" in project "TicketConsolidator.Web.csproj".
       Target "GetAssemblyVersion" skipped. Previously built successfully.
       Target "InitializeSourceControlInformation" skipped. Previously built successfully.
   6:6>Target "AddSourceRevisionToInformationalVersion" in file "C:\Program Files\dotnet\sdk\10.0.103\Sdks\Microsoft.NET.Sdk\targets\Microsoft.NET.GenerateAssemblyInfo.targets" from project "c:\Apps\TicketConsolidator\src\TicketConsolidator.Web\TicketConsolidator.Web.csproj" (target "GetAssemblyAttributes" depends on it):
       C:\Program Files\dotnet\sdk\10.0.103\Sdks\Microsoft.NET.Sdk\targets\Microsoft.NET.GenerateAssemblyInfo.targets(70,7): message : Property reassignment: $(InformationalVersion)="1.0.0.0+fbfcdd5225fd150fadeb804e73797ac5c1514175" (previous value: "1.0.0.0") at C:\Program Files\dotnet\sdk\10.0.103\Sdks\Microsoft.NET.Sdk\targets\Microsoft.NET.GenerateAssemblyInfo.targets (70,7) [c:\Apps\TicketConsolidator\src\TicketConsolidator.Web\TicketConsolidator.Web.csproj]
   6:6>Done building target "AddSourceRevisionToInformationalVersion" in project "TicketConsolidator.Web.csproj".
   6:6>Target "GetAssemblyAttributes" in file "C:\Program Files\dotnet\sdk\10.0.103\Sdks\Microsoft.NET.Sdk\targets\Microsoft.NET.GenerateAssemblyInfo.targets" from project "c:\Apps\TicketConsolidator\src\TicketConsolidator.Web\TicketConsolidator.Web.csproj" (target "CreateGeneratedAssemblyInfoInputsCacheFile" depends on it):
   6:6>Done building target "GetAssemblyAttributes" in project "TicketConsolidator.Web.csproj".
   6:6>Target "CreateGeneratedAssemblyInfoInputsCacheFile" in file "C:\Program Files\dotnet\sdk\10.0.103\Sdks\Microsoft.NET.Sdk\targets\Microsoft.NET.GenerateAssemblyInfo.targets" from project "c:\Apps\TicketConsolidator\src\TicketConsolidator.Web\TicketConsolidator.Web.csproj" (target "CoreGenerateAssemblyInfo" depends on it):
       Using "Hash" task from assembly "Microsoft.Build.Tasks.Core, Version=15.1.0.0, Culture=neutral, PublicKeyToken=b03f5f7f11d50a3a".
       Task "Hash"
       Done executing task "Hash".
       Task "WriteLinesToFile"
         Skipping write to file "obj\Debug\net10.0-windows\TicketConsolidator.Web.AssemblyInfoInputs.cache" because content would not change.
       Done executing task "WriteLinesToFile".
   6:6>Done building target "CreateGeneratedAssemblyInfoInputsCacheFile" in project "TicketConsolidator.Web.csproj".
   6:6>Target "CoreGenerateAssemblyInfo" in file "C:\Program Files\dotnet\sdk\10.0.103\Sdks\Microsoft.NET.Sdk\targets\Microsoft.NET.GenerateAssemblyInfo.targets" from project "c:\Apps\TicketConsolidator\src\TicketConsolidator.Web\TicketConsolidator.Web.csproj" (target "GenerateAssemblyInfo" depends on it):
       Skipping target "CoreGenerateAssemblyInfo" because all output files are up-to-date with respect to the input files.
       Input files: obj\Debug\net10.0-windows\TicketConsolidator.Web.AssemblyInfoInputs.cache
       Output files: obj\Debug\net10.0-windows\TicketConsolidator.Web.AssemblyInfo.cs
   6:6>Done building target "CoreGenerateAssemblyInfo" in project "TicketConsolidator.Web.csproj".
   6:6>Target "GenerateAssemblyInfo" in file "C:\Program Files\dotnet\sdk\10.0.103\Sdks\Microsoft.NET.Sdk\targets\Microsoft.NET.GenerateAssemblyInfo.targets" from project "c:\Apps\TicketConsolidator\src\TicketConsolidator.Web\TicketConsolidator.Web.csproj" (target "BeforeCompile" depends on it):
   6:6>Done building target "GenerateAssemblyInfo" in project "TicketConsolidator.Web.csproj".
   6:6>Target "GenerateGlobalUsings" in file "C:\Program Files\dotnet\sdk\10.0.103\Sdks\Microsoft.NET.Sdk\targets\Microsoft.NET.GenerateGlobalUsings.targets" from project "c:\Apps\TicketConsolidator\src\TicketConsolidator.Web\TicketConsolidator.Web.csproj" (target "BeforeCompile" depends on it):
       Using "GenerateGlobalUsings" task from assembly "C:\Program Files\dotnet\sdk\10.0.103\Sdks\Microsoft.NET.Sdk\targets\..\tools\net10.0\Microsoft.NET.Build.Tasks.dll".
       Task "GenerateGlobalUsings"
       Done executing task "GenerateGlobalUsings".
       Task "WriteLinesToFile"
         Skipping write to file "obj\Debug\net10.0-windows\TicketConsolidator.Web.GlobalUsings.g.cs" because content would not change.
       Done executing task "WriteLinesToFile".
   6:6>Done building target "GenerateGlobalUsings" in project "TicketConsolidator.Web.csproj".
   6:6>Target "BeforeCompile" in file "C:\Program Files\dotnet\sdk\10.0.103\Microsoft.Common.CurrentVersion.targets" from project "c:\Apps\TicketConsolidator\src\TicketConsolidator.Web\TicketConsolidator.Web.csproj" (target "Compile" depends on it):
   6:6>Done building target "BeforeCompile" in project "TicketConsolidator.Web.csproj".
       Target "ResolveAssemblyReferences" skipped. Previously built successfully.
       Target "_GenerateCompileInputs" skipped. Previously built successfully.
   6:6>Target "_GenerateCompileDependencyCache" in file "C:\Program Files\dotnet\sdk\10.0.103\Microsoft.Common.CurrentVersion.targets" from project "c:\Apps\TicketConsolidator\src\TicketConsolidator.Web\TicketConsolidator.Web.csproj" (target "Compile" depends on it):
       Task "Hash"
       Done executing task "Hash".
       Task "WriteLinesToFile"
         Skipping write to file "obj\Debug\net10.0-windows\TicketConsolidator.Web.csproj.CoreCompileInputs.cache" because content would not change.
       Done executing task "WriteLinesToFile".
   6:6>Done building target "_GenerateCompileDependencyCache" in project "TicketConsolidator.Web.csproj".
       Target "ResolveAssemblyReferences" skipped. Previously built successfully.
   6:6>Target "_DiscoverMvcApplicationParts" in file "C:\Program Files\dotnet\sdk\10.0.103\Sdks\Microsoft.NET.Sdk.Razor\targets\Microsoft.NET.Sdk.Razor.MvcApplicationPartsDiscovery.targets" from project "c:\Apps\TicketConsolidator\src\TicketConsolidator.Web\TicketConsolidator.Web.csproj" (target "CoreCompile" depends on it):
       Skipping target "_DiscoverMvcApplicationParts" because all output files are up-to-date with respect to the input files.
       Input files: 
           c:\Apps\TicketConsolidator\src\TicketConsolidator.Web\obj\project.assets.json
           c:\Apps\TicketConsolidator\src\TicketConsolidator.Web\obj\TicketConsolidator.Web.csproj.nuget.g.targets
           C:\Program Files\dotnet\sdk\10.0.103\Current\Microsoft.Common.targets\ImportAfter\Microsoft.TestPlatform.ImportAfter.targets
       Output files: obj\Debug\net10.0-windows\TicketConsolidator.Web.MvcApplicationPartsAssemblyInfo.cache
   6:6>Done building target "_DiscoverMvcApplicationParts" in project "TicketConsolidator.Web.csproj".
       Target "ResolveRazorGenerateInputs" skipped. Previously built successfully.
   6:6>Target "_ResolveMvcAssemblyAttributes" in file "C:\Program Files\dotnet\sdk\10.0.103\Sdks\Microsoft.NET.Sdk.Razor\targets\Microsoft.NET.Sdk.Razor.Configuration.targets" from project "c:\Apps\TicketConsolidator\src\TicketConsolidator.Web\TicketConsolidator.Web.csproj" (target "_GenerateRazorAssemblyInfo" depends on it):
   6:6>Done building target "_ResolveMvcAssemblyAttributes" in project "TicketConsolidator.Web.csproj".
       Target "PrepareForBuild" skipped. Previously built successfully.
   6:6>Target "_CreateRazorAssemblyInfoInputsCacheFile" in file "C:\Program Files\dotnet\sdk\10.0.103\Sdks\Microsoft.NET.Sdk.Razor\targets\Microsoft.NET.Sdk.Razor.GenerateAssemblyInfo.targets" from project "c:\Apps\TicketConsolidator\src\TicketConsolidator.Web\TicketConsolidator.Web.csproj" (target "_CoreGenerateRazorAssemblyInfo" depends on it):
       Task "Hash"
       Done executing task "Hash".
       Task "WriteLinesToFile"
         Skipping write to file "obj\Debug\net10.0-windows\TicketConsolidator.Web.RazorAssemblyInfo.cache" because content would not change.
       Done executing task "WriteLinesToFile".
   6:6>Done building target "_CreateRazorAssemblyInfoInputsCacheFile" in project "TicketConsolidator.Web.csproj".
   6:6>Target "_CoreGenerateRazorAssemblyInfo" in file "C:\Program Files\dotnet\sdk\10.0.103\Sdks\Microsoft.NET.Sdk.Razor\targets\Microsoft.NET.Sdk.Razor.GenerateAssemblyInfo.targets" from project "c:\Apps\TicketConsolidator\src\TicketConsolidator.Web\TicketConsolidator.Web.csproj" (target "_GenerateRazorAssemblyInfo" depends on it):
       Skipping target "_CoreGenerateRazorAssemblyInfo" because all output files are up-to-date with respect to the input files.
       Input files: obj\Debug\net10.0-windows\TicketConsolidator.Web.RazorAssemblyInfo.cache
       Output files: obj\Debug\net10.0-windows\TicketConsolidator.Web.RazorAssemblyInfo.cs
   6:6>Done building target "_CoreGenerateRazorAssemblyInfo" in project "TicketConsolidator.Web.csproj".
   6:6>Target "_GenerateRazorAssemblyInfo" in file "C:\Program Files\dotnet\sdk\10.0.103\Sdks\Microsoft.NET.Sdk.Razor\targets\Microsoft.NET.Sdk.Razor.GenerateAssemblyInfo.targets" from project "c:\Apps\TicketConsolidator\src\TicketConsolidator.Web\TicketConsolidator.Web.csproj" (target "CoreCompile" depends on it):
   6:6>Done building target "_GenerateRazorAssemblyInfo" in project "TicketConsolidator.Web.csproj".
   6:6>Target "_BeforeVBCSCoreCompile" in file "C:\Program Files\dotnet\sdk\10.0.103\Roslyn\Microsoft.Managed.Core.targets" from project "c:\Apps\TicketConsolidator\src\TicketConsolidator.Web\TicketConsolidator.Web.csproj" (target "CoreCompile" depends on it):
   6:6>Done building target "_BeforeVBCSCoreCompile" in project "TicketConsolidator.Web.csproj".
   6:6>Target "_ComputeSkipAnalyzers" in file "C:\Program Files\dotnet\sdk\10.0.103\Roslyn\Microsoft.Managed.Core.targets" from project "c:\Apps\TicketConsolidator\src\TicketConsolidator.Web\TicketConsolidator.Web.csproj" (target "CoreCompile" depends on it):
   6:6>Done building target "_ComputeSkipAnalyzers" in project "TicketConsolidator.Web.csproj".
       Target "BeforeCompile" skipped. Previously built successfully.
       Target "InitializeSourceControlInformationFromSourceControlManager" skipped. Previously built successfully.
   6:6>Target "SetEmbeddedFilesFromSourceControlManagerUntrackedFiles" in file "C:\Program Files\dotnet\sdk\10.0.103\Sdks\Microsoft.Build.Tasks.Git\build\Microsoft.Build.Tasks.Git.targets" from project "c:\Apps\TicketConsolidator\src\TicketConsolidator.Web\TicketConsolidator.Web.csproj" (target "_SetEmbeddedFilesFromSourceControlManagerUntrackedFiles" depends on it):
       Using "Microsoft.Build.Tasks.Git.GetUntrackedFiles" task from assembly "C:\Program Files\dotnet\sdk\10.0.103\Sdks\Microsoft.Build.Tasks.Git\build\..\tools\net\Microsoft.Build.Tasks.Git.dll".
       Task "Microsoft.Build.Tasks.Git.GetUntrackedFiles"
         SourceLink: Reusing cached git repository information.
       Done executing task "Microsoft.Build.Tasks.Git.GetUntrackedFiles".
   6:6>Done building target "SetEmbeddedFilesFromSourceControlManagerUntrackedFiles" in project "TicketConsolidator.Web.csproj".
   6:6>Target "_SetEmbeddedFilesFromSourceControlManagerUntrackedFiles" in file "C:\Program Files\dotnet\sdk\10.0.103\Sdks\Microsoft.SourceLink.Common\build\Microsoft.SourceLink.Common.targets" from project "c:\Apps\TicketConsolidator\src\TicketConsolidator.Web\TicketConsolidator.Web.csproj" (target "CoreCompile" depends on it):
   6:6>Done building target "_SetEmbeddedFilesFromSourceControlManagerUntrackedFiles" in project "TicketConsolidator.Web.csproj".
       Target "InitializeSourceControlInformation" skipped. Previously built successfully.
   6:6>Target "_SetSourceLinkFilePath" in file "C:\Program Files\dotnet\sdk\10.0.103\Sdks\Microsoft.SourceLink.Common\build\Microsoft.SourceLink.Common.targets" from project "c:\Apps\TicketConsolidator\src\TicketConsolidator.Web\TicketConsolidator.Web.csproj" (target "_GenerateSourceLinkFile" depends on it):
   6:6>Done building target "_SetSourceLinkFilePath" in project "TicketConsolidator.Web.csproj".
       Target "InitializeSourceControlInformation" skipped. Previously built successfully.
   6:6>Target "_InitializeSourceRootMappedPathsFromSourceControl" in file "C:\Program Files\dotnet\sdk\10.0.103\Roslyn\Microsoft.Managed.Core.targets" from project "c:\Apps\TicketConsolidator\src\TicketConsolidator.Web\TicketConsolidator.Web.csproj" (target "InitializeSourceRootMappedPaths" depends on it):
   6:6>Done building target "_InitializeSourceRootMappedPathsFromSourceControl" in project "TicketConsolidator.Web.csproj".
   6:6>Target "InitializeSourceRootMappedPaths" in file "C:\Program Files\dotnet\sdk\10.0.103\Roslyn\Microsoft.Managed.Core.targets" from project "c:\Apps\TicketConsolidator\src\TicketConsolidator.Web\TicketConsolidator.Web.csproj" (target "_InitializeSourceRootMappedPathsOpt" depends on it):
       Using "Microsoft.CodeAnalysis.BuildTasks.MapSourceRoots" task from assembly "C:\Program Files\dotnet\sdk\10.0.103\Sdks\Microsoft.NET.Sdk\targets\..\..\..\Roslyn\Microsoft.Build.Tasks.CodeAnalysis.dll".
       Task "Microsoft.CodeAnalysis.BuildTasks.MapSourceRoots"
       Done executing task "Microsoft.CodeAnalysis.BuildTasks.MapSourceRoots".
   6:6>Done building target "InitializeSourceRootMappedPaths" in project "TicketConsolidator.Web.csproj".
   6:6>Target "_InitializeSourceRootMappedPathsOpt" in file "C:\Program Files\dotnet\sdk\10.0.103\Sdks\Microsoft.SourceLink.Common\build\Microsoft.SourceLink.Common.targets" from project "c:\Apps\TicketConsolidator\src\TicketConsolidator.Web\TicketConsolidator.Web.csproj" (target "_GenerateSourceLinkFile" depends on it):
   6:6>Done building target "_InitializeSourceRootMappedPathsOpt" in project "TicketConsolidator.Web.csproj".
   6:6>Target "_InitializeGitHubSourceLinkUrl" in file "C:\Program Files\dotnet\sdk\10.0.103\Sdks\Microsoft.SourceLink.GitHub\build\Microsoft.SourceLink.GitHub.targets" from project "c:\Apps\TicketConsolidator\src\TicketConsolidator.Web\TicketConsolidator.Web.csproj" (target "_GenerateSourceLinkFile" depends on it):
       Building target "_InitializeGitHubSourceLinkUrl" completely.
       No input files were specified.
       Using "Microsoft.SourceLink.GitHub.GetSourceLinkUrl" task from assembly "C:\Program Files\dotnet\sdk\10.0.103\Sdks\Microsoft.SourceLink.GitHub\build\..\tools\net\Microsoft.SourceLink.GitHub.dll".
       Task "Microsoft.SourceLink.GitHub.GetSourceLinkUrl"
       Done executing task "Microsoft.SourceLink.GitHub.GetSourceLinkUrl".
   6:6>Done building target "_InitializeGitHubSourceLinkUrl" in project "TicketConsolidator.Web.csproj".
   6:6>Target "_InitializeGitHubSourceLinkUrl" in file "C:\Program Files\dotnet\sdk\10.0.103\Sdks\Microsoft.SourceLink.GitHub\build\Microsoft.SourceLink.GitHub.targets" from project "c:\Apps\TicketConsolidator\src\TicketConsolidator.Web\TicketConsolidator.Web.csproj" (target "_GenerateSourceLinkFile" depends on it):
       Building target "_InitializeGitHubSourceLinkUrl" completely.
       No input files were specified.
       Task "Microsoft.SourceLink.GitHub.GetSourceLinkUrl"
       Done executing task "Microsoft.SourceLink.GitHub.GetSourceLinkUrl".
   6:6>Done building target "_InitializeGitHubSourceLinkUrl" in project "TicketConsolidator.Web.csproj".
   6:6>Target "_InitializeGitHubSourceLinkUrl" in file "C:\Program Files\dotnet\sdk\10.0.103\Sdks\Microsoft.SourceLink.GitHub\build\Microsoft.SourceLink.GitHub.targets" from project "c:\Apps\TicketConsolidator\src\TicketConsolidator.Web\TicketConsolidator.Web.csproj" (target "_GenerateSourceLinkFile" depends on it):
       Building target "_InitializeGitHubSourceLinkUrl" completely.
       No input files were specified.
       Task "Microsoft.SourceLink.GitHub.GetSourceLinkUrl"
       Done executing task "Microsoft.SourceLink.GitHub.GetSourceLinkUrl".
   6:6>Done building target "_InitializeGitHubSourceLinkUrl" in project "TicketConsolidator.Web.csproj".
   6:6>Target "_InitializeGitLabSourceLinkUrl" in file "C:\Program Files\dotnet\sdk\10.0.103\Sdks\Microsoft.SourceLink.GitLab\build\Microsoft.SourceLink.GitLab.targets" from project "c:\Apps\TicketConsolidator\src\TicketConsolidator.Web\TicketConsolidator.Web.csproj" (target "_GenerateSourceLinkFile" depends on it):
       Building target "_InitializeGitLabSourceLinkUrl" completely.
       No input files were specified.
       Using "Microsoft.SourceLink.GitLab.GetSourceLinkUrl" task from assembly "C:\Program Files\dotnet\sdk\10.0.103\Sdks\Microsoft.SourceLink.GitLab\build\..\tools\net\Microsoft.SourceLink.GitLab.dll".
       Task "Microsoft.SourceLink.GitLab.GetSourceLinkUrl"
       C:\Program Files\dotnet\sdk\10.0.103\Sdks\Microsoft.SourceLink.GitLab\build\Microsoft.SourceLink.GitLab.targets(37,7): message : Property reassignment: $(_SourceLinkUrlToUpdate)="N/A" (previous value: "https://raw.githubusercontent.com/JeetVegad/TicketConsolidator/fbfcdd5225fd150fadeb804e73797ac5c1514175/*") at C:\Program Files\dotnet\sdk\10.0.103\Sdks\Microsoft.SourceLink.GitLab\build\Microsoft.SourceLink.GitLab.targets (37,7) [c:\Apps\TicketConsolidator\src\TicketConsolidator.Web\TicketConsolidator.Web.csproj]
       Done executing task "Microsoft.SourceLink.GitLab.GetSourceLinkUrl".
   6:6>Done building target "_InitializeGitLabSourceLinkUrl" in project "TicketConsolidator.Web.csproj".
   6:6>Target "_InitializeGitLabSourceLinkUrl" in file "C:\Program Files\dotnet\sdk\10.0.103\Sdks\Microsoft.SourceLink.GitLab\build\Microsoft.SourceLink.GitLab.targets" from project "c:\Apps\TicketConsolidator\src\TicketConsolidator.Web\TicketConsolidator.Web.csproj" (target "_GenerateSourceLinkFile" depends on it):
       Building target "_InitializeGitLabSourceLinkUrl" completely.
       No input files were specified.
       Task "Microsoft.SourceLink.GitLab.GetSourceLinkUrl"
       C:\Program Files\dotnet\sdk\10.0.103\Sdks\Microsoft.SourceLink.GitLab\build\Microsoft.SourceLink.GitLab.targets(37,7): message : Property reassignment: $(_SourceLinkUrlToUpdate)="N/A" (previous value: "https://raw.githubusercontent.com/JeetVegad/TicketConsolidator/fbfcdd5225fd150fadeb804e73797ac5c1514175/*") at C:\Program Files\dotnet\sdk\10.0.103\Sdks\Microsoft.SourceLink.GitLab\build\Microsoft.SourceLink.GitLab.targets (37,7) [c:\Apps\TicketConsolidator\src\TicketConsolidator.Web\TicketConsolidator.Web.csproj]
       Done executing task "Microsoft.SourceLink.GitLab.GetSourceLinkUrl".
   6:6>Done building target "_InitializeGitLabSourceLinkUrl" in project "TicketConsolidator.Web.csproj".
   6:6>Target "_InitializeGitLabSourceLinkUrl" in file "C:\Program Files\dotnet\sdk\10.0.103\Sdks\Microsoft.SourceLink.GitLab\build\Microsoft.SourceLink.GitLab.targets" from project "c:\Apps\TicketConsolidator\src\TicketConsolidator.Web\TicketConsolidator.Web.csproj" (target "_GenerateSourceLinkFile" depends on it):
       Building target "_InitializeGitLabSourceLinkUrl" completely.
       No input files were specified.
       Task "Microsoft.SourceLink.GitLab.GetSourceLinkUrl"
       C:\Program Files\dotnet\sdk\10.0.103\Sdks\Microsoft.SourceLink.GitLab\build\Microsoft.SourceLink.GitLab.targets(37,7): message : Property reassignment: $(_SourceLinkUrlToUpdate)="N/A" (previous value: "https://raw.githubusercontent.com/JeetVegad/TicketConsolidator/fbfcdd5225fd150fadeb804e73797ac5c1514175/*") at C:\Program Files\dotnet\sdk\10.0.103\Sdks\Microsoft.SourceLink.GitLab\build\Microsoft.SourceLink.GitLab.targets (37,7) [c:\Apps\TicketConsolidator\src\TicketConsolidator.Web\TicketConsolidator.Web.csproj]
       Done executing task "Microsoft.SourceLink.GitLab.GetSourceLinkUrl".
   6:6>Done building target "_InitializeGitLabSourceLinkUrl" in project "TicketConsolidator.Web.csproj".
   6:6>Target "_InitializeAzureReposGitSourceLinkUrl" in file "C:\Program Files\dotnet\sdk\10.0.103\Sdks\Microsoft.SourceLink.AzureRepos.Git\build\Microsoft.SourceLink.AzureRepos.Git.targets" from project "c:\Apps\TicketConsolidator\src\TicketConsolidator.Web\TicketConsolidator.Web.csproj" (target "_GenerateSourceLinkFile" depends on it):
       Building target "_InitializeAzureReposGitSourceLinkUrl" completely.
       No input files were specified.
       Using "Microsoft.SourceLink.AzureRepos.Git.GetSourceLinkUrl" task from assembly "C:\Program Files\dotnet\sdk\10.0.103\Sdks\Microsoft.SourceLink.AzureRepos.Git\build\..\tools\net\Microsoft.SourceLink.AzureRepos.Git.dll".
       Task "Microsoft.SourceLink.AzureRepos.Git.GetSourceLinkUrl"
       Done executing task "Microsoft.SourceLink.AzureRepos.Git.GetSourceLinkUrl".
   6:6>Done building target "_InitializeAzureReposGitSourceLinkUrl" in project "TicketConsolidator.Web.csproj".
   6:6>Target "_InitializeAzureReposGitSourceLinkUrl" in file "C:\Program Files\dotnet\sdk\10.0.103\Sdks\Microsoft.SourceLink.AzureRepos.Git\build\Microsoft.SourceLink.AzureRepos.Git.targets" from project "c:\Apps\TicketConsolidator\src\TicketConsolidator.Web\TicketConsolidator.Web.csproj" (target "_GenerateSourceLinkFile" depends on it):
       Building target "_InitializeAzureReposGitSourceLinkUrl" completely.
       No input files were specified.
       Task "Microsoft.SourceLink.AzureRepos.Git.GetSourceLinkUrl"
       Done executing task "Microsoft.SourceLink.AzureRepos.Git.GetSourceLinkUrl".
   6:6>Done building target "_InitializeAzureReposGitSourceLinkUrl" in project "TicketConsolidator.Web.csproj".
   6:6>Target "_InitializeAzureReposGitSourceLinkUrl" in file "C:\Program Files\dotnet\sdk\10.0.103\Sdks\Microsoft.SourceLink.AzureRepos.Git\build\Microsoft.SourceLink.AzureRepos.Git.targets" from project "c:\Apps\TicketConsolidator\src\TicketConsolidator.Web\TicketConsolidator.Web.csproj" (target "_GenerateSourceLinkFile" depends on it):
       Building target "_InitializeAzureReposGitSourceLinkUrl" completely.
       No input files were specified.
       Task "Microsoft.SourceLink.AzureRepos.Git.GetSourceLinkUrl"
       Done executing task "Microsoft.SourceLink.AzureRepos.Git.GetSourceLinkUrl".
   6:6>Done building target "_InitializeAzureReposGitSourceLinkUrl" in project "TicketConsolidator.Web.csproj".
   6:6>Target "_InitializeBitbucketGitSourceLinkUrl" in file "C:\Program Files\dotnet\sdk\10.0.103\Sdks\Microsoft.SourceLink.Bitbucket.Git\build\Microsoft.SourceLink.Bitbucket.Git.targets" from project "c:\Apps\TicketConsolidator\src\TicketConsolidator.Web\TicketConsolidator.Web.csproj" (target "_GenerateSourceLinkFile" depends on it):
       Building target "_InitializeBitbucketGitSourceLinkUrl" completely.
       No input files were specified.
       Using "Microsoft.SourceLink.Bitbucket.Git.GetSourceLinkUrl" task from assembly "C:\Program Files\dotnet\sdk\10.0.103\Sdks\Microsoft.SourceLink.Bitbucket.Git\build\..\tools\net\Microsoft.SourceLink.Bitbucket.Git.dll".
       Task "Microsoft.SourceLink.Bitbucket.Git.GetSourceLinkUrl"
       Done executing task "Microsoft.SourceLink.Bitbucket.Git.GetSourceLinkUrl".
   6:6>Done building target "_InitializeBitbucketGitSourceLinkUrl" in project "TicketConsolidator.Web.csproj".
   6:6>Target "_InitializeBitbucketGitSourceLinkUrl" in file "C:\Program Files\dotnet\sdk\10.0.103\Sdks\Microsoft.SourceLink.Bitbucket.Git\build\Microsoft.SourceLink.Bitbucket.Git.targets" from project "c:\Apps\TicketConsolidator\src\TicketConsolidator.Web\TicketConsolidator.Web.csproj" (target "_GenerateSourceLinkFile" depends on it):
       Building target "_InitializeBitbucketGitSourceLinkUrl" completely.
       No input files were specified.
       Task "Microsoft.SourceLink.Bitbucket.Git.GetSourceLinkUrl"
       Done executing task "Microsoft.SourceLink.Bitbucket.Git.GetSourceLinkUrl".
   6:6>Done building target "_InitializeBitbucketGitSourceLinkUrl" in project "TicketConsolidator.Web.csproj".
   6:6>Target "_InitializeBitbucketGitSourceLinkUrl" in file "C:\Program Files\dotnet\sdk\10.0.103\Sdks\Microsoft.SourceLink.Bitbucket.Git\build\Microsoft.SourceLink.Bitbucket.Git.targets" from project "c:\Apps\TicketConsolidator\src\TicketConsolidator.Web\TicketConsolidator.Web.csproj" (target "_GenerateSourceLinkFile" depends on it):
       Building target "_InitializeBitbucketGitSourceLinkUrl" completely.
       No input files were specified.
       Task "Microsoft.SourceLink.Bitbucket.Git.GetSourceLinkUrl"
       Done executing task "Microsoft.SourceLink.Bitbucket.Git.GetSourceLinkUrl".
   6:6>Done building target "_InitializeBitbucketGitSourceLinkUrl" in project "TicketConsolidator.Web.csproj".
   6:6>Target "_GenerateSourceLinkFile" in file "C:\Program Files\dotnet\sdk\10.0.103\Sdks\Microsoft.SourceLink.Common\build\Microsoft.SourceLink.Common.targets" from project "c:\Apps\TicketConsolidator\src\TicketConsolidator.Web\TicketConsolidator.Web.csproj" (target "GenerateSourceLinkFile" depends on it):
       Building target "_GenerateSourceLinkFile" completely.
       No input files were specified.
       Using "Microsoft.SourceLink.Common.GenerateSourceLinkFile" task from assembly "C:\Program Files\dotnet\sdk\10.0.103\Sdks\Microsoft.SourceLink.Common\build\..\tools\net\Microsoft.SourceLink.Common.dll".
       Task "Microsoft.SourceLink.Common.GenerateSourceLinkFile"
         Source Link file 'obj\Debug\net10.0-windows\TicketConsolidator.Web.sourcelink.json' is up-to-date.
       Done executing task "Microsoft.SourceLink.Common.GenerateSourceLinkFile".
   6:6>Done building target "_GenerateSourceLinkFile" in project "TicketConsolidator.Web.csproj".
   6:6>Target "GenerateSourceLinkFile" in file "C:\Program Files\dotnet\sdk\10.0.103\Sdks\Microsoft.SourceLink.Common\build\Microsoft.SourceLink.Common.targets" from project "c:\Apps\TicketConsolidator\src\TicketConsolidator.Web\TicketConsolidator.Web.csproj" (target "CoreCompile" depends on it):
   6:6>Done building target "GenerateSourceLinkFile" in project "TicketConsolidator.Web.csproj".
   6:6>Target "AddGlobalAnalyzerConfigForPackage_MicrosoftCodeAnalysisNetAnalyzers" in file "C:\Program Files\dotnet\sdk\10.0.103\Sdks\Microsoft.NET.Sdk\analyzers\build\Microsoft.CodeAnalysis.NetAnalyzers.targets" from project "c:\Apps\TicketConsolidator\src\TicketConsolidator.Web\TicketConsolidator.Web.csproj" (target "CoreCompile" depends on it):
   6:6>Done building target "AddGlobalAnalyzerConfigForPackage_MicrosoftCodeAnalysisNetAnalyzers" in project "TicketConsolidator.Web.csproj".
   6:6>Target "CoreCompile" in file "C:\Program Files\dotnet\sdk\10.0.103\Roslyn\Microsoft.CSharp.Core.targets" from project "c:\Apps\TicketConsolidator\src\TicketConsolidator.Web\TicketConsolidator.Web.csproj" (target "Compile" depends on it):
       Skipping target "CoreCompile" because all output files are up-to-date with respect to the input files.
       Input files: 
           Data\WeatherForecast.cs
           Data\WeatherForecastService.cs
           Pages\Error.cshtml.cs
           Program.cs
           Services\TicketService.cs
           Services\ToastService.cs
           obj\Debug\net10.0-windows\EmbeddedAttribute.cs
           obj\Debug\net10.0-windows\ValidatableTypeAttribute.cs
           obj\Debug\net10.0-windows\.NETCoreApp,Version=v10.0.AssemblyAttributes.cs
           obj\Debug\net10.0-windows\TicketConsolidator.Web.AssemblyInfo.cs
           obj\Debug\net10.0-windows\TicketConsolidator.Web.GlobalUsings.g.cs
           obj\Debug\net10.0-windows\TicketConsolidator.Web.RazorAssemblyInfo.cs
           C:\Program Files\dotnet\packs\Microsoft.WindowsDesktop.App.Ref\10.0.3\ref\net10.0\Accessibility.dll
           C:\Program Files\dotnet\packs\Microsoft.AspNetCore.App.Ref\10.0.3\ref\net10.0\Microsoft.AspNetCore.Antiforgery.dll
           C:\Program Files\dotnet\packs\Microsoft.AspNetCore.App.Ref\10.0.3\ref\net10.0\Microsoft.AspNetCore.Authentication.Abstractions.dll
           C:\Program Files\dotnet\packs\Microsoft.AspNetCore.App.Ref\10.0.3\ref\net10.0\Microsoft.AspNetCore.Authentication.BearerToken.dll
           C:\Program Files\dotnet\packs\Microsoft.AspNetCore.App.Ref\10.0.3\ref\net10.0\Microsoft.AspNetCore.Authentication.Cookies.dll
           C:\Program Files\dotnet\packs\Microsoft.AspNetCore.App.Ref\10.0.3\ref\net10.0\Microsoft.AspNetCore.Authentication.Core.dll
           C:\Program Files\dotnet\packs\Microsoft.AspNetCore.App.Ref\10.0.3\ref\net10.0\Microsoft.AspNetCore.Authentication.dll
           C:\Program Files\dotnet\packs\Microsoft.AspNetCore.App.Ref\10.0.3\ref\net10.0\Microsoft.AspNetCore.Authentication.OAuth.dll
           C:\Program Files\dotnet\packs\Microsoft.AspNetCore.App.Ref\10.0.3\ref\net10.0\Microsoft.AspNetCore.Authorization.dll
           C:\Program Files\dotnet\packs\Microsoft.AspNetCore.App.Ref\10.0.3\ref\net10.0\Microsoft.AspNetCore.Authorization.Policy.dll
           C:\Program Files\dotnet\packs\Microsoft.AspNetCore.App.Ref\10.0.3\ref\net10.0\Microsoft.AspNetCore.Components.Authorization.dll
           C:\Program Files\dotnet\packs\Microsoft.AspNetCore.App.Ref\10.0.3\ref\net10.0\Microsoft.AspNetCore.Components.dll
           C:\Program Files\dotnet\packs\Microsoft.AspNetCore.App.Ref\10.0.3\ref\net10.0\Microsoft.AspNetCore.Components.Endpoints.dll
           C:\Program Files\dotnet\packs\Microsoft.AspNetCore.App.Ref\10.0.3\ref\net10.0\Microsoft.AspNetCore.Components.Forms.dll
           C:\Program Files\dotnet\packs\Microsoft.AspNetCore.App.Ref\10.0.3\ref\net10.0\Microsoft.AspNetCore.Components.Server.dll
           C:\Program Files\dotnet\packs\Microsoft.AspNetCore.App.Ref\10.0.3\ref\net10.0\Microsoft.AspNetCore.Components.Web.dll
           C:\Program Files\dotnet\packs\Microsoft.AspNetCore.App.Ref\10.0.3\ref\net10.0\Microsoft.AspNetCore.Connections.Abstractions.dll
           C:\Program Files\dotnet\packs\Microsoft.AspNetCore.App.Ref\10.0.3\ref\net10.0\Microsoft.AspNetCore.CookiePolicy.dll
           C:\Program Files\dotnet\packs\Microsoft.AspNetCore.App.Ref\10.0.3\ref\net10.0\Microsoft.AspNetCore.Cors.dll
           C:\Program Files\dotnet\packs\Microsoft.AspNetCore.App.Ref\10.0.3\ref\net10.0\Microsoft.AspNetCore.Cryptography.Internal.dll
           C:\Program Files\dotnet\packs\Microsoft.AspNetCore.App.Ref\10.0.3\ref\net10.0\Microsoft.AspNetCore.Cryptography.KeyDerivation.dll
           C:\Program Files\dotnet\packs\Microsoft.AspNetCore.App.Ref\10.0.3\ref\net10.0\Microsoft.AspNetCore.DataProtection.Abstractions.dll
           C:\Program Files\dotnet\packs\Microsoft.AspNetCore.App.Ref\10.0.3\ref\net10.0\Microsoft.AspNetCore.DataProtection.dll
           C:\Program Files\dotnet\packs\Microsoft.AspNetCore.App.Ref\10.0.3\ref\net10.0\Microsoft.AspNetCore.DataProtection.Extensions.dll
           C:\Program Files\dotnet\packs\Microsoft.AspNetCore.App.Ref\10.0.3\ref\net10.0\Microsoft.AspNetCore.Diagnostics.Abstractions.dll
           C:\Program Files\dotnet\packs\Microsoft.AspNetCore.App.Ref\10.0.3\ref\net10.0\Microsoft.AspNetCore.Diagnostics.dll
           C:\Program Files\dotnet\packs\Microsoft.AspNetCore.App.Ref\10.0.3\ref\net10.0\Microsoft.AspNetCore.Diagnostics.HealthChecks.dll
           C:\Program Files\dotnet\packs\Microsoft.AspNetCore.App.Ref\10.0.3\ref\net10.0\Microsoft.AspNetCore.dll
           C:\Program Files\dotnet\packs\Microsoft.AspNetCore.App.Ref\10.0.3\ref\net10.0\Microsoft.AspNetCore.HostFiltering.dll
           C:\Program Files\dotnet\packs\Microsoft.AspNetCore.App.Ref\10.0.3\ref\net10.0\Microsoft.AspNetCore.Hosting.Abstractions.dll
           C:\Program Files\dotnet\packs\Microsoft.AspNetCore.App.Ref\10.0.3\ref\net10.0\Microsoft.AspNetCore.Hosting.dll
           C:\Program Files\dotnet\packs\Microsoft.AspNetCore.App.Ref\10.0.3\ref\net10.0\Microsoft.AspNetCore.Hosting.Server.Abstractions.dll
           C:\Program Files\dotnet\packs\Microsoft.AspNetCore.App.Ref\10.0.3\ref\net10.0\Microsoft.AspNetCore.Html.Abstractions.dll
           C:\Program Files\dotnet\packs\Microsoft.AspNetCore.App.Ref\10.0.3\ref\net10.0\Microsoft.AspNetCore.Http.Abstractions.dll
           C:\Program Files\dotnet\packs\Microsoft.AspNetCore.App.Ref\10.0.3\ref\net10.0\Microsoft.AspNetCore.Http.Connections.Common.dll
           C:\Program Files\dotnet\packs\Microsoft.AspNetCore.App.Ref\10.0.3\ref\net10.0\Microsoft.AspNetCore.Http.Connections.dll
           C:\Program Files\dotnet\packs\Microsoft.AspNetCore.App.Ref\10.0.3\ref\net10.0\Microsoft.AspNetCore.Http.dll
           C:\Program Files\dotnet\packs\Microsoft.AspNetCore.App.Ref\10.0.3\ref\net10.0\Microsoft.AspNetCore.Http.Extensions.dll
           C:\Program Files\dotnet\packs\Microsoft.AspNetCore.App.Ref\10.0.3\ref\net10.0\Microsoft.AspNetCore.Http.Features.dll
           C:\Program Files\dotnet\packs\Microsoft.AspNetCore.App.Ref\10.0.3\ref\net10.0\Microsoft.AspNetCore.Http.Results.dll
           C:\Program Files\dotnet\packs\Microsoft.AspNetCore.App.Ref\10.0.3\ref\net10.0\Microsoft.AspNetCore.HttpLogging.dll
           C:\Program Files\dotnet\packs\Microsoft.AspNetCore.App.Ref\10.0.3\ref\net10.0\Microsoft.AspNetCore.HttpOverrides.dll
           C:\Program Files\dotnet\packs\Microsoft.AspNetCore.App.Ref\10.0.3\ref\net10.0\Microsoft.AspNetCore.HttpsPolicy.dll
           C:\Program Files\dotnet\packs\Microsoft.AspNetCore.App.Ref\10.0.3\ref\net10.0\Microsoft.AspNetCore.Identity.dll
           C:\Program Files\dotnet\packs\Microsoft.AspNetCore.App.Ref\10.0.3\ref\net10.0\Microsoft.AspNetCore.Localization.dll
           C:\Program Files\dotnet\packs\Microsoft.AspNetCore.App.Ref\10.0.3\ref\net10.0\Microsoft.AspNetCore.Localization.Routing.dll
           C:\Program Files\dotnet\packs\Microsoft.AspNetCore.App.Ref\10.0.3\ref\net10.0\Microsoft.AspNetCore.Metadata.dll
           C:\Program Files\dotnet\packs\Microsoft.AspNetCore.App.Ref\10.0.3\ref\net10.0\Microsoft.AspNetCore.Mvc.Abstractions.dll
           C:\Program Files\dotnet\packs\Microsoft.AspNetCore.App.Ref\10.0.3\ref\net10.0\Microsoft.AspNetCore.Mvc.ApiExplorer.dll
           C:\Program Files\dotnet\packs\Microsoft.AspNetCore.App.Ref\10.0.3\ref\net10.0\Microsoft.AspNetCore.Mvc.Core.dll
           C:\Program Files\dotnet\packs\Microsoft.AspNetCore.App.Ref\10.0.3\ref\net10.0\Microsoft.AspNetCore.Mvc.Cors.dll
           C:\Program Files\dotnet\packs\Microsoft.AspNetCore.App.Ref\10.0.3\ref\net10.0\Microsoft.AspNetCore.Mvc.DataAnnotations.dll
           C:\Program Files\dotnet\packs\Microsoft.AspNetCore.App.Ref\10.0.3\ref\net10.0\Microsoft.AspNetCore.Mvc.dll
           C:\Program Files\dotnet\packs\Microsoft.AspNetCore.App.Ref\10.0.3\ref\net10.0\Microsoft.AspNetCore.Mvc.Formatters.Json.dll
           C:\Program Files\dotnet\packs\Microsoft.AspNetCore.App.Ref\10.0.3\ref\net10.0\Microsoft.AspNetCore.Mvc.Formatters.Xml.dll
           C:\Program Files\dotnet\packs\Microsoft.AspNetCore.App.Ref\10.0.3\ref\net10.0\Microsoft.AspNetCore.Mvc.Localization.dll
           C:\Program Files\dotnet\packs\Microsoft.AspNetCore.App.Ref\10.0.3\ref\net10.0\Microsoft.AspNetCore.Mvc.Razor.dll
           C:\Program Files\dotnet\packs\Microsoft.AspNetCore.App.Ref\10.0.3\ref\net10.0\Microsoft.AspNetCore.Mvc.RazorPages.dll
           C:\Program Files\dotnet\packs\Microsoft.AspNetCore.App.Ref\10.0.3\ref\net10.0\Microsoft.AspNetCore.Mvc.TagHelpers.dll
           C:\Program Files\dotnet\packs\Microsoft.AspNetCore.App.Ref\10.0.3\ref\net10.0\Microsoft.AspNetCore.Mvc.ViewFeatures.dll
           C:\Program Files\dotnet\packs\Microsoft.AspNetCore.App.Ref\10.0.3\ref\net10.0\Microsoft.AspNetCore.OutputCaching.dll
           C:\Program Files\dotnet\packs\Microsoft.AspNetCore.App.Ref\10.0.3\ref\net10.0\Microsoft.AspNetCore.RateLimiting.dll
           C:\Program Files\dotnet\packs\Microsoft.AspNetCore.App.Ref\10.0.3\ref\net10.0\Microsoft.AspNetCore.Razor.dll
           C:\Program Files\dotnet\packs\Microsoft.AspNetCore.App.Ref\10.0.3\ref\net10.0\Microsoft.AspNetCore.Razor.Runtime.dll
           C:\Program Files\dotnet\packs\Microsoft.AspNetCore.App.Ref\10.0.3\ref\net10.0\Microsoft.AspNetCore.RequestDecompression.dll
           C:\Program Files\dotnet\packs\Microsoft.AspNetCore.App.Ref\10.0.3\ref\net10.0\Microsoft.AspNetCore.ResponseCaching.Abstractions.dll
           C:\Program Files\dotnet\packs\Microsoft.AspNetCore.App.Ref\10.0.3\ref\net10.0\Microsoft.AspNetCore.ResponseCaching.dll
           C:\Program Files\dotnet\packs\Microsoft.AspNetCore.App.Ref\10.0.3\ref\net10.0\Microsoft.AspNetCore.ResponseCompression.dll
           C:\Program Files\dotnet\packs\Microsoft.AspNetCore.App.Ref\10.0.3\ref\net10.0\Microsoft.AspNetCore.Rewrite.dll
           C:\Program Files\dotnet\packs\Microsoft.AspNetCore.App.Ref\10.0.3\ref\net10.0\Microsoft.AspNetCore.Routing.Abstractions.dll
           C:\Program Files\dotnet\packs\Microsoft.AspNetCore.App.Ref\10.0.3\ref\net10.0\Microsoft.AspNetCore.Routing.dll
           C:\Program Files\dotnet\packs\Microsoft.AspNetCore.App.Ref\10.0.3\ref\net10.0\Microsoft.AspNetCore.Server.HttpSys.dll
           C:\Program Files\dotnet\packs\Microsoft.AspNetCore.App.Ref\10.0.3\ref\net10.0\Microsoft.AspNetCore.Server.IIS.dll
           C:\Program Files\dotnet\packs\Microsoft.AspNetCore.App.Ref\10.0.3\ref\net10.0\Microsoft.AspNetCore.Server.IISIntegration.dll
           C:\Program Files\dotnet\packs\Microsoft.AspNetCore.App.Ref\10.0.3\ref\net10.0\Microsoft.AspNetCore.Server.Kestrel.Core.dll
           C:\Program Files\dotnet\packs\Microsoft.AspNetCore.App.Ref\10.0.3\ref\net10.0\Microsoft.AspNetCore.Server.Kestrel.dll
           C:\Program Files\dotnet\packs\Microsoft.AspNetCore.App.Ref\10.0.3\ref\net10.0\Microsoft.AspNetCore.Server.Kestrel.Transport.NamedPipes.dll
           C:\Program Files\dotnet\packs\Microsoft.AspNetCore.App.Ref\10.0.3\ref\net10.0\Microsoft.AspNetCore.Server.Kestrel.Transport.Quic.dll
           C:\Program Files\dotnet\packs\Microsoft.AspNetCore.App.Ref\10.0.3\ref\net10.0\Microsoft.AspNetCore.Server.Kestrel.Transport.Sockets.dll
           C:\Program Files\dotnet\packs\Microsoft.AspNetCore.App.Ref\10.0.3\ref\net10.0\Microsoft.AspNetCore.Session.dll
           C:\Program Files\dotnet\packs\Microsoft.AspNetCore.App.Ref\10.0.3\ref\net10.0\Microsoft.AspNetCore.SignalR.Common.dll
           C:\Program Files\dotnet\packs\Microsoft.AspNetCore.App.Ref\10.0.3\ref\net10.0\Microsoft.AspNetCore.SignalR.Core.dll
           C:\Program Files\dotnet\packs\Microsoft.AspNetCore.App.Ref\10.0.3\ref\net10.0\Microsoft.AspNetCore.SignalR.dll
           C:\Program Files\dotnet\packs\Microsoft.AspNetCore.App.Ref\10.0.3\ref\net10.0\Microsoft.AspNetCore.SignalR.Protocols.Json.dll
           C:\Program Files\dotnet\packs\Microsoft.AspNetCore.App.Ref\10.0.3\ref\net10.0\Microsoft.AspNetCore.StaticAssets.dll
           C:\Program Files\dotnet\packs\Microsoft.AspNetCore.App.Ref\10.0.3\ref\net10.0\Microsoft.AspNetCore.StaticFiles.dll
           C:\Program Files\dotnet\packs\Microsoft.AspNetCore.App.Ref\10.0.3\ref\net10.0\Microsoft.AspNetCore.WebSockets.dll
           C:\Program Files\dotnet\packs\Microsoft.AspNetCore.App.Ref\10.0.3\ref\net10.0\Microsoft.AspNetCore.WebUtilities.dll
           C:\Program Files\dotnet\packs\Microsoft.NETCore.App.Ref\10.0.3\ref\net10.0\Microsoft.CSharp.dll
           C:\Program Files\dotnet\packs\Microsoft.AspNetCore.App.Ref\10.0.3\ref\net10.0\Microsoft.Extensions.Caching.Abstractions.dll
           C:\Program Files\dotnet\packs\Microsoft.AspNetCore.App.Ref\10.0.3\ref\net10.0\Microsoft.Extensions.Caching.Memory.dll
           C:\Program Files\dotnet\packs\Microsoft.AspNetCore.App.Ref\10.0.3\ref\net10.0\Microsoft.Extensions.Configuration.Abstractions.dll
           C:\Program Files\dotnet\packs\Microsoft.AspNetCore.App.Ref\10.0.3\ref\net10.0\Microsoft.Extensions.Configuration.Binder.dll
           C:\Program Files\dotnet\packs\Microsoft.AspNetCore.App.Ref\10.0.3\ref\net10.0\Microsoft.Extensions.Configuration.CommandLine.dll
           C:\Program Files\dotnet\packs\Microsoft.AspNetCore.App.Ref\10.0.3\ref\net10.0\Microsoft.Extensions.Configuration.dll
           C:\Program Files\dotnet\packs\Microsoft.AspNetCore.App.Ref\10.0.3\ref\net10.0\Microsoft.Extensions.Configuration.EnvironmentVariables.dll
           C:\Program Files\dotnet\packs\Microsoft.AspNetCore.App.Ref\10.0.3\ref\net10.0\Microsoft.Extensions.Configuration.FileExtensions.dll
           C:\Program Files\dotnet\packs\Microsoft.AspNetCore.App.Ref\10.0.3\ref\net10.0\Microsoft.Extensions.Configuration.Ini.dll
           C:\Program Files\dotnet\packs\Microsoft.AspNetCore.App.Ref\10.0.3\ref\net10.0\Microsoft.Extensions.Configuration.Json.dll
           C:\Program Files\dotnet\packs\Microsoft.AspNetCore.App.Ref\10.0.3\ref\net10.0\Microsoft.Extensions.Configuration.KeyPerFile.dll
           C:\Program Files\dotnet\packs\Microsoft.AspNetCore.App.Ref\10.0.3\ref\net10.0\Microsoft.Extensions.Configuration.UserSecrets.dll
           C:\Program Files\dotnet\packs\Microsoft.AspNetCore.App.Ref\10.0.3\ref\net10.0\Microsoft.Extensions.Configuration.Xml.dll
           C:\Program Files\dotnet\packs\Microsoft.AspNetCore.App.Ref\10.0.3\ref\net10.0\Microsoft.Extensions.DependencyInjection.Abstractions.dll
           C:\Program Files\dotnet\packs\Microsoft.AspNetCore.App.Ref\10.0.3\ref\net10.0\Microsoft.Extensions.DependencyInjection.dll
           C:\Program Files\dotnet\packs\Microsoft.AspNetCore.App.Ref\10.0.3\ref\net10.0\Microsoft.Extensions.Diagnostics.Abstractions.dll
           C:\Program Files\dotnet\packs\Microsoft.AspNetCore.App.Ref\10.0.3\ref\net10.0\Microsoft.Extensions.Diagnostics.dll
           C:\Program Files\dotnet\packs\Microsoft.AspNetCore.App.Ref\10.0.3\ref\net10.0\Microsoft.Extensions.Diagnostics.HealthChecks.Abstractions.dll
           C:\Program Files\dotnet\packs\Microsoft.AspNetCore.App.Ref\10.0.3\ref\net10.0\Microsoft.Extensions.Diagnostics.HealthChecks.dll
           C:\Program Files\dotnet\packs\Microsoft.AspNetCore.App.Ref\10.0.3\ref\net10.0\Microsoft.Extensions.Features.dll
           C:\Program Files\dotnet\packs\Microsoft.AspNetCore.App.Ref\10.0.3\ref\net10.0\Microsoft.Extensions.FileProviders.Abstractions.dll
           C:\Program Files\dotnet\packs\Microsoft.AspNetCore.App.Ref\10.0.3\ref\net10.0\Microsoft.Extensions.FileProviders.Composite.dll
           C:\Program Files\dotnet\packs\Microsoft.AspNetCore.App.Ref\10.0.3\ref\net10.0\Microsoft.Extensions.FileProviders.Embedded.dll
           C:\Program Files\dotnet\packs\Microsoft.AspNetCore.App.Ref\10.0.3\ref\net10.0\Microsoft.Extensions.FileProviders.Physical.dll
           C:\Program Files\dotnet\packs\Microsoft.AspNetCore.App.Ref\10.0.3\ref\net10.0\Microsoft.Extensions.FileSystemGlobbing.dll
           C:\Program Files\dotnet\packs\Microsoft.AspNetCore.App.Ref\10.0.3\ref\net10.0\Microsoft.Extensions.Hosting.Abstractions.dll
           C:\Program Files\dotnet\packs\Microsoft.AspNetCore.App.Ref\10.0.3\ref\net10.0\Microsoft.Extensions.Hosting.dll
           C:\Program Files\dotnet\packs\Microsoft.AspNetCore.App.Ref\10.0.3\ref\net10.0\Microsoft.Extensions.Http.dll
           C:\Program Files\dotnet\packs\Microsoft.AspNetCore.App.Ref\10.0.3\ref\net10.0\Microsoft.Extensions.Identity.Core.dll
           C:\Program Files\dotnet\packs\Microsoft.AspNetCore.App.Ref\10.0.3\ref\net10.0\Microsoft.Extensions.Identity.Stores.dll
           C:\Program Files\dotnet\packs\Microsoft.AspNetCore.App.Ref\10.0.3\ref\net10.0\Microsoft.Extensions.Localization.Abstractions.dll
           C:\Program Files\dotnet\packs\Microsoft.AspNetCore.App.Ref\10.0.3\ref\net10.0\Microsoft.Extensions.Localization.dll
           C:\Program Files\dotnet\packs\Microsoft.AspNetCore.App.Ref\10.0.3\ref\net10.0\Microsoft.Extensions.Logging.Abstractions.dll
           C:\Program Files\dotnet\packs\Microsoft.AspNetCore.App.Ref\10.0.3\ref\net10.0\Microsoft.Extensions.Logging.Configuration.dll
           C:\Program Files\dotnet\packs\Microsoft.AspNetCore.App.Ref\10.0.3\ref\net10.0\Microsoft.Extensions.Logging.Console.dll
           C:\Program Files\dotnet\packs\Microsoft.AspNetCore.App.Ref\10.0.3\ref\net10.0\Microsoft.Extensions.Logging.Debug.dll
           C:\Program Files\dotnet\packs\Microsoft.AspNetCore.App.Ref\10.0.3\ref\net10.0\Microsoft.Extensions.Logging.dll
           C:\Program Files\dotnet\packs\Microsoft.AspNetCore.App.Ref\10.0.3\ref\net10.0\Microsoft.Extensions.Logging.EventLog.dll
           C:\Program Files\dotnet\packs\Microsoft.AspNetCore.App.Ref\10.0.3\ref\net10.0\Microsoft.Extensions.Logging.EventSource.dll
           C:\Program Files\dotnet\packs\Microsoft.AspNetCore.App.Ref\10.0.3\ref\net10.0\Microsoft.Extensions.Logging.TraceSource.dll
           C:\Program Files\dotnet\packs\Microsoft.AspNetCore.App.Ref\10.0.3\ref\net10.0\Microsoft.Extensions.ObjectPool.dll
           C:\Program Files\dotnet\packs\Microsoft.AspNetCore.App.Ref\10.0.3\ref\net10.0\Microsoft.Extensions.Options.ConfigurationExtensions.dll
           C:\Program Files\dotnet\packs\Microsoft.AspNetCore.App.Ref\10.0.3\ref\net10.0\Microsoft.Extensions.Options.DataAnnotations.dll
           C:\Program Files\dotnet\packs\Microsoft.AspNetCore.App.Ref\10.0.3\ref\net10.0\Microsoft.Extensions.Options.dll
           C:\Program Files\dotnet\packs\Microsoft.AspNetCore.App.Ref\10.0.3\ref\net10.0\Microsoft.Extensions.Primitives.dll
           C:\Program Files\dotnet\packs\Microsoft.AspNetCore.App.Ref\10.0.3\ref\net10.0\Microsoft.Extensions.Validation.dll
           C:\Program Files\dotnet\packs\Microsoft.AspNetCore.App.Ref\10.0.3\ref\net10.0\Microsoft.Extensions.WebEncoders.dll
           C:\Program Files\dotnet\packs\Microsoft.AspNetCore.App.Ref\10.0.3\ref\net10.0\Microsoft.JSInterop.dll
           C:\Program Files\dotnet\packs\Microsoft.AspNetCore.App.Ref\10.0.3\ref\net10.0\Microsoft.Net.Http.Headers.dll
           C:\Program Files\dotnet\packs\Microsoft.NETCore.App.Ref\10.0.3\ref\net10.0\Microsoft.VisualBasic.Core.dll
           C:\Program Files\dotnet\packs\Microsoft.NETCore.App.Ref\10.0.3\ref\net10.0\Microsoft.VisualBasic.dll
           C:\Program Files\dotnet\packs\Microsoft.NETCore.App.Ref\10.0.3\ref\net10.0\Microsoft.Win32.Primitives.dll
           C:\Program Files\dotnet\packs\Microsoft.WindowsDesktop.App.Ref\10.0.3\ref\net10.0\Microsoft.Win32.Registry.AccessControl.dll
           C:\Program Files\dotnet\packs\Microsoft.NETCore.App.Ref\10.0.3\ref\net10.0\Microsoft.Win32.Registry.dll
           C:\Program Files\dotnet\packs\Microsoft.WindowsDesktop.App.Ref\10.0.3\ref\net10.0\Microsoft.Win32.SystemEvents.dll
           C:\Program Files\dotnet\packs\Microsoft.NETCore.App.Ref\10.0.3\ref\net10.0\mscorlib.dll
           C:\Program Files\dotnet\packs\Microsoft.NETCore.App.Ref\10.0.3\ref\net10.0\netstandard.dll
           C:\Program Files\dotnet\packs\Microsoft.WindowsDesktop.App.Ref\10.0.3\ref\net10.0\PresentationCore.dll
           C:\Program Files\dotnet\packs\Microsoft.WindowsDesktop.App.Ref\10.0.3\ref\net10.0\PresentationFramework.Aero.dll
           C:\Program Files\dotnet\packs\Microsoft.WindowsDesktop.App.Ref\10.0.3\ref\net10.0\PresentationFramework.Aero2.dll
           C:\Program Files\dotnet\packs\Microsoft.WindowsDesktop.App.Ref\10.0.3\ref\net10.0\PresentationFramework.AeroLite.dll
           C:\Program Files\dotnet\packs\Microsoft.WindowsDesktop.App.Ref\10.0.3\ref\net10.0\PresentationFramework.Classic.dll
           C:\Program Files\dotnet\packs\Microsoft.WindowsDesktop.App.Ref\10.0.3\ref\net10.0\PresentationFramework.dll
           C:\Program Files\dotnet\packs\Microsoft.WindowsDesktop.App.Ref\10.0.3\ref\net10.0\PresentationFramework.Luna.dll
           C:\Program Files\dotnet\packs\Microsoft.WindowsDesktop.App.Ref\10.0.3\ref\net10.0\PresentationFramework.Royale.dll
           C:\Program Files\dotnet\packs\Microsoft.WindowsDesktop.App.Ref\10.0.3\ref\net10.0\PresentationUI.dll
           C:\Program Files\dotnet\packs\Microsoft.WindowsDesktop.App.Ref\10.0.3\ref\net10.0\ReachFramework.dll
           C:\Program Files\dotnet\packs\Microsoft.NETCore.App.Ref\10.0.3\ref\net10.0\System.AppContext.dll
           C:\Program Files\dotnet\packs\Microsoft.NETCore.App.Ref\10.0.3\ref\net10.0\System.Buffers.dll
           C:\Program Files\dotnet\packs\Microsoft.WindowsDesktop.App.Ref\10.0.3\ref\net10.0\System.CodeDom.dll
           C:\Program Files\dotnet\packs\Microsoft.NETCore.App.Ref\10.0.3\ref\net10.0\System.Collections.Concurrent.dll
           C:\Program Files\dotnet\packs\Microsoft.NETCore.App.Ref\10.0.3\ref\net10.0\System.Collections.dll
           C:\Program Files\dotnet\packs\Microsoft.NETCore.App.Ref\10.0.3\ref\net10.0\System.Collections.Immutable.dll
           C:\Program Files\dotnet\packs\Microsoft.NETCore.App.Ref\10.0.3\ref\net10.0\System.Collections.NonGeneric.dll
           C:\Program Files\dotnet\packs\Microsoft.NETCore.App.Ref\10.0.3\ref\net10.0\System.Collections.Specialized.dll
           C:\Program Files\dotnet\packs\Microsoft.NETCore.App.Ref\10.0.3\ref\net10.0\System.ComponentModel.Annotations.dll
           C:\Program Files\dotnet\packs\Microsoft.NETCore.App.Ref\10.0.3\ref\net10.0\System.ComponentModel.DataAnnotations.dll
           C:\Program Files\dotnet\packs\Microsoft.NETCore.App.Ref\10.0.3\ref\net10.0\System.ComponentModel.dll
           C:\Program Files\dotnet\packs\Microsoft.NETCore.App.Ref\10.0.3\ref\net10.0\System.ComponentModel.EventBasedAsync.dll
           C:\Program Files\dotnet\packs\Microsoft.NETCore.App.Ref\10.0.3\ref\net10.0\System.ComponentModel.Primitives.dll
           C:\Program Files\dotnet\packs\Microsoft.NETCore.App.Ref\10.0.3\ref\net10.0\System.ComponentModel.TypeConverter.dll
           C:\Program Files\dotnet\packs\Microsoft.WindowsDesktop.App.Ref\10.0.3\ref\net10.0\System.Configuration.ConfigurationManager.dll
           C:\Program Files\dotnet\packs\Microsoft.NETCore.App.Ref\10.0.3\ref\net10.0\System.Configuration.dll
           C:\Program Files\dotnet\packs\Microsoft.NETCore.App.Ref\10.0.3\ref\net10.0\System.Console.dll
           C:\Program Files\dotnet\packs\Microsoft.NETCore.App.Ref\10.0.3\ref\net10.0\System.Core.dll
           C:\Program Files\dotnet\packs\Microsoft.NETCore.App.Ref\10.0.3\ref\net10.0\System.Data.Common.dll
           C:\Program Files\dotnet\packs\Microsoft.NETCore.App.Ref\10.0.3\ref\net10.0\System.Data.DataSetExtensions.dll
           C:\Program Files\dotnet\packs\Microsoft.NETCore.App.Ref\10.0.3\ref\net10.0\System.Data.dll
           C:\Users\krish.maniar.ATPL-LAP-723\.nuget\packages\system.data.sqlclient\4.9.0\lib\net8.0\System.Data.SqlClient.dll
           C:\Program Files\dotnet\packs\Microsoft.NETCore.App.Ref\10.0.3\ref\net10.0\System.Diagnostics.Contracts.dll
           C:\Program Files\dotnet\packs\Microsoft.NETCore.App.Ref\10.0.3\ref\net10.0\System.Diagnostics.Debug.dll
           C:\Program Files\dotnet\packs\Microsoft.NETCore.App.Ref\10.0.3\ref\net10.0\System.Diagnostics.DiagnosticSource.dll
           C:\Program Files\dotnet\packs\Microsoft.AspNetCore.App.Ref\10.0.3\ref\net10.0\System.Diagnostics.EventLog.dll
           C:\Program Files\dotnet\packs\Microsoft.NETCore.App.Ref\10.0.3\ref\net10.0\System.Diagnostics.FileVersionInfo.dll
           C:\Program Files\dotnet\packs\Microsoft.WindowsDesktop.App.Ref\10.0.3\ref\net10.0\System.Diagnostics.PerformanceCounter.dll
           C:\Program Files\dotnet\packs\Microsoft.NETCore.App.Ref\10.0.3\ref\net10.0\System.Diagnostics.Process.dll
           C:\Program Files\dotnet\packs\Microsoft.NETCore.App.Ref\10.0.3\ref\net10.0\System.Diagnostics.StackTrace.dll
           C:\Program Files\dotnet\packs\Microsoft.NETCore.App.Ref\10.0.3\ref\net10.0\System.Diagnostics.TextWriterTraceListener.dll
           C:\Program Files\dotnet\packs\Microsoft.NETCore.App.Ref\10.0.3\ref\net10.0\System.Diagnostics.Tools.dll
           C:\Program Files\dotnet\packs\Microsoft.NETCore.App.Ref\10.0.3\ref\net10.0\System.Diagnostics.TraceSource.dll
           C:\Program Files\dotnet\packs\Microsoft.NETCore.App.Ref\10.0.3\ref\net10.0\System.Diagnostics.Tracing.dll
           C:\Program Files\dotnet\packs\Microsoft.WindowsDesktop.App.Ref\10.0.3\ref\net10.0\System.DirectoryServices.dll
           C:\Program Files\dotnet\packs\Microsoft.NETCore.App.Ref\10.0.3\ref\net10.0\System.dll
           C:\Program Files\dotnet\packs\Microsoft.WindowsDesktop.App.Ref\10.0.3\ref\net10.0\System.Drawing.Common.dll
           C:\Program Files\dotnet\packs\Microsoft.NETCore.App.Ref\10.0.3\ref\net10.0\System.Drawing.dll
           C:\Program Files\dotnet\packs\Microsoft.NETCore.App.Ref\10.0.3\ref\net10.0\System.Drawing.Primitives.dll
           C:\Program Files\dotnet\packs\Microsoft.NETCore.App.Ref\10.0.3\ref\net10.0\System.Dynamic.Runtime.dll
           C:\Program Files\dotnet\packs\Microsoft.NETCore.App.Ref\10.0.3\ref\net10.0\System.Formats.Asn1.dll
           C:\Program Files\dotnet\packs\Microsoft.AspNetCore.App.Ref\10.0.3\ref\net10.0\System.Formats.Cbor.dll
           C:\Program Files\dotnet\packs\Microsoft.WindowsDesktop.App.Ref\10.0.3\ref\net10.0\System.Formats.Nrbf.dll
           C:\Program Files\dotnet\packs\Microsoft.NETCore.App.Ref\10.0.3\ref\net10.0\System.Formats.Tar.dll
           C:\Program Files\dotnet\packs\Microsoft.NETCore.App.Ref\10.0.3\ref\net10.0\System.Globalization.Calendars.dll
           C:\Program Files\dotnet\packs\Microsoft.NETCore.App.Ref\10.0.3\ref\net10.0\System.Globalization.dll
           C:\Program Files\dotnet\packs\Microsoft.NETCore.App.Ref\10.0.3\ref\net10.0\System.Globalization.Extensions.dll
           C:\Program Files\dotnet\packs\Microsoft.NETCore.App.Ref\10.0.3\ref\net10.0\System.IO.Compression.Brotli.dll
           C:\Program Files\dotnet\packs\Microsoft.NETCore.App.Ref\10.0.3\ref\net10.0\System.IO.Compression.dll
           C:\Program Files\dotnet\packs\Microsoft.NETCore.App.Ref\10.0.3\ref\net10.0\System.IO.Compression.FileSystem.dll
           C:\Program Files\dotnet\packs\Microsoft.NETCore.App.Ref\10.0.3\ref\net10.0\System.IO.Compression.ZipFile.dll
           C:\Program Files\dotnet\packs\Microsoft.NETCore.App.Ref\10.0.3\ref\net10.0\System.IO.dll
           C:\Program Files\dotnet\packs\Microsoft.NETCore.App.Ref\10.0.3\ref\net10.0\System.IO.FileSystem.AccessControl.dll
           C:\Program Files\dotnet\packs\Microsoft.NETCore.App.Ref\10.0.3\ref\net10.0\System.IO.FileSystem.dll
           C:\Program Files\dotnet\packs\Microsoft.NETCore.App.Ref\10.0.3\ref\net10.0\System.IO.FileSystem.DriveInfo.dll
           C:\Program Files\dotnet\packs\Microsoft.NETCore.App.Ref\10.0.3\ref\net10.0\System.IO.FileSystem.Primitives.dll
           C:\Program Files\dotnet\packs\Microsoft.NETCore.App.Ref\10.0.3\ref\net10.0\System.IO.FileSystem.Watcher.dll
           C:\Program Files\dotnet\packs\Microsoft.NETCore.App.Ref\10.0.3\ref\net10.0\System.IO.IsolatedStorage.dll
           C:\Program Files\dotnet\packs\Microsoft.NETCore.App.Ref\10.0.3\ref\net10.0\System.IO.MemoryMappedFiles.dll
           C:\Program Files\dotnet\packs\Microsoft.WindowsDesktop.App.Ref\10.0.3\ref\net10.0\System.IO.Packaging.dll
           C:\Program Files\dotnet\packs\Microsoft.NETCore.App.Ref\10.0.3\ref\net10.0\System.IO.Pipelines.dll
           C:\Program Files\dotnet\packs\Microsoft.NETCore.App.Ref\10.0.3\ref\net10.0\System.IO.Pipes.AccessControl.dll
           C:\Program Files\dotnet\packs\Microsoft.NETCore.App.Ref\10.0.3\ref\net10.0\System.IO.Pipes.dll
           C:\Program Files\dotnet\packs\Microsoft.NETCore.App.Ref\10.0.3\ref\net10.0\System.IO.UnmanagedMemoryStream.dll
           C:\Program Files\dotnet\packs\Microsoft.NETCore.App.Ref\10.0.3\ref\net10.0\System.Linq.AsyncEnumerable.dll
           C:\Program Files\dotnet\packs\Microsoft.NETCore.App.Ref\10.0.3\ref\net10.0\System.Linq.dll
           C:\Program Files\dotnet\packs\Microsoft.NETCore.App.Ref\10.0.3\ref\net10.0\System.Linq.Expressions.dll
           C:\Program Files\dotnet\packs\Microsoft.NETCore.App.Ref\10.0.3\ref\net10.0\System.Linq.Parallel.dll
           C:\Program Files\dotnet\packs\Microsoft.NETCore.App.Ref\10.0.3\ref\net10.0\System.Linq.Queryable.dll
           C:\Program Files\dotnet\packs\Microsoft.NETCore.App.Ref\10.0.3\ref\net10.0\System.Memory.dll
           C:\Program Files\dotnet\packs\Microsoft.NETCore.App.Ref\10.0.3\ref\net10.0\System.Net.dll
           C:\Program Files\dotnet\packs\Microsoft.NETCore.App.Ref\10.0.3\ref\net10.0\System.Net.Http.dll
           C:\Program Files\dotnet\packs\Microsoft.NETCore.App.Ref\10.0.3\ref\net10.0\System.Net.Http.Json.dll
           C:\Program Files\dotnet\packs\Microsoft.NETCore.App.Ref\10.0.3\ref\net10.0\System.Net.HttpListener.dll
           C:\Program Files\dotnet\packs\Microsoft.NETCore.App.Ref\10.0.3\ref\net10.0\System.Net.Mail.dll
           C:\Program Files\dotnet\packs\Microsoft.NETCore.App.Ref\10.0.3\ref\net10.0\System.Net.NameResolution.dll
           C:\Program Files\dotnet\packs\Microsoft.NETCore.App.Ref\10.0.3\ref\net10.0\System.Net.NetworkInformation.dll
           C:\Program Files\dotnet\packs\Microsoft.NETCore.App.Ref\10.0.3\ref\net10.0\System.Net.Ping.dll
           C:\Program Files\dotnet\packs\Microsoft.NETCore.App.Ref\10.0.3\ref\net10.0\System.Net.Primitives.dll
           C:\Program Files\dotnet\packs\Microsoft.NETCore.App.Ref\10.0.3\ref\net10.0\System.Net.Quic.dll
           C:\Program Files\dotnet\packs\Microsoft.NETCore.App.Ref\10.0.3\ref\net10.0\System.Net.Requests.dll
           C:\Program Files\dotnet\packs\Microsoft.NETCore.App.Ref\10.0.3\ref\net10.0\System.Net.Security.dll
           C:\Program Files\dotnet\packs\Microsoft.NETCore.App.Ref\10.0.3\ref\net10.0\System.Net.ServerSentEvents.dll
           C:\Program Files\dotnet\packs\Microsoft.NETCore.App.Ref\10.0.3\ref\net10.0\System.Net.ServicePoint.dll
           C:\Program Files\dotnet\packs\Microsoft.NETCore.App.Ref\10.0.3\ref\net10.0\System.Net.Sockets.dll
           C:\Program Files\dotnet\packs\Microsoft.NETCore.App.Ref\10.0.3\ref\net10.0\System.Net.WebClient.dll
           C:\Program Files\dotnet\packs\Microsoft.NETCore.App.Ref\10.0.3\ref\net10.0\System.Net.WebHeaderCollection.dll
           C:\Program Files\dotnet\packs\Microsoft.NETCore.App.Ref\10.0.3\ref\net10.0\System.Net.WebProxy.dll
           C:\Program Files\dotnet\packs\Microsoft.NETCore.App.Ref\10.0.3\ref\net10.0\System.Net.WebSockets.Client.dll
           C:\Program Files\dotnet\packs\Microsoft.NETCore.App.Ref\10.0.3\ref\net10.0\System.Net.WebSockets.dll
           C:\Program Files\dotnet\packs\Microsoft.NETCore.App.Ref\10.0.3\ref\net10.0\System.Numerics.dll
           C:\Program Files\dotnet\packs\Microsoft.NETCore.App.Ref\10.0.3\ref\net10.0\System.Numerics.Vectors.dll
           C:\Program Files\dotnet\packs\Microsoft.NETCore.App.Ref\10.0.3\ref\net10.0\System.ObjectModel.dll
           C:\Program Files\dotnet\packs\Microsoft.WindowsDesktop.App.Ref\10.0.3\ref\net10.0\System.Printing.dll
           C:\Program Files\dotnet\packs\Microsoft.WindowsDesktop.App.Ref\10.0.3\ref\net10.0\System.Private.Windows.Core.dll
           C:\Program Files\dotnet\packs\Microsoft.WindowsDesktop.App.Ref\10.0.3\ref\net10.0\System.Private.Windows.GdiPlus.dll
           C:\Program Files\dotnet\packs\Microsoft.NETCore.App.Ref\10.0.3\ref\net10.0\System.Reflection.DispatchProxy.dll
           C:\Program Files\dotnet\packs\Microsoft.NETCore.App.Ref\10.0.3\ref\net10.0\System.Reflection.dll
           C:\Program Files\dotnet\packs\Microsoft.NETCore.App.Ref\10.0.3\ref\net10.0\System.Reflection.Emit.dll
           C:\Program Files\dotnet\packs\Microsoft.NETCore.App.Ref\10.0.3\ref\net10.0\System.Reflection.Emit.ILGeneration.dll
           C:\Program Files\dotnet\packs\Microsoft.NETCore.App.Ref\10.0.3\ref\net10.0\System.Reflection.Emit.Lightweight.dll
           C:\Program Files\dotnet\packs\Microsoft.NETCore.App.Ref\10.0.3\ref\net10.0\System.Reflection.Extensions.dll
           C:\Program Files\dotnet\packs\Microsoft.NETCore.App.Ref\10.0.3\ref\net10.0\System.Reflection.Metadata.dll
           C:\Program Files\dotnet\packs\Microsoft.NETCore.App.Ref\10.0.3\ref\net10.0\System.Reflection.Primitives.dll
           C:\Program Files\dotnet\packs\Microsoft.NETCore.App.Ref\10.0.3\ref\net10.0\System.Reflection.TypeExtensions.dll
           C:\Program Files\dotnet\packs\Microsoft.WindowsDesktop.App.Ref\10.0.3\ref\net10.0\System.Resources.Extensions.dll
           C:\Program Files\dotnet\packs\Microsoft.NETCore.App.Ref\10.0.3\ref\net10.0\System.Resources.Reader.dll
           C:\Program Files\dotnet\packs\Microsoft.NETCore.App.Ref\10.0.3\ref\net10.0\System.Resources.ResourceManager.dll
           C:\Program Files\dotnet\packs\Microsoft.NETCore.App.Ref\10.0.3\ref\net10.0\System.Resources.Writer.dll
           C:\Program Files\dotnet\packs\Microsoft.NETCore.App.Ref\10.0.3\ref\net10.0\System.Runtime.CompilerServices.Unsafe.dll
           C:\Program Files\dotnet\packs\Microsoft.NETCore.App.Ref\10.0.3\ref\net10.0\System.Runtime.CompilerServices.VisualC.dll
           C:\Program Files\dotnet\packs\Microsoft.NETCore.App.Ref\10.0.3\ref\net10.0\System.Runtime.dll
           C:\Program Files\dotnet\packs\Microsoft.NETCore.App.Ref\10.0.3\ref\net10.0\System.Runtime.Extensions.dll
           C:\Program Files\dotnet\packs\Microsoft.NETCore.App.Ref\10.0.3\ref\net10.0\System.Runtime.Handles.dll
           C:\Program Files\dotnet\packs\Microsoft.NETCore.App.Ref\10.0.3\ref\net10.0\System.Runtime.InteropServices.dll
           C:\Program Files\dotnet\packs\Microsoft.NETCore.App.Ref\10.0.3\ref\net10.0\System.Runtime.InteropServices.JavaScript.dll
           C:\Program Files\dotnet\packs\Microsoft.NETCore.App.Ref\10.0.3\ref\net10.0\System.Runtime.InteropServices.RuntimeInformation.dll
           C:\Program Files\dotnet\packs\Microsoft.NETCore.App.Ref\10.0.3\ref\net10.0\System.Runtime.Intrinsics.dll
           C:\Program Files\dotnet\packs\Microsoft.NETCore.App.Ref\10.0.3\ref\net10.0\System.Runtime.Loader.dll
           C:\Program Files\dotnet\packs\Microsoft.NETCore.App.Ref\10.0.3\ref\net10.0\System.Runtime.Numerics.dll
           C:\Program Files\dotnet\packs\Microsoft.NETCore.App.Ref\10.0.3\ref\net10.0\System.Runtime.Serialization.dll
           C:\Program Files\dotnet\packs\Microsoft.NETCore.App.Ref\10.0.3\ref\net10.0\System.Runtime.Serialization.Formatters.dll
           C:\Program Files\dotnet\packs\Microsoft.NETCore.App.Ref\10.0.3\ref\net10.0\System.Runtime.Serialization.Json.dll
           C:\Program Files\dotnet\packs\Microsoft.NETCore.App.Ref\10.0.3\ref\net10.0\System.Runtime.Serialization.Primitives.dll
           C:\Program Files\dotnet\packs\Microsoft.NETCore.App.Ref\10.0.3\ref\net10.0\System.Runtime.Serialization.Xml.dll
           C:\Program Files\dotnet\packs\Microsoft.NETCore.App.Ref\10.0.3\ref\net10.0\System.Security.AccessControl.dll
           C:\Program Files\dotnet\packs\Microsoft.NETCore.App.Ref\10.0.3\ref\net10.0\System.Security.Claims.dll
           C:\Program Files\dotnet\packs\Microsoft.NETCore.App.Ref\10.0.3\ref\net10.0\System.Security.Cryptography.Algorithms.dll
           C:\Program Files\dotnet\packs\Microsoft.NETCore.App.Ref\10.0.3\ref\net10.0\System.Security.Cryptography.Cng.dll
           C:\Program Files\dotnet\packs\Microsoft.NETCore.App.Ref\10.0.3\ref\net10.0\System.Security.Cryptography.Csp.dll
           C:\Program Files\dotnet\packs\Microsoft.NETCore.App.Ref\10.0.3\ref\net10.0\System.Security.Cryptography.dll
           C:\Program Files\dotnet\packs\Microsoft.NETCore.App.Ref\10.0.3\ref\net10.0\System.Security.Cryptography.Encoding.dll
           C:\Program Files\dotnet\packs\Microsoft.NETCore.App.Ref\10.0.3\ref\net10.0\System.Security.Cryptography.OpenSsl.dll
           C:\Program Files\dotnet\packs\Microsoft.WindowsDesktop.App.Ref\10.0.3\ref\net10.0\System.Security.Cryptography.Pkcs.dll
           C:\Program Files\dotnet\packs\Microsoft.NETCore.App.Ref\10.0.3\ref\net10.0\System.Security.Cryptography.Primitives.dll
           C:\Program Files\dotnet\packs\Microsoft.WindowsDesktop.App.Ref\10.0.3\ref\net10.0\System.Security.Cryptography.ProtectedData.dll
           C:\Program Files\dotnet\packs\Microsoft.NETCore.App.Ref\10.0.3\ref\net10.0\System.Security.Cryptography.X509Certificates.dll
           C:\Program Files\dotnet\packs\Microsoft.AspNetCore.App.Ref\10.0.3\ref\net10.0\System.Security.Cryptography.Xml.dll
           C:\Program Files\dotnet\packs\Microsoft.NETCore.App.Ref\10.0.3\ref\net10.0\System.Security.dll
           C:\Program Files\dotnet\packs\Microsoft.WindowsDesktop.App.Ref\10.0.3\ref\net10.0\System.Security.Permissions.dll
           C:\Program Files\dotnet\packs\Microsoft.NETCore.App.Ref\10.0.3\ref\net10.0\System.Security.Principal.dll
           C:\Program Files\dotnet\packs\Microsoft.NETCore.App.Ref\10.0.3\ref\net10.0\System.Security.Principal.Windows.dll
           C:\Program Files\dotnet\packs\Microsoft.NETCore.App.Ref\10.0.3\ref\net10.0\System.Security.SecureString.dll
           C:\Program Files\dotnet\packs\Microsoft.NETCore.App.Ref\10.0.3\ref\net10.0\System.ServiceModel.Web.dll
           C:\Program Files\dotnet\packs\Microsoft.NETCore.App.Ref\10.0.3\ref\net10.0\System.ServiceProcess.dll
           C:\Program Files\dotnet\packs\Microsoft.NETCore.App.Ref\10.0.3\ref\net10.0\System.Text.Encoding.CodePages.dll
           C:\Program Files\dotnet\packs\Microsoft.NETCore.App.Ref\10.0.3\ref\net10.0\System.Text.Encoding.dll
           C:\Program Files\dotnet\packs\Microsoft.NETCore.App.Ref\10.0.3\ref\net10.0\System.Text.Encoding.Extensions.dll
           C:\Program Files\dotnet\packs\Microsoft.NETCore.App.Ref\10.0.3\ref\net10.0\System.Text.Encodings.Web.dll
           C:\Program Files\dotnet\packs\Microsoft.NETCore.App.Ref\10.0.3\ref\net10.0\System.Text.Json.dll
           C:\Program Files\dotnet\packs\Microsoft.NETCore.App.Ref\10.0.3\ref\net10.0\System.Text.RegularExpressions.dll
           C:\Program Files\dotnet\packs\Microsoft.NETCore.App.Ref\10.0.3\ref\net10.0\System.Threading.AccessControl.dll
           C:\Program Files\dotnet\packs\Microsoft.NETCore.App.Ref\10.0.3\ref\net10.0\System.Threading.Channels.dll
           C:\Program Files\dotnet\packs\Microsoft.NETCore.App.Ref\10.0.3\ref\net10.0\System.Threading.dll
           C:\Program Files\dotnet\packs\Microsoft.NETCore.App.Ref\10.0.3\ref\net10.0\System.Threading.Overlapped.dll
           C:\Program Files\dotnet\packs\Microsoft.AspNetCore.App.Ref\10.0.3\ref\net10.0\System.Threading.RateLimiting.dll
           C:\Program Files\dotnet\packs\Microsoft.NETCore.App.Ref\10.0.3\ref\net10.0\System.Threading.Tasks.Dataflow.dll
           C:\Program Files\dotnet\packs\Microsoft.NETCore.App.Ref\10.0.3\ref\net10.0\System.Threading.Tasks.dll
           C:\Program Files\dotnet\packs\Microsoft.NETCore.App.Ref\10.0.3\ref\net10.0\System.Threading.Tasks.Extensions.dll
           C:\Program Files\dotnet\packs\Microsoft.NETCore.App.Ref\10.0.3\ref\net10.0\System.Threading.Tasks.Parallel.dll
           C:\Program Files\dotnet\packs\Microsoft.NETCore.App.Ref\10.0.3\ref\net10.0\System.Threading.Thread.dll
           C:\Program Files\dotnet\packs\Microsoft.NETCore.App.Ref\10.0.3\ref\net10.0\System.Threading.ThreadPool.dll
           C:\Program Files\dotnet\packs\Microsoft.NETCore.App.Ref\10.0.3\ref\net10.0\System.Threading.Timer.dll
           C:\Program Files\dotnet\packs\Microsoft.NETCore.App.Ref\10.0.3\ref\net10.0\System.Transactions.dll
           C:\Program Files\dotnet\packs\Microsoft.NETCore.App.Ref\10.0.3\ref\net10.0\System.Transactions.Local.dll
           C:\Program Files\dotnet\packs\Microsoft.NETCore.App.Ref\10.0.3\ref\net10.0\System.ValueTuple.dll
           C:\Program Files\dotnet\packs\Microsoft.NETCore.App.Ref\10.0.3\ref\net10.0\System.Web.dll
           C:\Program Files\dotnet\packs\Microsoft.NETCore.App.Ref\10.0.3\ref\net10.0\System.Web.HttpUtility.dll
           C:\Program Files\dotnet\packs\Microsoft.WindowsDesktop.App.Ref\10.0.3\ref\net10.0\System.Windows.Controls.Ribbon.dll
           C:\Program Files\dotnet\packs\Microsoft.NETCore.App.Ref\10.0.3\ref\net10.0\System.Windows.dll
           C:\Program Files\dotnet\packs\Microsoft.WindowsDesktop.App.Ref\10.0.3\ref\net10.0\System.Windows.Extensions.dll
           C:\Program Files\dotnet\packs\Microsoft.WindowsDesktop.App.Ref\10.0.3\ref\net10.0\System.Windows.Input.Manipulations.dll
           C:\Program Files\dotnet\packs\Microsoft.WindowsDesktop.App.Ref\10.0.3\ref\net10.0\System.Windows.Presentation.dll
           C:\Program Files\dotnet\packs\Microsoft.WindowsDesktop.App.Ref\10.0.3\ref\net10.0\System.Windows.Primitives.dll
           C:\Program Files\dotnet\packs\Microsoft.WindowsDesktop.App.Ref\10.0.3\ref\net10.0\System.Xaml.dll
           C:\Program Files\dotnet\packs\Microsoft.NETCore.App.Ref\10.0.3\ref\net10.0\System.Xml.dll
           C:\Program Files\dotnet\packs\Microsoft.NETCore.App.Ref\10.0.3\ref\net10.0\System.Xml.Linq.dll
           C:\Program Files\dotnet\packs\Microsoft.NETCore.App.Ref\10.0.3\ref\net10.0\System.Xml.ReaderWriter.dll
           C:\Program Files\dotnet\packs\Microsoft.NETCore.App.Ref\10.0.3\ref\net10.0\System.Xml.Serialization.dll
           C:\Program Files\dotnet\packs\Microsoft.NETCore.App.Ref\10.0.3\ref\net10.0\System.Xml.XDocument.dll
           C:\Program Files\dotnet\packs\Microsoft.NETCore.App.Ref\10.0.3\ref\net10.0\System.Xml.XmlDocument.dll
           C:\Program Files\dotnet\packs\Microsoft.NETCore.App.Ref\10.0.3\ref\net10.0\System.Xml.XmlSerializer.dll
           C:\Program Files\dotnet\packs\Microsoft.NETCore.App.Ref\10.0.3\ref\net10.0\System.Xml.XPath.dll
           C:\Program Files\dotnet\packs\Microsoft.NETCore.App.Ref\10.0.3\ref\net10.0\System.Xml.XPath.XDocument.dll
           c:\Apps\TicketConsolidator\src\TicketConsolidator.Application\obj\Debug\net10.0\ref\TicketConsolidator.Application.dll
           c:\Apps\TicketConsolidator\src\TicketConsolidator.Domain\obj\Debug\net10.0\ref\TicketConsolidator.Domain.dll
           c:\Apps\TicketConsolidator\src\TicketConsolidator.Infrastructure\obj\Debug\net10.0-windows\ref\TicketConsolidator.Infrastructure.dll
           C:\Program Files\dotnet\packs\Microsoft.WindowsDesktop.App.Ref\10.0.3\ref\net10.0\UIAutomationClient.dll
           C:\Program Files\dotnet\packs\Microsoft.WindowsDesktop.App.Ref\10.0.3\ref\net10.0\UIAutomationClientSideProviders.dll
           C:\Program Files\dotnet\packs\Microsoft.WindowsDesktop.App.Ref\10.0.3\ref\net10.0\UIAutomationProvider.dll
           C:\Program Files\dotnet\packs\Microsoft.WindowsDesktop.App.Ref\10.0.3\ref\net10.0\UIAutomationTypes.dll
           C:\Program Files\dotnet\packs\Microsoft.WindowsDesktop.App.Ref\10.0.3\ref\net10.0\WindowsBase.dll
           obj\Debug\net10.0-windows\TicketConsolidator.Web.csproj.CoreCompileInputs.cache
           App.razor
           Pages\CodeReview.razor
           Pages\Counter.razor
           Pages\FetchData.razor
           Pages\Help.razor
           Pages\Index.razor
           Pages\Logs.razor
           Pages\Settings.razor
           Shared\CodeEditor.razor
           Shared\FileDropZone.razor
           Shared\NoScriptsFoundDialog.razor
           Shared\ReleaseDetailsDialog.razor
           Shared\ScriptList.razor
           Shared\Spinner.razor
           Shared\SuccessDialog.razor
           Shared\SurveyPrompt.razor
           Shared\ToastContainer.razor
           _Imports.razor
           Shared\MainLayout.razor
           Shared\NavMenu.razor
           Pages\Error.cshtml
           Pages\_Host.cshtml
           C:\Program Files\dotnet\sdk\10.0.103\Sdks\Microsoft.NET.Sdk.Web\analyzers\cs\Microsoft.AspNetCore.Analyzers.dll
           C:\Program Files\dotnet\sdk\10.0.103\Sdks\Microsoft.NET.Sdk.Web\analyzers\cs\Microsoft.AspNetCore.Mvc.Analyzers.dll
           C:\Program Files\dotnet\sdk\10.0.103\Sdks\Microsoft.NET.Sdk\targets\..\analyzers\Microsoft.CodeAnalysis.CSharp.NetAnalyzers.dll
           C:\Program Files\dotnet\sdk\10.0.103\Sdks\Microsoft.NET.Sdk\targets\..\analyzers\Microsoft.CodeAnalysis.NetAnalyzers.dll
           C:\Program Files\dotnet\packs\Microsoft.NETCore.App.Ref\10.0.3\analyzers/dotnet/cs/Microsoft.Interop.ComInterfaceGenerator.dll
           C:\Program Files\dotnet\packs\Microsoft.NETCore.App.Ref\10.0.3\analyzers/dotnet/cs/Microsoft.Interop.JavaScript.JSImportGenerator.dll
           C:\Program Files\dotnet\packs\Microsoft.NETCore.App.Ref\10.0.3\analyzers/dotnet/cs/Microsoft.Interop.LibraryImportGenerator.dll
           C:\Program Files\dotnet\packs\Microsoft.NETCore.App.Ref\10.0.3\analyzers/dotnet/cs/Microsoft.Interop.SourceGeneration.dll
           C:\Program Files\dotnet\packs\Microsoft.NETCore.App.Ref\10.0.3\analyzers/dotnet/cs/System.Text.Json.SourceGeneration.dll
           C:\Program Files\dotnet\packs\Microsoft.NETCore.App.Ref\10.0.3\analyzers/dotnet/cs/System.Text.RegularExpressions.Generator.dll
           C:\Program Files\dotnet\packs\Microsoft.AspNetCore.App.Ref\10.0.3\analyzers/dotnet/cs/Microsoft.AspNetCore.App.Analyzers.dll
           C:\Program Files\dotnet\packs\Microsoft.AspNetCore.App.Ref\10.0.3\analyzers/dotnet/cs/Microsoft.AspNetCore.App.CodeFixes.dll
           C:\Program Files\dotnet\packs\Microsoft.AspNetCore.App.Ref\10.0.3\analyzers/dotnet/cs/Microsoft.AspNetCore.App.SourceGenerators.dll
           C:\Program Files\dotnet\packs\Microsoft.AspNetCore.App.Ref\10.0.3\analyzers/dotnet/cs/Microsoft.AspNetCore.Components.Analyzers.dll
           C:\Program Files\dotnet\packs\Microsoft.AspNetCore.App.Ref\10.0.3\analyzers/dotnet/cs/Microsoft.Extensions.Validation.ValidationsGenerator.dll
           C:\Program Files\dotnet\packs\Microsoft.AspNetCore.App.Ref\10.0.3\analyzers/dotnet/cs/Microsoft.Extensions.Logging.Generators.dll
           C:\Program Files\dotnet\packs\Microsoft.AspNetCore.App.Ref\10.0.3\analyzers/dotnet/cs/Microsoft.Extensions.Options.SourceGeneration.dll
           C:\Program Files\dotnet\sdk\10.0.103\Sdks\Microsoft.NET.Sdk.Razor\targets\..\source-generators\Microsoft.AspNetCore.Razor.Utilities.Shared.dll
           C:\Program Files\dotnet\sdk\10.0.103\Sdks\Microsoft.NET.Sdk.Razor\targets\..\source-generators\Microsoft.CodeAnalysis.Razor.Compiler.dll
           C:\Program Files\dotnet\sdk\10.0.103\Sdks\Microsoft.NET.Sdk.Razor\targets\..\source-generators\Microsoft.Extensions.ObjectPool.dll
           obj\Debug\net10.0-windows\TicketConsolidator.Web.GeneratedMSBuildEditorConfig.editorconfig
           C:\Program Files\dotnet\sdk\10.0.103\Sdks\Microsoft.NET.Sdk\analyzers\build\config\analysislevel_10_default.globalconfig
           c:\Apps\TicketConsolidator\src\TicketConsolidator.Web\obj\TicketConsolidator.Web.csproj.nuget.g.targets
           C:\Program Files\dotnet\sdk\10.0.103\Current\Microsoft.Common.targets\ImportAfter\Microsoft.TestPlatform.ImportAfter.targets
           obj\Debug\net10.0-windows\TicketConsolidator.Web.sourcelink.json
       Output files: 
           obj\Debug\net10.0-windows\TicketConsolidator.Web.dll
           obj\Debug\net10.0-windows\refint\TicketConsolidator.Web.dll
           obj\Debug\net10.0-windows\TicketConsolidator.Web.pdb
       C:\Program Files\dotnet\sdk\10.0.103\Roslyn\Microsoft.CSharp.Core.targets(66,7): message : Property reassignment: $(NoWarn)="1701;1702;1701;1702" (previous value: "1701;1702") at C:\Program Files\dotnet\sdk\10.0.103\Roslyn\Microsoft.CSharp.Core.targets (66,7) [c:\Apps\TicketConsolidator\src\TicketConsolidator.Web\TicketConsolidator.Web.csproj]
   6:6>Done building target "CoreCompile" in project "TicketConsolidator.Web.csproj".
   6:6>Target "AfterCompile" in file "C:\Program Files\dotnet\sdk\10.0.103\Microsoft.Common.CurrentVersion.targets" from project "c:\Apps\TicketConsolidator\src\TicketConsolidator.Web\TicketConsolidator.Web.csproj" (target "Compile" depends on it):
   6:6>Done building target "AfterCompile" in project "TicketConsolidator.Web.csproj".
       Target "_GetAppHostPaths" skipped. Previously built successfully.
       Target "_GetAppHostCreationConfiguration" skipped. Previously built successfully.
       Target "CoreCompile" skipped. Previously built successfully.
   6:6>Target "_CreateAppHost" in file "C:\Program Files\dotnet\sdk\10.0.103\Sdks\Microsoft.NET.Sdk\targets\Microsoft.NET.Sdk.targets" from project "c:\Apps\TicketConsolidator\src\TicketConsolidator.Web\TicketConsolidator.Web.csproj" (target "Compile" depends on it):
       Skipping target "_CreateAppHost" because all output files are up-to-date with respect to the input files.
       Input files: 
           obj\Debug\net10.0-windows\TicketConsolidator.Web.dll
           C:\Program Files\dotnet\packs\Microsoft.NETCore.App.Host.win-x64\10.0.3\runtimes\win-x64\native\apphost.exe
       Output files: c:\Apps\TicketConsolidator\src\TicketConsolidator.Web\obj\Debug\net10.0-windows\apphost.exe
   6:6>Done building target "_CreateAppHost" in project "TicketConsolidator.Web.csproj".
   6:6>Target "Compile" in file "C:\Program Files\dotnet\sdk\10.0.103\Microsoft.Common.CurrentVersion.targets" from project "c:\Apps\TicketConsolidator\src\TicketConsolidator.Web\TicketConsolidator.Web.csproj" (target "CoreBuild" depends on it):
   6:6>Done building target "Compile" in project "TicketConsolidator.Web.csproj".
   6:6>Target "_GenerateSatelliteAssemblyInputs" in file "C:\Program Files\dotnet\sdk\10.0.103\Microsoft.Common.CurrentVersion.targets" from project "c:\Apps\TicketConsolidator\src\TicketConsolidator.Web\TicketConsolidator.Web.csproj" (target "CreateSatelliteAssemblies" depends on it):
   6:6>Done building target "_GenerateSatelliteAssemblyInputs" in project "TicketConsolidator.Web.csproj".
   6:6>Target "CreateSatelliteAssemblies" in file "C:\Program Files\dotnet\sdk\10.0.103\Microsoft.Common.CurrentVersion.targets" from project "c:\Apps\TicketConsolidator\src\TicketConsolidator.Web\TicketConsolidator.Web.csproj" (target "CoreBuild" depends on it):
   6:6>Done building target "CreateSatelliteAssemblies" in project "TicketConsolidator.Web.csproj".
   6:6>Target "GetTargetPathWithTargetPlatformMoniker" in file "C:\Program Files\dotnet\sdk\10.0.103\Microsoft.Common.CurrentVersion.targets" from project "c:\Apps\TicketConsolidator\src\TicketConsolidator.Web\TicketConsolidator.Web.csproj" (target "GetTargetPath" depends on it):
   6:6>Done building target "GetTargetPathWithTargetPlatformMoniker" in project "TicketConsolidator.Web.csproj".
   6:6>Target "GetTargetPath" in file "C:\Program Files\dotnet\sdk\10.0.103\Microsoft.Common.CurrentVersion.targets" from project "c:\Apps\TicketConsolidator\src\TicketConsolidator.Web\TicketConsolidator.Web.csproj" (target "CoreBuild" depends on it):
   6:6>Done building target "GetTargetPath" in project "TicketConsolidator.Web.csproj".
   6:6>Target "RazorCompile" in file "C:\Program Files\dotnet\sdk\10.0.103\Sdks\Microsoft.NET.Sdk.Razor\targets\Sdk.Razor.CurrentVersion.targets" from project "c:\Apps\TicketConsolidator\src\TicketConsolidator.Web\TicketConsolidator.Web.csproj" (target "_RazorPrepareForRun" depends on it):
   6:6>Done building target "RazorCompile" in project "TicketConsolidator.Web.csproj".
   6:6>Target "_RazorPrepareForRun" in file "C:\Program Files\dotnet\sdk\10.0.103\Sdks\Microsoft.NET.Sdk.Razor\targets\Sdk.Razor.CurrentVersion.targets" from project "c:\Apps\TicketConsolidator\src\TicketConsolidator.Web\TicketConsolidator.Web.csproj" (target "PrepareForRun" depends on it):
   6:6>Done building target "_RazorPrepareForRun" in project "TicketConsolidator.Web.csproj".
       Target "UpdateExistingPackageStaticWebAssets" skipped. Previously built successfully.
       Target "ResolveProjectStaticWebAssets" skipped. Previously built successfully.
   6:6>Target "ResolveEmbeddedProjectsStaticWebAssets" in file "C:\Program Files\dotnet\sdk\10.0.103\Sdks\Microsoft.NET.Sdk.StaticWebAssets\targets\Microsoft.NET.Sdk.StaticWebAssets.EmbeddedAssets.targets" from project "c:\Apps\TicketConsolidator\src\TicketConsolidator.Web\TicketConsolidator.Web.csproj" (target "ResolveCoreStaticWebAssets" depends on it):
   6:6>Done building target "ResolveEmbeddedProjectsStaticWebAssets" in project "TicketConsolidator.Web.csproj".
       Target "ResolveStaticWebAssetsConfiguration" skipped. Previously built successfully.
       Target "PrepareProjectReferences" skipped. Previously built successfully.
   6:6>Target "ResolveReferencedProjectsStaticWebAssetsConfiguration" in file "C:\Program Files\dotnet\sdk\10.0.103\Sdks\Microsoft.NET.Sdk.StaticWebAssets\targets\Microsoft.NET.Sdk.StaticWebAssets.References.targets" from project "c:\Apps\TicketConsolidator\src\TicketConsolidator.Web\TicketConsolidator.Web.csproj" (target "ResolveReferencedProjectsStaticWebAssets" depends on it):
       Task "MSBuild"
         Global Properties:
           Configuration=Debug
           Platform=AnyCPU
         Removing Properties:
           WebPublishProfileFile
         Removing Properties for project "..\TicketConsolidator.Domain\TicketConsolidator.Domain.csproj":
           TargetFramework
           RuntimeIdentifier
           SelfContained
         Removing Properties for project "..\TicketConsolidator.Infrastructure\TicketConsolidator.Infrastructure.csproj":
           TargetFramework
           RuntimeIdentifier
           SelfContained
         Removing Properties for project "..\TicketConsolidator.Application\TicketConsolidator.Application.csproj":
           TargetFramework
           RuntimeIdentifier
           SelfContained
   6:6>Project "c:\Apps\TicketConsolidator\src\TicketConsolidator.Web\TicketConsolidator.Web.csproj" (6:6) is building "c:\Apps\TicketConsolidator\src\TicketConsolidator.Domain\TicketConsolidator.Domain.csproj" (7:31) on node 1 (GetStaticWebAssetsProjectConfiguration target(s)).
  7:31>Target "GetStaticWebAssetsProjectConfiguration" skipped. The target does not exist in the project and SkipNonexistentTargets is set to true.
  7:31>Done Building Project "c:\Apps\TicketConsolidator\src\TicketConsolidator.Domain\TicketConsolidator.Domain.csproj" (GetStaticWebAssetsProjectConfiguration target(s)).
   6:6>Project "c:\Apps\TicketConsolidator\src\TicketConsolidator.Web\TicketConsolidator.Web.csproj" (6:6) is building "c:\Apps\TicketConsolidator\src\TicketConsolidator.Application\TicketConsolidator.Application.csproj" (2:26) on node 3 (GetStaticWebAssetsProjectConfiguration target(s)).
  2:26>Target "GetStaticWebAssetsProjectConfiguration" skipped. The target does not exist in the project and SkipNonexistentTargets is set to true.
   6:6>Project "c:\Apps\TicketConsolidator\src\TicketConsolidator.Web\TicketConsolidator.Web.csproj" (6:6) is building "c:\Apps\TicketConsolidator\src\TicketConsolidator.Infrastructure\TicketConsolidator.Infrastructure.csproj" (4:22) on node 2 (GetStaticWebAssetsProjectConfiguration target(s)).
  4:22>Target "GetStaticWebAssetsProjectConfiguration" skipped. The target does not exist in the project and SkipNonexistentTargets is set to true.
  2:26>Done Building Project "c:\Apps\TicketConsolidator\src\TicketConsolidator.Application\TicketConsolidator.Application.csproj" (GetStaticWebAssetsProjectConfiguration target(s)).
  4:22>Target "NETStandardCompatError_Microsoft_Extensions_Configuration_Binder" skipped. Previously built successfully.
  4:22>Done Building Project "c:\Apps\TicketConsolidator\src\TicketConsolidator.Infrastructure\TicketConsolidator.Infrastructure.csproj" (GetStaticWebAssetsProjectConfiguration target(s)).
   6:6>Done executing task "MSBuild".
       Using "MergeConfigurationProperties" task from assembly "C:\Program Files\dotnet\sdk\10.0.103\Sdks\Microsoft.NET.Sdk.StaticWebAssets\targets\..\tasks\net10.0\Microsoft.NET.Sdk.StaticWebAssets.Tasks.dll".
       Task "MergeConfigurationProperties"
       Done executing task "MergeConfigurationProperties".
   6:6>Done building target "ResolveReferencedProjectsStaticWebAssetsConfiguration" in project "TicketConsolidator.Web.csproj".
   6:6>Target "ResolveReferencedProjectsStaticWebAssets" in file "C:\Program Files\dotnet\sdk\10.0.103\Sdks\Microsoft.NET.Sdk.StaticWebAssets\targets\Microsoft.NET.Sdk.StaticWebAssets.References.targets" from project "c:\Apps\TicketConsolidator\src\TicketConsolidator.Web\TicketConsolidator.Web.csproj" (target "ResolveCoreStaticWebAssets" depends on it):
   6:6>Done building target "ResolveReferencedProjectsStaticWebAssets" in project "TicketConsolidator.Web.csproj".
   6:6>Target "ResolveJsInitializerModuleStaticWebAssets" in file "C:\Program Files\dotnet\sdk\10.0.103\Sdks\Microsoft.NET.Sdk.StaticWebAssets\targets\Microsoft.NET.Sdk.StaticWebAssets.JSModules.targets" from project "c:\Apps\TicketConsolidator\src\TicketConsolidator.Web\TicketConsolidator.Web.csproj" (target "ResolveCoreStaticWebAssets" depends on it):
       Task "DefineStaticWebAssets"
         Cache is fully up to date.
       Done executing task "DefineStaticWebAssets".
       Task "DefineStaticWebAssetEndpoints"
         Removing endpoints for asset 'c:\Apps\TicketConsolidator\src\TicketConsolidator.Web\wwwroot\css\codeEditor.css' because it no longer exists.
         Removing endpoints for asset 'c:\Apps\TicketConsolidator\src\TicketConsolidator.Web\wwwroot\css\codeEditor.css' because it no longer exists.
         Removing endpoints for asset 'c:\Apps\TicketConsolidator\src\TicketConsolidator.Web\wwwroot\css\open-iconic\README.md' because it no longer exists.
         Removing endpoints for asset 'c:\Apps\TicketConsolidator\src\TicketConsolidator.Web\wwwroot\css\open-iconic\README.md' because it no longer exists.
         Removing endpoints for asset 'c:\Apps\TicketConsolidator\src\TicketConsolidator.Web\wwwroot\css\open-iconic\font\fonts\open-iconic.ttf' because it no longer exists.
         Removing endpoints for asset 'c:\Apps\TicketConsolidator\src\TicketConsolidator.Web\wwwroot\css\open-iconic\font\fonts\open-iconic.ttf' because it no longer exists.
         Removing endpoints for asset 'c:\Apps\TicketConsolidator\src\TicketConsolidator.Web\wwwroot\js\codeEditor.js' because it no longer exists.
         Removing endpoints for asset 'c:\Apps\TicketConsolidator\src\TicketConsolidator.Web\wwwroot\js\codeEditor.js' because it no longer exists.
         Removing endpoints for asset 'c:\Apps\TicketConsolidator\src\TicketConsolidator.Web\wwwroot\css\theme.css' because it no longer exists.
         Removing endpoints for asset 'c:\Apps\TicketConsolidator\src\TicketConsolidator.Web\wwwroot\css\theme.css' because it no longer exists.
         Removing endpoints for asset 'c:\Apps\TicketConsolidator\src\TicketConsolidator.Web\wwwroot\css\bootstrap\bootstrap.min.css.map' because it no longer exists.
         Removing endpoints for asset 'c:\Apps\TicketConsolidator\src\TicketConsolidator.Web\wwwroot\css\bootstrap\bootstrap.min.css.map' because it no longer exists.
         Removing endpoints for asset 'c:\Apps\TicketConsolidator\src\TicketConsolidator.Web\wwwroot\css\open-iconic\ICON-LICENSE' because it no longer exists.
         Removing endpoints for asset 'c:\Apps\TicketConsolidator\src\TicketConsolidator.Web\wwwroot\css\open-iconic\ICON-LICENSE' because it no longer exists.
         Removing endpoints for asset 'c:\Apps\TicketConsolidator\src\TicketConsolidator.Web\wwwroot\css\bootstrap\bootstrap.min.css' because it no longer exists.
         Removing endpoints for asset 'c:\Apps\TicketConsolidator\src\TicketConsolidator.Web\wwwroot\css\bootstrap\bootstrap.min.css' because it no longer exists.
         Removing endpoints for asset 'c:\Apps\TicketConsolidator\src\TicketConsolidator.Web\wwwroot\css\open-iconic\font\fonts\open-iconic.eot' because it no longer exists.
         Removing endpoints for asset 'c:\Apps\TicketConsolidator\src\TicketConsolidator.Web\wwwroot\css\open-iconic\font\fonts\open-iconic.eot' because it no longer exists.
         Removing endpoints for asset 'c:\Apps\TicketConsolidator\src\TicketConsolidator.Web\wwwroot\css\open-iconic\font\fonts\open-iconic.otf' because it no longer exists.
         Removing endpoints for asset 'c:\Apps\TicketConsolidator\src\TicketConsolidator.Web\wwwroot\css\open-iconic\font\fonts\open-iconic.otf' because it no longer exists.
         Removing endpoints for asset 'c:\Apps\TicketConsolidator\src\TicketConsolidator.Web\wwwroot\css\open-iconic\font\css\open-iconic-bootstrap.min.css' because it no longer exists.
         Removing endpoints for asset 'c:\Apps\TicketConsolidator\src\TicketConsolidator.Web\wwwroot\css\open-iconic\font\css\open-iconic-bootstrap.min.css' because it no longer exists.
         Removing endpoints for asset 'c:\Apps\TicketConsolidator\src\TicketConsolidator.Web\wwwroot\css\open-iconic\font\fonts\open-iconic.woff' because it no longer exists.
         Removing endpoints for asset 'c:\Apps\TicketConsolidator\src\TicketConsolidator.Web\wwwroot\css\open-iconic\font\fonts\open-iconic.woff' because it no longer exists.
         Removing endpoints for asset 'c:\Apps\TicketConsolidator\src\TicketConsolidator.Web\wwwroot\favicon.ico' because it no longer exists.
         Removing endpoints for asset 'c:\Apps\TicketConsolidator\src\TicketConsolidator.Web\wwwroot\favicon.ico' because it no longer exists.
         Removing endpoints for asset 'c:\Apps\TicketConsolidator\src\TicketConsolidator.Web\wwwroot\css\site.css' because it no longer exists.
         Removing endpoints for asset 'c:\Apps\TicketConsolidator\src\TicketConsolidator.Web\wwwroot\css\site.css' because it no longer exists.
         Removing endpoints for asset 'c:\Apps\TicketConsolidator\src\TicketConsolidator.Web\wwwroot\css\animations.css' because it no longer exists.
         Removing endpoints for asset 'c:\Apps\TicketConsolidator\src\TicketConsolidator.Web\wwwroot\css\animations.css' because it no longer exists.
         Removing endpoints for asset 'c:\Apps\TicketConsolidator\src\TicketConsolidator.Web\wwwroot\css\open-iconic\FONT-LICENSE' because it no longer exists.
         Removing endpoints for asset 'c:\Apps\TicketConsolidator\src\TicketConsolidator.Web\wwwroot\css\open-iconic\FONT-LICENSE' because it no longer exists.
         Removing endpoints for asset 'c:\Apps\TicketConsolidator\src\TicketConsolidator.Web\wwwroot\css\glass.css' because it no longer exists.
         Removing endpoints for asset 'c:\Apps\TicketConsolidator\src\TicketConsolidator.Web\wwwroot\css\glass.css' because it no longer exists.
         Removing endpoints for asset 'c:\Apps\TicketConsolidator\src\TicketConsolidator.Web\wwwroot\css\open-iconic\font\fonts\open-iconic.svg' because it no longer exists.
         Removing endpoints for asset 'c:\Apps\TicketConsolidator\src\TicketConsolidator.Web\wwwroot\css\open-iconic\font\fonts\open-iconic.svg' because it no longer exists.
       Done executing task "DefineStaticWebAssetEndpoints".
   6:6>Done building target "ResolveJsInitializerModuleStaticWebAssets" in project "TicketConsolidator.Web.csproj".
       Target "ResolveProjectStaticWebAssets" skipped. Previously built successfully.
       Target "ResolveRazorComponentInputs" skipped. Previously built successfully.
       Target "ResolveRazorGenerateInputs" skipped. Previously built successfully.
   6:6>Target "ResolveJSModuleStaticWebAssets" in file "C:\Program Files\dotnet\sdk\10.0.103\Sdks\Microsoft.NET.Sdk.StaticWebAssets\targets\Microsoft.NET.Sdk.StaticWebAssets.JSModules.targets" from project "c:\Apps\TicketConsolidator\src\TicketConsolidator.Web\TicketConsolidator.Web.csproj" (target "ResolveCoreStaticWebAssets" depends on it):
       Task "DefineStaticWebAssets"
         Cache is fully up to date.
       Done executing task "DefineStaticWebAssets".
       Task "DefineStaticWebAssets"
         Cache is fully up to date.
       Done executing task "DefineStaticWebAssets".
       Task "DefineStaticWebAssetEndpoints"
         Removing endpoints for asset 'c:\Apps\TicketConsolidator\src\TicketConsolidator.Web\wwwroot\css\codeEditor.css' because it no longer exists.
         Removing endpoints for asset 'c:\Apps\TicketConsolidator\src\TicketConsolidator.Web\wwwroot\css\codeEditor.css' because it no longer exists.
         Removing endpoints for asset 'c:\Apps\TicketConsolidator\src\TicketConsolidator.Web\wwwroot\css\open-iconic\README.md' because it no longer exists.
         Removing endpoints for asset 'c:\Apps\TicketConsolidator\src\TicketConsolidator.Web\wwwroot\css\open-iconic\README.md' because it no longer exists.
         Removing endpoints for asset 'c:\Apps\TicketConsolidator\src\TicketConsolidator.Web\wwwroot\css\open-iconic\font\fonts\open-iconic.ttf' because it no longer exists.
         Removing endpoints for asset 'c:\Apps\TicketConsolidator\src\TicketConsolidator.Web\wwwroot\css\open-iconic\font\fonts\open-iconic.ttf' because it no longer exists.
         Removing endpoints for asset 'c:\Apps\TicketConsolidator\src\TicketConsolidator.Web\wwwroot\js\codeEditor.js' because it no longer exists.
         Removing endpoints for asset 'c:\Apps\TicketConsolidator\src\TicketConsolidator.Web\wwwroot\js\codeEditor.js' because it no longer exists.
         Removing endpoints for asset 'c:\Apps\TicketConsolidator\src\TicketConsolidator.Web\wwwroot\css\theme.css' because it no longer exists.
         Removing endpoints for asset 'c:\Apps\TicketConsolidator\src\TicketConsolidator.Web\wwwroot\css\theme.css' because it no longer exists.
         Removing endpoints for asset 'c:\Apps\TicketConsolidator\src\TicketConsolidator.Web\wwwroot\css\bootstrap\bootstrap.min.css.map' because it no longer exists.
         Removing endpoints for asset 'c:\Apps\TicketConsolidator\src\TicketConsolidator.Web\wwwroot\css\bootstrap\bootstrap.min.css.map' because it no longer exists.
         Removing endpoints for asset 'c:\Apps\TicketConsolidator\src\TicketConsolidator.Web\wwwroot\css\open-iconic\ICON-LICENSE' because it no longer exists.
         Removing endpoints for asset 'c:\Apps\TicketConsolidator\src\TicketConsolidator.Web\wwwroot\css\open-iconic\ICON-LICENSE' because it no longer exists.
         Removing endpoints for asset 'c:\Apps\TicketConsolidator\src\TicketConsolidator.Web\wwwroot\css\bootstrap\bootstrap.min.css' because it no longer exists.
         Removing endpoints for asset 'c:\Apps\TicketConsolidator\src\TicketConsolidator.Web\wwwroot\css\bootstrap\bootstrap.min.css' because it no longer exists.
         Removing endpoints for asset 'c:\Apps\TicketConsolidator\src\TicketConsolidator.Web\wwwroot\css\open-iconic\font\fonts\open-iconic.eot' because it no longer exists.
         Removing endpoints for asset 'c:\Apps\TicketConsolidator\src\TicketConsolidator.Web\wwwroot\css\open-iconic\font\fonts\open-iconic.eot' because it no longer exists.
         Removing endpoints for asset 'c:\Apps\TicketConsolidator\src\TicketConsolidator.Web\wwwroot\css\open-iconic\font\fonts\open-iconic.otf' because it no longer exists.
         Removing endpoints for asset 'c:\Apps\TicketConsolidator\src\TicketConsolidator.Web\wwwroot\css\open-iconic\font\fonts\open-iconic.otf' because it no longer exists.
         Removing endpoints for asset 'c:\Apps\TicketConsolidator\src\TicketConsolidator.Web\wwwroot\css\open-iconic\font\css\open-iconic-bootstrap.min.css' because it no longer exists.
         Removing endpoints for asset 'c:\Apps\TicketConsolidator\src\TicketConsolidator.Web\wwwroot\css\open-iconic\font\css\open-iconic-bootstrap.min.css' because it no longer exists.
         Removing endpoints for asset 'c:\Apps\TicketConsolidator\src\TicketConsolidator.Web\wwwroot\css\open-iconic\font\fonts\open-iconic.woff' because it no longer exists.
         Removing endpoints for asset 'c:\Apps\TicketConsolidator\src\TicketConsolidator.Web\wwwroot\css\open-iconic\font\fonts\open-iconic.woff' because it no longer exists.
         Removing endpoints for asset 'c:\Apps\TicketConsolidator\src\TicketConsolidator.Web\wwwroot\favicon.ico' because it no longer exists.
         Removing endpoints for asset 'c:\Apps\TicketConsolidator\src\TicketConsolidator.Web\wwwroot\favicon.ico' because it no longer exists.
         Removing endpoints for asset 'c:\Apps\TicketConsolidator\src\TicketConsolidator.Web\wwwroot\css\site.css' because it no longer exists.
         Removing endpoints for asset 'c:\Apps\TicketConsolidator\src\TicketConsolidator.Web\wwwroot\css\site.css' because it no longer exists.
         Removing endpoints for asset 'c:\Apps\TicketConsolidator\src\TicketConsolidator.Web\wwwroot\css\animations.css' because it no longer exists.
         Removing endpoints for asset 'c:\Apps\TicketConsolidator\src\TicketConsolidator.Web\wwwroot\css\animations.css' because it no longer exists.
         Removing endpoints for asset 'c:\Apps\TicketConsolidator\src\TicketConsolidator.Web\wwwroot\css\open-iconic\FONT-LICENSE' because it no longer exists.
         Removing endpoints for asset 'c:\Apps\TicketConsolidator\src\TicketConsolidator.Web\wwwroot\css\open-iconic\FONT-LICENSE' because it no longer exists.
         Removing endpoints for asset 'c:\Apps\TicketConsolidator\src\TicketConsolidator.Web\wwwroot\css\glass.css' because it no longer exists.
         Removing endpoints for asset 'c:\Apps\TicketConsolidator\src\TicketConsolidator.Web\wwwroot\css\glass.css' because it no longer exists.
         Removing endpoints for asset 'c:\Apps\TicketConsolidator\src\TicketConsolidator.Web\wwwroot\css\open-iconic\font\fonts\open-iconic.svg' because it no longer exists.
         Removing endpoints for asset 'c:\Apps\TicketConsolidator\src\TicketConsolidator.Web\wwwroot\css\open-iconic\font\fonts\open-iconic.svg' because it no longer exists.
       Done executing task "DefineStaticWebAssetEndpoints".
       Task "DefineStaticWebAssetEndpoints"
         Removing endpoints for asset 'c:\Apps\TicketConsolidator\src\TicketConsolidator.Web\wwwroot\css\codeEditor.css' because it no longer exists.
         Removing endpoints for asset 'c:\Apps\TicketConsolidator\src\TicketConsolidator.Web\wwwroot\css\codeEditor.css' because it no longer exists.
         Removing endpoints for asset 'c:\Apps\TicketConsolidator\src\TicketConsolidator.Web\wwwroot\css\open-iconic\README.md' because it no longer exists.
         Removing endpoints for asset 'c:\Apps\TicketConsolidator\src\TicketConsolidator.Web\wwwroot\css\open-iconic\README.md' because it no longer exists.
         Removing endpoints for asset 'c:\Apps\TicketConsolidator\src\TicketConsolidator.Web\wwwroot\css\open-iconic\font\fonts\open-iconic.ttf' because it no longer exists.
         Removing endpoints for asset 'c:\Apps\TicketConsolidator\src\TicketConsolidator.Web\wwwroot\css\open-iconic\font\fonts\open-iconic.ttf' because it no longer exists.
         Removing endpoints for asset 'c:\Apps\TicketConsolidator\src\TicketConsolidator.Web\wwwroot\js\codeEditor.js' because it no longer exists.
         Removing endpoints for asset 'c:\Apps\TicketConsolidator\src\TicketConsolidator.Web\wwwroot\js\codeEditor.js' because it no longer exists.
         Removing endpoints for asset 'c:\Apps\TicketConsolidator\src\TicketConsolidator.Web\wwwroot\css\theme.css' because it no longer exists.
         Removing endpoints for asset 'c:\Apps\TicketConsolidator\src\TicketConsolidator.Web\wwwroot\css\theme.css' because it no longer exists.
         Removing endpoints for asset 'c:\Apps\TicketConsolidator\src\TicketConsolidator.Web\wwwroot\css\bootstrap\bootstrap.min.css.map' because it no longer exists.
         Removing endpoints for asset 'c:\Apps\TicketConsolidator\src\TicketConsolidator.Web\wwwroot\css\bootstrap\bootstrap.min.css.map' because it no longer exists.
         Removing endpoints for asset 'c:\Apps\TicketConsolidator\src\TicketConsolidator.Web\wwwroot\css\open-iconic\ICON-LICENSE' because it no longer exists.
         Removing endpoints for asset 'c:\Apps\TicketConsolidator\src\TicketConsolidator.Web\wwwroot\css\open-iconic\ICON-LICENSE' because it no longer exists.
         Removing endpoints for asset 'c:\Apps\TicketConsolidator\src\TicketConsolidator.Web\wwwroot\css\bootstrap\bootstrap.min.css' because it no longer exists.
         Removing endpoints for asset 'c:\Apps\TicketConsolidator\src\TicketConsolidator.Web\wwwroot\css\bootstrap\bootstrap.min.css' because it no longer exists.
         Removing endpoints for asset 'c:\Apps\TicketConsolidator\src\TicketConsolidator.Web\wwwroot\css\open-iconic\font\fonts\open-iconic.eot' because it no longer exists.
         Removing endpoints for asset 'c:\Apps\TicketConsolidator\src\TicketConsolidator.Web\wwwroot\css\open-iconic\font\fonts\open-iconic.eot' because it no longer exists.
         Removing endpoints for asset 'c:\Apps\TicketConsolidator\src\TicketConsolidator.Web\wwwroot\css\open-iconic\font\fonts\open-iconic.otf' because it no longer exists.
         Removing endpoints for asset 'c:\Apps\TicketConsolidator\src\TicketConsolidator.Web\wwwroot\css\open-iconic\font\fonts\open-iconic.otf' because it no longer exists.
         Removing endpoints for asset 'c:\Apps\TicketConsolidator\src\TicketConsolidator.Web\wwwroot\css\open-iconic\font\css\open-iconic-bootstrap.min.css' because it no longer exists.
         Removing endpoints for asset 'c:\Apps\TicketConsolidator\src\TicketConsolidator.Web\wwwroot\css\open-iconic\font\css\open-iconic-bootstrap.min.css' because it no longer exists.
         Removing endpoints for asset 'c:\Apps\TicketConsolidator\src\TicketConsolidator.Web\wwwroot\css\open-iconic\font\fonts\open-iconic.woff' because it no longer exists.
         Removing endpoints for asset 'c:\Apps\TicketConsolidator\src\TicketConsolidator.Web\wwwroot\css\open-iconic\font\fonts\open-iconic.woff' because it no longer exists.
         Removing endpoints for asset 'c:\Apps\TicketConsolidator\src\TicketConsolidator.Web\wwwroot\favicon.ico' because it no longer exists.
         Removing endpoints for asset 'c:\Apps\TicketConsolidator\src\TicketConsolidator.Web\wwwroot\favicon.ico' because it no longer exists.
         Removing endpoints for asset 'c:\Apps\TicketConsolidator\src\TicketConsolidator.Web\wwwroot\css\site.css' because it no longer exists.
         Removing endpoints for asset 'c:\Apps\TicketConsolidator\src\TicketConsolidator.Web\wwwroot\css\site.css' because it no longer exists.
         Removing endpoints for asset 'c:\Apps\TicketConsolidator\src\TicketConsolidator.Web\wwwroot\css\animations.css' because it no longer exists.
         Removing endpoints for asset 'c:\Apps\TicketConsolidator\src\TicketConsolidator.Web\wwwroot\css\animations.css' because it no longer exists.
         Removing endpoints for asset 'c:\Apps\TicketConsolidator\src\TicketConsolidator.Web\wwwroot\css\open-iconic\FONT-LICENSE' because it no longer exists.
         Removing endpoints for asset 'c:\Apps\TicketConsolidator\src\TicketConsolidator.Web\wwwroot\css\open-iconic\FONT-LICENSE' because it no longer exists.
         Removing endpoints for asset 'c:\Apps\TicketConsolidator\src\TicketConsolidator.Web\wwwroot\css\glass.css' because it no longer exists.
         Removing endpoints for asset 'c:\Apps\TicketConsolidator\src\TicketConsolidator.Web\wwwroot\css\glass.css' because it no longer exists.
         Removing endpoints for asset 'c:\Apps\TicketConsolidator\src\TicketConsolidator.Web\wwwroot\css\open-iconic\font\fonts\open-iconic.svg' because it no longer exists.
         Removing endpoints for asset 'c:\Apps\TicketConsolidator\src\TicketConsolidator.Web\wwwroot\css\open-iconic\font\fonts\open-iconic.svg' because it no longer exists.
       Done executing task "DefineStaticWebAssetEndpoints".
       Using "ApplyJsModules" task from assembly "C:\Program Files\dotnet\sdk\10.0.103\Sdks\Microsoft.NET.Sdk.StaticWebAssets\targets\..\tasks\net10.0\Microsoft.NET.Sdk.StaticWebAssets.Tasks.dll".
       Task "ApplyJsModules"
       Done executing task "ApplyJsModules".
   6:6>Done building target "ResolveJSModuleStaticWebAssets" in project "TicketConsolidator.Web.csproj".
   6:6>Target "ResolveCoreStaticWebAssets" in file "C:\Program Files\dotnet\sdk\10.0.103\Sdks\Microsoft.NET.Sdk.StaticWebAssets\targets\Microsoft.NET.Sdk.StaticWebAssets.targets" from project "c:\Apps\TicketConsolidator\src\TicketConsolidator.Web\TicketConsolidator.Web.csproj" (target "ResolveBuildStaticWebAssets" depends on it):
   6:6>Done building target "ResolveCoreStaticWebAssets" in project "TicketConsolidator.Web.csproj".
       Target "ResolveCoreStaticWebAssets" skipped. Previously built successfully.
       Target "ResolveJsInitializerModuleStaticWebAssets" skipped. Previously built successfully.
   6:6>Target "ResolveJSModuleManifestBuildConfiguration" in file "C:\Program Files\dotnet\sdk\10.0.103\Sdks\Microsoft.NET.Sdk.StaticWebAssets\targets\Microsoft.NET.Sdk.StaticWebAssets.JSModules.targets" from project "c:\Apps\TicketConsolidator\src\TicketConsolidator.Web\TicketConsolidator.Web.csproj" (target "GenerateJSModuleManifestBuildStaticWebAssets" depends on it):
   6:6>Done building target "ResolveJSModuleManifestBuildConfiguration" in project "TicketConsolidator.Web.csproj".
   6:6>Target "GenerateJSModuleManifestBuildStaticWebAssets" in file "C:\Program Files\dotnet\sdk\10.0.103\Sdks\Microsoft.NET.Sdk.StaticWebAssets\targets\Microsoft.NET.Sdk.StaticWebAssets.JSModules.targets" from project "c:\Apps\TicketConsolidator\src\TicketConsolidator.Web\TicketConsolidator.Web.csproj" (target "ResolveJSModuleManifestBuildStaticWebAssets" depends on it):
   6:6>Done building target "GenerateJSModuleManifestBuildStaticWebAssets" in project "TicketConsolidator.Web.csproj".
   6:6>Target "ResolveJSModuleManifestBuildStaticWebAssets" in file "C:\Program Files\dotnet\sdk\10.0.103\Sdks\Microsoft.NET.Sdk.StaticWebAssets\targets\Microsoft.NET.Sdk.StaticWebAssets.JSModules.targets" from project "c:\Apps\TicketConsolidator\src\TicketConsolidator.Web\TicketConsolidator.Web.csproj" (target "ResolveStaticWebAssetsInputs" depends on it):
       Task "DefineStaticWebAssetEndpoints"
         Removing endpoints for asset 'c:\Apps\TicketConsolidator\src\TicketConsolidator.Web\wwwroot\css\codeEditor.css' because it no longer exists.
         Removing endpoints for asset 'c:\Apps\TicketConsolidator\src\TicketConsolidator.Web\wwwroot\css\codeEditor.css' because it no longer exists.
         Removing endpoints for asset 'c:\Apps\TicketConsolidator\src\TicketConsolidator.Web\wwwroot\css\open-iconic\README.md' because it no longer exists.
         Removing endpoints for asset 'c:\Apps\TicketConsolidator\src\TicketConsolidator.Web\wwwroot\css\open-iconic\README.md' because it no longer exists.
         Removing endpoints for asset 'c:\Apps\TicketConsolidator\src\TicketConsolidator.Web\wwwroot\css\open-iconic\font\fonts\open-iconic.ttf' because it no longer exists.
         Removing endpoints for asset 'c:\Apps\TicketConsolidator\src\TicketConsolidator.Web\wwwroot\css\open-iconic\font\fonts\open-iconic.ttf' because it no longer exists.
         Removing endpoints for asset 'c:\Apps\TicketConsolidator\src\TicketConsolidator.Web\wwwroot\js\codeEditor.js' because it no longer exists.
         Removing endpoints for asset 'c:\Apps\TicketConsolidator\src\TicketConsolidator.Web\wwwroot\js\codeEditor.js' because it no longer exists.
         Removing endpoints for asset 'c:\Apps\TicketConsolidator\src\TicketConsolidator.Web\wwwroot\css\theme.css' because it no longer exists.
         Removing endpoints for asset 'c:\Apps\TicketConsolidator\src\TicketConsolidator.Web\wwwroot\css\theme.css' because it no longer exists.
         Removing endpoints for asset 'c:\Apps\TicketConsolidator\src\TicketConsolidator.Web\wwwroot\css\bootstrap\bootstrap.min.css.map' because it no longer exists.
         Removing endpoints for asset 'c:\Apps\TicketConsolidator\src\TicketConsolidator.Web\wwwroot\css\bootstrap\bootstrap.min.css.map' because it no longer exists.
   5:6>MarkupCompilePass1:
         Input file 'c:\Apps\TicketConsolidator\src\TicketConsolidator.UI\App.xaml' is resolved to new relative path 'App.xaml' at directory 'c:\Apps\TicketConsolidator\src\TicketConsolidator.UI\'.
   6:6>ResolveJSModuleManifestBuildStaticWebAssets:
         Removing endpoints for asset 'c:\Apps\TicketConsolidator\src\TicketConsolidator.Web\wwwroot\css\open-iconic\ICON-LICENSE' because it no longer exists.
         Removing endpoints for asset 'c:\Apps\TicketConsolidator\src\TicketConsolidator.Web\wwwroot\css\open-iconic\ICON-LICENSE' because it no longer exists.
         Removing endpoints for asset 'c:\Apps\TicketConsolidator\src\TicketConsolidator.Web\wwwroot\css\bootstrap\bootstrap.min.css' because it no longer exists.
         Removing endpoints for asset 'c:\Apps\TicketConsolidator\src\TicketConsolidator.Web\wwwroot\css\bootstrap\bootstrap.min.css' because it no longer exists.
         Removing endpoints for asset 'c:\Apps\TicketConsolidator\src\TicketConsolidator.Web\wwwroot\css\open-iconic\font\fonts\open-iconic.eot' because it no longer exists.
         Removing endpoints for asset 'c:\Apps\TicketConsolidator\src\TicketConsolidator.Web\wwwroot\css\open-iconic\font\fonts\open-iconic.eot' because it no longer exists.
         Removing endpoints for asset 'c:\Apps\TicketConsolidator\src\TicketConsolidator.Web\wwwroot\css\open-iconic\font\fonts\open-iconic.otf' because it no longer exists.
         Removing endpoints for asset 'c:\Apps\TicketConsolidator\src\TicketConsolidator.Web\wwwroot\css\open-iconic\font\fonts\open-iconic.otf' because it no longer exists.
         Removing endpoints for asset 'c:\Apps\TicketConsolidator\src\TicketConsolidator.Web\wwwroot\css\open-iconic\font\css\open-iconic-bootstrap.min.css' because it no longer exists.
         Removing endpoints for asset 'c:\Apps\TicketConsolidator\src\TicketConsolidator.Web\wwwroot\css\open-iconic\font\css\open-iconic-bootstrap.min.css' because it no longer exists.
         Removing endpoints for asset 'c:\Apps\TicketConsolidator\src\TicketConsolidator.Web\wwwroot\css\open-iconic\font\fonts\open-iconic.woff' because it no longer exists.
         Removing endpoints for asset 'c:\Apps\TicketConsolidator\src\TicketConsolidator.Web\wwwroot\css\open-iconic\font\fonts\open-iconic.woff' because it no longer exists.
         Removing endpoints for asset 'c:\Apps\TicketConsolidator\src\TicketConsolidator.Web\wwwroot\favicon.ico' because it no longer exists.
         Removing endpoints for asset 'c:\Apps\TicketConsolidator\src\TicketConsolidator.Web\wwwroot\favicon.ico' because it no longer exists.
         Removing endpoints for asset 'c:\Apps\TicketConsolidator\src\TicketConsolidator.Web\wwwroot\css\site.css' because it no longer exists.
         Removing endpoints for asset 'c:\Apps\TicketConsolidator\src\TicketConsolidator.Web\wwwroot\css\site.css' because it no longer exists.
         Removing endpoints for asset 'c:\Apps\TicketConsolidator\src\TicketConsolidator.Web\wwwroot\css\animations.css' because it no longer exists.
         Removing endpoints for asset 'c:\Apps\TicketConsolidator\src\TicketConsolidator.Web\wwwroot\css\animations.css' because it no longer exists.
         Removing endpoints for asset 'c:\Apps\TicketConsolidator\src\TicketConsolidator.Web\wwwroot\css\open-iconic\FONT-LICENSE' because it no longer exists.
         Removing endpoints for asset 'c:\Apps\TicketConsolidator\src\TicketConsolidator.Web\wwwroot\css\open-iconic\FONT-LICENSE' because it no longer exists.
         Removing endpoints for asset 'c:\Apps\TicketConsolidator\src\TicketConsolidator.Web\wwwroot\css\glass.css' because it no longer exists.
         Removing endpoints for asset 'c:\Apps\TicketConsolidator\src\TicketConsolidator.Web\wwwroot\css\glass.css' because it no longer exists.
         Removing endpoints for asset 'c:\Apps\TicketConsolidator\src\TicketConsolidator.Web\wwwroot\css\open-iconic\font\fonts\open-iconic.svg' because it no longer exists.
         Removing endpoints for asset 'c:\Apps\TicketConsolidator\src\TicketConsolidator.Web\wwwroot\css\open-iconic\font\fonts\open-iconic.svg' because it no longer exists.
       Done executing task "DefineStaticWebAssetEndpoints".
   6:6>Done building target "ResolveJSModuleManifestBuildStaticWebAssets" in project "TicketConsolidator.Web.csproj".
       Target "ResolveCoreStaticWebAssets" skipped. Previously built successfully.
       Target "ResolveCoreStaticWebAssets" skipped. Previously built successfully.
       Target "ResolveCssScopes" skipped. Previously built successfully.
   6:6>Target "ResolveScopedCssOutputs" in file "C:\Program Files\dotnet\sdk\10.0.103\Sdks\Microsoft.NET.Sdk.StaticWebAssets\targets\Microsoft.NET.Sdk.StaticWebAssets.ScopedCss.targets" from project "c:\Apps\TicketConsolidator\src\TicketConsolidator.Web\TicketConsolidator.Web.csproj" (target "_ComputeScopedCssStaticWebAssets" depends on it):
   6:6>Done building target "ResolveScopedCssOutputs" in project "TicketConsolidator.Web.csproj".
       Target "ResolveStaticWebAssetsConfiguration" skipped. Previously built successfully.
   6:6>Target "_ComputeScopedCssStaticWebAssets" in file "C:\Program Files\dotnet\sdk\10.0.103\Sdks\Microsoft.NET.Sdk.StaticWebAssets\targets\Microsoft.NET.Sdk.StaticWebAssets.ScopedCss.targets" from project "c:\Apps\TicketConsolidator\src\TicketConsolidator.Web\TicketConsolidator.Web.csproj" (target "_CollectAllScopedCssAssets" depends on it):
       Task "DefineStaticWebAssets"
         No cache manifest path specified. Cache will not be used.
         RelativePath 'Shared\MainLayout.razor.rz.scp.css' normalized to 'Shared/MainLayout.razor.rz.scp.css' found for candidate 'c:\Apps\TicketConsolidator\src\TicketConsolidator.Web\obj\Debug\net10.0-windows\scopedcss\Shared\MainLayout.razor.rz.scp.css' and will be used for matching.
         Computing fingerprint and integrity for asset 'c:\Apps\TicketConsolidator\src\TicketConsolidator.Web\obj\Debug\net10.0-windows\scopedcss\Shared\MainLayout.razor.rz.scp.css'
         Identity for candidate 'c:\Apps\TicketConsolidator\src\TicketConsolidator.Web\obj\Debug\net10.0-windows\scopedcss\Shared\MainLayout.razor.rz.scp.css' is 'c:\Apps\TicketConsolidator\src\TicketConsolidator.Web\obj\Debug\net10.0-windows\scopedcss\Shared\MainLayout.razor.rz.scp.css' because it starts with content root 'c:\Apps\TicketConsolidator\src\TicketConsolidator.Web\obj\Debug\net10.0-windows\scopedcss\'.
         RelativePath 'Shared\NavMenu.razor.rz.scp.css' normalized to 'Shared/NavMenu.razor.rz.scp.css' found for candidate 'c:\Apps\TicketConsolidator\src\TicketConsolidator.Web\obj\Debug\net10.0-windows\scopedcss\Shared\NavMenu.razor.rz.scp.css' and will be used for matching.
         Computing fingerprint and integrity for asset 'c:\Apps\TicketConsolidator\src\TicketConsolidator.Web\obj\Debug\net10.0-windows\scopedcss\Shared\NavMenu.razor.rz.scp.css'
         Identity for candidate 'c:\Apps\TicketConsolidator\src\TicketConsolidator.Web\obj\Debug\net10.0-windows\scopedcss\Shared\NavMenu.razor.rz.scp.css' is 'c:\Apps\TicketConsolidator\src\TicketConsolidator.Web\obj\Debug\net10.0-windows\scopedcss\Shared\NavMenu.razor.rz.scp.css' because it starts with content root 'c:\Apps\TicketConsolidator\src\TicketConsolidator.Web\obj\Debug\net10.0-windows\scopedcss\'.
       Done executing task "DefineStaticWebAssets".
       Task "DefineStaticWebAssetEndpoints"
         Removing endpoints for asset 'c:\Apps\TicketConsolidator\src\TicketConsolidator.Web\wwwroot\css\codeEditor.css' because it no longer exists.
         Removing endpoints for asset 'c:\Apps\TicketConsolidator\src\TicketConsolidator.Web\wwwroot\css\codeEditor.css' because it no longer exists.
         Removing endpoints for asset 'c:\Apps\TicketConsolidator\src\TicketConsolidator.Web\wwwroot\css\open-iconic\README.md' because it no longer exists.
         Removing endpoints for asset 'c:\Apps\TicketConsolidator\src\TicketConsolidator.Web\wwwroot\css\open-iconic\README.md' because it no longer exists.
         Removing endpoints for asset 'c:\Apps\TicketConsolidator\src\TicketConsolidator.Web\wwwroot\css\open-iconic\font\fonts\open-iconic.ttf' because it no longer exists.
         Removing endpoints for asset 'c:\Apps\TicketConsolidator\src\TicketConsolidator.Web\wwwroot\css\open-iconic\font\fonts\open-iconic.ttf' because it no longer exists.
         Removing endpoints for asset 'c:\Apps\TicketConsolidator\src\TicketConsolidator.Web\wwwroot\js\codeEditor.js' because it no longer exists.
         Removing endpoints for asset 'c:\Apps\TicketConsolidator\src\TicketConsolidator.Web\wwwroot\js\codeEditor.js' because it no longer exists.
         Removing endpoints for asset 'c:\Apps\TicketConsolidator\src\TicketConsolidator.Web\wwwroot\css\theme.css' because it no longer exists.
         Removing endpoints for asset 'c:\Apps\TicketConsolidator\src\TicketConsolidator.Web\wwwroot\css\theme.css' because it no longer exists.
         Removing endpoints for asset 'c:\Apps\TicketConsolidator\src\TicketConsolidator.Web\wwwroot\css\bootstrap\bootstrap.min.css.map' because it no longer exists.
         Removing endpoints for asset 'c:\Apps\TicketConsolidator\src\TicketConsolidator.Web\wwwroot\css\bootstrap\bootstrap.min.css.map' because it no longer exists.
         Removing endpoints for asset 'c:\Apps\TicketConsolidator\src\TicketConsolidator.Web\wwwroot\css\open-iconic\ICON-LICENSE' because it no longer exists.
         Removing endpoints for asset 'c:\Apps\TicketConsolidator\src\TicketConsolidator.Web\wwwroot\css\open-iconic\ICON-LICENSE' because it no longer exists.
         Removing endpoints for asset 'c:\Apps\TicketConsolidator\src\TicketConsolidator.Web\wwwroot\css\bootstrap\bootstrap.min.css' because it no longer exists.
         Removing endpoints for asset 'c:\Apps\TicketConsolidator\src\TicketConsolidator.Web\wwwroot\css\bootstrap\bootstrap.min.css' because it no longer exists.
         Removing endpoints for asset 'c:\Apps\TicketConsolidator\src\TicketConsolidator.Web\wwwroot\css\open-iconic\font\fonts\open-iconic.eot' because it no longer exists.
         Removing endpoints for asset 'c:\Apps\TicketConsolidator\src\TicketConsolidator.Web\wwwroot\css\open-iconic\font\fonts\open-iconic.eot' because it no longer exists.
         Removing endpoints for asset 'c:\Apps\TicketConsolidator\src\TicketConsolidator.Web\wwwroot\css\open-iconic\font\fonts\open-iconic.otf' because it no longer exists.
         Removing endpoints for asset 'c:\Apps\TicketConsolidator\src\TicketConsolidator.Web\wwwroot\css\open-iconic\font\fonts\open-iconic.otf' because it no longer exists.
         Removing endpoints for asset 'c:\Apps\TicketConsolidator\src\TicketConsolidator.Web\wwwroot\css\open-iconic\font\css\open-iconic-bootstrap.min.css' because it no longer exists.
         Removing endpoints for asset 'c:\Apps\TicketConsolidator\src\TicketConsolidator.Web\wwwroot\css\open-iconic\font\css\open-iconic-bootstrap.min.css' because it no longer exists.
         Removing endpoints for asset 'c:\Apps\TicketConsolidator\src\TicketConsolidator.Web\wwwroot\css\open-iconic\font\fonts\open-iconic.woff' because it no longer exists.
         Removing endpoints for asset 'c:\Apps\TicketConsolidator\src\TicketConsolidator.Web\wwwroot\css\open-iconic\font\fonts\open-iconic.woff' because it no longer exists.
         Removing endpoints for asset 'c:\Apps\TicketConsolidator\src\TicketConsolidator.Web\wwwroot\favicon.ico' because it no longer exists.
         Removing endpoints for asset 'c:\Apps\TicketConsolidator\src\TicketConsolidator.Web\wwwroot\favicon.ico' because it no longer exists.
         Removing endpoints for asset 'c:\Apps\TicketConsolidator\src\TicketConsolidator.Web\wwwroot\css\site.css' because it no longer exists.
         Removing endpoints for asset 'c:\Apps\TicketConsolidator\src\TicketConsolidator.Web\wwwroot\css\site.css' because it no longer exists.
         Removing endpoints for asset 'c:\Apps\TicketConsolidator\src\TicketConsolidator.Web\wwwroot\css\animations.css' because it no longer exists.
         Removing endpoints for asset 'c:\Apps\TicketConsolidator\src\TicketConsolidator.Web\wwwroot\css\animations.css' because it no longer exists.
         Removing endpoints for asset 'c:\Apps\TicketConsolidator\src\TicketConsolidator.Web\wwwroot\css\open-iconic\FONT-LICENSE' because it no longer exists.
         Removing endpoints for asset 'c:\Apps\TicketConsolidator\src\TicketConsolidator.Web\wwwroot\css\open-iconic\FONT-LICENSE' because it no longer exists.
         Removing endpoints for asset 'c:\Apps\TicketConsolidator\src\TicketConsolidator.Web\wwwroot\css\glass.css' because it no longer exists.
         Removing endpoints for asset 'c:\Apps\TicketConsolidator\src\TicketConsolidator.Web\wwwroot\css\glass.css' because it no longer exists.
         Removing endpoints for asset 'c:\Apps\TicketConsolidator\src\TicketConsolidator.Web\wwwroot\css\open-iconic\font\fonts\open-iconic.svg' because it no longer exists.
         Removing endpoints for asset 'c:\Apps\TicketConsolidator\src\TicketConsolidator.Web\wwwroot\css\open-iconic\font\fonts\open-iconic.svg' because it no longer exists.
         Matched Shared/MainLayout.razor.rz.scp.css to text/css using pattern *.css
         Matched Shared/NavMenu.razor.rz.scp.css to text/css using pattern *.css
         Adding endpoint Shared/MainLayout.razor.rz.scp.css for asset c:\Apps\TicketConsolidator\src\TicketConsolidator.Web\obj\Debug\net10.0-windows\scopedcss\Shared\MainLayout.razor.rz.scp.css.
         Adding endpoint Shared/NavMenu.razor.rz.scp.css for asset c:\Apps\TicketConsolidator\src\TicketConsolidator.Web\obj\Debug\net10.0-windows\scopedcss\Shared\NavMenu.razor.rz.scp.css.
       Done executing task "DefineStaticWebAssetEndpoints".
   6:6>Done building target "_ComputeScopedCssStaticWebAssets" in project "TicketConsolidator.Web.csproj".
   6:6>Target "_CollectAllScopedCssAssets" in file "C:\Program Files\dotnet\sdk\10.0.103\Sdks\Microsoft.NET.Sdk.StaticWebAssets\targets\Microsoft.NET.Sdk.StaticWebAssets.ScopedCss.targets" from project "c:\Apps\TicketConsolidator\src\TicketConsolidator.Web\TicketConsolidator.Web.csproj" (target "BundleScopedCssFiles" depends on it):
       Using "ResolveAllScopedCssAssets" task from assembly "C:\Program Files\dotnet\sdk\10.0.103\Sdks\Microsoft.NET.Sdk.StaticWebAssets\targets\..\tasks\net10.0\Microsoft.NET.Sdk.StaticWebAssets.Tasks.dll".
       Task "ResolveAllScopedCssAssets"
       Done executing task "ResolveAllScopedCssAssets".
   6:6>Done building target "_CollectAllScopedCssAssets" in project "TicketConsolidator.Web.csproj".
       Target "ResolveScopedCssOutputs" skipped. Previously built successfully.
   6:6>Target "_ProcessScopedCssFiles" in file "C:\Program Files\dotnet\sdk\10.0.103\Sdks\Microsoft.NET.Sdk.StaticWebAssets\targets\Microsoft.NET.Sdk.StaticWebAssets.ScopedCss.targets" from project "c:\Apps\TicketConsolidator\src\TicketConsolidator.Web\TicketConsolidator.Web.csproj" (target "BundleScopedCssFiles" depends on it):
       Skipping target "_ProcessScopedCssFiles" because all output files are up-to-date with respect to the input files.
       Input files: 
           Shared\MainLayout.razor.css
           Shared\NavMenu.razor.css
       Output files: 
           c:\Apps\TicketConsolidator\src\TicketConsolidator.Web\obj\Debug\net10.0-windows\scopedcss\Shared\MainLayout.razor.rz.scp.css
           c:\Apps\TicketConsolidator\src\TicketConsolidator.Web\obj\Debug\net10.0-windows\scopedcss\Shared\NavMenu.razor.rz.scp.css
   6:6>Done building target "_ProcessScopedCssFiles" in project "TicketConsolidator.Web.csproj".
       Target "ResolveStaticWebAssetsConfiguration" skipped. Previously built successfully.
   6:6>Target "_ResolveBundlingConfiguration" in file "C:\Program Files\dotnet\sdk\10.0.103\Sdks\Microsoft.NET.Sdk.StaticWebAssets\targets\Microsoft.NET.Sdk.StaticWebAssets.ScopedCss.targets" from project "c:\Apps\TicketConsolidator\src\TicketConsolidator.Web\TicketConsolidator.Web.csproj" (target "BundleScopedCssFiles" depends on it):
   6:6>Done building target "_ResolveBundlingConfiguration" in project "TicketConsolidator.Web.csproj".
   6:6>Target "BundleScopedCssFiles" in file "C:\Program Files\dotnet\sdk\10.0.103\Sdks\Microsoft.NET.Sdk.StaticWebAssets\targets\Microsoft.NET.Sdk.StaticWebAssets.ScopedCss.targets" from project "c:\Apps\TicketConsolidator\src\TicketConsolidator.Web\TicketConsolidator.Web.csproj" (target "GenerateComputedBuildStaticWebAssets" depends on it):
       Using "ConcatenateCssFiles" task from assembly "C:\Program Files\dotnet\sdk\10.0.103\Sdks\Microsoft.NET.Sdk.StaticWebAssets\targets\..\tasks\net10.0\Microsoft.NET.Sdk.StaticWebAssets.Tasks.dll".
       Task "ConcatenateCssFiles"
       Done executing task "ConcatenateCssFiles".
       Task "ConcatenateCssFiles"
       Done executing task "ConcatenateCssFiles".
   6:6>Done building target "BundleScopedCssFiles" in project "TicketConsolidator.Web.csproj".
   6:6>Target "GenerateComputedBuildStaticWebAssets" in file "C:\Program Files\dotnet\sdk\10.0.103\Sdks\Microsoft.NET.Sdk.StaticWebAssets\targets\Microsoft.NET.Sdk.StaticWebAssets.targets" from project "c:\Apps\TicketConsolidator\src\TicketConsolidator.Web\TicketConsolidator.Web.csproj" (target "ResolveStaticWebAssetsInputs" depends on it):
   6:6>Done building target "GenerateComputedBuildStaticWebAssets" in project "TicketConsolidator.Web.csproj".
   6:6>Target "_AddBlazorFrameworkStaticWebAssets" in file "C:\Users\krish.maniar.ATPL-LAP-723\.nuget\packages\microsoft.aspnetcore.app.internal.assets\10.0.3\build\Microsoft.AspNetCore.App.Internal.Assets.targets" from project "c:\Apps\TicketConsolidator\src\TicketConsolidator.Web\TicketConsolidator.Web.csproj" (target "ResolveStaticWebAssetsInputs" depends on it):
       Task "DefineStaticWebAssets"
         No cache manifest path specified. Cache will not be used.
         RelativePath '_framework/blazor.web.js' found for candidate 'C:\Users\krish.maniar.ATPL-LAP-723\.nuget\packages\microsoft.aspnetcore.app.internal.assets\10.0.3\build\..\_framework\blazor.web.js' and will be used for matching.
         Computing fingerprint and integrity for asset 'C:\Users\krish.maniar.ATPL-LAP-723\.nuget\packages\microsoft.aspnetcore.app.internal.assets\10.0.3\build\..\_framework\blazor.web.js'
         Fingerprinting asset '_framework/blazor.web.js' as '_framework\blazor.web#[.{fingerprint}]?.js' because it didn't match any pattern
         RelativePath '_framework/blazor.server.js' found for candidate 'C:\Users\krish.maniar.ATPL-LAP-723\.nuget\packages\microsoft.aspnetcore.app.internal.assets\10.0.3\build\..\_framework\blazor.server.js' and will be used for matching.
         Computing fingerprint and integrity for asset 'C:\Users\krish.maniar.ATPL-LAP-723\.nuget\packages\microsoft.aspnetcore.app.internal.assets\10.0.3\build\..\_framework\blazor.server.js'
         Fingerprinting asset '_framework/blazor.server.js' as '_framework\blazor.server#[.{fingerprint}]?.js' because it didn't match any pattern
       Done executing task "DefineStaticWebAssets".
       Task "DefineStaticWebAssetEndpoints"
         Matched _framework/blazor.web.js to text/javascript using pattern *.js
         Adding endpoint _framework/blazor.web.js for asset C:\Users\krish.maniar.ATPL-LAP-723\.nuget\packages\microsoft.aspnetcore.app.internal.assets\10.0.3\_framework\blazor.web.js.
         Matched _framework/blazor.server.js to text/javascript using pattern *.js
         Matched _framework/blazor.web.js to text/javascript using pattern *.js
         Adding endpoint _framework/blazor.server.js for asset C:\Users\krish.maniar.ATPL-LAP-723\.nuget\packages\microsoft.aspnetcore.app.internal.assets\10.0.3\_framework\blazor.server.js.
         Matched _framework/blazor.server.js to text/javascript using pattern *.js
         Adding endpoint _framework/blazor.web.ax6tuj8tun.js for asset C:\Users\krish.maniar.ATPL-LAP-723\.nuget\packages\microsoft.aspnetcore.app.internal.assets\10.0.3\_framework\blazor.web.js.
         Adding endpoint _framework/blazor.server.zr4b1gdhaw.js for asset C:\Users\krish.maniar.ATPL-LAP-723\.nuget\packages\microsoft.aspnetcore.app.internal.assets\10.0.3\_framework\blazor.server.js.
       Done executing task "DefineStaticWebAssetEndpoints".
   6:6>Done building target "_AddBlazorFrameworkStaticWebAssets" in project "TicketConsolidator.Web.csproj".
       Target "UpdateExistingPackageStaticWebAssets" skipped. Previously built successfully.
   6:6>Target "UpdateLegacyPackageScopedCssBundles" in file "C:\Program Files\dotnet\sdk\10.0.103\Sdks\Microsoft.NET.Sdk.StaticWebAssets\targets\Microsoft.NET.Sdk.StaticWebAssets.ScopedCss.targets" from project "c:\Apps\TicketConsolidator\src\TicketConsolidator.Web\TicketConsolidator.Web.csproj" (target "ResolveScopedCssAssets" depends on it):
       Task "DefineStaticWebAssets"
         No cache manifest path specified. Cache will not be used.
       Done executing task "DefineStaticWebAssets".
       Task "DefineStaticWebAssets"
         No cache manifest path specified. Cache will not be used.
       Done executing task "DefineStaticWebAssets".
   6:6>Done building target "UpdateLegacyPackageScopedCssBundles" in project "TicketConsolidator.Web.csproj".
       Target "_ResolveBundlingConfiguration" skipped. Previously built successfully.
       Target "_ProcessScopedCssFiles" skipped. Previously built successfully.
       Target "BundleScopedCssFiles" skipped. Previously built successfully.
   6:6>Target "GenerateScopedCssFiles" in file "C:\Program Files\dotnet\sdk\10.0.103\Sdks\Microsoft.NET.Sdk.StaticWebAssets\targets\Microsoft.NET.Sdk.StaticWebAssets.ScopedCss.targets" from project "c:\Apps\TicketConsolidator\src\TicketConsolidator.Web\TicketConsolidator.Web.csproj" (target "ResolveScopedCssAssets" depends on it):
   6:6>Done building target "GenerateScopedCssFiles" in project "TicketConsolidator.Web.csproj".
       Target "_ResolveBundlingConfiguration" skipped. Previously built successfully.
       Target "_CollectAllScopedCssAssets" skipped. Previously built successfully.
   6:6>Target "ResolveBundledCssAssets" in file "C:\Program Files\dotnet\sdk\10.0.103\Sdks\Microsoft.NET.Sdk.StaticWebAssets\targets\Microsoft.NET.Sdk.StaticWebAssets.ScopedCss.targets" from project "c:\Apps\TicketConsolidator\src\TicketConsolidator.Web\TicketConsolidator.Web.csproj" (target "ResolveScopedCssAssets" depends on it):
       Task "DefineStaticWebAssets"
         No cache manifest path specified. Cache will not be used.
         RelativePath 'TicketConsolidator.Web#[.{fingerprint}]?.styles.css' normalized to 'TicketConsolidator.Web#[.{fingerprint}]?.styles.css' found for candidate 'c:\Apps\TicketConsolidator\src\TicketConsolidator.Web\obj\Debug\net10.0-windows\scopedcss\bundle\TicketConsolidator.Web.styles.css' and will be used for matching.
         Computing fingerprint and integrity for asset 'c:\Apps\TicketConsolidator\src\TicketConsolidator.Web\obj\Debug\net10.0-windows\scopedcss\bundle\TicketConsolidator.Web.styles.css'
         Identity for candidate 'c:\Apps\TicketConsolidator\src\TicketConsolidator.Web\obj\Debug\net10.0-windows\scopedcss\bundle\TicketConsolidator.Web.styles.css' is 'c:\Apps\TicketConsolidator\src\TicketConsolidator.Web\obj\Debug\net10.0-windows\scopedcss\bundle\TicketConsolidator.Web.styles.css' because it starts with content root 'c:\Apps\TicketConsolidator\src\TicketConsolidator.Web\obj\Debug\net10.0-windows\scopedcss\bundle\'.
       Done executing task "DefineStaticWebAssets".
       Task "DefineStaticWebAssetEndpoints"
         Removing endpoints for asset 'c:\Apps\TicketConsolidator\src\TicketConsolidator.Web\wwwroot\css\codeEditor.css' because it no longer exists.
         Removing endpoints for asset 'c:\Apps\TicketConsolidator\src\TicketConsolidator.Web\wwwroot\css\codeEditor.css' because it no longer exists.
         Removing endpoints for asset 'c:\Apps\TicketConsolidator\src\TicketConsolidator.Web\wwwroot\css\open-iconic\README.md' because it no longer exists.
         Removing endpoints for asset 'c:\Apps\TicketConsolidator\src\TicketConsolidator.Web\wwwroot\css\open-iconic\README.md' because it no longer exists.
         Removing endpoints for asset 'c:\Apps\TicketConsolidator\src\TicketConsolidator.Web\wwwroot\css\open-iconic\font\fonts\open-iconic.ttf' because it no longer exists.
         Removing endpoints for asset 'c:\Apps\TicketConsolidator\src\TicketConsolidator.Web\wwwroot\css\open-iconic\font\fonts\open-iconic.ttf' because it no longer exists.
         Removing endpoints for asset 'c:\Apps\TicketConsolidator\src\TicketConsolidator.Web\wwwroot\js\codeEditor.js' because it no longer exists.
         Removing endpoints for asset 'c:\Apps\TicketConsolidator\src\TicketConsolidator.Web\wwwroot\js\codeEditor.js' because it no longer exists.
         Removing endpoints for asset 'c:\Apps\TicketConsolidator\src\TicketConsolidator.Web\wwwroot\css\theme.css' because it no longer exists.
         Removing endpoints for asset 'c:\Apps\TicketConsolidator\src\TicketConsolidator.Web\wwwroot\css\theme.css' because it no longer exists.
         Removing endpoints for asset 'c:\Apps\TicketConsolidator\src\TicketConsolidator.Web\wwwroot\css\bootstrap\bootstrap.min.css.map' because it no longer exists.
         Removing endpoints for asset 'c:\Apps\TicketConsolidator\src\TicketConsolidator.Web\wwwroot\css\bootstrap\bootstrap.min.css.map' because it no longer exists.
         Removing endpoints for asset 'c:\Apps\TicketConsolidator\src\TicketConsolidator.Web\wwwroot\css\open-iconic\ICON-LICENSE' because it no longer exists.
         Removing endpoints for asset 'c:\Apps\TicketConsolidator\src\TicketConsolidator.Web\wwwroot\css\open-iconic\ICON-LICENSE' because it no longer exists.
         Removing endpoints for asset 'c:\Apps\TicketConsolidator\src\TicketConsolidator.Web\wwwroot\css\bootstrap\bootstrap.min.css' because it no longer exists.
         Removing endpoints for asset 'c:\Apps\TicketConsolidator\src\TicketConsolidator.Web\wwwroot\css\bootstrap\bootstrap.min.css' because it no longer exists.
         Removing endpoints for asset 'c:\Apps\TicketConsolidator\src\TicketConsolidator.Web\wwwroot\css\open-iconic\font\fonts\open-iconic.eot' because it no longer exists.
         Removing endpoints for asset 'c:\Apps\TicketConsolidator\src\TicketConsolidator.Web\wwwroot\css\open-iconic\font\fonts\open-iconic.eot' because it no longer exists.
         Removing endpoints for asset 'c:\Apps\TicketConsolidator\src\TicketConsolidator.Web\wwwroot\css\open-iconic\font\fonts\open-iconic.otf' because it no longer exists.
         Removing endpoints for asset 'c:\Apps\TicketConsolidator\src\TicketConsolidator.Web\wwwroot\css\open-iconic\font\fonts\open-iconic.otf' because it no longer exists.
         Removing endpoints for asset 'c:\Apps\TicketConsolidator\src\TicketConsolidator.Web\wwwroot\css\open-iconic\font\css\open-iconic-bootstrap.min.css' because it no longer exists.
         Removing endpoints for asset 'c:\Apps\TicketConsolidator\src\TicketConsolidator.Web\wwwroot\css\open-iconic\font\css\open-iconic-bootstrap.min.css' because it no longer exists.
         Removing endpoints for asset 'c:\Apps\TicketConsolidator\src\TicketConsolidator.Web\wwwroot\css\open-iconic\font\fonts\open-iconic.woff' because it no longer exists.
         Removing endpoints for asset 'c:\Apps\TicketConsolidator\src\TicketConsolidator.Web\wwwroot\css\open-iconic\font\fonts\open-iconic.woff' because it no longer exists.
         Removing endpoints for asset 'c:\Apps\TicketConsolidator\src\TicketConsolidator.Web\wwwroot\favicon.ico' because it no longer exists.
         Removing endpoints for asset 'c:\Apps\TicketConsolidator\src\TicketConsolidator.Web\wwwroot\favicon.ico' because it no longer exists.
         Removing endpoints for asset 'c:\Apps\TicketConsolidator\src\TicketConsolidator.Web\wwwroot\css\site.css' because it no longer exists.
         Removing endpoints for asset 'c:\Apps\TicketConsolidator\src\TicketConsolidator.Web\wwwroot\css\site.css' because it no longer exists.
         Removing endpoints for asset 'c:\Apps\TicketConsolidator\src\TicketConsolidator.Web\wwwroot\css\animations.css' because it no longer exists.
         Removing endpoints for asset 'c:\Apps\TicketConsolidator\src\TicketConsolidator.Web\wwwroot\css\animations.css' because it no longer exists.
         Removing endpoints for asset 'c:\Apps\TicketConsolidator\src\TicketConsolidator.Web\wwwroot\css\open-iconic\FONT-LICENSE' because it no longer exists.
         Removing endpoints for asset 'c:\Apps\TicketConsolidator\src\TicketConsolidator.Web\wwwroot\css\open-iconic\FONT-LICENSE' because it no longer exists.
         Removing endpoints for asset 'c:\Apps\TicketConsolidator\src\TicketConsolidator.Web\wwwroot\css\glass.css' because it no longer exists.
         Removing endpoints for asset 'c:\Apps\TicketConsolidator\src\TicketConsolidator.Web\wwwroot\css\glass.css' because it no longer exists.
         Removing endpoints for asset 'c:\Apps\TicketConsolidator\src\TicketConsolidator.Web\wwwroot\css\open-iconic\font\fonts\open-iconic.svg' because it no longer exists.
         Removing endpoints for asset 'c:\Apps\TicketConsolidator\src\TicketConsolidator.Web\wwwroot\css\open-iconic\font\fonts\open-iconic.svg' because it no longer exists.
         Removing endpoints for asset 'C:\Users\krish.maniar.ATPL-LAP-723\.nuget\packages\microsoft.aspnetcore.app.internal.assets\10.0.3\_framework\blazor.web.js' because it no longer exists.
         Removing endpoints for asset 'C:\Users\krish.maniar.ATPL-LAP-723\.nuget\packages\microsoft.aspnetcore.app.internal.assets\10.0.3\_framework\blazor.web.js' because it no longer exists.
         Removing endpoints for asset 'C:\Users\krish.maniar.ATPL-LAP-723\.nuget\packages\microsoft.aspnetcore.app.internal.assets\10.0.3\_framework\blazor.server.js' because it no longer exists.
         Removing endpoints for asset 'C:\Users\krish.maniar.ATPL-LAP-723\.nuget\packages\microsoft.aspnetcore.app.internal.assets\10.0.3\_framework\blazor.server.js' because it no longer exists.
         Matched TicketConsolidator.Web.styles.css to text/css using pattern *.css
         Adding endpoint TicketConsolidator.Web.styles.css for asset c:\Apps\TicketConsolidator\src\TicketConsolidator.Web\obj\Debug\net10.0-windows\scopedcss\bundle\TicketConsolidator.Web.styles.css.
         Matched TicketConsolidator.Web.styles.css to text/css using pattern *.css
         Adding endpoint TicketConsolidator.Web.8ob0dhgw2w.styles.css for asset c:\Apps\TicketConsolidator\src\TicketConsolidator.Web\obj\Debug\net10.0-windows\scopedcss\bundle\TicketConsolidator.Web.styles.css.
       Done executing task "DefineStaticWebAssetEndpoints".
       Task "DefineStaticWebAssets"
         No cache manifest path specified. Cache will not be used.
         RelativePath 'TicketConsolidator.Web#[.{fingerprint}]!.bundle.scp.css' normalized to 'TicketConsolidator.Web#[.{fingerprint}]!.bundle.scp.css' found for candidate 'c:\Apps\TicketConsolidator\src\TicketConsolidator.Web\obj\Debug\net10.0-windows\scopedcss\projectbundle\TicketConsolidator.Web.bundle.scp.css' and will be used for matching.
         Computing fingerprint and integrity for asset 'c:\Apps\TicketConsolidator\src\TicketConsolidator.Web\obj\Debug\net10.0-windows\scopedcss\projectbundle\TicketConsolidator.Web.bundle.scp.css'
         Identity for candidate 'c:\Apps\TicketConsolidator\src\TicketConsolidator.Web\obj\Debug\net10.0-windows\scopedcss\projectbundle\TicketConsolidator.Web.bundle.scp.css' is 'c:\Apps\TicketConsolidator\src\TicketConsolidator.Web\obj\Debug\net10.0-windows\scopedcss\projectbundle\TicketConsolidator.Web.bundle.scp.css' because it starts with content root 'c:\Apps\TicketConsolidator\src\TicketConsolidator.Web\obj\Debug\net10.0-windows\scopedcss\projectbundle\'.
       Done executing task "DefineStaticWebAssets".
       Task "DefineStaticWebAssetEndpoints"
         Removing endpoints for asset 'c:\Apps\TicketConsolidator\src\TicketConsolidator.Web\wwwroot\css\codeEditor.css' because it no longer exists.
         Removing endpoints for asset 'c:\Apps\TicketConsolidator\src\TicketConsolidator.Web\wwwroot\css\codeEditor.css' because it no longer exists.
         Removing endpoints for asset 'c:\Apps\TicketConsolidator\src\TicketConsolidator.Web\wwwroot\css\open-iconic\README.md' because it no longer exists.
         Removing endpoints for asset 'c:\Apps\TicketConsolidator\src\TicketConsolidator.Web\wwwroot\css\open-iconic\README.md' because it no longer exists.
         Removing endpoints for asset 'c:\Apps\TicketConsolidator\src\TicketConsolidator.Web\wwwroot\css\open-iconic\font\fonts\open-iconic.ttf' because it no longer exists.
         Removing endpoints for asset 'c:\Apps\TicketConsolidator\src\TicketConsolidator.Web\wwwroot\css\open-iconic\font\fonts\open-iconic.ttf' because it no longer exists.
         Removing endpoints for asset 'c:\Apps\TicketConsolidator\src\TicketConsolidator.Web\wwwroot\js\codeEditor.js' because it no longer exists.
         Removing endpoints for asset 'c:\Apps\TicketConsolidator\src\TicketConsolidator.Web\wwwroot\js\codeEditor.js' because it no longer exists.
         Removing endpoints for asset 'c:\Apps\TicketConsolidator\src\TicketConsolidator.Web\wwwroot\css\theme.css' because it no longer exists.
         Removing endpoints for asset 'c:\Apps\TicketConsolidator\src\TicketConsolidator.Web\wwwroot\css\theme.css' because it no longer exists.
         Removing endpoints for asset 'c:\Apps\TicketConsolidator\src\TicketConsolidator.Web\wwwroot\css\bootstrap\bootstrap.min.css.map' because it no longer exists.
         Removing endpoints for asset 'c:\Apps\TicketConsolidator\src\TicketConsolidator.Web\wwwroot\css\bootstrap\bootstrap.min.css.map' because it no longer exists.
         Removing endpoints for asset 'c:\Apps\TicketConsolidator\src\TicketConsolidator.Web\wwwroot\css\open-iconic\ICON-LICENSE' because it no longer exists.
         Removing endpoints for asset 'c:\Apps\TicketConsolidator\src\TicketConsolidator.Web\wwwroot\css\open-iconic\ICON-LICENSE' because it no longer exists.
         Removing endpoints for asset 'c:\Apps\TicketConsolidator\src\TicketConsolidator.Web\wwwroot\css\bootstrap\bootstrap.min.css' because it no longer exists.
         Removing endpoints for asset 'c:\Apps\TicketConsolidator\src\TicketConsolidator.Web\wwwroot\css\bootstrap\bootstrap.min.css' because it no longer exists.
         Removing endpoints for asset 'c:\Apps\TicketConsolidator\src\TicketConsolidator.Web\wwwroot\css\open-iconic\font\fonts\open-iconic.eot' because it no longer exists.
         Removing endpoints for asset 'c:\Apps\TicketConsolidator\src\TicketConsolidator.Web\wwwroot\css\open-iconic\font\fonts\open-iconic.eot' because it no longer exists.
         Removing endpoints for asset 'c:\Apps\TicketConsolidator\src\TicketConsolidator.Web\wwwroot\css\open-iconic\font\fonts\open-iconic.otf' because it no longer exists.
         Removing endpoints for asset 'c:\Apps\TicketConsolidator\src\TicketConsolidator.Web\wwwroot\css\open-iconic\font\fonts\open-iconic.otf' because it no longer exists.
         Removing endpoints for asset 'c:\Apps\TicketConsolidator\src\TicketConsolidator.Web\wwwroot\css\open-iconic\font\css\open-iconic-bootstrap.min.css' because it no longer exists.
         Removing endpoints for asset 'c:\Apps\TicketConsolidator\src\TicketConsolidator.Web\wwwroot\css\open-iconic\font\css\open-iconic-bootstrap.min.css' because it no longer exists.
   5:6>MarkupCompilePass1:
         Input file 'c:\Apps\TicketConsolidator\src\TicketConsolidator.UI\MainWindow.xaml' is resolved to new relative path 'MainWindow.xaml' at directory 'c:\Apps\TicketConsolidator\src\TicketConsolidator.UI\'.
   6:6>ResolveBundledCssAssets:
         Removing endpoints for asset 'c:\Apps\TicketConsolidator\src\TicketConsolidator.Web\wwwroot\css\open-iconic\font\fonts\open-iconic.woff' because it no longer exists.
         Removing endpoints for asset 'c:\Apps\TicketConsolidator\src\TicketConsolidator.Web\wwwroot\css\open-iconic\font\fonts\open-iconic.woff' because it no longer exists.
         Removing endpoints for asset 'c:\Apps\TicketConsolidator\src\TicketConsolidator.Web\wwwroot\favicon.ico' because it no longer exists.
         Removing endpoints for asset 'c:\Apps\TicketConsolidator\src\TicketConsolidator.Web\wwwroot\favicon.ico' because it no longer exists.
         Removing endpoints for asset 'c:\Apps\TicketConsolidator\src\TicketConsolidator.Web\wwwroot\css\site.css' because it no longer exists.
         Removing endpoints for asset 'c:\Apps\TicketConsolidator\src\TicketConsolidator.Web\wwwroot\css\site.css' because it no longer exists.
         Removing endpoints for asset 'c:\Apps\TicketConsolidator\src\TicketConsolidator.Web\wwwroot\css\animations.css' because it no longer exists.
         Removing endpoints for asset 'c:\Apps\TicketConsolidator\src\TicketConsolidator.Web\wwwroot\css\animations.css' because it no longer exists.
         Removing endpoints for asset 'c:\Apps\TicketConsolidator\src\TicketConsolidator.Web\wwwroot\css\open-iconic\FONT-LICENSE' because it no longer exists.
         Removing endpoints for asset 'c:\Apps\TicketConsolidator\src\TicketConsolidator.Web\wwwroot\css\open-iconic\FONT-LICENSE' because it no longer exists.
         Removing endpoints for asset 'c:\Apps\TicketConsolidator\src\TicketConsolidator.Web\wwwroot\css\glass.css' because it no longer exists.
         Removing endpoints for asset 'c:\Apps\TicketConsolidator\src\TicketConsolidator.Web\wwwroot\css\glass.css' because it no longer exists.
         Removing endpoints for asset 'c:\Apps\TicketConsolidator\src\TicketConsolidator.Web\wwwroot\css\open-iconic\font\fonts\open-iconic.svg' because it no longer exists.
         Removing endpoints for asset 'c:\Apps\TicketConsolidator\src\TicketConsolidator.Web\wwwroot\css\open-iconic\font\fonts\open-iconic.svg' because it no longer exists.
         Removing endpoints for asset 'C:\Users\krish.maniar.ATPL-LAP-723\.nuget\packages\microsoft.aspnetcore.app.internal.assets\10.0.3\_framework\blazor.web.js' because it no longer exists.
         Removing endpoints for asset 'C:\Users\krish.maniar.ATPL-LAP-723\.nuget\packages\microsoft.aspnetcore.app.internal.assets\10.0.3\_framework\blazor.web.js' because it no longer exists.
         Removing endpoints for asset 'C:\Users\krish.maniar.ATPL-LAP-723\.nuget\packages\microsoft.aspnetcore.app.internal.assets\10.0.3\_framework\blazor.server.js' because it no longer exists.
         Removing endpoints for asset 'C:\Users\krish.maniar.ATPL-LAP-723\.nuget\packages\microsoft.aspnetcore.app.internal.assets\10.0.3\_framework\blazor.server.js' because it no longer exists.
         Matched TicketConsolidator.Web.bundle.scp.css to text/css using pattern *.css
         Adding endpoint TicketConsolidator.Web.bundle.scp.css for asset c:\Apps\TicketConsolidator\src\TicketConsolidator.Web\obj\Debug\net10.0-windows\scopedcss\projectbundle\TicketConsolidator.Web.bundle.scp.css.
         Matched TicketConsolidator.Web.bundle.scp.css to text/css using pattern *.css
         Adding endpoint TicketConsolidator.Web.8ob0dhgw2w.bundle.scp.css for asset c:\Apps\TicketConsolidator\src\TicketConsolidator.Web\obj\Debug\net10.0-windows\scopedcss\projectbundle\TicketConsolidator.Web.bundle.scp.css.
       Done executing task "DefineStaticWebAssetEndpoints".
   6:6>Done building target "ResolveBundledCssAssets" in project "TicketConsolidator.Web.csproj".
   6:6>Target "ResolveScopedCssAssets" in file "C:\Program Files\dotnet\sdk\10.0.103\Sdks\Microsoft.NET.Sdk.StaticWebAssets\targets\Microsoft.NET.Sdk.StaticWebAssets.ScopedCss.targets" from project "c:\Apps\TicketConsolidator\src\TicketConsolidator.Web\TicketConsolidator.Web.csproj" (target "ResolveStaticWebAssetsInputs" depends on it):
   6:6>Done building target "ResolveScopedCssAssets" in project "TicketConsolidator.Web.csproj".
   6:6>Target "ResolveStaticWebAssetsInputs" in file "C:\Program Files\dotnet\sdk\10.0.103\Sdks\Microsoft.NET.Sdk.StaticWebAssets\targets\Microsoft.NET.Sdk.StaticWebAssets.targets" from project "c:\Apps\TicketConsolidator\src\TicketConsolidator.Web\TicketConsolidator.Web.csproj" (target "ResolveBuildStaticWebAssets" depends on it):
   6:6>Done building target "ResolveStaticWebAssetsInputs" in project "TicketConsolidator.Web.csproj".
       Target "ResolveStaticWebAssetsInputs" skipped. Previously built successfully.
   6:6>Target "ResolveBuildCompressedStaticWebAssetsConfiguration" in file "C:\Program Files\dotnet\sdk\10.0.103\Sdks\Microsoft.NET.Sdk.StaticWebAssets\targets\Microsoft.NET.Sdk.StaticWebAssets.Compression.targets" from project "c:\Apps\TicketConsolidator\src\TicketConsolidator.Web\TicketConsolidator.Web.csproj" (target "GenerateBuildCompressedStaticWebAssets" depends on it):
       Using "DiscoverPrecompressedAssets" task from assembly "C:\Program Files\dotnet\sdk\10.0.103\Sdks\Microsoft.NET.Sdk.StaticWebAssets\targets\..\tasks\net10.0\Microsoft.NET.Sdk.StaticWebAssets.Tasks.dll".
       Task "DiscoverPrecompressedAssets"
       Done executing task "DiscoverPrecompressedAssets".
       Using "ResolveCompressedAssets" task from assembly "C:\Program Files\dotnet\sdk\10.0.103\Sdks\Microsoft.NET.Sdk.StaticWebAssets\targets\..\tasks\net10.0\Microsoft.NET.Sdk.StaticWebAssets.Tasks.dll".
       Task "ResolveCompressedAssets"
         Asset 'c:\Apps\TicketConsolidator\src\TicketConsolidator.Web\wwwroot\css\animations.css' is not compressed.
         Asset 'c:\Apps\TicketConsolidator\src\TicketConsolidator.Web\wwwroot\css\bootstrap\bootstrap.min.css' is not compressed.
         Asset 'c:\Apps\TicketConsolidator\src\TicketConsolidator.Web\wwwroot\css\bootstrap\bootstrap.min.css.map' is not compressed.
         Asset 'c:\Apps\TicketConsolidator\src\TicketConsolidator.Web\wwwroot\css\codeEditor.css' is not compressed.
         Asset 'c:\Apps\TicketConsolidator\src\TicketConsolidator.Web\wwwroot\css\glass.css' is not compressed.
         Asset 'c:\Apps\TicketConsolidator\src\TicketConsolidator.Web\wwwroot\css\open-iconic\FONT-LICENSE' is not compressed.
         Asset 'c:\Apps\TicketConsolidator\src\TicketConsolidator.Web\wwwroot\css\open-iconic\font\css\open-iconic-bootstrap.min.css' is not compressed.
         Asset 'c:\Apps\TicketConsolidator\src\TicketConsolidator.Web\wwwroot\css\open-iconic\font\fonts\open-iconic.eot' is not compressed.
         Asset 'c:\Apps\TicketConsolidator\src\TicketConsolidator.Web\wwwroot\css\open-iconic\font\fonts\open-iconic.otf' is not compressed.
         Asset 'c:\Apps\TicketConsolidator\src\TicketConsolidator.Web\wwwroot\css\open-iconic\font\fonts\open-iconic.svg' is not compressed.
         Asset 'c:\Apps\TicketConsolidator\src\TicketConsolidator.Web\wwwroot\css\open-iconic\font\fonts\open-iconic.ttf' is not compressed.
         Asset 'c:\Apps\TicketConsolidator\src\TicketConsolidator.Web\wwwroot\css\open-iconic\font\fonts\open-iconic.woff' is not compressed.
         Asset 'c:\Apps\TicketConsolidator\src\TicketConsolidator.Web\wwwroot\css\open-iconic\ICON-LICENSE' is not compressed.
         Asset 'c:\Apps\TicketConsolidator\src\TicketConsolidator.Web\wwwroot\css\open-iconic\README.md' is not compressed.
         Asset 'c:\Apps\TicketConsolidator\src\TicketConsolidator.Web\wwwroot\css\site.css' is not compressed.
         Asset 'c:\Apps\TicketConsolidator\src\TicketConsolidator.Web\wwwroot\css\theme.css' is not compressed.
         Asset 'c:\Apps\TicketConsolidator\src\TicketConsolidator.Web\wwwroot\favicon.ico' is not compressed.
         Asset 'c:\Apps\TicketConsolidator\src\TicketConsolidator.Web\wwwroot\js\codeEditor.js' is not compressed.
         Asset 'C:\Users\krish.maniar.ATPL-LAP-723\.nuget\packages\microsoft.aspnetcore.app.internal.assets\10.0.3\_framework\blazor.web.js' is not compressed.
         Asset 'C:\Users\krish.maniar.ATPL-LAP-723\.nuget\packages\microsoft.aspnetcore.app.internal.assets\10.0.3\_framework\blazor.server.js' is not compressed.
         Asset 'c:\Apps\TicketConsolidator\src\TicketConsolidator.Web\obj\Debug\net10.0-windows\scopedcss\bundle\TicketConsolidator.Web.styles.css' is not compressed.
         Asset 'c:\Apps\TicketConsolidator\src\TicketConsolidator.Web\obj\Debug\net10.0-windows\scopedcss\projectbundle\TicketConsolidator.Web.bundle.scp.css' is not compressed.
         Asset 'c:\Apps\TicketConsolidator\src\TicketConsolidator.Web\wwwroot\css\animations.css' with relative path 'css/animations.css' matched include pattern '
               ;
               **/*.js;
               **/*.css;
               **/*.html;
               **/*.json;
               **/*.mjs;
               **/*.xml;
               **/*.htm;
               **/*.wasm;
               **/*.txt;
               **/*.dll;
               **/*.pdb;
               **/*.dat;
               **/*.jsx;
               **/*.markdown;
               **/*.md;
               **/*.webmanifest;
               **/*.bmp;
               **/*.svg;
               **/*.otf;
               **/*.art;
               **/*.cmx;
               **/*.cod;
               **/*.dib;
               **/*.ico;
               **/*.ief;
               **/*.pbm;
               **/*.pgm;
               **/*.pnm;
               **/*.ppm;
               **/*.ras;
               **/*.rf;
               **/*.rgb;
               **/*.tif
               **/*.tiff;
               **/*.wbmp;
               **/*.xbm;
               **/*.xpm;
               **/*.xwd;
               **/*.aif;
               **/*.aifc;
               **/*.aif;
               **/*.au;
               **/*.m3u;
               **/*.mid;
               **/*.midi;
               **/*.ra;
               **/*.ram;
               **/*.smd;
               **/*.smx;
               **/*.smz;
               **/*.wav;
               **/*.323;
               **/*.appcache;
               **/*.asm;
               **/*.bas;
               **/*.c;
               **/*.cnf;
               **/*.cpp;
               **/*.csv;
               **/*.disco;
               **/*.dlm;
               **/*.dtd;
               **/*.etx;
               **/*.h;
               **/*.hdml;
               **/*.htc;
               **/*.htt;
               **/*.hxt;
               **/*.ical;
               **/*.icalendar;
               **/*.ics;
               **/*.ifb;
               **/*.map;
               **/*.mno;
               **/*.odc;
               **/*.rtx;
               **/*.sct;
               **/*.sgml;
               **/*.tsv;
               **/*.uls;
               **/*.vbs;
               **/*.vcf;
               **/*.vcs;
               **/*.vml;
               **/*.wml;
               **/*.wmls;
               **/*.wsdl;
               **/*.xdr;
               **/*.xsd;
               **/*.xsf;
               **/*.xsl;
               **/*.xslt;
             ' and did not match exclude pattern '
               ;
               **/*.gz;
               **/*.br;
               **/*.jpeg;
               **/*.jpg;
               **/*.png;
               **/*.gif;
               **/*.webp;
               **/*.woff;
               **/*.woff2;
               **/*.m4v;
               **/*.mov;
               **/*.movie;
               **/*.mp2;
               **/*.mp4;
               **/*.mp4v;
               **/*.mpa;
               **/*.mpe;
               **/*.mpeg;
               **/*.mpg;
               **/*.mpv2;
               **/*.ogg;
               **/*.ogv;
               **/*.webm;
               **/*.jfif;
               **/*.svgz;
               **/*.jpe;
               **/*.pnz;
               **/*.aac;
               **/*.adt;
               **/*.adts;
               **/*.m4a;
               **/*.mp3;
               **/*.oga;
               **/*.wax;
               **/*.wma;
             '.
         Asset 'c:\Apps\TicketConsolidator\src\TicketConsolidator.Web\wwwroot\css\bootstrap\bootstrap.min.css' with relative path 'css/bootstrap/bootstrap.min.css' matched include pattern '
               ;
               **/*.js;
               **/*.css;
               **/*.html;
               **/*.json;
               **/*.mjs;
               **/*.xml;
               **/*.htm;
               **/*.wasm;
               **/*.txt;
               **/*.dll;
               **/*.pdb;
               **/*.dat;
               **/*.jsx;
               **/*.markdown;
               **/*.md;
               **/*.webmanifest;
               **/*.bmp;
               **/*.svg;
               **/*.otf;
               **/*.art;
               **/*.cmx;
               **/*.cod;
               **/*.dib;
               **/*.ico;
               **/*.ief;
               **/*.pbm;
               **/*.pgm;
               **/*.pnm;
               **/*.ppm;
               **/*.ras;
               **/*.rf;
               **/*.rgb;
               **/*.tif
               **/*.tiff;
               **/*.wbmp;
               **/*.xbm;
               **/*.xpm;
               **/*.xwd;
               **/*.aif;
               **/*.aifc;
               **/*.aif;
               **/*.au;
               **/*.m3u;
               **/*.mid;
               **/*.midi;
               **/*.ra;
               **/*.ram;
               **/*.smd;
               **/*.smx;
               **/*.smz;
               **/*.wav;
               **/*.323;
               **/*.appcache;
               **/*.asm;
               **/*.bas;
               **/*.c;
               **/*.cnf;
               **/*.cpp;
               **/*.csv;
               **/*.disco;
               **/*.dlm;
               **/*.dtd;
               **/*.etx;
               **/*.h;
               **/*.hdml;
               **/*.htc;
               **/*.htt;
               **/*.hxt;
               **/*.ical;
               **/*.icalendar;
               **/*.ics;
               **/*.ifb;
               **/*.map;
               **/*.mno;
               **/*.odc;
               **/*.rtx;
               **/*.sct;
               **/*.sgml;
               **/*.tsv;
               **/*.uls;
               **/*.vbs;
               **/*.vcf;
               **/*.vcs;
               **/*.vml;
               **/*.wml;
               **/*.wmls;
               **/*.wsdl;
               **/*.xdr;
               **/*.xsd;
               **/*.xsf;
               **/*.xsl;
               **/*.xslt;
             ' and did not match exclude pattern '
               ;
               **/*.gz;
               **/*.br;
               **/*.jpeg;
               **/*.jpg;
               **/*.png;
               **/*.gif;
               **/*.webp;
               **/*.woff;
               **/*.woff2;
               **/*.m4v;
               **/*.mov;
               **/*.movie;
               **/*.mp2;
               **/*.mp4;
               **/*.mp4v;
               **/*.mpa;
               **/*.mpe;
               **/*.mpeg;
               **/*.mpg;
               **/*.mpv2;
               **/*.ogg;
               **/*.ogv;
               **/*.webm;
               **/*.jfif;
               **/*.svgz;
               **/*.jpe;
               **/*.pnz;
               **/*.aac;
               **/*.adt;
               **/*.adts;
               **/*.m4a;
               **/*.mp3;
               **/*.oga;
               **/*.wax;
               **/*.wma;
             '.
         Asset 'c:\Apps\TicketConsolidator\src\TicketConsolidator.Web\wwwroot\css\bootstrap\bootstrap.min.css.map' with relative path 'css/bootstrap/bootstrap.min.css.map' matched include pattern '
               ;
               **/*.js;
               **/*.css;
               **/*.html;
               **/*.json;
               **/*.mjs;
               **/*.xml;
               **/*.htm;
               **/*.wasm;
               **/*.txt;
               **/*.dll;
               **/*.pdb;
               **/*.dat;
               **/*.jsx;
               **/*.markdown;
               **/*.md;
               **/*.webmanifest;
               **/*.bmp;
               **/*.svg;
               **/*.otf;
               **/*.art;
               **/*.cmx;
               **/*.cod;
               **/*.dib;
               **/*.ico;
               **/*.ief;
               **/*.pbm;
               **/*.pgm;
               **/*.pnm;
               **/*.ppm;
               **/*.ras;
               **/*.rf;
               **/*.rgb;
               **/*.tif
               **/*.tiff;
               **/*.wbmp;
               **/*.xbm;
               **/*.xpm;
               **/*.xwd;
               **/*.aif;
               **/*.aifc;
               **/*.aif;
               **/*.au;
               **/*.m3u;
               **/*.mid;
               **/*.midi;
               **/*.ra;
               **/*.ram;
               **/*.smd;
               **/*.smx;
               **/*.smz;
               **/*.wav;
               **/*.323;
               **/*.appcache;
               **/*.asm;
               **/*.bas;
               **/*.c;
               **/*.cnf;
               **/*.cpp;
               **/*.csv;
               **/*.disco;
               **/*.dlm;
               **/*.dtd;
               **/*.etx;
               **/*.h;
               **/*.hdml;
               **/*.htc;
               **/*.htt;
               **/*.hxt;
               **/*.ical;
               **/*.icalendar;
               **/*.ics;
               **/*.ifb;
               **/*.map;
               **/*.mno;
               **/*.odc;
               **/*.rtx;
               **/*.sct;
               **/*.sgml;
               **/*.tsv;
               **/*.uls;
               **/*.vbs;
               **/*.vcf;
               **/*.vcs;
               **/*.vml;
               **/*.wml;
               **/*.wmls;
               **/*.wsdl;
               **/*.xdr;
               **/*.xsd;
               **/*.xsf;
               **/*.xsl;
               **/*.xslt;
             ' and did not match exclude pattern '
               ;
               **/*.gz;
               **/*.br;
               **/*.jpeg;
               **/*.jpg;
               **/*.png;
               **/*.gif;
               **/*.webp;
               **/*.woff;
               **/*.woff2;
               **/*.m4v;
               **/*.mov;
               **/*.movie;
               **/*.mp2;
               **/*.mp4;
               **/*.mp4v;
               **/*.mpa;
               **/*.mpe;
               **/*.mpeg;
               **/*.mpg;
               **/*.mpv2;
               **/*.ogg;
               **/*.ogv;
               **/*.webm;
               **/*.jfif;
               **/*.svgz;
               **/*.jpe;
               **/*.pnz;
               **/*.aac;
               **/*.adt;
               **/*.adts;
               **/*.m4a;
               **/*.mp3;
               **/*.oga;
               **/*.wax;
               **/*.wma;
             '.
         Asset 'c:\Apps\TicketConsolidator\src\TicketConsolidator.Web\wwwroot\css\codeEditor.css' with relative path 'css/codeEditor.css' matched include pattern '
               ;
               **/*.js;
               **/*.css;
               **/*.html;
               **/*.json;
               **/*.mjs;
               **/*.xml;
               **/*.htm;
               **/*.wasm;
               **/*.txt;
               **/*.dll;
               **/*.pdb;
               **/*.dat;
               **/*.jsx;
               **/*.markdown;
               **/*.md;
               **/*.webmanifest;
               **/*.bmp;
               **/*.svg;
               **/*.otf;
               **/*.art;
               **/*.cmx;
               **/*.cod;
               **/*.dib;
               **/*.ico;
               **/*.ief;
               **/*.pbm;
               **/*.pgm;
               **/*.pnm;
               **/*.ppm;
               **/*.ras;
               **/*.rf;
               **/*.rgb;
               **/*.tif
               **/*.tiff;
               **/*.wbmp;
               **/*.xbm;
               **/*.xpm;
               **/*.xwd;
               **/*.aif;
               **/*.aifc;
               **/*.aif;
               **/*.au;
               **/*.m3u;
               **/*.mid;
               **/*.midi;
               **/*.ra;
               **/*.ram;
               **/*.smd;
               **/*.smx;
               **/*.smz;
               **/*.wav;
               **/*.323;
               **/*.appcache;
               **/*.asm;
               **/*.bas;
               **/*.c;
               **/*.cnf;
               **/*.cpp;
               **/*.csv;
               **/*.disco;
               **/*.dlm;
               **/*.dtd;
               **/*.etx;
               **/*.h;
               **/*.hdml;
               **/*.htc;
               **/*.htt;
               **/*.hxt;
               **/*.ical;
               **/*.icalendar;
               **/*.ics;
               **/*.ifb;
               **/*.map;
               **/*.mno;
               **/*.odc;
               **/*.rtx;
               **/*.sct;
               **/*.sgml;
               **/*.tsv;
               **/*.uls;
               **/*.vbs;
               **/*.vcf;
               **/*.vcs;
               **/*.vml;
               **/*.wml;
               **/*.wmls;
               **/*.wsdl;
               **/*.xdr;
               **/*.xsd;
               **/*.xsf;
               **/*.xsl;
               **/*.xslt;
             ' and did not match exclude pattern '
               ;
               **/*.gz;
               **/*.br;
               **/*.jpeg;
               **/*.jpg;
               **/*.png;
               **/*.gif;
               **/*.webp;
               **/*.woff;
               **/*.woff2;
               **/*.m4v;
               **/*.mov;
               **/*.movie;
               **/*.mp2;
               **/*.mp4;
               **/*.mp4v;
               **/*.mpa;
               **/*.mpe;
               **/*.mpeg;
               **/*.mpg;
               **/*.mpv2;
               **/*.ogg;
               **/*.ogv;
               **/*.webm;
               **/*.jfif;
               **/*.svgz;
               **/*.jpe;
               **/*.pnz;
               **/*.aac;
               **/*.adt;
               **/*.adts;
               **/*.m4a;
               **/*.mp3;
               **/*.oga;
               **/*.wax;
               **/*.wma;
             '.
         Asset 'c:\Apps\TicketConsolidator\src\TicketConsolidator.Web\wwwroot\css\glass.css' with relative path 'css/glass.css' matched include pattern '
               ;
               **/*.js;
               **/*.css;
               **/*.html;
               **/*.json;
               **/*.mjs;
               **/*.xml;
               **/*.htm;
               **/*.wasm;
               **/*.txt;
               **/*.dll;
               **/*.pdb;
               **/*.dat;
               **/*.jsx;
               **/*.markdown;
               **/*.md;
               **/*.webmanifest;
               **/*.bmp;
               **/*.svg;
               **/*.otf;
               **/*.art;
               **/*.cmx;
               **/*.cod;
               **/*.dib;
               **/*.ico;
               **/*.ief;
               **/*.pbm;
               **/*.pgm;
               **/*.pnm;
               **/*.ppm;
               **/*.ras;
               **/*.rf;
               **/*.rgb;
               **/*.tif
               **/*.tiff;
               **/*.wbmp;
               **/*.xbm;
               **/*.xpm;
               **/*.xwd;
               **/*.aif;
               **/*.aifc;
               **/*.aif;
               **/*.au;
               **/*.m3u;
               **/*.mid;
               **/*.midi;
               **/*.ra;
               **/*.ram;
               **/*.smd;
               **/*.smx;
               **/*.smz;
               **/*.wav;
               **/*.323;
               **/*.appcache;
               **/*.asm;
               **/*.bas;
               **/*.c;
               **/*.cnf;
               **/*.cpp;
               **/*.csv;
               **/*.disco;
               **/*.dlm;
               **/*.dtd;
               **/*.etx;
               **/*.h;
               **/*.hdml;
               **/*.htc;
               **/*.htt;
               **/*.hxt;
               **/*.ical;
               **/*.icalendar;
               **/*.ics;
               **/*.ifb;
               **/*.map;
               **/*.mno;
               **/*.odc;
               **/*.rtx;
               **/*.sct;
               **/*.sgml;
               **/*.tsv;
               **/*.uls;
               **/*.vbs;
               **/*.vcf;
               **/*.vcs;
               **/*.vml;
               **/*.wml;
               **/*.wmls;
               **/*.wsdl;
               **/*.xdr;
               **/*.xsd;
               **/*.xsf;
               **/*.xsl;
               **/*.xslt;
             ' and did not match exclude pattern '
               ;
               **/*.gz;
               **/*.br;
               **/*.jpeg;
               **/*.jpg;
               **/*.png;
               **/*.gif;
               **/*.webp;
               **/*.woff;
               **/*.woff2;
               **/*.m4v;
               **/*.mov;
               **/*.movie;
               **/*.mp2;
               **/*.mp4;
               **/*.mp4v;
               **/*.mpa;
               **/*.mpe;
               **/*.mpeg;
               **/*.mpg;
               **/*.mpv2;
               **/*.ogg;
               **/*.ogv;
               **/*.webm;
               **/*.jfif;
               **/*.svgz;
               **/*.jpe;
               **/*.pnz;
               **/*.aac;
               **/*.adt;
               **/*.adts;
               **/*.m4a;
               **/*.mp3;
               **/*.oga;
               **/*.wax;
               **/*.wma;
             '.
         Asset 'c:\Apps\TicketConsolidator\src\TicketConsolidator.Web\wwwroot\css\open-iconic\FONT-LICENSE' with relative path 'css/open-iconic/FONT-LICENSE' did not match include pattern '
               ;
               **/*.js;
               **/*.css;
               **/*.html;
               **/*.json;
               **/*.mjs;
               **/*.xml;
               **/*.htm;
               **/*.wasm;
               **/*.txt;
               **/*.dll;
               **/*.pdb;
               **/*.dat;
               **/*.jsx;
               **/*.markdown;
               **/*.md;
               **/*.webmanifest;
               **/*.bmp;
               **/*.svg;
               **/*.otf;
               **/*.art;
               **/*.cmx;
               **/*.cod;
               **/*.dib;
               **/*.ico;
               **/*.ief;
               **/*.pbm;
               **/*.pgm;
               **/*.pnm;
               **/*.ppm;
               **/*.ras;
               **/*.rf;
               **/*.rgb;
               **/*.tif
               **/*.tiff;
               **/*.wbmp;
               **/*.xbm;
               **/*.xpm;
               **/*.xwd;
               **/*.aif;
               **/*.aifc;
               **/*.aif;
               **/*.au;
               **/*.m3u;
               **/*.mid;
               **/*.midi;
               **/*.ra;
               **/*.ram;
               **/*.smd;
               **/*.smx;
               **/*.smz;
               **/*.wav;
               **/*.323;
               **/*.appcache;
               **/*.asm;
               **/*.bas;
               **/*.c;
               **/*.cnf;
               **/*.cpp;
               **/*.csv;
               **/*.disco;
               **/*.dlm;
               **/*.dtd;
               **/*.etx;
               **/*.h;
               **/*.hdml;
               **/*.htc;
               **/*.htt;
               **/*.hxt;
               **/*.ical;
               **/*.icalendar;
               **/*.ics;
               **/*.ifb;
               **/*.map;
               **/*.mno;
               **/*.odc;
               **/*.rtx;
               **/*.sct;
               **/*.sgml;
               **/*.tsv;
               **/*.uls;
               **/*.vbs;
               **/*.vcf;
               **/*.vcs;
               **/*.vml;
               **/*.wml;
               **/*.wmls;
               **/*.wsdl;
               **/*.xdr;
               **/*.xsd;
               **/*.xsf;
               **/*.xsl;
               **/*.xslt;
             ' or matched exclude pattern '
               ;
               **/*.gz;
               **/*.br;
               **/*.jpeg;
               **/*.jpg;
               **/*.png;
               **/*.gif;
               **/*.webp;
               **/*.woff;
               **/*.woff2;
               **/*.m4v;
               **/*.mov;
               **/*.movie;
               **/*.mp2;
               **/*.mp4;
               **/*.mp4v;
               **/*.mpa;
               **/*.mpe;
               **/*.mpeg;
               **/*.mpg;
               **/*.mpv2;
               **/*.ogg;
               **/*.ogv;
               **/*.webm;
               **/*.jfif;
               **/*.svgz;
               **/*.jpe;
               **/*.pnz;
               **/*.aac;
               **/*.adt;
               **/*.adts;
               **/*.m4a;
               **/*.mp3;
               **/*.oga;
               **/*.wax;
               **/*.wma;
             '.
         Asset 'c:\Apps\TicketConsolidator\src\TicketConsolidator.Web\wwwroot\css\open-iconic\font\css\open-iconic-bootstrap.min.css' with relative path 'css/open-iconic/font/css/open-iconic-bootstrap.min.css' matched include pattern '
               ;
               **/*.js;
               **/*.css;
               **/*.html;
               **/*.json;
               **/*.mjs;
               **/*.xml;
               **/*.htm;
               **/*.wasm;
               **/*.txt;
               **/*.dll;
               **/*.pdb;
               **/*.dat;
               **/*.jsx;
               **/*.markdown;
               **/*.md;
               **/*.webmanifest;
               **/*.bmp;
               **/*.svg;
               **/*.otf;
               **/*.art;
               **/*.cmx;
               **/*.cod;
               **/*.dib;
               **/*.ico;
               **/*.ief;
               **/*.pbm;
               **/*.pgm;
               **/*.pnm;
               **/*.ppm;
               **/*.ras;
               **/*.rf;
               **/*.rgb;
               **/*.tif
               **/*.tiff;
               **/*.wbmp;
               **/*.xbm;
               **/*.xpm;
               **/*.xwd;
               **/*.aif;
               **/*.aifc;
               **/*.aif;
               **/*.au;
               **/*.m3u;
               **/*.mid;
               **/*.midi;
               **/*.ra;
               **/*.ram;
               **/*.smd;
               **/*.smx;
               **/*.smz;
               **/*.wav;
               **/*.323;
               **/*.appcache;
               **/*.asm;
               **/*.bas;
               **/*.c;
               **/*.cnf;
               **/*.cpp;
               **/*.csv;
               **/*.disco;
               **/*.dlm;
               **/*.dtd;
               **/*.etx;
               **/*.h;
               **/*.hdml;
               **/*.htc;
               **/*.htt;
               **/*.hxt;
               **/*.ical;
               **/*.icalendar;
               **/*.ics;
               **/*.ifb;
               **/*.map;
               **/*.mno;
               **/*.odc;
               **/*.rtx;
               **/*.sct;
               **/*.sgml;
               **/*.tsv;
               **/*.uls;
               **/*.vbs;
               **/*.vcf;
               **/*.vcs;
               **/*.vml;
               **/*.wml;
               **/*.wmls;
               **/*.wsdl;
               **/*.xdr;
               **/*.xsd;
               **/*.xsf;
               **/*.xsl;
               **/*.xslt;
             ' and did not match exclude pattern '
               ;
               **/*.gz;
               **/*.br;
               **/*.jpeg;
               **/*.jpg;
               **/*.png;
               **/*.gif;
               **/*.webp;
               **/*.woff;
               **/*.woff2;
               **/*.m4v;
               **/*.mov;
               **/*.movie;
               **/*.mp2;
               **/*.mp4;
               **/*.mp4v;
               **/*.mpa;
               **/*.mpe;
               **/*.mpeg;
               **/*.mpg;
               **/*.mpv2;
               **/*.ogg;
               **/*.ogv;
               **/*.webm;
               **/*.jfif;
               **/*.svgz;
               **/*.jpe;
               **/*.pnz;
               **/*.aac;
               **/*.adt;
               **/*.adts;
               **/*.m4a;
               **/*.mp3;
               **/*.oga;
               **/*.wax;
               **/*.wma;
             '.
         Asset 'c:\Apps\TicketConsolidator\src\TicketConsolidator.Web\wwwroot\css\open-iconic\font\fonts\open-iconic.eot' with relative path 'css/open-iconic/font/fonts/open-iconic.eot' did not match include pattern '
               ;
               **/*.js;
               **/*.css;
               **/*.html;
               **/*.json;
               **/*.mjs;
               **/*.xml;
               **/*.htm;
               **/*.wasm;
               **/*.txt;
               **/*.dll;
               **/*.pdb;
               **/*.dat;
               **/*.jsx;
               **/*.markdown;
               **/*.md;
               **/*.webmanifest;
               **/*.bmp;
               **/*.svg;
               **/*.otf;
               **/*.art;
               **/*.cmx;
               **/*.cod;
               **/*.dib;
               **/*.ico;
               **/*.ief;
               **/*.pbm;
               **/*.pgm;
               **/*.pnm;
               **/*.ppm;
               **/*.ras;
               **/*.rf;
               **/*.rgb;
               **/*.tif
               **/*.tiff;
               **/*.wbmp;
               **/*.xbm;
               **/*.xpm;
               **/*.xwd;
               **/*.aif;
               **/*.aifc;
               **/*.aif;
               **/*.au;
               **/*.m3u;
               **/*.mid;
               **/*.midi;
               **/*.ra;
               **/*.ram;
               **/*.smd;
               **/*.smx;
               **/*.smz;
               **/*.wav;
               **/*.323;
               **/*.appcache;
               **/*.asm;
               **/*.bas;
               **/*.c;
               **/*.cnf;
               **/*.cpp;
               **/*.csv;
               **/*.disco;
               **/*.dlm;
               **/*.dtd;
               **/*.etx;
               **/*.h;
               **/*.hdml;
               **/*.htc;
               **/*.htt;
               **/*.hxt;
               **/*.ical;
               **/*.icalendar;
               **/*.ics;
               **/*.ifb;
               **/*.map;
               **/*.mno;
               **/*.odc;
               **/*.rtx;
               **/*.sct;
               **/*.sgml;
               **/*.tsv;
               **/*.uls;
               **/*.vbs;
               **/*.vcf;
               **/*.vcs;
               **/*.vml;
               **/*.wml;
               **/*.wmls;
               **/*.wsdl;
               **/*.xdr;
               **/*.xsd;
               **/*.xsf;
               **/*.xsl;
               **/*.xslt;
             ' or matched exclude pattern '
               ;
               **/*.gz;
               **/*.br;
               **/*.jpeg;
               **/*.jpg;
               **/*.png;
               **/*.gif;
               **/*.webp;
               **/*.woff;
               **/*.woff2;
               **/*.m4v;
               **/*.mov;
               **/*.movie;
               **/*.mp2;
               **/*.mp4;
               **/*.mp4v;
               **/*.mpa;
               **/*.mpe;
               **/*.mpeg;
               **/*.mpg;
               **/*.mpv2;
               **/*.ogg;
               **/*.ogv;
               **/*.webm;
               **/*.jfif;
               **/*.svgz;
               **/*.jpe;
               **/*.pnz;
               **/*.aac;
               **/*.adt;
               **/*.adts;
               **/*.m4a;
               **/*.mp3;
               **/*.oga;
               **/*.wax;
               **/*.wma;
             '.
         Asset 'c:\Apps\TicketConsolidator\src\TicketConsolidator.Web\wwwroot\css\open-iconic\font\fonts\open-iconic.otf' with relative path 'css/open-iconic/font/fonts/open-iconic.otf' matched include pattern '
               ;
               **/*.js;
               **/*.css;
               **/*.html;
               **/*.json;
               **/*.mjs;
               **/*.xml;
               **/*.htm;
               **/*.wasm;
               **/*.txt;
               **/*.dll;
               **/*.pdb;
               **/*.dat;
               **/*.jsx;
               **/*.markdown;
               **/*.md;
               **/*.webmanifest;
               **/*.bmp;
               **/*.svg;
               **/*.otf;
               **/*.art;
               **/*.cmx;
               **/*.cod;
               **/*.dib;
               **/*.ico;
               **/*.ief;
               **/*.pbm;
               **/*.pgm;
               **/*.pnm;
               **/*.ppm;
               **/*.ras;
               **/*.rf;
               **/*.rgb;
               **/*.tif
               **/*.tiff;
               **/*.wbmp;
               **/*.xbm;
               **/*.xpm;
               **/*.xwd;
               **/*.aif;
               **/*.aifc;
               **/*.aif;
               **/*.au;
               **/*.m3u;
               **/*.mid;
               **/*.midi;
               **/*.ra;
               **/*.ram;
               **/*.smd;
               **/*.smx;
               **/*.smz;
               **/*.wav;
               **/*.323;
               **/*.appcache;
               **/*.asm;
               **/*.bas;
               **/*.c;
               **/*.cnf;
               **/*.cpp;
               **/*.csv;
               **/*.disco;
               **/*.dlm;
               **/*.dtd;
               **/*.etx;
               **/*.h;
               **/*.hdml;
               **/*.htc;
               **/*.htt;
               **/*.hxt;
               **/*.ical;
               **/*.icalendar;
               **/*.ics;
               **/*.ifb;
               **/*.map;
               **/*.mno;
               **/*.odc;
               **/*.rtx;
               **/*.sct;
               **/*.sgml;
               **/*.tsv;
               **/*.uls;
               **/*.vbs;
               **/*.vcf;
               **/*.vcs;
               **/*.vml;
               **/*.wml;
               **/*.wmls;
               **/*.wsdl;
               **/*.xdr;
               **/*.xsd;
               **/*.xsf;
               **/*.xsl;
               **/*.xslt;
             ' and did not match exclude pattern '
               ;
               **/*.gz;
               **/*.br;
               **/*.jpeg;
               **/*.jpg;
               **/*.png;
               **/*.gif;
               **/*.webp;
               **/*.woff;
               **/*.woff2;
               **/*.m4v;
               **/*.mov;
               **/*.movie;
               **/*.mp2;
               **/*.mp4;
               **/*.mp4v;
               **/*.mpa;
               **/*.mpe;
               **/*.mpeg;
               **/*.mpg;
               **/*.mpv2;
               **/*.ogg;
               **/*.ogv;
               **/*.webm;
               **/*.jfif;
               **/*.svgz;
               **/*.jpe;
               **/*.pnz;
               **/*.aac;
               **/*.adt;
               **/*.adts;
               **/*.m4a;
               **/*.mp3;
               **/*.oga;
               **/*.wax;
               **/*.wma;
             '.
         Asset 'c:\Apps\TicketConsolidator\src\TicketConsolidator.Web\wwwroot\css\open-iconic\font\fonts\open-iconic.svg' with relative path 'css/open-iconic/font/fonts/open-iconic.svg' matched include pattern '
               ;
               **/*.js;
               **/*.css;
               **/*.html;
               **/*.json;
               **/*.mjs;
               **/*.xml;
               **/*.htm;
               **/*.wasm;
               **/*.txt;
               **/*.dll;
               **/*.pdb;
               **/*.dat;
               **/*.jsx;
               **/*.markdown;
               **/*.md;
               **/*.webmanifest;
               **/*.bmp;
               **/*.svg;
               **/*.otf;
               **/*.art;
               **/*.cmx;
               **/*.cod;
               **/*.dib;
               **/*.ico;
               **/*.ief;
               **/*.pbm;
               **/*.pgm;
               **/*.pnm;
               **/*.ppm;
               **/*.ras;
               **/*.rf;
               **/*.rgb;
               **/*.tif
               **/*.tiff;
               **/*.wbmp;
               **/*.xbm;
               **/*.xpm;
               **/*.xwd;
               **/*.aif;
               **/*.aifc;
               **/*.aif;
               **/*.au;
               **/*.m3u;
               **/*.mid;
               **/*.midi;
               **/*.ra;
               **/*.ram;
               **/*.smd;
               **/*.smx;
               **/*.smz;
               **/*.wav;
               **/*.323;
               **/*.appcache;
               **/*.asm;
               **/*.bas;
               **/*.c;
               **/*.cnf;
               **/*.cpp;
               **/*.csv;
               **/*.disco;
               **/*.dlm;
               **/*.dtd;
               **/*.etx;
               **/*.h;
               **/*.hdml;
               **/*.htc;
               **/*.htt;
               **/*.hxt;
               **/*.ical;
               **/*.icalendar;
               **/*.ics;
               **/*.ifb;
               **/*.map;
               **/*.mno;
               **/*.odc;
               **/*.rtx;
               **/*.sct;
               **/*.sgml;
               **/*.tsv;
               **/*.uls;
               **/*.vbs;
               **/*.vcf;
               **/*.vcs;
               **/*.vml;
               **/*.wml;
               **/*.wmls;
               **/*.wsdl;
               **/*.xdr;
               **/*.xsd;
               **/*.xsf;
               **/*.xsl;
               **/*.xslt;
             ' and did not match exclude pattern '
               ;
               **/*.gz;
               **/*.br;
               **/*.jpeg;
               **/*.jpg;
               **/*.png;
               **/*.gif;
               **/*.webp;
               **/*.woff;
               **/*.woff2;
               **/*.m4v;
               **/*.mov;
               **/*.movie;
               **/*.mp2;
               **/*.mp4;
               **/*.mp4v;
               **/*.mpa;
               **/*.mpe;
               **/*.mpeg;
               **/*.mpg;
               **/*.mpv2;
               **/*.ogg;
               **/*.ogv;
               **/*.webm;
               **/*.jfif;
               **/*.svgz;
               **/*.jpe;
               **/*.pnz;
               **/*.aac;
               **/*.adt;
               **/*.adts;
               **/*.m4a;
               **/*.mp3;
               **/*.oga;
               **/*.wax;
               **/*.wma;
             '.
         Asset 'c:\Apps\TicketConsolidator\src\TicketConsolidator.Web\wwwroot\css\open-iconic\font\fonts\open-iconic.ttf' with relative path 'css/open-iconic/font/fonts/open-iconic.ttf' did not match include pattern '
               ;
               **/*.js;
               **/*.css;
               **/*.html;
               **/*.json;
               **/*.mjs;
               **/*.xml;
               **/*.htm;
               **/*.wasm;
               **/*.txt;
               **/*.dll;
               **/*.pdb;
               **/*.dat;
               **/*.jsx;
               **/*.markdown;
               **/*.md;
               **/*.webmanifest;
               **/*.bmp;
               **/*.svg;
               **/*.otf;
               **/*.art;
               **/*.cmx;
               **/*.cod;
               **/*.dib;
               **/*.ico;
               **/*.ief;
               **/*.pbm;
               **/*.pgm;
               **/*.pnm;
               **/*.ppm;
               **/*.ras;
               **/*.rf;
               **/*.rgb;
               **/*.tif
               **/*.tiff;
               **/*.wbmp;
               **/*.xbm;
               **/*.xpm;
               **/*.xwd;
               **/*.aif;
               **/*.aifc;
               **/*.aif;
               **/*.au;
               **/*.m3u;
               **/*.mid;
               **/*.midi;
               **/*.ra;
               **/*.ram;
               **/*.smd;
               **/*.smx;
               **/*.smz;
               **/*.wav;
               **/*.323;
               **/*.appcache;
               **/*.asm;
               **/*.bas;
               **/*.c;
               **/*.cnf;
               **/*.cpp;
               **/*.csv;
               **/*.disco;
               **/*.dlm;
               **/*.dtd;
               **/*.etx;
               **/*.h;
               **/*.hdml;
               **/*.htc;
               **/*.htt;
               **/*.hxt;
               **/*.ical;
               **/*.icalendar;
               **/*.ics;
               **/*.ifb;
               **/*.map;
               **/*.mno;
               **/*.odc;
               **/*.rtx;
               **/*.sct;
               **/*.sgml;
               **/*.tsv;
               **/*.uls;
               **/*.vbs;
               **/*.vcf;
               **/*.vcs;
               **/*.vml;
               **/*.wml;
               **/*.wmls;
               **/*.wsdl;
               **/*.xdr;
               **/*.xsd;
               **/*.xsf;
               **/*.xsl;
               **/*.xslt;
             ' or matched exclude pattern '
               ;
               **/*.gz;
               **/*.br;
               **/*.jpeg;
               **/*.jpg;
               **/*.png;
               **/*.gif;
               **/*.webp;
               **/*.woff;
               **/*.woff2;
               **/*.m4v;
               **/*.mov;
               **/*.movie;
               **/*.mp2;
               **/*.mp4;
               **/*.mp4v;
               **/*.mpa;
               **/*.mpe;
               **/*.mpeg;
               **/*.mpg;
               **/*.mpv2;
               **/*.ogg;
               **/*.ogv;
               **/*.webm;
               **/*.jfif;
               **/*.svgz;
               **/*.jpe;
               **/*.pnz;
               **/*.aac;
               **/*.adt;
               **/*.adts;
               **/*.m4a;
               **/*.mp3;
               **/*.oga;
               **/*.wax;
               **/*.wma;
             '.
         Asset 'c:\Apps\TicketConsolidator\src\TicketConsolidator.Web\wwwroot\css\open-iconic\font\fonts\open-iconic.woff' with relative path 'css/open-iconic/font/fonts/open-iconic.woff' did not match include pattern '
               ;
               **/*.js;
               **/*.css;
               **/*.html;
               **/*.json;
               **/*.mjs;
               **/*.xml;
               **/*.htm;
               **/*.wasm;
               **/*.txt;
               **/*.dll;
               **/*.pdb;
               **/*.dat;
               **/*.jsx;
               **/*.markdown;
               **/*.md;
               **/*.webmanifest;
               **/*.bmp;
               **/*.svg;
               **/*.otf;
               **/*.art;
               **/*.cmx;
               **/*.cod;
               **/*.dib;
               **/*.ico;
               **/*.ief;
               **/*.pbm;
               **/*.pgm;
               **/*.pnm;
               **/*.ppm;
               **/*.ras;
               **/*.rf;
               **/*.rgb;
               **/*.tif
               **/*.tiff;
               **/*.wbmp;
               **/*.xbm;
               **/*.xpm;
               **/*.xwd;
               **/*.aif;
               **/*.aifc;
               **/*.aif;
               **/*.au;
               **/*.m3u;
               **/*.mid;
               **/*.midi;
               **/*.ra;
               **/*.ram;
               **/*.smd;
               **/*.smx;
               **/*.smz;
               **/*.wav;
               **/*.323;
               **/*.appcache;
               **/*.asm;
               **/*.bas;
               **/*.c;
               **/*.cnf;
               **/*.cpp;
               **/*.csv;
               **/*.disco;
               **/*.dlm;
               **/*.dtd;
               **/*.etx;
               **/*.h;
               **/*.hdml;
               **/*.htc;
               **/*.htt;
               **/*.hxt;
               **/*.ical;
               **/*.icalendar;
               **/*.ics;
               **/*.ifb;
               **/*.map;
               **/*.mno;
               **/*.odc;
               **/*.rtx;
               **/*.sct;
               **/*.sgml;
               **/*.tsv;
               **/*.uls;
               **/*.vbs;
               **/*.vcf;
               **/*.vcs;
               **/*.vml;
               **/*.wml;
               **/*.wmls;
               **/*.wsdl;
               **/*.xdr;
               **/*.xsd;
               **/*.xsf;
               **/*.xsl;
               **/*.xslt;
             ' or matched exclude pattern '
               ;
               **/*.gz;
               **/*.br;
               **/*.jpeg;
               **/*.jpg;
               **/*.png;
               **/*.gif;
               **/*.webp;
               **/*.woff;
               **/*.woff2;
               **/*.m4v;
               **/*.mov;
               **/*.movie;
               **/*.mp2;
               **/*.mp4;
               **/*.mp4v;
               **/*.mpa;
               **/*.mpe;
               **/*.mpeg;
               **/*.mpg;
               **/*.mpv2;
               **/*.ogg;
               **/*.ogv;
               **/*.webm;
               **/*.jfif;
               **/*.svgz;
               **/*.jpe;
               **/*.pnz;
               **/*.aac;
               **/*.adt;
               **/*.adts;
               **/*.m4a;
               **/*.mp3;
               **/*.oga;
               **/*.wax;
               **/*.wma;
             '.
         Asset 'c:\Apps\TicketConsolidator\src\TicketConsolidator.Web\wwwroot\css\open-iconic\ICON-LICENSE' with relative path 'css/open-iconic/ICON-LICENSE' did not match include pattern '
               ;
               **/*.js;
               **/*.css;
               **/*.html;
               **/*.json;
               **/*.mjs;
               **/*.xml;
               **/*.htm;
               **/*.wasm;
               **/*.txt;
               **/*.dll;
               **/*.pdb;
               **/*.dat;
               **/*.jsx;
               **/*.markdown;
               **/*.md;
               **/*.webmanifest;
               **/*.bmp;
               **/*.svg;
               **/*.otf;
               **/*.art;
               **/*.cmx;
               **/*.cod;
               **/*.dib;
               **/*.ico;
               **/*.ief;
               **/*.pbm;
               **/*.pgm;
               **/*.pnm;
               **/*.ppm;
               **/*.ras;
               **/*.rf;
               **/*.rgb;
               **/*.tif
               **/*.tiff;
               **/*.wbmp;
               **/*.xbm;
               **/*.xpm;
               **/*.xwd;
               **/*.aif;
               **/*.aifc;
               **/*.aif;
               **/*.au;
               **/*.m3u;
               **/*.mid;
               **/*.midi;
               **/*.ra;
               **/*.ram;
               **/*.smd;
               **/*.smx;
               **/*.smz;
               **/*.wav;
               **/*.323;
               **/*.appcache;
               **/*.asm;
               **/*.bas;
               **/*.c;
               **/*.cnf;
               **/*.cpp;
               **/*.csv;
               **/*.disco;
               **/*.dlm;
               **/*.dtd;
               **/*.etx;
               **/*.h;
               **/*.hdml;
               **/*.htc;
               **/*.htt;
               **/*.hxt;
               **/*.ical;
               **/*.icalendar;
               **/*.ics;
               **/*.ifb;
               **/*.map;
               **/*.mno;
               **/*.odc;
               **/*.rtx;
               **/*.sct;
               **/*.sgml;
               **/*.tsv;
               **/*.uls;
               **/*.vbs;
               **/*.vcf;
               **/*.vcs;
               **/*.vml;
               **/*.wml;
               **/*.wmls;
               **/*.wsdl;
               **/*.xdr;
               **/*.xsd;
               **/*.xsf;
               **/*.xsl;
               **/*.xslt;
             ' or matched exclude pattern '
               ;
               **/*.gz;
               **/*.br;
               **/*.jpeg;
               **/*.jpg;
               **/*.png;
               **/*.gif;
               **/*.webp;
               **/*.woff;
               **/*.woff2;
               **/*.m4v;
               **/*.mov;
               **/*.movie;
               **/*.mp2;
               **/*.mp4;
               **/*.mp4v;
               **/*.mpa;
               **/*.mpe;
               **/*.mpeg;
               **/*.mpg;
               **/*.mpv2;
               **/*.ogg;
               **/*.ogv;
               **/*.webm;
               **/*.jfif;
               **/*.svgz;
               **/*.jpe;
               **/*.pnz;
               **/*.aac;
               **/*.adt;
               **/*.adts;
               **/*.m4a;
               **/*.mp3;
               **/*.oga;
               **/*.wax;
               **/*.wma;
             '.
         Asset 'c:\Apps\TicketConsolidator\src\TicketConsolidator.Web\wwwroot\css\open-iconic\README.md' with relative path 'css/open-iconic/README.md' matched include pattern '
               ;
               **/*.js;
               **/*.css;
               **/*.html;
               **/*.json;
               **/*.mjs;
               **/*.xml;
               **/*.htm;
               **/*.wasm;
               **/*.txt;
               **/*.dll;
               **/*.pdb;
               **/*.dat;
               **/*.jsx;
               **/*.markdown;
               **/*.md;
               **/*.webmanifest;
               **/*.bmp;
               **/*.svg;
               **/*.otf;
               **/*.art;
               **/*.cmx;
               **/*.cod;
               **/*.dib;
               **/*.ico;
               **/*.ief;
               **/*.pbm;
               **/*.pgm;
               **/*.pnm;
               **/*.ppm;
               **/*.ras;
               **/*.rf;
               **/*.rgb;
               **/*.tif
               **/*.tiff;
               **/*.wbmp;
               **/*.xbm;
               **/*.xpm;
               **/*.xwd;
               **/*.aif;
               **/*.aifc;
               **/*.aif;
               **/*.au;
               **/*.m3u;
               **/*.mid;
               **/*.midi;
               **/*.ra;
               **/*.ram;
               **/*.smd;
               **/*.smx;
               **/*.smz;
               **/*.wav;
               **/*.323;
               **/*.appcache;
               **/*.asm;
               **/*.bas;
               **/*.c;
               **/*.cnf;
               **/*.cpp;
               **/*.csv;
               **/*.disco;
               **/*.dlm;
               **/*.dtd;
               **/*.etx;
               **/*.h;
               **/*.hdml;
               **/*.htc;
               **/*.htt;
               **/*.hxt;
               **/*.ical;
               **/*.icalendar;
               **/*.ics;
               **/*.ifb;
               **/*.map;
               **/*.mno;
               **/*.odc;
               **/*.rtx;
               **/*.sct;
               **/*.sgml;
               **/*.tsv;
               **/*.uls;
               **/*.vbs;
               **/*.vcf;
               **/*.vcs;
               **/*.vml;
               **/*.wml;
               **/*.wmls;
               **/*.wsdl;
               **/*.xdr;
               **/*.xsd;
               **/*.xsf;
               **/*.xsl;
               **/*.xslt;
             ' and did not match exclude pattern '
               ;
               **/*.gz;
               **/*.br;
               **/*.jpeg;
               **/*.jpg;
               **/*.png;
               **/*.gif;
               **/*.webp;
               **/*.woff;
               **/*.woff2;
               **/*.m4v;
               **/*.mov;
               **/*.movie;
               **/*.mp2;
               **/*.mp4;
               **/*.mp4v;
               **/*.mpa;
               **/*.mpe;
               **/*.mpeg;
               **/*.mpg;
               **/*.mpv2;
               **/*.ogg;
               **/*.ogv;
               **/*.webm;
               **/*.jfif;
               **/*.svgz;
               **/*.jpe;
               **/*.pnz;
               **/*.aac;
               **/*.adt;
               **/*.adts;
               **/*.m4a;
               **/*.mp3;
               **/*.oga;
               **/*.wax;
               **/*.wma;
             '.
         Asset 'c:\Apps\TicketConsolidator\src\TicketConsolidator.Web\wwwroot\css\site.css' with relative path 'css/site.css' matched include pattern '
               ;
               **/*.js;
               **/*.css;
               **/*.html;
               **/*.json;
               **/*.mjs;
               **/*.xml;
               **/*.htm;
               **/*.wasm;
               **/*.txt;
               **/*.dll;
               **/*.pdb;
               **/*.dat;
               **/*.jsx;
               **/*.markdown;
               **/*.md;
               **/*.webmanifest;
               **/*.bmp;
               **/*.svg;
               **/*.otf;
               **/*.art;
               **/*.cmx;
               **/*.cod;
               **/*.dib;
               **/*.ico;
               **/*.ief;
               **/*.pbm;
               **/*.pgm;
               **/*.pnm;
               **/*.ppm;
               **/*.ras;
               **/*.rf;
               **/*.rgb;
               **/*.tif
               **/*.tiff;
               **/*.wbmp;
               **/*.xbm;
               **/*.xpm;
               **/*.xwd;
               **/*.aif;
               **/*.aifc;
               **/*.aif;
               **/*.au;
               **/*.m3u;
               **/*.mid;
               **/*.midi;
               **/*.ra;
               **/*.ram;
               **/*.smd;
               **/*.smx;
               **/*.smz;
               **/*.wav;
               **/*.323;
               **/*.appcache;
               **/*.asm;
               **/*.bas;
               **/*.c;
               **/*.cnf;
               **/*.cpp;
               **/*.csv;
               **/*.disco;
               **/*.dlm;
               **/*.dtd;
               **/*.etx;
               **/*.h;
               **/*.hdml;
               **/*.htc;
               **/*.htt;
               **/*.hxt;
               **/*.ical;
               **/*.icalendar;
               **/*.ics;
               **/*.ifb;
               **/*.map;
               **/*.mno;
               **/*.odc;
               **/*.rtx;
               **/*.sct;
               **/*.sgml;
               **/*.tsv;
               **/*.uls;
               **/*.vbs;
               **/*.vcf;
               **/*.vcs;
               **/*.vml;
               **/*.wml;
               **/*.wmls;
               **/*.wsdl;
               **/*.xdr;
               **/*.xsd;
               **/*.xsf;
               **/*.xsl;
               **/*.xslt;
             ' and did not match exclude pattern '
               ;
               **/*.gz;
               **/*.br;
               **/*.jpeg;
               **/*.jpg;
               **/*.png;
               **/*.gif;
               **/*.webp;
               **/*.woff;
               **/*.woff2;
               **/*.m4v;
               **/*.mov;
               **/*.movie;
               **/*.mp2;
               **/*.mp4;
               **/*.mp4v;
               **/*.mpa;
               **/*.mpe;
               **/*.mpeg;
               **/*.mpg;
               **/*.mpv2;
               **/*.ogg;
               **/*.ogv;
               **/*.webm;
               **/*.jfif;
               **/*.svgz;
               **/*.jpe;
               **/*.pnz;
               **/*.aac;
               **/*.adt;
               **/*.adts;
               **/*.m4a;
               **/*.mp3;
               **/*.oga;
               **/*.wax;
               **/*.wma;
             '.
         Asset 'c:\Apps\TicketConsolidator\src\TicketConsolidator.Web\wwwroot\css\theme.css' with relative path 'css/theme.css' matched include pattern '
               ;
               **/*.js;
               **/*.css;
               **/*.html;
               **/*.json;
               **/*.mjs;
               **/*.xml;
               **/*.htm;
               **/*.wasm;
               **/*.txt;
               **/*.dll;
               **/*.pdb;
               **/*.dat;
               **/*.jsx;
               **/*.markdown;
               **/*.md;
               **/*.webmanifest;
               **/*.bmp;
               **/*.svg;
               **/*.otf;
               **/*.art;
               **/*.cmx;
               **/*.cod;
               **/*.dib;
               **/*.ico;
               **/*.ief;
               **/*.pbm;
               **/*.pgm;
               **/*.pnm;
               **/*.ppm;
               **/*.ras;
               **/*.rf;
               **/*.rgb;
               **/*.tif
               **/*.tiff;
               **/*.wbmp;
               **/*.xbm;
               **/*.xpm;
               **/*.xwd;
               **/*.aif;
               **/*.aifc;
               **/*.aif;
               **/*.au;
               **/*.m3u;
               **/*.mid;
               **/*.midi;
               **/*.ra;
               **/*.ram;
               **/*.smd;
               **/*.smx;
               **/*.smz;
               **/*.wav;
               **/*.323;
               **/*.appcache;
               **/*.asm;
               **/*.bas;
               **/*.c;
               **/*.cnf;
               **/*.cpp;
               **/*.csv;
               **/*.disco;
               **/*.dlm;
               **/*.dtd;
               **/*.etx;
               **/*.h;
               **/*.hdml;
               **/*.htc;
               **/*.htt;
               **/*.hxt;
               **/*.ical;
               **/*.icalendar;
               **/*.ics;
               **/*.ifb;
               **/*.map;
               **/*.mno;
               **/*.odc;
               **/*.rtx;
               **/*.sct;
               **/*.sgml;
               **/*.tsv;
               **/*.uls;
               **/*.vbs;
               **/*.vcf;
               **/*.vcs;
               **/*.vml;
               **/*.wml;
               **/*.wmls;
               **/*.wsdl;
               **/*.xdr;
               **/*.xsd;
               **/*.xsf;
               **/*.xsl;
               **/*.xslt;
             ' and did not match exclude pattern '
               ;
               **/*.gz;
               **/*.br;
               **/*.jpeg;
               **/*.jpg;
               **/*.png;
               **/*.gif;
               **/*.webp;
               **/*.woff;
               **/*.woff2;
               **/*.m4v;
               **/*.mov;
               **/*.movie;
               **/*.mp2;
               **/*.mp4;
               **/*.mp4v;
               **/*.mpa;
               **/*.mpe;
               **/*.mpeg;
               **/*.mpg;
               **/*.mpv2;
               **/*.ogg;
               **/*.ogv;
               **/*.webm;
               **/*.jfif;
               **/*.svgz;
               **/*.jpe;
               **/*.pnz;
               **/*.aac;
               **/*.adt;
               **/*.adts;
               **/*.m4a;
               **/*.mp3;
               **/*.oga;
               **/*.wax;
               **/*.wma;
             '.
         Asset 'c:\Apps\TicketConsolidator\src\TicketConsolidator.Web\wwwroot\favicon.ico' with relative path 'favicon.ico' matched include pattern '
               ;
               **/*.js;
               **/*.css;
               **/*.html;
               **/*.json;
               **/*.mjs;
               **/*.xml;
               **/*.htm;
               **/*.wasm;
               **/*.txt;
               **/*.dll;
               **/*.pdb;
               **/*.dat;
               **/*.jsx;
               **/*.markdown;
               **/*.md;
               **/*.webmanifest;
               **/*.bmp;
               **/*.svg;
               **/*.otf;
               **/*.art;
               **/*.cmx;
               **/*.cod;
               **/*.dib;
               **/*.ico;
               **/*.ief;
               **/*.pbm;
               **/*.pgm;
               **/*.pnm;
               **/*.ppm;
               **/*.ras;
               **/*.rf;
               **/*.rgb;
               **/*.tif
               **/*.tiff;
               **/*.wbmp;
               **/*.xbm;
               **/*.xpm;
               **/*.xwd;
               **/*.aif;
               **/*.aifc;
               **/*.aif;
               **/*.au;
               **/*.m3u;
               **/*.mid;
               **/*.midi;
               **/*.ra;
               **/*.ram;
               **/*.smd;
               **/*.smx;
               **/*.smz;
               **/*.wav;
               **/*.323;
               **/*.appcache;
               **/*.asm;
               **/*.bas;
               **/*.c;
               **/*.cnf;
               **/*.cpp;
               **/*.csv;
               **/*.disco;
               **/*.dlm;
               **/*.dtd;
               **/*.etx;
               **/*.h;
               **/*.hdml;
               **/*.htc;
               **/*.htt;
               **/*.hxt;
               **/*.ical;
               **/*.icalendar;
               **/*.ics;
               **/*.ifb;
               **/*.map;
               **/*.mno;
               **/*.odc;
               **/*.rtx;
               **/*.sct;
               **/*.sgml;
               **/*.tsv;
               **/*.uls;
               **/*.vbs;
               **/*.vcf;
               **/*.vcs;
               **/*.vml;
               **/*.wml;
               **/*.wmls;
               **/*.wsdl;
               **/*.xdr;
               **/*.xsd;
               **/*.xsf;
               **/*.xsl;
               **/*.xslt;
             ' and did not match exclude pattern '
               ;
               **/*.gz;
               **/*.br;
               **/*.jpeg;
               **/*.jpg;
               **/*.png;
               **/*.gif;
               **/*.webp;
               **/*.woff;
               **/*.woff2;
               **/*.m4v;
               **/*.mov;
               **/*.movie;
               **/*.mp2;
               **/*.mp4;
               **/*.mp4v;
               **/*.mpa;
               **/*.mpe;
               **/*.mpeg;
               **/*.mpg;
               **/*.mpv2;
               **/*.ogg;
               **/*.ogv;
               **/*.webm;
               **/*.jfif;
               **/*.svgz;
               **/*.jpe;
               **/*.pnz;
               **/*.aac;
               **/*.adt;
               **/*.adts;
               **/*.m4a;
               **/*.mp3;
               **/*.oga;
               **/*.wax;
               **/*.wma;
             '.
         Asset 'c:\Apps\TicketConsolidator\src\TicketConsolidator.Web\wwwroot\js\codeEditor.js' with relative path 'js/codeEditor.js' matched include pattern '
               ;
               **/*.js;
               **/*.css;
               **/*.html;
               **/*.json;
               **/*.mjs;
               **/*.xml;
               **/*.htm;
               **/*.wasm;
               **/*.txt;
               **/*.dll;
               **/*.pdb;
               **/*.dat;
               **/*.jsx;
               **/*.markdown;
               **/*.md;
               **/*.webmanifest;
               **/*.bmp;
               **/*.svg;
               **/*.otf;
               **/*.art;
               **/*.cmx;
               **/*.cod;
               **/*.dib;
               **/*.ico;
               **/*.ief;
               **/*.pbm;
               **/*.pgm;
               **/*.pnm;
               **/*.ppm;
               **/*.ras;
               **/*.rf;
               **/*.rgb;
               **/*.tif
               **/*.tiff;
               **/*.wbmp;
               **/*.xbm;
               **/*.xpm;
               **/*.xwd;
               **/*.aif;
               **/*.aifc;
               **/*.aif;
               **/*.au;
               **/*.m3u;
               **/*.mid;
               **/*.midi;
               **/*.ra;
               **/*.ram;
               **/*.smd;
               **/*.smx;
               **/*.smz;
               **/*.wav;
               **/*.323;
               **/*.appcache;
               **/*.asm;
               **/*.bas;
               **/*.c;
               **/*.cnf;
               **/*.cpp;
               **/*.csv;
               **/*.disco;
               **/*.dlm;
               **/*.dtd;
               **/*.etx;
               **/*.h;
               **/*.hdml;
               **/*.htc;
               **/*.htt;
               **/*.hxt;
               **/*.ical;
               **/*.icalendar;
               **/*.ics;
               **/*.ifb;
               **/*.map;
               **/*.mno;
               **/*.odc;
               **/*.rtx;
               **/*.sct;
               **/*.sgml;
               **/*.tsv;
               **/*.uls;
               **/*.vbs;
               **/*.vcf;
               **/*.vcs;
               **/*.vml;
               **/*.wml;
               **/*.wmls;
               **/*.wsdl;
               **/*.xdr;
               **/*.xsd;
               **/*.xsf;
               **/*.xsl;
               **/*.xslt;
             ' and did not match exclude pattern '
               ;
               **/*.gz;
               **/*.br;
               **/*.jpeg;
               **/*.jpg;
               **/*.png;
               **/*.gif;
               **/*.webp;
               **/*.woff;
               **/*.woff2;
               **/*.m4v;
               **/*.mov;
               **/*.movie;
               **/*.mp2;
               **/*.mp4;
               **/*.mp4v;
               **/*.mpa;
               **/*.mpe;
               **/*.mpeg;
               **/*.mpg;
               **/*.mpv2;
               **/*.ogg;
               **/*.ogv;
               **/*.webm;
               **/*.jfif;
               **/*.svgz;
               **/*.jpe;
               **/*.pnz;
               **/*.aac;
               **/*.adt;
               **/*.adts;
               **/*.m4a;
               **/*.mp3;
               **/*.oga;
               **/*.wax;
               **/*.wma;
             '.
         Asset 'C:\Users\krish.maniar.ATPL-LAP-723\.nuget\packages\microsoft.aspnetcore.app.internal.assets\10.0.3\_framework\blazor.web.js' with relative path '_framework/blazor.web.js' matched include pattern '
               ;
               **/*.js;
               **/*.css;
               **/*.html;
               **/*.json;
               **/*.mjs;
               **/*.xml;
               **/*.htm;
               **/*.wasm;
               **/*.txt;
               **/*.dll;
               **/*.pdb;
               **/*.dat;
               **/*.jsx;
               **/*.markdown;
               **/*.md;
               **/*.webmanifest;
               **/*.bmp;
               **/*.svg;
               **/*.otf;
               **/*.art;
               **/*.cmx;
               **/*.cod;
               **/*.dib;
               **/*.ico;
               **/*.ief;
               **/*.pbm;
               **/*.pgm;
               **/*.pnm;
               **/*.ppm;
               **/*.ras;
               **/*.rf;
               **/*.rgb;
               **/*.tif
               **/*.tiff;
               **/*.wbmp;
               **/*.xbm;
               **/*.xpm;
               **/*.xwd;
               **/*.aif;
               **/*.aifc;
               **/*.aif;
               **/*.au;
               **/*.m3u;
               **/*.mid;
               **/*.midi;
               **/*.ra;
               **/*.ram;
               **/*.smd;
               **/*.smx;
               **/*.smz;
               **/*.wav;
               **/*.323;
               **/*.appcache;
               **/*.asm;
               **/*.bas;
               **/*.c;
               **/*.cnf;
               **/*.cpp;
               **/*.csv;
               **/*.disco;
               **/*.dlm;
               **/*.dtd;
               **/*.etx;
               **/*.h;
               **/*.hdml;
               **/*.htc;
               **/*.htt;
               **/*.hxt;
               **/*.ical;
               **/*.icalendar;
               **/*.ics;
               **/*.ifb;
               **/*.map;
               **/*.mno;
               **/*.odc;
               **/*.rtx;
               **/*.sct;
               **/*.sgml;
               **/*.tsv;
               **/*.uls;
               **/*.vbs;
               **/*.vcf;
               **/*.vcs;
               **/*.vml;
               **/*.wml;
               **/*.wmls;
               **/*.wsdl;
               **/*.xdr;
               **/*.xsd;
               **/*.xsf;
               **/*.xsl;
               **/*.xslt;
             ' and did not match exclude pattern '
               ;
               **/*.gz;
               **/*.br;
               **/*.jpeg;
               **/*.jpg;
               **/*.png;
               **/*.gif;
               **/*.webp;
               **/*.woff;
               **/*.woff2;
               **/*.m4v;
               **/*.mov;
               **/*.movie;
               **/*.mp2;
               **/*.mp4;
               **/*.mp4v;
               **/*.mpa;
               **/*.mpe;
               **/*.mpeg;
               **/*.mpg;
               **/*.mpv2;
               **/*.ogg;
               **/*.ogv;
               **/*.webm;
               **/*.jfif;
               **/*.svgz;
               **/*.jpe;
               **/*.pnz;
               **/*.aac;
               **/*.adt;
               **/*.adts;
               **/*.m4a;
               **/*.mp3;
               **/*.oga;
               **/*.wax;
               **/*.wma;
             '.
         Asset 'C:\Users\krish.maniar.ATPL-LAP-723\.nuget\packages\microsoft.aspnetcore.app.internal.assets\10.0.3\_framework\blazor.server.js' with relative path '_framework/blazor.server.js' matched include pattern '
               ;
               **/*.js;
               **/*.css;
               **/*.html;
               **/*.json;
               **/*.mjs;
               **/*.xml;
               **/*.htm;
               **/*.wasm;
               **/*.txt;
               **/*.dll;
               **/*.pdb;
               **/*.dat;
               **/*.jsx;
               **/*.markdown;
               **/*.md;
               **/*.webmanifest;
               **/*.bmp;
               **/*.svg;
               **/*.otf;
               **/*.art;
               **/*.cmx;
               **/*.cod;
               **/*.dib;
               **/*.ico;
               **/*.ief;
               **/*.pbm;
               **/*.pgm;
               **/*.pnm;
               **/*.ppm;
               **/*.ras;
               **/*.rf;
               **/*.rgb;
               **/*.tif
               **/*.tiff;
               **/*.wbmp;
               **/*.xbm;
               **/*.xpm;
               **/*.xwd;
               **/*.aif;
               **/*.aifc;
               **/*.aif;
               **/*.au;
               **/*.m3u;
               **/*.mid;
               **/*.midi;
               **/*.ra;
               **/*.ram;
               **/*.smd;
               **/*.smx;
               **/*.smz;
               **/*.wav;
               **/*.323;
               **/*.appcache;
               **/*.asm;
               **/*.bas;
               **/*.c;
               **/*.cnf;
               **/*.cpp;
               **/*.csv;
               **/*.disco;
               **/*.dlm;
               **/*.dtd;
               **/*.etx;
               **/*.h;
               **/*.hdml;
               **/*.htc;
               **/*.htt;
               **/*.hxt;
               **/*.ical;
               **/*.icalendar;
               **/*.ics;
               **/*.ifb;
               **/*.map;
               **/*.mno;
               **/*.odc;
               **/*.rtx;
               **/*.sct;
               **/*.sgml;
               **/*.tsv;
               **/*.uls;
               **/*.vbs;
               **/*.vcf;
               **/*.vcs;
               **/*.vml;
               **/*.wml;
               **/*.wmls;
               **/*.wsdl;
               **/*.xdr;
               **/*.xsd;
               **/*.xsf;
               **/*.xsl;
               **/*.xslt;
             ' and did not match exclude pattern '
               ;
               **/*.gz;
               **/*.br;
               **/*.jpeg;
               **/*.jpg;
               **/*.png;
               **/*.gif;
               **/*.webp;
               **/*.woff;
               **/*.woff2;
               **/*.m4v;
               **/*.mov;
               **/*.movie;
               **/*.mp2;
               **/*.mp4;
               **/*.mp4v;
               **/*.mpa;
               **/*.mpe;
               **/*.mpeg;
               **/*.mpg;
               **/*.mpv2;
               **/*.ogg;
               **/*.ogv;
               **/*.webm;
               **/*.jfif;
               **/*.svgz;
               **/*.jpe;
               **/*.pnz;
               **/*.aac;
               **/*.adt;
               **/*.adts;
               **/*.m4a;
               **/*.mp3;
               **/*.oga;
               **/*.wax;
               **/*.wma;
             '.
         Asset 'c:\Apps\TicketConsolidator\src\TicketConsolidator.Web\obj\Debug\net10.0-windows\scopedcss\bundle\TicketConsolidator.Web.styles.css' with relative path 'TicketConsolidator.Web.styles.css' matched include pattern '
               ;
               **/*.js;
               **/*.css;
               **/*.html;
               **/*.json;
               **/*.mjs;
               **/*.xml;
               **/*.htm;
               **/*.wasm;
               **/*.txt;
               **/*.dll;
               **/*.pdb;
               **/*.dat;
               **/*.jsx;
               **/*.markdown;
               **/*.md;
               **/*.webmanifest;
               **/*.bmp;
               **/*.svg;
               **/*.otf;
               **/*.art;
               **/*.cmx;
               **/*.cod;
               **/*.dib;
               **/*.ico;
               **/*.ief;
               **/*.pbm;
               **/*.pgm;
               **/*.pnm;
               **/*.ppm;
               **/*.ras;
               **/*.rf;
               **/*.rgb;
               **/*.tif
               **/*.tiff;
               **/*.wbmp;
               **/*.xbm;
               **/*.xpm;
               **/*.xwd;
               **/*.aif;
               **/*.aifc;
               **/*.aif;
               **/*.au;
               **/*.m3u;
               **/*.mid;
               **/*.midi;
               **/*.ra;
               **/*.ram;
               **/*.smd;
               **/*.smx;
               **/*.smz;
               **/*.wav;
               **/*.323;
               **/*.appcache;
               **/*.asm;
               **/*.bas;
               **/*.c;
               **/*.cnf;
               **/*.cpp;
               **/*.csv;
               **/*.disco;
               **/*.dlm;
               **/*.dtd;
               **/*.etx;
               **/*.h;
               **/*.hdml;
               **/*.htc;
               **/*.htt;
               **/*.hxt;
               **/*.ical;
               **/*.icalendar;
               **/*.ics;
               **/*.ifb;
               **/*.map;
               **/*.mno;
               **/*.odc;
               **/*.rtx;
               **/*.sct;
               **/*.sgml;
               **/*.tsv;
               **/*.uls;
               **/*.vbs;
               **/*.vcf;
               **/*.vcs;
               **/*.vml;
               **/*.wml;
               **/*.wmls;
               **/*.wsdl;
               **/*.xdr;
               **/*.xsd;
               **/*.xsf;
               **/*.xsl;
               **/*.xslt;
             ' and did not match exclude pattern '
               ;
               **/*.gz;
               **/*.br;
               **/*.jpeg;
               **/*.jpg;
               **/*.png;
               **/*.gif;
               **/*.webp;
               **/*.woff;
               **/*.woff2;
               **/*.m4v;
               **/*.mov;
               **/*.movie;
               **/*.mp2;
               **/*.mp4;
               **/*.mp4v;
               **/*.mpa;
               **/*.mpe;
               **/*.mpeg;
               **/*.mpg;
               **/*.mpv2;
               **/*.ogg;
               **/*.ogv;
               **/*.webm;
               **/*.jfif;
               **/*.svgz;
               **/*.jpe;
               **/*.pnz;
               **/*.aac;
               **/*.adt;
               **/*.adts;
               **/*.m4a;
               **/*.mp3;
               **/*.oga;
               **/*.wax;
               **/*.wma;
             '.
         Asset 'c:\Apps\TicketConsolidator\src\TicketConsolidator.Web\obj\Debug\net10.0-windows\scopedcss\projectbundle\TicketConsolidator.Web.bundle.scp.css' with relative path 'TicketConsolidator.Web.bundle.scp.css' matched include pattern '
               ;
               **/*.js;
               **/*.css;
               **/*.html;
               **/*.json;
               **/*.mjs;
               **/*.xml;
               **/*.htm;
               **/*.wasm;
               **/*.txt;
               **/*.dll;
               **/*.pdb;
               **/*.dat;
               **/*.jsx;
               **/*.markdown;
               **/*.md;
               **/*.webmanifest;
               **/*.bmp;
               **/*.svg;
               **/*.otf;
               **/*.art;
               **/*.cmx;
               **/*.cod;
               **/*.dib;
               **/*.ico;
               **/*.ief;
               **/*.pbm;
               **/*.pgm;
               **/*.pnm;
               **/*.ppm;
               **/*.ras;
               **/*.rf;
               **/*.rgb;
               **/*.tif
               **/*.tiff;
               **/*.wbmp;
               **/*.xbm;
               **/*.xpm;
               **/*.xwd;
               **/*.aif;
               **/*.aifc;
               **/*.aif;
               **/*.au;
               **/*.m3u;
               **/*.mid;
               **/*.midi;
               **/*.ra;
               **/*.ram;
               **/*.smd;
               **/*.smx;
               **/*.smz;
               **/*.wav;
               **/*.323;
               **/*.appcache;
               **/*.asm;
               **/*.bas;
               **/*.c;
               **/*.cnf;
               **/*.cpp;
               **/*.csv;
               **/*.disco;
               **/*.dlm;
               **/*.dtd;
               **/*.etx;
               **/*.h;
               **/*.hdml;
               **/*.htc;
               **/*.htt;
               **/*.hxt;
               **/*.ical;
               **/*.icalendar;
               **/*.ics;
               **/*.ifb;
               **/*.map;
               **/*.mno;
               **/*.odc;
               **/*.rtx;
               **/*.sct;
               **/*.sgml;
               **/*.tsv;
               **/*.uls;
               **/*.vbs;
               **/*.vcf;
               **/*.vcs;
               **/*.vml;
               **/*.wml;
               **/*.wmls;
               **/*.wsdl;
               **/*.xdr;
               **/*.xsd;
               **/*.xsf;
               **/*.xsl;
               **/*.xslt;
             ' and did not match exclude pattern '
               ;
               **/*.gz;
               **/*.br;
               **/*.jpeg;
               **/*.jpg;
               **/*.png;
               **/*.gif;
               **/*.webp;
               **/*.woff;
               **/*.woff2;
               **/*.m4v;
               **/*.mov;
               **/*.movie;
               **/*.mp2;
               **/*.mp4;
               **/*.mp4v;
               **/*.mpa;
               **/*.mpe;
               **/*.mpeg;
               **/*.mpg;
               **/*.mpv2;
               **/*.ogg;
               **/*.ogv;
               **/*.webm;
               **/*.jfif;
               **/*.svgz;
               **/*.jpe;
               **/*.pnz;
               **/*.aac;
               **/*.adt;
               **/*.adts;
               **/*.m4a;
               **/*.mp3;
               **/*.oga;
               **/*.wax;
               **/*.wma;
             '.
         Accepted compressed asset 'c:\Apps\TicketConsolidator\src\TicketConsolidator.Web\obj\Debug\net10.0-windows\compressed\4pvf20j30m-{0}-i2q58c2osp-i2q58c2osp.gz' for 'c:\Apps\TicketConsolidator\src\TicketConsolidator.Web\wwwroot\css\animations.css'.
         Accepted compressed asset 'c:\Apps\TicketConsolidator\src\TicketConsolidator.Web\obj\Debug\net10.0-windows\compressed\w6mjy7kfdm-{0}-etnb7xlipe-etnb7xlipe.gz' for 'c:\Apps\TicketConsolidator\src\TicketConsolidator.Web\wwwroot\css\bootstrap\bootstrap.min.css'.
         Accepted compressed asset 'c:\Apps\TicketConsolidator\src\TicketConsolidator.Web\obj\Debug\net10.0-windows\compressed\ivst75prx6-{0}-kao5znno1s-kao5znno1s.gz' for 'c:\Apps\TicketConsolidator\src\TicketConsolidator.Web\wwwroot\css\bootstrap\bootstrap.min.css.map'.
         Accepted compressed asset 'c:\Apps\TicketConsolidator\src\TicketConsolidator.Web\obj\Debug\net10.0-windows\compressed\bo61o2sihs-{0}-ff9h3twzzh-ff9h3twzzh.gz' for 'c:\Apps\TicketConsolidator\src\TicketConsolidator.Web\wwwroot\css\codeEditor.css'.
         Accepted compressed asset 'c:\Apps\TicketConsolidator\src\TicketConsolidator.Web\obj\Debug\net10.0-windows\compressed\xr0dhsk71a-{0}-mcc55oau0q-mcc55oau0q.gz' for 'c:\Apps\TicketConsolidator\src\TicketConsolidator.Web\wwwroot\css\glass.css'.
         Accepted compressed asset 'c:\Apps\TicketConsolidator\src\TicketConsolidator.Web\obj\Debug\net10.0-windows\compressed\n2mq5m1u6a-{0}-cmapd0fi15-cmapd0fi15.gz' for 'c:\Apps\TicketConsolidator\src\TicketConsolidator.Web\wwwroot\css\open-iconic\font\css\open-iconic-bootstrap.min.css'.
         Accepted compressed asset 'c:\Apps\TicketConsolidator\src\TicketConsolidator.Web\obj\Debug\net10.0-windows\compressed\pxtoaj9yk0-{0}-wk8x8xm0ah-wk8x8xm0ah.gz' for 'c:\Apps\TicketConsolidator\src\TicketConsolidator.Web\wwwroot\css\open-iconic\font\fonts\open-iconic.otf'.
         Accepted compressed asset 'c:\Apps\TicketConsolidator\src\TicketConsolidator.Web\obj\Debug\net10.0-windows\compressed\z5tchb8aa6-{0}-sjnzgf7e1h-sjnzgf7e1h.gz' for 'c:\Apps\TicketConsolidator\src\TicketConsolidator.Web\wwwroot\css\open-iconic\font\fonts\open-iconic.svg'.
         Accepted compressed asset 'c:\Apps\TicketConsolidator\src\TicketConsolidator.Web\obj\Debug\net10.0-windows\compressed\tzfzw3rvva-{0}-psxpu4y82n-psxpu4y82n.gz' for 'c:\Apps\TicketConsolidator\src\TicketConsolidator.Web\wwwroot\css\open-iconic\README.md'.
         Accepted compressed asset 'c:\Apps\TicketConsolidator\src\TicketConsolidator.Web\obj\Debug\net10.0-windows\compressed\27b636fk81-{0}-4rehuv7qkx-4rehuv7qkx.gz' for 'c:\Apps\TicketConsolidator\src\TicketConsolidator.Web\wwwroot\css\site.css'.
         Accepted compressed asset 'c:\Apps\TicketConsolidator\src\TicketConsolidator.Web\obj\Debug\net10.0-windows\compressed\n6410mz0ds-{0}-q8i2ynhbd1-q8i2ynhbd1.gz' for 'c:\Apps\TicketConsolidator\src\TicketConsolidator.Web\wwwroot\css\theme.css'.
         Accepted compressed asset 'c:\Apps\TicketConsolidator\src\TicketConsolidator.Web\obj\Debug\net10.0-windows\compressed\tqkhisg1gs-{0}-61n19gt1b8-61n19gt1b8.gz' for 'c:\Apps\TicketConsolidator\src\TicketConsolidator.Web\wwwroot\favicon.ico'.
         Accepted compressed asset 'c:\Apps\TicketConsolidator\src\TicketConsolidator.Web\obj\Debug\net10.0-windows\compressed\cm03tffi7x-{0}-2x18zjng45-2x18zjng45.gz' for 'c:\Apps\TicketConsolidator\src\TicketConsolidator.Web\wwwroot\js\codeEditor.js'.
         Accepted compressed asset 'c:\Apps\TicketConsolidator\src\TicketConsolidator.Web\obj\Debug\net10.0-windows\compressed\3e0p459v9g-{0}-ax6tuj8tun-ax6tuj8tun.gz' for 'C:\Users\krish.maniar.ATPL-LAP-723\.nuget\packages\microsoft.aspnetcore.app.internal.assets\10.0.3\_framework\blazor.web.js'.
         Accepted compressed asset 'c:\Apps\TicketConsolidator\src\TicketConsolidator.Web\obj\Debug\net10.0-windows\compressed\9wm8aqtc55-{0}-zr4b1gdhaw-zr4b1gdhaw.gz' for 'C:\Users\krish.maniar.ATPL-LAP-723\.nuget\packages\microsoft.aspnetcore.app.internal.assets\10.0.3\_framework\blazor.server.js'.
         Accepted compressed asset 'c:\Apps\TicketConsolidator\src\TicketConsolidator.Web\obj\Debug\net10.0-windows\compressed\z9d43jy1ju-{0}-8ob0dhgw2w-8ob0dhgw2w.gz' for 'c:\Apps\TicketConsolidator\src\TicketConsolidator.Web\obj\Debug\net10.0-windows\scopedcss\bundle\TicketConsolidator.Web.styles.css'.
         Accepted compressed asset 'c:\Apps\TicketConsolidator\src\TicketConsolidator.Web\obj\Debug\net10.0-windows\compressed\rt5ajq38dn-{0}-8ob0dhgw2w-8ob0dhgw2w.gz' for 'c:\Apps\TicketConsolidator\src\TicketConsolidator.Web\obj\Debug\net10.0-windows\scopedcss\projectbundle\TicketConsolidator.Web.bundle.scp.css'.
         Resolved 17 compressed assets for 17 candidate assets.
       Done executing task "ResolveCompressedAssets".
   6:6>Done building target "ResolveBuildCompressedStaticWebAssetsConfiguration" in project "TicketConsolidator.Web.csproj".
   6:6>Target "GenerateBuildCompressedStaticWebAssets" in file "C:\Program Files\dotnet\sdk\10.0.103\Sdks\Microsoft.NET.Sdk.StaticWebAssets\targets\Microsoft.NET.Sdk.StaticWebAssets.Compression.targets" from project "c:\Apps\TicketConsolidator\src\TicketConsolidator.Web\TicketConsolidator.Web.csproj" (target "ResolveBuildCompressedStaticWebAssets" depends on it):
       Using "GZipCompress" task from assembly "C:\Program Files\dotnet\sdk\10.0.103\Sdks\Microsoft.NET.Sdk.StaticWebAssets\targets\..\tasks\net10.0\Microsoft.NET.Sdk.StaticWebAssets.Tasks.dll".
       Task "GZipCompress"
         Created directory 'c:\Apps\TicketConsolidator\src\TicketConsolidator.Web\obj\Debug\net10.0-windows\compressed'.
         Assembly loaded during TaskRun (Microsoft.AspNetCore.StaticWebAssets.Tasks.GZipCompress): System.IO.Compression, Version=10.0.0.0, Culture=neutral, PublicKeyToken=b77a5c561934e089 (location: C:\Program Files\dotnet\shared\Microsoft.NETCore.App\10.0.3\System.IO.Compression.dll, MVID: dd0895e3-c634-4341-95da-d4306473e10d, AssemblyLoadContext: Default)
         Asset 'c:\Apps\TicketConsolidator\src\TicketConsolidator.Web\obj\Debug\net10.0-windows\compressed\w6mjy7kfdm-{0}-etnb7xlipe-etnb7xlipe.gz' found at original item spec 'wwwroot\css\bootstrap\bootstrap.min.css'.
         Asset 'c:\Apps\TicketConsolidator\src\TicketConsolidator.Web\obj\Debug\net10.0-windows\compressed\pxtoaj9yk0-{0}-wk8x8xm0ah-wk8x8xm0ah.gz' found at original item spec 'wwwroot\css\open-iconic\font\fonts\open-iconic.otf'.
         Asset 'c:\Apps\TicketConsolidator\src\TicketConsolidator.Web\obj\Debug\net10.0-windows\compressed\tzfzw3rvva-{0}-psxpu4y82n-psxpu4y82n.gz' found at original item spec 'wwwroot\css\open-iconic\README.md'.
         Asset 'c:\Apps\TicketConsolidator\src\TicketConsolidator.Web\obj\Debug\net10.0-windows\compressed\n2mq5m1u6a-{0}-cmapd0fi15-cmapd0fi15.gz' found at original item spec 'wwwroot\css\open-iconic\font\css\open-iconic-bootstrap.min.css'.
         Asset 'c:\Apps\TicketConsolidator\src\TicketConsolidator.Web\obj\Debug\net10.0-windows\compressed\z5tchb8aa6-{0}-sjnzgf7e1h-sjnzgf7e1h.gz' found at original item spec 'wwwroot\css\open-iconic\font\fonts\open-iconic.svg'.
         Skipping 'wwwroot\css\open-iconic\font\fonts\open-iconic.otf' because 'c:\Apps\TicketConsolidator\src\TicketConsolidator.Web\obj\Debug\net10.0-windows\compressed\pxtoaj9yk0-{0}-wk8x8xm0ah-wk8x8xm0ah.gz' is newer than 'wwwroot\css\open-iconic\font\fonts\open-iconic.otf'.
         Asset 'c:\Apps\TicketConsolidator\src\TicketConsolidator.Web\obj\Debug\net10.0-windows\compressed\z9d43jy1ju-{0}-8ob0dhgw2w-8ob0dhgw2w.gz' found at original item spec 'c:\Apps\TicketConsolidator\src\TicketConsolidator.Web\obj\Debug\net10.0-windows\scopedcss\bundle\TicketConsolidator.Web.styles.css'.
         Skipping 'wwwroot\css\open-iconic\README.md' because 'c:\Apps\TicketConsolidator\src\TicketConsolidator.Web\obj\Debug\net10.0-windows\compressed\tzfzw3rvva-{0}-psxpu4y82n-psxpu4y82n.gz' is newer than 'wwwroot\css\open-iconic\README.md'.
         Skipping 'wwwroot\css\bootstrap\bootstrap.min.css' because 'c:\Apps\TicketConsolidator\src\TicketConsolidator.Web\obj\Debug\net10.0-windows\compressed\w6mjy7kfdm-{0}-etnb7xlipe-etnb7xlipe.gz' is newer than 'wwwroot\css\bootstrap\bootstrap.min.css'.
         Skipping 'wwwroot\css\open-iconic\font\fonts\open-iconic.svg' because 'c:\Apps\TicketConsolidator\src\TicketConsolidator.Web\obj\Debug\net10.0-windows\compressed\z5tchb8aa6-{0}-sjnzgf7e1h-sjnzgf7e1h.gz' is newer than 'wwwroot\css\open-iconic\font\fonts\open-iconic.svg'.
         Skipping 'wwwroot\css\open-iconic\font\css\open-iconic-bootstrap.min.css' because 'c:\Apps\TicketConsolidator\src\TicketConsolidator.Web\obj\Debug\net10.0-windows\compressed\n2mq5m1u6a-{0}-cmapd0fi15-cmapd0fi15.gz' is newer than 'wwwroot\css\open-iconic\font\css\open-iconic-bootstrap.min.css'.
         Asset 'c:\Apps\TicketConsolidator\src\TicketConsolidator.Web\obj\Debug\net10.0-windows\compressed\rt5ajq38dn-{0}-8ob0dhgw2w-8ob0dhgw2w.gz' found at original item spec 'c:\Apps\TicketConsolidator\src\TicketConsolidator.Web\obj\Debug\net10.0-windows\scopedcss\projectbundle\TicketConsolidator.Web.bundle.scp.css'.
         Skipping 'c:\Apps\TicketConsolidator\src\TicketConsolidator.Web\obj\Debug\net10.0-windows\scopedcss\bundle\TicketConsolidator.Web.styles.css' because 'c:\Apps\TicketConsolidator\src\TicketConsolidator.Web\obj\Debug\net10.0-windows\compressed\z9d43jy1ju-{0}-8ob0dhgw2w-8ob0dhgw2w.gz' is newer than 'c:\Apps\TicketConsolidator\src\TicketConsolidator.Web\obj\Debug\net10.0-windows\scopedcss\bundle\TicketConsolidator.Web.styles.css'.
         Asset 'c:\Apps\TicketConsolidator\src\TicketConsolidator.Web\obj\Debug\net10.0-windows\compressed\ivst75prx6-{0}-kao5znno1s-kao5znno1s.gz' found at original item spec 'wwwroot\css\bootstrap\bootstrap.min.css.map'.
         Asset 'c:\Apps\TicketConsolidator\src\TicketConsolidator.Web\obj\Debug\net10.0-windows\compressed\n6410mz0ds-{0}-q8i2ynhbd1-q8i2ynhbd1.gz' found at original item spec 'wwwroot\css\theme.css'.
         Asset 'c:\Apps\TicketConsolidator\src\TicketConsolidator.Web\obj\Debug\net10.0-windows\compressed\tqkhisg1gs-{0}-61n19gt1b8-61n19gt1b8.gz' found at original item spec 'wwwroot\favicon.ico'.
         Asset 'c:\Apps\TicketConsolidator\src\TicketConsolidator.Web\obj\Debug\net10.0-windows\compressed\cm03tffi7x-{0}-2x18zjng45-2x18zjng45.gz' found at original item spec 'wwwroot\js\codeEditor.js'.
         Asset 'c:\Apps\TicketConsolidator\src\TicketConsolidator.Web\obj\Debug\net10.0-windows\compressed\27b636fk81-{0}-4rehuv7qkx-4rehuv7qkx.gz' found at original item spec 'wwwroot\css\site.css'.
         Skipping 'c:\Apps\TicketConsolidator\src\TicketConsolidator.Web\obj\Debug\net10.0-windows\scopedcss\projectbundle\TicketConsolidator.Web.bundle.scp.css' because 'c:\Apps\TicketConsolidator\src\TicketConsolidator.Web\obj\Debug\net10.0-windows\compressed\rt5ajq38dn-{0}-8ob0dhgw2w-8ob0dhgw2w.gz' is newer than 'c:\Apps\TicketConsolidator\src\TicketConsolidator.Web\obj\Debug\net10.0-windows\scopedcss\projectbundle\TicketConsolidator.Web.bundle.scp.css'.
         Skipping 'wwwroot\css\bootstrap\bootstrap.min.css.map' because 'c:\Apps\TicketConsolidator\src\TicketConsolidator.Web\obj\Debug\net10.0-windows\compressed\ivst75prx6-{0}-kao5znno1s-kao5znno1s.gz' is newer than 'wwwroot\css\bootstrap\bootstrap.min.css.map'.
         Skipping 'wwwroot\css\theme.css' because 'c:\Apps\TicketConsolidator\src\TicketConsolidator.Web\obj\Debug\net10.0-windows\compressed\n6410mz0ds-{0}-q8i2ynhbd1-q8i2ynhbd1.gz' is newer than 'wwwroot\css\theme.css'.
         Skipping 'wwwroot\js\codeEditor.js' because 'c:\Apps\TicketConsolidator\src\TicketConsolidator.Web\obj\Debug\net10.0-windows\compressed\cm03tffi7x-{0}-2x18zjng45-2x18zjng45.gz' is newer than 'wwwroot\js\codeEditor.js'.
         Asset 'c:\Apps\TicketConsolidator\src\TicketConsolidator.Web\obj\Debug\net10.0-windows\compressed\3e0p459v9g-{0}-ax6tuj8tun-ax6tuj8tun.gz' found at original item spec 'C:\Users\krish.maniar.ATPL-LAP-723\.nuget\packages\microsoft.aspnetcore.app.internal.assets\10.0.3\build\..\_framework\blazor.web.js'.
         Skipping 'wwwroot\favicon.ico' because 'c:\Apps\TicketConsolidator\src\TicketConsolidator.Web\obj\Debug\net10.0-windows\compressed\tqkhisg1gs-{0}-61n19gt1b8-61n19gt1b8.gz' is newer than 'wwwroot\favicon.ico'.
         Asset 'c:\Apps\TicketConsolidator\src\TicketConsolidator.Web\obj\Debug\net10.0-windows\compressed\bo61o2sihs-{0}-ff9h3twzzh-ff9h3twzzh.gz' found at original item spec 'wwwroot\css\codeEditor.css'.
         Asset 'c:\Apps\TicketConsolidator\src\TicketConsolidator.Web\obj\Debug\net10.0-windows\compressed\xr0dhsk71a-{0}-mcc55oau0q-mcc55oau0q.gz' found at original item spec 'wwwroot\css\glass.css'.
         Asset 'c:\Apps\TicketConsolidator\src\TicketConsolidator.Web\obj\Debug\net10.0-windows\compressed\9wm8aqtc55-{0}-zr4b1gdhaw-zr4b1gdhaw.gz' found at original item spec 'C:\Users\krish.maniar.ATPL-LAP-723\.nuget\packages\microsoft.aspnetcore.app.internal.assets\10.0.3\build\..\_framework\blazor.server.js'.
         Skipping 'wwwroot\css\site.css' because 'c:\Apps\TicketConsolidator\src\TicketConsolidator.Web\obj\Debug\net10.0-windows\compressed\27b636fk81-{0}-4rehuv7qkx-4rehuv7qkx.gz' is newer than 'wwwroot\css\site.css'.
         Skipping 'wwwroot\css\glass.css' because 'c:\Apps\TicketConsolidator\src\TicketConsolidator.Web\obj\Debug\net10.0-windows\compressed\xr0dhsk71a-{0}-mcc55oau0q-mcc55oau0q.gz' is newer than 'wwwroot\css\glass.css'.
         Skipping 'wwwroot\css\codeEditor.css' because 'c:\Apps\TicketConsolidator\src\TicketConsolidator.Web\obj\Debug\net10.0-windows\compressed\bo61o2sihs-{0}-ff9h3twzzh-ff9h3twzzh.gz' is newer than 'wwwroot\css\codeEditor.css'.
         Skipping 'C:\Users\krish.maniar.ATPL-LAP-723\.nuget\packages\microsoft.aspnetcore.app.internal.assets\10.0.3\build\..\_framework\blazor.server.js' because 'c:\Apps\TicketConsolidator\src\TicketConsolidator.Web\obj\Debug\net10.0-windows\compressed\9wm8aqtc55-{0}-zr4b1gdhaw-zr4b1gdhaw.gz' is newer than 'C:\Users\krish.maniar.ATPL-LAP-723\.nuget\packages\microsoft.aspnetcore.app.internal.assets\10.0.3\build\..\_framework\blazor.server.js'.
         Skipping 'C:\Users\krish.maniar.ATPL-LAP-723\.nuget\packages\microsoft.aspnetcore.app.internal.assets\10.0.3\build\..\_framework\blazor.web.js' because 'c:\Apps\TicketConsolidator\src\TicketConsolidator.Web\obj\Debug\net10.0-windows\compressed\3e0p459v9g-{0}-ax6tuj8tun-ax6tuj8tun.gz' is newer than 'C:\Users\krish.maniar.ATPL-LAP-723\.nuget\packages\microsoft.aspnetcore.app.internal.assets\10.0.3\build\..\_framework\blazor.web.js'.
         Asset 'c:\Apps\TicketConsolidator\src\TicketConsolidator.Web\obj\Debug\net10.0-windows\compressed\4pvf20j30m-{0}-i2q58c2osp-i2q58c2osp.gz' found at original item spec 'wwwroot\css\animations.css'.
         Skipping 'wwwroot\css\animations.css' because 'c:\Apps\TicketConsolidator\src\TicketConsolidator.Web\obj\Debug\net10.0-windows\compressed\4pvf20j30m-{0}-i2q58c2osp-i2q58c2osp.gz' is newer than 'wwwroot\css\animations.css'.
       Done executing task "GZipCompress".
   6:6>Done building target "GenerateBuildCompressedStaticWebAssets" in project "TicketConsolidator.Web.csproj".
   6:6>Target "ResolveBuildCompressedStaticWebAssets" in file "C:\Program Files\dotnet\sdk\10.0.103\Sdks\Microsoft.NET.Sdk.StaticWebAssets\targets\Microsoft.NET.Sdk.StaticWebAssets.Compression.targets" from project "c:\Apps\TicketConsolidator\src\TicketConsolidator.Web\TicketConsolidator.Web.csproj" (target "ResolveBuildRelatedStaticWebAssets" depends on it):
       Task "DefineStaticWebAssets"
         Cache is fully up to date.
       Done executing task "DefineStaticWebAssets".
       Task "DefineStaticWebAssetEndpoints"
         Matched TicketConsolidator.Web.styles.css.gz to text/css using pattern *.css
         Matched TicketConsolidator.Web.bundle.scp.css.gz to text/css using pattern *.css
         Matched _framework/blazor.server.js.gz to text/javascript using pattern *.js
         Adding endpoint TicketConsolidator.Web.styles.css.gz for asset c:\Apps\TicketConsolidator\src\TicketConsolidator.Web\obj\Debug\net10.0-windows\compressed\z9d43jy1ju-{0}-8ob0dhgw2w-8ob0dhgw2w.gz.
         Adding endpoint TicketConsolidator.Web.bundle.scp.css.gz for asset c:\Apps\TicketConsolidator\src\TicketConsolidator.Web\obj\Debug\net10.0-windows\compressed\rt5ajq38dn-{0}-8ob0dhgw2w-8ob0dhgw2w.gz.
         Adding endpoint _framework/blazor.server.js.gz for asset c:\Apps\TicketConsolidator\src\TicketConsolidator.Web\obj\Debug\net10.0-windows\compressed\9wm8aqtc55-{0}-zr4b1gdhaw-zr4b1gdhaw.gz.
         Matched TicketConsolidator.Web.styles.css.gz to text/css using pattern *.css
         Matched TicketConsolidator.Web.bundle.scp.css.gz to text/css using pattern *.css
         Matched _framework/blazor.server.js.gz to text/javascript using pattern *.js
         Adding endpoint TicketConsolidator.Web.8ob0dhgw2w.styles.css.gz for asset c:\Apps\TicketConsolidator\src\TicketConsolidator.Web\obj\Debug\net10.0-windows\compressed\z9d43jy1ju-{0}-8ob0dhgw2w-8ob0dhgw2w.gz.
         Adding endpoint TicketConsolidator.Web.8ob0dhgw2w.bundle.scp.css.gz for asset c:\Apps\TicketConsolidator\src\TicketConsolidator.Web\obj\Debug\net10.0-windows\compressed\rt5ajq38dn-{0}-8ob0dhgw2w-8ob0dhgw2w.gz.
         Adding endpoint _framework/blazor.server.zr4b1gdhaw.js.gz for asset c:\Apps\TicketConsolidator\src\TicketConsolidator.Web\obj\Debug\net10.0-windows\compressed\9wm8aqtc55-{0}-zr4b1gdhaw-zr4b1gdhaw.gz.
         Matched favicon.ico.gz to image/x-icon using pattern *.ico
         Adding endpoint favicon.ico.gz for asset c:\Apps\TicketConsolidator\src\TicketConsolidator.Web\obj\Debug\net10.0-windows\compressed\tqkhisg1gs-{0}-61n19gt1b8-61n19gt1b8.gz.
         Matched css/theme.css.gz to text/css using pattern *.css
         Matched css/site.css.gz to text/css using pattern *.css
         Matched favicon.ico.gz to image/x-icon using pattern *.ico
         Adding endpoint css/theme.css.gz for asset c:\Apps\TicketConsolidator\src\TicketConsolidator.Web\obj\Debug\net10.0-windows\compressed\n6410mz0ds-{0}-q8i2ynhbd1-q8i2ynhbd1.gz.
         Matched _framework/blazor.web.js.gz to text/javascript using pattern *.js
         Adding endpoint css/site.css.gz for asset c:\Apps\TicketConsolidator\src\TicketConsolidator.Web\obj\Debug\net10.0-windows\compressed\27b636fk81-{0}-4rehuv7qkx-4rehuv7qkx.gz.
         Adding endpoint favicon.61n19gt1b8.ico.gz for asset c:\Apps\TicketConsolidator\src\TicketConsolidator.Web\obj\Debug\net10.0-windows\compressed\tqkhisg1gs-{0}-61n19gt1b8-61n19gt1b8.gz.
         Matched css/theme.css.gz to text/css using pattern *.css
         Adding endpoint _framework/blazor.web.js.gz for asset c:\Apps\TicketConsolidator\src\TicketConsolidator.Web\obj\Debug\net10.0-windows\compressed\3e0p459v9g-{0}-ax6tuj8tun-ax6tuj8tun.gz.
         Matched css/site.css.gz to text/css using pattern *.css
         Matched _framework/blazor.web.js.gz to text/javascript using pattern *.js
         Adding endpoint css/site.4rehuv7qkx.css.gz for asset c:\Apps\TicketConsolidator\src\TicketConsolidator.Web\obj\Debug\net10.0-windows\compressed\27b636fk81-{0}-4rehuv7qkx-4rehuv7qkx.gz.
         Adding endpoint css/theme.q8i2ynhbd1.css.gz for asset c:\Apps\TicketConsolidator\src\TicketConsolidator.Web\obj\Debug\net10.0-windows\compressed\n6410mz0ds-{0}-q8i2ynhbd1-q8i2ynhbd1.gz.
         Matched js/codeEditor.js.gz to text/javascript using pattern *.js
         Adding endpoint _framework/blazor.web.ax6tuj8tun.js.gz for asset c:\Apps\TicketConsolidator\src\TicketConsolidator.Web\obj\Debug\net10.0-windows\compressed\3e0p459v9g-{0}-ax6tuj8tun-ax6tuj8tun.gz.
         Adding endpoint js/codeEditor.js.gz for asset c:\Apps\TicketConsolidator\src\TicketConsolidator.Web\obj\Debug\net10.0-windows\compressed\cm03tffi7x-{0}-2x18zjng45-2x18zjng45.gz.
         Matched css/open-iconic/font/fonts/open-iconic.svg.gz to image/svg+xml using pattern *.svg
         Matched js/codeEditor.js.gz to text/javascript using pattern *.js
         Adding endpoint css/open-iconic/font/fonts/open-iconic.svg.gz for asset c:\Apps\TicketConsolidator\src\TicketConsolidator.Web\obj\Debug\net10.0-windows\compressed\z5tchb8aa6-{0}-sjnzgf7e1h-sjnzgf7e1h.gz.
         Matched css/open-iconic/font/fonts/open-iconic.otf.gz to font/otf using pattern *.otf
         Matched css/open-iconic/font/css/open-iconic-bootstrap.min.css.gz to text/css using pattern *.css
         Matched css/glass.css.gz to text/css using pattern *.css
         Adding endpoint js/codeEditor.2x18zjng45.js.gz for asset c:\Apps\TicketConsolidator\src\TicketConsolidator.Web\obj\Debug\net10.0-windows\compressed\cm03tffi7x-{0}-2x18zjng45-2x18zjng45.gz.
         Adding endpoint css/open-iconic/font/css/open-iconic-bootstrap.min.css.gz for asset c:\Apps\TicketConsolidator\src\TicketConsolidator.Web\obj\Debug\net10.0-windows\compressed\n2mq5m1u6a-{0}-cmapd0fi15-cmapd0fi15.gz.
         Matched css/open-iconic/font/fonts/open-iconic.svg.gz to image/svg+xml using pattern *.svg
         Adding endpoint css/glass.css.gz for asset c:\Apps\TicketConsolidator\src\TicketConsolidator.Web\obj\Debug\net10.0-windows\compressed\xr0dhsk71a-{0}-mcc55oau0q-mcc55oau0q.gz.
         Adding endpoint css/open-iconic/font/fonts/open-iconic.otf.gz for asset c:\Apps\TicketConsolidator\src\TicketConsolidator.Web\obj\Debug\net10.0-windows\compressed\pxtoaj9yk0-{0}-wk8x8xm0ah-wk8x8xm0ah.gz.
         Adding endpoint css/open-iconic/font/fonts/open-iconic.sjnzgf7e1h.svg.gz for asset c:\Apps\TicketConsolidator\src\TicketConsolidator.Web\obj\Debug\net10.0-windows\compressed\z5tchb8aa6-{0}-sjnzgf7e1h-sjnzgf7e1h.gz.
         Matched css/open-iconic/font/css/open-iconic-bootstrap.min.css.gz to text/css using pattern *.css
         Matched css/glass.css.gz to text/css using pattern *.css
         Matched css/open-iconic/font/fonts/open-iconic.otf.gz to font/otf using pattern *.otf
         Adding endpoint css/open-iconic/font/css/open-iconic-bootstrap.min.cmapd0fi15.css.gz for asset c:\Apps\TicketConsolidator\src\TicketConsolidator.Web\obj\Debug\net10.0-windows\compressed\n2mq5m1u6a-{0}-cmapd0fi15-cmapd0fi15.gz.
         Adding endpoint css/glass.mcc55oau0q.css.gz for asset c:\Apps\TicketConsolidator\src\TicketConsolidator.Web\obj\Debug\net10.0-windows\compressed\xr0dhsk71a-{0}-mcc55oau0q-mcc55oau0q.gz.
         Matched css/open-iconic/README.md.gz to text/markdown using pattern *.md
         Matched css/codeEditor.css.gz to text/css using pattern *.css
         Matched css/animations.css.gz to text/css using pattern *.css
         Matched css/bootstrap/bootstrap.min.css.gz to text/css using pattern *.css
         Adding endpoint css/codeEditor.css.gz for asset c:\Apps\TicketConsolidator\src\TicketConsolidator.Web\obj\Debug\net10.0-windows\compressed\bo61o2sihs-{0}-ff9h3twzzh-ff9h3twzzh.gz.
         Adding endpoint css/animations.css.gz for asset c:\Apps\TicketConsolidator\src\TicketConsolidator.Web\obj\Debug\net10.0-windows\compressed\4pvf20j30m-{0}-i2q58c2osp-i2q58c2osp.gz.
         Adding endpoint css/bootstrap/bootstrap.min.css.gz for asset c:\Apps\TicketConsolidator\src\TicketConsolidator.Web\obj\Debug\net10.0-windows\compressed\w6mjy7kfdm-{0}-etnb7xlipe-etnb7xlipe.gz.
         Adding endpoint css/open-iconic/font/fonts/open-iconic.wk8x8xm0ah.otf.gz for asset c:\Apps\TicketConsolidator\src\TicketConsolidator.Web\obj\Debug\net10.0-windows\compressed\pxtoaj9yk0-{0}-wk8x8xm0ah-wk8x8xm0ah.gz.
         Matched css/animations.css.gz to text/css using pattern *.css
         Matched css/codeEditor.css.gz to text/css using pattern *.css
         Matched css/bootstrap/bootstrap.min.css.gz to text/css using pattern *.css
         Adding endpoint css/animations.i2q58c2osp.css.gz for asset c:\Apps\TicketConsolidator\src\TicketConsolidator.Web\obj\Debug\net10.0-windows\compressed\4pvf20j30m-{0}-i2q58c2osp-i2q58c2osp.gz.
         Adding endpoint css/codeEditor.ff9h3twzzh.css.gz for asset c:\Apps\TicketConsolidator\src\TicketConsolidator.Web\obj\Debug\net10.0-windows\compressed\bo61o2sihs-{0}-ff9h3twzzh-ff9h3twzzh.gz.
         Adding endpoint css/bootstrap/bootstrap.min.etnb7xlipe.css.gz for asset c:\Apps\TicketConsolidator\src\TicketConsolidator.Web\obj\Debug\net10.0-windows\compressed\w6mjy7kfdm-{0}-etnb7xlipe-etnb7xlipe.gz.
         Matched css/bootstrap/bootstrap.min.css.map.gz to text/plain using pattern *.map
         Adding endpoint css/open-iconic/README.md.gz for asset c:\Apps\TicketConsolidator\src\TicketConsolidator.Web\obj\Debug\net10.0-windows\compressed\tzfzw3rvva-{0}-psxpu4y82n-psxpu4y82n.gz.
         Adding endpoint css/bootstrap/bootstrap.min.css.map.gz for asset c:\Apps\TicketConsolidator\src\TicketConsolidator.Web\obj\Debug\net10.0-windows\compressed\ivst75prx6-{0}-kao5znno1s-kao5znno1s.gz.
         Matched css/open-iconic/README.md.gz to text/markdown using pattern *.md
         Adding endpoint css/open-iconic/README.psxpu4y82n.md.gz for asset c:\Apps\TicketConsolidator\src\TicketConsolidator.Web\obj\Debug\net10.0-windows\compressed\tzfzw3rvva-{0}-psxpu4y82n-psxpu4y82n.gz.
         Matched css/bootstrap/bootstrap.min.css.map.gz to text/plain using pattern *.map
         Adding endpoint css/bootstrap/bootstrap.min.css.kao5znno1s.map.gz for asset c:\Apps\TicketConsolidator\src\TicketConsolidator.Web\obj\Debug\net10.0-windows\compressed\ivst75prx6-{0}-kao5znno1s-kao5znno1s.gz.
       Done executing task "DefineStaticWebAssetEndpoints".
       Using "ApplyCompressionNegotiation" task from assembly "C:\Program Files\dotnet\sdk\10.0.103\Sdks\Microsoft.NET.Sdk.StaticWebAssets\targets\..\tasks\net10.0\Microsoft.NET.Sdk.StaticWebAssets.Tasks.dll".
       Task "ApplyCompressionNegotiation"
         Processing compressed asset: c:\Apps\TicketConsolidator\src\TicketConsolidator.Web\obj\Debug\net10.0-windows\compressed\rt5ajq38dn-{0}-8ob0dhgw2w-8ob0dhgw2w.gz
   5:6>MarkupCompilePass1:
         Input file 'c:\Apps\TicketConsolidator\src\TicketConsolidator.UI\Views\DashboardView.xaml' is resolved to new relative path 'Views\DashboardView.xaml' at directory 'c:\Apps\TicketConsolidator\src\TicketConsolidator.UI\'.
   6:6>ResolveBuildCompressedStaticWebAssets:
           Updated endpoint 'TicketConsolidator.Web.bundle.scp.css.gz' with Content-Encoding and Vary headers
         Processing related endpoint 'TicketConsolidator.Web.bundle.scp.css'
           Created Content-Encoding selector for compressed asset 'gzip' with size '0.001146788991' is 'TicketConsolidator.Web.bundle.scp.css'
           Adding original-resource endpoint property for related endpoint 'TicketConsolidator.Web.bundle.scp.css'
           Adding header 'Cache-Control' to related endpoint 'TicketConsolidator.Web.bundle.scp.css'
           Adding header 'Content-Encoding' to related endpoint 'TicketConsolidator.Web.bundle.scp.css'
           Adding header 'Content-Length' to related endpoint 'TicketConsolidator.Web.bundle.scp.css'
           Skipping Content-Type header for related endpoint 'TicketConsolidator.Web.bundle.scp.css'
           Adding header 'ETag' to related endpoint 'TicketConsolidator.Web.bundle.scp.css'
           Adding header 'Last-Modified' to related endpoint 'TicketConsolidator.Web.bundle.scp.css'
           Adding header 'Vary' to related endpoint 'TicketConsolidator.Web.bundle.scp.css'
           Skipping header 'Cache-Control' for related endpoint 'TicketConsolidator.Web.bundle.scp.css'
           Skipping header 'Content-Length' for related endpoint 'TicketConsolidator.Web.bundle.scp.css'
         Adding Content-Type 'text/css' header to related endpoint 'TicketConsolidator.Web.bundle.scp.css'
           Skipping header 'ETag' for related endpoint 'TicketConsolidator.Web.bundle.scp.css'
           Skipping header 'Last-Modified' for related endpoint 'TicketConsolidator.Web.bundle.scp.css'
           Updated related endpoint 'TicketConsolidator.Web.bundle.scp.css' with Content-Encoding selector 'gzip=0.001146788991'
           Adding Vary response header to related endpoint 'TicketConsolidator.Web.bundle.scp.css'
           Updated endpoint 'TicketConsolidator.Web.8ob0dhgw2w.bundle.scp.css.gz' with Content-Encoding and Vary headers
         Processing related endpoint 'TicketConsolidator.Web.8ob0dhgw2w.bundle.scp.css'
           Created Content-Encoding selector for compressed asset 'gzip' with size '0.001146788991' is 'TicketConsolidator.Web.8ob0dhgw2w.bundle.scp.css'
           Adding original-resource endpoint property for related endpoint 'TicketConsolidator.Web.8ob0dhgw2w.bundle.scp.css'
           Adding header 'Cache-Control' to related endpoint 'TicketConsolidator.Web.8ob0dhgw2w.bundle.scp.css'
           Adding header 'Content-Encoding' to related endpoint 'TicketConsolidator.Web.8ob0dhgw2w.bundle.scp.css'
           Adding header 'Content-Length' to related endpoint 'TicketConsolidator.Web.8ob0dhgw2w.bundle.scp.css'
           Skipping Content-Type header for related endpoint 'TicketConsolidator.Web.8ob0dhgw2w.bundle.scp.css'
           Adding header 'ETag' to related endpoint 'TicketConsolidator.Web.8ob0dhgw2w.bundle.scp.css'
           Adding header 'Last-Modified' to related endpoint 'TicketConsolidator.Web.8ob0dhgw2w.bundle.scp.css'
           Adding header 'Vary' to related endpoint 'TicketConsolidator.Web.8ob0dhgw2w.bundle.scp.css'
           Skipping header 'Cache-Control' for related endpoint 'TicketConsolidator.Web.8ob0dhgw2w.bundle.scp.css'
           Skipping header 'Content-Length' for related endpoint 'TicketConsolidator.Web.8ob0dhgw2w.bundle.scp.css'
         Adding Content-Type 'text/css' header to related endpoint 'TicketConsolidator.Web.8ob0dhgw2w.bundle.scp.css'
           Skipping header 'ETag' for related endpoint 'TicketConsolidator.Web.8ob0dhgw2w.bundle.scp.css'
           Skipping header 'Last-Modified' for related endpoint 'TicketConsolidator.Web.8ob0dhgw2w.bundle.scp.css'
           Updated related endpoint 'TicketConsolidator.Web.8ob0dhgw2w.bundle.scp.css' with Content-Encoding selector 'gzip=0.001146788991'
           Adding Vary response header to related endpoint 'TicketConsolidator.Web.8ob0dhgw2w.bundle.scp.css'
         Processing compressed asset: c:\Apps\TicketConsolidator\src\TicketConsolidator.Web\obj\Debug\net10.0-windows\compressed\z9d43jy1ju-{0}-8ob0dhgw2w-8ob0dhgw2w.gz
           Updated endpoint 'TicketConsolidator.Web.styles.css.gz' with Content-Encoding and Vary headers
         Processing related endpoint 'TicketConsolidator.Web.styles.css'
           Created Content-Encoding selector for compressed asset 'gzip' with size '0.001146788991' is 'TicketConsolidator.Web.styles.css'
           Adding original-resource endpoint property for related endpoint 'TicketConsolidator.Web.styles.css'
           Adding header 'Cache-Control' to related endpoint 'TicketConsolidator.Web.styles.css'
           Adding header 'Content-Encoding' to related endpoint 'TicketConsolidator.Web.styles.css'
           Adding header 'Content-Length' to related endpoint 'TicketConsolidator.Web.styles.css'
           Skipping Content-Type header for related endpoint 'TicketConsolidator.Web.styles.css'
           Adding header 'ETag' to related endpoint 'TicketConsolidator.Web.styles.css'
           Adding header 'Last-Modified' to related endpoint 'TicketConsolidator.Web.styles.css'
           Adding header 'Vary' to related endpoint 'TicketConsolidator.Web.styles.css'
           Skipping header 'Cache-Control' for related endpoint 'TicketConsolidator.Web.styles.css'
           Skipping header 'Content-Length' for related endpoint 'TicketConsolidator.Web.styles.css'
         Adding Content-Type 'text/css' header to related endpoint 'TicketConsolidator.Web.styles.css'
           Skipping header 'ETag' for related endpoint 'TicketConsolidator.Web.styles.css'
           Skipping header 'Last-Modified' for related endpoint 'TicketConsolidator.Web.styles.css'
           Updated related endpoint 'TicketConsolidator.Web.styles.css' with Content-Encoding selector 'gzip=0.001146788991'
           Adding Vary response header to related endpoint 'TicketConsolidator.Web.styles.css'
           Updated endpoint 'TicketConsolidator.Web.8ob0dhgw2w.styles.css.gz' with Content-Encoding and Vary headers
         Processing related endpoint 'TicketConsolidator.Web.8ob0dhgw2w.styles.css'
           Created Content-Encoding selector for compressed asset 'gzip' with size '0.001146788991' is 'TicketConsolidator.Web.8ob0dhgw2w.styles.css'
           Adding original-resource endpoint property for related endpoint 'TicketConsolidator.Web.8ob0dhgw2w.styles.css'
           Adding header 'Cache-Control' to related endpoint 'TicketConsolidator.Web.8ob0dhgw2w.styles.css'
           Adding header 'Content-Encoding' to related endpoint 'TicketConsolidator.Web.8ob0dhgw2w.styles.css'
           Adding header 'Content-Length' to related endpoint 'TicketConsolidator.Web.8ob0dhgw2w.styles.css'
           Skipping Content-Type header for related endpoint 'TicketConsolidator.Web.8ob0dhgw2w.styles.css'
           Adding header 'ETag' to related endpoint 'TicketConsolidator.Web.8ob0dhgw2w.styles.css'
           Adding header 'Last-Modified' to related endpoint 'TicketConsolidator.Web.8ob0dhgw2w.styles.css'
           Adding header 'Vary' to related endpoint 'TicketConsolidator.Web.8ob0dhgw2w.styles.css'
           Skipping header 'Cache-Control' for related endpoint 'TicketConsolidator.Web.8ob0dhgw2w.styles.css'
           Skipping header 'Content-Length' for related endpoint 'TicketConsolidator.Web.8ob0dhgw2w.styles.css'
         Adding Content-Type 'text/css' header to related endpoint 'TicketConsolidator.Web.8ob0dhgw2w.styles.css'
           Skipping header 'ETag' for related endpoint 'TicketConsolidator.Web.8ob0dhgw2w.styles.css'
           Skipping header 'Last-Modified' for related endpoint 'TicketConsolidator.Web.8ob0dhgw2w.styles.css'
           Updated related endpoint 'TicketConsolidator.Web.8ob0dhgw2w.styles.css' with Content-Encoding selector 'gzip=0.001146788991'
           Adding Vary response header to related endpoint 'TicketConsolidator.Web.8ob0dhgw2w.styles.css'
         Processing compressed asset: c:\Apps\TicketConsolidator\src\TicketConsolidator.Web\obj\Debug\net10.0-windows\compressed\9wm8aqtc55-{0}-zr4b1gdhaw-zr4b1gdhaw.gz
           Updated endpoint '_framework/blazor.server.js.gz' with Content-Encoding and Vary headers
         Processing related endpoint '_framework/blazor.server.js'
           Created Content-Encoding selector for compressed asset 'gzip' with size '0.000022394912' is '_framework/blazor.server.js'
           Adding original-resource endpoint property for related endpoint '_framework/blazor.server.js'
           Adding header 'Cache-Control' to related endpoint '_framework/blazor.server.js'
           Adding header 'Content-Encoding' to related endpoint '_framework/blazor.server.js'
           Adding header 'Content-Length' to related endpoint '_framework/blazor.server.js'
           Skipping Content-Type header for related endpoint '_framework/blazor.server.js'
           Adding header 'ETag' to related endpoint '_framework/blazor.server.js'
           Adding header 'Last-Modified' to related endpoint '_framework/blazor.server.js'
           Adding header 'Vary' to related endpoint '_framework/blazor.server.js'
           Skipping header 'Cache-Control' for related endpoint '_framework/blazor.server.js'
           Skipping header 'Content-Length' for related endpoint '_framework/blazor.server.js'
         Adding Content-Type 'text/javascript' header to related endpoint '_framework/blazor.server.js'
           Skipping header 'ETag' for related endpoint '_framework/blazor.server.js'
           Skipping header 'Last-Modified' for related endpoint '_framework/blazor.server.js'
           Updated related endpoint '_framework/blazor.server.js' with Content-Encoding selector 'gzip=0.000022394912'
           Adding Vary response header to related endpoint '_framework/blazor.server.js'
           Updated endpoint '_framework/blazor.server.zr4b1gdhaw.js.gz' with Content-Encoding and Vary headers
         Processing related endpoint '_framework/blazor.server.zr4b1gdhaw.js'
           Created Content-Encoding selector for compressed asset 'gzip' with size '0.000022394912' is '_framework/blazor.server.zr4b1gdhaw.js'
           Adding original-resource endpoint property for related endpoint '_framework/blazor.server.zr4b1gdhaw.js'
           Adding header 'Cache-Control' to related endpoint '_framework/blazor.server.zr4b1gdhaw.js'
           Adding header 'Content-Encoding' to related endpoint '_framework/blazor.server.zr4b1gdhaw.js'
           Adding header 'Content-Length' to related endpoint '_framework/blazor.server.zr4b1gdhaw.js'
           Skipping Content-Type header for related endpoint '_framework/blazor.server.zr4b1gdhaw.js'
           Adding header 'ETag' to related endpoint '_framework/blazor.server.zr4b1gdhaw.js'
           Adding header 'Last-Modified' to related endpoint '_framework/blazor.server.zr4b1gdhaw.js'
           Adding header 'Vary' to related endpoint '_framework/blazor.server.zr4b1gdhaw.js'
           Skipping header 'Cache-Control' for related endpoint '_framework/blazor.server.zr4b1gdhaw.js'
           Skipping header 'Content-Length' for related endpoint '_framework/blazor.server.zr4b1gdhaw.js'
         Adding Content-Type 'text/javascript' header to related endpoint '_framework/blazor.server.zr4b1gdhaw.js'
           Skipping header 'ETag' for related endpoint '_framework/blazor.server.zr4b1gdhaw.js'
           Skipping header 'Last-Modified' for related endpoint '_framework/blazor.server.zr4b1gdhaw.js'
           Updated related endpoint '_framework/blazor.server.zr4b1gdhaw.js' with Content-Encoding selector 'gzip=0.000022394912'
           Adding Vary response header to related endpoint '_framework/blazor.server.zr4b1gdhaw.js'
         Processing compressed asset: c:\Apps\TicketConsolidator\src\TicketConsolidator.Web\obj\Debug\net10.0-windows\compressed\3e0p459v9g-{0}-ax6tuj8tun-ax6tuj8tun.gz
           Updated endpoint '_framework/blazor.web.js.gz' with Content-Encoding and Vary headers
         Processing related endpoint '_framework/blazor.web.js'
           Created Content-Encoding selector for compressed asset 'gzip' with size '0.000017975912' is '_framework/blazor.web.js'
           Adding original-resource endpoint property for related endpoint '_framework/blazor.web.js'
           Adding header 'Cache-Control' to related endpoint '_framework/blazor.web.js'
           Adding header 'Content-Encoding' to related endpoint '_framework/blazor.web.js'
           Adding header 'Content-Length' to related endpoint '_framework/blazor.web.js'
           Skipping Content-Type header for related endpoint '_framework/blazor.web.js'
           Adding header 'ETag' to related endpoint '_framework/blazor.web.js'
           Adding header 'Last-Modified' to related endpoint '_framework/blazor.web.js'
           Adding header 'Vary' to related endpoint '_framework/blazor.web.js'
           Skipping header 'Cache-Control' for related endpoint '_framework/blazor.web.js'
           Skipping header 'Content-Length' for related endpoint '_framework/blazor.web.js'
         Adding Content-Type 'text/javascript' header to related endpoint '_framework/blazor.web.js'
           Skipping header 'ETag' for related endpoint '_framework/blazor.web.js'
           Skipping header 'Last-Modified' for related endpoint '_framework/blazor.web.js'
           Updated related endpoint '_framework/blazor.web.js' with Content-Encoding selector 'gzip=0.000017975912'
           Adding Vary response header to related endpoint '_framework/blazor.web.js'
           Updated endpoint '_framework/blazor.web.ax6tuj8tun.js.gz' with Content-Encoding and Vary headers
         Processing related endpoint '_framework/blazor.web.ax6tuj8tun.js'
           Created Content-Encoding selector for compressed asset 'gzip' with size '0.000017975912' is '_framework/blazor.web.ax6tuj8tun.js'
           Adding original-resource endpoint property for related endpoint '_framework/blazor.web.ax6tuj8tun.js'
           Adding header 'Cache-Control' to related endpoint '_framework/blazor.web.ax6tuj8tun.js'
           Adding header 'Content-Encoding' to related endpoint '_framework/blazor.web.ax6tuj8tun.js'
           Adding header 'Content-Length' to related endpoint '_framework/blazor.web.ax6tuj8tun.js'
           Skipping Content-Type header for related endpoint '_framework/blazor.web.ax6tuj8tun.js'
           Adding header 'ETag' to related endpoint '_framework/blazor.web.ax6tuj8tun.js'
           Adding header 'Last-Modified' to related endpoint '_framework/blazor.web.ax6tuj8tun.js'
           Adding header 'Vary' to related endpoint '_framework/blazor.web.ax6tuj8tun.js'
           Skipping header 'Cache-Control' for related endpoint '_framework/blazor.web.ax6tuj8tun.js'
           Skipping header 'Content-Length' for related endpoint '_framework/blazor.web.ax6tuj8tun.js'
         Adding Content-Type 'text/javascript' header to related endpoint '_framework/blazor.web.ax6tuj8tun.js'
           Skipping header 'ETag' for related endpoint '_framework/blazor.web.ax6tuj8tun.js'
           Skipping header 'Last-Modified' for related endpoint '_framework/blazor.web.ax6tuj8tun.js'
           Updated related endpoint '_framework/blazor.web.ax6tuj8tun.js' with Content-Encoding selector 'gzip=0.000017975912'
           Adding Vary response header to related endpoint '_framework/blazor.web.ax6tuj8tun.js'
         Processing compressed asset: c:\Apps\TicketConsolidator\src\TicketConsolidator.Web\obj\Debug\net10.0-windows\compressed\cm03tffi7x-{0}-2x18zjng45-2x18zjng45.gz
           Updated endpoint 'js/codeEditor.js.gz' with Content-Encoding and Vary headers
         Processing related endpoint 'js/codeEditor.js'
           Created Content-Encoding selector for compressed asset 'gzip' with size '0.001055966209' is 'js/codeEditor.js'
           Adding original-resource endpoint property for related endpoint 'js/codeEditor.js'
           Adding header 'Cache-Control' to related endpoint 'js/codeEditor.js'
           Adding header 'Content-Encoding' to related endpoint 'js/codeEditor.js'
           Adding header 'Content-Length' to related endpoint 'js/codeEditor.js'
           Skipping Content-Type header for related endpoint 'js/codeEditor.js'
           Adding header 'ETag' to related endpoint 'js/codeEditor.js'
           Adding header 'Last-Modified' to related endpoint 'js/codeEditor.js'
           Adding header 'Vary' to related endpoint 'js/codeEditor.js'
           Skipping header 'Cache-Control' for related endpoint 'js/codeEditor.js'
           Skipping header 'Content-Length' for related endpoint 'js/codeEditor.js'
         Adding Content-Type 'text/javascript' header to related endpoint 'js/codeEditor.js'
           Skipping header 'ETag' for related endpoint 'js/codeEditor.js'
           Skipping header 'Last-Modified' for related endpoint 'js/codeEditor.js'
           Updated related endpoint 'js/codeEditor.js' with Content-Encoding selector 'gzip=0.001055966209'
           Adding Vary response header to related endpoint 'js/codeEditor.js'
           Updated endpoint 'js/codeEditor.2x18zjng45.js.gz' with Content-Encoding and Vary headers
         Processing related endpoint 'js/codeEditor.2x18zjng45.js'
           Created Content-Encoding selector for compressed asset 'gzip' with size '0.001055966209' is 'js/codeEditor.2x18zjng45.js'
           Adding original-resource endpoint property for related endpoint 'js/codeEditor.2x18zjng45.js'
           Adding header 'Cache-Control' to related endpoint 'js/codeEditor.2x18zjng45.js'
           Adding header 'Content-Encoding' to related endpoint 'js/codeEditor.2x18zjng45.js'
           Adding header 'Content-Length' to related endpoint 'js/codeEditor.2x18zjng45.js'
           Skipping Content-Type header for related endpoint 'js/codeEditor.2x18zjng45.js'
           Adding header 'ETag' to related endpoint 'js/codeEditor.2x18zjng45.js'
           Adding header 'Last-Modified' to related endpoint 'js/codeEditor.2x18zjng45.js'
           Adding header 'Vary' to related endpoint 'js/codeEditor.2x18zjng45.js'
           Skipping header 'Cache-Control' for related endpoint 'js/codeEditor.2x18zjng45.js'
           Skipping header 'Content-Length' for related endpoint 'js/codeEditor.2x18zjng45.js'
         Adding Content-Type 'text/javascript' header to related endpoint 'js/codeEditor.2x18zjng45.js'
           Skipping header 'ETag' for related endpoint 'js/codeEditor.2x18zjng45.js'
           Skipping header 'Last-Modified' for related endpoint 'js/codeEditor.2x18zjng45.js'
           Updated related endpoint 'js/codeEditor.2x18zjng45.js' with Content-Encoding selector 'gzip=0.001055966209'
           Adding Vary response header to related endpoint 'js/codeEditor.2x18zjng45.js'
         Processing compressed asset: c:\Apps\TicketConsolidator\src\TicketConsolidator.Web\obj\Debug\net10.0-windows\compressed\tqkhisg1gs-{0}-61n19gt1b8-61n19gt1b8.gz
           Updated endpoint 'favicon.ico.gz' with Content-Encoding and Vary headers
         Processing related endpoint 'favicon.ico'
           Created Content-Encoding selector for compressed asset 'gzip' with size '0.000405022276' is 'favicon.ico'
           Adding original-resource endpoint property for related endpoint 'favicon.ico'
           Adding header 'Cache-Control' to related endpoint 'favicon.ico'
           Adding header 'Content-Encoding' to related endpoint 'favicon.ico'
           Adding header 'Content-Length' to related endpoint 'favicon.ico'
           Skipping Content-Type header for related endpoint 'favicon.ico'
           Adding header 'ETag' to related endpoint 'favicon.ico'
           Adding header 'Last-Modified' to related endpoint 'favicon.ico'
           Adding header 'Vary' to related endpoint 'favicon.ico'
           Skipping header 'Cache-Control' for related endpoint 'favicon.ico'
           Skipping header 'Content-Length' for related endpoint 'favicon.ico'
         Adding Content-Type 'image/x-icon' header to related endpoint 'favicon.ico'
           Skipping header 'ETag' for related endpoint 'favicon.ico'
           Skipping header 'Last-Modified' for related endpoint 'favicon.ico'
           Updated related endpoint 'favicon.ico' with Content-Encoding selector 'gzip=0.000405022276'
           Adding Vary response header to related endpoint 'favicon.ico'
           Updated endpoint 'favicon.61n19gt1b8.ico.gz' with Content-Encoding and Vary headers
         Processing related endpoint 'favicon.61n19gt1b8.ico'
           Created Content-Encoding selector for compressed asset 'gzip' with size '0.000405022276' is 'favicon.61n19gt1b8.ico'
           Adding original-resource endpoint property for related endpoint 'favicon.61n19gt1b8.ico'
           Adding header 'Cache-Control' to related endpoint 'favicon.61n19gt1b8.ico'
           Adding header 'Content-Encoding' to related endpoint 'favicon.61n19gt1b8.ico'
           Adding header 'Content-Length' to related endpoint 'favicon.61n19gt1b8.ico'
           Skipping Content-Type header for related endpoint 'favicon.61n19gt1b8.ico'
           Adding header 'ETag' to related endpoint 'favicon.61n19gt1b8.ico'
           Adding header 'Last-Modified' to related endpoint 'favicon.61n19gt1b8.ico'
           Adding header 'Vary' to related endpoint 'favicon.61n19gt1b8.ico'
           Skipping header 'Cache-Control' for related endpoint 'favicon.61n19gt1b8.ico'
           Skipping header 'Content-Length' for related endpoint 'favicon.61n19gt1b8.ico'
         Adding Content-Type 'image/x-icon' header to related endpoint 'favicon.61n19gt1b8.ico'
           Skipping header 'ETag' for related endpoint 'favicon.61n19gt1b8.ico'
           Skipping header 'Last-Modified' for related endpoint 'favicon.61n19gt1b8.ico'
           Updated related endpoint 'favicon.61n19gt1b8.ico' with Content-Encoding selector 'gzip=0.000405022276'
           Adding Vary response header to related endpoint 'favicon.61n19gt1b8.ico'
         Processing compressed asset: c:\Apps\TicketConsolidator\src\TicketConsolidator.Web\obj\Debug\net10.0-windows\compressed\n6410mz0ds-{0}-q8i2ynhbd1-q8i2ynhbd1.gz
           Updated endpoint 'css/theme.css.gz' with Content-Encoding and Vary headers
         Processing related endpoint 'css/theme.css'
           Created Content-Encoding selector for compressed asset 'gzip' with size '0.000364963504' is 'css/theme.css'
           Adding original-resource endpoint property for related endpoint 'css/theme.css'
           Adding header 'Cache-Control' to related endpoint 'css/theme.css'
           Adding header 'Content-Encoding' to related endpoint 'css/theme.css'
           Adding header 'Content-Length' to related endpoint 'css/theme.css'
           Skipping Content-Type header for related endpoint 'css/theme.css'
           Adding header 'ETag' to related endpoint 'css/theme.css'
           Adding header 'Last-Modified' to related endpoint 'css/theme.css'
           Adding header 'Vary' to related endpoint 'css/theme.css'
           Skipping header 'Cache-Control' for related endpoint 'css/theme.css'
           Skipping header 'Content-Length' for related endpoint 'css/theme.css'
         Adding Content-Type 'text/css' header to related endpoint 'css/theme.css'
           Skipping header 'ETag' for related endpoint 'css/theme.css'
           Skipping header 'Last-Modified' for related endpoint 'css/theme.css'
           Updated related endpoint 'css/theme.css' with Content-Encoding selector 'gzip=0.000364963504'
           Adding Vary response header to related endpoint 'css/theme.css'
           Updated endpoint 'css/theme.q8i2ynhbd1.css.gz' with Content-Encoding and Vary headers
         Processing related endpoint 'css/theme.q8i2ynhbd1.css'
           Created Content-Encoding selector for compressed asset 'gzip' with size '0.000364963504' is 'css/theme.q8i2ynhbd1.css'
           Adding original-resource endpoint property for related endpoint 'css/theme.q8i2ynhbd1.css'
           Adding header 'Cache-Control' to related endpoint 'css/theme.q8i2ynhbd1.css'
           Adding header 'Content-Encoding' to related endpoint 'css/theme.q8i2ynhbd1.css'
           Adding header 'Content-Length' to related endpoint 'css/theme.q8i2ynhbd1.css'
           Skipping Content-Type header for related endpoint 'css/theme.q8i2ynhbd1.css'
           Adding header 'ETag' to related endpoint 'css/theme.q8i2ynhbd1.css'
           Adding header 'Last-Modified' to related endpoint 'css/theme.q8i2ynhbd1.css'
           Adding header 'Vary' to related endpoint 'css/theme.q8i2ynhbd1.css'
           Skipping header 'Cache-Control' for related endpoint 'css/theme.q8i2ynhbd1.css'
           Skipping header 'Content-Length' for related endpoint 'css/theme.q8i2ynhbd1.css'
         Adding Content-Type 'text/css' header to related endpoint 'css/theme.q8i2ynhbd1.css'
           Skipping header 'ETag' for related endpoint 'css/theme.q8i2ynhbd1.css'
           Skipping header 'Last-Modified' for related endpoint 'css/theme.q8i2ynhbd1.css'
           Updated related endpoint 'css/theme.q8i2ynhbd1.css' with Content-Encoding selector 'gzip=0.000364963504'
           Adding Vary response header to related endpoint 'css/theme.q8i2ynhbd1.css'
         Processing compressed asset: c:\Apps\TicketConsolidator\src\TicketConsolidator.Web\obj\Debug\net10.0-windows\compressed\27b636fk81-{0}-4rehuv7qkx-4rehuv7qkx.gz
           Updated endpoint 'css/site.css.gz' with Content-Encoding and Vary headers
         Processing related endpoint 'css/site.css'
           Created Content-Encoding selector for compressed asset 'gzip' with size '0.002109704641' is 'css/site.css'
           Adding original-resource endpoint property for related endpoint 'css/site.css'
           Adding header 'Cache-Control' to related endpoint 'css/site.css'
           Adding header 'Content-Encoding' to related endpoint 'css/site.css'
           Adding header 'Content-Length' to related endpoint 'css/site.css'
           Skipping Content-Type header for related endpoint 'css/site.css'
           Adding header 'ETag' to related endpoint 'css/site.css'
           Adding header 'Last-Modified' to related endpoint 'css/site.css'
           Adding header 'Vary' to related endpoint 'css/site.css'
           Skipping header 'Cache-Control' for related endpoint 'css/site.css'
           Skipping header 'Content-Length' for related endpoint 'css/site.css'
         Adding Content-Type 'text/css' header to related endpoint 'css/site.css'
           Skipping header 'ETag' for related endpoint 'css/site.css'
           Skipping header 'Last-Modified' for related endpoint 'css/site.css'
           Updated related endpoint 'css/site.css' with Content-Encoding selector 'gzip=0.002109704641'
           Adding Vary response header to related endpoint 'css/site.css'
           Updated endpoint 'css/site.4rehuv7qkx.css.gz' with Content-Encoding and Vary headers
         Processing related endpoint 'css/site.4rehuv7qkx.css'
           Created Content-Encoding selector for compressed asset 'gzip' with size '0.002109704641' is 'css/site.4rehuv7qkx.css'
           Adding original-resource endpoint property for related endpoint 'css/site.4rehuv7qkx.css'
           Adding header 'Cache-Control' to related endpoint 'css/site.4rehuv7qkx.css'
           Adding header 'Content-Encoding' to related endpoint 'css/site.4rehuv7qkx.css'
           Adding header 'Content-Length' to related endpoint 'css/site.4rehuv7qkx.css'
           Skipping Content-Type header for related endpoint 'css/site.4rehuv7qkx.css'
           Adding header 'ETag' to related endpoint 'css/site.4rehuv7qkx.css'
           Adding header 'Last-Modified' to related endpoint 'css/site.4rehuv7qkx.css'
           Adding header 'Vary' to related endpoint 'css/site.4rehuv7qkx.css'
           Skipping header 'Cache-Control' for related endpoint 'css/site.4rehuv7qkx.css'
           Skipping header 'Content-Length' for related endpoint 'css/site.4rehuv7qkx.css'
         Adding Content-Type 'text/css' header to related endpoint 'css/site.4rehuv7qkx.css'
           Skipping header 'ETag' for related endpoint 'css/site.4rehuv7qkx.css'
           Skipping header 'Last-Modified' for related endpoint 'css/site.4rehuv7qkx.css'
           Updated related endpoint 'css/site.4rehuv7qkx.css' with Content-Encoding selector 'gzip=0.002109704641'
           Adding Vary response header to related endpoint 'css/site.4rehuv7qkx.css'
         Processing compressed asset: c:\Apps\TicketConsolidator\src\TicketConsolidator.Web\obj\Debug\net10.0-windows\compressed\tzfzw3rvva-{0}-psxpu4y82n-psxpu4y82n.gz
           Updated endpoint 'css/open-iconic/README.md.gz' with Content-Encoding and Vary headers
         Processing related endpoint 'css/open-iconic/README.md'
           Created Content-Encoding selector for compressed asset 'gzip' with size '0.000671140940' is 'css/open-iconic/README.md'
           Adding original-resource endpoint property for related endpoint 'css/open-iconic/README.md'
           Adding header 'Cache-Control' to related endpoint 'css/open-iconic/README.md'
           Adding header 'Content-Encoding' to related endpoint 'css/open-iconic/README.md'
           Adding header 'Content-Length' to related endpoint 'css/open-iconic/README.md'
           Skipping Content-Type header for related endpoint 'css/open-iconic/README.md'
           Adding header 'ETag' to related endpoint 'css/open-iconic/README.md'
           Adding header 'Last-Modified' to related endpoint 'css/open-iconic/README.md'
           Adding header 'Vary' to related endpoint 'css/open-iconic/README.md'
           Skipping header 'Cache-Control' for related endpoint 'css/open-iconic/README.md'
           Skipping header 'Content-Length' for related endpoint 'css/open-iconic/README.md'
         Adding Content-Type 'text/markdown' header to related endpoint 'css/open-iconic/README.md'
           Skipping header 'ETag' for related endpoint 'css/open-iconic/README.md'
           Skipping header 'Last-Modified' for related endpoint 'css/open-iconic/README.md'
           Updated related endpoint 'css/open-iconic/README.md' with Content-Encoding selector 'gzip=0.000671140940'
           Adding Vary response header to related endpoint 'css/open-iconic/README.md'
           Updated endpoint 'css/open-iconic/README.psxpu4y82n.md.gz' with Content-Encoding and Vary headers
         Processing related endpoint 'css/open-iconic/README.psxpu4y82n.md'
           Created Content-Encoding selector for compressed asset 'gzip' with size '0.000671140940' is 'css/open-iconic/README.psxpu4y82n.md'
           Adding original-resource endpoint property for related endpoint 'css/open-iconic/README.psxpu4y82n.md'
           Adding header 'Cache-Control' to related endpoint 'css/open-iconic/README.psxpu4y82n.md'
           Adding header 'Content-Encoding' to related endpoint 'css/open-iconic/README.psxpu4y82n.md'
           Adding header 'Content-Length' to related endpoint 'css/open-iconic/README.psxpu4y82n.md'
           Skipping Content-Type header for related endpoint 'css/open-iconic/README.psxpu4y82n.md'
           Adding header 'ETag' to related endpoint 'css/open-iconic/README.psxpu4y82n.md'
           Adding header 'Last-Modified' to related endpoint 'css/open-iconic/README.psxpu4y82n.md'
           Adding header 'Vary' to related endpoint 'css/open-iconic/README.psxpu4y82n.md'
           Skipping header 'Cache-Control' for related endpoint 'css/open-iconic/README.psxpu4y82n.md'
           Skipping header 'Content-Length' for related endpoint 'css/open-iconic/README.psxpu4y82n.md'
         Adding Content-Type 'text/markdown' header to related endpoint 'css/open-iconic/README.psxpu4y82n.md'
           Skipping header 'ETag' for related endpoint 'css/open-iconic/README.psxpu4y82n.md'
           Skipping header 'Last-Modified' for related endpoint 'css/open-iconic/README.psxpu4y82n.md'
           Updated related endpoint 'css/open-iconic/README.psxpu4y82n.md' with Content-Encoding selector 'gzip=0.000671140940'
           Adding Vary response header to related endpoint 'css/open-iconic/README.psxpu4y82n.md'
         Processing compressed asset: c:\Apps\TicketConsolidator\src\TicketConsolidator.Web\obj\Debug\net10.0-windows\compressed\z5tchb8aa6-{0}-sjnzgf7e1h-sjnzgf7e1h.gz
           Updated endpoint 'css/open-iconic/font/fonts/open-iconic.svg.gz' with Content-Encoding and Vary headers
         Processing related endpoint 'css/open-iconic/font/fonts/open-iconic.svg'
           Created Content-Encoding selector for compressed asset 'gzip' with size '0.000074266617' is 'css/open-iconic/font/fonts/open-iconic.svg'
           Adding original-resource endpoint property for related endpoint 'css/open-iconic/font/fonts/open-iconic.svg'
           Adding header 'Cache-Control' to related endpoint 'css/open-iconic/font/fonts/open-iconic.svg'
           Adding header 'Content-Encoding' to related endpoint 'css/open-iconic/font/fonts/open-iconic.svg'
           Adding header 'Content-Length' to related endpoint 'css/open-iconic/font/fonts/open-iconic.svg'
           Skipping Content-Type header for related endpoint 'css/open-iconic/font/fonts/open-iconic.svg'
           Adding header 'ETag' to related endpoint 'css/open-iconic/font/fonts/open-iconic.svg'
           Adding header 'Last-Modified' to related endpoint 'css/open-iconic/font/fonts/open-iconic.svg'
           Adding header 'Vary' to related endpoint 'css/open-iconic/font/fonts/open-iconic.svg'
           Skipping header 'Cache-Control' for related endpoint 'css/open-iconic/font/fonts/open-iconic.svg'
           Skipping header 'Content-Length' for related endpoint 'css/open-iconic/font/fonts/open-iconic.svg'
         Adding Content-Type 'image/svg+xml' header to related endpoint 'css/open-iconic/font/fonts/open-iconic.svg'
           Skipping header 'ETag' for related endpoint 'css/open-iconic/font/fonts/open-iconic.svg'
           Skipping header 'Last-Modified' for related endpoint 'css/open-iconic/font/fonts/open-iconic.svg'
           Updated related endpoint 'css/open-iconic/font/fonts/open-iconic.svg' with Content-Encoding selector 'gzip=0.000074266617'
           Adding Vary response header to related endpoint 'css/open-iconic/font/fonts/open-iconic.svg'
           Updated endpoint 'css/open-iconic/font/fonts/open-iconic.sjnzgf7e1h.svg.gz' with Content-Encoding and Vary headers
         Processing related endpoint 'css/open-iconic/font/fonts/open-iconic.sjnzgf7e1h.svg'
           Created Content-Encoding selector for compressed asset 'gzip' with size '0.000074266617' is 'css/open-iconic/font/fonts/open-iconic.sjnzgf7e1h.svg'
           Adding original-resource endpoint property for related endpoint 'css/open-iconic/font/fonts/open-iconic.sjnzgf7e1h.svg'
           Adding header 'Cache-Control' to related endpoint 'css/open-iconic/font/fonts/open-iconic.sjnzgf7e1h.svg'
           Adding header 'Content-Encoding' to related endpoint 'css/open-iconic/font/fonts/open-iconic.sjnzgf7e1h.svg'
           Adding header 'Content-Length' to related endpoint 'css/open-iconic/font/fonts/open-iconic.sjnzgf7e1h.svg'
           Skipping Content-Type header for related endpoint 'css/open-iconic/font/fonts/open-iconic.sjnzgf7e1h.svg'
           Adding header 'ETag' to related endpoint 'css/open-iconic/font/fonts/open-iconic.sjnzgf7e1h.svg'
           Adding header 'Last-Modified' to related endpoint 'css/open-iconic/font/fonts/open-iconic.sjnzgf7e1h.svg'
           Adding header 'Vary' to related endpoint 'css/open-iconic/font/fonts/open-iconic.sjnzgf7e1h.svg'
           Skipping header 'Cache-Control' for related endpoint 'css/open-iconic/font/fonts/open-iconic.sjnzgf7e1h.svg'
           Skipping header 'Content-Length' for related endpoint 'css/open-iconic/font/fonts/open-iconic.sjnzgf7e1h.svg'
         Adding Content-Type 'image/svg+xml' header to related endpoint 'css/open-iconic/font/fonts/open-iconic.sjnzgf7e1h.svg'
           Skipping header 'ETag' for related endpoint 'css/open-iconic/font/fonts/open-iconic.sjnzgf7e1h.svg'
           Skipping header 'Last-Modified' for related endpoint 'css/open-iconic/font/fonts/open-iconic.sjnzgf7e1h.svg'
           Updated related endpoint 'css/open-iconic/font/fonts/open-iconic.sjnzgf7e1h.svg' with Content-Encoding selector 'gzip=0.000074266617'
           Adding Vary response header to related endpoint 'css/open-iconic/font/fonts/open-iconic.sjnzgf7e1h.svg'
         Processing compressed asset: c:\Apps\TicketConsolidator\src\TicketConsolidator.Web\obj\Debug\net10.0-windows\compressed\pxtoaj9yk0-{0}-wk8x8xm0ah-wk8x8xm0ah.gz
           Updated endpoint 'css/open-iconic/font/fonts/open-iconic.otf.gz' with Content-Encoding and Vary headers
         Processing related endpoint 'css/open-iconic/font/fonts/open-iconic.otf'
           Created Content-Encoding selector for compressed asset 'gzip' with size '0.000076528660' is 'css/open-iconic/font/fonts/open-iconic.otf'
           Adding original-resource endpoint property for related endpoint 'css/open-iconic/font/fonts/open-iconic.otf'
           Adding header 'Cache-Control' to related endpoint 'css/open-iconic/font/fonts/open-iconic.otf'
           Adding header 'Content-Encoding' to related endpoint 'css/open-iconic/font/fonts/open-iconic.otf'
           Adding header 'Content-Length' to related endpoint 'css/open-iconic/font/fonts/open-iconic.otf'
           Skipping Content-Type header for related endpoint 'css/open-iconic/font/fonts/open-iconic.otf'
           Adding header 'ETag' to related endpoint 'css/open-iconic/font/fonts/open-iconic.otf'
           Adding header 'Last-Modified' to related endpoint 'css/open-iconic/font/fonts/open-iconic.otf'
           Adding header 'Vary' to related endpoint 'css/open-iconic/font/fonts/open-iconic.otf'
           Skipping header 'Cache-Control' for related endpoint 'css/open-iconic/font/fonts/open-iconic.otf'
           Skipping header 'Content-Length' for related endpoint 'css/open-iconic/font/fonts/open-iconic.otf'
         Adding Content-Type 'font/otf' header to related endpoint 'css/open-iconic/font/fonts/open-iconic.otf'
           Skipping header 'ETag' for related endpoint 'css/open-iconic/font/fonts/open-iconic.otf'
           Skipping header 'Last-Modified' for related endpoint 'css/open-iconic/font/fonts/open-iconic.otf'
           Updated related endpoint 'css/open-iconic/font/fonts/open-iconic.otf' with Content-Encoding selector 'gzip=0.000076528660'
           Adding Vary response header to related endpoint 'css/open-iconic/font/fonts/open-iconic.otf'
           Updated endpoint 'css/open-iconic/font/fonts/open-iconic.wk8x8xm0ah.otf.gz' with Content-Encoding and Vary headers
         Processing related endpoint 'css/open-iconic/font/fonts/open-iconic.wk8x8xm0ah.otf'
           Created Content-Encoding selector for compressed asset 'gzip' with size '0.000076528660' is 'css/open-iconic/font/fonts/open-iconic.wk8x8xm0ah.otf'
           Adding original-resource endpoint property for related endpoint 'css/open-iconic/font/fonts/open-iconic.wk8x8xm0ah.otf'
           Adding header 'Cache-Control' to related endpoint 'css/open-iconic/font/fonts/open-iconic.wk8x8xm0ah.otf'
           Adding header 'Content-Encoding' to related endpoint 'css/open-iconic/font/fonts/open-iconic.wk8x8xm0ah.otf'
           Adding header 'Content-Length' to related endpoint 'css/open-iconic/font/fonts/open-iconic.wk8x8xm0ah.otf'
           Skipping Content-Type header for related endpoint 'css/open-iconic/font/fonts/open-iconic.wk8x8xm0ah.otf'
           Adding header 'ETag' to related endpoint 'css/open-iconic/font/fonts/open-iconic.wk8x8xm0ah.otf'
           Adding header 'Last-Modified' to related endpoint 'css/open-iconic/font/fonts/open-iconic.wk8x8xm0ah.otf'
           Adding header 'Vary' to related endpoint 'css/open-iconic/font/fonts/open-iconic.wk8x8xm0ah.otf'
           Skipping header 'Cache-Control' for related endpoint 'css/open-iconic/font/fonts/open-iconic.wk8x8xm0ah.otf'
           Skipping header 'Content-Length' for related endpoint 'css/open-iconic/font/fonts/open-iconic.wk8x8xm0ah.otf'
         Adding Content-Type 'font/otf' header to related endpoint 'css/open-iconic/font/fonts/open-iconic.wk8x8xm0ah.otf'
           Skipping header 'ETag' for related endpoint 'css/open-iconic/font/fonts/open-iconic.wk8x8xm0ah.otf'
           Skipping header 'Last-Modified' for related endpoint 'css/open-iconic/font/fonts/open-iconic.wk8x8xm0ah.otf'
           Updated related endpoint 'css/open-iconic/font/fonts/open-iconic.wk8x8xm0ah.otf' with Content-Encoding selector 'gzip=0.000076528660'
           Adding Vary response header to related endpoint 'css/open-iconic/font/fonts/open-iconic.wk8x8xm0ah.otf'
         Processing compressed asset: c:\Apps\TicketConsolidator\src\TicketConsolidator.Web\obj\Debug\net10.0-windows\compressed\n2mq5m1u6a-{0}-cmapd0fi15-cmapd0fi15.gz
           Updated endpoint 'css/open-iconic/font/css/open-iconic-bootstrap.min.css.gz' with Content-Encoding and Vary headers
         Processing related endpoint 'css/open-iconic/font/css/open-iconic-bootstrap.min.css'
           Created Content-Encoding selector for compressed asset 'gzip' with size '0.000474608448' is 'css/open-iconic/font/css/open-iconic-bootstrap.min.css'
           Adding original-resource endpoint property for related endpoint 'css/open-iconic/font/css/open-iconic-bootstrap.min.css'
           Adding header 'Cache-Control' to related endpoint 'css/open-iconic/font/css/open-iconic-bootstrap.min.css'
           Adding header 'Content-Encoding' to related endpoint 'css/open-iconic/font/css/open-iconic-bootstrap.min.css'
           Adding header 'Content-Length' to related endpoint 'css/open-iconic/font/css/open-iconic-bootstrap.min.css'
           Skipping Content-Type header for related endpoint 'css/open-iconic/font/css/open-iconic-bootstrap.min.css'
           Adding header 'ETag' to related endpoint 'css/open-iconic/font/css/open-iconic-bootstrap.min.css'
           Adding header 'Last-Modified' to related endpoint 'css/open-iconic/font/css/open-iconic-bootstrap.min.css'
           Adding header 'Vary' to related endpoint 'css/open-iconic/font/css/open-iconic-bootstrap.min.css'
           Skipping header 'Cache-Control' for related endpoint 'css/open-iconic/font/css/open-iconic-bootstrap.min.css'
           Skipping header 'Content-Length' for related endpoint 'css/open-iconic/font/css/open-iconic-bootstrap.min.css'
         Adding Content-Type 'text/css' header to related endpoint 'css/open-iconic/font/css/open-iconic-bootstrap.min.css'
           Skipping header 'ETag' for related endpoint 'css/open-iconic/font/css/open-iconic-bootstrap.min.css'
           Skipping header 'Last-Modified' for related endpoint 'css/open-iconic/font/css/open-iconic-bootstrap.min.css'
           Updated related endpoint 'css/open-iconic/font/css/open-iconic-bootstrap.min.css' with Content-Encoding selector 'gzip=0.000474608448'
           Adding Vary response header to related endpoint 'css/open-iconic/font/css/open-iconic-bootstrap.min.css'
           Updated endpoint 'css/open-iconic/font/css/open-iconic-bootstrap.min.cmapd0fi15.css.gz' with Content-Encoding and Vary headers
         Processing related endpoint 'css/open-iconic/font/css/open-iconic-bootstrap.min.cmapd0fi15.css'
           Created Content-Encoding selector for compressed asset 'gzip' with size '0.000474608448' is 'css/open-iconic/font/css/open-iconic-bootstrap.min.cmapd0fi15.css'
           Adding original-resource endpoint property for related endpoint 'css/open-iconic/font/css/open-iconic-bootstrap.min.cmapd0fi15.css'
           Adding header 'Cache-Control' to related endpoint 'css/open-iconic/font/css/open-iconic-bootstrap.min.cmapd0fi15.css'
           Adding header 'Content-Encoding' to related endpoint 'css/open-iconic/font/css/open-iconic-bootstrap.min.cmapd0fi15.css'
           Adding header 'Content-Length' to related endpoint 'css/open-iconic/font/css/open-iconic-bootstrap.min.cmapd0fi15.css'
           Skipping Content-Type header for related endpoint 'css/open-iconic/font/css/open-iconic-bootstrap.min.cmapd0fi15.css'
           Adding header 'ETag' to related endpoint 'css/open-iconic/font/css/open-iconic-bootstrap.min.cmapd0fi15.css'
           Adding header 'Last-Modified' to related endpoint 'css/open-iconic/font/css/open-iconic-bootstrap.min.cmapd0fi15.css'
           Adding header 'Vary' to related endpoint 'css/open-iconic/font/css/open-iconic-bootstrap.min.cmapd0fi15.css'
           Skipping header 'Cache-Control' for related endpoint 'css/open-iconic/font/css/open-iconic-bootstrap.min.cmapd0fi15.css'
           Skipping header 'Content-Length' for related endpoint 'css/open-iconic/font/css/open-iconic-bootstrap.min.cmapd0fi15.css'
         Adding Content-Type 'text/css' header to related endpoint 'css/open-iconic/font/css/open-iconic-bootstrap.min.cmapd0fi15.css'
           Skipping header 'ETag' for related endpoint 'css/open-iconic/font/css/open-iconic-bootstrap.min.cmapd0fi15.css'
           Skipping header 'Last-Modified' for related endpoint 'css/open-iconic/font/css/open-iconic-bootstrap.min.cmapd0fi15.css'
           Updated related endpoint 'css/open-iconic/font/css/open-iconic-bootstrap.min.cmapd0fi15.css' with Content-Encoding selector 'gzip=0.000474608448'
           Adding Vary response header to related endpoint 'css/open-iconic/font/css/open-iconic-bootstrap.min.cmapd0fi15.css'
         Processing compressed asset: c:\Apps\TicketConsolidator\src\TicketConsolidator.Web\obj\Debug\net10.0-windows\compressed\xr0dhsk71a-{0}-mcc55oau0q-mcc55oau0q.gz
           Updated endpoint 'css/glass.css.gz' with Content-Encoding and Vary headers
         Processing related endpoint 'css/glass.css'
           Created Content-Encoding selector for compressed asset 'gzip' with size '0.000844594595' is 'css/glass.css'
           Adding original-resource endpoint property for related endpoint 'css/glass.css'
           Adding header 'Cache-Control' to related endpoint 'css/glass.css'
           Adding header 'Content-Encoding' to related endpoint 'css/glass.css'
           Adding header 'Content-Length' to related endpoint 'css/glass.css'
           Skipping Content-Type header for related endpoint 'css/glass.css'
           Adding header 'ETag' to related endpoint 'css/glass.css'
           Adding header 'Last-Modified' to related endpoint 'css/glass.css'
           Adding header 'Vary' to related endpoint 'css/glass.css'
           Skipping header 'Cache-Control' for related endpoint 'css/glass.css'
           Skipping header 'Content-Length' for related endpoint 'css/glass.css'
         Adding Content-Type 'text/css' header to related endpoint 'css/glass.css'
           Skipping header 'ETag' for related endpoint 'css/glass.css'
           Skipping header 'Last-Modified' for related endpoint 'css/glass.css'
           Updated related endpoint 'css/glass.css' with Content-Encoding selector 'gzip=0.000844594595'
           Adding Vary response header to related endpoint 'css/glass.css'
           Updated endpoint 'css/glass.mcc55oau0q.css.gz' with Content-Encoding and Vary headers
         Processing related endpoint 'css/glass.mcc55oau0q.css'
           Created Content-Encoding selector for compressed asset 'gzip' with size '0.000844594595' is 'css/glass.mcc55oau0q.css'
           Adding original-resource endpoint property for related endpoint 'css/glass.mcc55oau0q.css'
           Adding header 'Cache-Control' to related endpoint 'css/glass.mcc55oau0q.css'
           Adding header 'Content-Encoding' to related endpoint 'css/glass.mcc55oau0q.css'
           Adding header 'Content-Length' to related endpoint 'css/glass.mcc55oau0q.css'
           Skipping Content-Type header for related endpoint 'css/glass.mcc55oau0q.css'
           Adding header 'ETag' to related endpoint 'css/glass.mcc55oau0q.css'
           Adding header 'Last-Modified' to related endpoint 'css/glass.mcc55oau0q.css'
           Adding header 'Vary' to related endpoint 'css/glass.mcc55oau0q.css'
           Skipping header 'Cache-Control' for related endpoint 'css/glass.mcc55oau0q.css'
           Skipping header 'Content-Length' for related endpoint 'css/glass.mcc55oau0q.css'
         Adding Content-Type 'text/css' header to related endpoint 'css/glass.mcc55oau0q.css'
           Skipping header 'ETag' for related endpoint 'css/glass.mcc55oau0q.css'
           Skipping header 'Last-Modified' for related endpoint 'css/glass.mcc55oau0q.css'
           Updated related endpoint 'css/glass.mcc55oau0q.css' with Content-Encoding selector 'gzip=0.000844594595'
           Adding Vary response header to related endpoint 'css/glass.mcc55oau0q.css'
         Processing compressed asset: c:\Apps\TicketConsolidator\src\TicketConsolidator.Web\obj\Debug\net10.0-windows\compressed\bo61o2sihs-{0}-ff9h3twzzh-ff9h3twzzh.gz
           Updated endpoint 'css/codeEditor.css.gz' with Content-Encoding and Vary headers
         Processing related endpoint 'css/codeEditor.css'
           Created Content-Encoding selector for compressed asset 'gzip' with size '0.001543209877' is 'css/codeEditor.css'
           Adding original-resource endpoint property for related endpoint 'css/codeEditor.css'
           Adding header 'Cache-Control' to related endpoint 'css/codeEditor.css'
           Adding header 'Content-Encoding' to related endpoint 'css/codeEditor.css'
           Adding header 'Content-Length' to related endpoint 'css/codeEditor.css'
           Skipping Content-Type header for related endpoint 'css/codeEditor.css'
           Adding header 'ETag' to related endpoint 'css/codeEditor.css'
           Adding header 'Last-Modified' to related endpoint 'css/codeEditor.css'
           Adding header 'Vary' to related endpoint 'css/codeEditor.css'
           Skipping header 'Cache-Control' for related endpoint 'css/codeEditor.css'
           Skipping header 'Content-Length' for related endpoint 'css/codeEditor.css'
         Adding Content-Type 'text/css' header to related endpoint 'css/codeEditor.css'
           Skipping header 'ETag' for related endpoint 'css/codeEditor.css'
           Skipping header 'Last-Modified' for related endpoint 'css/codeEditor.css'
           Updated related endpoint 'css/codeEditor.css' with Content-Encoding selector 'gzip=0.001543209877'
           Adding Vary response header to related endpoint 'css/codeEditor.css'
           Updated endpoint 'css/codeEditor.ff9h3twzzh.css.gz' with Content-Encoding and Vary headers
         Processing related endpoint 'css/codeEditor.ff9h3twzzh.css'
           Created Content-Encoding selector for compressed asset 'gzip' with size '0.001543209877' is 'css/codeEditor.ff9h3twzzh.css'
           Adding original-resource endpoint property for related endpoint 'css/codeEditor.ff9h3twzzh.css'
           Adding header 'Cache-Control' to related endpoint 'css/codeEditor.ff9h3twzzh.css'
           Adding header 'Content-Encoding' to related endpoint 'css/codeEditor.ff9h3twzzh.css'
           Adding header 'Content-Length' to related endpoint 'css/codeEditor.ff9h3twzzh.css'
           Skipping Content-Type header for related endpoint 'css/codeEditor.ff9h3twzzh.css'
           Adding header 'ETag' to related endpoint 'css/codeEditor.ff9h3twzzh.css'
           Adding header 'Last-Modified' to related endpoint 'css/codeEditor.ff9h3twzzh.css'
           Adding header 'Vary' to related endpoint 'css/codeEditor.ff9h3twzzh.css'
           Skipping header 'Cache-Control' for related endpoint 'css/codeEditor.ff9h3twzzh.css'
           Skipping header 'Content-Length' for related endpoint 'css/codeEditor.ff9h3twzzh.css'
         Adding Content-Type 'text/css' header to related endpoint 'css/codeEditor.ff9h3twzzh.css'
           Skipping header 'ETag' for related endpoint 'css/codeEditor.ff9h3twzzh.css'
           Skipping header 'Last-Modified' for related endpoint 'css/codeEditor.ff9h3twzzh.css'
           Updated related endpoint 'css/codeEditor.ff9h3twzzh.css' with Content-Encoding selector 'gzip=0.001543209877'
           Adding Vary response header to related endpoint 'css/codeEditor.ff9h3twzzh.css'
         Processing compressed asset: c:\Apps\TicketConsolidator\src\TicketConsolidator.Web\obj\Debug\net10.0-windows\compressed\ivst75prx6-{0}-kao5znno1s-kao5znno1s.gz
           Updated endpoint 'css/bootstrap/bootstrap.min.css.map.gz' with Content-Encoding and Vary headers
         Processing related endpoint 'css/bootstrap/bootstrap.min.css.map'
           Created Content-Encoding selector for compressed asset 'gzip' with size '0.000009813543' is 'css/bootstrap/bootstrap.min.css.map'
           Adding original-resource endpoint property for related endpoint 'css/bootstrap/bootstrap.min.css.map'
           Adding header 'Cache-Control' to related endpoint 'css/bootstrap/bootstrap.min.css.map'
           Adding header 'Content-Encoding' to related endpoint 'css/bootstrap/bootstrap.min.css.map'
           Adding header 'Content-Length' to related endpoint 'css/bootstrap/bootstrap.min.css.map'
           Skipping Content-Type header for related endpoint 'css/bootstrap/bootstrap.min.css.map'
           Adding header 'ETag' to related endpoint 'css/bootstrap/bootstrap.min.css.map'
           Adding header 'Last-Modified' to related endpoint 'css/bootstrap/bootstrap.min.css.map'
           Adding header 'Vary' to related endpoint 'css/bootstrap/bootstrap.min.css.map'
           Skipping header 'Cache-Control' for related endpoint 'css/bootstrap/bootstrap.min.css.map'
           Skipping header 'Content-Length' for related endpoint 'css/bootstrap/bootstrap.min.css.map'
         Adding Content-Type 'text/plain' header to related endpoint 'css/bootstrap/bootstrap.min.css.map'
           Skipping header 'ETag' for related endpoint 'css/bootstrap/bootstrap.min.css.map'
           Skipping header 'Last-Modified' for related endpoint 'css/bootstrap/bootstrap.min.css.map'
           Updated related endpoint 'css/bootstrap/bootstrap.min.css.map' with Content-Encoding selector 'gzip=0.000009813543'
           Adding Vary response header to related endpoint 'css/bootstrap/bootstrap.min.css.map'
           Updated endpoint 'css/bootstrap/bootstrap.min.css.kao5znno1s.map.gz' with Content-Encoding and Vary headers
         Processing related endpoint 'css/bootstrap/bootstrap.min.css.kao5znno1s.map'
           Created Content-Encoding selector for compressed asset 'gzip' with size '0.000009813543' is 'css/bootstrap/bootstrap.min.css.kao5znno1s.map'
           Adding original-resource endpoint property for related endpoint 'css/bootstrap/bootstrap.min.css.kao5znno1s.map'
           Adding header 'Cache-Control' to related endpoint 'css/bootstrap/bootstrap.min.css.kao5znno1s.map'
           Adding header 'Content-Encoding' to related endpoint 'css/bootstrap/bootstrap.min.css.kao5znno1s.map'
           Adding header 'Content-Length' to related endpoint 'css/bootstrap/bootstrap.min.css.kao5znno1s.map'
           Skipping Content-Type header for related endpoint 'css/bootstrap/bootstrap.min.css.kao5znno1s.map'
           Adding header 'ETag' to related endpoint 'css/bootstrap/bootstrap.min.css.kao5znno1s.map'
           Adding header 'Last-Modified' to related endpoint 'css/bootstrap/bootstrap.min.css.kao5znno1s.map'
           Adding header 'Vary' to related endpoint 'css/bootstrap/bootstrap.min.css.kao5znno1s.map'
           Skipping header 'Cache-Control' for related endpoint 'css/bootstrap/bootstrap.min.css.kao5znno1s.map'
           Skipping header 'Content-Length' for related endpoint 'css/bootstrap/bootstrap.min.css.kao5znno1s.map'
         Adding Content-Type 'text/plain' header to related endpoint 'css/bootstrap/bootstrap.min.css.kao5znno1s.map'
           Skipping header 'ETag' for related endpoint 'css/bootstrap/bootstrap.min.css.kao5znno1s.map'
           Skipping header 'Last-Modified' for related endpoint 'css/bootstrap/bootstrap.min.css.kao5znno1s.map'
           Updated related endpoint 'css/bootstrap/bootstrap.min.css.kao5znno1s.map' with Content-Encoding selector 'gzip=0.000009813543'
           Adding Vary response header to related endpoint 'css/bootstrap/bootstrap.min.css.kao5znno1s.map'
         Processing compressed asset: c:\Apps\TicketConsolidator\src\TicketConsolidator.Web\obj\Debug\net10.0-windows\compressed\w6mjy7kfdm-{0}-etnb7xlipe-etnb7xlipe.gz
           Updated endpoint 'css/bootstrap/bootstrap.min.css.gz' with Content-Encoding and Vary headers
   5:6>MarkupCompilePass1:
         Input file 'c:\Apps\TicketConsolidator\src\TicketConsolidator.UI\Views\SettingsView.xaml' is resolved to new relative path 'Views\SettingsView.xaml' at directory 'c:\Apps\TicketConsolidator\src\TicketConsolidator.UI\'.
   6:6>ResolveBuildCompressedStaticWebAssets:
         Processing related endpoint 'css/bootstrap/bootstrap.min.css'
           Created Content-Encoding selector for compressed asset 'gzip' with size '0.000042852245' is 'css/bootstrap/bootstrap.min.css'
           Adding original-resource endpoint property for related endpoint 'css/bootstrap/bootstrap.min.css'
           Adding header 'Cache-Control' to related endpoint 'css/bootstrap/bootstrap.min.css'
           Adding header 'Content-Encoding' to related endpoint 'css/bootstrap/bootstrap.min.css'
           Adding header 'Content-Length' to related endpoint 'css/bootstrap/bootstrap.min.css'
           Skipping Content-Type header for related endpoint 'css/bootstrap/bootstrap.min.css'
           Adding header 'ETag' to related endpoint 'css/bootstrap/bootstrap.min.css'
           Adding header 'Last-Modified' to related endpoint 'css/bootstrap/bootstrap.min.css'
           Adding header 'Vary' to related endpoint 'css/bootstrap/bootstrap.min.css'
           Skipping header 'Cache-Control' for related endpoint 'css/bootstrap/bootstrap.min.css'
           Skipping header 'Content-Length' for related endpoint 'css/bootstrap/bootstrap.min.css'
         Adding Content-Type 'text/css' header to related endpoint 'css/bootstrap/bootstrap.min.css'
           Skipping header 'ETag' for related endpoint 'css/bootstrap/bootstrap.min.css'
           Skipping header 'Last-Modified' for related endpoint 'css/bootstrap/bootstrap.min.css'
           Updated related endpoint 'css/bootstrap/bootstrap.min.css' with Content-Encoding selector 'gzip=0.000042852245'
           Adding Vary response header to related endpoint 'css/bootstrap/bootstrap.min.css'
           Updated endpoint 'css/bootstrap/bootstrap.min.etnb7xlipe.css.gz' with Content-Encoding and Vary headers
         Processing related endpoint 'css/bootstrap/bootstrap.min.etnb7xlipe.css'
           Created Content-Encoding selector for compressed asset 'gzip' with size '0.000042852245' is 'css/bootstrap/bootstrap.min.etnb7xlipe.css'
           Adding original-resource endpoint property for related endpoint 'css/bootstrap/bootstrap.min.etnb7xlipe.css'
           Adding header 'Cache-Control' to related endpoint 'css/bootstrap/bootstrap.min.etnb7xlipe.css'
           Adding header 'Content-Encoding' to related endpoint 'css/bootstrap/bootstrap.min.etnb7xlipe.css'
           Adding header 'Content-Length' to related endpoint 'css/bootstrap/bootstrap.min.etnb7xlipe.css'
           Skipping Content-Type header for related endpoint 'css/bootstrap/bootstrap.min.etnb7xlipe.css'
           Adding header 'ETag' to related endpoint 'css/bootstrap/bootstrap.min.etnb7xlipe.css'
           Adding header 'Last-Modified' to related endpoint 'css/bootstrap/bootstrap.min.etnb7xlipe.css'
           Adding header 'Vary' to related endpoint 'css/bootstrap/bootstrap.min.etnb7xlipe.css'
           Skipping header 'Cache-Control' for related endpoint 'css/bootstrap/bootstrap.min.etnb7xlipe.css'
           Skipping header 'Content-Length' for related endpoint 'css/bootstrap/bootstrap.min.etnb7xlipe.css'
         Adding Content-Type 'text/css' header to related endpoint 'css/bootstrap/bootstrap.min.etnb7xlipe.css'
           Skipping header 'ETag' for related endpoint 'css/bootstrap/bootstrap.min.etnb7xlipe.css'
           Skipping header 'Last-Modified' for related endpoint 'css/bootstrap/bootstrap.min.etnb7xlipe.css'
           Updated related endpoint 'css/bootstrap/bootstrap.min.etnb7xlipe.css' with Content-Encoding selector 'gzip=0.000042852245'
           Adding Vary response header to related endpoint 'css/bootstrap/bootstrap.min.etnb7xlipe.css'
         Processing compressed asset: c:\Apps\TicketConsolidator\src\TicketConsolidator.Web\obj\Debug\net10.0-windows\compressed\4pvf20j30m-{0}-i2q58c2osp-i2q58c2osp.gz
           Updated endpoint 'css/animations.css.gz' with Content-Encoding and Vary headers
         Processing related endpoint 'css/animations.css'
           Created Content-Encoding selector for compressed asset 'gzip' with size '0.001834862385' is 'css/animations.css'
           Adding original-resource endpoint property for related endpoint 'css/animations.css'
           Adding header 'Cache-Control' to related endpoint 'css/animations.css'
           Adding header 'Content-Encoding' to related endpoint 'css/animations.css'
           Adding header 'Content-Length' to related endpoint 'css/animations.css'
           Skipping Content-Type header for related endpoint 'css/animations.css'
           Adding header 'ETag' to related endpoint 'css/animations.css'
           Adding header 'Last-Modified' to related endpoint 'css/animations.css'
           Adding header 'Vary' to related endpoint 'css/animations.css'
           Skipping header 'Cache-Control' for related endpoint 'css/animations.css'
           Skipping header 'Content-Length' for related endpoint 'css/animations.css'
         Adding Content-Type 'text/css' header to related endpoint 'css/animations.css'
           Skipping header 'ETag' for related endpoint 'css/animations.css'
           Skipping header 'Last-Modified' for related endpoint 'css/animations.css'
           Updated related endpoint 'css/animations.css' with Content-Encoding selector 'gzip=0.001834862385'
           Adding Vary response header to related endpoint 'css/animations.css'
           Updated endpoint 'css/animations.i2q58c2osp.css.gz' with Content-Encoding and Vary headers
         Processing related endpoint 'css/animations.i2q58c2osp.css'
           Created Content-Encoding selector for compressed asset 'gzip' with size '0.001834862385' is 'css/animations.i2q58c2osp.css'
           Adding original-resource endpoint property for related endpoint 'css/animations.i2q58c2osp.css'
           Adding header 'Cache-Control' to related endpoint 'css/animations.i2q58c2osp.css'
           Adding header 'Content-Encoding' to related endpoint 'css/animations.i2q58c2osp.css'
           Adding header 'Content-Length' to related endpoint 'css/animations.i2q58c2osp.css'
           Skipping Content-Type header for related endpoint 'css/animations.i2q58c2osp.css'
           Adding header 'ETag' to related endpoint 'css/animations.i2q58c2osp.css'
           Adding header 'Last-Modified' to related endpoint 'css/animations.i2q58c2osp.css'
           Adding header 'Vary' to related endpoint 'css/animations.i2q58c2osp.css'
           Skipping header 'Cache-Control' for related endpoint 'css/animations.i2q58c2osp.css'
           Skipping header 'Content-Length' for related endpoint 'css/animations.i2q58c2osp.css'
         Adding Content-Type 'text/css' header to related endpoint 'css/animations.i2q58c2osp.css'
           Skipping header 'ETag' for related endpoint 'css/animations.i2q58c2osp.css'
           Skipping header 'Last-Modified' for related endpoint 'css/animations.i2q58c2osp.css'
           Updated related endpoint 'css/animations.i2q58c2osp.css' with Content-Encoding selector 'gzip=0.001834862385'
           Adding Vary response header to related endpoint 'css/animations.i2q58c2osp.css'
             Skipping endpoint 'TicketConsolidator.Web.bundle.scp.css.gz' since and endpoint for the same asset was updated.
             Skipping endpoint 'TicketConsolidator.Web.8ob0dhgw2w.bundle.scp.css.gz' since and endpoint for the same asset was updated.
             Skipping endpoint 'TicketConsolidator.Web.bundle.scp.css' since and endpoint for the same asset was updated.
             Skipping endpoint 'TicketConsolidator.Web.8ob0dhgw2w.bundle.scp.css' since and endpoint for the same asset was updated.
             Skipping endpoint 'TicketConsolidator.Web.styles.css.gz' since and endpoint for the same asset was updated.
             Skipping endpoint 'TicketConsolidator.Web.8ob0dhgw2w.styles.css.gz' since and endpoint for the same asset was updated.
             Skipping endpoint 'TicketConsolidator.Web.styles.css' since and endpoint for the same asset was updated.
             Skipping endpoint 'TicketConsolidator.Web.8ob0dhgw2w.styles.css' since and endpoint for the same asset was updated.
             Skipping endpoint '_framework/blazor.server.js.gz' since and endpoint for the same asset was updated.
             Skipping endpoint '_framework/blazor.server.zr4b1gdhaw.js.gz' since and endpoint for the same asset was updated.
             Skipping endpoint '_framework/blazor.server.js' since and endpoint for the same asset was updated.
             Skipping endpoint '_framework/blazor.server.zr4b1gdhaw.js' since and endpoint for the same asset was updated.
             Skipping endpoint '_framework/blazor.web.js.gz' since and endpoint for the same asset was updated.
             Skipping endpoint '_framework/blazor.web.ax6tuj8tun.js.gz' since and endpoint for the same asset was updated.
             Skipping endpoint '_framework/blazor.web.js' since and endpoint for the same asset was updated.
             Skipping endpoint '_framework/blazor.web.ax6tuj8tun.js' since and endpoint for the same asset was updated.
             Skipping endpoint 'js/codeEditor.js.gz' since and endpoint for the same asset was updated.
             Skipping endpoint 'js/codeEditor.2x18zjng45.js.gz' since and endpoint for the same asset was updated.
             Skipping endpoint 'js/codeEditor.js' since and endpoint for the same asset was updated.
             Skipping endpoint 'js/codeEditor.2x18zjng45.js' since and endpoint for the same asset was updated.
             Skipping endpoint 'favicon.ico.gz' since and endpoint for the same asset was updated.
             Skipping endpoint 'favicon.61n19gt1b8.ico.gz' since and endpoint for the same asset was updated.
             Skipping endpoint 'favicon.ico' since and endpoint for the same asset was updated.
             Skipping endpoint 'favicon.61n19gt1b8.ico' since and endpoint for the same asset was updated.
             Skipping endpoint 'css/theme.css.gz' since and endpoint for the same asset was updated.
             Skipping endpoint 'css/theme.q8i2ynhbd1.css.gz' since and endpoint for the same asset was updated.
             Skipping endpoint 'css/theme.css' since and endpoint for the same asset was updated.
             Skipping endpoint 'css/theme.q8i2ynhbd1.css' since and endpoint for the same asset was updated.
             Skipping endpoint 'css/site.css.gz' since and endpoint for the same asset was updated.
             Skipping endpoint 'css/site.4rehuv7qkx.css.gz' since and endpoint for the same asset was updated.
             Skipping endpoint 'css/site.css' since and endpoint for the same asset was updated.
             Skipping endpoint 'css/site.4rehuv7qkx.css' since and endpoint for the same asset was updated.
             Skipping endpoint 'css/open-iconic/README.md.gz' since and endpoint for the same asset was updated.
             Skipping endpoint 'css/open-iconic/README.psxpu4y82n.md.gz' since and endpoint for the same asset was updated.
             Skipping endpoint 'css/open-iconic/README.md' since and endpoint for the same asset was updated.
             Skipping endpoint 'css/open-iconic/README.psxpu4y82n.md' since and endpoint for the same asset was updated.
             Skipping endpoint 'css/open-iconic/font/fonts/open-iconic.svg.gz' since and endpoint for the same asset was updated.
             Skipping endpoint 'css/open-iconic/font/fonts/open-iconic.sjnzgf7e1h.svg.gz' since and endpoint for the same asset was updated.
             Skipping endpoint 'css/open-iconic/font/fonts/open-iconic.svg' since and endpoint for the same asset was updated.
             Skipping endpoint 'css/open-iconic/font/fonts/open-iconic.sjnzgf7e1h.svg' since and endpoint for the same asset was updated.
             Skipping endpoint 'css/open-iconic/font/fonts/open-iconic.otf.gz' since and endpoint for the same asset was updated.
             Skipping endpoint 'css/open-iconic/font/fonts/open-iconic.wk8x8xm0ah.otf.gz' since and endpoint for the same asset was updated.
             Skipping endpoint 'css/open-iconic/font/fonts/open-iconic.otf' since and endpoint for the same asset was updated.
             Skipping endpoint 'css/open-iconic/font/fonts/open-iconic.wk8x8xm0ah.otf' since and endpoint for the same asset was updated.
             Skipping endpoint 'css/open-iconic/font/css/open-iconic-bootstrap.min.css.gz' since and endpoint for the same asset was updated.
             Skipping endpoint 'css/open-iconic/font/css/open-iconic-bootstrap.min.cmapd0fi15.css.gz' since and endpoint for the same asset was updated.
             Skipping endpoint 'css/open-iconic/font/css/open-iconic-bootstrap.min.css' since and endpoint for the same asset was updated.
             Skipping endpoint 'css/open-iconic/font/css/open-iconic-bootstrap.min.cmapd0fi15.css' since and endpoint for the same asset was updated.
             Skipping endpoint 'css/glass.css.gz' since and endpoint for the same asset was updated.
             Skipping endpoint 'css/glass.mcc55oau0q.css.gz' since and endpoint for the same asset was updated.
             Skipping endpoint 'css/glass.css' since and endpoint for the same asset was updated.
             Skipping endpoint 'css/glass.mcc55oau0q.css' since and endpoint for the same asset was updated.
             Skipping endpoint 'css/codeEditor.css.gz' since and endpoint for the same asset was updated.
             Skipping endpoint 'css/codeEditor.ff9h3twzzh.css.gz' since and endpoint for the same asset was updated.
             Skipping endpoint 'css/codeEditor.css' since and endpoint for the same asset was updated.
             Skipping endpoint 'css/codeEditor.ff9h3twzzh.css' since and endpoint for the same asset was updated.
             Skipping endpoint 'css/bootstrap/bootstrap.min.css.map.gz' since and endpoint for the same asset was updated.
             Skipping endpoint 'css/bootstrap/bootstrap.min.css.kao5znno1s.map.gz' since and endpoint for the same asset was updated.
             Skipping endpoint 'css/bootstrap/bootstrap.min.css.map' since and endpoint for the same asset was updated.
             Skipping endpoint 'css/bootstrap/bootstrap.min.css.kao5znno1s.map' since and endpoint for the same asset was updated.
             Skipping endpoint 'css/bootstrap/bootstrap.min.css.gz' since and endpoint for the same asset was updated.
             Skipping endpoint 'css/bootstrap/bootstrap.min.etnb7xlipe.css.gz' since and endpoint for the same asset was updated.
             Skipping endpoint 'css/bootstrap/bootstrap.min.css' since and endpoint for the same asset was updated.
             Skipping endpoint 'css/bootstrap/bootstrap.min.etnb7xlipe.css' since and endpoint for the same asset was updated.
             Skipping endpoint 'css/animations.css.gz' since and endpoint for the same asset was updated.
             Skipping endpoint 'css/animations.i2q58c2osp.css.gz' since and endpoint for the same asset was updated.
             Skipping endpoint 'css/animations.css' since and endpoint for the same asset was updated.
             Skipping endpoint 'css/animations.i2q58c2osp.css' since and endpoint for the same asset was updated.
         Processing route 'TicketConsolidator.Web.bundle.scp.css.gz'
         Processing route 'TicketConsolidator.Web.bundle.scp.css'
         Processing route 'TicketConsolidator.Web.bundle.scp.css'
         Processing route 'TicketConsolidator.Web.8ob0dhgw2w.bundle.scp.css.gz'
         Processing route 'TicketConsolidator.Web.8ob0dhgw2w.bundle.scp.css'
         Processing route 'TicketConsolidator.Web.8ob0dhgw2w.bundle.scp.css'
         Processing route 'TicketConsolidator.Web.styles.css.gz'
         Processing route 'TicketConsolidator.Web.styles.css'
         Processing route 'TicketConsolidator.Web.styles.css'
         Processing route 'TicketConsolidator.Web.8ob0dhgw2w.styles.css.gz'
         Processing route 'TicketConsolidator.Web.8ob0dhgw2w.styles.css'
         Processing route 'TicketConsolidator.Web.8ob0dhgw2w.styles.css'
         Processing route '_framework/blazor.server.js.gz'
         Processing route '_framework/blazor.server.js'
         Processing route '_framework/blazor.server.js'
         Processing route '_framework/blazor.server.zr4b1gdhaw.js.gz'
         Processing route '_framework/blazor.server.zr4b1gdhaw.js'
         Processing route '_framework/blazor.server.zr4b1gdhaw.js'
         Processing route '_framework/blazor.web.js.gz'
         Processing route '_framework/blazor.web.js'
         Processing route '_framework/blazor.web.js'
         Processing route '_framework/blazor.web.ax6tuj8tun.js.gz'
         Processing route '_framework/blazor.web.ax6tuj8tun.js'
         Processing route '_framework/blazor.web.ax6tuj8tun.js'
         Processing route 'js/codeEditor.js.gz'
         Processing route 'js/codeEditor.js'
         Processing route 'js/codeEditor.js'
         Processing route 'js/codeEditor.2x18zjng45.js.gz'
         Processing route 'js/codeEditor.2x18zjng45.js'
         Processing route 'js/codeEditor.2x18zjng45.js'
         Processing route 'favicon.ico.gz'
         Processing route 'favicon.ico'
         Processing route 'favicon.ico'
         Processing route 'favicon.61n19gt1b8.ico.gz'
         Processing route 'favicon.61n19gt1b8.ico'
         Processing route 'favicon.61n19gt1b8.ico'
         Processing route 'css/theme.css.gz'
         Processing route 'css/theme.css'
         Processing route 'css/theme.css'
         Processing route 'css/theme.q8i2ynhbd1.css.gz'
         Processing route 'css/theme.q8i2ynhbd1.css'
         Processing route 'css/theme.q8i2ynhbd1.css'
         Processing route 'css/site.css.gz'
         Processing route 'css/site.css'
         Processing route 'css/site.css'
         Processing route 'css/site.4rehuv7qkx.css.gz'
         Processing route 'css/site.4rehuv7qkx.css'
         Processing route 'css/site.4rehuv7qkx.css'
         Processing route 'css/open-iconic/README.md.gz'
         Processing route 'css/open-iconic/README.md'
         Processing route 'css/open-iconic/README.md'
   5:6>MarkupCompilePass1:
         Generated code file: 'c:\Apps\TicketConsolidator\src\TicketConsolidator.UI\obj\Debug\net10.0-windows\MainWindow.g.cs'.
   6:6>ResolveBuildCompressedStaticWebAssets:
         Processing route 'css/open-iconic/README.psxpu4y82n.md.gz'
         Processing route 'css/open-iconic/README.psxpu4y82n.md'
         Processing route 'css/open-iconic/README.psxpu4y82n.md'
         Processing route 'css/open-iconic/font/fonts/open-iconic.svg.gz'
         Processing route 'css/open-iconic/font/fonts/open-iconic.svg'
         Processing route 'css/open-iconic/font/fonts/open-iconic.svg'
         Processing route 'css/open-iconic/font/fonts/open-iconic.sjnzgf7e1h.svg.gz'
         Processing route 'css/open-iconic/font/fonts/open-iconic.sjnzgf7e1h.svg'
         Processing route 'css/open-iconic/font/fonts/open-iconic.sjnzgf7e1h.svg'
         Processing route 'css/open-iconic/font/fonts/open-iconic.otf.gz'
         Processing route 'css/open-iconic/font/fonts/open-iconic.otf'
         Processing route 'css/open-iconic/font/fonts/open-iconic.otf'
         Processing route 'css/open-iconic/font/fonts/open-iconic.wk8x8xm0ah.otf.gz'
         Processing route 'css/open-iconic/font/fonts/open-iconic.wk8x8xm0ah.otf'
   5:6>MarkupCompilePass1:
         Generated code file: 'c:\Apps\TicketConsolidator\src\TicketConsolidator.UI\obj\Debug\net10.0-windows\Views\CodeReviewView.g.cs'.
   6:6>ResolveBuildCompressedStaticWebAssets:
         Processing route 'css/open-iconic/font/fonts/open-iconic.wk8x8xm0ah.otf'
         Processing route 'css/open-iconic/font/css/open-iconic-bootstrap.min.css.gz'
         Processing route 'css/open-iconic/font/css/open-iconic-bootstrap.min.css'
         Processing route 'css/open-iconic/font/css/open-iconic-bootstrap.min.css'
         Processing route 'css/open-iconic/font/css/open-iconic-bootstrap.min.cmapd0fi15.css.gz'
         Processing route 'css/open-iconic/font/css/open-iconic-bootstrap.min.cmapd0fi15.css'
         Processing route 'css/open-iconic/font/css/open-iconic-bootstrap.min.cmapd0fi15.css'
         Processing route 'css/glass.css.gz'
         Processing route 'css/glass.css'
         Processing route 'css/glass.css'
         Processing route 'css/glass.mcc55oau0q.css.gz'
         Processing route 'css/glass.mcc55oau0q.css'
   5:6>MarkupCompilePass1:
         Generated BAML file: 'c:\Apps\TicketConsolidator\src\TicketConsolidator.UI\obj\Debug\net10.0-windows\Views\CodeReviewView.baml'.
   6:6>ResolveBuildCompressedStaticWebAssets:
         Processing route 'css/glass.mcc55oau0q.css'
   5:6>MarkupCompilePass1:
         Generated code file: 'c:\Apps\TicketConsolidator\src\TicketConsolidator.UI\obj\Debug\net10.0-windows\Views\DashboardView.g.cs'.
   6:6>ResolveBuildCompressedStaticWebAssets:
         Processing route 'css/codeEditor.css.gz'
         Processing route 'css/codeEditor.css'
   5:6>MarkupCompilePass1:
         Generated code file: 'c:\Apps\TicketConsolidator\src\TicketConsolidator.UI\obj\Debug\net10.0-windows\Views\Dialogs\ConfirmationDialog.g.cs'.
   6:6>ResolveBuildCompressedStaticWebAssets:
         Processing route 'css/codeEditor.css'
         Processing route 'css/codeEditor.ff9h3twzzh.css.gz'
   5:6>MarkupCompilePass1:
         Generated BAML file: 'c:\Apps\TicketConsolidator\src\TicketConsolidator.UI\obj\Debug\net10.0-windows\Views\Dialogs\ConfirmationDialog.baml'.
         Generated code file: 'c:\Apps\TicketConsolidator\src\TicketConsolidator.UI\obj\Debug\net10.0-windows\Views\Dialogs\InfoDialog.g.cs'.
   6:6>ResolveBuildCompressedStaticWebAssets:
         Processing route 'css/codeEditor.ff9h3twzzh.css'
         Processing route 'css/codeEditor.ff9h3twzzh.css'
         Processing route 'css/bootstrap/bootstrap.min.css.map.gz'
         Processing route 'css/bootstrap/bootstrap.min.css.map'
         Processing route 'css/bootstrap/bootstrap.min.css.map'
         Processing route 'css/bootstrap/bootstrap.min.css.kao5znno1s.map.gz'
         Processing route 'css/bootstrap/bootstrap.min.css.kao5znno1s.map'
         Processing route 'css/bootstrap/bootstrap.min.css.kao5znno1s.map'
   5:6>MarkupCompilePass1:
         Generated BAML file: 'c:\Apps\TicketConsolidator\src\TicketConsolidator.UI\obj\Debug\net10.0-windows\Views\Dialogs\InfoDialog.baml'.
   6:6>ResolveBuildCompressedStaticWebAssets:
         Processing route 'css/bootstrap/bootstrap.min.css.gz'
         Processing route 'css/bootstrap/bootstrap.min.css'
   5:6>MarkupCompilePass1:
         Generated code file: 'c:\Apps\TicketConsolidator\src\TicketConsolidator.UI\obj\Debug\net10.0-windows\Views\Dialogs\InternalReleaseDialog.g.cs'.
   6:6>ResolveBuildCompressedStaticWebAssets:
         Processing route 'css/bootstrap/bootstrap.min.css'
   5:6>MarkupCompilePass1:
         Generated BAML file: 'c:\Apps\TicketConsolidator\src\TicketConsolidator.UI\obj\Debug\net10.0-windows\Views\Dialogs\InternalReleaseDialog.baml'.
   6:6>ResolveBuildCompressedStaticWebAssets:
         Processing route 'css/bootstrap/bootstrap.min.etnb7xlipe.css.gz'
         Processing route 'css/bootstrap/bootstrap.min.etnb7xlipe.css'
   5:6>MarkupCompilePass1:
         Generated code file: 'c:\Apps\TicketConsolidator\src\TicketConsolidator.UI\obj\Debug\net10.0-windows\Views\Dialogs\LoginDialog.g.cs'.
   6:6>ResolveBuildCompressedStaticWebAssets:
         Processing route 'css/bootstrap/bootstrap.min.etnb7xlipe.css'
   5:6>MarkupCompilePass1:
         Generated BAML file: 'c:\Apps\TicketConsolidator\src\TicketConsolidator.UI\obj\Debug\net10.0-windows\Views\Dialogs\LoginDialog.baml'.
   6:6>ResolveBuildCompressedStaticWebAssets:
         Processing route 'css/animations.css.gz'
   5:6>MarkupCompilePass1:
         Generated code file: 'c:\Apps\TicketConsolidator\src\TicketConsolidator.UI\obj\Debug\net10.0-windows\Views\Dialogs\ReleaseDetailsDialog.g.cs'.
   6:6>ResolveBuildCompressedStaticWebAssets:
         Processing route 'css/animations.css'
   5:6>MarkupCompilePass1:
         Generated BAML file: 'c:\Apps\TicketConsolidator\src\TicketConsolidator.UI\obj\Debug\net10.0-windows\Views\Dialogs\ReleaseDetailsDialog.baml'.
   6:6>ResolveBuildCompressedStaticWebAssets:
         Processing route 'css/animations.css'
   5:6>MarkupCompilePass1:
         Generated code file: 'c:\Apps\TicketConsolidator\src\TicketConsolidator.UI\obj\Debug\net10.0-windows\Views\Dialogs\SuccessDialog.g.cs'.
   6:6>ResolveBuildCompressedStaticWebAssets:
         Processing route 'css/animations.i2q58c2osp.css.gz'
   5:6>MarkupCompilePass1:
         Generated BAML file: 'c:\Apps\TicketConsolidator\src\TicketConsolidator.UI\obj\Debug\net10.0-windows\Views\Dialogs\SuccessDialog.baml'.
   6:6>ResolveBuildCompressedStaticWebAssets:
         Processing route 'css/animations.i2q58c2osp.css'
   5:6>MarkupCompilePass1:
         Generated code file: 'c:\Apps\TicketConsolidator\src\TicketConsolidator.UI\obj\Debug\net10.0-windows\Views\HelpView.g.cs'.
   6:6>ResolveBuildCompressedStaticWebAssets:
         Processing route 'css/animations.i2q58c2osp.css'
       Done executing task "ApplyCompressionNegotiation".
   6:6>Done building target "ResolveBuildCompressedStaticWebAssets" in project "TicketConsolidator.Web.csproj".
   5:6>MarkupCompilePass1:
         Generated BAML file: 'c:\Apps\TicketConsolidator\src\TicketConsolidator.UI\obj\Debug\net10.0-windows\Views\HelpView.baml'.
   6:6>Target "ResolveStaticWebAssetsInputs" skipped. Previously built successfully.
   5:6>MarkupCompilePass1:
         Generated code file: 'c:\Apps\TicketConsolidator\src\TicketConsolidator.UI\obj\Debug\net10.0-windows\Views\InternalReleaseView.g.cs'.
         Generated BAML file: 'c:\Apps\TicketConsolidator\src\TicketConsolidator.UI\obj\Debug\net10.0-windows\Views\InternalReleaseView.baml'.
         Generated code file: 'c:\Apps\TicketConsolidator\src\TicketConsolidator.UI\obj\Debug\net10.0-windows\Views\JiraLoginWindow.g.cs'.
         Generated BAML file: 'c:\Apps\TicketConsolidator\src\TicketConsolidator.UI\obj\Debug\net10.0-windows\Views\JiraLoginWindow.baml'.
   6:6>Target "ResolveBuildRelatedStaticWebAssets" in file "C:\Program Files\dotnet\sdk\10.0.103\Sdks\Microsoft.NET.Sdk.StaticWebAssets\targets\Microsoft.NET.Sdk.StaticWebAssets.targets" from project "c:\Apps\TicketConsolidator\src\TicketConsolidator.Web\TicketConsolidator.Web.csproj" (target "ResolveBuildStaticWebAssets" depends on it):
   6:6>Done building target "ResolveBuildRelatedStaticWebAssets" in project "TicketConsolidator.Web.csproj".
   6:6>Target "ResolveBuildStaticWebAssets" in file "C:\Program Files\dotnet\sdk\10.0.103\Sdks\Microsoft.NET.Sdk.StaticWebAssets\targets\Microsoft.NET.Sdk.StaticWebAssets.targets" from project "c:\Apps\TicketConsolidator\src\TicketConsolidator.Web\TicketConsolidator.Web.csproj" (target "StaticWebAssetsPrepareForRun" depends on it):
   6:6>Done building target "ResolveBuildStaticWebAssets" in project "TicketConsolidator.Web.csproj".
       Target "ResolveBuildStaticWebAssets" skipped. Previously built successfully.
   6:6>Target "GenerateStaticWebAssetsManifest" in file "C:\Program Files\dotnet\sdk\10.0.103\Sdks\Microsoft.NET.Sdk.StaticWebAssets\targets\Microsoft.NET.Sdk.StaticWebAssets.targets" from project "c:\Apps\TicketConsolidator\src\TicketConsolidator.Web\TicketConsolidator.Web.csproj" (target "StaticWebAssetsPrepareForRun" depends on it):
       Using "GenerateStaticWebAssetsManifest" task from assembly "C:\Program Files\dotnet\sdk\10.0.103\Sdks\Microsoft.NET.Sdk.StaticWebAssets\targets\..\tasks\net10.0\Microsoft.NET.Sdk.StaticWebAssets.Tasks.dll".
       Task "GenerateStaticWebAssetsManifest"
         Generating manifest for '39' assets and '112' endpoints
         Assembly loaded during TaskRun (Microsoft.AspNetCore.StaticWebAssets.Tasks.GenerateStaticWebAssetsManifest): System.Reflection.Emit.Lightweight, Version=10.0.0.0, Culture=neutral, PublicKeyToken=b03f5f7f11d50a3a (location: C:\Program Files\dotnet\shared\Microsoft.NETCore.App\10.0.3\System.Reflection.Emit.Lightweight.dll, MVID: e4d954ed-5d75-4fe6-a4d9-f4b99d304032, AssemblyLoadContext: Default)
         Assembly loaded during TaskRun (Microsoft.AspNetCore.StaticWebAssets.Tasks.GenerateStaticWebAssetsManifest): System.Reflection.Primitives, Version=10.0.0.0, Culture=neutral, PublicKeyToken=b03f5f7f11d50a3a (location: C:\Program Files\dotnet\shared\Microsoft.NETCore.App\10.0.3\System.Reflection.Primitives.dll, MVID: 1ad3fb70-2485-42ce-8aab-38b4cb8fa126, AssemblyLoadContext: Default)
         Assembly loaded during TaskRun (Microsoft.AspNetCore.StaticWebAssets.Tasks.GenerateStaticWebAssetsManifest): System.Reflection.Emit.ILGeneration, Version=10.0.0.0, Culture=neutral, PublicKeyToken=b03f5f7f11d50a3a (location: C:\Program Files\dotnet\shared\Microsoft.NETCore.App\10.0.3\System.Reflection.Emit.ILGeneration.dll, MVID: a06ff280-33aa-4509-8f4c-098c866bb75a, AssemblyLoadContext: Default)
   5:6>MarkupCompilePass1:
         Generated code file: 'c:\Apps\TicketConsolidator\src\TicketConsolidator.UI\obj\Debug\net10.0-windows\Views\LogsView.g.cs'.
         Generated BAML file: 'c:\Apps\TicketConsolidator\src\TicketConsolidator.UI\obj\Debug\net10.0-windows\Views\LogsView.baml'.
         Generated code file: 'c:\Apps\TicketConsolidator\src\TicketConsolidator.UI\obj\Debug\net10.0-windows\Views\SettingsView.g.cs'.
         Generated code file: 'c:\Apps\TicketConsolidator\src\TicketConsolidator.UI\obj\Debug\net10.0-windows\Views\TemplateEditorView.g.cs'.
         Generated BAML file: 'c:\Apps\TicketConsolidator\src\TicketConsolidator.UI\obj\Debug\net10.0-windows\Views\TemplateEditorView.baml'.
         Generated code file: 'c:\Apps\TicketConsolidator\src\TicketConsolidator.UI\obj\Debug\net10.0-windows\App.g.cs'.
         Markup compilation is done.
         MarkupCompilePass1 successfully generated BAML or source code files.
       C:\Program Files\dotnet\sdk\10.0.103\Sdks\Microsoft.NET.Sdk.WindowsDesktop\targets\Microsoft.WinFX.targets(242,15): message : Property reassignment: $(_RequireMCPass2ForMainAssembly)="True" (previous value: "false") at C:\Program Files\dotnet\sdk\10.0.103\Sdks\Microsoft.NET.Sdk.WindowsDesktop\targets\Microsoft.WinFX.targets (242,15) [c:\Apps\TicketConsolidator\src\TicketConsolidator.UI\TicketConsolidator.UI.csproj]
       C:\Program Files\dotnet\sdk\10.0.103\Sdks\Microsoft.NET.Sdk.WindowsDesktop\targets\Microsoft.WinFX.targets(243,15): message : Property reassignment: $(_RequireMCPass2ForSatelliteAssemblyOnly)="False" (previous value: "false") at C:\Program Files\dotnet\sdk\10.0.103\Sdks\Microsoft.NET.Sdk.WindowsDesktop\targets\Microsoft.WinFX.targets (243,15) [c:\Apps\TicketConsolidator\src\TicketConsolidator.UI\TicketConsolidator.UI.csproj]
       Done executing task "MarkupCompilePass1".
   5:6>Done building target "MarkupCompilePass1" in project "TicketConsolidator.UI.csproj".
   5:6>Target "AfterMarkupCompilePass1" in file "C:\Program Files\dotnet\sdk\10.0.103\Sdks\Microsoft.NET.Sdk.WindowsDesktop\targets\Microsoft.WinFX.targets" from project "c:\Apps\TicketConsolidator\src\TicketConsolidator.UI\TicketConsolidator.UI.csproj" (target "PrepareResources" depends on it):
   5:6>Done building target "AfterMarkupCompilePass1" in project "TicketConsolidator.UI.csproj".
   5:6>Target "GenerateTemporaryTargetAssembly" in file "C:\Program Files\dotnet\sdk\10.0.103\Sdks\Microsoft.NET.Sdk.WindowsDesktop\targets\Microsoft.WinFX.targets" from project "c:\Apps\TicketConsolidator\src\TicketConsolidator.UI\TicketConsolidator.UI.csproj" (target "MarkupCompilePass2ForMainAssembly" depends on it):
       Using "Copy" task from assembly "Microsoft.Build.Tasks.Core, Version=15.1.0.0, Culture=neutral, PublicKeyToken=b03f5f7f11d50a3a".
       Task "Copy"
         Copying file from "c:\Apps\TicketConsolidator\src\TicketConsolidator.UI\obj\TicketConsolidator.UI.csproj.nuget.dgspec.json" to "c:\Apps\TicketConsolidator\src\TicketConsolidator.UI\obj\TicketConsolidator.UI_bqhhcq12_wpftmp.csproj.nuget.dgspec.json".
         Copying file from "c:\Apps\TicketConsolidator\src\TicketConsolidator.UI\obj\TicketConsolidator.UI.csproj.nuget.g.targets" to "c:\Apps\TicketConsolidator\src\TicketConsolidator.UI\obj\TicketConsolidator.UI_bqhhcq12_wpftmp.csproj.nuget.g.targets".
         Copying file from "c:\Apps\TicketConsolidator\src\TicketConsolidator.UI\obj\TicketConsolidator.UI.csproj.nuget.g.props" to "c:\Apps\TicketConsolidator\src\TicketConsolidator.UI\obj\TicketConsolidator.UI_bqhhcq12_wpftmp.csproj.nuget.g.props".
       Done executing task "Copy".
       Using "GenerateTemporaryTargetAssembly" task from assembly "C:\Program Files\dotnet\sdk\10.0.103\Sdks\Microsoft.NET.Sdk.WindowsDesktop\tools\net10.0\PresentationBuildTasks.dll".
       Task "GenerateTemporaryTargetAssembly"
   6:6>GenerateStaticWebAssetsManifest:
         Skipping manifest updated because manifest version 'OqOZipKo2Dw+CvorzKXt4ZJXdNeVqSV4NZY7IP6U2TA=' has not changed.
       Done executing task "GenerateStaticWebAssetsManifest".
       Using "GenerateStaticWebAssetEndpointsManifest" task from assembly "C:\Program Files\dotnet\sdk\10.0.103\Sdks\Microsoft.NET.Sdk.StaticWebAssets\targets\..\tasks\net10.0\Microsoft.NET.Sdk.StaticWebAssets.Tasks.dll".
       Task "GenerateStaticWebAssetEndpointsManifest"
         Skipping manifest generation because manifest file 'obj\Debug\net10.0-windows\staticwebassets.build.endpoints.json' is up to date.
       Done executing task "GenerateStaticWebAssetEndpointsManifest".
       Using "GenerateStaticWebAssetsDevelopmentManifest" task from assembly "C:\Program Files\dotnet\sdk\10.0.103\Sdks\Microsoft.NET.Sdk.StaticWebAssets\targets\..\tasks\net10.0\Microsoft.NET.Sdk.StaticWebAssets.Tasks.dll".
       Task "GenerateStaticWebAssetsDevelopmentManifest"
         Skipping manifest generation because manifest file 'obj\Debug\net10.0-windows\staticwebassets.development.json' is up to date.
       Done executing task "GenerateStaticWebAssetsDevelopmentManifest".
   6:6>Done building target "GenerateStaticWebAssetsManifest" in project "TicketConsolidator.Web.csproj".
   6:6>Target "LoadStaticWebAssetsBuildManifest" in file "C:\Program Files\dotnet\sdk\10.0.103\Sdks\Microsoft.NET.Sdk.StaticWebAssets\targets\Microsoft.NET.Sdk.StaticWebAssets.Publish.targets" from project "c:\Apps\TicketConsolidator\src\TicketConsolidator.Web\TicketConsolidator.Web.csproj" (target "CopyStaticWebAssetsToOutputDirectory" depends on it):
       Using "ReadStaticWebAssetsManifestFile" task from assembly "C:\Program Files\dotnet\sdk\10.0.103\Sdks\Microsoft.NET.Sdk.StaticWebAssets\targets\..\tasks\net10.0\Microsoft.NET.Sdk.StaticWebAssets.Tasks.dll".
       Task "ReadStaticWebAssetsManifestFile"
     0>C:\Program Files\dotnet\sdk\10.0.103\Sdks\Microsoft.NET.Sdk\Sdk\Sdk.props(49,11): message : Property 'MSBuildExtensionsPath' with value 'C:\Program Files\dotnet\sdk\10.0.103\' expanded from the environment.
       c:\Apps\TicketConsolidator\src\TicketConsolidator.UI\obj\TicketConsolidator.UI_bqhhcq12_wpftmp.csproj.nuget.g.props(7,5): message : Property 'USERPROFILE' with value 'C:\Users\krish.maniar.ATPL-LAP-723' expanded from the environment.
       C:\Program Files\dotnet\sdk\10.0.103\Current\Microsoft.Common.props(84,119): message : Property 'MSBuildUserExtensionsPath' with value 'C:\Users\krish.maniar.ATPL-LAP-723\AppData\Local\Microsoft\MSBuild' expanded from the environment.
       The "Configuration" property is a global property, and cannot be modified.
       The "Platform" property is a global property, and cannot be modified.
       The "Configuration" property is a global property, and cannot be modified.
       The "Platform" property is a global property, and cannot be modified.
       C:\Program Files\dotnet\sdk\10.0.103\Sdks\Microsoft.NET.Sdk\targets\Microsoft.NET.Sdk.props(90,5): message : Property reassignment: $(AssemblySearchPaths)="{CandidateAssemblyFiles};{HintPathFromItem}" (previous value: "{CandidateAssemblyFiles}") at C:\Program Files\dotnet\sdk\10.0.103\Sdks\Microsoft.NET.Sdk\targets\Microsoft.NET.Sdk.props (90,5)
       C:\Program Files\dotnet\sdk\10.0.103\Sdks\Microsoft.NET.Sdk\targets\Microsoft.NET.Sdk.props(91,5): message : Property reassignment: $(AssemblySearchPaths)="{CandidateAssemblyFiles};{HintPathFromItem};{TargetFrameworkDirectory}" (previous value: "{CandidateAssemblyFiles};{HintPathFromItem}") at C:\Program Files\dotnet\sdk\10.0.103\Sdks\Microsoft.NET.Sdk\targets\Microsoft.NET.Sdk.props (91,5)
       C:\Program Files\dotnet\sdk\10.0.103\Sdks\Microsoft.NET.Sdk\targets\Microsoft.NET.Sdk.props(92,5): message : Property reassignment: $(AssemblySearchPaths)="{CandidateAssemblyFiles};{HintPathFromItem};{TargetFrameworkDirectory};{RawFileName}" (previous value: "{CandidateAssemblyFiles};{HintPathFromItem};{TargetFrameworkDirectory}") at C:\Program Files\dotnet\sdk\10.0.103\Sdks\Microsoft.NET.Sdk\targets\Microsoft.NET.Sdk.props (92,5)
       c:\Apps\TicketConsolidator\src\TicketConsolidator.UI\TicketConsolidator.UI_bqhhcq12_wpftmp.csproj(29,5): message : Property reassignment: $(OutputType)="WinExe" (previous value: "Library") at c:\Apps\TicketConsolidator\src\TicketConsolidator.UI\TicketConsolidator.UI_bqhhcq12_wpftmp.csproj (29,5)
       c:\Apps\TicketConsolidator\src\TicketConsolidator.UI\TicketConsolidator.UI_bqhhcq12_wpftmp.csproj(33,5): message : Property reassignment: $(NoWarn)="NU1701" (previous value: "1701;1702") at c:\Apps\TicketConsolidator\src\TicketConsolidator.UI\TicketConsolidator.UI_bqhhcq12_wpftmp.csproj (33,5)
       The "Configuration" property is a global property, and cannot be modified.
       The "Platform" property is a global property, and cannot be modified.
       C:\Program Files\dotnet\sdk\10.0.103\Sdks\Microsoft.NET.Sdk\targets\Microsoft.NET.Sdk.ImportPublishProfile.targets(28,5): message : Property reassignment: $(PublishProfileImported)="false" (previous value: "true") at C:\Program Files\dotnet\sdk\10.0.103\Sdks\Microsoft.NET.Sdk\targets\Microsoft.NET.Sdk.ImportPublishProfile.targets (28,5)
       C:\Program Files\dotnet\sdk\10.0.103\Sdks\Microsoft.NET.Sdk\targets\Microsoft.NET.TargetFrameworkInference.targets(80,5): message : Property reassignment: $(TargetPlatformVersion)="0.0" (previous value: "0.0.0.0") at C:\Program Files\dotnet\sdk\10.0.103\Sdks\Microsoft.NET.Sdk\targets\Microsoft.NET.TargetFrameworkInference.targets (80,5)
       C:\Program Files\dotnet\sdk\10.0.103\Sdks\Microsoft.NET.Sdk\targets\Microsoft.NET.TargetFrameworkInference.targets(81,5): message : Property reassignment: $(TargetPlatformVersion)="" (previous value: "0.0") at C:\Program Files\dotnet\sdk\10.0.103\Sdks\Microsoft.NET.Sdk\targets\Microsoft.NET.TargetFrameworkInference.targets (81,5)
       C:\Program Files\dotnet\sdk\10.0.103\Sdks\Microsoft.NET.Sdk\targets\Microsoft.NET.TargetFrameworkInference.targets(84,5): message : Property reassignment: $(TargetPlatformIdentifier)="Windows" (previous value: "windows") at C:\Program Files\dotnet\sdk\10.0.103\Sdks\Microsoft.NET.Sdk\targets\Microsoft.NET.TargetFrameworkInference.targets (84,5)
       C:\Program Files\dotnet\sdk\10.0.103\Sdks\Microsoft.NET.Sdk\targets\Microsoft.NET.DefaultOutputPaths.targets(127,5): message : Property reassignment: $(DefaultItemExcludes)=";bin\Debug\/**;obj\Debug\/**" (previous value: ";bin\Debug\/**") at C:\Program Files\dotnet\sdk\10.0.103\Sdks\Microsoft.NET.Sdk\targets\Microsoft.NET.DefaultOutputPaths.targets (127,5)
       C:\Program Files\dotnet\sdk\10.0.103\Sdks\Microsoft.NET.Sdk\targets\Microsoft.NET.DefaultOutputPaths.targets(142,5): message : Property reassignment: $(OutputPath)="bin\Debug\net10.0-windows\" (previous value: "bin\Debug\") at C:\Program Files\dotnet\sdk\10.0.103\Sdks\Microsoft.NET.Sdk\targets\Microsoft.NET.DefaultOutputPaths.targets (142,5)
       C:\Program Files\dotnet\sdk\10.0.103\Sdks\Microsoft.NET.Sdk\targets\Microsoft.NET.DefaultOutputPaths.targets(147,5): message : Property reassignment: $(IntermediateOutputPath)="obj\Debug\net10.0-windows\" (previous value: "obj\Debug\") at C:\Program Files\dotnet\sdk\10.0.103\Sdks\Microsoft.NET.Sdk\targets\Microsoft.NET.DefaultOutputPaths.targets (147,5)
       C:\Program Files\dotnet\sdk\10.0.103\Sdks\Microsoft.NET.Sdk\targets\Microsoft.NET.Sdk.BeforeCommon.targets(371,5): message : Property reassignment: $(RoslynTargetsPath)="C:\Program Files\dotnet\sdk\10.0.103\Sdks\Microsoft.NET.Sdk\targets\..\..\..\Roslyn" (previous value: "C:\Program Files\dotnet\sdk\10.0.103\Roslyn") at C:\Program Files\dotnet\sdk\10.0.103\Sdks\Microsoft.NET.Sdk\targets\Microsoft.NET.Sdk.BeforeCommon.targets (371,5)
       C:\Program Files\dotnet\sdk\10.0.103\Roslyn\Microsoft.Managed.Core.targets(6,5): message : Property reassignment: $(_BuildTasksDirectory)="C:\Program Files\dotnet\sdk\10.0.103\Sdks\Microsoft.NET.Sdk\targets\..\..\..\Roslyn\" (previous value: "C:\Program Files\dotnet\sdk\10.0.103\Roslyn\") at C:\Program Files\dotnet\sdk\10.0.103\Roslyn\Microsoft.Managed.Core.targets (6,5)
       C:\Program Files\dotnet\sdk\10.0.103\Roslyn\Microsoft.CSharp.Core.targets(200,5): message : Property reassignment: $(CommandLineArgsForDesignTimeEvaluation)="-langversion:14.0 -define:TRACE" (previous value: "-langversion:14.0") at C:\Program Files\dotnet\sdk\10.0.103\Roslyn\Microsoft.CSharp.Core.targets (200,5)
       The "Platform" property is a global property, and cannot be modified.
       The "Configuration" property is a global property, and cannot be modified.
       C:\Program Files\dotnet\sdk\10.0.103\Microsoft.Common.CurrentVersion.targets(175,5): message : Property reassignment: $(_DebugSymbolsProduced)="true" (previous value: "false") at C:\Program Files\dotnet\sdk\10.0.103\Microsoft.Common.CurrentVersion.targets (175,5)
       C:\Program Files\dotnet\sdk\10.0.103\Microsoft.Common.CurrentVersion.targets(185,5): message : Property reassignment: $(_DocumentationFileProduced)="false" (previous value: "true") at C:\Program Files\dotnet\sdk\10.0.103\Microsoft.Common.CurrentVersion.targets (185,5)
       The "SolutionName" property is a global property, and cannot be modified.
       The "SolutionFileName" property is a global property, and cannot be modified.
       The "SolutionPath" property is a global property, and cannot be modified.
       The "SolutionDir" property is a global property, and cannot be modified.
       The "SolutionExt" property is a global property, and cannot be modified.
       C:\Program Files\dotnet\sdk\10.0.103\Microsoft.Common.CurrentVersion.targets(392,5): message : Property reassignment: $(MSBuildCopyMarkerName)="TicketCo.E5EF7997" (previous value: "TicketConsolidator.UI_bqhhcq12_wpftmp.csproj") at C:\Program Files\dotnet\sdk\10.0.103\Microsoft.Common.CurrentVersion.targets (392,5)
       C:\Program Files\dotnet\sdk\10.0.103\Microsoft.Common.CurrentVersion.targets(393,5): message : Property reassignment: $(MSBuildCopyMarkerName)="TicketCo.E5EF7997.Up2Date" (previous value: "TicketCo.E5EF7997") at C:\Program Files\dotnet\sdk\10.0.103\Microsoft.Common.CurrentVersion.targets (393,5)
       C:\Program Files\dotnet\sdk\10.0.103\Microsoft.Common.CurrentVersion.targets(528,5): message : Property reassignment: $(ProcessorArchitecture)="amd64" (previous value: "x64") at C:\Program Files\dotnet\sdk\10.0.103\Microsoft.Common.CurrentVersion.targets (528,5)
       C:\Program Files\dotnet\sdk\10.0.103\Microsoft.Common.CurrentVersion.targets(580,5): message : Property reassignment: $(DelaySign)="" (previous value: "false") at C:\Program Files\dotnet\sdk\10.0.103\Microsoft.Common.CurrentVersion.targets (580,5)
       C:\Program Files\dotnet\sdk\10.0.103\Microsoft.Common.CurrentVersion.targets(2606,5): message : Property 'LOCALAPPDATA' with value 'C:\Users\krish.maniar.ATPL-LAP-723\AppData\Local' expanded from the environment.
       C:\Program Files\dotnet\sdk\10.0.103\Microsoft.Common.CurrentVersion.targets(3934,5): message : Property reassignment: $(_SGenGenerateSerializationAssembliesConfig)="Auto" (previous value: "") at C:\Program Files\dotnet\sdk\10.0.103\Microsoft.Common.CurrentVersion.targets (3934,5)
       C:\Program Files\dotnet\sdk\10.0.103\Microsoft.Common.CurrentVersion.targets(3935,5): message : Property reassignment: $(_SGenGenerateSerializationAssembliesConfig)="Off" (previous value: "Auto") at C:\Program Files\dotnet\sdk\10.0.103\Microsoft.Common.CurrentVersion.targets (3935,5)
       C:\Program Files\dotnet\sdk\10.0.103\Microsoft.Common.CurrentVersion.targets(5146,5): message : Property reassignment: $(_TargetsThatPrepareProjectReferences)="
       C:\Program Files\dotnet\sdk\10.0.103\Microsoft.Common.CurrentVersion.targets(5146,5): message :       AssignProjectConfiguration;
       C:\Program Files\dotnet\sdk\10.0.103\Microsoft.Common.CurrentVersion.targets(5146,5): message :       _SplitProjectReferencesByFileExistence
       C:\Program Files\dotnet\sdk\10.0.103\Microsoft.Common.CurrentVersion.targets(5146,5): message :     " (previous value: "_SplitProjectReferencesByFileExistence") at C:\Program Files\dotnet\sdk\10.0.103\Microsoft.Common.CurrentVersion.targets (5146,5)
       C:\Program Files\dotnet\sdk\10.0.103\Microsoft.Common.CurrentVersion.targets(6959,5): message : Property 'MSBuildExtensionsPath32' with value 'C:\Program Files\dotnet\sdk\10.0.103' expanded from the environment.
       The "NuGetInteractive" property is a global property, and cannot be modified.
   6:6>Done executing task "ReadStaticWebAssetsManifestFile".
   6:6>Done building target "LoadStaticWebAssetsBuildManifest" in project "TicketConsolidator.Web.csproj".
   6:6>Target "_EnsureContentRootFolders" in file "C:\Program Files\dotnet\sdk\10.0.103\Sdks\Microsoft.NET.Sdk.StaticWebAssets\targets\Microsoft.NET.Sdk.StaticWebAssets.targets" from project "c:\Apps\TicketConsolidator\src\TicketConsolidator.Web\TicketConsolidator.Web.csproj" (target "CopyStaticWebAssetsToOutputDirectory" depends on it):
       Task "MakeDir"
       Done executing task "MakeDir".
   6:6>Done building target "_EnsureContentRootFolders" in project "TicketConsolidator.Web.csproj".
   6:6>Target "CopyStaticWebAssetsToOutputDirectory" in file "C:\Program Files\dotnet\sdk\10.0.103\Sdks\Microsoft.NET.Sdk.StaticWebAssets\targets\Microsoft.NET.Sdk.StaticWebAssets.targets" from project "c:\Apps\TicketConsolidator\src\TicketConsolidator.Web\TicketConsolidator.Web.csproj" (target "StaticWebAssetsPrepareForRun" depends on it):
   6:6>Done building target "CopyStaticWebAssetsToOutputDirectory" in project "TicketConsolidator.Web.csproj".
   6:6>Target "_SplitStaticWebAssetsByCopyOptions" in file "C:\Program Files\dotnet\sdk\10.0.103\Sdks\Microsoft.NET.Sdk.StaticWebAssets\targets\Microsoft.NET.Sdk.StaticWebAssets.targets" from project "c:\Apps\TicketConsolidator\src\TicketConsolidator.Web\TicketConsolidator.Web.csproj" (target "StaticWebAssetsPrepareForRun" depends on it):
       Using "CollectStaticWebAssetsToCopy" task from assembly "C:\Program Files\dotnet\sdk\10.0.103\Sdks\Microsoft.NET.Sdk.StaticWebAssets\targets\..\tasks\net10.0\Microsoft.NET.Sdk.StaticWebAssets.Tasks.dll".
       Task "CollectStaticWebAssetsToCopy"
         Skipping asset 'C:\Users\krish.maniar.ATPL-LAP-723\.nuget\packages\microsoft.aspnetcore.app.internal.assets\10.0.3\_framework\blazor.server.js' since copy to output directory option is 'Never'
         Skipping asset 'C:\Users\krish.maniar.ATPL-LAP-723\.nuget\packages\microsoft.aspnetcore.app.internal.assets\10.0.3\_framework\blazor.web.js' since copy to output directory option is 'Never'
         Skipping asset 'c:\Apps\TicketConsolidator\src\TicketConsolidator.Web\obj\Debug\net10.0-windows\compressed\27b636fk81-{0}-4rehuv7qkx-4rehuv7qkx.gz' since copy to output directory option is 'Never'
         Skipping asset 'c:\Apps\TicketConsolidator\src\TicketConsolidator.Web\obj\Debug\net10.0-windows\compressed\3e0p459v9g-{0}-ax6tuj8tun-ax6tuj8tun.gz' since copy to output directory option is 'Never'
         Skipping asset 'c:\Apps\TicketConsolidator\src\TicketConsolidator.Web\obj\Debug\net10.0-windows\compressed\4pvf20j30m-{0}-i2q58c2osp-i2q58c2osp.gz' since copy to output directory option is 'Never'
         Skipping asset 'c:\Apps\TicketConsolidator\src\TicketConsolidator.Web\obj\Debug\net10.0-windows\compressed\9wm8aqtc55-{0}-zr4b1gdhaw-zr4b1gdhaw.gz' since copy to output directory option is 'Never'
         Skipping asset 'c:\Apps\TicketConsolidator\src\TicketConsolidator.Web\obj\Debug\net10.0-windows\compressed\bo61o2sihs-{0}-ff9h3twzzh-ff9h3twzzh.gz' since copy to output directory option is 'Never'
         Skipping asset 'c:\Apps\TicketConsolidator\src\TicketConsolidator.Web\obj\Debug\net10.0-windows\compressed\cm03tffi7x-{0}-2x18zjng45-2x18zjng45.gz' since copy to output directory option is 'Never'
         Skipping asset 'c:\Apps\TicketConsolidator\src\TicketConsolidator.Web\obj\Debug\net10.0-windows\compressed\ivst75prx6-{0}-kao5znno1s-kao5znno1s.gz' since copy to output directory option is 'Never'
         Skipping asset 'c:\Apps\TicketConsolidator\src\TicketConsolidator.Web\obj\Debug\net10.0-windows\compressed\n2mq5m1u6a-{0}-cmapd0fi15-cmapd0fi15.gz' since copy to output directory option is 'Never'
         Skipping asset 'c:\Apps\TicketConsolidator\src\TicketConsolidator.Web\obj\Debug\net10.0-windows\compressed\n6410mz0ds-{0}-q8i2ynhbd1-q8i2ynhbd1.gz' since copy to output directory option is 'Never'
         Skipping asset 'c:\Apps\TicketConsolidator\src\TicketConsolidator.Web\obj\Debug\net10.0-windows\compressed\pxtoaj9yk0-{0}-wk8x8xm0ah-wk8x8xm0ah.gz' since copy to output directory option is 'Never'
         Skipping asset 'c:\Apps\TicketConsolidator\src\TicketConsolidator.Web\obj\Debug\net10.0-windows\compressed\rt5ajq38dn-{0}-8ob0dhgw2w-8ob0dhgw2w.gz' since asset mode is 'Reference'
         Skipping asset 'c:\Apps\TicketConsolidator\src\TicketConsolidator.Web\obj\Debug\net10.0-windows\compressed\rt5ajq38dn-{0}-8ob0dhgw2w-8ob0dhgw2w.gz' since copy to output directory option is 'Never'
         Skipping asset 'c:\Apps\TicketConsolidator\src\TicketConsolidator.Web\obj\Debug\net10.0-windows\compressed\tqkhisg1gs-{0}-61n19gt1b8-61n19gt1b8.gz' since copy to output directory option is 'Never'
         Skipping asset 'c:\Apps\TicketConsolidator\src\TicketConsolidator.Web\obj\Debug\net10.0-windows\compressed\tzfzw3rvva-{0}-psxpu4y82n-psxpu4y82n.gz' since copy to output directory option is 'Never'
         Skipping asset 'c:\Apps\TicketConsolidator\src\TicketConsolidator.Web\obj\Debug\net10.0-windows\compressed\w6mjy7kfdm-{0}-etnb7xlipe-etnb7xlipe.gz' since copy to output directory option is 'Never'
         Skipping asset 'c:\Apps\TicketConsolidator\src\TicketConsolidator.Web\obj\Debug\net10.0-windows\compressed\xr0dhsk71a-{0}-mcc55oau0q-mcc55oau0q.gz' since copy to output directory option is 'Never'
         Skipping asset 'c:\Apps\TicketConsolidator\src\TicketConsolidator.Web\obj\Debug\net10.0-windows\compressed\z5tchb8aa6-{0}-sjnzgf7e1h-sjnzgf7e1h.gz' since copy to output directory option is 'Never'
         Skipping asset 'c:\Apps\TicketConsolidator\src\TicketConsolidator.Web\obj\Debug\net10.0-windows\compressed\z9d43jy1ju-{0}-8ob0dhgw2w-8ob0dhgw2w.gz' since copy to output directory option is 'Never'
         Skipping asset 'c:\Apps\TicketConsolidator\src\TicketConsolidator.Web\obj\Debug\net10.0-windows\scopedcss\bundle\TicketConsolidator.Web.styles.css' since copy to output directory option is 'Never'
         Skipping asset 'c:\Apps\TicketConsolidator\src\TicketConsolidator.Web\obj\Debug\net10.0-windows\scopedcss\projectbundle\TicketConsolidator.Web.bundle.scp.css' since asset mode is 'Reference'
         Skipping asset 'c:\Apps\TicketConsolidator\src\TicketConsolidator.Web\obj\Debug\net10.0-windows\scopedcss\projectbundle\TicketConsolidator.Web.bundle.scp.css' since copy to output directory option is 'Never'
         Skipping asset 'c:\Apps\TicketConsolidator\src\TicketConsolidator.Web\wwwroot\css\animations.css' since copy to output directory option is 'Never'
         Skipping asset 'c:\Apps\TicketConsolidator\src\TicketConsolidator.Web\wwwroot\css\bootstrap\bootstrap.min.css' since copy to output directory option is 'Never'
         Skipping asset 'c:\Apps\TicketConsolidator\src\TicketConsolidator.Web\wwwroot\css\bootstrap\bootstrap.min.css.map' since copy to output directory option is 'Never'
         Skipping asset 'c:\Apps\TicketConsolidator\src\TicketConsolidator.Web\wwwroot\css\codeEditor.css' since copy to output directory option is 'Never'
         Skipping asset 'c:\Apps\TicketConsolidator\src\TicketConsolidator.Web\wwwroot\css\glass.css' since copy to output directory option is 'Never'
         Skipping asset 'c:\Apps\TicketConsolidator\src\TicketConsolidator.Web\wwwroot\css\open-iconic\FONT-LICENSE' since copy to output directory option is 'Never'
         Skipping asset 'c:\Apps\TicketConsolidator\src\TicketConsolidator.Web\wwwroot\css\open-iconic\ICON-LICENSE' since copy to output directory option is 'Never'
         Skipping asset 'c:\Apps\TicketConsolidator\src\TicketConsolidator.Web\wwwroot\css\open-iconic\README.md' since copy to output directory option is 'Never'
         Skipping asset 'c:\Apps\TicketConsolidator\src\TicketConsolidator.Web\wwwroot\css\open-iconic\font\css\open-iconic-bootstrap.min.css' since copy to output directory option is 'Never'
         Skipping asset 'c:\Apps\TicketConsolidator\src\TicketConsolidator.Web\wwwroot\css\open-iconic\font\fonts\open-iconic.eot' since copy to output directory option is 'Never'
         Skipping asset 'c:\Apps\TicketConsolidator\src\TicketConsolidator.Web\wwwroot\css\open-iconic\font\fonts\open-iconic.otf' since copy to output directory option is 'Never'
         Skipping asset 'c:\Apps\TicketConsolidator\src\TicketConsolidator.Web\wwwroot\css\open-iconic\font\fonts\open-iconic.svg' since copy to output directory option is 'Never'
         Skipping asset 'c:\Apps\TicketConsolidator\src\TicketConsolidator.Web\wwwroot\css\open-iconic\font\fonts\open-iconic.ttf' since copy to output directory option is 'Never'
         Skipping asset 'c:\Apps\TicketConsolidator\src\TicketConsolidator.Web\wwwroot\css\open-iconic\font\fonts\open-iconic.woff' since copy to output directory option is 'Never'
     0>C:\Users\krish.maniar.ATPL-LAP-723\.nuget\packages\microsoft.web.webview2\1.0.3800.47\build\Common.targets(39,5): message : Property reassignment: $(EffectivePlatform)="x86" (previous value: "AnyCPU") at C:\Users\krish.maniar.ATPL-LAP-723\.nuget\packages\microsoft.web.webview2\1.0.3800.47\build\Common.targets (39,5)
       C:\Users\krish.maniar.ATPL-LAP-723\.nuget\packages\microsoft.web.webview2\1.0.3800.47\build\Common.targets(41,5): message : Property reassignment: $(EffectivePlatform)="x64" (previous value: "x86") at C:\Users\krish.maniar.ATPL-LAP-723\.nuget\packages\microsoft.web.webview2\1.0.3800.47\build\Common.targets (41,5)
   6:6>_SplitStaticWebAssetsByCopyOptions:
         Skipping asset 'c:\Apps\TicketConsolidator\src\TicketConsolidator.Web\wwwroot\css\site.css' since copy to output directory option is 'Never'
         Skipping asset 'c:\Apps\TicketConsolidator\src\TicketConsolidator.Web\wwwroot\css\theme.css' since copy to output directory option is 'Never'
         Skipping asset 'c:\Apps\TicketConsolidator\src\TicketConsolidator.Web\wwwroot\favicon.ico' since copy to output directory option is 'Never'
         Skipping asset 'c:\Apps\TicketConsolidator\src\TicketConsolidator.Web\wwwroot\js\codeEditor.js' since copy to output directory option is 'Never'
       Done executing task "CollectStaticWebAssetsToCopy".
   6:6>Done building target "_SplitStaticWebAssetsByCopyOptions" in project "TicketConsolidator.Web.csproj".
   6:6>Target "_BuildCopyStaticWebAssetsPreserveNewest" in file "C:\Program Files\dotnet\sdk\10.0.103\Sdks\Microsoft.NET.Sdk.StaticWebAssets\targets\Microsoft.NET.Sdk.StaticWebAssets.targets" from project "c:\Apps\TicketConsolidator\src\TicketConsolidator.Web\TicketConsolidator.Web.csproj" (target "StaticWebAssetsPrepareForRun" depends on it):
       Skipping target "_BuildCopyStaticWebAssetsPreserveNewest" because it has no outputs.
       Though the target has declared its outputs, the output specification only references empty properties and/or empty item lists.
   6:6>Done building target "_BuildCopyStaticWebAssetsPreserveNewest" in project "TicketConsolidator.Web.csproj".
   6:6>Target "_BuildCopyStaticWebAssetsAlways" in file "C:\Program Files\dotnet\sdk\10.0.103\Sdks\Microsoft.NET.Sdk.StaticWebAssets\targets\Microsoft.NET.Sdk.StaticWebAssets.targets" from project "c:\Apps\TicketConsolidator\src\TicketConsolidator.Web\TicketConsolidator.Web.csproj" (target "StaticWebAssetsPrepareForRun" depends on it):
       Using "Copy" task from assembly "Microsoft.Build.Tasks.Core, Version=15.1.0.0, Culture=neutral, PublicKeyToken=b03f5f7f11d50a3a".
       Task "Copy"
       Done executing task "Copy".
   6:6>Done building target "_BuildCopyStaticWebAssetsAlways" in project "TicketConsolidator.Web.csproj".
   6:6>Target "StaticWebAssetsPrepareForRun" in file "C:\Program Files\dotnet\sdk\10.0.103\Sdks\Microsoft.NET.Sdk.StaticWebAssets\targets\Microsoft.NET.Sdk.StaticWebAssets.targets" from project "c:\Apps\TicketConsolidator\src\TicketConsolidator.Web\TicketConsolidator.Web.csproj" (target "PrepareForRun" depends on it):
   6:6>Done building target "StaticWebAssetsPrepareForRun" in project "TicketConsolidator.Web.csproj".
   6:6>Target "_CopyFilesMarkedCopyLocal" in file "C:\Program Files\dotnet\sdk\10.0.103\Microsoft.Common.CurrentVersion.targets" from project "c:\Apps\TicketConsolidator\src\TicketConsolidator.Web\TicketConsolidator.Web.csproj" (target "CopyFilesToOutputDirectory" depends on it):
       Task "Copy"
         Did not copy from file "C:\Users\krish.maniar.ATPL-LAP-723\.nuget\packages\runtime.win-x64.runtime.native.system.data.sqlclient.sni\4.4.0\runtimes\win-x64\native\sni.dll" to file "bin\Debug\net10.0-windows\runtimes\win-x64\native\sni.dll" because the "SkipUnchangedFiles" parameter was set to "true" in the project and the files' sizes and timestamps match.
         Did not copy from file "C:\Users\krish.maniar.ATPL-LAP-723\.nuget\packages\runtime.win-x86.runtime.native.system.data.sqlclient.sni\4.4.0\runtimes\win-x86\native\sni.dll" to file "bin\Debug\net10.0-windows\runtimes\win-x86\native\sni.dll" because the "SkipUnchangedFiles" parameter was set to "true" in the project and the files' sizes and timestamps match.
         Did not copy from file "C:\Users\krish.maniar.ATPL-LAP-723\.nuget\packages\runtime.win-arm64.runtime.native.system.data.sqlclient.sni\4.4.0\runtimes\win-arm64\native\sni.dll" to file "bin\Debug\net10.0-windows\runtimes\win-arm64\native\sni.dll" because the "SkipUnchangedFiles" parameter was set to "true" in the project and the files' sizes and timestamps match.
         Did not copy from file "C:\Users\krish.maniar.ATPL-LAP-723\.nuget\packages\system.data.sqlclient\4.9.0\lib\net8.0\System.Data.SqlClient.dll" to file "bin\Debug\net10.0-windows\System.Data.SqlClient.dll" because the "SkipUnchangedFiles" parameter was set to "true" in the project and the files' sizes and timestamps match.
         Did not copy from file "C:\Users\krish.maniar.ATPL-LAP-723\.nuget\packages\system.data.sqlclient\4.9.0\runtimes\win\lib\net8.0\System.Data.SqlClient.dll" to file "bin\Debug\net10.0-windows\runtimes\win\lib\net8.0\System.Data.SqlClient.dll" because the "SkipUnchangedFiles" parameter was set to "true" in the project and the files' sizes and timestamps match.
         Did not copy from file "C:\Users\krish.maniar.ATPL-LAP-723\.nuget\packages\system.data.sqlclient\4.9.0\runtimes\unix\lib\net8.0\System.Data.SqlClient.dll" to file "bin\Debug\net10.0-windows\runtimes\unix\lib\net8.0\System.Data.SqlClient.dll" because the "SkipUnchangedFiles" parameter was set to "true" in the project and the files' sizes and timestamps match.
         Did not copy from file "c:\Apps\TicketConsolidator\src\TicketConsolidator.Domain\bin\Debug\net10.0\TicketConsolidator.Domain.dll" to file "bin\Debug\net10.0-windows\TicketConsolidator.Domain.dll" because the "SkipUnchangedFiles" parameter was set to "true" in the project and the files' sizes and timestamps match.
         Did not copy from file "c:\Apps\TicketConsolidator\src\TicketConsolidator.Application\bin\Debug\net10.0\TicketConsolidator.Application.dll" to file "bin\Debug\net10.0-windows\TicketConsolidator.Application.dll" because the "SkipUnchangedFiles" parameter was set to "true" in the project and the files' sizes and timestamps match.
         Did not copy from file "c:\Apps\TicketConsolidator\src\TicketConsolidator.Domain\bin\Debug\net10.0\TicketConsolidator.Domain.pdb" to file "bin\Debug\net10.0-windows\TicketConsolidator.Domain.pdb" because the "SkipUnchangedFiles" parameter was set to "true" in the project and the files' sizes and timestamps match.
         Did not copy from file "c:\Apps\TicketConsolidator\src\TicketConsolidator.Application\bin\Debug\net10.0\TicketConsolidator.Application.pdb" to file "bin\Debug\net10.0-windows\TicketConsolidator.Application.pdb" because the "SkipUnchangedFiles" parameter was set to "true" in the project and the files' sizes and timestamps match.
         Did not copy from file "c:\Apps\TicketConsolidator\src\TicketConsolidator.Infrastructure\bin\Debug\net10.0-windows\TicketConsolidator.Infrastructure.dll" to file "bin\Debug\net10.0-windows\TicketConsolidator.Infrastructure.dll" because the "SkipUnchangedFiles" parameter was set to "true" in the project and the files' sizes and timestamps match.
         Did not copy from file "c:\Apps\TicketConsolidator\src\TicketConsolidator.Infrastructure\bin\Debug\net10.0-windows\TicketConsolidator.Infrastructure.pdb" to file "bin\Debug\net10.0-windows\TicketConsolidator.Infrastructure.pdb" because the "SkipUnchangedFiles" parameter was set to "true" in the project and the files' sizes and timestamps match.
       Done executing task "Copy".
   6:6>Done building target "_CopyFilesMarkedCopyLocal" in project "TicketConsolidator.Web.csproj".
       Target "AssignTargetPaths" skipped. Previously built successfully.
       Target "AssignProjectConfiguration" skipped. Previously built successfully.
       Target "_SplitProjectReferencesByFileExistence" skipped. Previously built successfully.
       Target "_GetProjectReferenceTargetFrameworkProperties" skipped. Previously built successfully.
   6:6>Target "_PopulateCommonStateForGetCopyToOutputDirectoryItems" in file "C:\Program Files\dotnet\sdk\10.0.103\Microsoft.Common.CurrentVersion.targets" from project "c:\Apps\TicketConsolidator\src\TicketConsolidator.Web\TicketConsolidator.Web.csproj" (target "GetCopyToOutputDirectoryItems" depends on it):
   6:6>Done building target "_PopulateCommonStateForGetCopyToOutputDirectoryItems" in project "TicketConsolidator.Web.csproj".
       Target "ResolveStaticWebAssetsConfiguration" skipped. Previously built successfully.
   6:6>Target "AddStaticWebAssetsManifest" in file "C:\Program Files\dotnet\sdk\10.0.103\Sdks\Microsoft.NET.Sdk.StaticWebAssets\targets\Microsoft.NET.Sdk.StaticWebAssets.targets" from project "c:\Apps\TicketConsolidator\src\TicketConsolidator.Web\TicketConsolidator.Web.csproj" (target "GetCopyToOutputDirectoryItems" depends on it):
   6:6>Done building target "AddStaticWebAssetsManifest" in project "TicketConsolidator.Web.csproj".
       Target "ResolveStaticWebAssetsConfiguration" skipped. Previously built successfully.
   6:6>Target "AddStaticWebAssetEndpointsBuildManifest" in file "C:\Program Files\dotnet\sdk\10.0.103\Sdks\Microsoft.NET.Sdk.StaticWebAssets\targets\Microsoft.NET.Sdk.StaticWebAssets.targets" from project "c:\Apps\TicketConsolidator\src\TicketConsolidator.Web\TicketConsolidator.Web.csproj" (target "GetCopyToOutputDirectoryItems" depends on it):
   6:6>Done building target "AddStaticWebAssetEndpointsBuildManifest" in project "TicketConsolidator.Web.csproj".
   6:6>Target "AddDepsJsonAndRuntimeConfigToCopyItemsForReferencingProjects" in file "C:\Program Files\dotnet\sdk\10.0.103\Sdks\Microsoft.NET.Sdk\targets\Microsoft.NET.Sdk.targets" from project "c:\Apps\TicketConsolidator\src\TicketConsolidator.Web\TicketConsolidator.Web.csproj" (target "GetCopyToOutputDirectoryItems" depends on it):
   6:6>Done building target "AddDepsJsonAndRuntimeConfigToCopyItemsForReferencingProjects" in project "TicketConsolidator.Web.csproj".
   6:6>Target "GetCopyToOutputDirectoryItems" in file "C:\Program Files\dotnet\sdk\10.0.103\Microsoft.Common.CurrentVersion.targets" from project "c:\Apps\TicketConsolidator\src\TicketConsolidator.Web\TicketConsolidator.Web.csproj" (target "_CopySourceItemsToOutputDirectory" depends on it):
       Using "CallTarget" task from assembly "Microsoft.Build.Tasks.Core, Version=15.1.0.0, Culture=neutral, PublicKeyToken=b03f5f7f11d50a3a".
       Task "CallTarget"
       Target "_PopulateCommonStateForGetCopyToOutputDirectoryItems" skipped. Previously built successfully.
       Target "_AddOutputPathToGlobalPropertiesToRemove" skipped. Previously built successfully.
   6:6>Target "_GetCopyToOutputDirectoryItemsFromTransitiveProjectReferences" in file "C:\Program Files\dotnet\sdk\10.0.103\Microsoft.Common.CurrentVersion.targets" from project "c:\Apps\TicketConsolidator\src\TicketConsolidator.Web\TicketConsolidator.Web.csproj" (target "GetCopyToOutputDirectoryItems" depends on it):
       Task "MSBuild"
         Global Properties:
           Configuration=Debug
           Platform=AnyCPU
         Removing Properties:
           WebPublishProfileFile
         Removing Properties for project "..\TicketConsolidator.Domain\TicketConsolidator.Domain.csproj":
           TargetFramework
           RuntimeIdentifier
           SelfContained
         Removing Properties for project "..\TicketConsolidator.Infrastructure\TicketConsolidator.Infrastructure.csproj":
           TargetFramework
           RuntimeIdentifier
           SelfContained
         Removing Properties for project "..\TicketConsolidator.Application\TicketConsolidator.Application.csproj":
           TargetFramework
           RuntimeIdentifier
           SelfContained
   6:6>Project "c:\Apps\TicketConsolidator\src\TicketConsolidator.Web\TicketConsolidator.Web.csproj" (6:6) is building "c:\Apps\TicketConsolidator\src\TicketConsolidator.Domain\TicketConsolidator.Domain.csproj" (7:32) on node 1 (GetCopyToOutputDirectoryItems target(s)).
  7:32>Target "GetCopyToOutputDirectoryItems" skipped. Previously built successfully.
  7:32>Done Building Project "c:\Apps\TicketConsolidator\src\TicketConsolidator.Domain\TicketConsolidator.Domain.csproj" (GetCopyToOutputDirectoryItems target(s)).
   6:6>Project "c:\Apps\TicketConsolidator\src\TicketConsolidator.Web\TicketConsolidator.Web.csproj" (6:6) is building "c:\Apps\TicketConsolidator\src\TicketConsolidator.Infrastructure\TicketConsolidator.Infrastructure.csproj" (4:23) on node 2 (GetCopyToOutputDirectoryItems target(s)).
  4:23>Target "NETStandardCompatError_Microsoft_Extensions_Configuration_Binder" skipped. Previously built successfully.
       Target "GetCopyToOutputDirectoryItems" skipped. Previously built successfully.
  4:23>Done Building Project "c:\Apps\TicketConsolidator\src\TicketConsolidator.Infrastructure\TicketConsolidator.Infrastructure.csproj" (GetCopyToOutputDirectoryItems target(s)).
   6:6>Project "c:\Apps\TicketConsolidator\src\TicketConsolidator.Web\TicketConsolidator.Web.csproj" (6:6) is building "c:\Apps\TicketConsolidator\src\TicketConsolidator.Application\TicketConsolidator.Application.csproj" (2:27) on node 3 (GetCopyToOutputDirectoryItems target(s)).
  2:27>Target "GetCopyToOutputDirectoryItems" skipped. Previously built successfully.
  2:27>Done Building Project "c:\Apps\TicketConsolidator\src\TicketConsolidator.Application\TicketConsolidator.Application.csproj" (GetCopyToOutputDirectoryItems target(s)).
     0>C:\Program Files\dotnet\sdk\10.0.103\Sdks\Microsoft.NET.Sdk\targets\Microsoft.PackageDependencyResolution.targets(29,5): message : Property reassignment: $(ProjectAssetsCacheFile)="c:\Apps\TicketConsolidator\src\TicketConsolidator.UI\obj\Debug\net10.0-windows\TicketConsolidator.UI_bqhhcq12_wpftmp.assets.cache" (previous value: "obj\Debug\net10.0-windows\TicketConsolidator.UI_bqhhcq12_wpftmp.assets.cache") at C:\Program Files\dotnet\sdk\10.0.103\Sdks\Microsoft.NET.Sdk\targets\Microsoft.PackageDependencyResolution.targets (29,5)
       C:\Program Files\dotnet\sdk\10.0.103\Sdks\Microsoft.NET.Sdk\targets\Microsoft.PackageDependencyResolution.targets(80,5): message : Property reassignment: $(ResolveAssemblyReferencesDependsOn)="
       C:\Program Files\dotnet\sdk\10.0.103\Sdks\Microsoft.NET.Sdk\targets\Microsoft.PackageDependencyResolution.targets(80,5): message :       
       C:\Program Files\dotnet\sdk\10.0.103\Sdks\Microsoft.NET.Sdk\targets\Microsoft.PackageDependencyResolution.targets(80,5): message :       ResolveProjectReferences;
       C:\Program Files\dotnet\sdk\10.0.103\Sdks\Microsoft.NET.Sdk\targets\Microsoft.PackageDependencyResolution.targets(80,5): message :       FindInvalidProjectReferences;
       C:\Program Files\dotnet\sdk\10.0.103\Sdks\Microsoft.NET.Sdk\targets\Microsoft.PackageDependencyResolution.targets(80,5): message :       GetFrameworkPaths;
       C:\Program Files\dotnet\sdk\10.0.103\Sdks\Microsoft.NET.Sdk\targets\Microsoft.PackageDependencyResolution.targets(80,5): message :       GetReferenceAssemblyPaths;
       C:\Program Files\dotnet\sdk\10.0.103\Sdks\Microsoft.NET.Sdk\targets\Microsoft.PackageDependencyResolution.targets(80,5): message :       PrepareForBuild;
       C:\Program Files\dotnet\sdk\10.0.103\Sdks\Microsoft.NET.Sdk\targets\Microsoft.PackageDependencyResolution.targets(80,5): message :       ResolveSDKReferences;
       C:\Program Files\dotnet\sdk\10.0.103\Sdks\Microsoft.NET.Sdk\targets\Microsoft.PackageDependencyResolution.targets(80,5): message :       ExpandSDKReferences;
       C:\Program Files\dotnet\sdk\10.0.103\Sdks\Microsoft.NET.Sdk\targets\Microsoft.PackageDependencyResolution.targets(80,5): message :     ;
       C:\Program Files\dotnet\sdk\10.0.103\Sdks\Microsoft.NET.Sdk\targets\Microsoft.PackageDependencyResolution.targets(80,5): message :       ResolvePackageDependenciesForBuild;
       C:\Program Files\dotnet\sdk\10.0.103\Sdks\Microsoft.NET.Sdk\targets\Microsoft.PackageDependencyResolution.targets(80,5): message :       _HandlePackageFileConflicts;
       C:\Program Files\dotnet\sdk\10.0.103\Sdks\Microsoft.NET.Sdk\targets\Microsoft.PackageDependencyResolution.targets(80,5): message :     " (previous value: "
       C:\Program Files\dotnet\sdk\10.0.103\Sdks\Microsoft.NET.Sdk\targets\Microsoft.PackageDependencyResolution.targets(80,5): message :       ResolveProjectReferences;
       C:\Program Files\dotnet\sdk\10.0.103\Sdks\Microsoft.NET.Sdk\targets\Microsoft.PackageDependencyResolution.targets(80,5): message :       FindInvalidProjectReferences;
       C:\Program Files\dotnet\sdk\10.0.103\Sdks\Microsoft.NET.Sdk\targets\Microsoft.PackageDependencyResolution.targets(80,5): message :       GetFrameworkPaths;
       C:\Program Files\dotnet\sdk\10.0.103\Sdks\Microsoft.NET.Sdk\targets\Microsoft.PackageDependencyResolution.targets(80,5): message :       GetReferenceAssemblyPaths;
       C:\Program Files\dotnet\sdk\10.0.103\Sdks\Microsoft.NET.Sdk\targets\Microsoft.PackageDependencyResolution.targets(80,5): message :       PrepareForBuild;
       C:\Program Files\dotnet\sdk\10.0.103\Sdks\Microsoft.NET.Sdk\targets\Microsoft.PackageDependencyResolution.targets(80,5): message :       ResolveSDKReferences;
       C:\Program Files\dotnet\sdk\10.0.103\Sdks\Microsoft.NET.Sdk\targets\Microsoft.PackageDependencyResolution.targets(80,5): message :       ExpandSDKReferences;
       C:\Program Files\dotnet\sdk\10.0.103\Sdks\Microsoft.NET.Sdk\targets\Microsoft.PackageDependencyResolution.targets(80,5): message :     ") at C:\Program Files\dotnet\sdk\10.0.103\Sdks\Microsoft.NET.Sdk\targets\Microsoft.PackageDependencyResolution.targets (80,5)
       C:\Program Files\dotnet\sdk\10.0.103\Sdks\Microsoft.NET.Sdk\targets\Microsoft.PackageDependencyResolution.targets(86,5): message : Property reassignment: $(PrepareResourcesDependsOn)="
       C:\Program Files\dotnet\sdk\10.0.103\Sdks\Microsoft.NET.Sdk\targets\Microsoft.PackageDependencyResolution.targets(86,5): message :       ResolvePackageDependenciesForBuild;
       C:\Program Files\dotnet\sdk\10.0.103\Sdks\Microsoft.NET.Sdk\targets\Microsoft.PackageDependencyResolution.targets(86,5): message :       _HandlePackageFileConflicts;
       C:\Program Files\dotnet\sdk\10.0.103\Sdks\Microsoft.NET.Sdk\targets\Microsoft.PackageDependencyResolution.targets(86,5): message :       
       C:\Program Files\dotnet\sdk\10.0.103\Sdks\Microsoft.NET.Sdk\targets\Microsoft.PackageDependencyResolution.targets(86,5): message :       ;
       C:\Program Files\dotnet\sdk\10.0.103\Sdks\Microsoft.NET.Sdk\targets\Microsoft.PackageDependencyResolution.targets(86,5): message :       PrepareResourceNames;
       C:\Program Files\dotnet\sdk\10.0.103\Sdks\Microsoft.NET.Sdk\targets\Microsoft.PackageDependencyResolution.targets(86,5): message :       ResGen;
       C:\Program Files\dotnet\sdk\10.0.103\Sdks\Microsoft.NET.Sdk\targets\Microsoft.PackageDependencyResolution.targets(86,5): message :       CompileLicxFiles
       C:\Program Files\dotnet\sdk\10.0.103\Sdks\Microsoft.NET.Sdk\targets\Microsoft.PackageDependencyResolution.targets(86,5): message :     
       C:\Program Files\dotnet\sdk\10.0.103\Sdks\Microsoft.NET.Sdk\targets\Microsoft.PackageDependencyResolution.targets(86,5): message :     " (previous value: "
       C:\Program Files\dotnet\sdk\10.0.103\Sdks\Microsoft.NET.Sdk\targets\Microsoft.PackageDependencyResolution.targets(86,5): message :       ;
       C:\Program Files\dotnet\sdk\10.0.103\Sdks\Microsoft.NET.Sdk\targets\Microsoft.PackageDependencyResolution.targets(86,5): message :       PrepareResourceNames;
       C:\Program Files\dotnet\sdk\10.0.103\Sdks\Microsoft.NET.Sdk\targets\Microsoft.PackageDependencyResolution.targets(86,5): message :       ResGen;
       C:\Program Files\dotnet\sdk\10.0.103\Sdks\Microsoft.NET.Sdk\targets\Microsoft.PackageDependencyResolution.targets(86,5): message :       CompileLicxFiles
       C:\Program Files\dotnet\sdk\10.0.103\Sdks\Microsoft.NET.Sdk\targets\Microsoft.PackageDependencyResolution.targets(86,5): message :     ") at C:\Program Files\dotnet\sdk\10.0.103\Sdks\Microsoft.NET.Sdk\targets\Microsoft.PackageDependencyResolution.targets (86,5)
       C:\Program Files\dotnet\sdk\10.0.103\Sdks\Microsoft.NET.Sdk\targets\Microsoft.NET.Sdk.DefaultItems.targets(35,5): message : Property reassignment: $(DefaultItemExcludes)=";bin\Debug\/**;obj\Debug\/**;bin\/**" (previous value: ";bin\Debug\/**;obj\Debug\/**") at C:\Program Files\dotnet\sdk\10.0.103\Sdks\Microsoft.NET.Sdk\targets\Microsoft.NET.Sdk.DefaultItems.targets (35,5)
       C:\Program Files\dotnet\sdk\10.0.103\Sdks\Microsoft.NET.Sdk\targets\Microsoft.NET.Sdk.DefaultItems.targets(37,5): message : Property reassignment: $(DefaultItemExcludes)=";bin\Debug\/**;obj\Debug\/**;bin\/**;obj\/**" (previous value: ";bin\Debug\/**;obj\Debug\/**;bin\/**") at C:\Program Files\dotnet\sdk\10.0.103\Sdks\Microsoft.NET.Sdk\targets\Microsoft.NET.Sdk.DefaultItems.targets (37,5)
       C:\Program Files\dotnet\sdk\10.0.103\Sdks\Microsoft.NET.Sdk\targets\Microsoft.NET.Sdk.DefaultItems.targets(40,5): message : Property reassignment: $(DefaultItemExcludes)=";bin\Debug\/**;obj\Debug\/**;bin\/**;obj\/**;**/*.user" (previous value: ";bin\Debug\/**;obj\Debug\/**;bin\/**;obj\/**") at C:\Program Files\dotnet\sdk\10.0.103\Sdks\Microsoft.NET.Sdk\targets\Microsoft.NET.Sdk.DefaultItems.targets (40,5)
       C:\Program Files\dotnet\sdk\10.0.103\Sdks\Microsoft.NET.Sdk\targets\Microsoft.NET.Sdk.DefaultItems.targets(41,5): message : Property reassignment: $(DefaultItemExcludes)=";bin\Debug\/**;obj\Debug\/**;bin\/**;obj\/**;**/*.user;**/*.*proj" (previous value: ";bin\Debug\/**;obj\Debug\/**;bin\/**;obj\/**;**/*.user") at C:\Program Files\dotnet\sdk\10.0.103\Sdks\Microsoft.NET.Sdk\targets\Microsoft.NET.Sdk.DefaultItems.targets (41,5)
       C:\Program Files\dotnet\sdk\10.0.103\Sdks\Microsoft.NET.Sdk\targets\Microsoft.NET.Sdk.DefaultItems.targets(42,5): message : Property reassignment: $(DefaultItemExcludes)=";bin\Debug\/**;obj\Debug\/**;bin\/**;obj\/**;**/*.user;**/*.*proj;**/*.sln" (previous value: ";bin\Debug\/**;obj\Debug\/**;bin\/**;obj\/**;**/*.user;**/*.*proj") at C:\Program Files\dotnet\sdk\10.0.103\Sdks\Microsoft.NET.Sdk\targets\Microsoft.NET.Sdk.DefaultItems.targets (42,5)
       C:\Program Files\dotnet\sdk\10.0.103\Sdks\Microsoft.NET.Sdk\targets\Microsoft.NET.Sdk.DefaultItems.targets(43,5): message : Property reassignment: $(DefaultItemExcludes)=";bin\Debug\/**;obj\Debug\/**;bin\/**;obj\/**;**/*.user;**/*.*proj;**/*.sln;**/*.slnx" (previous value: ";bin\Debug\/**;obj\Debug\/**;bin\/**;obj\/**;**/*.user;**/*.*proj;**/*.sln") at C:\Program Files\dotnet\sdk\10.0.103\Sdks\Microsoft.NET.Sdk\targets\Microsoft.NET.Sdk.DefaultItems.targets (43,5)
       C:\Program Files\dotnet\sdk\10.0.103\Sdks\Microsoft.NET.Sdk\targets\Microsoft.NET.Sdk.DefaultItems.targets(44,5): message : Property reassignment: $(DefaultItemExcludes)=";bin\Debug\/**;obj\Debug\/**;bin\/**;obj\/**;**/*.user;**/*.*proj;**/*.sln;**/*.slnx;**/*.vssscc" (previous value: ";bin\Debug\/**;obj\Debug\/**;bin\/**;obj\/**;**/*.user;**/*.*proj;**/*.sln;**/*.slnx") at C:\Program Files\dotnet\sdk\10.0.103\Sdks\Microsoft.NET.Sdk\targets\Microsoft.NET.Sdk.DefaultItems.targets (44,5)
       C:\Program Files\dotnet\sdk\10.0.103\Sdks\Microsoft.NET.Sdk\targets\Microsoft.NET.Sdk.DefaultItems.targets(45,5): message : Property reassignment: $(DefaultItemExcludes)=";bin\Debug\/**;obj\Debug\/**;bin\/**;obj\/**;**/*.user;**/*.*proj;**/*.sln;**/*.slnx;**/*.vssscc;**/.DS_Store" (previous value: ";bin\Debug\/**;obj\Debug\/**;bin\/**;obj\/**;**/*.user;**/*.*proj;**/*.sln;**/*.slnx;**/*.vssscc") at C:\Program Files\dotnet\sdk\10.0.103\Sdks\Microsoft.NET.Sdk\targets\Microsoft.NET.Sdk.DefaultItems.targets (45,5)
   6:6>Done executing task "MSBuild".
     0>C:\Program Files\dotnet\sdk\10.0.103\Sdks\Microsoft.NET.Sdk\targets\Microsoft.NET.Sdk.FrameworkReferenceResolution.targets(14,5): message : Property reassignment: $(ResolveAssemblyReferencesDependsOn)="
C:\Program Files\dotnet\sdk\10.0.103\Sdks\Microsoft.NET.Sdk\targets\Microsoft.NET.Sdk.FrameworkReferenceResolution.targets(14,5): message :       
C:\Program Files\dotnet\sdk\10.0.103\Sdks\Microsoft.NET.Sdk\targets\Microsoft.NET.Sdk.FrameworkReferenceResolution.targets(14,5): message :       
C:\Program Files\dotnet\sdk\10.0.103\Sdks\Microsoft.NET.Sdk\targets\Microsoft.NET.Sdk.FrameworkReferenceResolution.targets(14,5): message :       ResolveProjectReferences;
C:\Program Files\dotnet\sdk\10.0.103\Sdks\Microsoft.NET.Sdk\targets\Microsoft.NET.Sdk.FrameworkReferenceResolution.targets(14,5): message :       FindInvalidProjectReferences;
C:\Program Files\dotnet\sdk\10.0.103\Sdks\Microsoft.NET.Sdk\targets\Microsoft.NET.Sdk.FrameworkReferenceResolution.targets(14,5): message :       GetFrameworkPaths;
C:\Program Files\dotnet\sdk\10.0.103\Sdks\Microsoft.NET.Sdk\targets\Microsoft.NET.Sdk.FrameworkReferenceResolution.targets(14,5): message :       GetReferenceAssemblyPaths;
C:\Program Files\dotnet\sdk\10.0.103\Sdks\Microsoft.NET.Sdk\targets\Microsoft.NET.Sdk.FrameworkReferenceResolution.targets(14,5): message :       PrepareForBuild;
C:\Program Files\dotnet\sdk\10.0.103\Sdks\Microsoft.NET.Sdk\targets\Microsoft.NET.Sdk.FrameworkReferenceResolution.targets(14,5): message :       ResolveSDKReferences;
C:\Program Files\dotnet\sdk\10.0.103\Sdks\Microsoft.NET.Sdk\targets\Microsoft.NET.Sdk.FrameworkReferenceResolution.targets(14,5): message :       ExpandSDKReferences;
C:\Program Files\dotnet\sdk\10.0.103\Sdks\Microsoft.NET.Sdk\targets\Microsoft.NET.Sdk.FrameworkReferenceResolution.targets(14,5): message :     ;
C:\Program Files\dotnet\sdk\10.0.103\Sdks\Microsoft.NET.Sdk\targets\Microsoft.NET.Sdk.FrameworkReferenceResolution.targets(14,5): message :       ResolvePackageDependenciesForBuild;
C:\Program Files\dotnet\sdk\10.0.103\Sdks\Microsoft.NET.Sdk\targets\Microsoft.NET.Sdk.FrameworkReferenceResolution.targets(14,5): message :       _HandlePackageFileConflicts;
C:\Program Files\dotnet\sdk\10.0.103\Sdks\Microsoft.NET.Sdk\targets\Microsoft.NET.Sdk.FrameworkReferenceResolution.targets(14,5): message :     ;
C:\Program Files\dotnet\sdk\10.0.103\Sdks\Microsoft.NET.Sdk\targets\Microsoft.NET.Sdk.FrameworkReferenceResolution.targets(14,5): message :       ResolveTargetingPackAssets;
C:\Program Files\dotnet\sdk\10.0.103\Sdks\Microsoft.NET.Sdk\targets\Microsoft.NET.Sdk.FrameworkReferenceResolution.targets(14,5): message :     " (previous value: "
C:\Program Files\dotnet\sdk\10.0.103\Sdks\Microsoft.NET.Sdk\targets\Microsoft.NET.Sdk.FrameworkReferenceResolution.targets(14,5): message :       
C:\Program Files\dotnet\sdk\10.0.103\Sdks\Microsoft.NET.Sdk\targets\Microsoft.NET.Sdk.FrameworkReferenceResolution.targets(14,5): message :       ResolveProjectReferences;
C:\Program Files\dotnet\sdk\10.0.103\Sdks\Microsoft.NET.Sdk\targets\Microsoft.NET.Sdk.FrameworkReferenceResolution.targets(14,5): message :       FindInvalidProjectReferences;
C:\Program Files\dotnet\sdk\10.0.103\Sdks\Microsoft.NET.Sdk\targets\Microsoft.NET.Sdk.FrameworkReferenceResolution.targets(14,5): message :       GetFrameworkPaths;
C:\Program Files\dotnet\sdk\10.0.103\Sdks\Microsoft.NET.Sdk\targets\Microsoft.NET.Sdk.FrameworkReferenceResolution.targets(14,5): message :       GetReferenceAssemblyPaths;
C:\Program Files\dotnet\sdk\10.0.103\Sdks\Microsoft.NET.Sdk\targets\Microsoft.NET.Sdk.FrameworkReferenceResolution.targets(14,5): message :       PrepareForBuild;
C:\Program Files\dotnet\sdk\10.0.103\Sdks\Microsoft.NET.Sdk\targets\Microsoft.NET.Sdk.FrameworkReferenceResolution.targets(14,5): message :       ResolveSDKReferences;
C:\Program Files\dotnet\sdk\10.0.103\Sdks\Microsoft.NET.Sdk\targets\Microsoft.NET.Sdk.FrameworkReferenceResolution.targets(14,5): message :       ExpandSDKReferences;
C:\Program Files\dotnet\sdk\10.0.103\Sdks\Microsoft.NET.Sdk\targets\Microsoft.NET.Sdk.FrameworkReferenceResolution.targets(14,5): message :     ;
C:\Program Files\dotnet\sdk\10.0.103\Sdks\Microsoft.NET.Sdk\targets\Microsoft.NET.Sdk.FrameworkReferenceResolution.targets(14,5): message :       ResolvePackageDependenciesForBuild;
C:\Program Files\dotnet\sdk\10.0.103\Sdks\Microsoft.NET.Sdk\targets\Microsoft.NET.Sdk.FrameworkReferenceResolution.targets(14,5): message :       _HandlePackageFileConflicts;
C:\Program Files\dotnet\sdk\10.0.103\Sdks\Microsoft.NET.Sdk\targets\Microsoft.NET.Sdk.FrameworkReferenceResolution.targets(14,5): message :     ") at C:\Program Files\dotnet\sdk\10.0.103\Sdks\Microsoft.NET.Sdk\targets\Microsoft.NET.Sdk.FrameworkReferenceResolution.targets (14,5)
       C:\Program Files\dotnet\sdk\10.0.103\Sdks\Microsoft.NET.Sdk\targets\Microsoft.NET.Sdk.targets(44,5): message : Property reassignment: $(_GenerateRuntimeConfigurationPropertyInputsCache)="c:\Apps\TicketConsolidator\src\TicketConsolidator.UI\obj\Debug\net10.0-windows\TicketConsolidator.UI_bqhhcq12_wpftmp.genruntimeconfig.cache" (previous value: "obj\Debug\net10.0-windows\TicketConsolidator.UI_bqhhcq12_wpftmp.genruntimeconfig.cache") at C:\Program Files\dotnet\sdk\10.0.103\Sdks\Microsoft.NET.Sdk\targets\Microsoft.NET.Sdk.targets (44,5)
   6:6>Task "AssignTargetPath"
     0>C:\Program Files\dotnet\sdk\10.0.103\Sdks\Microsoft.NET.Sdk\targets\Microsoft.NET.Sdk.targets(46,5): message : Property reassignment: $(_GeneratePublishDependencyFilePropertyInputsCache)="c:\Apps\TicketConsolidator\src\TicketConsolidator.UI\obj\Debug\net10.0-windows\TicketConsolidator.UI_bqhhcq12_wpftmp.genpublishdeps.cache" (previous value: "obj\Debug\net10.0-windows\TicketConsolidator.UI_bqhhcq12_wpftmp.genpublishdeps.cache") at C:\Program Files\dotnet\sdk\10.0.103\Sdks\Microsoft.NET.Sdk\targets\Microsoft.NET.Sdk.targets (46,5)
       C:\Program Files\dotnet\sdk\10.0.103\Sdks\Microsoft.NET.Sdk\targets\Microsoft.NET.Sdk.targets(48,5): message : Property reassignment: $(_GenerateSingleFileBundlePropertyInputsCache)="c:\Apps\TicketConsolidator\src\TicketConsolidator.UI\obj\Debug\net10.0-windows\TicketConsolidator.UI_bqhhcq12_wpftmp.genbundle.cache" (previous value: "obj\Debug\net10.0-windows\TicketConsolidator.UI_bqhhcq12_wpftmp.genbundle.cache") at C:\Program Files\dotnet\sdk\10.0.103\Sdks\Microsoft.NET.Sdk\targets\Microsoft.NET.Sdk.targets (48,5)
   6:6>Done executing task "AssignTargetPath".
     0>C:\Program Files\dotnet\sdk\10.0.103\Sdks\Microsoft.NET.Sdk\targets\Microsoft.NET.Sdk.targets(81,5): message : Property reassignment: $(GenerateRuntimeConfigDevFile)="false" (previous value: "true") at C:\Program Files\dotnet\sdk\10.0.103\Sdks\Microsoft.NET.Sdk\targets\Microsoft.NET.Sdk.targets (81,5)
   6:6>Done building target "_GetCopyToOutputDirectoryItemsFromTransitiveProjectReferences" in project "TicketConsolidator.Web.csproj".
       Done executing task "CallTarget".
       Task "CallTarget"
     0>C:\Program Files\dotnet\sdk\10.0.103\Sdks\Microsoft.NET.Sdk\targets\Microsoft.NET.Sdk.targets(98,5): message : Property reassignment: $(_DefaultUserProfileRuntimeStorePath)="C:\Users\krish.maniar.ATPL-LAP-723" (previous value: "") at C:\Program Files\dotnet\sdk\10.0.103\Sdks\Microsoft.NET.Sdk\targets\Microsoft.NET.Sdk.targets (98,5)
       C:\Program Files\dotnet\sdk\10.0.103\Sdks\Microsoft.NET.Sdk\targets\Microsoft.NET.Sdk.targets(99,5): message : Property reassignment: $(_DefaultUserProfileRuntimeStorePath)="C:\Users\krish.maniar.ATPL-LAP-723\.dotnet\store" (previous value: "C:\Users\krish.maniar.ATPL-LAP-723") at C:\Program Files\dotnet\sdk\10.0.103\Sdks\Microsoft.NET.Sdk\targets\Microsoft.NET.Sdk.targets (99,5)
   6:6>Target "AssignTargetPaths" skipped. Previously built successfully.
       Target "_PopulateCommonStateForGetCopyToOutputDirectoryItems" skipped. Previously built successfully.
     0>C:\Program Files\dotnet\sdk\10.0.103\Sdks\Microsoft.NET.Sdk\targets\Microsoft.NET.Sdk.targets(144,5): message : Property reassignment: $(AvailablePlatforms)="Any CPU,x86,x64,ARM32" (previous value: "Any CPU,x86,x64") at C:\Program Files\dotnet\sdk\10.0.103\Sdks\Microsoft.NET.Sdk\targets\Microsoft.NET.Sdk.targets (144,5)
       C:\Program Files\dotnet\sdk\10.0.103\Sdks\Microsoft.NET.Sdk\targets\Microsoft.NET.Sdk.targets(148,5): message : Property reassignment: $(AvailablePlatforms)="Any CPU,x86,x64,ARM32,ARM64" (previous value: "Any CPU,x86,x64,ARM32") at C:\Program Files\dotnet\sdk\10.0.103\Sdks\Microsoft.NET.Sdk\targets\Microsoft.NET.Sdk.targets (148,5)
       C:\Program Files\dotnet\sdk\10.0.103\Sdks\Microsoft.NET.Sdk\targets\Microsoft.NET.Sdk.targets(204,5): message : Property reassignment: $(CoreBuildDependsOn)="
       C:\Program Files\dotnet\sdk\10.0.103\Sdks\Microsoft.NET.Sdk\targets\Microsoft.NET.Sdk.targets(204,5): message :       _CheckForBuildWithNoBuild;
       C:\Program Files\dotnet\sdk\10.0.103\Sdks\Microsoft.NET.Sdk\targets\Microsoft.NET.Sdk.targets(204,5): message :       
       C:\Program Files\dotnet\sdk\10.0.103\Sdks\Microsoft.NET.Sdk\targets\Microsoft.NET.Sdk.targets(204,5): message :       BuildOnlySettings;
       C:\Program Files\dotnet\sdk\10.0.103\Sdks\Microsoft.NET.Sdk\targets\Microsoft.NET.Sdk.targets(204,5): message :       PrepareForBuild;
       C:\Program Files\dotnet\sdk\10.0.103\Sdks\Microsoft.NET.Sdk\targets\Microsoft.NET.Sdk.targets(204,5): message :       PreBuildEvent;
       C:\Program Files\dotnet\sdk\10.0.103\Sdks\Microsoft.NET.Sdk\targets\Microsoft.NET.Sdk.targets(204,5): message :       ResolveReferences;
       C:\Program Files\dotnet\sdk\10.0.103\Sdks\Microsoft.NET.Sdk\targets\Microsoft.NET.Sdk.targets(204,5): message :       PrepareResources;
       C:\Program Files\dotnet\sdk\10.0.103\Sdks\Microsoft.NET.Sdk\targets\Microsoft.NET.Sdk.targets(204,5): message :       ResolveKeySource;
       C:\Program Files\dotnet\sdk\10.0.103\Sdks\Microsoft.NET.Sdk\targets\Microsoft.NET.Sdk.targets(204,5): message :       Compile;
       C:\Program Files\dotnet\sdk\10.0.103\Sdks\Microsoft.NET.Sdk\targets\Microsoft.NET.Sdk.targets(204,5): message :       ExportWindowsMDFile;
       C:\Program Files\dotnet\sdk\10.0.103\Sdks\Microsoft.NET.Sdk\targets\Microsoft.NET.Sdk.targets(204,5): message :       UnmanagedUnregistration;
       C:\Program Files\dotnet\sdk\10.0.103\Sdks\Microsoft.NET.Sdk\targets\Microsoft.NET.Sdk.targets(204,5): message :       GenerateSerializationAssemblies;
       C:\Program Files\dotnet\sdk\10.0.103\Sdks\Microsoft.NET.Sdk\targets\Microsoft.NET.Sdk.targets(204,5): message :       CreateSatelliteAssemblies;
       C:\Program Files\dotnet\sdk\10.0.103\Sdks\Microsoft.NET.Sdk\targets\Microsoft.NET.Sdk.targets(204,5): message :       GenerateManifests;
       C:\Program Files\dotnet\sdk\10.0.103\Sdks\Microsoft.NET.Sdk\targets\Microsoft.NET.Sdk.targets(204,5): message :       GetTargetPath;
       C:\Program Files\dotnet\sdk\10.0.103\Sdks\Microsoft.NET.Sdk\targets\Microsoft.NET.Sdk.targets(204,5): message :       PrepareForRun;
       C:\Program Files\dotnet\sdk\10.0.103\Sdks\Microsoft.NET.Sdk\targets\Microsoft.NET.Sdk.targets(204,5): message :       UnmanagedRegistration;
       C:\Program Files\dotnet\sdk\10.0.103\Sdks\Microsoft.NET.Sdk\targets\Microsoft.NET.Sdk.targets(204,5): message :       IncrementalClean;
       C:\Program Files\dotnet\sdk\10.0.103\Sdks\Microsoft.NET.Sdk\targets\Microsoft.NET.Sdk.targets(204,5): message :       PostBuildEvent
       C:\Program Files\dotnet\sdk\10.0.103\Sdks\Microsoft.NET.Sdk\targets\Microsoft.NET.Sdk.targets(204,5): message :     ;
       C:\Program Files\dotnet\sdk\10.0.103\Sdks\Microsoft.NET.Sdk\targets\Microsoft.NET.Sdk.targets(204,5): message :       GenerateBuildDependencyFile;
       C:\Program Files\dotnet\sdk\10.0.103\Sdks\Microsoft.NET.Sdk\targets\Microsoft.NET.Sdk.targets(204,5): message :       GenerateBuildRuntimeConfigurationFiles
       C:\Program Files\dotnet\sdk\10.0.103\Sdks\Microsoft.NET.Sdk\targets\Microsoft.NET.Sdk.targets(204,5): message :     " (previous value: "
       C:\Program Files\dotnet\sdk\10.0.103\Sdks\Microsoft.NET.Sdk\targets\Microsoft.NET.Sdk.targets(204,5): message :       BuildOnlySettings;
       C:\Program Files\dotnet\sdk\10.0.103\Sdks\Microsoft.NET.Sdk\targets\Microsoft.NET.Sdk.targets(204,5): message :       PrepareForBuild;
       C:\Program Files\dotnet\sdk\10.0.103\Sdks\Microsoft.NET.Sdk\targets\Microsoft.NET.Sdk.targets(204,5): message :       PreBuildEvent;
       C:\Program Files\dotnet\sdk\10.0.103\Sdks\Microsoft.NET.Sdk\targets\Microsoft.NET.Sdk.targets(204,5): message :       ResolveReferences;
       C:\Program Files\dotnet\sdk\10.0.103\Sdks\Microsoft.NET.Sdk\targets\Microsoft.NET.Sdk.targets(204,5): message :       PrepareResources;
       C:\Program Files\dotnet\sdk\10.0.103\Sdks\Microsoft.NET.Sdk\targets\Microsoft.NET.Sdk.targets(204,5): message :       ResolveKeySource;
       C:\Program Files\dotnet\sdk\10.0.103\Sdks\Microsoft.NET.Sdk\targets\Microsoft.NET.Sdk.targets(204,5): message :       Compile;
       C:\Program Files\dotnet\sdk\10.0.103\Sdks\Microsoft.NET.Sdk\targets\Microsoft.NET.Sdk.targets(204,5): message :       ExportWindowsMDFile;
       C:\Program Files\dotnet\sdk\10.0.103\Sdks\Microsoft.NET.Sdk\targets\Microsoft.NET.Sdk.targets(204,5): message :       UnmanagedUnregistration;
       C:\Program Files\dotnet\sdk\10.0.103\Sdks\Microsoft.NET.Sdk\targets\Microsoft.NET.Sdk.targets(204,5): message :       GenerateSerializationAssemblies;
       C:\Program Files\dotnet\sdk\10.0.103\Sdks\Microsoft.NET.Sdk\targets\Microsoft.NET.Sdk.targets(204,5): message :       CreateSatelliteAssemblies;
       C:\Program Files\dotnet\sdk\10.0.103\Sdks\Microsoft.NET.Sdk\targets\Microsoft.NET.Sdk.targets(204,5): message :       GenerateManifests;
       C:\Program Files\dotnet\sdk\10.0.103\Sdks\Microsoft.NET.Sdk\targets\Microsoft.NET.Sdk.targets(204,5): message :       GetTargetPath;
       C:\Program Files\dotnet\sdk\10.0.103\Sdks\Microsoft.NET.Sdk\targets\Microsoft.NET.Sdk.targets(204,5): message :       PrepareForRun;
       C:\Program Files\dotnet\sdk\10.0.103\Sdks\Microsoft.NET.Sdk\targets\Microsoft.NET.Sdk.targets(204,5): message :       UnmanagedRegistration;
       C:\Program Files\dotnet\sdk\10.0.103\Sdks\Microsoft.NET.Sdk\targets\Microsoft.NET.Sdk.targets(204,5): message :       IncrementalClean;
       C:\Program Files\dotnet\sdk\10.0.103\Sdks\Microsoft.NET.Sdk\targets\Microsoft.NET.Sdk.targets(204,5): message :       PostBuildEvent
       C:\Program Files\dotnet\sdk\10.0.103\Sdks\Microsoft.NET.Sdk\targets\Microsoft.NET.Sdk.targets(204,5): message :     ") at C:\Program Files\dotnet\sdk\10.0.103\Sdks\Microsoft.NET.Sdk\targets\Microsoft.NET.Sdk.targets (204,5)
       C:\Program Files\dotnet\sdk\10.0.103\Sdks\Microsoft.NET.Sdk\targets\Microsoft.NET.Sdk.targets(213,5): message : Property reassignment: $(CoreCleanDependsOn)="
       C:\Program Files\dotnet\sdk\10.0.103\Sdks\Microsoft.NET.Sdk\targets\Microsoft.NET.Sdk.targets(213,5): message :       _SdkBeforeClean;
       C:\Program Files\dotnet\sdk\10.0.103\Sdks\Microsoft.NET.Sdk\targets\Microsoft.NET.Sdk.targets(213,5): message :       
       C:\Program Files\dotnet\sdk\10.0.103\Sdks\Microsoft.NET.Sdk\targets\Microsoft.NET.Sdk.targets(213,5): message :     " (previous value: "") at C:\Program Files\dotnet\sdk\10.0.103\Sdks\Microsoft.NET.Sdk\targets\Microsoft.NET.Sdk.targets (213,5)
       C:\Program Files\dotnet\sdk\10.0.103\Sdks\Microsoft.NET.Sdk\targets\Microsoft.NET.Sdk.targets(220,5): message : Property reassignment: $(RebuildDependsOn)="
       C:\Program Files\dotnet\sdk\10.0.103\Sdks\Microsoft.NET.Sdk\targets\Microsoft.NET.Sdk.targets(220,5): message :       _SdkBeforeRebuild;
       C:\Program Files\dotnet\sdk\10.0.103\Sdks\Microsoft.NET.Sdk\targets\Microsoft.NET.Sdk.targets(220,5): message :       
       C:\Program Files\dotnet\sdk\10.0.103\Sdks\Microsoft.NET.Sdk\targets\Microsoft.NET.Sdk.targets(220,5): message :       BeforeRebuild;
       C:\Program Files\dotnet\sdk\10.0.103\Sdks\Microsoft.NET.Sdk\targets\Microsoft.NET.Sdk.targets(220,5): message :       Clean;
       C:\Program Files\dotnet\sdk\10.0.103\Sdks\Microsoft.NET.Sdk\targets\Microsoft.NET.Sdk.targets(220,5): message :       Build;
       C:\Program Files\dotnet\sdk\10.0.103\Sdks\Microsoft.NET.Sdk\targets\Microsoft.NET.Sdk.targets(220,5): message :       AfterRebuild;
       C:\Program Files\dotnet\sdk\10.0.103\Sdks\Microsoft.NET.Sdk\targets\Microsoft.NET.Sdk.targets(220,5): message :     
       C:\Program Files\dotnet\sdk\10.0.103\Sdks\Microsoft.NET.Sdk\targets\Microsoft.NET.Sdk.targets(220,5): message :     " (previous value: "
       C:\Program Files\dotnet\sdk\10.0.103\Sdks\Microsoft.NET.Sdk\targets\Microsoft.NET.Sdk.targets(220,5): message :       BeforeRebuild;
       C:\Program Files\dotnet\sdk\10.0.103\Sdks\Microsoft.NET.Sdk\targets\Microsoft.NET.Sdk.targets(220,5): message :       Clean;
       C:\Program Files\dotnet\sdk\10.0.103\Sdks\Microsoft.NET.Sdk\targets\Microsoft.NET.Sdk.targets(220,5): message :       Build;
       C:\Program Files\dotnet\sdk\10.0.103\Sdks\Microsoft.NET.Sdk\targets\Microsoft.NET.Sdk.targets(220,5): message :       AfterRebuild;
       C:\Program Files\dotnet\sdk\10.0.103\Sdks\Microsoft.NET.Sdk\targets\Microsoft.NET.Sdk.targets(220,5): message :     ") at C:\Program Files\dotnet\sdk\10.0.103\Sdks\Microsoft.NET.Sdk\targets\Microsoft.NET.Sdk.targets (220,5)
       C:\Program Files\dotnet\sdk\10.0.103\Sdks\Microsoft.NET.Sdk\targets\Microsoft.NET.Sdk.targets(799,5): message : Property reassignment: $(CompileDependsOn)="
       C:\Program Files\dotnet\sdk\10.0.103\Sdks\Microsoft.NET.Sdk\targets\Microsoft.NET.Sdk.targets(799,5): message :       
       C:\Program Files\dotnet\sdk\10.0.103\Sdks\Microsoft.NET.Sdk\targets\Microsoft.NET.Sdk.targets(799,5): message :       ResolveReferences;
       C:\Program Files\dotnet\sdk\10.0.103\Sdks\Microsoft.NET.Sdk\targets\Microsoft.NET.Sdk.targets(799,5): message :       ResolveKeySource;
       C:\Program Files\dotnet\sdk\10.0.103\Sdks\Microsoft.NET.Sdk\targets\Microsoft.NET.Sdk.targets(799,5): message :       SetWin32ManifestProperties;
       C:\Program Files\dotnet\sdk\10.0.103\Sdks\Microsoft.NET.Sdk\targets\Microsoft.NET.Sdk.targets(799,5): message :       _SetPreferNativeArm64Win32ManifestProperties;
       C:\Program Files\dotnet\sdk\10.0.103\Sdks\Microsoft.NET.Sdk\targets\Microsoft.NET.Sdk.targets(799,5): message :       FindReferenceAssembliesForReferences;
       C:\Program Files\dotnet\sdk\10.0.103\Sdks\Microsoft.NET.Sdk\targets\Microsoft.NET.Sdk.targets(799,5): message :       _GenerateCompileInputs;
       C:\Program Files\dotnet\sdk\10.0.103\Sdks\Microsoft.NET.Sdk\targets\Microsoft.NET.Sdk.targets(799,5): message :       BeforeCompile;
       C:\Program Files\dotnet\sdk\10.0.103\Sdks\Microsoft.NET.Sdk\targets\Microsoft.NET.Sdk.targets(799,5): message :       _TimeStampBeforeCompile;
       C:\Program Files\dotnet\sdk\10.0.103\Sdks\Microsoft.NET.Sdk\targets\Microsoft.NET.Sdk.targets(799,5): message :       _GenerateCompileDependencyCache;
       C:\Program Files\dotnet\sdk\10.0.103\Sdks\Microsoft.NET.Sdk\targets\Microsoft.NET.Sdk.targets(799,5): message :       CoreCompile;
       C:\Program Files\dotnet\sdk\10.0.103\Sdks\Microsoft.NET.Sdk\targets\Microsoft.NET.Sdk.targets(799,5): message :       _TimeStampAfterCompile;
       C:\Program Files\dotnet\sdk\10.0.103\Sdks\Microsoft.NET.Sdk\targets\Microsoft.NET.Sdk.targets(799,5): message :       AfterCompile;
       C:\Program Files\dotnet\sdk\10.0.103\Sdks\Microsoft.NET.Sdk\targets\Microsoft.NET.Sdk.targets(799,5): message :     ;
       C:\Program Files\dotnet\sdk\10.0.103\Sdks\Microsoft.NET.Sdk\targets\Microsoft.NET.Sdk.targets(799,5): message :       _CreateAppHost;
       C:\Program Files\dotnet\sdk\10.0.103\Sdks\Microsoft.NET.Sdk\targets\Microsoft.NET.Sdk.targets(799,5): message :       _CreateComHost;
       C:\Program Files\dotnet\sdk\10.0.103\Sdks\Microsoft.NET.Sdk\targets\Microsoft.NET.Sdk.targets(799,5): message :       _GetIjwHostPaths;
       C:\Program Files\dotnet\sdk\10.0.103\Sdks\Microsoft.NET.Sdk\targets\Microsoft.NET.Sdk.targets(799,5): message :     " (previous value: "
       C:\Program Files\dotnet\sdk\10.0.103\Sdks\Microsoft.NET.Sdk\targets\Microsoft.NET.Sdk.targets(799,5): message :       ResolveReferences;
       C:\Program Files\dotnet\sdk\10.0.103\Sdks\Microsoft.NET.Sdk\targets\Microsoft.NET.Sdk.targets(799,5): message :       ResolveKeySource;
       C:\Program Files\dotnet\sdk\10.0.103\Sdks\Microsoft.NET.Sdk\targets\Microsoft.NET.Sdk.targets(799,5): message :       SetWin32ManifestProperties;
       C:\Program Files\dotnet\sdk\10.0.103\Sdks\Microsoft.NET.Sdk\targets\Microsoft.NET.Sdk.targets(799,5): message :       _SetPreferNativeArm64Win32ManifestProperties;
       C:\Program Files\dotnet\sdk\10.0.103\Sdks\Microsoft.NET.Sdk\targets\Microsoft.NET.Sdk.targets(799,5): message :       FindReferenceAssembliesForReferences;
       C:\Program Files\dotnet\sdk\10.0.103\Sdks\Microsoft.NET.Sdk\targets\Microsoft.NET.Sdk.targets(799,5): message :       _GenerateCompileInputs;
       C:\Program Files\dotnet\sdk\10.0.103\Sdks\Microsoft.NET.Sdk\targets\Microsoft.NET.Sdk.targets(799,5): message :       BeforeCompile;
       C:\Program Files\dotnet\sdk\10.0.103\Sdks\Microsoft.NET.Sdk\targets\Microsoft.NET.Sdk.targets(799,5): message :       _TimeStampBeforeCompile;
       C:\Program Files\dotnet\sdk\10.0.103\Sdks\Microsoft.NET.Sdk\targets\Microsoft.NET.Sdk.targets(799,5): message :       _GenerateCompileDependencyCache;
       C:\Program Files\dotnet\sdk\10.0.103\Sdks\Microsoft.NET.Sdk\targets\Microsoft.NET.Sdk.targets(799,5): message :       CoreCompile;
       C:\Program Files\dotnet\sdk\10.0.103\Sdks\Microsoft.NET.Sdk\targets\Microsoft.NET.Sdk.targets(799,5): message :       _TimeStampAfterCompile;
       C:\Program Files\dotnet\sdk\10.0.103\Sdks\Microsoft.NET.Sdk\targets\Microsoft.NET.Sdk.targets(799,5): message :       AfterCompile;
       C:\Program Files\dotnet\sdk\10.0.103\Sdks\Microsoft.NET.Sdk\targets\Microsoft.NET.Sdk.targets(799,5): message :     ") at C:\Program Files\dotnet\sdk\10.0.103\Sdks\Microsoft.NET.Sdk\targets\Microsoft.NET.Sdk.targets (799,5)
       C:\Program Files\dotnet\sdk\10.0.103\Sdks\Microsoft.NET.Sdk\targets\Microsoft.NET.Sdk.targets(1131,5): message : Property reassignment: $(CreateSatelliteAssembliesDependsOn)="
       C:\Program Files\dotnet\sdk\10.0.103\Sdks\Microsoft.NET.Sdk\targets\Microsoft.NET.Sdk.targets(1131,5): message :       
       C:\Program Files\dotnet\sdk\10.0.103\Sdks\Microsoft.NET.Sdk\targets\Microsoft.NET.Sdk.targets(1131,5): message :       ;
       C:\Program Files\dotnet\sdk\10.0.103\Sdks\Microsoft.NET.Sdk\targets\Microsoft.NET.Sdk.targets(1131,5): message :       _GenerateSatelliteAssemblyInputs;
       C:\Program Files\dotnet\sdk\10.0.103\Sdks\Microsoft.NET.Sdk\targets\Microsoft.NET.Sdk.targets(1131,5): message :       ComputeIntermediateSatelliteAssemblies;
       C:\Program Files\dotnet\sdk\10.0.103\Sdks\Microsoft.NET.Sdk\targets\Microsoft.NET.Sdk.targets(1131,5): message :       GenerateSatelliteAssemblies
       C:\Program Files\dotnet\sdk\10.0.103\Sdks\Microsoft.NET.Sdk\targets\Microsoft.NET.Sdk.targets(1131,5): message :     ;
       C:\Program Files\dotnet\sdk\10.0.103\Sdks\Microsoft.NET.Sdk\targets\Microsoft.NET.Sdk.targets(1131,5): message :       CoreGenerateSatelliteAssemblies
       C:\Program Files\dotnet\sdk\10.0.103\Sdks\Microsoft.NET.Sdk\targets\Microsoft.NET.Sdk.targets(1131,5): message :     " (previous value: "
       C:\Program Files\dotnet\sdk\10.0.103\Sdks\Microsoft.NET.Sdk\targets\Microsoft.NET.Sdk.targets(1131,5): message :       ;
       C:\Program Files\dotnet\sdk\10.0.103\Sdks\Microsoft.NET.Sdk\targets\Microsoft.NET.Sdk.targets(1131,5): message :       _GenerateSatelliteAssemblyInputs;
       C:\Program Files\dotnet\sdk\10.0.103\Sdks\Microsoft.NET.Sdk\targets\Microsoft.NET.Sdk.targets(1131,5): message :       ComputeIntermediateSatelliteAssemblies;
       C:\Program Files\dotnet\sdk\10.0.103\Sdks\Microsoft.NET.Sdk\targets\Microsoft.NET.Sdk.targets(1131,5): message :       GenerateSatelliteAssemblies
       C:\Program Files\dotnet\sdk\10.0.103\Sdks\Microsoft.NET.Sdk\targets\Microsoft.NET.Sdk.targets(1131,5): message :     ") at C:\Program Files\dotnet\sdk\10.0.103\Sdks\Microsoft.NET.Sdk\targets\Microsoft.NET.Sdk.targets (1131,5)
   6:6>Target "_GetCopyToOutputDirectoryItemsFromThisProject" in file "C:\Program Files\dotnet\sdk\10.0.103\Microsoft.Common.CurrentVersion.targets" from project "c:\Apps\TicketConsolidator\src\TicketConsolidator.Web\TicketConsolidator.Web.csproj" (target "GetCopyToOutputDirectoryItems" depends on it):
   6:6>Task "AssignTargetPath"
       Done executing task "AssignTargetPath".
     0>C:\Program Files\dotnet\sdk\10.0.103\Sdks\Microsoft.SourceLink.GitLab\build\Microsoft.SourceLink.GitLab.targets(12,5): message : Property reassignment: $(SourceLinkUrlInitializerTargets)=";_InitializeGitHubSourceLinkUrl;_InitializeGitLabSourceLinkUrl" (previous value: ";_InitializeGitHubSourceLinkUrl") at C:\Program Files\dotnet\sdk\10.0.103\Sdks\Microsoft.SourceLink.GitLab\build\Microsoft.SourceLink.GitLab.targets (12,5)
   6:6>Done building target "_GetCopyToOutputDirectoryItemsFromThisProject" in project "TicketConsolidator.Web.csproj".
     0>C:\Program Files\dotnet\sdk\10.0.103\Sdks\Microsoft.SourceLink.GitLab\build\Microsoft.SourceLink.GitLab.targets(13,5): message : Property reassignment: $(SourceControlManagerUrlTranslationTargets)=";TranslateGitHubUrlsInSourceControlInformation;TranslateGitLabUrlsInSourceControlInformation" (previous value: ";TranslateGitHubUrlsInSourceControlInformation") at C:\Program Files\dotnet\sdk\10.0.103\Sdks\Microsoft.SourceLink.GitLab\build\Microsoft.SourceLink.GitLab.targets (13,5)
       C:\Program Files\dotnet\sdk\10.0.103\Sdks\Microsoft.SourceLink.AzureRepos.Git\build\Microsoft.SourceLink.AzureRepos.Git.targets(12,5): message : Property reassignment: $(SourceLinkUrlInitializerTargets)=";_InitializeGitHubSourceLinkUrl;_InitializeGitLabSourceLinkUrl;_InitializeAzureReposGitSourceLinkUrl" (previous value: ";_InitializeGitHubSourceLinkUrl;_InitializeGitLabSourceLinkUrl") at C:\Program Files\dotnet\sdk\10.0.103\Sdks\Microsoft.SourceLink.AzureRepos.Git\build\Microsoft.SourceLink.AzureRepos.Git.targets (12,5)
       C:\Program Files\dotnet\sdk\10.0.103\Sdks\Microsoft.SourceLink.AzureRepos.Git\build\Microsoft.SourceLink.AzureRepos.Git.targets(13,5): message : Property reassignment: $(SourceControlManagerUrlTranslationTargets)=";TranslateGitHubUrlsInSourceControlInformation;TranslateGitLabUrlsInSourceControlInformation;TranslateAzureReposGitUrlsInSourceControlInformation" (previous value: ";TranslateGitHubUrlsInSourceControlInformation;TranslateGitLabUrlsInSourceControlInformation") at C:\Program Files\dotnet\sdk\10.0.103\Sdks\Microsoft.SourceLink.AzureRepos.Git\build\Microsoft.SourceLink.AzureRepos.Git.targets (13,5)
   6:6>Done executing task "CallTarget".
     0>C:\Program Files\dotnet\sdk\10.0.103\Sdks\Microsoft.SourceLink.Bitbucket.Git\build\Microsoft.SourceLink.Bitbucket.Git.targets(12,5): message : Property reassignment: $(SourceLinkUrlInitializerTargets)=";_InitializeGitHubSourceLinkUrl;_InitializeGitLabSourceLinkUrl;_InitializeAzureReposGitSourceLinkUrl;_InitializeBitbucketGitSourceLinkUrl" (previous value: ";_InitializeGitHubSourceLinkUrl;_InitializeGitLabSourceLinkUrl;_InitializeAzureReposGitSourceLinkUrl") at C:\Program Files\dotnet\sdk\10.0.103\Sdks\Microsoft.SourceLink.Bitbucket.Git\build\Microsoft.SourceLink.Bitbucket.Git.targets (12,5)
       C:\Program Files\dotnet\sdk\10.0.103\Sdks\Microsoft.SourceLink.Bitbucket.Git\build\Microsoft.SourceLink.Bitbucket.Git.targets(13,5): message : Property reassignment: $(SourceControlManagerUrlTranslationTargets)=";TranslateGitHubUrlsInSourceControlInformation;TranslateGitLabUrlsInSourceControlInformation;TranslateAzureReposGitUrlsInSourceControlInformation;TranslateBitbucketGitUrlsInSourceControlInformation" (previous value: ";TranslateGitHubUrlsInSourceControlInformation;TranslateGitLabUrlsInSourceControlInformation;TranslateAzureReposGitUrlsInSourceControlInformation") at C:\Program Files\dotnet\sdk\10.0.103\Sdks\Microsoft.SourceLink.Bitbucket.Git\build\Microsoft.SourceLink.Bitbucket.Git.targets (13,5)
   6:6>Done building target "GetCopyToOutputDirectoryItems" in project "TicketConsolidator.Web.csproj".
     0>C:\Program Files\dotnet\sdk\10.0.103\Sdks\Microsoft.NET.Sdk\targets\Microsoft.NET.DesignerSupport.targets(21,5): message : Property reassignment: $(DesignerRuntimeImplementationProjectOutputGroupDependsOn)="
C:\Program Files\dotnet\sdk\10.0.103\Sdks\Microsoft.NET.Sdk\targets\Microsoft.NET.DesignerSupport.targets(21,5): message :       
C:\Program Files\dotnet\sdk\10.0.103\Sdks\Microsoft.NET.Sdk\targets\Microsoft.NET.DesignerSupport.targets(21,5): message :       ;
C:\Program Files\dotnet\sdk\10.0.103\Sdks\Microsoft.NET.Sdk\targets\Microsoft.NET.DesignerSupport.targets(21,5): message :       
C:\Program Files\dotnet\sdk\10.0.103\Sdks\Microsoft.NET.Sdk\targets\Microsoft.NET.DesignerSupport.targets(21,5): message :       ;
C:\Program Files\dotnet\sdk\10.0.103\Sdks\Microsoft.NET.Sdk\targets\Microsoft.NET.DesignerSupport.targets(21,5): message :       BuildOnlySettings;
C:\Program Files\dotnet\sdk\10.0.103\Sdks\Microsoft.NET.Sdk\targets\Microsoft.NET.DesignerSupport.targets(21,5): message :       PrepareForBuild;
C:\Program Files\dotnet\sdk\10.0.103\Sdks\Microsoft.NET.Sdk\targets\Microsoft.NET.DesignerSupport.targets(21,5): message :       AssignTargetPaths;
C:\Program Files\dotnet\sdk\10.0.103\Sdks\Microsoft.NET.Sdk\targets\Microsoft.NET.DesignerSupport.targets(21,5): message :       ResolveReferences
C:\Program Files\dotnet\sdk\10.0.103\Sdks\Microsoft.NET.Sdk\targets\Microsoft.NET.DesignerSupport.targets(21,5): message :     
C:\Program Files\dotnet\sdk\10.0.103\Sdks\Microsoft.NET.Sdk\targets\Microsoft.NET.DesignerSupport.targets(21,5): message :     ;
C:\Program Files\dotnet\sdk\10.0.103\Sdks\Microsoft.NET.Sdk\targets\Microsoft.NET.DesignerSupport.targets(21,5): message :       _GenerateDesignerDepsFile;
C:\Program Files\dotnet\sdk\10.0.103\Sdks\Microsoft.NET.Sdk\targets\Microsoft.NET.DesignerSupport.targets(21,5): message :       _GenerateDesignerRuntimeConfigFile;
C:\Program Files\dotnet\sdk\10.0.103\Sdks\Microsoft.NET.Sdk\targets\Microsoft.NET.DesignerSupport.targets(21,5): message :       GetCopyToOutputDirectoryItems;
C:\Program Files\dotnet\sdk\10.0.103\Sdks\Microsoft.NET.Sdk\targets\Microsoft.NET.DesignerSupport.targets(21,5): message :       _GatherDesignerShadowCopyFiles;
C:\Program Files\dotnet\sdk\10.0.103\Sdks\Microsoft.NET.Sdk\targets\Microsoft.NET.DesignerSupport.targets(21,5): message :     " (previous value: "
C:\Program Files\dotnet\sdk\10.0.103\Sdks\Microsoft.NET.Sdk\targets\Microsoft.NET.DesignerSupport.targets(21,5): message :       ;
C:\Program Files\dotnet\sdk\10.0.103\Sdks\Microsoft.NET.Sdk\targets\Microsoft.NET.DesignerSupport.targets(21,5): message :       
C:\Program Files\dotnet\sdk\10.0.103\Sdks\Microsoft.NET.Sdk\targets\Microsoft.NET.DesignerSupport.targets(21,5): message :       ;
C:\Program Files\dotnet\sdk\10.0.103\Sdks\Microsoft.NET.Sdk\targets\Microsoft.NET.DesignerSupport.targets(21,5): message :       BuildOnlySettings;
C:\Program Files\dotnet\sdk\10.0.103\Sdks\Microsoft.NET.Sdk\targets\Microsoft.NET.DesignerSupport.targets(21,5): message :       PrepareForBuild;
C:\Program Files\dotnet\sdk\10.0.103\Sdks\Microsoft.NET.Sdk\targets\Microsoft.NET.DesignerSupport.targets(21,5): message :       AssignTargetPaths;
C:\Program Files\dotnet\sdk\10.0.103\Sdks\Microsoft.NET.Sdk\targets\Microsoft.NET.DesignerSupport.targets(21,5): message :       ResolveReferences
C:\Program Files\dotnet\sdk\10.0.103\Sdks\Microsoft.NET.Sdk\targets\Microsoft.NET.DesignerSupport.targets(21,5): message :     
C:\Program Files\dotnet\sdk\10.0.103\Sdks\Microsoft.NET.Sdk\targets\Microsoft.NET.DesignerSupport.targets(21,5): message :     ") at C:\Program Files\dotnet\sdk\10.0.103\Sdks\Microsoft.NET.Sdk\targets\Microsoft.NET.DesignerSupport.targets (21,5)
   6:6>Target "_CopyOutOfDateSourceItemsToOutputDirectory" in file "C:\Program Files\dotnet\sdk\10.0.103\Microsoft.Common.CurrentVersion.targets" from project "c:\Apps\TicketConsolidator\src\TicketConsolidator.Web\TicketConsolidator.Web.csproj" (target "_CopySourceItemsToOutputDirectory" depends on it):
   6:6>Skipping target "_CopyOutOfDateSourceItemsToOutputDirectory" because all output files are up-to-date with respect to the input files.
     0>C:\Program Files\dotnet\sdk\10.0.103\Sdks\Microsoft.NET.Sdk\targets\Microsoft.NET.Sdk.CSharp.targets(31,5): message : Property reassignment: $(DefineConstants)="TRACE;DEBUG" (previous value: "TRACE") at C:\Program Files\dotnet\sdk\10.0.103\Sdks\Microsoft.NET.Sdk\targets\Microsoft.NET.Sdk.CSharp.targets (31,5)
       C:\Program Files\dotnet\sdk\10.0.103\Sdks\Microsoft.NET.Sdk\targets\Microsoft.NET.Sdk.CSharp.targets(45,5): message : Property reassignment: $(WarningsAsErrors)=";NU1605;SYSLIB0011" (previous value: ";NU1605") at C:\Program Files\dotnet\sdk\10.0.103\Sdks\Microsoft.NET.Sdk\targets\Microsoft.NET.Sdk.CSharp.targets (45,5)
   6:6>_CopyOutOfDateSourceItemsToOutputDirectory:
       Input files: 
           c:\Apps\TicketConsolidator\src\TicketConsolidator.Web\appsettings.Development.json
           c:\Apps\TicketConsolidator\src\TicketConsolidator.Web\appsettings.json
           c:\Apps\TicketConsolidator\src\TicketConsolidator.Web\obj\Debug\net10.0-windows\staticwebassets.development.json
           c:\Apps\TicketConsolidator\src\TicketConsolidator.Web\obj\Debug\net10.0-windows\staticwebassets.build.endpoints.json
           c:\Apps\TicketConsolidator\src\TicketConsolidator.Web\obj\Debug\net10.0-windows\apphost.exe
       Output files: 
           bin\Debug\net10.0-windows\appsettings.Development.json
           bin\Debug\net10.0-windows\appsettings.json
           bin\Debug\net10.0-windows\TicketConsolidator.Web.staticwebassets.runtime.json
           bin\Debug\net10.0-windows\TicketConsolidator.Web.staticwebassets.endpoints.json
           bin\Debug\net10.0-windows\TicketConsolidator.Web.exe
   6:6>Done building target "_CopyOutOfDateSourceItemsToOutputDirectory" in project "TicketConsolidator.Web.csproj".
   6:6>Target "_CopySourceItemsToOutputDirectory" in file "C:\Program Files\dotnet\sdk\10.0.103\Microsoft.Common.CurrentVersion.targets" from project "c:\Apps\TicketConsolidator\src\TicketConsolidator.Web\TicketConsolidator.Web.csproj" (target "CopyFilesToOutputDirectory" depends on it):
   6:6>Done building target "_CopySourceItemsToOutputDirectory" in project "TicketConsolidator.Web.csproj".
   6:6>Target "_CheckForCompileOutputs" in file "C:\Program Files\dotnet\sdk\10.0.103\Microsoft.Common.CurrentVersion.targets" from project "c:\Apps\TicketConsolidator\src\TicketConsolidator.Web\TicketConsolidator.Web.csproj" (target "CopyFilesToOutputDirectory" depends on it):
   6:6>Done building target "_CheckForCompileOutputs" in project "TicketConsolidator.Web.csproj".
       Target "_DefaultMicrosoftNETPlatformLibrary" skipped. Previously built successfully.
       Target "_HandlePackageFileConflicts" skipped. Previously built successfully.
       Target "ResolveAssemblyReferences" skipped. Previously built successfully.
   6:6>Target "_ComputeReferenceAssemblies" in file "C:\Program Files\dotnet\sdk\10.0.103\Sdks\Microsoft.NET.Sdk\targets\Microsoft.NET.Sdk.targets" from project "c:\Apps\TicketConsolidator\src\TicketConsolidator.Web\TicketConsolidator.Web.csproj" (target "GenerateBuildDependencyFile" depends on it):
   6:6>Done building target "_ComputeReferenceAssemblies" in project "TicketConsolidator.Web.csproj".
     0>C:\Program Files\dotnet\sdk\10.0.103\Sdks\Microsoft.NET.Sdk\targets\Microsoft.NET.Windows.targets(49,5): message : Property reassignment: $(TargetPlatformVersion)="7.0" (previous value: "") at C:\Program Files\dotnet\sdk\10.0.103\Sdks\Microsoft.NET.Sdk\targets\Microsoft.NET.Windows.targets (49,5)
       C:\Program Files\dotnet\sdk\10.0.103\Sdks\Microsoft.NET.Sdk\targets\Microsoft.NET.Windows.targets(50,5): message : Property reassignment: $(EffectiveTargetPlatformVersion)="7.0" (previous value: "") at C:\Program Files\dotnet\sdk\10.0.103\Sdks\Microsoft.NET.Sdk\targets\Microsoft.NET.Windows.targets (50,5)
       C:\Program Files\dotnet\sdk\10.0.103\Sdks\Microsoft.NET.Sdk\targets\Microsoft.NET.Windows.targets(60,5): message : Property reassignment: $(SupportedOSPlatformVersion)="7.0" (previous value: "") at C:\Program Files\dotnet\sdk\10.0.103\Sdks\Microsoft.NET.Sdk\targets\Microsoft.NET.Windows.targets (60,5)
       C:\Program Files\dotnet\sdk\10.0.103\Sdks\Microsoft.NET.Sdk\targets\Microsoft.NET.Windows.targets(61,5): message : Property reassignment: $(TargetPlatformMinVersion)="7.0" (previous value: "") at C:\Program Files\dotnet\sdk\10.0.103\Sdks\Microsoft.NET.Sdk\targets\Microsoft.NET.Windows.targets (61,5)
       C:\Program Files\dotnet\sdk\10.0.103\Sdks\Microsoft.NET.Sdk\targets\Microsoft.NET.Windows.targets(239,5): message : Property reassignment: $(_RunCsWinRTGeneratorPropertyInputsCachePath)="c:\Apps\TicketConsolidator\src\TicketConsolidator.UI\obj\Debug\net10.0-windows\TicketConsolidator.UI_bqhhcq12_wpftmp.cswinrtgen.cache" (previous value: "obj\Debug\net10.0-windows\TicketConsolidator.UI_bqhhcq12_wpftmp.cswinrtgen.cache") at C:\Program Files\dotnet\sdk\10.0.103\Sdks\Microsoft.NET.Sdk\targets\Microsoft.NET.Windows.targets (239,5)
   6:6>Target "_ComputeUserRuntimeAssemblies" in file "C:\Program Files\dotnet\sdk\10.0.103\Sdks\Microsoft.NET.Sdk\targets\Microsoft.NET.Sdk.targets" from project "c:\Apps\TicketConsolidator\src\TicketConsolidator.Web\TicketConsolidator.Web.csproj" (target "GenerateBuildDependencyFile" depends on it):
   6:6>Done building target "_ComputeUserRuntimeAssemblies" in project "TicketConsolidator.Web.csproj".
       Target "_ComputePackageReferencePublish" skipped. Previously built successfully.
   6:6>Target "GenerateBuildDependencyFile" in file "C:\Program Files\dotnet\sdk\10.0.103\Sdks\Microsoft.NET.Sdk\targets\Microsoft.NET.Sdk.targets" from project "c:\Apps\TicketConsolidator\src\TicketConsolidator.Web\TicketConsolidator.Web.csproj" (target "CopyFilesToOutputDirectory" depends on it):
       Skipping target "GenerateBuildDependencyFile" because all output files are up-to-date with respect to the input files.
       Input files: 
           c:\Apps\TicketConsolidator\src\TicketConsolidator.Web\obj\project.assets.json
           c:\Apps\TicketConsolidator\src\TicketConsolidator.Web\obj\Debug\net10.0-windows\TicketConsolidator.Web.assets.cache
           c:\Apps\TicketConsolidator\src\TicketConsolidator.Web\obj\TicketConsolidator.Web.csproj.nuget.g.targets
           C:\Program Files\dotnet\sdk\10.0.103\Current\Microsoft.Common.targets\ImportAfter\Microsoft.TestPlatform.ImportAfter.targets
       Output files: c:\Apps\TicketConsolidator\src\TicketConsolidator.Web\bin\Debug\net10.0-windows\TicketConsolidator.Web.deps.json
   6:6>Done building target "GenerateBuildDependencyFile" in project "TicketConsolidator.Web.csproj".
       Target "_DefaultMicrosoftNETPlatformLibrary" skipped. Previously built successfully.
   6:6>Target "_GenerateRuntimeConfigurationFilesInputCache" in file "C:\Program Files\dotnet\sdk\10.0.103\Sdks\Microsoft.NET.Sdk\targets\Microsoft.NET.Sdk.targets" from project "c:\Apps\TicketConsolidator\src\TicketConsolidator.Web\TicketConsolidator.Web.csproj" (target "GenerateBuildRuntimeConfigurationFiles" depends on it):
       Task "Hash"
       Done executing task "Hash".
       Task "WriteLinesToFile"
         Skipping write to file "c:\Apps\TicketConsolidator\src\TicketConsolidator.Web\obj\Debug\net10.0-windows\TicketConsolidator.Web.genruntimeconfig.cache" because content would not change.
       Done executing task "WriteLinesToFile".
   6:6>Done building target "_GenerateRuntimeConfigurationFilesInputCache" in project "TicketConsolidator.Web.csproj".
   6:6>Target "GenerateBuildRuntimeConfigurationFiles" in file "C:\Program Files\dotnet\sdk\10.0.103\Sdks\Microsoft.NET.Sdk\targets\Microsoft.NET.Sdk.targets" from project "c:\Apps\TicketConsolidator\src\TicketConsolidator.Web\TicketConsolidator.Web.csproj" (target "CopyFilesToOutputDirectory" depends on it):
       Skipping target "GenerateBuildRuntimeConfigurationFiles" because all output files are up-to-date with respect to the input files.
       Input files: 
           c:\Apps\TicketConsolidator\src\TicketConsolidator.Web\obj\project.assets.json
           c:\Apps\TicketConsolidator\src\TicketConsolidator.Web\obj\Debug\net10.0-windows\TicketConsolidator.Web.assets.cache
           c:\Apps\TicketConsolidator\src\TicketConsolidator.Web\obj\Debug\net10.0-windows\TicketConsolidator.Web.genruntimeconfig.cache
       Output files: c:\Apps\TicketConsolidator\src\TicketConsolidator.Web\bin\Debug\net10.0-windows\TicketConsolidator.Web.runtimeconfig.json
   6:6>Done building target "GenerateBuildRuntimeConfigurationFiles" in project "TicketConsolidator.Web.csproj".
   6:6>Target "CopyFilesToOutputDirectory" in file "C:\Program Files\dotnet\sdk\10.0.103\Microsoft.Common.CurrentVersion.targets" from project "c:\Apps\TicketConsolidator\src\TicketConsolidator.Web\TicketConsolidator.Web.csproj" (target "PrepareForRun" depends on it):
       Task "Copy"
         Did not copy from file "obj\Debug\net10.0-windows\TicketConsolidator.Web.dll" to file "bin\Debug\net10.0-windows\TicketConsolidator.Web.dll" because the "SkipUnchangedFiles" parameter was set to "true" in the project and the files' sizes and timestamps match.
       Done executing task "Copy".
       Using "CopyRefAssembly" task from assembly "C:\Program Files\dotnet\sdk\10.0.103\Sdks\Microsoft.NET.Sdk\targets\..\..\..\Roslyn\Microsoft.Build.Tasks.CodeAnalysis.dll".
       Task "CopyRefAssembly"
         Reference assembly "c:\Apps\TicketConsolidator\src\TicketConsolidator.Web\obj\Debug\net10.0-windows\ref\TicketConsolidator.Web.dll" already has latest information. Leaving it untouched.
       Done executing task "CopyRefAssembly".
       Task "Message"
         TicketConsolidator.Web -> c:\Apps\TicketConsolidator\src\TicketConsolidator.Web\bin\Debug\net10.0-windows\TicketConsolidator.Web.dll
       Done executing task "Message".
       Task "Copy"
         Did not copy from file "obj\Debug\net10.0-windows\TicketConsolidator.Web.pdb" to file "bin\Debug\net10.0-windows\TicketConsolidator.Web.pdb" because the "SkipUnchangedFiles" parameter was set to "true" in the project and the files' sizes and timestamps match.
       Done executing task "Copy".
   6:6>Done building target "CopyFilesToOutputDirectory" in project "TicketConsolidator.Web.csproj".
   6:6>Target "PrepareForRun" in file "C:\Program Files\dotnet\sdk\10.0.103\Microsoft.Common.CurrentVersion.targets" from project "c:\Apps\TicketConsolidator\src\TicketConsolidator.Web\TicketConsolidator.Web.csproj" (target "CoreBuild" depends on it):
   6:6>Done building target "PrepareForRun" in project "TicketConsolidator.Web.csproj".
       Target "_CheckForCompileOutputs" skipped. Previously built successfully.
   6:6>Target "_CleanGetCurrentAndPriorFileWrites" in file "C:\Program Files\dotnet\sdk\10.0.103\Microsoft.Common.CurrentVersion.targets" from project "c:\Apps\TicketConsolidator\src\TicketConsolidator.Web\TicketConsolidator.Web.csproj" (target "IncrementalClean" depends on it):
       Using "ReadLinesFromFile" task from assembly "Microsoft.Build.Tasks.Core, Version=15.1.0.0, Culture=neutral, PublicKeyToken=b03f5f7f11d50a3a".
       Task "ReadLinesFromFile"
     0>C:\Program Files\dotnet\sdk\10.0.103\Sdks\Microsoft.NET.Sdk\targets\Microsoft.NET.Sdk.targets(1497,5): message : Property reassignment: $(TargetPlatformDisplayName)="Windows 7.0" (previous value: "Windows ") at C:\Program Files\dotnet\sdk\10.0.103\Sdks\Microsoft.NET.Sdk\targets\Microsoft.NET.Sdk.targets (1497,5)
   6:6>Done executing task "ReadLinesFromFile".
       Task "ConvertToAbsolutePath"
       Done executing task "ConvertToAbsolutePath".
       Using "FindUnderPath" task from assembly "Microsoft.Build.Tasks.Core, Version=15.1.0.0, Culture=neutral, PublicKeyToken=b03f5f7f11d50a3a".
       Task "FindUnderPath"
     0>C:\Program Files\dotnet\sdk\10.0.103\Sdks\Microsoft.NET.Sdk.WindowsDesktop\targets\Microsoft.NET.Sdk.WindowsDesktop.targets(51,5): message : Property reassignment: $(_TargetFrameworkVersionValue)="10.0" (previous value: "0.0") at C:\Program Files\dotnet\sdk\10.0.103\Sdks\Microsoft.NET.Sdk.WindowsDesktop\targets\Microsoft.NET.Sdk.WindowsDesktop.targets (51,5)
   6:6>_CleanGetCurrentAndPriorFileWrites:
         Comparison path is "c:\Apps\TicketConsolidator\src\TicketConsolidator.Web".
       Done executing task "FindUnderPath".
       Task "FindUnderPath"
         Comparison path is "bin\Debug\net10.0-windows\".
       Done executing task "FindUnderPath".
       Task "FindUnderPath"
         Comparison path is "obj\Debug\net10.0-windows\".
       Done executing task "FindUnderPath".
       Task "RemoveDuplicates"
       Done executing task "RemoveDuplicates".
   6:6>Done building target "_CleanGetCurrentAndPriorFileWrites" in project "TicketConsolidator.Web.csproj".
   6:6>Target "IncrementalClean" in file "C:\Program Files\dotnet\sdk\10.0.103\Microsoft.Common.CurrentVersion.targets" from project "c:\Apps\TicketConsolidator\src\TicketConsolidator.Web\TicketConsolidator.Web.csproj" (target "CoreBuild" depends on it):
       Task "FindUnderPath"
         Comparison path is "bin\Debug\net10.0-windows\".
       Done executing task "FindUnderPath".
       Task "FindUnderPath"
         Comparison path is "obj\Debug\net10.0-windows\".
       Done executing task "FindUnderPath".
       Using "Delete" task from assembly "Microsoft.Build.Tasks.Core, Version=15.1.0.0, Culture=neutral, PublicKeyToken=b03f5f7f11d50a3a".
       Task "Delete"
       Done executing task "Delete".
     0>C:\Program Files\dotnet\sdk\10.0.103\Sdks\Microsoft.NET.Sdk.WindowsDesktop\targets\Microsoft.WinFX.targets(61,7): message : Property reassignment: $(PrepareResourceNamesDependsOn)="
C:\Program Files\dotnet\sdk\10.0.103\Sdks\Microsoft.NET.Sdk.WindowsDesktop\targets\Microsoft.WinFX.targets(61,7): message :                     AssignWinFXEmbeddedResource;
C:\Program Files\dotnet\sdk\10.0.103\Sdks\Microsoft.NET.Sdk.WindowsDesktop\targets\Microsoft.WinFX.targets(61,7): message :                     
C:\Program Files\dotnet\sdk\10.0.103\Sdks\Microsoft.NET.Sdk.WindowsDesktop\targets\Microsoft.WinFX.targets(61,7): message :       AssignTargetPaths;
C:\Program Files\dotnet\sdk\10.0.103\Sdks\Microsoft.NET.Sdk.WindowsDesktop\targets\Microsoft.WinFX.targets(61,7): message :       SplitResourcesByCulture;
C:\Program Files\dotnet\sdk\10.0.103\Sdks\Microsoft.NET.Sdk.WindowsDesktop\targets\Microsoft.WinFX.targets(61,7): message :       CreateManifestResourceNames;
C:\Program Files\dotnet\sdk\10.0.103\Sdks\Microsoft.NET.Sdk.WindowsDesktop\targets\Microsoft.WinFX.targets(61,7): message :       CreateCustomManifestResourceNames
C:\Program Files\dotnet\sdk\10.0.103\Sdks\Microsoft.NET.Sdk.WindowsDesktop\targets\Microsoft.WinFX.targets(61,7): message :     
C:\Program Files\dotnet\sdk\10.0.103\Sdks\Microsoft.NET.Sdk.WindowsDesktop\targets\Microsoft.WinFX.targets(61,7): message :       " (previous value: "
C:\Program Files\dotnet\sdk\10.0.103\Sdks\Microsoft.NET.Sdk.WindowsDesktop\targets\Microsoft.WinFX.targets(61,7): message :       AssignTargetPaths;
C:\Program Files\dotnet\sdk\10.0.103\Sdks\Microsoft.NET.Sdk.WindowsDesktop\targets\Microsoft.WinFX.targets(61,7): message :       SplitResourcesByCulture;
C:\Program Files\dotnet\sdk\10.0.103\Sdks\Microsoft.NET.Sdk.WindowsDesktop\targets\Microsoft.WinFX.targets(61,7): message :       CreateManifestResourceNames;
C:\Program Files\dotnet\sdk\10.0.103\Sdks\Microsoft.NET.Sdk.WindowsDesktop\targets\Microsoft.WinFX.targets(61,7): message :       CreateCustomManifestResourceNames
C:\Program Files\dotnet\sdk\10.0.103\Sdks\Microsoft.NET.Sdk.WindowsDesktop\targets\Microsoft.WinFX.targets(61,7): message :     ") at C:\Program Files\dotnet\sdk\10.0.103\Sdks\Microsoft.NET.Sdk.WindowsDesktop\targets\Microsoft.WinFX.targets (61,7)
       C:\Program Files\dotnet\sdk\10.0.103\Sdks\Microsoft.NET.Sdk.WindowsDesktop\targets\Microsoft.WinFX.targets(69,7): message : Property reassignment: $(PrepareResourcesDependsOn)="
       C:\Program Files\dotnet\sdk\10.0.103\Sdks\Microsoft.NET.Sdk.WindowsDesktop\targets\Microsoft.WinFX.targets(69,7): message :                 MarkupCompilePass1;
       C:\Program Files\dotnet\sdk\10.0.103\Sdks\Microsoft.NET.Sdk.WindowsDesktop\targets\Microsoft.WinFX.targets(69,7): message :                 AfterMarkupCompilePass1;
       C:\Program Files\dotnet\sdk\10.0.103\Sdks\Microsoft.NET.Sdk.WindowsDesktop\targets\Microsoft.WinFX.targets(69,7): message :                 MarkupCompilePass2ForMainAssembly;
       C:\Program Files\dotnet\sdk\10.0.103\Sdks\Microsoft.NET.Sdk.WindowsDesktop\targets\Microsoft.WinFX.targets(69,7): message :                 FileClassification;
       C:\Program Files\dotnet\sdk\10.0.103\Sdks\Microsoft.NET.Sdk.WindowsDesktop\targets\Microsoft.WinFX.targets(69,7): message :                 MainResourcesGeneration;
       C:\Program Files\dotnet\sdk\10.0.103\Sdks\Microsoft.NET.Sdk.WindowsDesktop\targets\Microsoft.WinFX.targets(69,7): message :                 
       C:\Program Files\dotnet\sdk\10.0.103\Sdks\Microsoft.NET.Sdk.WindowsDesktop\targets\Microsoft.WinFX.targets(69,7): message :       ResolvePackageDependenciesForBuild;
       C:\Program Files\dotnet\sdk\10.0.103\Sdks\Microsoft.NET.Sdk.WindowsDesktop\targets\Microsoft.WinFX.targets(69,7): message :       _HandlePackageFileConflicts;
       C:\Program Files\dotnet\sdk\10.0.103\Sdks\Microsoft.NET.Sdk.WindowsDesktop\targets\Microsoft.WinFX.targets(69,7): message :       
       C:\Program Files\dotnet\sdk\10.0.103\Sdks\Microsoft.NET.Sdk.WindowsDesktop\targets\Microsoft.WinFX.targets(69,7): message :       ;
       C:\Program Files\dotnet\sdk\10.0.103\Sdks\Microsoft.NET.Sdk.WindowsDesktop\targets\Microsoft.WinFX.targets(69,7): message :       PrepareResourceNames;
       C:\Program Files\dotnet\sdk\10.0.103\Sdks\Microsoft.NET.Sdk.WindowsDesktop\targets\Microsoft.WinFX.targets(69,7): message :       ResGen;
       C:\Program Files\dotnet\sdk\10.0.103\Sdks\Microsoft.NET.Sdk.WindowsDesktop\targets\Microsoft.WinFX.targets(69,7): message :       CompileLicxFiles
       C:\Program Files\dotnet\sdk\10.0.103\Sdks\Microsoft.NET.Sdk.WindowsDesktop\targets\Microsoft.WinFX.targets(69,7): message :     
       C:\Program Files\dotnet\sdk\10.0.103\Sdks\Microsoft.NET.Sdk.WindowsDesktop\targets\Microsoft.WinFX.targets(69,7): message :     
       C:\Program Files\dotnet\sdk\10.0.103\Sdks\Microsoft.NET.Sdk.WindowsDesktop\targets\Microsoft.WinFX.targets(69,7): message :       " (previous value: "
       C:\Program Files\dotnet\sdk\10.0.103\Sdks\Microsoft.NET.Sdk.WindowsDesktop\targets\Microsoft.WinFX.targets(69,7): message :       ResolvePackageDependenciesForBuild;
       C:\Program Files\dotnet\sdk\10.0.103\Sdks\Microsoft.NET.Sdk.WindowsDesktop\targets\Microsoft.WinFX.targets(69,7): message :       _HandlePackageFileConflicts;
       C:\Program Files\dotnet\sdk\10.0.103\Sdks\Microsoft.NET.Sdk.WindowsDesktop\targets\Microsoft.WinFX.targets(69,7): message :       
       C:\Program Files\dotnet\sdk\10.0.103\Sdks\Microsoft.NET.Sdk.WindowsDesktop\targets\Microsoft.WinFX.targets(69,7): message :       ;
       C:\Program Files\dotnet\sdk\10.0.103\Sdks\Microsoft.NET.Sdk.WindowsDesktop\targets\Microsoft.WinFX.targets(69,7): message :       PrepareResourceNames;
       C:\Program Files\dotnet\sdk\10.0.103\Sdks\Microsoft.NET.Sdk.WindowsDesktop\targets\Microsoft.WinFX.targets(69,7): message :       ResGen;
       C:\Program Files\dotnet\sdk\10.0.103\Sdks\Microsoft.NET.Sdk.WindowsDesktop\targets\Microsoft.WinFX.targets(69,7): message :       CompileLicxFiles
       C:\Program Files\dotnet\sdk\10.0.103\Sdks\Microsoft.NET.Sdk.WindowsDesktop\targets\Microsoft.WinFX.targets(69,7): message :     
       C:\Program Files\dotnet\sdk\10.0.103\Sdks\Microsoft.NET.Sdk.WindowsDesktop\targets\Microsoft.WinFX.targets(69,7): message :     ") at C:\Program Files\dotnet\sdk\10.0.103\Sdks\Microsoft.NET.Sdk.WindowsDesktop\targets\Microsoft.WinFX.targets (69,7)
   6:6>Task "RemoveDuplicates"
     0>C:\Program Files\dotnet\sdk\10.0.103\Sdks\Microsoft.NET.Sdk.WindowsDesktop\targets\Microsoft.WinFX.targets(136,5): message : Property reassignment: $(CompileDependsOn)="
C:\Program Files\dotnet\sdk\10.0.103\Sdks\Microsoft.NET.Sdk.WindowsDesktop\targets\Microsoft.WinFX.targets(136,5): message :         
C:\Program Files\dotnet\sdk\10.0.103\Sdks\Microsoft.NET.Sdk.WindowsDesktop\targets\Microsoft.WinFX.targets(136,5): message :       
C:\Program Files\dotnet\sdk\10.0.103\Sdks\Microsoft.NET.Sdk.WindowsDesktop\targets\Microsoft.WinFX.targets(136,5): message :       ResolveReferences;
C:\Program Files\dotnet\sdk\10.0.103\Sdks\Microsoft.NET.Sdk.WindowsDesktop\targets\Microsoft.WinFX.targets(136,5): message :       ResolveKeySource;
C:\Program Files\dotnet\sdk\10.0.103\Sdks\Microsoft.NET.Sdk.WindowsDesktop\targets\Microsoft.WinFX.targets(136,5): message :       SetWin32ManifestProperties;
C:\Program Files\dotnet\sdk\10.0.103\Sdks\Microsoft.NET.Sdk.WindowsDesktop\targets\Microsoft.WinFX.targets(136,5): message :       _SetPreferNativeArm64Win32ManifestProperties;
C:\Program Files\dotnet\sdk\10.0.103\Sdks\Microsoft.NET.Sdk.WindowsDesktop\targets\Microsoft.WinFX.targets(136,5): message :       FindReferenceAssembliesForReferences;
C:\Program Files\dotnet\sdk\10.0.103\Sdks\Microsoft.NET.Sdk.WindowsDesktop\targets\Microsoft.WinFX.targets(136,5): message :       _GenerateCompileInputs;
C:\Program Files\dotnet\sdk\10.0.103\Sdks\Microsoft.NET.Sdk.WindowsDesktop\targets\Microsoft.WinFX.targets(136,5): message :       BeforeCompile;
C:\Program Files\dotnet\sdk\10.0.103\Sdks\Microsoft.NET.Sdk.WindowsDesktop\targets\Microsoft.WinFX.targets(136,5): message :       _TimeStampBeforeCompile;
C:\Program Files\dotnet\sdk\10.0.103\Sdks\Microsoft.NET.Sdk.WindowsDesktop\targets\Microsoft.WinFX.targets(136,5): message :       _GenerateCompileDependencyCache;
C:\Program Files\dotnet\sdk\10.0.103\Sdks\Microsoft.NET.Sdk.WindowsDesktop\targets\Microsoft.WinFX.targets(136,5): message :       CoreCompile;
C:\Program Files\dotnet\sdk\10.0.103\Sdks\Microsoft.NET.Sdk.WindowsDesktop\targets\Microsoft.WinFX.targets(136,5): message :       _TimeStampAfterCompile;
C:\Program Files\dotnet\sdk\10.0.103\Sdks\Microsoft.NET.Sdk.WindowsDesktop\targets\Microsoft.WinFX.targets(136,5): message :       AfterCompile;
C:\Program Files\dotnet\sdk\10.0.103\Sdks\Microsoft.NET.Sdk.WindowsDesktop\targets\Microsoft.WinFX.targets(136,5): message :     ;
C:\Program Files\dotnet\sdk\10.0.103\Sdks\Microsoft.NET.Sdk.WindowsDesktop\targets\Microsoft.WinFX.targets(136,5): message :       _CreateAppHost;
C:\Program Files\dotnet\sdk\10.0.103\Sdks\Microsoft.NET.Sdk.WindowsDesktop\targets\Microsoft.WinFX.targets(136,5): message :       _CreateComHost;
C:\Program Files\dotnet\sdk\10.0.103\Sdks\Microsoft.NET.Sdk.WindowsDesktop\targets\Microsoft.WinFX.targets(136,5): message :       _GetIjwHostPaths;
C:\Program Files\dotnet\sdk\10.0.103\Sdks\Microsoft.NET.Sdk.WindowsDesktop\targets\Microsoft.WinFX.targets(136,5): message :     ;
C:\Program Files\dotnet\sdk\10.0.103\Sdks\Microsoft.NET.Sdk.WindowsDesktop\targets\Microsoft.WinFX.targets(136,5): message :         _AfterCompileWinFXInternal
C:\Program Files\dotnet\sdk\10.0.103\Sdks\Microsoft.NET.Sdk.WindowsDesktop\targets\Microsoft.WinFX.targets(136,5): message :     " (previous value: "
C:\Program Files\dotnet\sdk\10.0.103\Sdks\Microsoft.NET.Sdk.WindowsDesktop\targets\Microsoft.WinFX.targets(136,5): message :       
C:\Program Files\dotnet\sdk\10.0.103\Sdks\Microsoft.NET.Sdk.WindowsDesktop\targets\Microsoft.WinFX.targets(136,5): message :       ResolveReferences;
C:\Program Files\dotnet\sdk\10.0.103\Sdks\Microsoft.NET.Sdk.WindowsDesktop\targets\Microsoft.WinFX.targets(136,5): message :       ResolveKeySource;
C:\Program Files\dotnet\sdk\10.0.103\Sdks\Microsoft.NET.Sdk.WindowsDesktop\targets\Microsoft.WinFX.targets(136,5): message :       SetWin32ManifestProperties;
C:\Program Files\dotnet\sdk\10.0.103\Sdks\Microsoft.NET.Sdk.WindowsDesktop\targets\Microsoft.WinFX.targets(136,5): message :       _SetPreferNativeArm64Win32ManifestProperties;
C:\Program Files\dotnet\sdk\10.0.103\Sdks\Microsoft.NET.Sdk.WindowsDesktop\targets\Microsoft.WinFX.targets(136,5): message :       FindReferenceAssembliesForReferences;
C:\Program Files\dotnet\sdk\10.0.103\Sdks\Microsoft.NET.Sdk.WindowsDesktop\targets\Microsoft.WinFX.targets(136,5): message :       _GenerateCompileInputs;
C:\Program Files\dotnet\sdk\10.0.103\Sdks\Microsoft.NET.Sdk.WindowsDesktop\targets\Microsoft.WinFX.targets(136,5): message :       BeforeCompile;
C:\Program Files\dotnet\sdk\10.0.103\Sdks\Microsoft.NET.Sdk.WindowsDesktop\targets\Microsoft.WinFX.targets(136,5): message :       _TimeStampBeforeCompile;
C:\Program Files\dotnet\sdk\10.0.103\Sdks\Microsoft.NET.Sdk.WindowsDesktop\targets\Microsoft.WinFX.targets(136,5): message :       _GenerateCompileDependencyCache;
C:\Program Files\dotnet\sdk\10.0.103\Sdks\Microsoft.NET.Sdk.WindowsDesktop\targets\Microsoft.WinFX.targets(136,5): message :       CoreCompile;
C:\Program Files\dotnet\sdk\10.0.103\Sdks\Microsoft.NET.Sdk.WindowsDesktop\targets\Microsoft.WinFX.targets(136,5): message :       _TimeStampAfterCompile;
C:\Program Files\dotnet\sdk\10.0.103\Sdks\Microsoft.NET.Sdk.WindowsDesktop\targets\Microsoft.WinFX.targets(136,5): message :       AfterCompile;
C:\Program Files\dotnet\sdk\10.0.103\Sdks\Microsoft.NET.Sdk.WindowsDesktop\targets\Microsoft.WinFX.targets(136,5): message :     ;
C:\Program Files\dotnet\sdk\10.0.103\Sdks\Microsoft.NET.Sdk.WindowsDesktop\targets\Microsoft.WinFX.targets(136,5): message :       _CreateAppHost;
C:\Program Files\dotnet\sdk\10.0.103\Sdks\Microsoft.NET.Sdk.WindowsDesktop\targets\Microsoft.WinFX.targets(136,5): message :       _CreateComHost;
C:\Program Files\dotnet\sdk\10.0.103\Sdks\Microsoft.NET.Sdk.WindowsDesktop\targets\Microsoft.WinFX.targets(136,5): message :       _GetIjwHostPaths;
C:\Program Files\dotnet\sdk\10.0.103\Sdks\Microsoft.NET.Sdk.WindowsDesktop\targets\Microsoft.WinFX.targets(136,5): message :     ") at C:\Program Files\dotnet\sdk\10.0.103\Sdks\Microsoft.NET.Sdk.WindowsDesktop\targets\Microsoft.WinFX.targets (136,5)
   6:6>Done executing task "RemoveDuplicates".
     0>C:\Program Files\dotnet\sdk\10.0.103\Sdks\Microsoft.NET.Sdk.WindowsDesktop\targets\Microsoft.WinFX.targets(803,9): message : Property reassignment: $(PublishBuildDependsOn)="
C:\Program Files\dotnet\sdk\10.0.103\Sdks\Microsoft.NET.Sdk.WindowsDesktop\targets\Microsoft.WinFX.targets(803,9): message :             BuildOnlySettings;
C:\Program Files\dotnet\sdk\10.0.103\Sdks\Microsoft.NET.Sdk.WindowsDesktop\targets\Microsoft.WinFX.targets(803,9): message :             PrepareForBuild;
C:\Program Files\dotnet\sdk\10.0.103\Sdks\Microsoft.NET.Sdk.WindowsDesktop\targets\Microsoft.WinFX.targets(803,9): message :             ResolveReferences;
C:\Program Files\dotnet\sdk\10.0.103\Sdks\Microsoft.NET.Sdk.WindowsDesktop\targets\Microsoft.WinFX.targets(803,9): message :             PrepareResources;
C:\Program Files\dotnet\sdk\10.0.103\Sdks\Microsoft.NET.Sdk.WindowsDesktop\targets\Microsoft.WinFX.targets(803,9): message :             ResolveKeySource;
C:\Program Files\dotnet\sdk\10.0.103\Sdks\Microsoft.NET.Sdk.WindowsDesktop\targets\Microsoft.WinFX.targets(803,9): message :             PrepareResourcesForSatelliteAssemblies;
C:\Program Files\dotnet\sdk\10.0.103\Sdks\Microsoft.NET.Sdk.WindowsDesktop\targets\Microsoft.WinFX.targets(803,9): message :             GenerateSerializationAssemblies;
C:\Program Files\dotnet\sdk\10.0.103\Sdks\Microsoft.NET.Sdk.WindowsDesktop\targets\Microsoft.WinFX.targets(803,9): message :             CreateSatelliteAssemblies;
C:\Program Files\dotnet\sdk\10.0.103\Sdks\Microsoft.NET.Sdk.WindowsDesktop\targets\Microsoft.WinFX.targets(803,9): message :         " (previous value: "
C:\Program Files\dotnet\sdk\10.0.103\Sdks\Microsoft.NET.Sdk.WindowsDesktop\targets\Microsoft.WinFX.targets(803,9): message :       BuildOnlySettings;
C:\Program Files\dotnet\sdk\10.0.103\Sdks\Microsoft.NET.Sdk.WindowsDesktop\targets\Microsoft.WinFX.targets(803,9): message :       PrepareForBuild;
C:\Program Files\dotnet\sdk\10.0.103\Sdks\Microsoft.NET.Sdk.WindowsDesktop\targets\Microsoft.WinFX.targets(803,9): message :       ResolveReferences;
C:\Program Files\dotnet\sdk\10.0.103\Sdks\Microsoft.NET.Sdk.WindowsDesktop\targets\Microsoft.WinFX.targets(803,9): message :       PrepareResources;
C:\Program Files\dotnet\sdk\10.0.103\Sdks\Microsoft.NET.Sdk.WindowsDesktop\targets\Microsoft.WinFX.targets(803,9): message :       ResolveKeySource;
C:\Program Files\dotnet\sdk\10.0.103\Sdks\Microsoft.NET.Sdk.WindowsDesktop\targets\Microsoft.WinFX.targets(803,9): message :       GenerateSerializationAssemblies;
C:\Program Files\dotnet\sdk\10.0.103\Sdks\Microsoft.NET.Sdk.WindowsDesktop\targets\Microsoft.WinFX.targets(803,9): message :       CreateSatelliteAssemblies;
C:\Program Files\dotnet\sdk\10.0.103\Sdks\Microsoft.NET.Sdk.WindowsDesktop\targets\Microsoft.WinFX.targets(803,9): message :     ") at C:\Program Files\dotnet\sdk\10.0.103\Sdks\Microsoft.NET.Sdk.WindowsDesktop\targets\Microsoft.WinFX.targets (803,9)
   6:6>Done building target "IncrementalClean" in project "TicketConsolidator.Web.csproj".
       Target "GenerateBuildDependencyFile" skipped. Previously built successfully.
     0>C:\Program Files\dotnet\sdk\10.0.103\NuGet.Build.Tasks.Pack.targets(34,5): message : Property reassignment: $(PackageDescription)="Package Description" (previous value: "") at C:\Program Files\dotnet\sdk\10.0.103\NuGet.Build.Tasks.Pack.targets (34,5)
   6:6>Target "GenerateBuildRuntimeConfigurationFiles" skipped. Previously built successfully.
   6:6>Target "CoreBuild" in file "C:\Program Files\dotnet\sdk\10.0.103\Microsoft.Common.CurrentVersion.targets" from project "c:\Apps\TicketConsolidator\src\TicketConsolidator.Web\TicketConsolidator.Web.csproj" (target "Build" depends on it):
   6:6>Done building target "CoreBuild" in project "TicketConsolidator.Web.csproj".
   6:6>Target "AfterBuild" in file "C:\Program Files\dotnet\sdk\10.0.103\Microsoft.Common.CurrentVersion.targets" from project "c:\Apps\TicketConsolidator\src\TicketConsolidator.Web\TicketConsolidator.Web.csproj" (target "Build" depends on it):
   6:6>Done building target "AfterBuild" in project "TicketConsolidator.Web.csproj".
       Target "_CheckForInvalidConfigurationAndPlatform" skipped. Previously built successfully.
       Target "_CheckForInvalidConfigurationAndPlatform" skipped. Previously built successfully.
   6:6>Target "Build" in file "C:\Program Files\dotnet\sdk\10.0.103\Microsoft.Common.CurrentVersion.targets" from project "c:\Apps\TicketConsolidator\src\TicketConsolidator.Web\TicketConsolidator.Web.csproj" (entry point):
   6:6>Done building target "Build" in project "TicketConsolidator.Web.csproj".
     0>C:\Program Files\dotnet\sdk\10.0.103\NuGet.Build.Tasks.Pack.targets(59,5): message : Property reassignment: $(GenerateNuspecDependsOn)="Build;_LoadPackInputItems; _GetTargetFrameworksOutput; _WalkEachTargetPerFramework; _GetPackageFiles; " (previous value: "_LoadPackInputItems; _GetTargetFrameworksOutput; _WalkEachTargetPerFramework; _GetPackageFiles; ") at C:\Program Files\dotnet\sdk\10.0.103\NuGet.Build.Tasks.Pack.targets (59,5)
   6:6>Target "_CheckContainersPackage" in file "C:\Program Files\dotnet\sdk\10.0.103\Containers\build\Microsoft.NET.Build.Containers.targets" from project "c:\Apps\TicketConsolidator\src\TicketConsolidator.Web\TicketConsolidator.Web.csproj" (entry point):
   6:6>Done building target "_CheckContainersPackage" in project "TicketConsolidator.Web.csproj".
     0>C:\Program Files\dotnet\sdk\10.0.103\Sdks\Microsoft.NET.Sdk\Sdk\Sdk.targets(59,5): message : Property reassignment: $(_IsNotSetContainersTargetsDir)="true" (previous value: "false") at C:\Program Files\dotnet\sdk\10.0.103\Sdks\Microsoft.NET.Sdk\Sdk\Sdk.targets (59,5)
   6:6>Done Building Project "c:\Apps\TicketConsolidator\src\TicketConsolidator.Web\TicketConsolidator.Web.csproj" (default targets).
     0>C:\Program Files\dotnet\sdk\10.0.103\Containers\build\Microsoft.NET.Build.Containers.targets(5,5): message : Property reassignment: $(_IsSDKContainerAllowedVersion)="true" (previous value: "false") at C:\Program Files\dotnet\sdk\10.0.103\Containers\build\Microsoft.NET.Build.Containers.targets (5,5)
       C:\Program Files\dotnet\sdk\10.0.103\Containers\build\Microsoft.NET.Build.Containers.targets(15,5): message : Property reassignment: $(_ContainerIsTargetingNet8TFM)="true" (previous value: "false") at C:\Program Files\dotnet\sdk\10.0.103\Containers\build\Microsoft.NET.Build.Containers.targets (15,5)
       Overriding target "ResolveFrameworkReferences" in project "C:\Program Files\dotnet\sdk\10.0.103\Microsoft.Common.CurrentVersion.targets" with target "ResolveFrameworkReferences" from project "C:\Program Files\dotnet\sdk\10.0.103\Sdks\Microsoft.NET.Sdk\targets\Microsoft.NET.Sdk.FrameworkReferenceResolution.targets".
       Overriding target "GenerateSupportedTargetFrameworkAlias" in project "C:\Program Files\dotnet\sdk\10.0.103\Microsoft.Common.CurrentVersion.targets" with target "GenerateSupportedTargetFrameworkAlias" from project "C:\Program Files\dotnet\sdk\10.0.103\Sdks\Microsoft.NET.Sdk\targets\Microsoft.NET.Sdk.targets".
       Overriding target "GetReferenceAssemblyPaths" in project "C:\Program Files\dotnet\sdk\10.0.103\Microsoft.Common.CurrentVersion.targets" with target "GetReferenceAssemblyPaths" from project "C:\Program Files\dotnet\sdk\10.0.103\Sdks\Microsoft.NET.Sdk\targets\Microsoft.NET.DisableStandardFrameworkResolution.targets".
       Overriding target "GetFrameworkPaths" in project "C:\Program Files\dotnet\sdk\10.0.103\Microsoft.Common.CurrentVersion.targets" with target "GetFrameworkPaths" from project "C:\Program Files\dotnet\sdk\10.0.103\Sdks\Microsoft.NET.Sdk\targets\Microsoft.NET.DisableStandardFrameworkResolution.targets".
       Overriding target "DesignerRuntimeImplementationProjectOutputGroup" in project "C:\Program Files\dotnet\sdk\10.0.103\Microsoft.Common.CurrentVersion.targets" with target "DesignerRuntimeImplementationProjectOutputGroup" from project "C:\Program Files\dotnet\sdk\10.0.103\Sdks\Microsoft.NET.Sdk\targets\Microsoft.NET.DesignerSupport.targets".
       Overriding target "Publish" in project "C:\Program Files\dotnet\sdk\10.0.103\Microsoft.Common.CurrentVersion.targets" with target "Publish" from project "C:\Program Files\dotnet\sdk\10.0.103\Sdks\Microsoft.NET.Sdk\targets\Microsoft.NET.Publish.targets".
       Overriding target "ResolveReadyToRunCompilers" in project "C:\Program Files\dotnet\sdk\10.0.103\Sdks\Microsoft.NET.Sdk\targets\Microsoft.NET.CrossGen.targets" with target "ResolveReadyToRunCompilers" from project "C:\Program Files\dotnet\sdk\10.0.103\Sdks\Microsoft.NET.Sdk\targets\Microsoft.NET.Publish.targets".
       Overriding target "GetCopyToPublishDirectoryItems" in project "C:\Program Files\dotnet\sdk\10.0.103\Microsoft.Common.CurrentVersion.targets" with target "GetCopyToPublishDirectoryItems" from project "C:\Program Files\dotnet\sdk\10.0.103\Sdks\Microsoft.NET.Sdk\targets\Microsoft.NET.Publish.targets".
       Overriding target "Run" in project "C:\Program Files\dotnet\sdk\10.0.103\Microsoft.Common.CurrentVersion.targets" with target "Run" from project "C:\Program Files\dotnet\sdk\10.0.103\Sdks\Microsoft.NET.Sdk\targets\Microsoft.NET.Sdk.targets".
       Overriding target "SatelliteDllsProjectOutputGroup" in project "C:\Program Files\dotnet\sdk\10.0.103\Microsoft.Common.CurrentVersion.targets" with target "SatelliteDllsProjectOutputGroup" from project "C:\Program Files\dotnet\sdk\10.0.103\Sdks\Microsoft.NET.Sdk.WindowsDesktop\targets\Microsoft.WinFX.targets".
       The target "ResolveNuGetPackageAssets" listed in an AfterTargets attribute at "C:\Users\krish.maniar.ATPL-LAP-723\.nuget\packages\microsoft.extensions.configuration.binder\10.0.1\buildTransitive\netstandard2.0\Microsoft.Extensions.Configuration.Binder.targets (9,13)" does not exist in the project, and will be ignored.
   5:6>Project "c:\Apps\TicketConsolidator\src\TicketConsolidator.UI\TicketConsolidator.UI.csproj" (5:6) is building "c:\Apps\TicketConsolidator\src\TicketConsolidator.UI\TicketConsolidator.UI_bqhhcq12_wpftmp.csproj" (8) on node 1 (_CompileTemporaryAssembly target(s)).
     8>Target "NETStandardCompatError_Microsoft_Extensions_Configuration_Binder" in file "C:\Users\krish.maniar.ATPL-LAP-723\.nuget\packages\microsoft.extensions.configuration.binder\10.0.1\buildTransitive\netstandard2.0\Microsoft.Extensions.Configuration.Binder.targets" from project "c:\Apps\TicketConsolidator\src\TicketConsolidator.UI\TicketConsolidator.UI_bqhhcq12_wpftmp.csproj" (entry point):
     8>Done building target "NETStandardCompatError_Microsoft_Extensions_Configuration_Binder" in project "TicketConsolidator.UI_bqhhcq12_wpftmp.csproj".
     8>Target "BuildOnlySettings" in file "C:\Program Files\dotnet\sdk\10.0.103\Microsoft.Common.CurrentVersion.targets" from project "c:\Apps\TicketConsolidator\src\TicketConsolidator.UI\TicketConsolidator.UI_bqhhcq12_wpftmp.csproj" (target "_CompileTemporaryAssembly" depends on it):
       C:\Program Files\dotnet\sdk\10.0.103\Microsoft.Common.CurrentVersion.targets(1168,7): message : Property reassignment: $(BuildingProject)="true" (previous value: "false") at C:\Program Files\dotnet\sdk\10.0.103\Microsoft.Common.CurrentVersion.targets (1168,7) [c:\Apps\TicketConsolidator\src\TicketConsolidator.UI\TicketConsolidator.UI_bqhhcq12_wpftmp.csproj]
     8>Done building target "BuildOnlySettings" in project "TicketConsolidator.UI_bqhhcq12_wpftmp.csproj".
     8>Target "IgnoreJavaScriptOutputAssembly" in file "C:\Program Files\dotnet\sdk\10.0.103\Microsoft.Common.CurrentVersion.targets" from project "c:\Apps\TicketConsolidator\src\TicketConsolidator.UI\TicketConsolidator.UI_bqhhcq12_wpftmp.csproj" (target "AssignProjectConfiguration" depends on it):
     8>Done building target "IgnoreJavaScriptOutputAssembly" in project "TicketConsolidator.UI_bqhhcq12_wpftmp.csproj".
     8>Target "AddWindowsSdkKnownFrameworkReferences" in file "C:\Program Files\dotnet\sdk\10.0.103\Sdks\Microsoft.NET.Sdk\targets\Microsoft.NET.Sdk.FrameworkReferenceResolution.targets" from project "c:\Apps\TicketConsolidator\src\TicketConsolidator.UI\TicketConsolidator.UI_bqhhcq12_wpftmp.csproj" (target "ProcessFrameworkReferences" depends on it):
       Using "CreateWindowsSdkKnownFrameworkReferences" task from assembly "C:\Program Files\dotnet\sdk\10.0.103\Sdks\Microsoft.NET.Sdk\targets\..\tools\net10.0\Microsoft.NET.Build.Tasks.dll".
       Task "CreateWindowsSdkKnownFrameworkReferences"
       Done executing task "CreateWindowsSdkKnownFrameworkReferences".
     8>Done building target "AddWindowsSdkKnownFrameworkReferences" in project "TicketConsolidator.UI_bqhhcq12_wpftmp.csproj".
     8>Target "_NormalizeTargetPlatformVersion" in file "C:\Program Files\dotnet\sdk\10.0.103\Sdks\Microsoft.NET.Sdk\targets\Microsoft.NET.TargetFrameworkInference.targets" from project "c:\Apps\TicketConsolidator\src\TicketConsolidator.UI\TicketConsolidator.UI_bqhhcq12_wpftmp.csproj" (target "ProcessFrameworkReferences" depends on it):
     8>Done building target "_NormalizeTargetPlatformVersion" in project "TicketConsolidator.UI_bqhhcq12_wpftmp.csproj".
     8>Target "_CheckForLanguageAndFeatureCombinationSupport" in file "C:\Program Files\dotnet\sdk\10.0.103\Sdks\Microsoft.NET.Sdk\targets\Microsoft.NET.RuntimeIdentifierInference.targets" from project "c:\Apps\TicketConsolidator\src\TicketConsolidator.UI\TicketConsolidator.UI_bqhhcq12_wpftmp.csproj" (target "ProcessFrameworkReferences" depends on it):
     8>Done building target "_CheckForLanguageAndFeatureCombinationSupport" in project "TicketConsolidator.UI_bqhhcq12_wpftmp.csproj".
     8>Target "UpdateAspNetToFrameworkReference" in file "C:\Program Files\dotnet\sdk\10.0.103\Sdks\Microsoft.NET.Sdk\targets\Microsoft.NET.Sdk.DefaultItems.Shared.targets" from project "c:\Apps\TicketConsolidator\src\TicketConsolidator.UI\TicketConsolidator.UI_bqhhcq12_wpftmp.csproj" (target "ApplyImplicitVersions" depends on it):
       Using "CheckIfPackageReferenceShouldBeFrameworkReference" task from assembly "C:\Program Files\dotnet\sdk\10.0.103\Sdks\Microsoft.NET.Sdk\targets\..\tools\net10.0\Microsoft.NET.Build.Tasks.dll".
       Task "CheckIfPackageReferenceShouldBeFrameworkReference"
       Done executing task "CheckIfPackageReferenceShouldBeFrameworkReference".
       Task "CheckIfPackageReferenceShouldBeFrameworkReference"
       Done executing task "CheckIfPackageReferenceShouldBeFrameworkReference".
     8>Done building target "UpdateAspNetToFrameworkReference" in project "TicketConsolidator.UI_bqhhcq12_wpftmp.csproj".
     8>Target "CheckForImplicitPackageReferenceOverrides" in file "C:\Program Files\dotnet\sdk\10.0.103\Sdks\Microsoft.NET.Sdk\targets\Microsoft.NET.Sdk.DefaultItems.Shared.targets" from project "c:\Apps\TicketConsolidator\src\TicketConsolidator.UI\TicketConsolidator.UI_bqhhcq12_wpftmp.csproj" (target "ApplyImplicitVersions" depends on it):
       Using "CheckForImplicitPackageReferenceOverrides" task from assembly "C:\Program Files\dotnet\sdk\10.0.103\Sdks\Microsoft.NET.Sdk\targets\..\tools\net10.0\Microsoft.NET.Build.Tasks.dll".
       Task "CheckForImplicitPackageReferenceOverrides"
       Done executing task "CheckForImplicitPackageReferenceOverrides".
     8>Done building target "CheckForImplicitPackageReferenceOverrides" in project "TicketConsolidator.UI_bqhhcq12_wpftmp.csproj".
     8>Target "ApplyImplicitVersions" in file "C:\Program Files\dotnet\sdk\10.0.103\Sdks\Microsoft.NET.Sdk\targets\Microsoft.NET.Sdk.DefaultItems.Shared.targets" from project "c:\Apps\TicketConsolidator\src\TicketConsolidator.UI\TicketConsolidator.UI_bqhhcq12_wpftmp.csproj" (target "ProcessFrameworkReferences" depends on it):
       Using "ApplyImplicitVersions" task from assembly "C:\Program Files\dotnet\sdk\10.0.103\Sdks\Microsoft.NET.Sdk\targets\..\tools\net10.0\Microsoft.NET.Build.Tasks.dll".
       Task "ApplyImplicitVersions"
       Done executing task "ApplyImplicitVersions".
     8>Done building target "ApplyImplicitVersions" in project "TicketConsolidator.UI_bqhhcq12_wpftmp.csproj".
     8>Target "_ComputeToolPackInputsToProcessFrameworkReferences" in file "C:\Program Files\dotnet\sdk\10.0.103\Sdks\Microsoft.NET.Sdk\targets\Microsoft.NET.Publish.targets" from project "c:\Apps\TicketConsolidator\src\TicketConsolidator.UI\TicketConsolidator.UI_bqhhcq12_wpftmp.csproj" (target "ProcessFrameworkReferences" depends on it):
     8>Done building target "_ComputeToolPackInputsToProcessFrameworkReferences" in project "TicketConsolidator.UI_bqhhcq12_wpftmp.csproj".
     8>Target "ProcessFrameworkReferences" in file "C:\Program Files\dotnet\sdk\10.0.103\Sdks\Microsoft.NET.Sdk\targets\Microsoft.NET.Sdk.FrameworkReferenceResolution.targets" from project "c:\Apps\TicketConsolidator\src\TicketConsolidator.UI\TicketConsolidator.UI_bqhhcq12_wpftmp.csproj" (target "ResolvePackageAssets" depends on it):
       Using "CheckForDuplicateFrameworkReferences" task from assembly "C:\Program Files\dotnet\sdk\10.0.103\Sdks\Microsoft.NET.Sdk\targets\..\tools\net10.0\Microsoft.NET.Build.Tasks.dll".
       Task "CheckForDuplicateFrameworkReferences"
       Done executing task "CheckForDuplicateFrameworkReferences".
       Using "ProcessFrameworkReferences" task from assembly "C:\Program Files\dotnet\sdk\10.0.103\Sdks\Microsoft.NET.Sdk\targets\..\tools\net10.0\Microsoft.NET.Build.Tasks.dll".
       Task "ProcessFrameworkReferences"
         Found 2 known framework references for target framework .NETCoreApp
         Found 5 known runtime packs for target framework .NETCoreApp
         Selected Microsoft.NETCore.App with RIDs 'linux-arm;linux-arm64;linux-musl-arm64;linux-musl-x64;linux-x64;osx-x64;tizen.4.0.0-armel;tizen.5.0.0-armel;win-arm64;win-x64;win-x86;linux-musl-arm;osx-arm64;linux-s390x;linux-loongarch64;linux-bionic-arm;linux-bionic-arm64;linux-bionic-x64;linux-bionic-x86;linux-ppc64le;freebsd-x64;freebsd-arm64;linux-riscv64;linux-musl-riscv64;linux-musl-loongarch64;android-arm64;android-x64'
         Selected targeting pack 'Microsoft.NETCore.App@10.0.3'
         Added runtime framework 'Microsoft.NETCore.App@10.0.0'
         Selected Microsoft.WindowsDesktop.App with RIDs 'win-x64;win-x86;win-arm64'
         Selected targeting pack 'Microsoft.WindowsDesktop.App@10.0.3'
         Added runtime framework 'Microsoft.WindowsDesktop.App@10.0.0'
         Selected Microsoft.WindowsDesktop.App with RIDs 'win-x64;win-x86;win-arm64'
         Selected targeting pack 'Microsoft.WindowsDesktop.App.WPF@10.0.3'
         Added runtime framework 'Microsoft.WindowsDesktop.App@10.0.0'
         Selected Microsoft.WindowsDesktop.App with RIDs 'win-x64;win-x86;win-arm64'
         Selected targeting pack 'Microsoft.WindowsDesktop.App.WindowsForms@10.0.3'
         Added runtime framework 'Microsoft.WindowsDesktop.App@10.0.0'
         Selected Microsoft.AspNetCore.App with RIDs 'win-x64;win-x86;osx-x64;linux-musl-x64;linux-musl-arm64;linux-x64;linux-arm;linux-arm64;linux-musl-arm;win-arm64;osx-arm64;linux-s390x;linux-loongarch64;linux-ppc64le;freebsd-x64;freebsd-arm64;linux-riscv64;linux-musl-riscv64;linux-loongarch64;linux-musl-loongarch64'
         Selected targeting pack 'Microsoft.AspNetCore.App@10.0.3'
         Added runtime framework 'Microsoft.AspNetCore.App@10.0.0'
       Done executing task "ProcessFrameworkReferences".
       Using "ResolveAppHosts" task from assembly "C:\Program Files\dotnet\sdk\10.0.103\Sdks\Microsoft.NET.Sdk\targets\..\tools\net10.0\Microsoft.NET.Build.Tasks.dll".
       Task "ResolveAppHosts"
       Done executing task "ResolveAppHosts".
     8>Done building target "ProcessFrameworkReferences" in project "TicketConsolidator.UI_bqhhcq12_wpftmp.csproj".
     8>Target "_DefaultMicrosoftNETPlatformLibrary" in file "C:\Program Files\dotnet\sdk\10.0.103\Sdks\Microsoft.NET.Sdk\targets\Microsoft.NET.Sdk.Shared.targets" from project "c:\Apps\TicketConsolidator\src\TicketConsolidator.UI\TicketConsolidator.UI_bqhhcq12_wpftmp.csproj" (target "ResolvePackageAssets" depends on it):
     8>Done building target "_DefaultMicrosoftNETPlatformLibrary" in project "TicketConsolidator.UI_bqhhcq12_wpftmp.csproj".
     8>Target "_ComputePackageReferencePublish" in file "C:\Program Files\dotnet\sdk\10.0.103\Sdks\Microsoft.NET.Sdk\targets\Microsoft.NET.Sdk.Shared.targets" from project "c:\Apps\TicketConsolidator\src\TicketConsolidator.UI\TicketConsolidator.UI_bqhhcq12_wpftmp.csproj" (target "ResolvePackageAssets" depends on it):
     8>Done building target "_ComputePackageReferencePublish" in project "TicketConsolidator.UI_bqhhcq12_wpftmp.csproj".
     8>Target "ResolvePackageAssets" in file "C:\Program Files\dotnet\sdk\10.0.103\Sdks\Microsoft.NET.Sdk\targets\Microsoft.PackageDependencyResolution.targets" from project "c:\Apps\TicketConsolidator\src\TicketConsolidator.UI\TicketConsolidator.UI_bqhhcq12_wpftmp.csproj" (target "ResolveLockFileReferences" depends on it):
       Using "ResolvePackageAssets" task from assembly "C:\Program Files\dotnet\sdk\10.0.103\Sdks\Microsoft.NET.Sdk\targets\..\tools\net10.0\Microsoft.NET.Build.Tasks.dll".
       Task "ResolvePackageAssets"
       Done executing task "ResolvePackageAssets".
     8>Done building target "ResolvePackageAssets" in project "TicketConsolidator.UI_bqhhcq12_wpftmp.csproj".
     8>Target "AddTransitiveFrameworkReferences" in file "C:\Program Files\dotnet\sdk\10.0.103\Sdks\Microsoft.NET.Sdk\targets\Microsoft.NET.Sdk.FrameworkReferenceResolution.targets" from project "c:\Apps\TicketConsolidator\src\TicketConsolidator.UI\TicketConsolidator.UI_bqhhcq12_wpftmp.csproj" (target "ResolveLockFileReferences" depends on it):
     8>Done building target "AddTransitiveFrameworkReferences" in project "TicketConsolidator.UI_bqhhcq12_wpftmp.csproj".
     8>Target "_CheckForTransitiveWindowsSDKFullDependencies" in file "C:\Program Files\dotnet\sdk\10.0.103\Sdks\Microsoft.NET.Sdk\targets\Microsoft.NET.Windows.targets" from project "c:\Apps\TicketConsolidator\src\TicketConsolidator.UI\TicketConsolidator.UI_bqhhcq12_wpftmp.csproj" (target "ResolveLockFileReferences" depends on it):
     8>Done building target "_CheckForTransitiveWindowsSDKFullDependencies" in project "TicketConsolidator.UI_bqhhcq12_wpftmp.csproj".
     8>Target "ResolveLockFileReferences" in file "C:\Program Files\dotnet\sdk\10.0.103\Sdks\Microsoft.NET.Sdk\targets\Microsoft.PackageDependencyResolution.targets" from project "c:\Apps\TicketConsolidator\src\TicketConsolidator.UI\TicketConsolidator.UI_bqhhcq12_wpftmp.csproj" (target "ResolvePackageDependenciesForBuild" depends on it):
       Using "JoinItems" task from assembly "C:\Program Files\dotnet\sdk\10.0.103\Sdks\Microsoft.NET.Sdk\targets\..\tools\net10.0\Microsoft.NET.Build.Tasks.dll".
       Task "JoinItems"
       Done executing task "JoinItems".
     8>Done building target "ResolveLockFileReferences" in project "TicketConsolidator.UI_bqhhcq12_wpftmp.csproj".
       Target "ResolvePackageAssets" skipped. Previously built successfully.
     8>Target "ResolveLockFileAnalyzers" in file "C:\Program Files\dotnet\sdk\10.0.103\Sdks\Microsoft.NET.Sdk\targets\Microsoft.PackageDependencyResolution.targets" from project "c:\Apps\TicketConsolidator\src\TicketConsolidator.UI\TicketConsolidator.UI_bqhhcq12_wpftmp.csproj" (target "ResolvePackageDependenciesForBuild" depends on it):
     8>Done building target "ResolveLockFileAnalyzers" in project "TicketConsolidator.UI_bqhhcq12_wpftmp.csproj".
       Target "ResolvePackageAssets" skipped. Previously built successfully.
     8>Target "ResolveLockFileCopyLocalFiles" in file "C:\Program Files\dotnet\sdk\10.0.103\Sdks\Microsoft.NET.Sdk\targets\Microsoft.PackageDependencyResolution.targets" from project "c:\Apps\TicketConsolidator\src\TicketConsolidator.UI\TicketConsolidator.UI_bqhhcq12_wpftmp.csproj" (target "ResolvePackageDependenciesForBuild" depends on it):
     8>Done building target "ResolveLockFileCopyLocalFiles" in project "TicketConsolidator.UI_bqhhcq12_wpftmp.csproj".
       Target "ResolvePackageAssets" skipped. Previously built successfully.
     8>Target "IncludeTransitiveProjectReferences" in file "C:\Program Files\dotnet\sdk\10.0.103\Sdks\Microsoft.NET.Sdk\targets\Microsoft.PackageDependencyResolution.targets" from project "c:\Apps\TicketConsolidator\src\TicketConsolidator.UI\TicketConsolidator.UI_bqhhcq12_wpftmp.csproj" (target "ResolvePackageDependenciesForBuild" depends on it):
     8>Done building target "IncludeTransitiveProjectReferences" in project "TicketConsolidator.UI_bqhhcq12_wpftmp.csproj".
     8>Target "ResolvePackageDependenciesForBuild" in file "C:\Program Files\dotnet\sdk\10.0.103\Sdks\Microsoft.NET.Sdk\targets\Microsoft.PackageDependencyResolution.targets" from project "c:\Apps\TicketConsolidator\src\TicketConsolidator.UI\TicketConsolidator.UI_bqhhcq12_wpftmp.csproj" (target "AssignProjectConfiguration" depends on it):
     8>Done building target "ResolvePackageDependenciesForBuild" in project "TicketConsolidator.UI_bqhhcq12_wpftmp.csproj".
     8>Target "_Microsoft_Extensions_Configuration_Binder_RemoveAnalyzer" in file "C:\Users\krish.maniar.ATPL-LAP-723\.nuget\packages\microsoft.extensions.configuration.binder\10.0.1\buildTransitive\netstandard2.0\Microsoft.Extensions.Configuration.Binder.targets" from project "c:\Apps\TicketConsolidator\src\TicketConsolidator.UI\TicketConsolidator.UI_bqhhcq12_wpftmp.csproj" (target "AssignProjectConfiguration" depends on it):
     8>Done building target "_Microsoft_Extensions_Configuration_Binder_RemoveAnalyzer" in project "TicketConsolidator.UI_bqhhcq12_wpftmp.csproj".
     8>Target "AssignProjectConfiguration" in file "C:\Program Files\dotnet\sdk\10.0.103\Microsoft.Common.CurrentVersion.targets" from project "c:\Apps\TicketConsolidator\src\TicketConsolidator.UI\TicketConsolidator.UI_bqhhcq12_wpftmp.csproj" (target "PrepareProjectReferences" depends on it):
       Task "AssignProjectConfiguration"
         Project reference "..\TicketConsolidator.Application\TicketConsolidator.Application.csproj" has been assigned the "Debug|AnyCPU" configuration.
         Project reference "..\TicketConsolidator.Infrastructure\TicketConsolidator.Infrastructure.csproj" has been assigned the "Debug|AnyCPU" configuration.
         Project reference "..\TicketConsolidator.Domain\TicketConsolidator.Domain.csproj" has been assigned the "Debug|AnyCPU" configuration.
       Done executing task "AssignProjectConfiguration".
     8>Done building target "AssignProjectConfiguration" in project "TicketConsolidator.UI_bqhhcq12_wpftmp.csproj".
     8>Target "_SplitProjectReferencesByFileExistence" in file "C:\Program Files\dotnet\sdk\10.0.103\Microsoft.Common.CurrentVersion.targets" from project "c:\Apps\TicketConsolidator\src\TicketConsolidator.UI\TicketConsolidator.UI_bqhhcq12_wpftmp.csproj" (target "PrepareProjectReferences" depends on it):
     8>Done building target "_SplitProjectReferencesByFileExistence" in project "TicketConsolidator.UI_bqhhcq12_wpftmp.csproj".
     8>Target "_AddOutputPathToGlobalPropertiesToRemove" in file "C:\Program Files\dotnet\sdk\10.0.103\Microsoft.Common.CurrentVersion.targets" from project "c:\Apps\TicketConsolidator\src\TicketConsolidator.UI\TicketConsolidator.UI_bqhhcq12_wpftmp.csproj" (target "_GetProjectReferenceTargetFrameworkProperties" depends on it):
     8>Done building target "_AddOutputPathToGlobalPropertiesToRemove" in project "TicketConsolidator.UI_bqhhcq12_wpftmp.csproj".
     8>Target "_GetProjectReferenceTargetFrameworkProperties" in file "C:\Program Files\dotnet\sdk\10.0.103\Microsoft.Common.CurrentVersion.targets" from project "c:\Apps\TicketConsolidator\src\TicketConsolidator.UI\TicketConsolidator.UI_bqhhcq12_wpftmp.csproj" (target "PrepareProjectReferences" depends on it):
       Task "MSBuild"
         Global Properties:
           Configuration=Debug
           Platform=AnyCPU
         Removing Properties:
           TargetFramework
           RuntimeIdentifier
           SelfContained
     8>Project "c:\Apps\TicketConsolidator\src\TicketConsolidator.UI\TicketConsolidator.UI_bqhhcq12_wpftmp.csproj" (8) is building "c:\Apps\TicketConsolidator\src\TicketConsolidator.Application\TicketConsolidator.Application.csproj" (2:28) on node 1 (GetTargetFrameworks target(s)).
  2:28>Target "GetTargetFrameworks" skipped. Previously built successfully.
  2:28>Done Building Project "c:\Apps\TicketConsolidator\src\TicketConsolidator.Application\TicketConsolidator.Application.csproj" (GetTargetFrameworks target(s)).
     8>Project "c:\Apps\TicketConsolidator\src\TicketConsolidator.UI\TicketConsolidator.UI_bqhhcq12_wpftmp.csproj" (8) is building "c:\Apps\TicketConsolidator\src\TicketConsolidator.Infrastructure\TicketConsolidator.Infrastructure.csproj" (4:24) on node 1 (GetTargetFrameworks target(s)).
  4:24>Target "NETStandardCompatError_Microsoft_Extensions_Configuration_Binder" skipped. Previously built successfully.
       Target "GetTargetFrameworks" skipped. Previously built successfully.
  4:24>Done Building Project "c:\Apps\TicketConsolidator\src\TicketConsolidator.Infrastructure\TicketConsolidator.Infrastructure.csproj" (GetTargetFrameworks target(s)).
     8>Project "c:\Apps\TicketConsolidator\src\TicketConsolidator.UI\TicketConsolidator.UI_bqhhcq12_wpftmp.csproj" (8) is building "c:\Apps\TicketConsolidator\src\TicketConsolidator.Domain\TicketConsolidator.Domain.csproj" (7:33) on node 1 (GetTargetFrameworks target(s)).
  7:33>Target "GetTargetFrameworks" skipped. Previously built successfully.
  7:33>Done Building Project "c:\Apps\TicketConsolidator\src\TicketConsolidator.Domain\TicketConsolidator.Domain.csproj" (GetTargetFrameworks target(s)).
     8>Done executing task "MSBuild".
       Using "GetReferenceNearestTargetFrameworkTask" task from assembly "C:\Program Files\dotnet\sdk\10.0.103\NuGet.Build.Tasks.dll".
       Task "GetReferenceNearestTargetFrameworkTask"
       Done executing task "GetReferenceNearestTargetFrameworkTask".
       Task "SetRidAgnosticValueForProjects"
       Done executing task "SetRidAgnosticValueForProjects".
     8>Done building target "_GetProjectReferenceTargetFrameworkProperties" in project "TicketConsolidator.UI_bqhhcq12_wpftmp.csproj".
     8>Target "_CalculateIsVSTestTestProject" in file "C:\Program Files\dotnet\sdk\10.0.103\Sdks\Microsoft.NET.Sdk\targets\Microsoft.NET.Sdk.targets" from project "c:\Apps\TicketConsolidator\src\TicketConsolidator.UI\TicketConsolidator.UI_bqhhcq12_wpftmp.csproj" (target "ValidateExecutableReferences" depends on it):
     8>Done building target "_CalculateIsVSTestTestProject" in project "TicketConsolidator.UI_bqhhcq12_wpftmp.csproj".
     8>Target "ValidateExecutableReferences" in file "C:\Program Files\dotnet\sdk\10.0.103\Sdks\Microsoft.NET.Sdk\targets\Microsoft.NET.Sdk.targets" from project "c:\Apps\TicketConsolidator\src\TicketConsolidator.UI\TicketConsolidator.UI_bqhhcq12_wpftmp.csproj" (target "PrepareProjectReferences" depends on it):
       Using "ValidateExecutableReferences" task from assembly "C:\Program Files\dotnet\sdk\10.0.103\Sdks\Microsoft.NET.Sdk\targets\..\tools\net10.0\Microsoft.NET.Build.Tasks.dll".
       Task "ValidateExecutableReferences"
       Done executing task "ValidateExecutableReferences".
     8>Done building target "ValidateExecutableReferences" in project "TicketConsolidator.UI_bqhhcq12_wpftmp.csproj".
     8>Target "PrepareProjectReferences" in file "C:\Program Files\dotnet\sdk\10.0.103\Microsoft.Common.CurrentVersion.targets" from project "c:\Apps\TicketConsolidator\src\TicketConsolidator.UI\TicketConsolidator.UI_bqhhcq12_wpftmp.csproj" (target "ResolveProjectReferences" depends on it):
     8>Done building target "PrepareProjectReferences" in project "TicketConsolidator.UI_bqhhcq12_wpftmp.csproj".
     8>Target "ResolveProjectReferences" in file "C:\Program Files\dotnet\sdk\10.0.103\Microsoft.Common.CurrentVersion.targets" from project "c:\Apps\TicketConsolidator\src\TicketConsolidator.UI\TicketConsolidator.UI_bqhhcq12_wpftmp.csproj" (target "_CompileTemporaryAssembly" depends on it):
       Task "MSBuild"
         Global Properties:
           Configuration=Debug
           Platform=AnyCPU
         Removing Properties for project "..\TicketConsolidator.Application\TicketConsolidator.Application.csproj":
           TargetFramework
           RuntimeIdentifier
           SelfContained
         Removing Properties for project "..\TicketConsolidator.Infrastructure\TicketConsolidator.Infrastructure.csproj":
           TargetFramework
           RuntimeIdentifier
           SelfContained
         Removing Properties for project "..\TicketConsolidator.Domain\TicketConsolidator.Domain.csproj":
           TargetFramework
           RuntimeIdentifier
           SelfContained
     8>Project "c:\Apps\TicketConsolidator\src\TicketConsolidator.UI\TicketConsolidator.UI_bqhhcq12_wpftmp.csproj" (8) is building "c:\Apps\TicketConsolidator\src\TicketConsolidator.Application\TicketConsolidator.Application.csproj" (2:29) on node 1 (default targets).
  2:29>Target "Build" skipped. Previously built successfully.
  2:29>Done Building Project "c:\Apps\TicketConsolidator\src\TicketConsolidator.Application\TicketConsolidator.Application.csproj" (default targets).
     8>Project "c:\Apps\TicketConsolidator\src\TicketConsolidator.UI\TicketConsolidator.UI_bqhhcq12_wpftmp.csproj" (8) is building "c:\Apps\TicketConsolidator\src\TicketConsolidator.Infrastructure\TicketConsolidator.Infrastructure.csproj" (4:25) on node 1 (default targets).
  4:25>Target "NETStandardCompatError_Microsoft_Extensions_Configuration_Binder" skipped. Previously built successfully.
       Target "Build" skipped. Previously built successfully.
  4:25>Done Building Project "c:\Apps\TicketConsolidator\src\TicketConsolidator.Infrastructure\TicketConsolidator.Infrastructure.csproj" (default targets).
     8>Project "c:\Apps\TicketConsolidator\src\TicketConsolidator.UI\TicketConsolidator.UI_bqhhcq12_wpftmp.csproj" (8) is building "c:\Apps\TicketConsolidator\src\TicketConsolidator.Domain\TicketConsolidator.Domain.csproj" (7:34) on node 1 (default targets).
  7:34>Target "Build" skipped. Previously built successfully.
  7:34>Done Building Project "c:\Apps\TicketConsolidator\src\TicketConsolidator.Domain\TicketConsolidator.Domain.csproj" (default targets).
     8>Done executing task "MSBuild".
       Task "MSBuild"
         Global Properties:
           Configuration=Debug
           Platform=AnyCPU
         Removing Properties for project "..\TicketConsolidator.Application\TicketConsolidator.Application.csproj":
           TargetFramework
           RuntimeIdentifier
           SelfContained
         Removing Properties for project "..\TicketConsolidator.Infrastructure\TicketConsolidator.Infrastructure.csproj":
           TargetFramework
           RuntimeIdentifier
           SelfContained
         Removing Properties for project "..\TicketConsolidator.Domain\TicketConsolidator.Domain.csproj":
           TargetFramework
           RuntimeIdentifier
           SelfContained
     8>Project "c:\Apps\TicketConsolidator\src\TicketConsolidator.UI\TicketConsolidator.UI_bqhhcq12_wpftmp.csproj" (8) is building "c:\Apps\TicketConsolidator\src\TicketConsolidator.Application\TicketConsolidator.Application.csproj" (2:30) on node 1 (GetNativeManifest target(s)).
  2:30>Target "GetNativeManifest" skipped. Previously built successfully.
  2:30>Done Building Project "c:\Apps\TicketConsolidator\src\TicketConsolidator.Application\TicketConsolidator.Application.csproj" (GetNativeManifest target(s)).
     8>Project "c:\Apps\TicketConsolidator\src\TicketConsolidator.UI\TicketConsolidator.UI_bqhhcq12_wpftmp.csproj" (8) is building "c:\Apps\TicketConsolidator\src\TicketConsolidator.Infrastructure\TicketConsolidator.Infrastructure.csproj" (4:26) on node 1 (GetNativeManifest target(s)).
  4:26>Target "NETStandardCompatError_Microsoft_Extensions_Configuration_Binder" skipped. Previously built successfully.
       Target "GetNativeManifest" skipped. Previously built successfully.
  4:26>Done Building Project "c:\Apps\TicketConsolidator\src\TicketConsolidator.Infrastructure\TicketConsolidator.Infrastructure.csproj" (GetNativeManifest target(s)).
     8>Project "c:\Apps\TicketConsolidator\src\TicketConsolidator.UI\TicketConsolidator.UI_bqhhcq12_wpftmp.csproj" (8) is building "c:\Apps\TicketConsolidator\src\TicketConsolidator.Domain\TicketConsolidator.Domain.csproj" (7:35) on node 1 (GetNativeManifest target(s)).
  7:35>Target "GetNativeManifest" skipped. Previously built successfully.
  7:35>Done Building Project "c:\Apps\TicketConsolidator\src\TicketConsolidator.Domain\TicketConsolidator.Domain.csproj" (GetNativeManifest target(s)).
     8>Done executing task "MSBuild".
     8>Done building target "ResolveProjectReferences" in project "TicketConsolidator.UI_bqhhcq12_wpftmp.csproj".
     8>Target "RemoveManagedWinRTComponentWinMDReferences" in file "C:\Program Files\dotnet\sdk\10.0.103\Sdks\Microsoft.NET.Sdk\targets\Microsoft.NET.Windows.targets" from project "c:\Apps\TicketConsolidator\src\TicketConsolidator.UI\TicketConsolidator.UI_bqhhcq12_wpftmp.csproj" (target "_CompileTemporaryAssembly" depends on it):
     8>Done building target "RemoveManagedWinRTComponentWinMDReferences" in project "TicketConsolidator.UI_bqhhcq12_wpftmp.csproj".
     8>Target "ShimReferencePathsWhenCommonTargetsDoesNotUnderstandReferenceAssemblies" in file "C:\Program Files\dotnet\sdk\10.0.103\Roslyn\Microsoft.Managed.Core.targets" from project "c:\Apps\TicketConsolidator\src\TicketConsolidator.UI\TicketConsolidator.UI_bqhhcq12_wpftmp.csproj" (target "_BeforeVBCSCoreCompile" depends on it):
     8>Done building target "ShimReferencePathsWhenCommonTargetsDoesNotUnderstandReferenceAssemblies" in project "TicketConsolidator.UI_bqhhcq12_wpftmp.csproj".
     8>Target "_BeforeVBCSCoreCompile" in file "C:\Program Files\dotnet\sdk\10.0.103\Roslyn\Microsoft.Managed.Core.targets" from project "c:\Apps\TicketConsolidator\src\TicketConsolidator.UI\TicketConsolidator.UI_bqhhcq12_wpftmp.csproj" (target "CoreCompile" depends on it):
     8>Done building target "_BeforeVBCSCoreCompile" in project "TicketConsolidator.UI_bqhhcq12_wpftmp.csproj".
       Target "ShimReferencePathsWhenCommonTargetsDoesNotUnderstandReferenceAssemblies" skipped. Previously built successfully.
     8>Target "_ComputeSkipAnalyzers" in file "C:\Program Files\dotnet\sdk\10.0.103\Roslyn\Microsoft.Managed.Core.targets" from project "c:\Apps\TicketConsolidator\src\TicketConsolidator.UI\TicketConsolidator.UI_bqhhcq12_wpftmp.csproj" (target "CoreCompile" depends on it):
     8>Done building target "_ComputeSkipAnalyzers" in project "TicketConsolidator.UI_bqhhcq12_wpftmp.csproj".
     8>Target "_CollectTargetFrameworkForTelemetry" in file "C:\Program Files\dotnet\sdk\10.0.103\Sdks\Microsoft.NET.Sdk\targets\Microsoft.NET.TargetFrameworkInference.targets" from project "c:\Apps\TicketConsolidator\src\TicketConsolidator.UI\TicketConsolidator.UI_bqhhcq12_wpftmp.csproj" (target "GetFrameworkPaths" depends on it):
       Using "AllowEmptyTelemetry" task from assembly "C:\Program Files\dotnet\sdk\10.0.103\Sdks\Microsoft.NET.Sdk\targets\..\tools\net10.0\Microsoft.NET.Build.Tasks.dll".
       Task "AllowEmptyTelemetry"
       Done executing task "AllowEmptyTelemetry".
     8>Done building target "_CollectTargetFrameworkForTelemetry" in project "TicketConsolidator.UI_bqhhcq12_wpftmp.csproj".
     8>Target "_CheckForUnsupportedTargetPlatformIdentifier" in file "C:\Program Files\dotnet\sdk\10.0.103\Sdks\Microsoft.NET.Sdk\targets\Microsoft.NET.TargetFrameworkInference.targets" from project "c:\Apps\TicketConsolidator\src\TicketConsolidator.UI\TicketConsolidator.UI_bqhhcq12_wpftmp.csproj" (target "GetFrameworkPaths" depends on it):
     8>Done building target "_CheckForUnsupportedTargetPlatformIdentifier" in project "TicketConsolidator.UI_bqhhcq12_wpftmp.csproj".
     8>Target "GetFrameworkPaths" in file "C:\Program Files\dotnet\sdk\10.0.103\Sdks\Microsoft.NET.Sdk\targets\Microsoft.NET.DisableStandardFrameworkResolution.targets" from project "c:\Apps\TicketConsolidator\src\TicketConsolidator.UI\TicketConsolidator.UI_bqhhcq12_wpftmp.csproj" (target "PrepareForBuild" depends on it):
     8>Done building target "GetFrameworkPaths" in project "TicketConsolidator.UI_bqhhcq12_wpftmp.csproj".
     8>Target "GetReferenceAssemblyPaths" in file "C:\Program Files\dotnet\sdk\10.0.103\Sdks\Microsoft.NET.Sdk\targets\Microsoft.NET.DisableStandardFrameworkResolution.targets" from project "c:\Apps\TicketConsolidator\src\TicketConsolidator.UI\TicketConsolidator.UI_bqhhcq12_wpftmp.csproj" (target "PrepareForBuild" depends on it):
     8>Done building target "GetReferenceAssemblyPaths" in project "TicketConsolidator.UI_bqhhcq12_wpftmp.csproj".
     8>Target "PrepareForBuild" in file "C:\Program Files\dotnet\sdk\10.0.103\Microsoft.Common.CurrentVersion.targets" from project "c:\Apps\TicketConsolidator\src\TicketConsolidator.UI\TicketConsolidator.UI_bqhhcq12_wpftmp.csproj" (target "GenerateMSBuildEditorConfigFile" depends on it):
       Task "FindAppConfigFile"
       Done executing task "FindAppConfigFile".
       Task "MakeDir"
       Done executing task "MakeDir".
     8>Done building target "PrepareForBuild" in project "TicketConsolidator.UI_bqhhcq12_wpftmp.csproj".
     8>Target "GenerateTargetFrameworkDefineConstants" in file "C:\Program Files\dotnet\sdk\10.0.103\Sdks\Microsoft.NET.Sdk\targets\Microsoft.NET.Sdk.BeforeCommon.targets" from project "c:\Apps\TicketConsolidator\src\TicketConsolidator.UI\TicketConsolidator.UI_bqhhcq12_wpftmp.csproj" (target "AddImplicitDefineConstants" depends on it):
     8>Done building target "GenerateTargetFrameworkDefineConstants" in project "TicketConsolidator.UI_bqhhcq12_wpftmp.csproj".
     8>Target "GenerateTargetPlatformDefineConstants" in file "C:\Program Files\dotnet\sdk\10.0.103\Sdks\Microsoft.NET.Sdk\targets\Microsoft.NET.Sdk.BeforeCommon.targets" from project "c:\Apps\TicketConsolidator\src\TicketConsolidator.UI\TicketConsolidator.UI_bqhhcq12_wpftmp.csproj" (target "AddImplicitDefineConstants" depends on it):
     8>Done building target "GenerateTargetPlatformDefineConstants" in project "TicketConsolidator.UI_bqhhcq12_wpftmp.csproj".
     8>Target "GenerateNETCompatibleDefineConstants" in file "C:\Program Files\dotnet\sdk\10.0.103\Sdks\Microsoft.NET.Sdk\targets\Microsoft.NET.Sdk.BeforeCommon.targets" from project "c:\Apps\TicketConsolidator\src\TicketConsolidator.UI\TicketConsolidator.UI_bqhhcq12_wpftmp.csproj" (target "AddImplicitDefineConstants" depends on it):
     8>Done building target "GenerateNETCompatibleDefineConstants" in project "TicketConsolidator.UI_bqhhcq12_wpftmp.csproj".
     8>Target "GeneratePlatformCompatibleDefineConstants" in file "C:\Program Files\dotnet\sdk\10.0.103\Sdks\Microsoft.NET.Sdk\targets\Microsoft.NET.Sdk.BeforeCommon.targets" from project "c:\Apps\TicketConsolidator\src\TicketConsolidator.UI\TicketConsolidator.UI_bqhhcq12_wpftmp.csproj" (target "AddImplicitDefineConstants" depends on it):
     8>Done building target "GeneratePlatformCompatibleDefineConstants" in project "TicketConsolidator.UI_bqhhcq12_wpftmp.csproj".
     8>Target "AddImplicitDefineConstants" in file "C:\Program Files\dotnet\sdk\10.0.103\Sdks\Microsoft.NET.Sdk\targets\Microsoft.NET.Sdk.BeforeCommon.targets" from project "c:\Apps\TicketConsolidator\src\TicketConsolidator.UI\TicketConsolidator.UI_bqhhcq12_wpftmp.csproj" (target "GenerateMSBuildEditorConfigFile" depends on it):
       C:\Program Files\dotnet\sdk\10.0.103\Sdks\Microsoft.NET.Sdk\targets\Microsoft.NET.Sdk.BeforeCommon.targets(295,7): message : Property reassignment: $(DefineConstants)="TRACE;DEBUG;NET;NET10_0;NETCOREAPP;WINDOWS;WINDOWS7_0;NET5_0_OR_GREATER;NET6_0_OR_GREATER;NET7_0_OR_GREATER;NET8_0_OR_GREATER;NET9_0_OR_GREATER;NET10_0_OR_GREATER;NETCOREAPP3_0_OR_GREATER;NETCOREAPP3_1_OR_GREATER;WINDOWS7_0_OR_GREATER" (previous value: "TRACE;DEBUG") at C:\Program Files\dotnet\sdk\10.0.103\Sdks\Microsoft.NET.Sdk\targets\Microsoft.NET.Sdk.BeforeCommon.targets (295,7) [c:\Apps\TicketConsolidator\src\TicketConsolidator.UI\TicketConsolidator.UI_bqhhcq12_wpftmp.csproj]
     8>Done building target "AddImplicitDefineConstants" in project "TicketConsolidator.UI_bqhhcq12_wpftmp.csproj".
     8>Target "GenerateMSBuildEditorConfigFileShouldRun" in file "C:\Program Files\dotnet\sdk\10.0.103\Roslyn\Microsoft.Managed.Core.targets" from project "c:\Apps\TicketConsolidator\src\TicketConsolidator.UI\TicketConsolidator.UI_bqhhcq12_wpftmp.csproj" (target "GenerateMSBuildEditorConfigFile" depends on it):
     8>Done building target "GenerateMSBuildEditorConfigFileShouldRun" in project "TicketConsolidator.UI_bqhhcq12_wpftmp.csproj".
     8>Target "AddGlobalAnalyzerConfigForPackage_MicrosoftCodeAnalysisCSharpCodeStyle" in file "C:\Program Files\dotnet\sdk\10.0.103\Sdks\Microsoft.NET.Sdk\codestyle\cs\build\Microsoft.CodeAnalysis.CSharp.CodeStyle.targets" from project "c:\Apps\TicketConsolidator\src\TicketConsolidator.UI\TicketConsolidator.UI_bqhhcq12_wpftmp.csproj" (target "GenerateMSBuildEditorConfigFileCore" depends on it):
     8>Done building target "AddGlobalAnalyzerConfigForPackage_MicrosoftCodeAnalysisCSharpCodeStyle" in project "TicketConsolidator.UI_bqhhcq12_wpftmp.csproj".
     8>Target "GenerateMSBuildEditorConfigFileCore" in file "C:\Program Files\dotnet\sdk\10.0.103\Roslyn\Microsoft.Managed.Core.targets" from project "c:\Apps\TicketConsolidator\src\TicketConsolidator.UI\TicketConsolidator.UI_bqhhcq12_wpftmp.csproj" (target "GenerateMSBuildEditorConfigFile" depends on it):
       Building target "GenerateMSBuildEditorConfigFileCore" completely.
       No input files were specified.
       Using "GenerateMSBuildEditorConfig" task from assembly "C:\Program Files\dotnet\sdk\10.0.103\Sdks\Microsoft.NET.Sdk\targets\..\..\..\Roslyn\Microsoft.Build.Tasks.CodeAnalysis.dll".
       Task "GenerateMSBuildEditorConfig"
       Done executing task "GenerateMSBuildEditorConfig".
     8>Done building target "GenerateMSBuildEditorConfigFileCore" in project "TicketConsolidator.UI_bqhhcq12_wpftmp.csproj".
     8>Target "GenerateMSBuildEditorConfigFile" in file "C:\Program Files\dotnet\sdk\10.0.103\Roslyn\Microsoft.Managed.Core.targets" from project "c:\Apps\TicketConsolidator\src\TicketConsolidator.UI\TicketConsolidator.UI_bqhhcq12_wpftmp.csproj" (target "CoreCompile" depends on it):
     8>Done building target "GenerateMSBuildEditorConfigFile" in project "TicketConsolidator.UI_bqhhcq12_wpftmp.csproj".
     8>Target "CheckForDuplicateItems" in file "C:\Program Files\dotnet\sdk\10.0.103\Sdks\Microsoft.NET.Sdk\targets\Microsoft.NET.Sdk.DefaultItems.Shared.targets" from project "c:\Apps\TicketConsolidator\src\TicketConsolidator.UI\TicketConsolidator.UI_bqhhcq12_wpftmp.csproj" (target "CoreCompile" depends on it):
       Using "CheckForDuplicateItems" task from assembly "C:\Program Files\dotnet\sdk\10.0.103\Sdks\Microsoft.NET.Sdk\targets\..\tools\net10.0\Microsoft.NET.Build.Tasks.dll".
       Task "CheckForDuplicateItems"
       Done executing task "CheckForDuplicateItems".
       Task "CheckForDuplicateItems"
       Done executing task "CheckForDuplicateItems".
       Task "CheckForDuplicateItems"
       Done executing task "CheckForDuplicateItems".
     8>Done building target "CheckForDuplicateItems" in project "TicketConsolidator.UI_bqhhcq12_wpftmp.csproj".
       Target "PrepareForBuild" skipped. Previously built successfully.
       Target "GetReferenceAssemblyPaths" skipped. Previously built successfully.
     8>Target "_SetTargetFrameworkMonikerAttribute" in file "C:\Program Files\dotnet\sdk\10.0.103\Microsoft.CSharp.CurrentVersion.targets" from project "c:\Apps\TicketConsolidator\src\TicketConsolidator.UI\TicketConsolidator.UI_bqhhcq12_wpftmp.csproj" (target "GenerateTargetFrameworkMonikerAttribute" depends on it):
     8>Done building target "_SetTargetFrameworkMonikerAttribute" in project "TicketConsolidator.UI_bqhhcq12_wpftmp.csproj".
     8>Target "GenerateTargetFrameworkMonikerAttribute" in file "C:\Program Files\dotnet\sdk\10.0.103\Microsoft.Common.CurrentVersion.targets" from project "c:\Apps\TicketConsolidator\src\TicketConsolidator.UI\TicketConsolidator.UI_bqhhcq12_wpftmp.csproj" (target "BeforeCompile" depends on it):
       Skipping target "GenerateTargetFrameworkMonikerAttribute" because all output files are up-to-date with respect to the input files.
       Input files: C:\Program Files\dotnet\sdk\10.0.103\Microsoft.Common.targets
       Output files: obj\Debug\net10.0-windows\.NETCoreApp,Version=v10.0.AssemblyAttributes.cs
     8>Done building target "GenerateTargetFrameworkMonikerAttribute" in project "TicketConsolidator.UI_bqhhcq12_wpftmp.csproj".
       Target "PrepareForBuild" skipped. Previously built successfully.
     8>Target "GetAssemblyVersion" in file "C:\Program Files\dotnet\sdk\10.0.103\Sdks\Microsoft.NET.Sdk\targets\Microsoft.NET.GenerateAssemblyInfo.targets" from project "c:\Apps\TicketConsolidator\src\TicketConsolidator.UI\TicketConsolidator.UI_bqhhcq12_wpftmp.csproj" (target "GetAssemblyAttributes" depends on it):
     8>Done building target "GetAssemblyVersion" in project "TicketConsolidator.UI_bqhhcq12_wpftmp.csproj".
     8>Target "InitializeSourceControlInformationFromSourceControlManager" in file "C:\Program Files\dotnet\sdk\10.0.103\Sdks\Microsoft.Build.Tasks.Git\build\Microsoft.Build.Tasks.Git.targets" from project "c:\Apps\TicketConsolidator\src\TicketConsolidator.UI\TicketConsolidator.UI_bqhhcq12_wpftmp.csproj" (target "_InitializeSourceControlInformationFromSourceControlManager" depends on it):
       Using "Microsoft.Build.Tasks.Git.LocateRepository" task from assembly "C:\Program Files\dotnet\sdk\10.0.103\Sdks\Microsoft.Build.Tasks.Git\build\..\tools\net\Microsoft.Build.Tasks.Git.dll".
       Task "Microsoft.Build.Tasks.Git.LocateRepository"
         SourceLink: Reusing cached git repository information.
       Done executing task "Microsoft.Build.Tasks.Git.LocateRepository".
     8>Done building target "InitializeSourceControlInformationFromSourceControlManager" in project "TicketConsolidator.UI_bqhhcq12_wpftmp.csproj".
     8>Target "_SourceLinkHasSingleProvider" in file "C:\Program Files\dotnet\sdk\10.0.103\Sdks\Microsoft.SourceLink.Common\build\InitializeSourceControlInformation.targets" from project "c:\Apps\TicketConsolidator\src\TicketConsolidator.UI\TicketConsolidator.UI_bqhhcq12_wpftmp.csproj" (target "_InitializeSourceControlInformationFromSourceControlManager" depends on it):
       Using "Microsoft.SourceLink.Common.SourceLinkHasSingleProvider" task from assembly "C:\Program Files\dotnet\sdk\10.0.103\Sdks\Microsoft.SourceLink.Common\build\..\tools\net\Microsoft.SourceLink.Common.dll".
       Task "Microsoft.SourceLink.Common.SourceLinkHasSingleProvider"
       Done executing task "Microsoft.SourceLink.Common.SourceLinkHasSingleProvider".
     8>Done building target "_SourceLinkHasSingleProvider" in project "TicketConsolidator.UI_bqhhcq12_wpftmp.csproj".
     8>Target "TranslateGitHubUrlsInSourceControlInformation" in file "C:\Program Files\dotnet\sdk\10.0.103\Sdks\Microsoft.SourceLink.GitHub\build\Microsoft.SourceLink.GitHub.targets" from project "c:\Apps\TicketConsolidator\src\TicketConsolidator.UI\TicketConsolidator.UI_bqhhcq12_wpftmp.csproj" (target "_InitializeSourceControlInformationFromSourceControlManager" depends on it):
       Using "Microsoft.SourceLink.GitHub.TranslateRepositoryUrls" task from assembly "C:\Program Files\dotnet\sdk\10.0.103\Sdks\Microsoft.SourceLink.GitHub\build\..\tools\net\Microsoft.SourceLink.GitHub.dll".
       Task "Microsoft.SourceLink.GitHub.TranslateRepositoryUrls"
       Done executing task "Microsoft.SourceLink.GitHub.TranslateRepositoryUrls".
     8>Done building target "TranslateGitHubUrlsInSourceControlInformation" in project "TicketConsolidator.UI_bqhhcq12_wpftmp.csproj".
     8>Target "TranslateGitLabUrlsInSourceControlInformation" in file "C:\Program Files\dotnet\sdk\10.0.103\Sdks\Microsoft.SourceLink.GitLab\build\Microsoft.SourceLink.GitLab.targets" from project "c:\Apps\TicketConsolidator\src\TicketConsolidator.UI\TicketConsolidator.UI_bqhhcq12_wpftmp.csproj" (target "_InitializeSourceControlInformationFromSourceControlManager" depends on it):
       Using "Microsoft.SourceLink.GitLab.TranslateRepositoryUrls" task from assembly "C:\Program Files\dotnet\sdk\10.0.103\Sdks\Microsoft.SourceLink.GitLab\build\..\tools\net\Microsoft.SourceLink.GitLab.dll".
       Task "Microsoft.SourceLink.GitLab.TranslateRepositoryUrls"
       Done executing task "Microsoft.SourceLink.GitLab.TranslateRepositoryUrls".
     8>Done building target "TranslateGitLabUrlsInSourceControlInformation" in project "TicketConsolidator.UI_bqhhcq12_wpftmp.csproj".
     8>Target "TranslateAzureReposGitUrlsInSourceControlInformation" in file "C:\Program Files\dotnet\sdk\10.0.103\Sdks\Microsoft.SourceLink.AzureRepos.Git\build\Microsoft.SourceLink.AzureRepos.Git.targets" from project "c:\Apps\TicketConsolidator\src\TicketConsolidator.UI\TicketConsolidator.UI_bqhhcq12_wpftmp.csproj" (target "_InitializeSourceControlInformationFromSourceControlManager" depends on it):
       Using "Microsoft.SourceLink.AzureRepos.Git.TranslateRepositoryUrls" task from assembly "C:\Program Files\dotnet\sdk\10.0.103\Sdks\Microsoft.SourceLink.AzureRepos.Git\build\..\tools\net\Microsoft.SourceLink.AzureRepos.Git.dll".
       Task "Microsoft.SourceLink.AzureRepos.Git.TranslateRepositoryUrls"
       Done executing task "Microsoft.SourceLink.AzureRepos.Git.TranslateRepositoryUrls".
     8>Done building target "TranslateAzureReposGitUrlsInSourceControlInformation" in project "TicketConsolidator.UI_bqhhcq12_wpftmp.csproj".
     8>Target "TranslateBitbucketGitUrlsInSourceControlInformation" in file "C:\Program Files\dotnet\sdk\10.0.103\Sdks\Microsoft.SourceLink.Bitbucket.Git\build\Microsoft.SourceLink.Bitbucket.Git.targets" from project "c:\Apps\TicketConsolidator\src\TicketConsolidator.UI\TicketConsolidator.UI_bqhhcq12_wpftmp.csproj" (target "_InitializeSourceControlInformationFromSourceControlManager" depends on it):
       Using "Microsoft.SourceLink.Bitbucket.Git.TranslateRepositoryUrls" task from assembly "C:\Program Files\dotnet\sdk\10.0.103\Sdks\Microsoft.SourceLink.Bitbucket.Git\build\..\tools\net\Microsoft.SourceLink.Bitbucket.Git.dll".
       Task "Microsoft.SourceLink.Bitbucket.Git.TranslateRepositoryUrls"
       Done executing task "Microsoft.SourceLink.Bitbucket.Git.TranslateRepositoryUrls".
     8>Done building target "TranslateBitbucketGitUrlsInSourceControlInformation" in project "TicketConsolidator.UI_bqhhcq12_wpftmp.csproj".
     8>Target "SourceControlManagerPublishTranslatedUrls" in file "C:\Program Files\dotnet\sdk\10.0.103\Sdks\Microsoft.SourceLink.Common\build\InitializeSourceControlInformation.targets" from project "c:\Apps\TicketConsolidator\src\TicketConsolidator.UI\TicketConsolidator.UI_bqhhcq12_wpftmp.csproj" (target "_InitializeSourceControlInformationFromSourceControlManager" depends on it):
     8>Done building target "SourceControlManagerPublishTranslatedUrls" in project "TicketConsolidator.UI_bqhhcq12_wpftmp.csproj".
     8>Target "_InitializeSourceControlInformationFromSourceControlManager" in file "C:\Program Files\dotnet\sdk\10.0.103\Sdks\Microsoft.SourceLink.Common\build\InitializeSourceControlInformation.targets" from project "c:\Apps\TicketConsolidator\src\TicketConsolidator.UI\TicketConsolidator.UI_bqhhcq12_wpftmp.csproj" (target "InitializeSourceControlInformation" depends on it):
     8>Done building target "_InitializeSourceControlInformationFromSourceControlManager" in project "TicketConsolidator.UI_bqhhcq12_wpftmp.csproj".
     8>Target "InitializeSourceControlInformation" in file "C:\Program Files\dotnet\sdk\10.0.103\Microsoft.Common.CurrentVersion.targets" from project "c:\Apps\TicketConsolidator\src\TicketConsolidator.UI\TicketConsolidator.UI_bqhhcq12_wpftmp.csproj" (target "GetAssemblyAttributes" depends on it):
     8>Done building target "InitializeSourceControlInformation" in project "TicketConsolidator.UI_bqhhcq12_wpftmp.csproj".
       Target "GetAssemblyVersion" skipped. Previously built successfully.
       Target "InitializeSourceControlInformation" skipped. Previously built successfully.
     8>Target "AddSourceRevisionToInformationalVersion" in file "C:\Program Files\dotnet\sdk\10.0.103\Sdks\Microsoft.NET.Sdk\targets\Microsoft.NET.GenerateAssemblyInfo.targets" from project "c:\Apps\TicketConsolidator\src\TicketConsolidator.UI\TicketConsolidator.UI_bqhhcq12_wpftmp.csproj" (target "GetAssemblyAttributes" depends on it):
       C:\Program Files\dotnet\sdk\10.0.103\Sdks\Microsoft.NET.Sdk\targets\Microsoft.NET.GenerateAssemblyInfo.targets(70,7): message : Property reassignment: $(InformationalVersion)="1.0.0.0+fbfcdd5225fd150fadeb804e73797ac5c1514175" (previous value: "1.0.0.0") at C:\Program Files\dotnet\sdk\10.0.103\Sdks\Microsoft.NET.Sdk\targets\Microsoft.NET.GenerateAssemblyInfo.targets (70,7) [c:\Apps\TicketConsolidator\src\TicketConsolidator.UI\TicketConsolidator.UI_bqhhcq12_wpftmp.csproj]
     8>Done building target "AddSourceRevisionToInformationalVersion" in project "TicketConsolidator.UI_bqhhcq12_wpftmp.csproj".
     8>Target "GetAssemblyAttributes" in file "C:\Program Files\dotnet\sdk\10.0.103\Sdks\Microsoft.NET.Sdk\targets\Microsoft.NET.GenerateAssemblyInfo.targets" from project "c:\Apps\TicketConsolidator\src\TicketConsolidator.UI\TicketConsolidator.UI_bqhhcq12_wpftmp.csproj" (target "CreateGeneratedAssemblyInfoInputsCacheFile" depends on it):
     8>Done building target "GetAssemblyAttributes" in project "TicketConsolidator.UI_bqhhcq12_wpftmp.csproj".
     8>Target "CreateGeneratedAssemblyInfoInputsCacheFile" in file "C:\Program Files\dotnet\sdk\10.0.103\Sdks\Microsoft.NET.Sdk\targets\Microsoft.NET.GenerateAssemblyInfo.targets" from project "c:\Apps\TicketConsolidator\src\TicketConsolidator.UI\TicketConsolidator.UI_bqhhcq12_wpftmp.csproj" (target "CoreGenerateAssemblyInfo" depends on it):
       Task "Hash"
       Done executing task "Hash".
       Task "WriteLinesToFile"
       Done executing task "WriteLinesToFile".
     8>Done building target "CreateGeneratedAssemblyInfoInputsCacheFile" in project "TicketConsolidator.UI_bqhhcq12_wpftmp.csproj".
     8>Target "CoreGenerateAssemblyInfo" in file "C:\Program Files\dotnet\sdk\10.0.103\Sdks\Microsoft.NET.Sdk\targets\Microsoft.NET.GenerateAssemblyInfo.targets" from project "c:\Apps\TicketConsolidator\src\TicketConsolidator.UI\TicketConsolidator.UI_bqhhcq12_wpftmp.csproj" (target "GenerateAssemblyInfo" depends on it):
       Building target "CoreGenerateAssemblyInfo" completely.
       Output file "obj\Debug\net10.0-windows\TicketConsolidator.UI_bqhhcq12_wpftmp.AssemblyInfo.cs" does not exist.
       Using "WriteCodeFragment" task from assembly "Microsoft.Build.Tasks.Core, Version=15.1.0.0, Culture=neutral, PublicKeyToken=b03f5f7f11d50a3a".
       Task "WriteCodeFragment"
         Emitted specified code into "obj\Debug\net10.0-windows\TicketConsolidator.UI_bqhhcq12_wpftmp.AssemblyInfo.cs".
       Done executing task "WriteCodeFragment".
     8>Done building target "CoreGenerateAssemblyInfo" in project "TicketConsolidator.UI_bqhhcq12_wpftmp.csproj".
     8>Target "GenerateAssemblyInfo" in file "C:\Program Files\dotnet\sdk\10.0.103\Sdks\Microsoft.NET.Sdk\targets\Microsoft.NET.GenerateAssemblyInfo.targets" from project "c:\Apps\TicketConsolidator\src\TicketConsolidator.UI\TicketConsolidator.UI_bqhhcq12_wpftmp.csproj" (target "BeforeCompile" depends on it):
     8>Done building target "GenerateAssemblyInfo" in project "TicketConsolidator.UI_bqhhcq12_wpftmp.csproj".
     8>Target "GenerateGlobalUsings" in file "C:\Program Files\dotnet\sdk\10.0.103\Sdks\Microsoft.NET.Sdk\targets\Microsoft.NET.GenerateGlobalUsings.targets" from project "c:\Apps\TicketConsolidator\src\TicketConsolidator.UI\TicketConsolidator.UI_bqhhcq12_wpftmp.csproj" (target "BeforeCompile" depends on it):
       Using "GenerateGlobalUsings" task from assembly "C:\Program Files\dotnet\sdk\10.0.103\Sdks\Microsoft.NET.Sdk\targets\..\tools\net10.0\Microsoft.NET.Build.Tasks.dll".
       Task "GenerateGlobalUsings"
       Done executing task "GenerateGlobalUsings".
       Task "WriteLinesToFile"
       Done executing task "WriteLinesToFile".
     8>Done building target "GenerateGlobalUsings" in project "TicketConsolidator.UI_bqhhcq12_wpftmp.csproj".
     8>Target "BeforeCompile" in file "C:\Program Files\dotnet\sdk\10.0.103\Microsoft.Common.CurrentVersion.targets" from project "c:\Apps\TicketConsolidator\src\TicketConsolidator.UI\TicketConsolidator.UI_bqhhcq12_wpftmp.csproj" (target "_SetEmbeddedFilesFromSourceControlManagerUntrackedFiles" depends on it):
     8>Done building target "BeforeCompile" in project "TicketConsolidator.UI_bqhhcq12_wpftmp.csproj".
       Target "InitializeSourceControlInformationFromSourceControlManager" skipped. Previously built successfully.
     8>Target "SetEmbeddedFilesFromSourceControlManagerUntrackedFiles" in file "C:\Program Files\dotnet\sdk\10.0.103\Sdks\Microsoft.Build.Tasks.Git\build\Microsoft.Build.Tasks.Git.targets" from project "c:\Apps\TicketConsolidator\src\TicketConsolidator.UI\TicketConsolidator.UI_bqhhcq12_wpftmp.csproj" (target "_SetEmbeddedFilesFromSourceControlManagerUntrackedFiles" depends on it):
       Using "Microsoft.Build.Tasks.Git.GetUntrackedFiles" task from assembly "C:\Program Files\dotnet\sdk\10.0.103\Sdks\Microsoft.Build.Tasks.Git\build\..\tools\net\Microsoft.Build.Tasks.Git.dll".
       Task "Microsoft.Build.Tasks.Git.GetUntrackedFiles"
         SourceLink: Reusing cached git repository information.
       Done executing task "Microsoft.Build.Tasks.Git.GetUntrackedFiles".
     8>Done building target "SetEmbeddedFilesFromSourceControlManagerUntrackedFiles" in project "TicketConsolidator.UI_bqhhcq12_wpftmp.csproj".
     8>Target "_SetEmbeddedFilesFromSourceControlManagerUntrackedFiles" in file "C:\Program Files\dotnet\sdk\10.0.103\Sdks\Microsoft.SourceLink.Common\build\Microsoft.SourceLink.Common.targets" from project "c:\Apps\TicketConsolidator\src\TicketConsolidator.UI\TicketConsolidator.UI_bqhhcq12_wpftmp.csproj" (target "CoreCompile" depends on it):
     8>Done building target "_SetEmbeddedFilesFromSourceControlManagerUntrackedFiles" in project "TicketConsolidator.UI_bqhhcq12_wpftmp.csproj".
       Target "InitializeSourceControlInformation" skipped. Previously built successfully.
     8>Target "_SetSourceLinkFilePath" in file "C:\Program Files\dotnet\sdk\10.0.103\Sdks\Microsoft.SourceLink.Common\build\Microsoft.SourceLink.Common.targets" from project "c:\Apps\TicketConsolidator\src\TicketConsolidator.UI\TicketConsolidator.UI_bqhhcq12_wpftmp.csproj" (target "_GenerateSourceLinkFile" depends on it):
     8>Done building target "_SetSourceLinkFilePath" in project "TicketConsolidator.UI_bqhhcq12_wpftmp.csproj".
       Target "InitializeSourceControlInformation" skipped. Previously built successfully.
     8>Target "_InitializeSourceRootMappedPathsFromSourceControl" in file "C:\Program Files\dotnet\sdk\10.0.103\Roslyn\Microsoft.Managed.Core.targets" from project "c:\Apps\TicketConsolidator\src\TicketConsolidator.UI\TicketConsolidator.UI_bqhhcq12_wpftmp.csproj" (target "InitializeSourceRootMappedPaths" depends on it):
     8>Done building target "_InitializeSourceRootMappedPathsFromSourceControl" in project "TicketConsolidator.UI_bqhhcq12_wpftmp.csproj".
     8>Target "InitializeSourceRootMappedPaths" in file "C:\Program Files\dotnet\sdk\10.0.103\Roslyn\Microsoft.Managed.Core.targets" from project "c:\Apps\TicketConsolidator\src\TicketConsolidator.UI\TicketConsolidator.UI_bqhhcq12_wpftmp.csproj" (target "_InitializeSourceRootMappedPathsOpt" depends on it):
       Using "Microsoft.CodeAnalysis.BuildTasks.MapSourceRoots" task from assembly "C:\Program Files\dotnet\sdk\10.0.103\Sdks\Microsoft.NET.Sdk\targets\..\..\..\Roslyn\Microsoft.Build.Tasks.CodeAnalysis.dll".
       Task "Microsoft.CodeAnalysis.BuildTasks.MapSourceRoots"
       Done executing task "Microsoft.CodeAnalysis.BuildTasks.MapSourceRoots".
     8>Done building target "InitializeSourceRootMappedPaths" in project "TicketConsolidator.UI_bqhhcq12_wpftmp.csproj".
     8>Target "_InitializeSourceRootMappedPathsOpt" in file "C:\Program Files\dotnet\sdk\10.0.103\Sdks\Microsoft.SourceLink.Common\build\Microsoft.SourceLink.Common.targets" from project "c:\Apps\TicketConsolidator\src\TicketConsolidator.UI\TicketConsolidator.UI_bqhhcq12_wpftmp.csproj" (target "_GenerateSourceLinkFile" depends on it):
     8>Done building target "_InitializeSourceRootMappedPathsOpt" in project "TicketConsolidator.UI_bqhhcq12_wpftmp.csproj".
     8>Target "_InitializeGitHubSourceLinkUrl" in file "C:\Program Files\dotnet\sdk\10.0.103\Sdks\Microsoft.SourceLink.GitHub\build\Microsoft.SourceLink.GitHub.targets" from project "c:\Apps\TicketConsolidator\src\TicketConsolidator.UI\TicketConsolidator.UI_bqhhcq12_wpftmp.csproj" (target "_GenerateSourceLinkFile" depends on it):
       Building target "_InitializeGitHubSourceLinkUrl" completely.
       No input files were specified.
       Using "Microsoft.SourceLink.GitHub.GetSourceLinkUrl" task from assembly "C:\Program Files\dotnet\sdk\10.0.103\Sdks\Microsoft.SourceLink.GitHub\build\..\tools\net\Microsoft.SourceLink.GitHub.dll".
       Task "Microsoft.SourceLink.GitHub.GetSourceLinkUrl"
       Done executing task "Microsoft.SourceLink.GitHub.GetSourceLinkUrl".
     8>Done building target "_InitializeGitHubSourceLinkUrl" in project "TicketConsolidator.UI_bqhhcq12_wpftmp.csproj".
     8>Target "_InitializeGitHubSourceLinkUrl" in file "C:\Program Files\dotnet\sdk\10.0.103\Sdks\Microsoft.SourceLink.GitHub\build\Microsoft.SourceLink.GitHub.targets" from project "c:\Apps\TicketConsolidator\src\TicketConsolidator.UI\TicketConsolidator.UI_bqhhcq12_wpftmp.csproj" (target "_GenerateSourceLinkFile" depends on it):
       Building target "_InitializeGitHubSourceLinkUrl" completely.
       No input files were specified.
       Task "Microsoft.SourceLink.GitHub.GetSourceLinkUrl"
       Done executing task "Microsoft.SourceLink.GitHub.GetSourceLinkUrl".
     8>Done building target "_InitializeGitHubSourceLinkUrl" in project "TicketConsolidator.UI_bqhhcq12_wpftmp.csproj".
     8>Target "_InitializeGitHubSourceLinkUrl" in file "C:\Program Files\dotnet\sdk\10.0.103\Sdks\Microsoft.SourceLink.GitHub\build\Microsoft.SourceLink.GitHub.targets" from project "c:\Apps\TicketConsolidator\src\TicketConsolidator.UI\TicketConsolidator.UI_bqhhcq12_wpftmp.csproj" (target "_GenerateSourceLinkFile" depends on it):
       Building target "_InitializeGitHubSourceLinkUrl" completely.
       No input files were specified.
       Task "Microsoft.SourceLink.GitHub.GetSourceLinkUrl"
       Done executing task "Microsoft.SourceLink.GitHub.GetSourceLinkUrl".
     8>Done building target "_InitializeGitHubSourceLinkUrl" in project "TicketConsolidator.UI_bqhhcq12_wpftmp.csproj".
     8>Target "_InitializeGitLabSourceLinkUrl" in file "C:\Program Files\dotnet\sdk\10.0.103\Sdks\Microsoft.SourceLink.GitLab\build\Microsoft.SourceLink.GitLab.targets" from project "c:\Apps\TicketConsolidator\src\TicketConsolidator.UI\TicketConsolidator.UI_bqhhcq12_wpftmp.csproj" (target "_GenerateSourceLinkFile" depends on it):
       Building target "_InitializeGitLabSourceLinkUrl" completely.
       No input files were specified.
       Using "Microsoft.SourceLink.GitLab.GetSourceLinkUrl" task from assembly "C:\Program Files\dotnet\sdk\10.0.103\Sdks\Microsoft.SourceLink.GitLab\build\..\tools\net\Microsoft.SourceLink.GitLab.dll".
       Task "Microsoft.SourceLink.GitLab.GetSourceLinkUrl"
       C:\Program Files\dotnet\sdk\10.0.103\Sdks\Microsoft.SourceLink.GitLab\build\Microsoft.SourceLink.GitLab.targets(37,7): message : Property reassignment: $(_SourceLinkUrlToUpdate)="N/A" (previous value: "https://raw.githubusercontent.com/JeetVegad/TicketConsolidator/fbfcdd5225fd150fadeb804e73797ac5c1514175/*") at C:\Program Files\dotnet\sdk\10.0.103\Sdks\Microsoft.SourceLink.GitLab\build\Microsoft.SourceLink.GitLab.targets (37,7) [c:\Apps\TicketConsolidator\src\TicketConsolidator.UI\TicketConsolidator.UI_bqhhcq12_wpftmp.csproj]
       Done executing task "Microsoft.SourceLink.GitLab.GetSourceLinkUrl".
     8>Done building target "_InitializeGitLabSourceLinkUrl" in project "TicketConsolidator.UI_bqhhcq12_wpftmp.csproj".
     8>Target "_InitializeGitLabSourceLinkUrl" in file "C:\Program Files\dotnet\sdk\10.0.103\Sdks\Microsoft.SourceLink.GitLab\build\Microsoft.SourceLink.GitLab.targets" from project "c:\Apps\TicketConsolidator\src\TicketConsolidator.UI\TicketConsolidator.UI_bqhhcq12_wpftmp.csproj" (target "_GenerateSourceLinkFile" depends on it):
       Building target "_InitializeGitLabSourceLinkUrl" completely.
       No input files were specified.
       Task "Microsoft.SourceLink.GitLab.GetSourceLinkUrl"
       C:\Program Files\dotnet\sdk\10.0.103\Sdks\Microsoft.SourceLink.GitLab\build\Microsoft.SourceLink.GitLab.targets(37,7): message : Property reassignment: $(_SourceLinkUrlToUpdate)="N/A" (previous value: "https://raw.githubusercontent.com/JeetVegad/TicketConsolidator/fbfcdd5225fd150fadeb804e73797ac5c1514175/*") at C:\Program Files\dotnet\sdk\10.0.103\Sdks\Microsoft.SourceLink.GitLab\build\Microsoft.SourceLink.GitLab.targets (37,7) [c:\Apps\TicketConsolidator\src\TicketConsolidator.UI\TicketConsolidator.UI_bqhhcq12_wpftmp.csproj]
       Done executing task "Microsoft.SourceLink.GitLab.GetSourceLinkUrl".
     8>Done building target "_InitializeGitLabSourceLinkUrl" in project "TicketConsolidator.UI_bqhhcq12_wpftmp.csproj".
     8>Target "_InitializeGitLabSourceLinkUrl" in file "C:\Program Files\dotnet\sdk\10.0.103\Sdks\Microsoft.SourceLink.GitLab\build\Microsoft.SourceLink.GitLab.targets" from project "c:\Apps\TicketConsolidator\src\TicketConsolidator.UI\TicketConsolidator.UI_bqhhcq12_wpftmp.csproj" (target "_GenerateSourceLinkFile" depends on it):
       Building target "_InitializeGitLabSourceLinkUrl" completely.
       No input files were specified.
       Task "Microsoft.SourceLink.GitLab.GetSourceLinkUrl"
       C:\Program Files\dotnet\sdk\10.0.103\Sdks\Microsoft.SourceLink.GitLab\build\Microsoft.SourceLink.GitLab.targets(37,7): message : Property reassignment: $(_SourceLinkUrlToUpdate)="N/A" (previous value: "https://raw.githubusercontent.com/JeetVegad/TicketConsolidator/fbfcdd5225fd150fadeb804e73797ac5c1514175/*") at C:\Program Files\dotnet\sdk\10.0.103\Sdks\Microsoft.SourceLink.GitLab\build\Microsoft.SourceLink.GitLab.targets (37,7) [c:\Apps\TicketConsolidator\src\TicketConsolidator.UI\TicketConsolidator.UI_bqhhcq12_wpftmp.csproj]
       Done executing task "Microsoft.SourceLink.GitLab.GetSourceLinkUrl".
     8>Done building target "_InitializeGitLabSourceLinkUrl" in project "TicketConsolidator.UI_bqhhcq12_wpftmp.csproj".
     8>Target "_InitializeAzureReposGitSourceLinkUrl" in file "C:\Program Files\dotnet\sdk\10.0.103\Sdks\Microsoft.SourceLink.AzureRepos.Git\build\Microsoft.SourceLink.AzureRepos.Git.targets" from project "c:\Apps\TicketConsolidator\src\TicketConsolidator.UI\TicketConsolidator.UI_bqhhcq12_wpftmp.csproj" (target "_GenerateSourceLinkFile" depends on it):
       Building target "_InitializeAzureReposGitSourceLinkUrl" completely.
       No input files were specified.
       Using "Microsoft.SourceLink.AzureRepos.Git.GetSourceLinkUrl" task from assembly "C:\Program Files\dotnet\sdk\10.0.103\Sdks\Microsoft.SourceLink.AzureRepos.Git\build\..\tools\net\Microsoft.SourceLink.AzureRepos.Git.dll".
       Task "Microsoft.SourceLink.AzureRepos.Git.GetSourceLinkUrl"
       Done executing task "Microsoft.SourceLink.AzureRepos.Git.GetSourceLinkUrl".
     8>Done building target "_InitializeAzureReposGitSourceLinkUrl" in project "TicketConsolidator.UI_bqhhcq12_wpftmp.csproj".
     8>Target "_InitializeAzureReposGitSourceLinkUrl" in file "C:\Program Files\dotnet\sdk\10.0.103\Sdks\Microsoft.SourceLink.AzureRepos.Git\build\Microsoft.SourceLink.AzureRepos.Git.targets" from project "c:\Apps\TicketConsolidator\src\TicketConsolidator.UI\TicketConsolidator.UI_bqhhcq12_wpftmp.csproj" (target "_GenerateSourceLinkFile" depends on it):
       Building target "_InitializeAzureReposGitSourceLinkUrl" completely.
       No input files were specified.
       Task "Microsoft.SourceLink.AzureRepos.Git.GetSourceLinkUrl"
       Done executing task "Microsoft.SourceLink.AzureRepos.Git.GetSourceLinkUrl".
     8>Done building target "_InitializeAzureReposGitSourceLinkUrl" in project "TicketConsolidator.UI_bqhhcq12_wpftmp.csproj".
     8>Target "_InitializeAzureReposGitSourceLinkUrl" in file "C:\Program Files\dotnet\sdk\10.0.103\Sdks\Microsoft.SourceLink.AzureRepos.Git\build\Microsoft.SourceLink.AzureRepos.Git.targets" from project "c:\Apps\TicketConsolidator\src\TicketConsolidator.UI\TicketConsolidator.UI_bqhhcq12_wpftmp.csproj" (target "_GenerateSourceLinkFile" depends on it):
       Building target "_InitializeAzureReposGitSourceLinkUrl" completely.
       No input files were specified.
       Task "Microsoft.SourceLink.AzureRepos.Git.GetSourceLinkUrl"
       Done executing task "Microsoft.SourceLink.AzureRepos.Git.GetSourceLinkUrl".
     8>Done building target "_InitializeAzureReposGitSourceLinkUrl" in project "TicketConsolidator.UI_bqhhcq12_wpftmp.csproj".
     8>Target "_InitializeBitbucketGitSourceLinkUrl" in file "C:\Program Files\dotnet\sdk\10.0.103\Sdks\Microsoft.SourceLink.Bitbucket.Git\build\Microsoft.SourceLink.Bitbucket.Git.targets" from project "c:\Apps\TicketConsolidator\src\TicketConsolidator.UI\TicketConsolidator.UI_bqhhcq12_wpftmp.csproj" (target "_GenerateSourceLinkFile" depends on it):
       Building target "_InitializeBitbucketGitSourceLinkUrl" completely.
       No input files were specified.
       Using "Microsoft.SourceLink.Bitbucket.Git.GetSourceLinkUrl" task from assembly "C:\Program Files\dotnet\sdk\10.0.103\Sdks\Microsoft.SourceLink.Bitbucket.Git\build\..\tools\net\Microsoft.SourceLink.Bitbucket.Git.dll".
       Task "Microsoft.SourceLink.Bitbucket.Git.GetSourceLinkUrl"
       Done executing task "Microsoft.SourceLink.Bitbucket.Git.GetSourceLinkUrl".
     8>Done building target "_InitializeBitbucketGitSourceLinkUrl" in project "TicketConsolidator.UI_bqhhcq12_wpftmp.csproj".
     8>Target "_InitializeBitbucketGitSourceLinkUrl" in file "C:\Program Files\dotnet\sdk\10.0.103\Sdks\Microsoft.SourceLink.Bitbucket.Git\build\Microsoft.SourceLink.Bitbucket.Git.targets" from project "c:\Apps\TicketConsolidator\src\TicketConsolidator.UI\TicketConsolidator.UI_bqhhcq12_wpftmp.csproj" (target "_GenerateSourceLinkFile" depends on it):
       Building target "_InitializeBitbucketGitSourceLinkUrl" completely.
       No input files were specified.
       Task "Microsoft.SourceLink.Bitbucket.Git.GetSourceLinkUrl"
       Done executing task "Microsoft.SourceLink.Bitbucket.Git.GetSourceLinkUrl".
     8>Done building target "_InitializeBitbucketGitSourceLinkUrl" in project "TicketConsolidator.UI_bqhhcq12_wpftmp.csproj".
     8>Target "_InitializeBitbucketGitSourceLinkUrl" in file "C:\Program Files\dotnet\sdk\10.0.103\Sdks\Microsoft.SourceLink.Bitbucket.Git\build\Microsoft.SourceLink.Bitbucket.Git.targets" from project "c:\Apps\TicketConsolidator\src\TicketConsolidator.UI\TicketConsolidator.UI_bqhhcq12_wpftmp.csproj" (target "_GenerateSourceLinkFile" depends on it):
       Building target "_InitializeBitbucketGitSourceLinkUrl" completely.
       No input files were specified.
       Task "Microsoft.SourceLink.Bitbucket.Git.GetSourceLinkUrl"
       Done executing task "Microsoft.SourceLink.Bitbucket.Git.GetSourceLinkUrl".
     8>Done building target "_InitializeBitbucketGitSourceLinkUrl" in project "TicketConsolidator.UI_bqhhcq12_wpftmp.csproj".
     8>Target "_GenerateSourceLinkFile" in file "C:\Program Files\dotnet\sdk\10.0.103\Sdks\Microsoft.SourceLink.Common\build\Microsoft.SourceLink.Common.targets" from project "c:\Apps\TicketConsolidator\src\TicketConsolidator.UI\TicketConsolidator.UI_bqhhcq12_wpftmp.csproj" (target "GenerateSourceLinkFile" depends on it):
       Building target "_GenerateSourceLinkFile" completely.
       No input files were specified.
       Using "Microsoft.SourceLink.Common.GenerateSourceLinkFile" task from assembly "C:\Program Files\dotnet\sdk\10.0.103\Sdks\Microsoft.SourceLink.Common\build\..\tools\net\Microsoft.SourceLink.Common.dll".
       Task "Microsoft.SourceLink.Common.GenerateSourceLinkFile"
         Updating Source Link file 'obj\Debug\net10.0-windows\TicketConsolidator.UI_bqhhcq12_wpftmp.sourcelink.json'.
       Done executing task "Microsoft.SourceLink.Common.GenerateSourceLinkFile".
     8>Done building target "_GenerateSourceLinkFile" in project "TicketConsolidator.UI_bqhhcq12_wpftmp.csproj".
     8>Target "GenerateSourceLinkFile" in file "C:\Program Files\dotnet\sdk\10.0.103\Sdks\Microsoft.SourceLink.Common\build\Microsoft.SourceLink.Common.targets" from project "c:\Apps\TicketConsolidator\src\TicketConsolidator.UI\TicketConsolidator.UI_bqhhcq12_wpftmp.csproj" (target "CoreCompile" depends on it):
     8>Done building target "GenerateSourceLinkFile" in project "TicketConsolidator.UI_bqhhcq12_wpftmp.csproj".
       Target "GenerateAssemblyInfo" skipped. Previously built successfully.
       Target "GenerateGlobalUsings" skipped. Previously built successfully.
     8>Target "AddGlobalAnalyzerConfigForPackage_MicrosoftCodeAnalysisNetAnalyzers" in file "C:\Program Files\dotnet\sdk\10.0.103\Sdks\Microsoft.NET.Sdk\analyzers\build\Microsoft.CodeAnalysis.NetAnalyzers.targets" from project "c:\Apps\TicketConsolidator\src\TicketConsolidator.UI\TicketConsolidator.UI_bqhhcq12_wpftmp.csproj" (target "CoreCompile" depends on it):
     8>Done building target "AddGlobalAnalyzerConfigForPackage_MicrosoftCodeAnalysisNetAnalyzers" in project "TicketConsolidator.UI_bqhhcq12_wpftmp.csproj".
       Target "AddGlobalAnalyzerConfigForPackage_MicrosoftCodeAnalysisCSharpCodeStyle" skipped. Previously built successfully.
       Target "CheckForDuplicateItems" skipped. Previously built successfully.
     8>Target "CheckForDuplicatePageItems" in file "C:\Program Files\dotnet\sdk\10.0.103\Sdks\Microsoft.NET.Sdk.WindowsDesktop\targets\Microsoft.NET.Sdk.WindowsDesktop.targets" from project "c:\Apps\TicketConsolidator\src\TicketConsolidator.UI\TicketConsolidator.UI_bqhhcq12_wpftmp.csproj" (target "CoreCompile" depends on it):
       Task "CheckForDuplicateItems"
       Done executing task "CheckForDuplicateItems".
     8>Done building target "CheckForDuplicatePageItems" in project "TicketConsolidator.UI_bqhhcq12_wpftmp.csproj".
     8>Target "RemoveDuplicateAnalyzers" in file "C:\Program Files\dotnet\sdk\10.0.103\Sdks\Microsoft.NET.Sdk.WindowsDesktop\targets\Microsoft.WinFX.targets" from project "c:\Apps\TicketConsolidator\src\TicketConsolidator.UI\TicketConsolidator.UI_bqhhcq12_wpftmp.csproj" (target "CoreCompile" depends on it):
     8>Done building target "RemoveDuplicateAnalyzers" in project "TicketConsolidator.UI_bqhhcq12_wpftmp.csproj".
     8>Target "CoreCompile" in file "C:\Program Files\dotnet\sdk\10.0.103\Roslyn\Microsoft.CSharp.Core.targets" from project "c:\Apps\TicketConsolidator\src\TicketConsolidator.UI\TicketConsolidator.UI_bqhhcq12_wpftmp.csproj" (target "_CompileTemporaryAssembly" depends on it):
       Building target "CoreCompile" completely.
       Input file "InternalReleaseViewModel.cs" is newer than output file "obj\Debug\net10.0-windows\TicketConsolidator.UI.pdb".
       C:\Program Files\dotnet\sdk\10.0.103\Roslyn\Microsoft.CSharp.Core.targets(66,7): message : Property reassignment: $(NoWarn)="NU1701;1701;1702" (previous value: "NU1701") at C:\Program Files\dotnet\sdk\10.0.103\Roslyn\Microsoft.CSharp.Core.targets (66,7) [c:\Apps\TicketConsolidator\src\TicketConsolidator.UI\TicketConsolidator.UI_bqhhcq12_wpftmp.csproj]
       Using "Csc" task from assembly "C:\Program Files\dotnet\sdk\10.0.103\Sdks\Microsoft.NET.Sdk\targets\..\..\..\Roslyn\Microsoft.Build.Tasks.CodeAnalysis.dll".
       Task "Csc"
         Setting DOTNET_ROOT to 'C:\Program Files\dotnet'
         Environment Variables passed to tool:
           DOTNET_ROOT=C:\Program Files\dotnet
         C:\Program Files\dotnet\sdk\10.0.103\Roslyn\bincore\csc.exe /noconfig /unsafe- /checked- /nowarn:NU1701,1701,1702 /fullpaths /nostdlib+ /platform:x64 /errorreport:prompt /warn:10 /define:TRACE;DEBUG;NET;NET10_0;NETCOREAPP;WINDOWS;WINDOWS7_0;NET5_0_OR_GREATER;NET6_0_OR_GREATER;NET7_0_OR_GREATER;NET8_0_OR_GREATER;NET9_0_OR_GREATER;NET10_0_OR_GREATER;NETCOREAPP3_0_OR_GREATER;NETCOREAPP3_1_OR_GREATER;WINDOWS7_0_OR_GREATER /highentropyva+ /nullable:disable /reference:"C:\Program Files\dotnet\packs\Microsoft.WindowsDesktop.App.Ref\10.0.3\ref\net10.0\Accessibility.dll" /reference:C:\Users\krish.maniar.ATPL-LAP-723\.nuget\packages\avalonedit\6.3.1.120\lib\net8.0-windows7.0\ICSharpCode.AvalonEdit.dll /reference:C:\Users\krish.maniar.ATPL-LAP-723\.nuget\packages\materialdesigncolors\2.1.4\lib\net7.0\MaterialDesignColors.dll /reference:C:\Users\krish.maniar.ATPL-LAP-723\.nuget\packages\materialdesignthemes\4.9.0\lib\net7.0\MaterialDesignThemes.Wpf.dll /reference:"C:\Program Files\dotnet\packs\Microsoft.NETCore.App.Ref\10.0.3\ref\net10.0\Microsoft.CSharp.dll" /reference:C:\Users\krish.maniar.ATPL-LAP-723\.nuget\packages\microsoft.extensions.configuration.abstractions\10.0.1\lib\net10.0\Microsoft.Extensions.Configuration.Abstractions.dll /reference:C:\Users\krish.maniar.ATPL-LAP-723\.nuget\packages\microsoft.extensions.configuration.binder\10.0.1\lib\net10.0\Microsoft.Extensions.Configuration.Binder.dll /reference:C:\Users\krish.maniar.ATPL-LAP-723\.nuget\packages\microsoft.extensions.configuration\10.0.1\lib\net10.0\Microsoft.Extensions.Configuration.dll /reference:C:\Users\krish.maniar.ATPL-LAP-723\.nuget\packages\microsoft.extensions.configuration.fileextensions\10.0.1\lib\net10.0\Microsoft.Extensions.Configuration.FileExtensions.dll /reference:C:\Users\krish.maniar.ATPL-LAP-723\.nuget\packages\microsoft.extensions.configuration.json\10.0.1\lib\net10.0\Microsoft.Extensions.Configuration.Json.dll /reference:C:\Users\krish.maniar.ATPL-LAP-723\.nuget\packages\microsoft.extensions.dependencyinjection.abstractions\10.0.1\lib\net10.0\Microsoft.Extensions.DependencyInjection.Abstractions.dll /reference:C:\Users\krish.maniar.ATPL-LAP-723\.nuget\packages\microsoft.extensions.dependencyinjection\10.0.1\lib\net10.0\Microsoft.Extensions.DependencyInjection.dll /reference:C:\Users\krish.maniar.ATPL-LAP-723\.nuget\packages\microsoft.extensions.fileproviders.abstractions\10.0.1\lib\net10.0\Microsoft.Extensions.FileProviders.Abstractions.dll /reference:C:\Users\krish.maniar.ATPL-LAP-723\.nuget\packages\microsoft.extensions.fileproviders.physical\10.0.1\lib\net10.0\Microsoft.Extensions.FileProviders.Physical.dll /reference:C:\Users\krish.maniar.ATPL-LAP-723\.nuget\packages\microsoft.extensions.filesystemglobbing\10.0.1\lib\net10.0\Microsoft.Extensions.FileSystemGlobbing.dll /reference:C:\Users\krish.maniar.ATPL-LAP-723\.nuget\packages\microsoft.extensions.primitives\10.0.1\lib\net10.0\Microsoft.Extensions.Primitives.dll /reference:"C:\Program Files\dotnet\packs\Microsoft.NETCore.App.Ref\10.0.3\ref\net10.0\Microsoft.VisualBasic.Core.dll" /reference:"C:\Program Files\dotnet\packs\Microsoft.WindowsDesktop.App.Ref\10.0.3\ref\net10.0\Microsoft.VisualBasic.dll" /reference:"C:\Program Files\dotnet\packs\Microsoft.WindowsDesktop.App.Ref\10.0.3\ref\net10.0\Microsoft.VisualBasic.Forms.dll" /reference:C:\Users\krish.maniar.ATPL-LAP-723\.nuget\packages\microsoft.web.webview2\1.0.3800.47\lib_manual\netcoreapp3.0\Microsoft.Web.WebView2.Core.dll /reference:C:\Users\krish.maniar.ATPL-LAP-723\.nuget\packages\microsoft.web.webview2\1.0.3800.47\lib_manual\netcoreapp3.0\Microsoft.Web.WebView2.WinForms.dll /reference:C:\Users\krish.maniar.ATPL-LAP-723\.nuget\packages\microsoft.web.webview2\1.0.3800.47\lib_manual\net5.0-windows10.0.17763.0\Microsoft.Web.WebView2.Wpf.dll /reference:"C:\Program Files\dotnet\packs\Microsoft.NETCore.App.Ref\10.0.3\ref\net10.0\Microsoft.Win32.Primitives.dll" /reference:"C:\Program Files\dotnet\packs\Microsoft.WindowsDesktop.App.Ref\10.0.3\ref\net10.0\Microsoft.Win32.Registry.AccessControl.dll" /reference:"C:\Program Files\dotnet\packs\Microsoft.NETCore.App.Ref\10.0.3\ref\net10.0\Microsoft.Win32.Registry.dll" /reference:"C:\Program Files\dotnet\packs\Microsoft.WindowsDesktop.App.Ref\10.0.3\ref\net10.0\Microsoft.Win32.SystemEvents.dll" /reference:C:\Users\krish.maniar.ATPL-LAP-723\.nuget\packages\microsoft.xaml.behaviors.wpf\1.1.135\lib\net6.0-windows7.0\Microsoft.Xaml.Behaviors.dll /reference:"C:\Program Files\dotnet\packs\Microsoft.NETCore.App.Ref\10.0.3\ref\net10.0\mscorlib.dll" /reference:"C:\Program Files\dotnet\packs\Microsoft.NETCore.App.Ref\10.0.3\ref\net10.0\netstandard.dll" /reference:"C:\Program Files\dotnet\packs\Microsoft.WindowsDesktop.App.Ref\10.0.3\ref\net10.0\PresentationCore.dll" /reference:"C:\Program Files\dotnet\packs\Microsoft.WindowsDesktop.App.Ref\10.0.3\ref\net10.0\PresentationFramework.Aero.dll" /reference:"C:\Program Files\dotnet\packs\Microsoft.WindowsDesktop.App.Ref\10.0.3\ref\net10.0\PresentationFramework.Aero2.dll" /reference:"C:\Program Files\dotnet\packs\Microsoft.WindowsDesktop.App.Ref\10.0.3\ref\net10.0\PresentationFramework.AeroLite.dll" /reference:"C:\Program Files\dotnet\packs\Microsoft.WindowsDesktop.App.Ref\10.0.3\ref\net10.0\PresentationFramework.Classic.dll" /reference:"C:\Program Files\dotnet\packs\Microsoft.WindowsDesktop.App.Ref\10.0.3\ref\net10.0\PresentationFramework.dll" /reference:"C:\Program Files\dotnet\packs\Microsoft.WindowsDesktop.App.Ref\10.0.3\ref\net10.0\PresentationFramework.Luna.dll" /reference:"C:\Program Files\dotnet\packs\Microsoft.WindowsDesktop.App.Ref\10.0.3\ref\net10.0\PresentationFramework.Royale.dll" /reference:"C:\Program Files\dotnet\packs\Microsoft.WindowsDesktop.App.Ref\10.0.3\ref\net10.0\PresentationUI.dll" /reference:"C:\Program Files\dotnet\packs\Microsoft.WindowsDesktop.App.Ref\10.0.3\ref\net10.0\ReachFramework.dll" /reference:"C:\Program Files\dotnet\packs\Microsoft.NETCore.App.Ref\10.0.3\ref\net10.0\System.AppContext.dll" /reference:"C:\Program Files\dotnet\packs\Microsoft.NETCore.App.Ref\10.0.3\ref\net10.0\System.Buffers.dll" /reference:"C:\Program Files\dotnet\packs\Microsoft.WindowsDesktop.App.Ref\10.0.3\ref\net10.0\System.CodeDom.dll" /reference:"C:\Program Files\dotnet\packs\Microsoft.NETCore.App.Ref\10.0.3\ref\net10.0\System.Collections.Concurrent.dll" /reference:"C:\Program Files\dotnet\packs\Microsoft.NETCore.App.Ref\10.0.3\ref\net10.0\System.Collections.dll" /reference:"C:\Program Files\dotnet\packs\Microsoft.NETCore.App.Ref\10.0.3\ref\net10.0\System.Collections.Immutable.dll" /reference:"C:\Program Files\dotnet\packs\Microsoft.NETCore.App.Ref\10.0.3\ref\net10.0\System.Collections.NonGeneric.dll" /reference:"C:\Program Files\dotnet\packs\Microsoft.NETCore.App.Ref\10.0.3\ref\net10.0\System.Collections.Specialized.dll" /reference:"C:\Program Files\dotnet\packs\Microsoft.NETCore.App.Ref\10.0.3\ref\net10.0\System.ComponentModel.Annotations.dll" /reference:"C:\Program Files\dotnet\packs\Microsoft.NETCore.App.Ref\10.0.3\ref\net10.0\System.ComponentModel.DataAnnotations.dll" /reference:"C:\Program Files\dotnet\packs\Microsoft.NETCore.App.Ref\10.0.3\ref\net10.0\System.ComponentModel.dll" /reference:"C:\Program Files\dotnet\packs\Microsoft.NETCore.App.Ref\10.0.3\ref\net10.0\System.ComponentModel.EventBasedAsync.dll" /reference:"C:\Program Files\dotnet\packs\Microsoft.NETCore.App.Ref\10.0.3\ref\net10.0\System.ComponentModel.Primitives.dll" /reference:"C:\Program Files\dotnet\packs\Microsoft.NETCore.App.Ref\10.0.3\ref\net10.0\System.ComponentModel.TypeConverter.dll" /reference:"C:\Program Files\dotnet\packs\Microsoft.WindowsDesktop.App.Ref\10.0.3\ref\net10.0\System.Configuration.ConfigurationManager.dll" /reference:"C:\Program Files\dotnet\packs\Microsoft.NETCore.App.Ref\10.0.3\ref\net10.0\System.Configuration.dll" /reference:"C:\Program Files\dotnet\packs\Microsoft.NETCore.App.Ref\10.0.3\ref\net10.0\System.Console.dll" /reference:"C:\Program Files\dotnet\packs\Microsoft.NETCore.App.Ref\10.0.3\ref\net10.0\System.Core.dll" /reference:"C:\Program Files\dotnet\packs\Microsoft.NETCore.App.Ref\10.0.3\ref\net10.0\System.Data.Common.dll" /reference:"C:\Program Files\dotnet\packs\Microsoft.NETCore.App.Ref\10.0.3\ref\net10.0\System.Data.DataSetExtensions.dll" /reference:"C:\Program Files\dotnet\packs\Microsoft.NETCore.App.Ref\10.0.3\ref\net10.0\System.Data.dll" /reference:C:\Users\krish.maniar.ATPL-LAP-723\.nuget\packages\system.data.sqlclient\4.9.0\lib\net8.0\System.Data.SqlClient.dll /reference:"C:\Program Files\dotnet\packs\Microsoft.WindowsDesktop.App.Ref\10.0.3\ref\net10.0\System.Design.dll" /reference:"C:\Program Files\dotnet\packs\Microsoft.NETCore.App.Ref\10.0.3\ref\net10.0\System.Diagnostics.Contracts.dll" /reference:"C:\Program Files\dotnet\packs\Microsoft.NETCore.App.Ref\10.0.3\ref\net10.0\System.Diagnostics.Debug.dll" /reference:"C:\Program Files\dotnet\packs\Microsoft.NETCore.App.Ref\10.0.3\ref\net10.0\System.Diagnostics.DiagnosticSource.dll" /reference:"C:\Program Files\dotnet\packs\Microsoft.WindowsDesktop.App.Ref\10.0.3\ref\net10.0\System.Diagnostics.EventLog.dll" /reference:"C:\Program Files\dotnet\packs\Microsoft.NETCore.App.Ref\10.0.3\ref\net10.0\System.Diagnostics.FileVersionInfo.dll" /reference:"C:\Program Files\dotnet\packs\Microsoft.WindowsDesktop.App.Ref\10.0.3\ref\net10.0\System.Diagnostics.PerformanceCounter.dll" /reference:"C:\Program Files\dotnet\packs\Microsoft.NETCore.App.Ref\10.0.3\ref\net10.0\System.Diagnostics.Process.dll" /reference:"C:\Program Files\dotnet\packs\Microsoft.NETCore.App.Ref\10.0.3\ref\net10.0\System.Diagnostics.StackTrace.dll" /reference:"C:\Program Files\dotnet\packs\Microsoft.NETCore.App.Ref\10.0.3\ref\net10.0\System.Diagnostics.TextWriterTraceListener.dll" /reference:"C:\Program Files\dotnet\packs\Microsoft.NETCore.App.Ref\10.0.3\ref\net10.0\System.Diagnostics.Tools.dll" /reference:"C:\Program Files\dotnet\packs\Microsoft.NETCore.App.Ref\10.0.3\ref\net10.0\System.Diagnostics.TraceSource.dll" /reference:"C:\Program Files\dotnet\packs\Microsoft.NETCore.App.Ref\10.0.3\ref\net10.0\System.Diagnostics.Tracing.dll" /reference:"C:\Program Files\dotnet\packs\Microsoft.WindowsDesktop.App.Ref\10.0.3\ref\net10.0\System.DirectoryServices.dll" /reference:"C:\Program Files\dotnet\packs\Microsoft.NETCore.App.Ref\10.0.3\ref\net10.0\System.dll" /reference:"C:\Program Files\dotnet\packs\Microsoft.WindowsDesktop.App.Ref\10.0.3\ref\net10.0\System.Drawing.Common.dll" /reference:"C:\Program Files\dotnet\packs\Microsoft.WindowsDesktop.App.Ref\10.0.3\ref\net10.0\System.Drawing.Design.dll" /reference:"C:\Program Files\dotnet\packs\Microsoft.WindowsDesktop.App.Ref\10.0.3\ref\net10.0\System.Drawing.dll" /reference:"C:\Program Files\dotnet\packs\Microsoft.NETCore.App.Ref\10.0.3\ref\net10.0\System.Drawing.Primitives.dll" /reference:"C:\Program Files\dotnet\packs\Microsoft.NETCore.App.Ref\10.0.3\ref\net10.0\System.Dynamic.Runtime.dll" /reference:"C:\Program Files\dotnet\packs\Microsoft.NETCore.App.Ref\10.0.3\ref\net10.0\System.Formats.Asn1.dll" /reference:"C:\Program Files\dotnet\packs\Microsoft.WindowsDesktop.App.Ref\10.0.3\ref\net10.0\System.Formats.Nrbf.dll" /reference:"C:\Program Files\dotnet\packs\Microsoft.NETCore.App.Ref\10.0.3\ref\net10.0\System.Formats.Tar.dll" /reference:"C:\Program Files\dotnet\packs\Microsoft.NETCore.App.Ref\10.0.3\ref\net10.0\System.Globalization.Calendars.dll" /reference:"C:\Program Files\dotnet\packs\Microsoft.NETCore.App.Ref\10.0.3\ref\net10.0\System.Globalization.dll" /reference:"C:\Program Files\dotnet\packs\Microsoft.NETCore.App.Ref\10.0.3\ref\net10.0\System.Globalization.Extensions.dll" /reference:"C:\Program Files\dotnet\packs\Microsoft.NETCore.App.Ref\10.0.3\ref\net10.0\System.IO.Compression.Brotli.dll" /reference:"C:\Program Files\dotnet\packs\Microsoft.NETCore.App.Ref\10.0.3\ref\net10.0\System.IO.Compression.dll" /reference:"C:\Program Files\dotnet\packs\Microsoft.NETCore.App.Ref\10.0.3\ref\net10.0\System.IO.Compression.FileSystem.dll" /reference:"C:\Program Files\dotnet\packs\Microsoft.NETCore.App.Ref\10.0.3\ref\net10.0\System.IO.Compression.ZipFile.dll" /reference:"C:\Program Files\dotnet\packs\Microsoft.NETCore.App.Ref\10.0.3\ref\net10.0\System.IO.dll" /reference:"C:\Program Files\dotnet\packs\Microsoft.NETCore.App.Ref\10.0.3\ref\net10.0\System.IO.FileSystem.AccessControl.dll" /reference:"C:\Program Files\dotnet\packs\Microsoft.NETCore.App.Ref\10.0.3\ref\net10.0\System.IO.FileSystem.dll" /reference:"C:\Program Files\dotnet\packs\Microsoft.NETCore.App.Ref\10.0.3\ref\net10.0\System.IO.FileSystem.DriveInfo.dll" /reference:"C:\Program Files\dotnet\packs\Microsoft.NETCore.App.Ref\10.0.3\ref\net10.0\System.IO.FileSystem.Primitives.dll" /reference:"C:\Program Files\dotnet\packs\Microsoft.NETCore.App.Ref\10.0.3\ref\net10.0\System.IO.FileSystem.Watcher.dll" /reference:"C:\Program Files\dotnet\packs\Microsoft.NETCore.App.Ref\10.0.3\ref\net10.0\System.IO.IsolatedStorage.dll" /reference:"C:\Program Files\dotnet\packs\Microsoft.NETCore.App.Ref\10.0.3\ref\net10.0\System.IO.MemoryMappedFiles.dll" /reference:"C:\Program Files\dotnet\packs\Microsoft.WindowsDesktop.App.Ref\10.0.3\ref\net10.0\System.IO.Packaging.dll" /reference:"C:\Program Files\dotnet\packs\Microsoft.NETCore.App.Ref\10.0.3\ref\net10.0\System.IO.Pipelines.dll" /reference:"C:\Program Files\dotnet\packs\Microsoft.NETCore.App.Ref\10.0.3\ref\net10.0\System.IO.Pipes.AccessControl.dll" /reference:"C:\Program Files\dotnet\packs\Microsoft.NETCore.App.Ref\10.0.3\ref\net10.0\System.IO.Pipes.dll" /reference:"C:\Program Files\dotnet\packs\Microsoft.NETCore.App.Ref\10.0.3\ref\net10.0\System.IO.UnmanagedMemoryStream.dll" /reference:"C:\Program Files\dotnet\packs\Microsoft.NETCore.App.Ref\10.0.3\ref\net10.0\System.Linq.AsyncEnumerable.dll" /reference:"C:\Program Files\dotnet\packs\Microsoft.NETCore.App.Ref\10.0.3\ref\net10.0\System.Linq.dll" /reference:"C:\Program Files\dotnet\packs\Microsoft.NETCore.App.Ref\10.0.3\ref\net10.0\System.Linq.Expressions.dll" /reference:"C:\Program Files\dotnet\packs\Microsoft.NETCore.App.Ref\10.0.3\ref\net10.0\System.Linq.Parallel.dll" /reference:"C:\Program Files\dotnet\packs\Microsoft.NETCore.App.Ref\10.0.3\ref\net10.0\System.Linq.Queryable.dll" /reference:"C:\Program Files\dotnet\packs\Microsoft.NETCore.App.Ref\10.0.3\ref\net10.0\System.Memory.dll" /reference:"C:\Program Files\dotnet\packs\Microsoft.NETCore.App.Ref\10.0.3\ref\net10.0\System.Net.dll" /reference:"C:\Program Files\dotnet\packs\Microsoft.NETCore.App.Ref\10.0.3\ref\net10.0\System.Net.Http.dll" /reference:"C:\Program Files\dotnet\packs\Microsoft.NETCore.App.Ref\10.0.3\ref\net10.0\System.Net.Http.Json.dll" /reference:"C:\Program Files\dotnet\packs\Microsoft.NETCore.App.Ref\10.0.3\ref\net10.0\System.Net.HttpListener.dll" /reference:"C:\Program Files\dotnet\packs\Microsoft.NETCore.App.Ref\10.0.3\ref\net10.0\System.Net.Mail.dll" /reference:"C:\Program Files\dotnet\packs\Microsoft.NETCore.App.Ref\10.0.3\ref\net10.0\System.Net.NameResolution.dll" /reference:"C:\Program Files\dotnet\packs\Microsoft.NETCore.App.Ref\10.0.3\ref\net10.0\System.Net.NetworkInformation.dll" /reference:"C:\Program Files\dotnet\packs\Microsoft.NETCore.App.Ref\10.0.3\ref\net10.0\System.Net.Ping.dll" /reference:"C:\Program Files\dotnet\packs\Microsoft.NETCore.App.Ref\10.0.3\ref\net10.0\System.Net.Primitives.dll" /reference:"C:\Program Files\dotnet\packs\Microsoft.NETCore.App.Ref\10.0.3\ref\net10.0\System.Net.Quic.dll" /reference:"C:\Program Files\dotnet\packs\Microsoft.NETCore.App.Ref\10.0.3\ref\net10.0\System.Net.Requests.dll" /reference:"C:\Program Files\dotnet\packs\Microsoft.NETCore.App.Ref\10.0.3\ref\net10.0\System.Net.Security.dll" /reference:"C:\Program Files\dotnet\packs\Microsoft.NETCore.App.Ref\10.0.3\ref\net10.0\System.Net.ServerSentEvents.dll" /reference:"C:\Program Files\dotnet\packs\Microsoft.NETCore.App.Ref\10.0.3\ref\net10.0\System.Net.ServicePoint.dll" /reference:"C:\Program Files\dotnet\packs\Microsoft.NETCore.App.Ref\10.0.3\ref\net10.0\System.Net.Sockets.dll" /reference:"C:\Program Files\dotnet\packs\Microsoft.NETCore.App.Ref\10.0.3\ref\net10.0\System.Net.WebClient.dll" /reference:"C:\Program Files\dotnet\packs\Microsoft.NETCore.App.Ref\10.0.3\ref\net10.0\System.Net.WebHeaderCollection.dll" /reference:"C:\Program Files\dotnet\packs\Microsoft.NETCore.App.Ref\10.0.3\ref\net10.0\System.Net.WebProxy.dll" /reference:"C:\Program Files\dotnet\packs\Microsoft.NETCore.App.Ref\10.0.3\ref\net10.0\System.Net.WebSockets.Client.dll" /reference:"C:\Program Files\dotnet\packs\Microsoft.NETCore.App.Ref\10.0.3\ref\net10.0\System.Net.WebSockets.dll" /reference:"C:\Program Files\dotnet\packs\Microsoft.NETCore.App.Ref\10.0.3\ref\net10.0\System.Numerics.dll" /reference:"C:\Program Files\dotnet\packs\Microsoft.NETCore.App.Ref\10.0.3\ref\net10.0\System.Numerics.Vectors.dll" /reference:"C:\Program Files\dotnet\packs\Microsoft.NETCore.App.Ref\10.0.3\ref\net10.0\System.ObjectModel.dll" /reference:"C:\Program Files\dotnet\packs\Microsoft.WindowsDesktop.App.Ref\10.0.3\ref\net10.0\System.Printing.dll" /reference:"C:\Program Files\dotnet\packs\Microsoft.WindowsDesktop.App.Ref\10.0.3\ref\net10.0\System.Private.Windows.Core.dll" /reference:"C:\Program Files\dotnet\packs\Microsoft.WindowsDesktop.App.Ref\10.0.3\ref\net10.0\System.Private.Windows.GdiPlus.dll" /reference:"C:\Program Files\dotnet\packs\Microsoft.NETCore.App.Ref\10.0.3\ref\net10.0\System.Reflection.DispatchProxy.dll" /reference:"C:\Program Files\dotnet\packs\Microsoft.NETCore.App.Ref\10.0.3\ref\net10.0\System.Reflection.dll" /reference:"C:\Program Files\dotnet\packs\Microsoft.NETCore.App.Ref\10.0.3\ref\net10.0\System.Reflection.Emit.dll" /reference:"C:\Program Files\dotnet\packs\Microsoft.NETCore.App.Ref\10.0.3\ref\net10.0\System.Reflection.Emit.ILGeneration.dll" /reference:"C:\Program Files\dotnet\packs\Microsoft.NETCore.App.Ref\10.0.3\ref\net10.0\System.Reflection.Emit.Lightweight.dll" /reference:"C:\Program Files\dotnet\packs\Microsoft.NETCore.App.Ref\10.0.3\ref\net10.0\System.Reflection.Extensions.dll" /reference:"C:\Program Files\dotnet\packs\Microsoft.NETCore.App.Ref\10.0.3\ref\net10.0\System.Reflection.Metadata.dll" /reference:"C:\Program Files\dotnet\packs\Microsoft.NETCore.App.Ref\10.0.3\ref\net10.0\System.Reflection.Primitives.dll" /reference:"C:\Program Files\dotnet\packs\Microsoft.NETCore.App.Ref\10.0.3\ref\net10.0\System.Reflection.TypeExtensions.dll" /reference:"C:\Program Files\dotnet\packs\Microsoft.WindowsDesktop.App.Ref\10.0.3\ref\net10.0\System.Resources.Extensions.dll" /reference:"C:\Program Files\dotnet\packs\Microsoft.NETCore.App.Ref\10.0.3\ref\net10.0\System.Resources.Reader.dll" /reference:"C:\Program Files\dotnet\packs\Microsoft.NETCore.App.Ref\10.0.3\ref\net10.0\System.Resources.ResourceManager.dll" /reference:"C:\Program Files\dotnet\packs\Microsoft.NETCore.App.Ref\10.0.3\ref\net10.0\System.Resources.Writer.dll" /reference:"C:\Program Files\dotnet\packs\Microsoft.NETCore.App.Ref\10.0.3\ref\net10.0\System.Runtime.CompilerServices.Unsafe.dll" /reference:"C:\Program Files\dotnet\packs\Microsoft.NETCore.App.Ref\10.0.3\ref\net10.0\System.Runtime.CompilerServices.VisualC.dll" /reference:"C:\Program Files\dotnet\packs\Microsoft.NETCore.App.Ref\10.0.3\ref\net10.0\System.Runtime.dll" /reference:"C:\Program Files\dotnet\packs\Microsoft.NETCore.App.Ref\10.0.3\ref\net10.0\System.Runtime.Extensions.dll" /reference:"C:\Program Files\dotnet\packs\Microsoft.NETCore.App.Ref\10.0.3\ref\net10.0\System.Runtime.Handles.dll" /reference:"C:\Program Files\dotnet\packs\Microsoft.NETCore.App.Ref\10.0.3\ref\net10.0\System.Runtime.InteropServices.dll" /reference:"C:\Program Files\dotnet\packs\Microsoft.NETCore.App.Ref\10.0.3\ref\net10.0\System.Runtime.InteropServices.JavaScript.dll" /reference:"C:\Program Files\dotnet\packs\Microsoft.NETCore.App.Ref\10.0.3\ref\net10.0\System.Runtime.InteropServices.RuntimeInformation.dll" /reference:"C:\Program Files\dotnet\packs\Microsoft.NETCore.App.Ref\10.0.3\ref\net10.0\System.Runtime.Intrinsics.dll" /reference:"C:\Program Files\dotnet\packs\Microsoft.NETCore.App.Ref\10.0.3\ref\net10.0\System.Runtime.Loader.dll" /reference:"C:\Program Files\dotnet\packs\Microsoft.NETCore.App.Ref\10.0.3\ref\net10.0\System.Runtime.Numerics.dll" /reference:"C:\Program Files\dotnet\packs\Microsoft.NETCore.App.Ref\10.0.3\ref\net10.0\System.Runtime.Serialization.dll" /reference:"C:\Program Files\dotnet\packs\Microsoft.NETCore.App.Ref\10.0.3\ref\net10.0\System.Runtime.Serialization.Formatters.dll" /reference:"C:\Program Files\dotnet\packs\Microsoft.NETCore.App.Ref\10.0.3\ref\net10.0\System.Runtime.Serialization.Json.dll" /reference:"C:\Program Files\dotnet\packs\Microsoft.NETCore.App.Ref\10.0.3\ref\net10.0\System.Runtime.Serialization.Primitives.dll" /reference:"C:\Program Files\dotnet\packs\Microsoft.NETCore.App.Ref\10.0.3\ref\net10.0\System.Runtime.Serialization.Xml.dll" /reference:"C:\Program Files\dotnet\packs\Microsoft.NETCore.App.Ref\10.0.3\ref\net10.0\System.Security.AccessControl.dll" /reference:"C:\Program Files\dotnet\packs\Microsoft.NETCore.App.Ref\10.0.3\ref\net10.0\System.Security.Claims.dll" /reference:"C:\Program Files\dotnet\packs\Microsoft.NETCore.App.Ref\10.0.3\ref\net10.0\System.Security.Cryptography.Algorithms.dll" /reference:"C:\Program Files\dotnet\packs\Microsoft.NETCore.App.Ref\10.0.3\ref\net10.0\System.Security.Cryptography.Cng.dll" /reference:"C:\Program Files\dotnet\packs\Microsoft.NETCore.App.Ref\10.0.3\ref\net10.0\System.Security.Cryptography.Csp.dll" /reference:"C:\Program Files\dotnet\packs\Microsoft.NETCore.App.Ref\10.0.3\ref\net10.0\System.Security.Cryptography.dll" /reference:"C:\Program Files\dotnet\packs\Microsoft.NETCore.App.Ref\10.0.3\ref\net10.0\System.Security.Cryptography.Encoding.dll" /reference:"C:\Program Files\dotnet\packs\Microsoft.NETCore.App.Ref\10.0.3\ref\net10.0\System.Security.Cryptography.OpenSsl.dll" /reference:"C:\Program Files\dotnet\packs\Microsoft.WindowsDesktop.App.Ref\10.0.3\ref\net10.0\System.Security.Cryptography.Pkcs.dll" /reference:"C:\Program Files\dotnet\packs\Microsoft.NETCore.App.Ref\10.0.3\ref\net10.0\System.Security.Cryptography.Primitives.dll" /reference:"C:\Program Files\dotnet\packs\Microsoft.WindowsDesktop.App.Ref\10.0.3\ref\net10.0\System.Security.Cryptography.ProtectedData.dll" /reference:"C:\Program Files\dotnet\packs\Microsoft.NETCore.App.Ref\10.0.3\ref\net10.0\System.Security.Cryptography.X509Certificates.dll" /reference:"C:\Program Files\dotnet\packs\Microsoft.WindowsDesktop.App.Ref\10.0.3\ref\net10.0\System.Security.Cryptography.Xml.dll" /reference:"C:\Program Files\dotnet\packs\Microsoft.NETCore.App.Ref\10.0.3\ref\net10.0\System.Security.dll" /reference:"C:\Program Files\dotnet\packs\Microsoft.WindowsDesktop.App.Ref\10.0.3\ref\net10.0\System.Security.Permissions.dll" /reference:"C:\Program Files\dotnet\packs\Microsoft.NETCore.App.Ref\10.0.3\ref\net10.0\System.Security.Principal.dll" /reference:"C:\Program Files\dotnet\packs\Microsoft.NETCore.App.Ref\10.0.3\ref\net10.0\System.Security.Principal.Windows.dll" /reference:"C:\Program Files\dotnet\packs\Microsoft.NETCore.App.Ref\10.0.3\ref\net10.0\System.Security.SecureString.dll" /reference:"C:\Program Files\dotnet\packs\Microsoft.NETCore.App.Ref\10.0.3\ref\net10.0\System.ServiceModel.Web.dll" /reference:"C:\Program Files\dotnet\packs\Microsoft.NETCore.App.Ref\10.0.3\ref\net10.0\System.ServiceProcess.dll" /reference:"C:\Program Files\dotnet\packs\Microsoft.NETCore.App.Ref\10.0.3\ref\net10.0\System.Text.Encoding.CodePages.dll" /reference:"C:\Program Files\dotnet\packs\Microsoft.NETCore.App.Ref\10.0.3\ref\net10.0\System.Text.Encoding.dll" /reference:"C:\Program Files\dotnet\packs\Microsoft.NETCore.App.Ref\10.0.3\ref\net10.0\System.Text.Encoding.Extensions.dll" /reference:"C:\Program Files\dotnet\packs\Microsoft.NETCore.App.Ref\10.0.3\ref\net10.0\System.Text.Encodings.Web.dll" /reference:"C:\Program Files\dotnet\packs\Microsoft.NETCore.App.Ref\10.0.3\ref\net10.0\System.Text.Json.dll" /reference:"C:\Program Files\dotnet\packs\Microsoft.NETCore.App.Ref\10.0.3\ref\net10.0\System.Text.RegularExpressions.dll" /reference:"C:\Program Files\dotnet\packs\Microsoft.NETCore.App.Ref\10.0.3\ref\net10.0\System.Threading.AccessControl.dll" /reference:"C:\Program Files\dotnet\packs\Microsoft.NETCore.App.Ref\10.0.3\ref\net10.0\System.Threading.Channels.dll" /reference:"C:\Program Files\dotnet\packs\Microsoft.NETCore.App.Ref\10.0.3\ref\net10.0\System.Threading.dll" /reference:"C:\Program Files\dotnet\packs\Microsoft.NETCore.App.Ref\10.0.3\ref\net10.0\System.Threading.Overlapped.dll" /reference:"C:\Program Files\dotnet\packs\Microsoft.NETCore.App.Ref\10.0.3\ref\net10.0\System.Threading.Tasks.Dataflow.dll" /reference:"C:\Program Files\dotnet\packs\Microsoft.NETCore.App.Ref\10.0.3\ref\net10.0\System.Threading.Tasks.dll" /reference:"C:\Program Files\dotnet\packs\Microsoft.NETCore.App.Ref\10.0.3\ref\net10.0\System.Threading.Tasks.Extensions.dll" /reference:"C:\Program Files\dotnet\packs\Microsoft.NETCore.App.Ref\10.0.3\ref\net10.0\System.Threading.Tasks.Parallel.dll" /reference:"C:\Program Files\dotnet\packs\Microsoft.NETCore.App.Ref\10.0.3\ref\net10.0\System.Threading.Thread.dll" /reference:"C:\Program Files\dotnet\packs\Microsoft.NETCore.App.Ref\10.0.3\ref\net10.0\System.Threading.ThreadPool.dll" /reference:"C:\Program Files\dotnet\packs\Microsoft.NETCore.App.Ref\10.0.3\ref\net10.0\System.Threading.Timer.dll" /reference:"C:\Program Files\dotnet\packs\Microsoft.NETCore.App.Ref\10.0.3\ref\net10.0\System.Transactions.dll" /reference:"C:\Program Files\dotnet\packs\Microsoft.NETCore.App.Ref\10.0.3\ref\net10.0\System.Transactions.Local.dll" /reference:"C:\Program Files\dotnet\packs\Microsoft.NETCore.App.Ref\10.0.3\ref\net10.0\System.ValueTuple.dll" /reference:"C:\Program Files\dotnet\packs\Microsoft.NETCore.App.Ref\10.0.3\ref\net10.0\System.Web.dll" /reference:"C:\Program Files\dotnet\packs\Microsoft.NETCore.App.Ref\10.0.3\ref\net10.0\System.Web.HttpUtility.dll" /reference:"C:\Program Files\dotnet\packs\Microsoft.WindowsDesktop.App.Ref\10.0.3\ref\net10.0\System.Windows.Controls.Ribbon.dll" /reference:"C:\Program Files\dotnet\packs\Microsoft.NETCore.App.Ref\10.0.3\ref\net10.0\System.Windows.dll" /reference:"C:\Program Files\dotnet\packs\Microsoft.WindowsDesktop.App.Ref\10.0.3\ref\net10.0\System.Windows.Extensions.dll" /reference:"C:\Program Files\dotnet\packs\Microsoft.WindowsDesktop.App.Ref\10.0.3\ref\net10.0\System.Windows.Forms.Design.dll" /reference:"C:\Program Files\dotnet\packs\Microsoft.WindowsDesktop.App.Ref\10.0.3\ref\net10.0\System.Windows.Forms.Design.Editors.dll" /reference:"C:\Program Files\dotnet\packs\Microsoft.WindowsDesktop.App.Ref\10.0.3\ref\net10.0\System.Windows.Forms.dll" /reference:"C:\Program Files\dotnet\packs\Microsoft.WindowsDesktop.App.Ref\10.0.3\ref\net10.0\System.Windows.Forms.Primitives.dll" /reference:"C:\Program Files\dotnet\packs\Microsoft.WindowsDesktop.App.Ref\10.0.3\ref\net10.0\System.Windows.Input.Manipulations.dll" /reference:"C:\Program Files\dotnet\packs\Microsoft.WindowsDesktop.App.Ref\10.0.3\ref\net10.0\System.Windows.Presentation.dll" /reference:"C:\Program Files\dotnet\packs\Microsoft.WindowsDesktop.App.Ref\10.0.3\ref\net10.0\System.Windows.Primitives.dll" /reference:"C:\Program Files\dotnet\packs\Microsoft.WindowsDesktop.App.Ref\10.0.3\ref\net10.0\System.Xaml.dll" /reference:"C:\Program Files\dotnet\packs\Microsoft.NETCore.App.Ref\10.0.3\ref\net10.0\System.Xml.dll" /reference:"C:\Program Files\dotnet\packs\Microsoft.NETCore.App.Ref\10.0.3\ref\net10.0\System.Xml.Linq.dll" /reference:"C:\Program Files\dotnet\packs\Microsoft.NETCore.App.Ref\10.0.3\ref\net10.0\System.Xml.ReaderWriter.dll" /reference:"C:\Program Files\dotnet\packs\Microsoft.NETCore.App.Ref\10.0.3\ref\net10.0\System.Xml.Serialization.dll" /reference:"C:\Program Files\dotnet\packs\Microsoft.NETCore.App.Ref\10.0.3\ref\net10.0\System.Xml.XDocument.dll" /reference:"C:\Program Files\dotnet\packs\Microsoft.NETCore.App.Ref\10.0.3\ref\net10.0\System.Xml.XmlDocument.dll" /reference:"C:\Program Files\dotnet\packs\Microsoft.NETCore.App.Ref\10.0.3\ref\net10.0\System.Xml.XmlSerializer.dll" /reference:"C:\Program Files\dotnet\packs\Microsoft.NETCore.App.Ref\10.0.3\ref\net10.0\System.Xml.XPath.dll" /reference:"C:\Program Files\dotnet\packs\Microsoft.NETCore.App.Ref\10.0.3\ref\net10.0\System.Xml.XPath.XDocument.dll" /reference:c:\Apps\TicketConsolidator\src\TicketConsolidator.Application\bin\Debug\net10.0\TicketConsolidator.Application.dll /reference:c:\Apps\TicketConsolidator\src\TicketConsolidator.Domain\bin\Debug\net10.0\TicketConsolidator.Domain.dll /reference:c:\Apps\TicketConsolidator\src\TicketConsolidator.Infrastructure\bin\Debug\net10.0-windows\TicketConsolidator.Infrastructure.dll /reference:"C:\Program Files\dotnet\packs\Microsoft.WindowsDesktop.App.Ref\10.0.3\ref\net10.0\UIAutomationClient.dll" /reference:"C:\Program Files\dotnet\packs\Microsoft.WindowsDesktop.App.Ref\10.0.3\ref\net10.0\UIAutomationClientSideProviders.dll" /reference:"C:\Program Files\dotnet\packs\Microsoft.WindowsDesktop.App.Ref\10.0.3\ref\net10.0\UIAutomationProvider.dll" /reference:"C:\Program Files\dotnet\packs\Microsoft.WindowsDesktop.App.Ref\10.0.3\ref\net10.0\UIAutomationTypes.dll" /reference:"C:\Program Files\dotnet\packs\Microsoft.WindowsDesktop.App.Ref\10.0.3\ref\net10.0\WindowsBase.dll" /reference:"C:\Program Files\dotnet\packs\Microsoft.WindowsDesktop.App.Ref\10.0.3\ref\net10.0\WindowsFormsIntegration.dll" /features:"InterceptorsNamespaces=;Microsoft.Extensions.Validation.Generated" /debug+ /debug:portable /filealign:512 /optimize- /out:obj\Debug\net10.0-windows\TicketConsolidator.UI.dll /refout:obj\Debug\net10.0-windows\refint\TicketConsolidator.UI.dll /target:winexe /warnaserror- /utf8output /win32icon:Assets\app_icon.ico /deterministic+ /sourcelink:obj\Debug\net10.0-windows\TicketConsolidator.UI_bqhhcq12_wpftmp.sourcelink.json /langversion:14.0 /embed:c:\Apps\TicketConsolidator\src\TicketConsolidator.UI\obj\Debug\net10.0-windows\MainWindow.g.cs /embed:c:\Apps\TicketConsolidator\src\TicketConsolidator.UI\obj\Debug\net10.0-windows\Views\CodeReviewView.g.cs /embed:c:\Apps\TicketConsolidator\src\TicketConsolidator.UI\obj\Debug\net10.0-windows\Views\DashboardView.g.cs /embed:c:\Apps\TicketConsolidator\src\TicketConsolidator.UI\obj\Debug\net10.0-windows\Views\Dialogs\ConfirmationDialog.g.cs /embed:c:\Apps\TicketConsolidator\src\TicketConsolidator.UI\obj\Debug\net10.0-windows\Views\Dialogs\InfoDialog.g.cs /embed:c:\Apps\TicketConsolidator\src\TicketConsolidator.UI\obj\Debug\net10.0-windows\Views\Dialogs\InternalReleaseDialog.g.cs /embed:c:\Apps\TicketConsolidator\src\TicketConsolidator.UI\obj\Debug\net10.0-windows\Views\Dialogs\LoginDialog.g.cs /embed:c:\Apps\TicketConsolidator\src\TicketConsolidator.UI\obj\Debug\net10.0-windows\Views\Dialogs\ReleaseDetailsDialog.g.cs /embed:c:\Apps\TicketConsolidator\src\TicketConsolidator.UI\obj\Debug\net10.0-windows\Views\Dialogs\SuccessDialog.g.cs /embed:c:\Apps\TicketConsolidator\src\TicketConsolidator.UI\obj\Debug\net10.0-windows\Views\HelpView.g.cs /embed:c:\Apps\TicketConsolidator\src\TicketConsolidator.UI\obj\Debug\net10.0-windows\Views\InternalReleaseView.g.cs /embed:c:\Apps\TicketConsolidator\src\TicketConsolidator.UI\obj\Debug\net10.0-windows\Views\JiraLoginWindow.g.cs /embed:c:\Apps\TicketConsolidator\src\TicketConsolidator.UI\obj\Debug\net10.0-windows\Views\LogsView.g.cs /embed:c:\Apps\TicketConsolidator\src\TicketConsolidator.UI\obj\Debug\net10.0-windows\Views\SettingsView.g.cs /embed:c:\Apps\TicketConsolidator\src\TicketConsolidator.UI\obj\Debug\net10.0-windows\Views\TemplateEditorView.g.cs /embed:c:\Apps\TicketConsolidator\src\TicketConsolidator.UI\obj\Debug\net10.0-windows\App.g.cs /embed:c:\Apps\TicketConsolidator\src\TicketConsolidator.UI\obj\Debug\net10.0-windows\TicketConsolidator.UI_Content.g.cs /embed:c:\Apps\TicketConsolidator\src\TicketConsolidator.UI\obj\Debug\net10.0-windows\GeneratedInternalTypeHelper.g.cs /embed:"obj\Debug\net10.0-windows\.NETCoreApp,Version=v10.0.AssemblyAttributes.cs" /embed:obj\Debug\net10.0-windows\TicketConsolidator.UI_bqhhcq12_wpftmp.AssemblyInfo.cs /embed:obj\Debug\net10.0-windows\TicketConsolidator.UI_bqhhcq12_wpftmp.GlobalUsings.g.cs /analyzerconfig:obj\Debug\net10.0-windows\TicketConsolidator.UI_bqhhcq12_wpftmp.GeneratedMSBuildEditorConfig.editorconfig /analyzerconfig:"C:\Program Files\dotnet\sdk\10.0.103\Sdks\Microsoft.NET.Sdk\analyzers\build\config\analysislevel_10_default.globalconfig" /analyzer:"C:\Program Files\dotnet\sdk\10.0.103\Sdks\Microsoft.NET.Sdk\targets\..\analyzers\Microsoft.CodeAnalysis.CSharp.NetAnalyzers.dll" /analyzer:"C:\Program Files\dotnet\sdk\10.0.103\Sdks\Microsoft.NET.Sdk\targets\..\analyzers\Microsoft.CodeAnalysis.NetAnalyzers.dll" /analyzer:"C:\Program Files\dotnet\packs\Microsoft.NETCore.App.Ref\10.0.3\analyzers/dotnet/cs/Microsoft.Interop.ComInterfaceGenerator.dll" /analyzer:"C:\Program Files\dotnet\packs\Microsoft.NETCore.App.Ref\10.0.3\analyzers/dotnet/cs/Microsoft.Interop.JavaScript.JSImportGenerator.dll" /analyzer:"C:\Program Files\dotnet\packs\Microsoft.NETCore.App.Ref\10.0.3\analyzers/dotnet/cs/Microsoft.Interop.LibraryImportGenerator.dll" /analyzer:"C:\Program Files\dotnet\packs\Microsoft.NETCore.App.Ref\10.0.3\analyzers/dotnet/cs/Microsoft.Interop.SourceGeneration.dll" /analyzer:"C:\Program Files\dotnet\packs\Microsoft.NETCore.App.Ref\10.0.3\analyzers/dotnet/cs/System.Text.Json.SourceGeneration.dll" /analyzer:"C:\Program Files\dotnet\packs\Microsoft.NETCore.App.Ref\10.0.3\analyzers/dotnet/cs/System.Text.RegularExpressions.Generator.dll" /analyzer:"C:\Program Files\dotnet\packs\Microsoft.WindowsDesktop.App.Ref\10.0.3\analyzers/dotnet/System.Windows.Forms.Analyzers.dll" /analyzer:"C:\Program Files\dotnet\packs\Microsoft.WindowsDesktop.App.Ref\10.0.3\analyzers/dotnet/cs/System.Windows.Forms.Analyzers.CSharp.dll" /analyzer:"C:\Program Files\dotnet\packs\Microsoft.WindowsDesktop.App.Ref\10.0.3\analyzers/dotnet/cs/System.Windows.Forms.Analyzers.CodeFixes.CSharp.dll" App.xaml.cs AssemblyInfo.cs CodeReviewViewModel.cs ColorToBrushConverter.cs DashboardViewModel.cs Helpers\InverseBooleanConverter.cs Helpers\InverseBooleanToVisibilityConverter.cs HelpViewModel.cs InternalReleaseViewModel.cs LogsViewModel.cs MainWindow.xaml.cs MainWindowViewModel.cs RelayCommand.cs ScriptItemViewModel.cs Security\SecurityHelper.cs SettingsViewModel.cs TemplateEditorViewModel.cs ViewModels\Dialogs\SuccessDialogViewModel.cs ViewModels\ReleaseDetailsViewModel.cs Views\CodeReviewView.xaml.cs Views\DashboardView.xaml.cs Views\Dialogs\ConfirmationDialog.xaml.cs Views\Dialogs\InfoDialog.xaml.cs Views\Dialogs\InternalReleaseDialog.xaml.cs Views\Dialogs\InternalReleaseDialogViewModel.cs Views\Dialogs\LoginDialog.xaml.cs Views\Dialogs\ReleaseDetailsDialog.xaml.cs Views\Dialogs\SuccessDialog.xaml.cs Views\HelpView.xaml.cs Views\InternalReleaseView.xaml.cs Views\JiraLoginWindow.xaml.cs Views\LogsView.xaml.cs Views\SettingsView.xaml.cs Views\TemplateEditorView.xaml.cs c:\Apps\TicketConsolidator\src\TicketConsolidator.UI\obj\Debug\net10.0-windows\MainWindow.g.cs c:\Apps\TicketConsolidator\src\TicketConsolidator.UI\obj\Debug\net10.0-windows\Views\CodeReviewView.g.cs c:\Apps\TicketConsolidator\src\TicketConsolidator.UI\obj\Debug\net10.0-windows\Views\DashboardView.g.cs c:\Apps\TicketConsolidator\src\TicketConsolidator.UI\obj\Debug\net10.0-windows\Views\Dialogs\ConfirmationDialog.g.cs c:\Apps\TicketConsolidator\src\TicketConsolidator.UI\obj\Debug\net10.0-windows\Views\Dialogs\InfoDialog.g.cs c:\Apps\TicketConsolidator\src\TicketConsolidator.UI\obj\Debug\net10.0-windows\Views\Dialogs\InternalReleaseDialog.g.cs c:\Apps\TicketConsolidator\src\TicketConsolidator.UI\obj\Debug\net10.0-windows\Views\Dialogs\LoginDialog.g.cs c:\Apps\TicketConsolidator\src\TicketConsolidator.UI\obj\Debug\net10.0-windows\Views\Dialogs\ReleaseDetailsDialog.g.cs c:\Apps\TicketConsolidator\src\TicketConsolidator.UI\obj\Debug\net10.0-windows\Views\Dialogs\SuccessDialog.g.cs c:\Apps\TicketConsolidator\src\TicketConsolidator.UI\obj\Debug\net10.0-windows\Views\HelpView.g.cs c:\Apps\TicketConsolidator\src\TicketConsolidator.UI\obj\Debug\net10.0-windows\Views\InternalReleaseView.g.cs c:\Apps\TicketConsolidator\src\TicketConsolidator.UI\obj\Debug\net10.0-windows\Views\JiraLoginWindow.g.cs c:\Apps\TicketConsolidator\src\TicketConsolidator.UI\obj\Debug\net10.0-windows\Views\LogsView.g.cs c:\Apps\TicketConsolidator\src\TicketConsolidator.UI\obj\Debug\net10.0-windows\Views\SettingsView.g.cs c:\Apps\TicketConsolidator\src\TicketConsolidator.UI\obj\Debug\net10.0-windows\Views\TemplateEditorView.g.cs c:\Apps\TicketConsolidator\src\TicketConsolidator.UI\obj\Debug\net10.0-windows\App.g.cs c:\Apps\TicketConsolidator\src\TicketConsolidator.UI\obj\Debug\net10.0-windows\TicketConsolidator.UI_Content.g.cs c:\Apps\TicketConsolidator\src\TicketConsolidator.UI\obj\Debug\net10.0-windows\GeneratedInternalTypeHelper.g.cs "obj\Debug\net10.0-windows\.NETCoreApp,Version=v10.0.AssemblyAttributes.cs" obj\Debug\net10.0-windows\TicketConsolidator.UI_bqhhcq12_wpftmp.AssemblyInfo.cs obj\Debug\net10.0-windows\TicketConsolidator.UI_bqhhcq12_wpftmp.GlobalUsings.g.cs /warnaserror+:NU1605,SYSLIB0011
         Compilation request TicketConsolidator.UI_bqhhcq12_wpftmp (net10.0-windows), PathToTool=C:\Program Files\dotnet\sdk\10.0.103\Roslyn\bincore\csc.exe
         CommandLine = ' /noconfig'
         BuildResponseFile = '/unsafe- /checked- /nowarn:NU1701,1701,1702 /fullpaths /nostdlib+ /platform:x64 /errorreport:prompt /warn:10 /define:TRACE;DEBUG;NET;NET10_0;NETCOREAPP;WINDOWS;WINDOWS7_0;NET5_0_OR_GREATER;NET6_0_OR_GREATER;NET7_0_OR_GREATER;NET8_0_OR_GREATER;NET9_0_OR_GREATER;NET10_0_OR_GREATER;NETCOREAPP3_0_OR_GREATER;NETCOREAPP3_1_OR_GREATER;WINDOWS7_0_OR_GREATER /highentropyva+ /nullable:disable /reference:"C:\Program Files\dotnet\packs\Microsoft.WindowsDesktop.App.Ref\10.0.3\ref\net10.0\Accessibility.dll" /reference:C:\Users\krish.maniar.ATPL-LAP-723\.nuget\packages\avalonedit\6.3.1.120\lib\net8.0-windows7.0\ICSharpCode.AvalonEdit.dll /reference:C:\Users\krish.maniar.ATPL-LAP-723\.nuget\packages\materialdesigncolors\2.1.4\lib\net7.0\MaterialDesignColors.dll /reference:C:\Users\krish.maniar.ATPL-LAP-723\.nuget\packages\materialdesignthemes\4.9.0\lib\net7.0\MaterialDesignThemes.Wpf.dll /reference:"C:\Program Files\dotnet\packs\Microsoft.NETCore.App.Ref\10.0.3\ref\net10.0\Microsoft.CSharp.dll" /reference:C:\Users\krish.maniar.ATPL-LAP-723\.nuget\packages\microsoft.extensions.configuration.abstractions\10.0.1\lib\net10.0\Microsoft.Extensions.Configuration.Abstractions.dll /reference:C:\Users\krish.maniar.ATPL-LAP-723\.nuget\packages\microsoft.extensions.configuration.binder\10.0.1\lib\net10.0\Microsoft.Extensions.Configuration.Binder.dll /reference:C:\Users\krish.maniar.ATPL-LAP-723\.nuget\packages\microsoft.extensions.configuration\10.0.1\lib\net10.0\Microsoft.Extensions.Configuration.dll /reference:C:\Users\krish.maniar.ATPL-LAP-723\.nuget\packages\microsoft.extensions.configuration.fileextensions\10.0.1\lib\net10.0\Microsoft.Extensions.Configuration.FileExtensions.dll /reference:C:\Users\krish.maniar.ATPL-LAP-723\.nuget\packages\microsoft.extensions.configuration.json\10.0.1\lib\net10.0\Microsoft.Extensions.Configuration.Json.dll /reference:C:\Users\krish.maniar.ATPL-LAP-723\.nuget\packages\microsoft.extensions.dependencyinjection.abstractions\10.0.1\lib\net10.0\Microsoft.Extensions.DependencyInjection.Abstractions.dll /reference:C:\Users\krish.maniar.ATPL-LAP-723\.nuget\packages\microsoft.extensions.dependencyinjection\10.0.1\lib\net10.0\Microsoft.Extensions.DependencyInjection.dll /reference:C:\Users\krish.maniar.ATPL-LAP-723\.nuget\packages\microsoft.extensions.fileproviders.abstractions\10.0.1\lib\net10.0\Microsoft.Extensions.FileProviders.Abstractions.dll /reference:C:\Users\krish.maniar.ATPL-LAP-723\.nuget\packages\microsoft.extensions.fileproviders.physical\10.0.1\lib\net10.0\Microsoft.Extensions.FileProviders.Physical.dll /reference:C:\Users\krish.maniar.ATPL-LAP-723\.nuget\packages\microsoft.extensions.filesystemglobbing\10.0.1\lib\net10.0\Microsoft.Extensions.FileSystemGlobbing.dll /reference:C:\Users\krish.maniar.ATPL-LAP-723\.nuget\packages\microsoft.extensions.primitives\10.0.1\lib\net10.0\Microsoft.Extensions.Primitives.dll /reference:"C:\Program Files\dotnet\packs\Microsoft.NETCore.App.Ref\10.0.3\ref\net10.0\Microsoft.VisualBasic.Core.dll" /reference:"C:\Program Files\dotnet\packs\Microsoft.WindowsDesktop.App.Ref\10.0.3\ref\net10.0\Microsoft.VisualBasic.dll" /reference:"C:\Program Files\dotnet\packs\Microsoft.WindowsDesktop.App.Ref\10.0.3\ref\net10.0\Microsoft.VisualBasic.Forms.dll" /reference:C:\Users\krish.maniar.ATPL-LAP-723\.nuget\packages\microsoft.web.webview2\1.0.3800.47\lib_manual\netcoreapp3.0\Microsoft.Web.WebView2.Core.dll /reference:C:\Users\krish.maniar.ATPL-LAP-723\.nuget\packages\microsoft.web.webview2\1.0.3800.47\lib_manual\netcoreapp3.0\Microsoft.Web.WebView2.WinForms.dll /reference:C:\Users\krish.maniar.ATPL-LAP-723\.nuget\packages\microsoft.web.webview2\1.0.3800.47\lib_manual\net5.0-windows10.0.17763.0\Microsoft.Web.WebView2.Wpf.dll /reference:"C:\Program Files\dotnet\packs\Microsoft.NETCore.App.Ref\10.0.3\ref\net10.0\Microsoft.Win32.Primitives.dll" /reference:"C:\Program Files\dotnet\packs\Microsoft.WindowsDesktop.App.Ref\10.0.3\ref\net10.0\Microsoft.Win32.Registry.AccessControl.dll" /reference:"C:\Program Files\dotnet\packs\Microsoft.NETCore.App.Ref\10.0.3\ref\net10.0\Microsoft.Win32.Registry.dll" /reference:"C:\Program Files\dotnet\packs\Microsoft.WindowsDesktop.App.Ref\10.0.3\ref\net10.0\Microsoft.Win32.SystemEvents.dll" /reference:C:\Users\krish.maniar.ATPL-LAP-723\.nuget\packages\microsoft.xaml.behaviors.wpf\1.1.135\lib\net6.0-windows7.0\Microsoft.Xaml.Behaviors.dll /reference:"C:\Program Files\dotnet\packs\Microsoft.NETCore.App.Ref\10.0.3\ref\net10.0\mscorlib.dll" /reference:"C:\Program Files\dotnet\packs\Microsoft.NETCore.App.Ref\10.0.3\ref\net10.0\netstandard.dll" /reference:"C:\Program Files\dotnet\packs\Microsoft.WindowsDesktop.App.Ref\10.0.3\ref\net10.0\PresentationCore.dll" /reference:"C:\Program Files\dotnet\packs\Microsoft.WindowsDesktop.App.Ref\10.0.3\ref\net10.0\PresentationFramework.Aero.dll" /reference:"C:\Program Files\dotnet\packs\Microsoft.WindowsDesktop.App.Ref\10.0.3\ref\net10.0\PresentationFramework.Aero2.dll" /reference:"C:\Program Files\dotnet\packs\Microsoft.WindowsDesktop.App.Ref\10.0.3\ref\net10.0\PresentationFramework.AeroLite.dll" /reference:"C:\Program Files\dotnet\packs\Microsoft.WindowsDesktop.App.Ref\10.0.3\ref\net10.0\PresentationFramework.Classic.dll" /reference:"C:\Program Files\dotnet\packs\Microsoft.WindowsDesktop.App.Ref\10.0.3\ref\net10.0\PresentationFramework.dll" /reference:"C:\Program Files\dotnet\packs\Microsoft.WindowsDesktop.App.Ref\10.0.3\ref\net10.0\PresentationFramework.Luna.dll" /reference:"C:\Program Files\dotnet\packs\Microsoft.WindowsDesktop.App.Ref\10.0.3\ref\net10.0\PresentationFramework.Royale.dll" /reference:"C:\Program Files\dotnet\packs\Microsoft.WindowsDesktop.App.Ref\10.0.3\ref\net10.0\PresentationUI.dll" /reference:"C:\Program Files\dotnet\packs\Microsoft.WindowsDesktop.App.Ref\10.0.3\ref\net10.0\ReachFramework.dll" /reference:"C:\Program Files\dotnet\packs\Microsoft.NETCore.App.Ref\10.0.3\ref\net10.0\System.AppContext.dll" /reference:"C:\Program Files\dotnet\packs\Microsoft.NETCore.App.Ref\10.0.3\ref\net10.0\System.Buffers.dll" /reference:"C:\Program Files\dotnet\packs\Microsoft.WindowsDesktop.App.Ref\10.0.3\ref\net10.0\System.CodeDom.dll" /reference:"C:\Program Files\dotnet\packs\Microsoft.NETCore.App.Ref\10.0.3\ref\net10.0\System.Collections.Concurrent.dll" /reference:"C:\Program Files\dotnet\packs\Microsoft.NETCore.App.Ref\10.0.3\ref\net10.0\System.Collections.dll" /reference:"C:\Program Files\dotnet\packs\Microsoft.NETCore.App.Ref\10.0.3\ref\net10.0\System.Collections.Immutable.dll" /reference:"C:\Program Files\dotnet\packs\Microsoft.NETCore.App.Ref\10.0.3\ref\net10.0\System.Collections.NonGeneric.dll" /reference:"C:\Program Files\dotnet\packs\Microsoft.NETCore.App.Ref\10.0.3\ref\net10.0\System.Collections.Specialized.dll" /reference:"C:\Program Files\dotnet\packs\Microsoft.NETCore.App.Ref\10.0.3\ref\net10.0\System.ComponentModel.Annotations.dll" /reference:"C:\Program Files\dotnet\packs\Microsoft.NETCore.App.Ref\10.0.3\ref\net10.0\System.ComponentModel.DataAnnotations.dll" /reference:"C:\Program Files\dotnet\packs\Microsoft.NETCore.App.Ref\10.0.3\ref\net10.0\System.ComponentModel.dll" /reference:"C:\Program Files\dotnet\packs\Microsoft.NETCore.App.Ref\10.0.3\ref\net10.0\System.ComponentModel.EventBasedAsync.dll" /reference:"C:\Program Files\dotnet\packs\Microsoft.NETCore.App.Ref\10.0.3\ref\net10.0\System.ComponentModel.Primitives.dll" /reference:"C:\Program Files\dotnet\packs\Microsoft.NETCore.App.Ref\10.0.3\ref\net10.0\System.ComponentModel.TypeConverter.dll" /reference:"C:\Program Files\dotnet\packs\Microsoft.WindowsDesktop.App.Ref\10.0.3\ref\net10.0\System.Configuration.ConfigurationManager.dll" /reference:"C:\Program Files\dotnet\packs\Microsoft.NETCore.App.Ref\10.0.3\ref\net10.0\System.Configuration.dll" /reference:"C:\Program Files\dotnet\packs\Microsoft.NETCore.App.Ref\10.0.3\ref\net10.0\System.Console.dll" /reference:"C:\Program Files\dotnet\packs\Microsoft.NETCore.App.Ref\10.0.3\ref\net10.0\System.Core.dll" /reference:"C:\Program Files\dotnet\packs\Microsoft.NETCore.App.Ref\10.0.3\ref\net10.0\System.Data.Common.dll" /reference:"C:\Program Files\dotnet\packs\Microsoft.NETCore.App.Ref\10.0.3\ref\net10.0\System.Data.DataSetExtensions.dll" /reference:"C:\Program Files\dotnet\packs\Microsoft.NETCore.App.Ref\10.0.3\ref\net10.0\System.Data.dll" /reference:C:\Users\krish.maniar.ATPL-LAP-723\.nuget\packages\system.data.sqlclient\4.9.0\lib\net8.0\System.Data.SqlClient.dll /reference:"C:\Program Files\dotnet\packs\Microsoft.WindowsDesktop.App.Ref\10.0.3\ref\net10.0\System.Design.dll" /reference:"C:\Program Files\dotnet\packs\Microsoft.NETCore.App.Ref\10.0.3\ref\net10.0\System.Diagnostics.Contracts.dll" /reference:"C:\Program Files\dotnet\packs\Microsoft.NETCore.App.Ref\10.0.3\ref\net10.0\System.Diagnostics.Debug.dll" /reference:"C:\Program Files\dotnet\packs\Microsoft.NETCore.App.Ref\10.0.3\ref\net10.0\System.Diagnostics.DiagnosticSource.dll" /reference:"C:\Program Files\dotnet\packs\Microsoft.WindowsDesktop.App.Ref\10.0.3\ref\net10.0\System.Diagnostics.EventLog.dll" /reference:"C:\Program Files\dotnet\packs\Microsoft.NETCore.App.Ref\10.0.3\ref\net10.0\System.Diagnostics.FileVersionInfo.dll" /reference:"C:\Program Files\dotnet\packs\Microsoft.WindowsDesktop.App.Ref\10.0.3\ref\net10.0\System.Diagnostics.PerformanceCounter.dll" /reference:"C:\Program Files\dotnet\packs\Microsoft.NETCore.App.Ref\10.0.3\ref\net10.0\System.Diagnostics.Process.dll" /reference:"C:\Program Files\dotnet\packs\Microsoft.NETCore.App.Ref\10.0.3\ref\net10.0\System.Diagnostics.StackTrace.dll" /reference:"C:\Program Files\dotnet\packs\Microsoft.NETCore.App.Ref\10.0.3\ref\net10.0\System.Diagnostics.TextWriterTraceListener.dll" /reference:"C:\Program Files\dotnet\packs\Microsoft.NETCore.App.Ref\10.0.3\ref\net10.0\System.Diagnostics.Tools.dll" /reference:"C:\Program Files\dotnet\packs\Microsoft.NETCore.App.Ref\10.0.3\ref\net10.0\System.Diagnostics.TraceSource.dll" /reference:"C:\Program Files\dotnet\packs\Microsoft.NETCore.App.Ref\10.0.3\ref\net10.0\System.Diagnostics.Tracing.dll" /reference:"C:\Program Files\dotnet\packs\Microsoft.WindowsDesktop.App.Ref\10.0.3\ref\net10.0\System.DirectoryServices.dll" /reference:"C:\Program Files\dotnet\packs\Microsoft.NETCore.App.Ref\10.0.3\ref\net10.0\System.dll" /reference:"C:\Program Files\dotnet\packs\Microsoft.WindowsDesktop.App.Ref\10.0.3\ref\net10.0\System.Drawing.Common.dll" /reference:"C:\Program Files\dotnet\packs\Microsoft.WindowsDesktop.App.Ref\10.0.3\ref\net10.0\System.Drawing.Design.dll" /reference:"C:\Program Files\dotnet\packs\Microsoft.WindowsDesktop.App.Ref\10.0.3\ref\net10.0\System.Drawing.dll" /reference:"C:\Program Files\dotnet\packs\Microsoft.NETCore.App.Ref\10.0.3\ref\net10.0\System.Drawing.Primitives.dll" /reference:"C:\Program Files\dotnet\packs\Microsoft.NETCore.App.Ref\10.0.3\ref\net10.0\System.Dynamic.Runtime.dll" /reference:"C:\Program Files\dotnet\packs\Microsoft.NETCore.App.Ref\10.0.3\ref\net10.0\System.Formats.Asn1.dll" /reference:"C:\Program Files\dotnet\packs\Microsoft.WindowsDesktop.App.Ref\10.0.3\ref\net10.0\System.Formats.Nrbf.dll" /reference:"C:\Program Files\dotnet\packs\Microsoft.NETCore.App.Ref\10.0.3\ref\net10.0\System.Formats.Tar.dll" /reference:"C:\Program Files\dotnet\packs\Microsoft.NETCore.App.Ref\10.0.3\ref\net10.0\System.Globalization.Calendars.dll" /reference:"C:\Program Files\dotnet\packs\Microsoft.NETCore.App.Ref\10.0.3\ref\net10.0\System.Globalization.dll" /reference:"C:\Program Files\dotnet\packs\Microsoft.NETCore.App.Ref\10.0.3\ref\net10.0\System.Globalization.Extensions.dll" /reference:"C:\Program Files\dotnet\packs\Microsoft.NETCore.App.Ref\10.0.3\ref\net10.0\System.IO.Compression.Brotli.dll" /reference:"C:\Program Files\dotnet\packs\Microsoft.NETCore.App.Ref\10.0.3\ref\net10.0\System.IO.Compression.dll" /reference:"C:\Program Files\dotnet\packs\Microsoft.NETCore.App.Ref\10.0.3\ref\net10.0\System.IO.Compression.FileSystem.dll" /reference:"C:\Program Files\dotnet\packs\Microsoft.NETCore.App.Ref\10.0.3\ref\net10.0\System.IO.Compression.ZipFile.dll" /reference:"C:\Program Files\dotnet\packs\Microsoft.NETCore.App.Ref\10.0.3\ref\net10.0\System.IO.dll" /reference:"C:\Program Files\dotnet\packs\Microsoft.NETCore.App.Ref\10.0.3\ref\net10.0\System.IO.FileSystem.AccessControl.dll" /reference:"C:\Program Files\dotnet\packs\Microsoft.NETCore.App.Ref\10.0.3\ref\net10.0\System.IO.FileSystem.dll" /reference:"C:\Program Files\dotnet\packs\Microsoft.NETCore.App.Ref\10.0.3\ref\net10.0\System.IO.FileSystem.DriveInfo.dll" /reference:"C:\Program Files\dotnet\packs\Microsoft.NETCore.App.Ref\10.0.3\ref\net10.0\System.IO.FileSystem.Primitives.dll" /reference:"C:\Program Files\dotnet\packs\Microsoft.NETCore.App.Ref\10.0.3\ref\net10.0\System.IO.FileSystem.Watcher.dll" /reference:"C:\Program Files\dotnet\packs\Microsoft.NETCore.App.Ref\10.0.3\ref\net10.0\System.IO.IsolatedStorage.dll" /reference:"C:\Program Files\dotnet\packs\Microsoft.NETCore.App.Ref\10.0.3\ref\net10.0\System.IO.MemoryMappedFiles.dll" /reference:"C:\Program Files\dotnet\packs\Microsoft.WindowsDesktop.App.Ref\10.0.3\ref\net10.0\System.IO.Packaging.dll" /reference:"C:\Program Files\dotnet\packs\Microsoft.NETCore.App.Ref\10.0.3\ref\net10.0\System.IO.Pipelines.dll" /reference:"C:\Program Files\dotnet\packs\Microsoft.NETCore.App.Ref\10.0.3\ref\net10.0\System.IO.Pipes.AccessControl.dll" /reference:"C:\Program Files\dotnet\packs\Microsoft.NETCore.App.Ref\10.0.3\ref\net10.0\System.IO.Pipes.dll" /reference:"C:\Program Files\dotnet\packs\Microsoft.NETCore.App.Ref\10.0.3\ref\net10.0\System.IO.UnmanagedMemoryStream.dll" /reference:"C:\Program Files\dotnet\packs\Microsoft.NETCore.App.Ref\10.0.3\ref\net10.0\System.Linq.AsyncEnumerable.dll" /reference:"C:\Program Files\dotnet\packs\Microsoft.NETCore.App.Ref\10.0.3\ref\net10.0\System.Linq.dll" /reference:"C:\Program Files\dotnet\packs\Microsoft.NETCore.App.Ref\10.0.3\ref\net10.0\System.Linq.Expressions.dll" /reference:"C:\Program Files\dotnet\packs\Microsoft.NETCore.App.Ref\10.0.3\ref\net10.0\System.Linq.Parallel.dll" /reference:"C:\Program Files\dotnet\packs\Microsoft.NETCore.App.Ref\10.0.3\ref\net10.0\System.Linq.Queryable.dll" /reference:"C:\Program Files\dotnet\packs\Microsoft.NETCore.App.Ref\10.0.3\ref\net10.0\System.Memory.dll" /reference:"C:\Program Files\dotnet\packs\Microsoft.NETCore.App.Ref\10.0.3\ref\net10.0\System.Net.dll" /reference:"C:\Program Files\dotnet\packs\Microsoft.NETCore.App.Ref\10.0.3\ref\net10.0\System.Net.Http.dll" /reference:"C:\Program Files\dotnet\packs\Microsoft.NETCore.App.Ref\10.0.3\ref\net10.0\System.Net.Http.Json.dll" /reference:"C:\Program Files\dotnet\packs\Microsoft.NETCore.App.Ref\10.0.3\ref\net10.0\System.Net.HttpListener.dll" /reference:"C:\Program Files\dotnet\packs\Microsoft.NETCore.App.Ref\10.0.3\ref\net10.0\System.Net.Mail.dll" /reference:"C:\Program Files\dotnet\packs\Microsoft.NETCore.App.Ref\10.0.3\ref\net10.0\System.Net.NameResolution.dll" /reference:"C:\Program Files\dotnet\packs\Microsoft.NETCore.App.Ref\10.0.3\ref\net10.0\System.Net.NetworkInformation.dll" /reference:"C:\Program Files\dotnet\packs\Microsoft.NETCore.App.Ref\10.0.3\ref\net10.0\System.Net.Ping.dll" /reference:"C:\Program Files\dotnet\packs\Microsoft.NETCore.App.Ref\10.0.3\ref\net10.0\System.Net.Primitives.dll" /reference:"C:\Program Files\dotnet\packs\Microsoft.NETCore.App.Ref\10.0.3\ref\net10.0\System.Net.Quic.dll" /reference:"C:\Program Files\dotnet\packs\Microsoft.NETCore.App.Ref\10.0.3\ref\net10.0\System.Net.Requests.dll" /reference:"C:\Program Files\dotnet\packs\Microsoft.NETCore.App.Ref\10.0.3\ref\net10.0\System.Net.Security.dll" /reference:"C:\Program Files\dotnet\packs\Microsoft.NETCore.App.Ref\10.0.3\ref\net10.0\System.Net.ServerSentEvents.dll" /reference:"C:\Program Files\dotnet\packs\Microsoft.NETCore.App.Ref\10.0.3\ref\net10.0\System.Net.ServicePoint.dll" /reference:"C:\Program Files\dotnet\packs\Microsoft.NETCore.App.Ref\10.0.3\ref\net10.0\System.Net.Sockets.dll" /reference:"C:\Program Files\dotnet\packs\Microsoft.NETCore.App.Ref\10.0.3\ref\net10.0\System.Net.WebClient.dll" /reference:"C:\Program Files\dotnet\packs\Microsoft.NETCore.App.Ref\10.0.3\ref\net10.0\System.Net.WebHeaderCollection.dll" /reference:"C:\Program Files\dotnet\packs\Microsoft.NETCore.App.Ref\10.0.3\ref\net10.0\System.Net.WebProxy.dll" /reference:"C:\Program Files\dotnet\packs\Microsoft.NETCore.App.Ref\10.0.3\ref\net10.0\System.Net.WebSockets.Client.dll" /reference:"C:\Program Files\dotnet\packs\Microsoft.NETCore.App.Ref\10.0.3\ref\net10.0\System.Net.WebSockets.dll" /reference:"C:\Program Files\dotnet\packs\Microsoft.NETCore.App.Ref\10.0.3\ref\net10.0\System.Numerics.dll" /reference:"C:\Program Files\dotnet\packs\Microsoft.NETCore.App.Ref\10.0.3\ref\net10.0\System.Numerics.Vectors.dll" /reference:"C:\Program Files\dotnet\packs\Microsoft.NETCore.App.Ref\10.0.3\ref\net10.0\System.ObjectModel.dll" /reference:"C:\Program Files\dotnet\packs\Microsoft.WindowsDesktop.App.Ref\10.0.3\ref\net10.0\System.Printing.dll" /reference:"C:\Program Files\dotnet\packs\Microsoft.WindowsDesktop.App.Ref\10.0.3\ref\net10.0\System.Private.Windows.Core.dll" /reference:"C:\Program Files\dotnet\packs\Microsoft.WindowsDesktop.App.Ref\10.0.3\ref\net10.0\System.Private.Windows.GdiPlus.dll" /reference:"C:\Program Files\dotnet\packs\Microsoft.NETCore.App.Ref\10.0.3\ref\net10.0\System.Reflection.DispatchProxy.dll" /reference:"C:\Program Files\dotnet\packs\Microsoft.NETCore.App.Ref\10.0.3\ref\net10.0\System.Reflection.dll" /reference:"C:\Program Files\dotnet\packs\Microsoft.NETCore.App.Ref\10.0.3\ref\net10.0\System.Reflection.Emit.dll" /reference:"C:\Program Files\dotnet\packs\Microsoft.NETCore.App.Ref\10.0.3\ref\net10.0\System.Reflection.Emit.ILGeneration.dll" /reference:"C:\Program Files\dotnet\packs\Microsoft.NETCore.App.Ref\10.0.3\ref\net10.0\System.Reflection.Emit.Lightweight.dll" /reference:"C:\Program Files\dotnet\packs\Microsoft.NETCore.App.Ref\10.0.3\ref\net10.0\System.Reflection.Extensions.dll" /reference:"C:\Program Files\dotnet\packs\Microsoft.NETCore.App.Ref\10.0.3\ref\net10.0\System.Reflection.Metadata.dll" /reference:"C:\Program Files\dotnet\packs\Microsoft.NETCore.App.Ref\10.0.3\ref\net10.0\System.Reflection.Primitives.dll" /reference:"C:\Program Files\dotnet\packs\Microsoft.NETCore.App.Ref\10.0.3\ref\net10.0\System.Reflection.TypeExtensions.dll" /reference:"C:\Program Files\dotnet\packs\Microsoft.WindowsDesktop.App.Ref\10.0.3\ref\net10.0\System.Resources.Extensions.dll" /reference:"C:\Program Files\dotnet\packs\Microsoft.NETCore.App.Ref\10.0.3\ref\net10.0\System.Resources.Reader.dll" /reference:"C:\Program Files\dotnet\packs\Microsoft.NETCore.App.Ref\10.0.3\ref\net10.0\System.Resources.ResourceManager.dll" /reference:"C:\Program Files\dotnet\packs\Microsoft.NETCore.App.Ref\10.0.3\ref\net10.0\System.Resources.Writer.dll" /reference:"C:\Program Files\dotnet\packs\Microsoft.NETCore.App.Ref\10.0.3\ref\net10.0\System.Runtime.CompilerServices.Unsafe.dll" /reference:"C:\Program Files\dotnet\packs\Microsoft.NETCore.App.Ref\10.0.3\ref\net10.0\System.Runtime.CompilerServices.VisualC.dll" /reference:"C:\Program Files\dotnet\packs\Microsoft.NETCore.App.Ref\10.0.3\ref\net10.0\System.Runtime.dll" /reference:"C:\Program Files\dotnet\packs\Microsoft.NETCore.App.Ref\10.0.3\ref\net10.0\System.Runtime.Extensions.dll" /reference:"C:\Program Files\dotnet\packs\Microsoft.NETCore.App.Ref\10.0.3\ref\net10.0\System.Runtime.Handles.dll" /reference:"C:\Program Files\dotnet\packs\Microsoft.NETCore.App.Ref\10.0.3\ref\net10.0\System.Runtime.InteropServices.dll" /reference:"C:\Program Files\dotnet\packs\Microsoft.NETCore.App.Ref\10.0.3\ref\net10.0\System.Runtime.InteropServices.JavaScript.dll" /reference:"C:\Program Files\dotnet\packs\Microsoft.NETCore.App.Ref\10.0.3\ref\net10.0\System.Runtime.InteropServices.RuntimeInformation.dll" /reference:"C:\Program Files\dotnet\packs\Microsoft.NETCore.App.Ref\10.0.3\ref\net10.0\System.Runtime.Intrinsics.dll" /reference:"C:\Program Files\dotnet\packs\Microsoft.NETCore.App.Ref\10.0.3\ref\net10.0\System.Runtime.Loader.dll" /reference:"C:\Program Files\dotnet\packs\Microsoft.NETCore.App.Ref\10.0.3\ref\net10.0\System.Runtime.Numerics.dll" /reference:"C:\Program Files\dotnet\packs\Microsoft.NETCore.App.Ref\10.0.3\ref\net10.0\System.Runtime.Serialization.dll" /reference:"C:\Program Files\dotnet\packs\Microsoft.NETCore.App.Ref\10.0.3\ref\net10.0\System.Runtime.Serialization.Formatters.dll" /reference:"C:\Program Files\dotnet\packs\Microsoft.NETCore.App.Ref\10.0.3\ref\net10.0\System.Runtime.Serialization.Json.dll" /reference:"C:\Program Files\dotnet\packs\Microsoft.NETCore.App.Ref\10.0.3\ref\net10.0\System.Runtime.Serialization.Primitives.dll" /reference:"C:\Program Files\dotnet\packs\Microsoft.NETCore.App.Ref\10.0.3\ref\net10.0\System.Runtime.Serialization.Xml.dll" /reference:"C:\Program Files\dotnet\packs\Microsoft.NETCore.App.Ref\10.0.3\ref\net10.0\System.Security.AccessControl.dll" /reference:"C:\Program Files\dotnet\packs\Microsoft.NETCore.App.Ref\10.0.3\ref\net10.0\System.Security.Claims.dll" /reference:"C:\Program Files\dotnet\packs\Microsoft.NETCore.App.Ref\10.0.3\ref\net10.0\System.Security.Cryptography.Algorithms.dll" /reference:"C:\Program Files\dotnet\packs\Microsoft.NETCore.App.Ref\10.0.3\ref\net10.0\System.Security.Cryptography.Cng.dll" /reference:"C:\Program Files\dotnet\packs\Microsoft.NETCore.App.Ref\10.0.3\ref\net10.0\System.Security.Cryptography.Csp.dll" /reference:"C:\Program Files\dotnet\packs\Microsoft.NETCore.App.Ref\10.0.3\ref\net10.0\System.Security.Cryptography.dll" /reference:"C:\Program Files\dotnet\packs\Microsoft.NETCore.App.Ref\10.0.3\ref\net10.0\System.Security.Cryptography.Encoding.dll" /reference:"C:\Program Files\dotnet\packs\Microsoft.NETCore.App.Ref\10.0.3\ref\net10.0\System.Security.Cryptography.OpenSsl.dll" /reference:"C:\Program Files\dotnet\packs\Microsoft.WindowsDesktop.App.Ref\10.0.3\ref\net10.0\System.Security.Cryptography.Pkcs.dll" /reference:"C:\Program Files\dotnet\packs\Microsoft.NETCore.App.Ref\10.0.3\ref\net10.0\System.Security.Cryptography.Primitives.dll" /reference:"C:\Program Files\dotnet\packs\Microsoft.WindowsDesktop.App.Ref\10.0.3\ref\net10.0\System.Security.Cryptography.ProtectedData.dll" /reference:"C:\Program Files\dotnet\packs\Microsoft.NETCore.App.Ref\10.0.3\ref\net10.0\System.Security.Cryptography.X509Certificates.dll" /reference:"C:\Program Files\dotnet\packs\Microsoft.WindowsDesktop.App.Ref\10.0.3\ref\net10.0\System.Security.Cryptography.Xml.dll" /reference:"C:\Program Files\dotnet\packs\Microsoft.NETCore.App.Ref\10.0.3\ref\net10.0\System.Security.dll" /reference:"C:\Program Files\dotnet\packs\Microsoft.WindowsDesktop.App.Ref\10.0.3\ref\net10.0\System.Security.Permissions.dll" /reference:"C:\Program Files\dotnet\packs\Microsoft.NETCore.App.Ref\10.0.3\ref\net10.0\System.Security.Principal.dll" /reference:"C:\Program Files\dotnet\packs\Microsoft.NETCore.App.Ref\10.0.3\ref\net10.0\System.Security.Principal.Windows.dll" /reference:"C:\Program Files\dotnet\packs\Microsoft.NETCore.App.Ref\10.0.3\ref\net10.0\System.Security.SecureString.dll" /reference:"C:\Program Files\dotnet\packs\Microsoft.NETCore.App.Ref\10.0.3\ref\net10.0\System.ServiceModel.Web.dll" /reference:"C:\Program Files\dotnet\packs\Microsoft.NETCore.App.Ref\10.0.3\ref\net10.0\System.ServiceProcess.dll" /reference:"C:\Program Files\dotnet\packs\Microsoft.NETCore.App.Ref\10.0.3\ref\net10.0\System.Text.Encoding.CodePages.dll" /reference:"C:\Program Files\dotnet\packs\Microsoft.NETCore.App.Ref\10.0.3\ref\net10.0\System.Text.Encoding.dll" /reference:"C:\Program Files\dotnet\packs\Microsoft.NETCore.App.Ref\10.0.3\ref\net10.0\System.Text.Encoding.Extensions.dll" /reference:"C:\Program Files\dotnet\packs\Microsoft.NETCore.App.Ref\10.0.3\ref\net10.0\System.Text.Encodings.Web.dll" /reference:"C:\Program Files\dotnet\packs\Microsoft.NETCore.App.Ref\10.0.3\ref\net10.0\System.Text.Json.dll" /reference:"C:\Program Files\dotnet\packs\Microsoft.NETCore.App.Ref\10.0.3\ref\net10.0\System.Text.RegularExpressions.dll" /reference:"C:\Program Files\dotnet\packs\Microsoft.NETCore.App.Ref\10.0.3\ref\net10.0\System.Threading.AccessControl.dll" /reference:"C:\Program Files\dotnet\packs\Microsoft.NETCore.App.Ref\10.0.3\ref\net10.0\System.Threading.Channels.dll" /reference:"C:\Program Files\dotnet\packs\Microsoft.NETCore.App.Ref\10.0.3\ref\net10.0\System.Threading.dll" /reference:"C:\Program Files\dotnet\packs\Microsoft.NETCore.App.Ref\10.0.3\ref\net10.0\System.Threading.Overlapped.dll" /reference:"C:\Program Files\dotnet\packs\Microsoft.NETCore.App.Ref\10.0.3\ref\net10.0\System.Threading.Tasks.Dataflow.dll" /reference:"C:\Program Files\dotnet\packs\Microsoft.NETCore.App.Ref\10.0.3\ref\net10.0\System.Threading.Tasks.dll" /reference:"C:\Program Files\dotnet\packs\Microsoft.NETCore.App.Ref\10.0.3\ref\net10.0\System.Threading.Tasks.Extensions.dll" /reference:"C:\Program Files\dotnet\packs\Microsoft.NETCore.App.Ref\10.0.3\ref\net10.0\System.Threading.Tasks.Parallel.dll" /reference:"C:\Program Files\dotnet\packs\Microsoft.NETCore.App.Ref\10.0.3\ref\net10.0\System.Threading.Thread.dll" /reference:"C:\Program Files\dotnet\packs\Microsoft.NETCore.App.Ref\10.0.3\ref\net10.0\System.Threading.ThreadPool.dll" /reference:"C:\Program Files\dotnet\packs\Microsoft.NETCore.App.Ref\10.0.3\ref\net10.0\System.Threading.Timer.dll" /reference:"C:\Program Files\dotnet\packs\Microsoft.NETCore.App.Ref\10.0.3\ref\net10.0\System.Transactions.dll" /reference:"C:\Program Files\dotnet\packs\Microsoft.NETCore.App.Ref\10.0.3\ref\net10.0\System.Transactions.Local.dll" /reference:"C:\Program Files\dotnet\packs\Microsoft.NETCore.App.Ref\10.0.3\ref\net10.0\System.ValueTuple.dll" /reference:"C:\Program Files\dotnet\packs\Microsoft.NETCore.App.Ref\10.0.3\ref\net10.0\System.Web.dll" /reference:"C:\Program Files\dotnet\packs\Microsoft.NETCore.App.Ref\10.0.3\ref\net10.0\System.Web.HttpUtility.dll" /reference:"C:\Program Files\dotnet\packs\Microsoft.WindowsDesktop.App.Ref\10.0.3\ref\net10.0\System.Windows.Controls.Ribbon.dll" /reference:"C:\Program Files\dotnet\packs\Microsoft.NETCore.App.Ref\10.0.3\ref\net10.0\System.Windows.dll" /reference:"C:\Program Files\dotnet\packs\Microsoft.WindowsDesktop.App.Ref\10.0.3\ref\net10.0\System.Windows.Extensions.dll" /reference:"C:\Program Files\dotnet\packs\Microsoft.WindowsDesktop.App.Ref\10.0.3\ref\net10.0\System.Windows.Forms.Design.dll" /reference:"C:\Program Files\dotnet\packs\Microsoft.WindowsDesktop.App.Ref\10.0.3\ref\net10.0\System.Windows.Forms.Design.Editors.dll" /reference:"C:\Program Files\dotnet\packs\Microsoft.WindowsDesktop.App.Ref\10.0.3\ref\net10.0\System.Windows.Forms.dll" /reference:"C:\Program Files\dotnet\packs\Microsoft.WindowsDesktop.App.Ref\10.0.3\ref\net10.0\System.Windows.Forms.Primitives.dll" /reference:"C:\Program Files\dotnet\packs\Microsoft.WindowsDesktop.App.Ref\10.0.3\ref\net10.0\System.Windows.Input.Manipulations.dll" /reference:"C:\Program Files\dotnet\packs\Microsoft.WindowsDesktop.App.Ref\10.0.3\ref\net10.0\System.Windows.Presentation.dll" /reference:"C:\Program Files\dotnet\packs\Microsoft.WindowsDesktop.App.Ref\10.0.3\ref\net10.0\System.Windows.Primitives.dll" /reference:"C:\Program Files\dotnet\packs\Microsoft.WindowsDesktop.App.Ref\10.0.3\ref\net10.0\System.Xaml.dll" /reference:"C:\Program Files\dotnet\packs\Microsoft.NETCore.App.Ref\10.0.3\ref\net10.0\System.Xml.dll" /reference:"C:\Program Files\dotnet\packs\Microsoft.NETCore.App.Ref\10.0.3\ref\net10.0\System.Xml.Linq.dll" /reference:"C:\Program Files\dotnet\packs\Microsoft.NETCore.App.Ref\10.0.3\ref\net10.0\System.Xml.ReaderWriter.dll" /reference:"C:\Program Files\dotnet\packs\Microsoft.NETCore.App.Ref\10.0.3\ref\net10.0\System.Xml.Serialization.dll" /reference:"C:\Program Files\dotnet\packs\Microsoft.NETCore.App.Ref\10.0.3\ref\net10.0\System.Xml.XDocument.dll" /reference:"C:\Program Files\dotnet\packs\Microsoft.NETCore.App.Ref\10.0.3\ref\net10.0\System.Xml.XmlDocument.dll" /reference:"C:\Program Files\dotnet\packs\Microsoft.NETCore.App.Ref\10.0.3\ref\net10.0\System.Xml.XmlSerializer.dll" /reference:"C:\Program Files\dotnet\packs\Microsoft.NETCore.App.Ref\10.0.3\ref\net10.0\System.Xml.XPath.dll" /reference:"C:\Program Files\dotnet\packs\Microsoft.NETCore.App.Ref\10.0.3\ref\net10.0\System.Xml.XPath.XDocument.dll" /reference:c:\Apps\TicketConsolidator\src\TicketConsolidator.Application\bin\Debug\net10.0\TicketConsolidator.Application.dll /reference:c:\Apps\TicketConsolidator\src\TicketConsolidator.Domain\bin\Debug\net10.0\TicketConsolidator.Domain.dll /reference:c:\Apps\TicketConsolidator\src\TicketConsolidator.Infrastructure\bin\Debug\net10.0-windows\TicketConsolidator.Infrastructure.dll /reference:"C:\Program Files\dotnet\packs\Microsoft.WindowsDesktop.App.Ref\10.0.3\ref\net10.0\UIAutomationClient.dll" /reference:"C:\Program Files\dotnet\packs\Microsoft.WindowsDesktop.App.Ref\10.0.3\ref\net10.0\UIAutomationClientSideProviders.dll" /reference:"C:\Program Files\dotnet\packs\Microsoft.WindowsDesktop.App.Ref\10.0.3\ref\net10.0\UIAutomationProvider.dll" /reference:"C:\Program Files\dotnet\packs\Microsoft.WindowsDesktop.App.Ref\10.0.3\ref\net10.0\UIAutomationTypes.dll" /reference:"C:\Program Files\dotnet\packs\Microsoft.WindowsDesktop.App.Ref\10.0.3\ref\net10.0\WindowsBase.dll" /reference:"C:\Program Files\dotnet\packs\Microsoft.WindowsDesktop.App.Ref\10.0.3\ref\net10.0\WindowsFormsIntegration.dll" /features:"InterceptorsNamespaces=;Microsoft.Extensions.Validation.Generated" /debug+ /debug:portable /filealign:512 /optimize- /out:obj\Debug\net10.0-windows\TicketConsolidator.UI.dll /refout:obj\Debug\net10.0-windows\refint\TicketConsolidator.UI.dll /target:winexe /warnaserror- /utf8output /win32icon:Assets\app_icon.ico /deterministic+ /sourcelink:obj\Debug\net10.0-windows\TicketConsolidator.UI_bqhhcq12_wpftmp.sourcelink.json /langversion:14.0 /embed:c:\Apps\TicketConsolidator\src\TicketConsolidator.UI\obj\Debug\net10.0-windows\MainWindow.g.cs /embed:c:\Apps\TicketConsolidator\src\TicketConsolidator.UI\obj\Debug\net10.0-windows\Views\CodeReviewView.g.cs /embed:c:\Apps\TicketConsolidator\src\TicketConsolidator.UI\obj\Debug\net10.0-windows\Views\DashboardView.g.cs /embed:c:\Apps\TicketConsolidator\src\TicketConsolidator.UI\obj\Debug\net10.0-windows\Views\Dialogs\ConfirmationDialog.g.cs /embed:c:\Apps\TicketConsolidator\src\TicketConsolidator.UI\obj\Debug\net10.0-windows\Views\Dialogs\InfoDialog.g.cs /embed:c:\Apps\TicketConsolidator\src\TicketConsolidator.UI\obj\Debug\net10.0-windows\Views\Dialogs\InternalReleaseDialog.g.cs /embed:c:\Apps\TicketConsolidator\src\TicketConsolidator.UI\obj\Debug\net10.0-windows\Views\Dialogs\LoginDialog.g.cs /embed:c:\Apps\TicketConsolidator\src\TicketConsolidator.UI\obj\Debug\net10.0-windows\Views\Dialogs\ReleaseDetailsDialog.g.cs /embed:c:\Apps\TicketConsolidator\src\TicketConsolidator.UI\obj\Debug\net10.0-windows\Views\Dialogs\SuccessDialog.g.cs /embed:c:\Apps\TicketConsolidator\src\TicketConsolidator.UI\obj\Debug\net10.0-windows\Views\HelpView.g.cs /embed:c:\Apps\TicketConsolidator\src\TicketConsolidator.UI\obj\Debug\net10.0-windows\Views\InternalReleaseView.g.cs /embed:c:\Apps\TicketConsolidator\src\TicketConsolidator.UI\obj\Debug\net10.0-windows\Views\JiraLoginWindow.g.cs /embed:c:\Apps\TicketConsolidator\src\TicketConsolidator.UI\obj\Debug\net10.0-windows\Views\LogsView.g.cs /embed:c:\Apps\TicketConsolidator\src\TicketConsolidator.UI\obj\Debug\net10.0-windows\Views\SettingsView.g.cs /embed:c:\Apps\TicketConsolidator\src\TicketConsolidator.UI\obj\Debug\net10.0-windows\Views\TemplateEditorView.g.cs /embed:c:\Apps\TicketConsolidator\src\TicketConsolidator.UI\obj\Debug\net10.0-windows\App.g.cs /embed:c:\Apps\TicketConsolidator\src\TicketConsolidator.UI\obj\Debug\net10.0-windows\TicketConsolidator.UI_Content.g.cs /embed:c:\Apps\TicketConsolidator\src\TicketConsolidator.UI\obj\Debug\net10.0-windows\GeneratedInternalTypeHelper.g.cs /embed:"obj\Debug\net10.0-windows\.NETCoreApp,Version=v10.0.AssemblyAttributes.cs" /embed:obj\Debug\net10.0-windows\TicketConsolidator.UI_bqhhcq12_wpftmp.AssemblyInfo.cs /embed:obj\Debug\net10.0-windows\TicketConsolidator.UI_bqhhcq12_wpftmp.GlobalUsings.g.cs /analyzerconfig:obj\Debug\net10.0-windows\TicketConsolidator.UI_bqhhcq12_wpftmp.GeneratedMSBuildEditorConfig.editorconfig /analyzerconfig:"C:\Program Files\dotnet\sdk\10.0.103\Sdks\Microsoft.NET.Sdk\analyzers\build\config\analysislevel_10_default.globalconfig" /analyzer:"C:\Program Files\dotnet\sdk\10.0.103\Sdks\Microsoft.NET.Sdk\targets\..\analyzers\Microsoft.CodeAnalysis.CSharp.NetAnalyzers.dll" /analyzer:"C:\Program Files\dotnet\sdk\10.0.103\Sdks\Microsoft.NET.Sdk\targets\..\analyzers\Microsoft.CodeAnalysis.NetAnalyzers.dll" /analyzer:"C:\Program Files\dotnet\packs\Microsoft.NETCore.App.Ref\10.0.3\analyzers/dotnet/cs/Microsoft.Interop.ComInterfaceGenerator.dll" /analyzer:"C:\Program Files\dotnet\packs\Microsoft.NETCore.App.Ref\10.0.3\analyzers/dotnet/cs/Microsoft.Interop.JavaScript.JSImportGenerator.dll" /analyzer:"C:\Program Files\dotnet\packs\Microsoft.NETCore.App.Ref\10.0.3\analyzers/dotnet/cs/Microsoft.Interop.LibraryImportGenerator.dll" /analyzer:"C:\Program Files\dotnet\packs\Microsoft.NETCore.App.Ref\10.0.3\analyzers/dotnet/cs/Microsoft.Interop.SourceGeneration.dll" /analyzer:"C:\Program Files\dotnet\packs\Microsoft.NETCore.App.Ref\10.0.3\analyzers/dotnet/cs/System.Text.Json.SourceGeneration.dll" /analyzer:"C:\Program Files\dotnet\packs\Microsoft.NETCore.App.Ref\10.0.3\analyzers/dotnet/cs/System.Text.RegularExpressions.Generator.dll" /analyzer:"C:\Program Files\dotnet\packs\Microsoft.WindowsDesktop.App.Ref\10.0.3\analyzers/dotnet/System.Windows.Forms.Analyzers.dll" /analyzer:"C:\Program Files\dotnet\packs\Microsoft.WindowsDesktop.App.Ref\10.0.3\analyzers/dotnet/cs/System.Windows.Forms.Analyzers.CSharp.dll" /analyzer:"C:\Program Files\dotnet\packs\Microsoft.WindowsDesktop.App.Ref\10.0.3\analyzers/dotnet/cs/System.Windows.Forms.Analyzers.CodeFixes.CSharp.dll" App.xaml.cs AssemblyInfo.cs CodeReviewViewModel.cs ColorToBrushConverter.cs DashboardViewModel.cs Helpers\InverseBooleanConverter.cs Helpers\InverseBooleanToVisibilityConverter.cs HelpViewModel.cs InternalReleaseViewModel.cs LogsViewModel.cs MainWindow.xaml.cs MainWindowViewModel.cs RelayCommand.cs ScriptItemViewModel.cs Security\SecurityHelper.cs SettingsViewModel.cs TemplateEditorViewModel.cs ViewModels\Dialogs\SuccessDialogViewModel.cs ViewModels\ReleaseDetailsViewModel.cs Views\CodeReviewView.xaml.cs Views\DashboardView.xaml.cs Views\Dialogs\ConfirmationDialog.xaml.cs Views\Dialogs\InfoDialog.xaml.cs Views\Dialogs\InternalReleaseDialog.xaml.cs Views\Dialogs\InternalReleaseDialogViewModel.cs Views\Dialogs\LoginDialog.xaml.cs Views\Dialogs\ReleaseDetailsDialog.xaml.cs Views\Dialogs\SuccessDialog.xaml.cs Views\HelpView.xaml.cs Views\InternalReleaseView.xaml.cs Views\JiraLoginWindow.xaml.cs Views\LogsView.xaml.cs Views\SettingsView.xaml.cs Views\TemplateEditorView.xaml.cs c:\Apps\TicketConsolidator\src\TicketConsolidator.UI\obj\Debug\net10.0-windows\MainWindow.g.cs c:\Apps\TicketConsolidator\src\TicketConsolidator.UI\obj\Debug\net10.0-windows\Views\CodeReviewView.g.cs c:\Apps\TicketConsolidator\src\TicketConsolidator.UI\obj\Debug\net10.0-windows\Views\DashboardView.g.cs c:\Apps\TicketConsolidator\src\TicketConsolidator.UI\obj\Debug\net10.0-windows\Views\Dialogs\ConfirmationDialog.g.cs c:\Apps\TicketConsolidator\src\TicketConsolidator.UI\obj\Debug\net10.0-windows\Views\Dialogs\InfoDialog.g.cs c:\Apps\TicketConsolidator\src\TicketConsolidator.UI\obj\Debug\net10.0-windows\Views\Dialogs\InternalReleaseDialog.g.cs c:\Apps\TicketConsolidator\src\TicketConsolidator.UI\obj\Debug\net10.0-windows\Views\Dialogs\LoginDialog.g.cs c:\Apps\TicketConsolidator\src\TicketConsolidator.UI\obj\Debug\net10.0-windows\Views\Dialogs\ReleaseDetailsDialog.g.cs c:\Apps\TicketConsolidator\src\TicketConsolidator.UI\obj\Debug\net10.0-windows\Views\Dialogs\SuccessDialog.g.cs c:\Apps\TicketConsolidator\src\TicketConsolidator.UI\obj\Debug\net10.0-windows\Views\HelpView.g.cs c:\Apps\TicketConsolidator\src\TicketConsolidator.UI\obj\Debug\net10.0-windows\Views\InternalReleaseView.g.cs c:\Apps\TicketConsolidator\src\TicketConsolidator.UI\obj\Debug\net10.0-windows\Views\JiraLoginWindow.g.cs c:\Apps\TicketConsolidator\src\TicketConsolidator.UI\obj\Debug\net10.0-windows\Views\LogsView.g.cs c:\Apps\TicketConsolidator\src\TicketConsolidator.UI\obj\Debug\net10.0-windows\Views\SettingsView.g.cs c:\Apps\TicketConsolidator\src\TicketConsolidator.UI\obj\Debug\net10.0-windows\Views\TemplateEditorView.g.cs c:\Apps\TicketConsolidator\src\TicketConsolidator.UI\obj\Debug\net10.0-windows\App.g.cs c:\Apps\TicketConsolidator\src\TicketConsolidator.UI\obj\Debug\net10.0-windows\TicketConsolidator.UI_Content.g.cs c:\Apps\TicketConsolidator\src\TicketConsolidator.UI\obj\Debug\net10.0-windows\GeneratedInternalTypeHelper.g.cs "obj\Debug\net10.0-windows\.NETCoreApp,Version=v10.0.AssemblyAttributes.cs" obj\Debug\net10.0-windows\TicketConsolidator.UI_bqhhcq12_wpftmp.AssemblyInfo.cs obj\Debug\net10.0-windows\TicketConsolidator.UI_bqhhcq12_wpftmp.GlobalUsings.g.cs /warnaserror+:NU1605,SYSLIB0011'
         Attempt to open named pipe 'KAf4MV69qnZjJ+635MKgymKFcDvrC49Kc2IUBqySrF8'
         Attempt to connect named pipe 'KAf4MV69qnZjJ+635MKgymKFcDvrC49Kc2IUBqySrF8'
         Named pipe 'KAf4MV69qnZjJ+635MKgymKFcDvrC49Kc2IUBqySrF8' connected
         Begin writing request for TicketConsolidator.UI_bqhhcq12_wpftmp (net10.0-windows)
         End writing request for TicketConsolidator.UI_bqhhcq12_wpftmp (net10.0-windows)
         Begin reading response for TicketConsolidator.UI_bqhhcq12_wpftmp (net10.0-windows)
         End reading response for TicketConsolidator.UI_bqhhcq12_wpftmp (net10.0-windows)
         Microsoft (R) Visual C# Compiler version 5.0.0-2.26075.103 (c2435c3e)
         Copyright (C) Microsoft Corporation. All rights reserved.
     8>c:\Apps\TicketConsolidator\src\TicketConsolidator.UI\Views\HelpView.xaml(199,50): warning CS0108: 'HelpView.Cursor' hides inherited member 'FrameworkElement.Cursor'. Use the new keyword if hiding was intended. [c:\Apps\TicketConsolidator\src\TicketConsolidator.UI\TicketConsolidator.UI_bqhhcq12_wpftmp.csproj]
     8>c:\Apps\TicketConsolidator\src\TicketConsolidator.UI\InternalReleaseViewModel.cs(37,41): error CS0019: Operator '>' cannot be applied to operands of type 'method group' and 'int' [c:\Apps\TicketConsolidator\src\TicketConsolidator.UI\TicketConsolidator.UI_bqhhcq12_wpftmp.csproj]
         CompilerServer: server - server processed compilation - TicketConsolidator.UI_bqhhcq12_wpftmp (net10.0-windows)
       Done executing task "Csc" -- FAILED.
     8>Done building target "CoreCompile" in project "TicketConsolidator.UI_bqhhcq12_wpftmp.csproj" -- FAILED.
     8>Done Building Project "c:\Apps\TicketConsolidator\src\TicketConsolidator.UI\TicketConsolidator.UI_bqhhcq12_wpftmp.csproj" (_CompileTemporaryAssembly target(s)) -- FAILED.
   5:6>Done executing task "GenerateTemporaryTargetAssembly" -- FAILED.
   5:6>Done building target "GenerateTemporaryTargetAssembly" in project "TicketConsolidator.UI.csproj" -- FAILED.
   5:6>Target "_CheckForCompileOutputs" in file "C:\Program Files\dotnet\sdk\10.0.103\Microsoft.Common.CurrentVersion.targets" from project "c:\Apps\TicketConsolidator\src\TicketConsolidator.UI\TicketConsolidator.UI.csproj" (target "_CleanGetCurrentAndPriorFileWrites" depends on it):
   5:6>Done building target "_CheckForCompileOutputs" in project "TicketConsolidator.UI.csproj".
   5:6>Target "_CleanGetCurrentAndPriorFileWrites" in file "C:\Program Files\dotnet\sdk\10.0.103\Microsoft.Common.CurrentVersion.targets" from project "c:\Apps\TicketConsolidator\src\TicketConsolidator.UI\TicketConsolidator.UI.csproj" (target "_CleanRecordFileWrites" depends on it):
       Using "ReadLinesFromFile" task from assembly "Microsoft.Build.Tasks.Core, Version=15.1.0.0, Culture=neutral, PublicKeyToken=b03f5f7f11d50a3a".
       Task "ReadLinesFromFile"
       Done executing task "ReadLinesFromFile".
       Task "ConvertToAbsolutePath"
       Done executing task "ConvertToAbsolutePath".
       Using "FindUnderPath" task from assembly "Microsoft.Build.Tasks.Core, Version=15.1.0.0, Culture=neutral, PublicKeyToken=b03f5f7f11d50a3a".
       Task "FindUnderPath"
         Comparison path is "c:\Apps\TicketConsolidator\src\TicketConsolidator.UI".
       Done executing task "FindUnderPath".
       Task "FindUnderPath"
         Comparison path is "bin\Debug\net10.0-windows\".
       Done executing task "FindUnderPath".
       Task "FindUnderPath"
         Comparison path is "obj\Debug\net10.0-windows\".
       Done executing task "FindUnderPath".
       Task "RemoveDuplicates"
       Done executing task "RemoveDuplicates".
   5:6>Done building target "_CleanGetCurrentAndPriorFileWrites" in project "TicketConsolidator.UI.csproj".
   5:6>Target "_CleanRecordFileWrites" in file "C:\Program Files\dotnet\sdk\10.0.103\Microsoft.Common.CurrentVersion.targets" from project "c:\Apps\TicketConsolidator\src\TicketConsolidator.UI\TicketConsolidator.UI.csproj" (target "CoreBuild" depends on it):
       Task "RemoveDuplicates"
       Done executing task "RemoveDuplicates".
       Task "MakeDir"
       Done executing task "MakeDir".
       Task "WriteLinesToFile"
         Skipping write to file "obj\Debug\net10.0-windows\TicketConsolidator.UI.csproj.FileListAbsolute.txt" because content would not change.
       Done executing task "WriteLinesToFile".
   5:6>Done building target "_CleanRecordFileWrites" in project "TicketConsolidator.UI.csproj".
   5:6>Done Building Project "c:\Apps\TicketConsolidator\src\TicketConsolidator.UI\TicketConsolidator.UI.csproj" (default targets) -- FAILED.
   1:2>Done executing task "MSBuild" -- FAILED.
   1:2>Done building target "Build" in project "TicketConsolidator.sln" -- FAILED.
   1:2>Done Building Project "c:\Apps\TicketConsolidator\TicketConsolidator.sln" (default targets) -- FAILED.

Build FAILED.

       "c:\Apps\TicketConsolidator\TicketConsolidator.sln" (Restore target) (1) ->
       (Restore target) -> 
         c:\Apps\TicketConsolidator\src\TicketConsolidator.Infrastructure\TicketConsolidator.Infrastructure.csproj : warning NU1510: PackageReference System.Security.Cryptography.ProtectedData will not be pruned. Consider removing this package from your dependencies, as it is likely unnecessary. [c:\Apps\TicketConsolidator\TicketConsolidator.sln]


       "c:\Apps\TicketConsolidator\TicketConsolidator.sln" (default target) (1:2) ->
       "c:\Apps\TicketConsolidator\src\TicketConsolidator.Infrastructure\TicketConsolidator.Infrastructure.csproj" (default target) (4:9) ->
       (ResolvePackageAssets target) -> 
         c:\Apps\TicketConsolidator\src\TicketConsolidator.Infrastructure\TicketConsolidator.Infrastructure.csproj : warning NU1510: PackageReference System.Security.Cryptography.ProtectedData will not be pruned. Consider removing this package from your dependencies, as it is likely unnecessary.


       "c:\Apps\TicketConsolidator\TicketConsolidator.sln" (default target) (1:2) ->
       "c:\Apps\TicketConsolidator\src\TicketConsolidator.UI\TicketConsolidator.UI.csproj" (default target) (5:6) ->
       "c:\Apps\TicketConsolidator\src\TicketConsolidator.UI\TicketConsolidator.UI_bqhhcq12_wpftmp.csproj" (_CompileTemporaryAssembly target) (8) ->
       (CoreCompile target) -> 
         c:\Apps\TicketConsolidator\src\TicketConsolidator.UI\Views\HelpView.xaml(199,50): warning CS0108: 'HelpView.Cursor' hides inherited member 'FrameworkElement.Cursor'. Use the new keyword if hiding was intended. [c:\Apps\TicketConsolidator\src\TicketConsolidator.UI\TicketConsolidator.UI_bqhhcq12_wpftmp.csproj]


       "c:\Apps\TicketConsolidator\TicketConsolidator.sln" (default target) (1:2) ->
       "c:\Apps\TicketConsolidator\src\TicketConsolidator.UI\TicketConsolidator.UI.csproj" (default target) (5:6) ->
       "c:\Apps\TicketConsolidator\src\TicketConsolidator.UI\TicketConsolidator.UI_bqhhcq12_wpftmp.csproj" (_CompileTemporaryAssembly target) (8) ->
       (CoreCompile target) -> 
         c:\Apps\TicketConsolidator\src\TicketConsolidator.UI\InternalReleaseViewModel.cs(37,41): error CS0019: Operator '>' cannot be applied to operands of type 'method group' and 'int' [c:\Apps\TicketConsolidator\src\TicketConsolidator.UI\TicketConsolidator.UI_bqhhcq12_wpftmp.csproj]

    3 Warning(s)
    1 Error(s)

Time Elapsed 00:00:03.38
